============================================================
Model-12 dual-reco dualview no_scale (weighted)
Run: checkpoints/reco_teacher_joint_fusion_6model_150k75k150k/model12_dualreco_dualview_feat_noscale_weighted_150k150k300k/model12_dualreco_dualview_feat_noscale_weighted_150k150k300k_seed0
Train path: ./data/train_quarter.h5
Split: train=150000, val=150000, test=300000, n_train_jets=600000
============================================================
 python train_m9_dualreco_dualview_offdrop.py --train_path ./data/train_quarter.h5 --use_train_weights --force_m5_step1 --save_dir checkpoints/reco_teacher_joint_fusion_6model_150k75k150k/model12_dualreco_dualview_feat_noscale_weighted_150k150k300k --run_name model12_dualreco_dualview_feat_noscale_weighted_150k150k300k_seed0 --n_train_jets 600000 --n_train_split 150000 --n_val_split 150000 --n_test_split 300000 --offset_jets 0 --max_constits 100 --num_workers 6 --seed 0 --target_mode feature_ablation --target_feature_ablation no_scale --stageA_epochs 90 --stageA_patience 18 --stageA_kd_temp 2.5 --stageA_lambda_kd 1.0 --stageA_lambda_emb 1.2 --stageA_lambda_tok 0.6 --stageA_lambda_phys 0.2 --stageA_lambda_budget_hinge 0.03 --stageA_budget_eps 0.015 --stageA_budget_weight_floor 1e-4 --stageA_target_tpr 0.50 --stageA_lambda_delta 0.00 --stageA_delta_tau 0.05 --stageA_delta_lambda_fp 3.0 --stageA_loss_norm_ema_decay 0.98 --stageA_loss_norm_eps 1e-6 --added_target_scale 0.90 --target_drop_prob_max 0.0 --target_drop_num_banks 1 --target_drop_bank_cycle_epochs 1 --recoB_epochs 90 --recoB_patience 18 --recoB_lr 3e-4 --recoB_weight_decay 1e-4 --recoB_warmup_epochs 5 --recoB_stage1_epochs 20 --recoB_stage2_epochs 55 --recoB_min_full_scale_epochs 5 --recoB_ratio_count_under_lambda 1.0 --recoB_ratio_count_over_lambda 0.15 --recoB_ratio_count_over_margin_base 4.0 --recoB_ratio_count_over_margin_scale 10.0 --recoB_ratio_count_over_ratio_gamma 0.85 --recoB_ratio_count_over_lambda_floor 0.03 --recoB_ratio_count_eps 0.015 --corrected_weight_floor 0.03 --reco_eval_batch_size 256 --select_metric auc --dual_frozen_epochs 45 --dual_frozen_patience 12 --dual_frozen_batch_size 256 --dual_frozen_lr 3e-4 --dual_frozen_weight_decay 1e-4 --dual_frozen_warmup_epochs 5 --dual_frozen_lambda_rank 0.2 --dual_frozen_rank_tau 0.05 --dual_joint_epochs 12 --dual_joint_patience 6 --dual_joint_batch_size 128 --dual_joint_lr_dual 1e-4 --dual_joint_lr_reco_a 2e-6 --dual_joint_lr_reco_b 2e-6 --dual_joint_weight_decay 1e-4 --dual_joint_warmup_epochs 3 --dual_joint_lambda_rank 0.2 --dual_joint_rank_tau 0.05 --dual_joint_lambda_anchor_a 0.02 --dual_joint_lambda_anchor_b 0.02 --report_target_tpr 0.50 --device cuda
Device: cuda
Save dir: checkpoints/reco_teacher_joint_fusion_6model_150k75k150k/model12_dualreco_dualview_feat_noscale_weighted_150k150k300k/model12_dualreco_dualview_feat_noscale_weighted_150k150k300k_seed0
Loading offline constituents...
Info: using 'weights' from data/train_quarter.h5 as training weights.
Generating pseudo-HLT...
Target mode=feature_ablation, mode=no_scale (HLT input remains full).
Non-priv rho split setup: rho=0.900, mean_true_added_raw(target)=25.090, mean_target_merge=22.581, mean_target_eff=2.509
Computing features...
Split sizes: Train=150000, Val=150000, Test=300000 (custom_counts=True)
STEP 1 override: using full offline features/masks for m5-aligned comparability.

======================================================================
STEP 1: TEACHER + BASELINE
======================================================================
Baseline ep 5: train_auc=0.8906, val_auc=0.8951, val_fpr50=0.033758, best_auc=0.8969, fpr50@best=0.038130
Baseline ep 10: train_auc=0.9026, val_auc=0.9019, val_fpr50=0.030188, best_auc=0.9090, fpr50@best=0.025066
Baseline ep 15: train_auc=0.9105, val_auc=0.8988, val_fpr50=0.030083, best_auc=0.9104, fpr50@best=0.027097
Baseline ep 20: train_auc=0.9191, val_auc=0.9042, val_fpr50=0.028364, best_auc=0.9104, fpr50@best=0.027097
Baseline ep 25: train_auc=0.9262, val_auc=0.9019, val_fpr50=0.027334, best_auc=0.9104, fpr50@best=0.027097
Early stopping Baseline at epoch 29
StageA delta HLT reference @TPR=0.50: threshold_prob=0.846712, val_tpr=0.500013, val_fpr=0.027102
Teacher ep 5: train_auc=0.9268, val_auc=0.9204, val_fpr50=0.022795, best_auc=0.9279, fpr50@best=0.021047
Teacher ep 10: train_auc=0.9384, val_auc=0.9335, val_fpr50=0.018907, best_auc=0.9400, fpr50@best=0.014267
Teacher ep 15: train_auc=0.9446, val_auc=0.9450, val_fpr50=0.011436, best_auc=0.9457, fpr50@best=0.012006
Teacher ep 20: train_auc=0.9505, val_auc=0.9364, val_fpr50=0.013624, best_auc=0.9457, fpr50@best=0.012006
Teacher ep 25: train_auc=0.9579, val_auc=0.9365, val_fpr50=0.013338, best_auc=0.9457, fpr50@best=0.012006
Early stopping Teacher at epoch 29

======================================================================
STEP 2: TRAIN RECO-A (TEACHER-GUIDED STAGE-A)
======================================================================
----------------------------------------------------------------------
Stage-A curriculum: phase_035 | epochs [1,20] | stage_scale=0.35
----------------------------------------------------------------------
Ep 5 [phase_035]: train_total=3.0297, val_total=6.6223, train_teacher_auc=0.8824, val_teacher_auc=0.7253, val_teacher_fpr50=0.175218, best_global_auc=0.8150 | kd=5.2819, emb=0.1780, tok=3.9600, phys=0.3387, budget_hinge=38574.8822, delta=0.0000, delta_gain=0.0000, delta_cost=0.0000, stage_scale=0.35
Ep 10 [phase_035]: train_total=3.0286, val_total=7.3714, train_teacher_auc=0.8913, val_teacher_auc=0.6953, val_teacher_fpr50=0.212823, best_global_auc=0.8150 | kd=5.2811, emb=0.1797, tok=3.9882, phys=0.3068, budget_hinge=37761.9533, delta=0.0000, delta_gain=0.0000, delta_cost=0.0000, stage_scale=0.35
Ep 15 [phase_035]: train_total=3.0296, val_total=7.8095, train_teacher_auc=0.8964, val_teacher_auc=0.6875, val_teacher_fpr50=0.229421, best_global_auc=0.8150 | kd=5.3850, emb=0.1876, tok=4.0103, phys=0.3014, budget_hinge=37760.5323, delta=0.0000, delta_gain=0.0000, delta_cost=0.0000, stage_scale=0.35
Ep 20 [phase_035]: train_total=3.0302, val_total=8.0078, train_teacher_auc=0.8994, val_teacher_auc=0.6386, val_teacher_fpr50=0.290316, best_global_auc=0.8150 | kd=5.5143, emb=0.1836, tok=3.9804, phys=0.2931, budget_hinge=37414.4698, delta=0.0000, delta_gain=0.0000, delta_cost=0.0000, stage_scale=0.35
Early stop within phase_035 at epoch 20 (no_improve=18)
Reloaded best checkpoint for phase_035 (epoch=2, val_auc=0.8150)
----------------------------------------------------------------------
Stage-A curriculum: phase_070 | epochs [21,55] | stage_scale=0.70
----------------------------------------------------------------------
Ep 25 [phase_070]: train_total=3.0288, val_total=3.3850, train_teacher_auc=0.8887, val_teacher_auc=0.8664, val_teacher_fpr50=0.052539, best_global_auc=0.8798 | kd=3.6765, emb=0.0590, tok=3.7623, phys=0.2622, budget_hinge=36146.3984, delta=0.0000, delta_gain=0.0000, delta_cost=0.0000, stage_scale=0.70
Ep 30 [phase_070]: train_total=3.0297, val_total=3.7254, train_teacher_auc=0.8941, val_teacher_auc=0.8715, val_teacher_fpr50=0.054242, best_global_auc=0.8798 | kd=3.7031, emb=0.0665, tok=3.7658, phys=0.2654, budget_hinge=36628.3866, delta=0.0000, delta_gain=0.0000, delta_cost=0.0000, stage_scale=0.70
Ep 35 [phase_070]: train_total=3.0282, val_total=3.7593, train_teacher_auc=0.8975, val_teacher_auc=0.8512, val_teacher_fpr50=0.062345, best_global_auc=0.8867 | kd=3.7289, emb=0.0627, tok=3.7465, phys=0.2583, budget_hinge=36802.5358, delta=0.0000, delta_gain=0.0000, delta_cost=0.0000, stage_scale=0.70
Ep 40 [phase_070]: train_total=3.0290, val_total=3.5975, train_teacher_auc=0.9011, val_teacher_auc=0.8699, val_teacher_fpr50=0.054419, best_global_auc=0.8867 | kd=3.6317, emb=0.0560, tok=3.7512, phys=0.2578, budget_hinge=36263.1437, delta=0.0000, delta_gain=0.0000, delta_cost=0.0000, stage_scale=0.70
Ep 45 [phase_070]: train_total=3.0302, val_total=3.6341, train_teacher_auc=0.9040, val_teacher_auc=0.8752, val_teacher_fpr50=0.050344, best_global_auc=0.8867 | kd=3.6409, emb=0.0564, tok=3.7638, phys=0.2509, budget_hinge=36207.8768, delta=0.0000, delta_gain=0.0000, delta_cost=0.0000, stage_scale=0.70
Ep 50 [phase_070]: train_total=3.0178, val_total=3.5052, train_teacher_auc=0.8991, val_teacher_auc=0.8899, val_teacher_fpr50=0.042407, best_global_auc=0.8899 | kd=3.5807, emb=0.0553, tok=3.7587, phys=0.2676, budget_hinge=36411.6905, delta=0.0000, delta_gain=0.0000, delta_cost=0.0000, stage_scale=0.70
Ep 55 [phase_070]: train_total=3.0289, val_total=3.7772, train_teacher_auc=0.9050, val_teacher_auc=0.8647, val_teacher_fpr50=0.055718, best_global_auc=0.8899 | kd=3.6713, emb=0.0569, tok=3.7527, phys=0.2530, budget_hinge=36293.6821, delta=0.0000, delta_gain=0.0000, delta_cost=0.0000, stage_scale=0.70
Reloaded best checkpoint for phase_070 (epoch=50, val_auc=0.8899)
----------------------------------------------------------------------
Stage-A curriculum: phase_100 | epochs [56,90] | stage_scale=1.00
----------------------------------------------------------------------
Ep 60 [phase_100]: train_total=3.0298, val_total=2.8752, train_teacher_auc=0.9067, val_teacher_auc=0.9079, val_teacher_fpr50=0.029404, best_global_auc=0.9079 | kd=3.4491, emb=0.0328, tok=3.6871, phys=0.2476, budget_hinge=35553.4270, delta=0.0000, delta_gain=0.0000, delta_cost=0.0000, stage_scale=1.00
Ep 65 [phase_100]: train_total=3.0314, val_total=2.9018, train_teacher_auc=0.9076, val_teacher_auc=0.9054, val_teacher_fpr50=0.030392, best_global_auc=0.9079 | kd=3.4494, emb=0.0326, tok=3.6859, phys=0.2500, budget_hinge=35726.1339, delta=0.0000, delta_gain=0.0000, delta_cost=0.0000, stage_scale=1.00
Ep 70 [phase_100]: train_total=3.0178, val_total=3.3596, train_teacher_auc=0.5161, val_teacher_auc=0.5007, val_teacher_fpr50=0.495902, best_global_auc=0.9079 | kd=7.1508, emb=0.3304, tok=3.9321, phys=0.9153, budget_hinge=39518.6414, delta=0.0000, delta_gain=0.0000, delta_cost=0.0000, stage_scale=1.00
Ep 75 [phase_100]: train_total=3.0297, val_total=3.3743, train_teacher_auc=0.5323, val_teacher_auc=0.4840, val_teacher_fpr50=0.521094, best_global_auc=0.9079 | kd=7.2752, emb=0.3448, tok=3.9336, phys=0.9207, budget_hinge=39518.6393, delta=0.0000, delta_gain=0.0000, delta_cost=0.0000, stage_scale=1.00
Early stop within phase_100 at epoch 78 (no_improve=18)
Reloaded best checkpoint for phase_100 (epoch=60, val_auc=0.9079)

======================================================================
STEP 3: TRAIN RECO-B (M2-STYLE MASKED TARGET + RATIO BUDGET)
======================================================================
RecoB ep 5: train_total=4.70649, val_total=10.42772, train_budget_asym=6.96296, val_budget_asym=15.56148, bank=0, best_val=7.75066, stage_best=7.75066
RecoB ep 10: train_total=4.61947, val_total=10.94942, train_budget_asym=6.82726, val_budget_asym=16.36566, bank=0, best_val=7.75066, stage_best=7.75066
RecoB ep 15: train_total=4.43244, val_total=9.93168, train_budget_asym=6.55721, val_budget_asym=14.80255, bank=0, best_val=7.75066, stage_best=7.75066
RecoB ep 20: train_total=4.43436, val_total=11.41690, train_budget_asym=6.56212, val_budget_asym=17.09612, bank=0, best_val=7.75066, stage_best=7.75066
Reloaded best RecoB checkpoint at stage boundary epoch=20 (stage_best_epoch=1, stage_best_val=7.75066)
RecoB ep 25: train_total=4.27591, val_total=4.67299, train_budget_asym=6.34562, val_budget_asym=6.90511, bank=0, best_val=4.57882, stage_best=4.57882
RecoB ep 30: train_total=4.02569, val_total=4.30937, train_budget_asym=5.97318, val_budget_asym=6.41852, bank=0, best_val=4.30937, stage_best=4.30937
RecoB ep 35: train_total=3.98566, val_total=4.38808, train_budget_asym=5.91970, val_budget_asym=6.52848, bank=0, best_val=4.29391, stage_best=4.29391
RecoB ep 40: train_total=3.91006, val_total=4.70777, train_budget_asym=5.80888, val_budget_asym=7.02941, bank=0, best_val=4.19090, stage_best=4.19090
RecoB ep 45: train_total=3.80361, val_total=4.51672, train_budget_asym=5.65012, val_budget_asym=6.73794, bank=0, best_val=4.14510, stage_best=4.14510
RecoB ep 50: train_total=3.78201, val_total=4.38785, train_budget_asym=5.62007, val_budget_asym=6.54122, bank=0, best_val=4.14510, stage_best=4.14510
RecoB ep 55: train_total=3.72022, val_total=4.27345, train_budget_asym=5.52932, val_budget_asym=6.37788, bank=0, best_val=4.14510, stage_best=4.14510
Reloaded best RecoB checkpoint at stage boundary epoch=55 (stage_best_epoch=44, stage_best_val=4.14510)
RecoB ep 60: train_total=3.72543, val_total=4.09362, train_budget_asym=5.53753, val_budget_asym=6.12826, bank=0, best_val=4.09362, stage_best=4.09362
RecoB ep 65: train_total=3.68177, val_total=4.12274, train_budget_asym=5.47485, val_budget_asym=6.17839, bank=0, best_val=4.05267, stage_best=4.05267
RecoB ep 70: train_total=3.61189, val_total=4.13527, train_budget_asym=5.37018, val_budget_asym=6.19761, bank=0, best_val=4.04353, stage_best=4.04353
RecoB ep 75: train_total=3.61047, val_total=4.09997, train_budget_asym=5.36862, val_budget_asym=6.14127, bank=0, best_val=4.04353, stage_best=4.04353
RecoB ep 80: train_total=3.57304, val_total=4.13794, train_budget_asym=5.31128, val_budget_asym=6.19957, bank=0, best_val=4.04353, stage_best=4.04353
RecoB ep 85: train_total=3.55735, val_total=4.05378, train_budget_asym=5.28877, val_budget_asym=6.07255, bank=0, best_val=4.04353, stage_best=4.04353
Early stopping RecoB at epoch 86

======================================================================
STEP 4: DUALVIEW TAGGER (FROZEN RECO-A + RECO-B)
======================================================================
DualFrozen ep 5: train_loss=0.45458 (cls=0.39195, rank=0.31316) | val_auc=0.9048, val_fpr50=0.028553, best_sel=0.905268
DualFrozen ep 10: train_loss=0.44857 (cls=0.38604, rank=0.31264) | val_auc=0.8977, val_fpr50=0.033432, best_sel=0.905268
DualFrozen ep 15: train_loss=0.44336 (cls=0.38107, rank=0.31144) | val_auc=0.9035, val_fpr50=0.030290, best_sel=0.906848
DualFrozen ep 20: train_loss=0.43573 (cls=0.37301, rank=0.31360) | val_auc=0.9076, val_fpr50=0.027978, best_sel=0.907574
DualFrozen ep 25: train_loss=0.43025 (cls=0.36760, rank=0.31326) | val_auc=0.9009, val_fpr50=0.031665, best_sel=0.907574
DualFrozen ep 30: train_loss=0.41937 (cls=0.35636, rank=0.31507) | val_auc=0.9024, val_fpr50=0.030923, best_sel=0.907574
Early stopping DualFrozen at epoch 32
DualFrozen: val_auc=0.9076, val_fpr50=0.027978 | test_auc=0.9060, test_fpr50=0.029143

======================================================================
STEP 5: DUALVIEW JOINT FINETUNE (UNFREEZE RECO-A + RECO-B)
======================================================================
DualJoint ep 2: train_loss=26.20709 (cls=0.39756, rank=0.31511, anchorA=1283.68349, anchorB=3.64162) | val_auc=0.8956, val_fpr50=0.034050, best_sel=0.904250
DualJoint ep 4: train_loss=24.17260 (cls=0.41159, rank=0.31410, anchorA=1181.24865, anchorB=3.66061) | val_auc=0.9070, val_fpr50=0.027264, best_sel=0.907008
DualJoint ep 6: train_loss=23.96768 (cls=0.39155, rank=0.31369, anchorA=1172.01544, anchorB=3.65417) | val_auc=0.9056, val_fpr50=0.028229, best_sel=0.907008
DualJoint ep 8: train_loss=24.14540 (cls=0.38775, rank=0.31300, anchorA=1181.12438, anchorB=3.62810) | val_auc=0.9071, val_fpr50=0.028823, best_sel=0.908110
DualJoint ep 10: train_loss=23.97709 (cls=0.38386, rank=0.31370, anchorA=1172.85475, anchorB=3.67003) | val_auc=0.9080, val_fpr50=0.026174, best_sel=0.908110
DualJoint ep 12: train_loss=24.00093 (cls=0.38164, rank=0.31235, anchorA=1174.22760, anchorB=3.61333) | val_auc=0.9073, val_fpr50=0.027759, best_sel=0.908110
DualJoint: val_auc=0.9081, val_fpr50=0.027378 | test_auc=0.9064, test_fpr50=0.029118

======================================================================
SUMMARY
======================================================================
HLT AUC (val/test): 0.9104 / 0.9088
Teacher AUC (val/test): 0.9457 / 0.9454
DualFrozen AUC (val/test): 0.9076 / 0.9060
DualJoint AUC (val/test): 0.9081 / 0.9064
FPR@50 HLT / Teacher / DualFrozen / DualJoint (test): 0.027155 / 0.012820 / 0.029143 / 0.029118

Saved dual-reco dualview results to: checkpoints/reco_teacher_joint_fusion_6model_150k75k150k/model12_dualreco_dualview_feat_noscale_weighted_150k150k300k/model12_dualreco_dualview_feat_noscale_weighted_150k150k300k_seed0
Done: checkpoints/reco_teacher_joint_fusion_6model_150k75k150k/model12_dualreco_dualview_feat_noscale_weighted_150k150k300k/model12_dualreco_dualview_feat_noscale_weighted_150k150k300k_seed0
