============================================================
Model-12 dual-reco dualview no_scale (weighted)
Run: checkpoints/reco_teacher_joint_fusion_6model_150k75k150k/model12_dualreco_dualview_feat_noscale_weighted_500k300k500k/model12_dualreco_dualview_feat_noscale_weighted_500k300k500k_seed0
Train path: ./data/train_quarter.h5
Split: train=500000, val=300000, test=500000, n_train_jets=1300000
============================================================
 python train_m9_dualreco_dualview_offdrop.py --train_path ./data/train_quarter.h5 --use_train_weights --save_dir checkpoints/reco_teacher_joint_fusion_6model_150k75k150k/model12_dualreco_dualview_feat_noscale_weighted_500k300k500k --run_name model12_dualreco_dualview_feat_noscale_weighted_500k300k500k_seed0 --n_train_jets 1300000 --n_train_split 500000 --n_val_split 300000 --n_test_split 500000 --offset_jets 0 --max_constits 100 --num_workers 6 --seed 0 --target_mode feature_ablation --target_feature_ablation no_scale --stageA_epochs 90 --stageA_patience 18 --stageA_kd_temp 2.5 --stageA_lambda_kd 1.0 --stageA_lambda_emb 1.2 --stageA_lambda_tok 0.6 --stageA_lambda_phys 0.2 --stageA_lambda_budget_hinge 0.03 --stageA_budget_eps 0.015 --stageA_budget_weight_floor 1e-4 --stageA_target_tpr 0.50 --stageA_lambda_delta 0.00 --stageA_delta_tau 0.05 --stageA_delta_lambda_fp 3.0 --stageA_loss_norm_ema_decay 0.98 --stageA_loss_norm_eps 1e-6 --added_target_scale 0.90 --target_drop_prob_max 0.0 --target_drop_num_banks 1 --target_drop_bank_cycle_epochs 1 --recoB_epochs 90 --recoB_patience 18 --recoB_lr 3e-4 --recoB_weight_decay 1e-4 --recoB_warmup_epochs 5 --recoB_stage1_epochs 20 --recoB_stage2_epochs 55 --recoB_min_full_scale_epochs 5 --recoB_ratio_count_under_lambda 1.0 --recoB_ratio_count_over_lambda 0.15 --recoB_ratio_count_over_margin_base 4.0 --recoB_ratio_count_over_margin_scale 10.0 --recoB_ratio_count_over_ratio_gamma 0.85 --recoB_ratio_count_over_lambda_floor 0.03 --recoB_ratio_count_eps 0.015 --corrected_weight_floor 0.03 --reco_eval_batch_size 256 --select_metric auc --dual_frozen_epochs 45 --dual_frozen_patience 12 --dual_frozen_batch_size 256 --dual_frozen_lr 3e-4 --dual_frozen_weight_decay 1e-4 --dual_frozen_warmup_epochs 5 --dual_frozen_lambda_rank 0.2 --dual_frozen_rank_tau 0.05 --dual_joint_epochs 12 --dual_joint_patience 6 --dual_joint_batch_size 128 --dual_joint_lr_dual 1e-4 --dual_joint_lr_reco_a 2e-6 --dual_joint_lr_reco_b 2e-6 --dual_joint_weight_decay 1e-4 --dual_joint_warmup_epochs 3 --dual_joint_lambda_rank 0.2 --dual_joint_rank_tau 0.05 --dual_joint_lambda_anchor_a 0.02 --dual_joint_lambda_anchor_b 0.02 --report_target_tpr 0.50 --device cuda
Device: cuda
Save dir: checkpoints/reco_teacher_joint_fusion_6model_150k75k150k/model12_dualreco_dualview_feat_noscale_weighted_500k300k500k/model12_dualreco_dualview_feat_noscale_weighted_500k300k500k_seed0
Loading offline constituents...
Info: using 'weights' from data/train_quarter.h5 as training weights.
Generating pseudo-HLT...
Target mode=feature_ablation, mode=no_scale (HLT input remains full).
Non-priv rho split setup: rho=0.900, mean_true_added_raw(target)=25.099, mean_target_merge=22.589, mean_target_eff=2.510
Computing features...
Split sizes: Train=500000, Val=300000, Test=500000 (custom_counts=True)

======================================================================
STEP 1: TEACHER + BASELINE
======================================================================
Baseline ep 5: train_auc=0.9094, val_auc=0.9002, val_fpr50=0.032125, best_auc=0.9003, fpr50@best=0.031782
Baseline ep 10: train_auc=0.9190, val_auc=0.8964, val_fpr50=0.033861, best_auc=0.9011, fpr50@best=0.030494
Baseline ep 15: train_auc=0.9255, val_auc=0.8997, val_fpr50=0.030438, best_auc=0.9045, fpr50@best=0.028237
Baseline ep 20: train_auc=0.9304, val_auc=0.9024, val_fpr50=0.029366, best_auc=0.9045, fpr50@best=0.028237
Baseline ep 25: train_auc=0.9376, val_auc=0.8998, val_fpr50=0.030468, best_auc=0.9045, fpr50@best=0.028237
Early stopping Baseline at epoch 28
StageA delta HLT reference @TPR=0.50: threshold_prob=0.843347, val_tpr=0.499990, val_fpr=0.040617
Teacher ep 5: train_auc=0.8509, val_auc=0.8256, val_fpr50=0.109724, best_auc=0.8281, fpr50@best=0.106500
Teacher ep 10: train_auc=0.8678, val_auc=0.8357, val_fpr50=0.102423, best_auc=0.8357, fpr50@best=0.102423
Teacher ep 15: train_auc=0.8776, val_auc=0.8289, val_fpr50=0.107595, best_auc=0.8357, fpr50@best=0.102423
Teacher ep 20: train_auc=0.8869, val_auc=0.8146, val_fpr50=0.121072, best_auc=0.8357, fpr50@best=0.102423
Teacher ep 25: train_auc=0.8977, val_auc=0.8155, val_fpr50=0.115109, best_auc=0.8357, fpr50@best=0.102423
Early stopping Teacher at epoch 25

======================================================================
STEP 2: TRAIN RECO-A (TEACHER-GUIDED STAGE-A)
======================================================================
----------------------------------------------------------------------
Stage-A curriculum: phase_035 | epochs [1,20] | stage_scale=0.35
----------------------------------------------------------------------
Ep 5 [phase_035]: train_total=3.0296, val_total=13.2980, train_teacher_auc=0.6985, val_teacher_auc=0.4857, val_teacher_fpr50=0.541689, best_global_auc=0.5273 | kd=4.4743, emb=0.0927, tok=3.8693, phys=0.3247, budget_hinge=34190.1134, delta=0.0000, delta_gain=0.0000, delta_cost=0.0000, stage_scale=0.35
Ep 10 [phase_035]: train_total=3.0297, val_total=11.6897, train_teacher_auc=0.7050, val_teacher_auc=0.4809, val_teacher_fpr50=0.550136, best_global_auc=0.5273 | kd=4.4255, emb=0.0699, tok=3.8662, phys=0.3256, budget_hinge=34402.0754, delta=0.0000, delta_gain=0.0000, delta_cost=0.0000, stage_scale=0.35
Ep 15 [phase_035]: train_total=3.0295, val_total=9.4282, train_teacher_auc=0.7073, val_teacher_auc=0.4967, val_teacher_fpr50=0.518362, best_global_auc=0.5273 | kd=4.3057, emb=0.0515, tok=3.8658, phys=0.3141, budget_hinge=34357.7527, delta=0.0000, delta_gain=0.0000, delta_cost=0.0000, stage_scale=0.35
