============================================================
Model-15 HIGH dual-reco dualview (weighted)
Run: checkpoints/reco_teacher_joint_fusion_6model_150k75k150k/model15_dualreco_dualview_offdrop_high_weighted_150k150k300k/model15_dualreco_dualview_offdrop_high_weighted_150k150k300k_seed0
Train path: ./data/train_quarter.h5
Split: train=150000, val=150000, test=300000, n_train_jets=600000
offdrop_prob_max=0.70
============================================================
 python train_m9_dualreco_dualview_offdrop.py --train_path ./data/train_quarter.h5 --use_train_weights --force_m5_step1 --save_dir checkpoints/reco_teacher_joint_fusion_6model_150k75k150k/model15_dualreco_dualview_offdrop_high_weighted_150k150k300k --run_name model15_dualreco_dualview_offdrop_high_weighted_150k150k300k_seed0 --n_train_jets 600000 --n_train_split 150000 --n_val_split 150000 --n_test_split 300000 --offset_jets 0 --max_constits 100 --num_workers 6 --seed 0 --teacher_use_offline_dropout --teacher_drop_prob_max 0.70 --teacher_drop_warmup_epochs 20 --teacher_drop_mode deterministic_bank --teacher_drop_num_banks 3 --teacher_drop_bank_cycle_epochs 1 --teacher_lambda_drop_cls 1.0 --teacher_use_consistency --teacher_consistency_temp 2.0 --teacher_lambda_consistency 0.2 --stageA_epochs 90 --stageA_patience 18 --stageA_kd_temp 2.5 --stageA_lambda_kd 5.0 --stageA_lambda_emb 0.0 --stageA_lambda_tok 0.0 --stageA_lambda_phys 0.05 --stageA_lambda_budget_hinge 1.0 --stageA_budget_eps 0.015 --stageA_budget_weight_floor 1e-4 --stageA_target_tpr 0.50 --stageA_lambda_delta 0.15 --stageA_delta_tau 0.05 --stageA_delta_lambda_fp 3.0 --stageA_loss_norm_ema_decay 0.98 --stageA_loss_norm_eps 1e-6 --added_target_scale 0.90 --target_drop_prob_max 0.70 --target_drop_num_banks 3 --target_drop_bank_cycle_epochs 1 --recoB_epochs 90 --recoB_patience 18 --recoB_lr 3e-4 --recoB_weight_decay 1e-4 --recoB_warmup_epochs 5 --recoB_stage1_epochs 20 --recoB_stage2_epochs 55 --recoB_min_full_scale_epochs 5 --recoB_ratio_count_under_lambda 1.0 --recoB_ratio_count_over_lambda 0.25 --recoB_ratio_count_over_margin_base 2.0 --recoB_ratio_count_over_margin_scale 6.0 --recoB_ratio_count_over_ratio_gamma 0.70 --recoB_ratio_count_over_lambda_floor 0.05 --recoB_ratio_count_eps 0.015 --corrected_weight_floor 0.03 --reco_eval_batch_size 256 --select_metric auc --dual_frozen_epochs 45 --dual_frozen_patience 12 --dual_frozen_batch_size 256 --dual_frozen_lr 3e-4 --dual_frozen_weight_decay 1e-4 --dual_frozen_warmup_epochs 5 --dual_frozen_lambda_rank 0.2 --dual_frozen_rank_tau 0.05 --dual_joint_epochs 12 --dual_joint_patience 6 --dual_joint_batch_size 128 --dual_joint_lr_dual 1e-4 --dual_joint_lr_reco_a 2e-6 --dual_joint_lr_reco_b 2e-6 --dual_joint_weight_decay 1e-4 --dual_joint_warmup_epochs 3 --dual_joint_lambda_rank 0.2 --dual_joint_rank_tau 0.05 --dual_joint_lambda_anchor_a 0.02 --dual_joint_lambda_anchor_b 0.02 --report_target_tpr 0.50 --device cuda
Device: cuda
Save dir: checkpoints/reco_teacher_joint_fusion_6model_150k75k150k/model15_dualreco_dualview_offdrop_high_weighted_150k150k300k/model15_dualreco_dualview_offdrop_high_weighted_150k150k300k_seed0
Loading offline constituents...
Info: using 'weights' from data/train_quarter.h5 as training weights.
Generating pseudo-HLT...
Non-priv rho split setup: rho=0.900, mean_true_added_raw(target)=25.090, mean_target_merge=22.581, mean_target_eff=2.509
Computing features...
Split sizes: Train=150000, Val=150000, Test=300000 (custom_counts=True)
STEP 1 override: --force_m5_step1 enabled, ignoring --teacher_use_offline_dropout.

======================================================================
STEP 1: TEACHER + BASELINE
======================================================================
Baseline ep 5: train_auc=0.8906, val_auc=0.8951, val_fpr50=0.033758, best_auc=0.8969, fpr50@best=0.038130
Baseline ep 10: train_auc=0.9026, val_auc=0.9019, val_fpr50=0.030188, best_auc=0.9090, fpr50@best=0.025066
Baseline ep 15: train_auc=0.9105, val_auc=0.8988, val_fpr50=0.030083, best_auc=0.9104, fpr50@best=0.027097
Baseline ep 20: train_auc=0.9191, val_auc=0.9042, val_fpr50=0.028364, best_auc=0.9104, fpr50@best=0.027097
Baseline ep 25: train_auc=0.9262, val_auc=0.9019, val_fpr50=0.027334, best_auc=0.9104, fpr50@best=0.027097
Early stopping Baseline at epoch 29
StageA delta HLT reference @TPR=0.50: threshold_prob=0.846712, val_tpr=0.500013, val_fpr=0.027102
Teacher ep 5: train_auc=0.9268, val_auc=0.9204, val_fpr50=0.022795, best_auc=0.9279, fpr50@best=0.021047
Teacher ep 10: train_auc=0.9384, val_auc=0.9335, val_fpr50=0.018907, best_auc=0.9400, fpr50@best=0.014267
Teacher ep 15: train_auc=0.9446, val_auc=0.9450, val_fpr50=0.011436, best_auc=0.9457, fpr50@best=0.012006
Teacher ep 20: train_auc=0.9505, val_auc=0.9364, val_fpr50=0.013624, best_auc=0.9457, fpr50@best=0.012006
Teacher ep 25: train_auc=0.9579, val_auc=0.9365, val_fpr50=0.013338, best_auc=0.9457, fpr50@best=0.012006
Early stopping Teacher at epoch 29

======================================================================
STEP 2: TRAIN RECO-A (TEACHER-GUIDED STAGE-A)
======================================================================
----------------------------------------------------------------------
Stage-A curriculum: phase_035 | epochs [1,20] | stage_scale=0.35
----------------------------------------------------------------------
Ep 5 [phase_035]: train_total=6.0754, val_total=8.9891, train_teacher_auc=0.8914, val_teacher_auc=0.7194, val_teacher_fpr50=0.163766, best_global_auc=0.8057 | kd=5.7063, emb=0.1906, tok=3.8267, phys=0.3804, budget_hinge=29456.1238, delta=0.7937, delta_gain=0.2496, delta_cost=0.3478, stage_scale=0.35
Ep 10 [phase_035]: train_total=6.0724, val_total=8.7475, train_teacher_auc=0.9027, val_teacher_auc=0.7591, val_teacher_fpr50=0.131231, best_global_auc=0.8057 | kd=5.4491, emb=0.1760, tok=3.8022, phys=0.3671, budget_hinge=29805.3731, delta=0.7335, delta_gain=0.2504, delta_cost=0.3280, stage_scale=0.35
Ep 15 [phase_035]: train_total=6.0710, val_total=8.3268, train_teacher_auc=0.9078, val_teacher_auc=0.7601, val_teacher_fpr50=0.137579, best_global_auc=0.8057 | kd=5.1121, emb=0.1598, tok=3.8068, phys=0.3572, budget_hinge=30048.9200, delta=0.6986, delta_gain=0.2449, delta_cost=0.3145, stage_scale=0.35
Ep 20 [phase_035]: train_total=6.0695, val_total=8.6196, train_teacher_auc=0.9126, val_teacher_auc=0.7332, val_teacher_fpr50=0.149617, best_global_auc=0.8057 | kd=5.3032, emb=0.1685, tok=3.8063, phys=0.3157, budget_hinge=30287.6583, delta=0.7011, delta_gain=0.2444, delta_cost=0.3152, stage_scale=0.35
Early stop within phase_035 at epoch 20 (no_improve=18)
Reloaded best checkpoint for phase_035 (epoch=2, val_auc=0.8057)
----------------------------------------------------------------------
Stage-A curriculum: phase_070 | epochs [21,55] | stage_scale=0.70
----------------------------------------------------------------------
Ep 25 [phase_070]: train_total=6.0731, val_total=6.0660, train_teacher_auc=0.8975, val_teacher_auc=0.9026, val_teacher_fpr50=0.034993, best_global_auc=0.9054 | kd=3.6628, emb=0.1105, tok=3.7079, phys=0.2735, budget_hinge=29317.4640, delta=0.2634, delta_gain=0.2082, delta_cost=0.1572, stage_scale=0.70
Ep 30 [phase_070]: train_total=6.0701, val_total=6.0975, train_teacher_auc=0.9048, val_teacher_auc=0.9057, val_teacher_fpr50=0.032895, best_global_auc=0.9057 | kd=3.6364, emb=0.1075, tok=3.6997, phys=0.2723, budget_hinge=29367.8238, delta=0.2473, delta_gain=0.2078, delta_cost=0.1517, stage_scale=0.70
Ep 35 [phase_070]: train_total=6.0708, val_total=6.2690, train_teacher_auc=0.9084, val_teacher_auc=0.9077, val_teacher_fpr50=0.030822, best_global_auc=0.9077 | kd=3.7532, emb=0.1097, tok=3.7025, phys=0.2627, budget_hinge=29348.7666, delta=0.3007, delta_gain=0.2214, delta_cost=0.1740, stage_scale=0.70
Ep 40 [phase_070]: train_total=6.0680, val_total=6.2753, train_teacher_auc=0.9128, val_teacher_auc=0.9024, val_teacher_fpr50=0.038477, best_global_auc=0.9091 | kd=3.7245, emb=0.1070, tok=3.7070, phys=0.2504, budget_hinge=29337.8127, delta=0.3082, delta_gain=0.2197, delta_cost=0.1760, stage_scale=0.70
Ep 45 [phase_070]: train_total=6.0679, val_total=6.1819, train_teacher_auc=0.9180, val_teacher_auc=0.9085, val_teacher_fpr50=0.032309, best_global_auc=0.9091 | kd=3.6602, emb=0.1054, tok=3.7005, phys=0.2505, budget_hinge=29365.6812, delta=0.2643, delta_gain=0.2151, delta_cost=0.1598, stage_scale=0.70
Ep 50 [phase_070]: train_total=6.0660, val_total=6.1888, train_teacher_auc=0.9220, val_teacher_auc=0.9030, val_teacher_fpr50=0.037105, best_global_auc=0.9091 | kd=3.6318, emb=0.1074, tok=3.7061, phys=0.2527, budget_hinge=29362.6313, delta=0.2336, delta_gain=0.2079, delta_cost=0.1471, stage_scale=0.70
Early stop within phase_070 at epoch 54 (no_improve=18)
Reloaded best checkpoint for phase_070 (epoch=36, val_auc=0.9091)
----------------------------------------------------------------------
Stage-A curriculum: phase_100 | epochs [56,90] | stage_scale=1.00
----------------------------------------------------------------------
Ep 60 [phase_100]: train_total=6.0692, val_total=5.8198, train_teacher_auc=0.9135, val_teacher_auc=0.9089, val_teacher_fpr50=0.029603, best_global_auc=0.9110 | kd=3.4387, emb=0.1041, tok=3.6965, phys=0.2458, budget_hinge=29236.5095, delta=0.1178, delta_gain=0.1666, delta_cost=0.0948, stage_scale=1.00
Ep 65 [phase_100]: train_total=6.0661, val_total=5.8793, train_teacher_auc=0.9189, val_teacher_auc=0.9089, val_teacher_fpr50=0.028956, best_global_auc=0.9110 | kd=3.4451, emb=0.1055, tok=3.6891, phys=0.2405, budget_hinge=29246.2674, delta=0.1039, delta_gain=0.1655, delta_cost=0.0898, stage_scale=1.00
Ep 70 [phase_100]: train_total=6.0648, val_total=5.9405, train_teacher_auc=0.9229, val_teacher_auc=0.9073, val_teacher_fpr50=0.029732, best_global_auc=0.9110 | kd=3.4622, emb=0.1036, tok=3.6976, phys=0.2387, budget_hinge=29241.2768, delta=0.1131, delta_gain=0.1723, delta_cost=0.0951, stage_scale=1.00
Ep 75 [phase_100]: train_total=6.0656, val_total=5.9259, train_teacher_auc=0.9269, val_teacher_auc=0.9081, val_teacher_fpr50=0.030732, best_global_auc=0.9110 | kd=3.4511, emb=0.1037, tok=3.6891, phys=0.2359, budget_hinge=29251.3926, delta=0.1198, delta_gain=0.1725, delta_cost=0.0974, stage_scale=1.00
Early stop within phase_100 at epoch 77 (no_improve=18)
Reloaded best checkpoint for phase_100 (epoch=59, val_auc=0.9110)

======================================================================
STEP 3: TRAIN RECO-B (M2-STYLE MASKED TARGET + RATIO BUDGET)
======================================================================
RecoB ep 5: train_total=2.31432, val_total=2.50237, train_budget_asym=2.55225, val_budget_asym=2.95655, bank=1, best_val=2.19394, stage_best=2.19394
RecoB ep 10: train_total=2.18547, val_total=2.13274, train_budget_asym=2.46898, val_budget_asym=2.45499, bank=0, best_val=2.13274, stage_best=2.13274
RecoB ep 15: train_total=2.14431, val_total=2.19995, train_budget_asym=2.40964, val_budget_asym=2.57097, bank=2, best_val=2.13274, stage_best=2.13274
RecoB ep 20: train_total=2.08445, val_total=2.15579, train_budget_asym=2.32466, val_budget_asym=2.50996, bank=1, best_val=2.13274, stage_best=2.13274
Reloaded best RecoB checkpoint at stage boundary epoch=20 (stage_best_epoch=10, stage_best_val=2.13274)
RecoB ep 25: train_total=2.13500, val_total=2.04277, train_budget_asym=2.40289, val_budget_asym=2.33787, bank=0, best_val=2.04277, stage_best=2.04277
RecoB ep 30: train_total=2.09986, val_total=2.07709, train_budget_asym=2.35250, val_budget_asym=2.39660, bank=2, best_val=2.03637, stage_best=2.03637
RecoB ep 35: train_total=2.06956, val_total=2.03645, train_budget_asym=2.31330, val_budget_asym=2.33829, bank=1, best_val=2.00656, stage_best=2.00656
RecoB ep 40: train_total=2.06297, val_total=2.05747, train_budget_asym=2.30552, val_budget_asym=2.37138, bank=0, best_val=2.00656, stage_best=2.00656
RecoB ep 45: train_total=2.03582, val_total=2.05651, train_budget_asym=2.26877, val_budget_asym=2.37347, bank=2, best_val=2.00656, stage_best=2.00656
RecoB ep 50: train_total=2.00372, val_total=2.07776, train_budget_asym=2.22320, val_budget_asym=2.41150, bank=1, best_val=2.00231, stage_best=2.00231
RecoB ep 55: train_total=2.01483, val_total=2.02753, train_budget_asym=2.24354, val_budget_asym=2.33594, bank=0, best_val=1.98277, stage_best=1.98277
Reloaded best RecoB checkpoint at stage boundary epoch=55 (stage_best_epoch=51, stage_best_val=1.98277)
RecoB ep 60: train_total=2.00729, val_total=1.96490, train_budget_asym=2.23709, val_budget_asym=2.24163, bank=2, best_val=1.96340, stage_best=1.96340
RecoB ep 65: train_total=2.00096, val_total=1.96972, train_budget_asym=2.23130, val_budget_asym=2.25302, bank=1, best_val=1.94794, stage_best=1.94794
RecoB ep 70: train_total=1.97548, val_total=1.96334, train_budget_asym=2.19323, val_budget_asym=2.24432, bank=0, best_val=1.94794, stage_best=1.94794
RecoB ep 75: train_total=1.95913, val_total=1.97512, train_budget_asym=2.16827, val_budget_asym=2.26218, bank=2, best_val=1.94459, stage_best=1.94459
RecoB ep 80: train_total=1.93048, val_total=1.95585, train_budget_asym=2.12598, val_budget_asym=2.23359, bank=1, best_val=1.94459, stage_best=1.94459
RecoB ep 85: train_total=1.94451, val_total=1.94722, train_budget_asym=2.14688, val_budget_asym=2.21974, bank=0, best_val=1.94459, stage_best=1.94459
RecoB ep 90: train_total=1.95517, val_total=1.94818, train_budget_asym=2.16226, val_budget_asym=2.22149, bank=2, best_val=1.94459, stage_best=1.94459

======================================================================
STEP 4: DUALVIEW TAGGER (FROZEN RECO-A + RECO-B)
======================================================================
DualFrozen ep 5: train_loss=0.43291 (cls=0.37030, rank=0.31306) | val_auc=0.9003, val_fpr50=0.032653, best_sel=0.905803
DualFrozen ep 10: train_loss=0.43302 (cls=0.37035, rank=0.31337) | val_auc=0.9108, val_fpr50=0.026344, best_sel=0.910782
DualFrozen ep 15: train_loss=0.42598 (cls=0.36320, rank=0.31392) | val_auc=0.9086, val_fpr50=0.027022, best_sel=0.912200
DualFrozen ep 20: train_loss=0.42614 (cls=0.36338, rank=0.31381) | val_auc=0.9066, val_fpr50=0.028055, best_sel=0.912200
DualFrozen ep 25: train_loss=0.42371 (cls=0.36092, rank=0.31394) | val_auc=0.9094, val_fpr50=0.027233, best_sel=0.912200
Early stopping DualFrozen at epoch 26
DualFrozen: val_auc=0.9122, val_fpr50=0.025647 | test_auc=0.9111, test_fpr50=0.025789

======================================================================
STEP 5: DUALVIEW JOINT FINETUNE (UNFREEZE RECO-A + RECO-B)
======================================================================
DualJoint ep 2: train_loss=779.71417 (cls=0.38152, rank=0.31426, anchorA=38961.52283, anchorB=1.96784) | val_auc=0.9036, val_fpr50=0.027195, best_sel=0.907990
DualJoint ep 4: train_loss=781.48220 (cls=0.38776, rank=0.31363, anchorA=39049.61182, anchorB=1.97461) | val_auc=0.9012, val_fpr50=0.028778, best_sel=0.907990
DualJoint ep 6: train_loss=783.57475 (cls=0.38145, rank=0.31404, anchorA=39154.57079, anchorB=1.95464) | val_auc=0.9067, val_fpr50=0.026929, best_sel=0.907990
Early stopping DualJoint at epoch 7
DualJoint: val_auc=0.9080, val_fpr50=0.026858 | test_auc=0.9068, test_fpr50=0.027135

======================================================================
SUMMARY
======================================================================
HLT AUC (val/test): 0.9104 / 0.9088
Teacher AUC (val/test): 0.9457 / 0.9454
DualFrozen AUC (val/test): 0.9122 / 0.9111
DualJoint AUC (val/test): 0.9080 / 0.9068
FPR@50 HLT / Teacher / DualFrozen / DualJoint (test): 0.027155 / 0.012820 / 0.025789 / 0.027135

Saved dual-reco dualview results to: checkpoints/reco_teacher_joint_fusion_6model_150k75k150k/model15_dualreco_dualview_offdrop_high_weighted_150k150k300k/model15_dualreco_dualview_offdrop_high_weighted_150k150k300k_seed0
Done: checkpoints/reco_teacher_joint_fusion_6model_150k75k150k/model15_dualreco_dualview_offdrop_high_weighted_150k150k300k/model15_dualreco_dualview_offdrop_high_weighted_150k150k300k_seed0
