============================================================
Model-15 HIGH dual-reco dualview (weighted)
Run: checkpoints/reco_teacher_joint_fusion_6model_150k75k150k/model15_dualreco_dualview_offdrop_high_weighted_150k150k300k/model15_dualreco_dualview_offdrop_high_weighted_150k150k300k_seed0
Train path: ./data/train_quarter.h5
Split: train=150000, val=150000, test=300000, n_train_jets=600000
offdrop_prob_max=0.70
============================================================
 python train_m9_dualreco_dualview_offdrop.py --train_path ./data/train_quarter.h5 --use_train_weights --save_dir checkpoints/reco_teacher_joint_fusion_6model_150k75k150k/model15_dualreco_dualview_offdrop_high_weighted_150k150k300k --run_name model15_dualreco_dualview_offdrop_high_weighted_150k150k300k_seed0 --n_train_jets 600000 --n_train_split 150000 --n_val_split 150000 --n_test_split 300000 --offset_jets 0 --max_constits 100 --num_workers 6 --seed 0 --teacher_use_offline_dropout --teacher_drop_prob_max 0.70 --teacher_drop_warmup_epochs 20 --teacher_drop_mode deterministic_bank --teacher_drop_num_banks 3 --teacher_drop_bank_cycle_epochs 1 --teacher_lambda_drop_cls 1.0 --teacher_use_consistency --teacher_consistency_temp 2.0 --teacher_lambda_consistency 0.2 --stageA_epochs 90 --stageA_patience 18 --stageA_kd_temp 2.5 --stageA_lambda_kd 5.0 --stageA_lambda_emb 0.0 --stageA_lambda_tok 0.0 --stageA_lambda_phys 0.05 --stageA_lambda_budget_hinge 1.0 --stageA_budget_eps 0.015 --stageA_budget_weight_floor 1e-4 --stageA_target_tpr 0.50 --stageA_lambda_delta 0.15 --stageA_delta_tau 0.05 --stageA_delta_lambda_fp 3.0 --stageA_loss_norm_ema_decay 0.98 --stageA_loss_norm_eps 1e-6 --added_target_scale 0.90 --target_drop_prob_max 0.70 --target_drop_num_banks 3 --target_drop_bank_cycle_epochs 1 --recoB_epochs 90 --recoB_patience 18 --recoB_lr 3e-4 --recoB_weight_decay 1e-4 --recoB_warmup_epochs 5 --recoB_stage1_epochs 20 --recoB_stage2_epochs 55 --recoB_min_full_scale_epochs 5 --recoB_ratio_count_under_lambda 1.0 --recoB_ratio_count_over_lambda 0.25 --recoB_ratio_count_over_margin_base 2.0 --recoB_ratio_count_over_margin_scale 6.0 --recoB_ratio_count_over_ratio_gamma 0.70 --recoB_ratio_count_over_lambda_floor 0.05 --recoB_ratio_count_eps 0.015 --corrected_weight_floor 0.03 --reco_eval_batch_size 256 --select_metric auc --dual_frozen_epochs 45 --dual_frozen_patience 12 --dual_frozen_batch_size 256 --dual_frozen_lr 3e-4 --dual_frozen_weight_decay 1e-4 --dual_frozen_warmup_epochs 5 --dual_frozen_lambda_rank 0.2 --dual_frozen_rank_tau 0.05 --dual_joint_epochs 12 --dual_joint_patience 6 --dual_joint_batch_size 128 --dual_joint_lr_dual 1e-4 --dual_joint_lr_reco_a 2e-6 --dual_joint_lr_reco_b 2e-6 --dual_joint_weight_decay 1e-4 --dual_joint_warmup_epochs 3 --dual_joint_lambda_rank 0.2 --dual_joint_rank_tau 0.05 --dual_joint_lambda_anchor_a 0.02 --dual_joint_lambda_anchor_b 0.02 --report_target_tpr 0.50 --device cuda
Device: cuda
Save dir: checkpoints/reco_teacher_joint_fusion_6model_150k75k150k/model15_dualreco_dualview_offdrop_high_weighted_150k150k300k/model15_dualreco_dualview_offdrop_high_weighted_150k150k300k_seed0
Loading offline constituents...
Info: using 'weights' from data/train_quarter.h5 as training weights.
Generating pseudo-HLT...
Non-priv rho split setup: rho=0.900, mean_true_added_raw(target)=25.090, mean_target_merge=22.581, mean_target_eff=2.509
Computing features...
Split sizes: Train=150000, Val=150000, Test=300000 (custom_counts=True)

======================================================================
STEP 1: TEACHER + BASELINE
======================================================================
Baseline ep 5: train_auc=0.8957, val_auc=0.8564, val_fpr50=0.058605, best_auc=0.8760, fpr50@best=0.052599
Baseline ep 10: train_auc=0.9106, val_auc=0.8847, val_fpr50=0.041941, best_auc=0.8916, fpr50@best=0.034053
Baseline ep 15: train_auc=0.9205, val_auc=0.8909, val_fpr50=0.036375, best_auc=0.8961, fpr50@best=0.034640
Baseline ep 20: train_auc=0.9297, val_auc=0.8884, val_fpr50=0.036125, best_auc=0.8961, fpr50@best=0.034640
Baseline ep 25: train_auc=0.9375, val_auc=0.8893, val_fpr50=0.035740, best_auc=0.8961, fpr50@best=0.034640
Early stopping Baseline at epoch 29
StageA delta HLT reference @TPR=0.50: threshold_prob=0.784724, val_tpr=0.499973, val_fpr=0.043389
Teacher mode: offline-dropout
TeacherDrop ep 5: train_loss=0.64542 (full=0.32004, drop=0.32494, cons=0.00220, p=0.175, bank=1) | val_auc=0.9147, val_fpr50=0.028792, best_auc=0.9147
TeacherDrop ep 10: train_loss=0.58592 (full=0.28630, drop=0.29907, cons=0.00273, p=0.350, bank=0) | val_auc=0.9179, val_fpr50=0.028179, best_auc=0.9249
TeacherDrop ep 15: train_loss=0.54424 (full=0.26180, drop=0.28168, cons=0.00380, p=0.525, bank=2) | val_auc=0.9289, val_fpr50=0.020244, best_auc=0.9306
TeacherDrop ep 20: train_loss=0.50936 (full=0.23920, drop=0.26913, cons=0.00516, p=0.700, bank=1) | val_auc=0.9240, val_fpr50=0.020688, best_auc=0.9306
TeacherDrop ep 25: train_loss=0.45602 (full=0.21013, drop=0.24470, cons=0.00593, p=0.700, bank=0) | val_auc=0.9199, val_fpr50=0.023370, best_auc=0.9306
Early stopping TeacherDrop at epoch 29

======================================================================
STEP 2: TRAIN RECO-A (TEACHER-GUIDED STAGE-A)
======================================================================
----------------------------------------------------------------------
Stage-A curriculum: phase_035 | epochs [1,20] | stage_scale=0.35
----------------------------------------------------------------------
Ep 5 [phase_035]: train_total=6.0691, val_total=7.1965, train_teacher_auc=0.8916, val_teacher_auc=0.8591, val_teacher_fpr50=0.054869, best_global_auc=0.8672 | kd=4.4290, emb=0.1643, tok=4.0765, phys=0.3616, budget_hinge=29285.2101, delta=0.4056, delta_gain=0.2098, delta_cost=0.2051, stage_scale=0.35
Ep 10 [phase_035]: train_total=6.0666, val_total=8.0428, train_teacher_auc=0.9023, val_teacher_auc=0.8530, val_teacher_fpr50=0.064715, best_global_auc=0.8672 | kd=4.9410, emb=0.1914, tok=4.0875, phys=0.3598, budget_hinge=29261.7158, delta=0.6302, delta_gain=0.2345, delta_cost=0.2882, stage_scale=0.35
Ep 15 [phase_035]: train_total=6.0650, val_total=7.8111, train_teacher_auc=0.9087, val_teacher_auc=0.8656, val_teacher_fpr50=0.051286, best_global_auc=0.8672 | kd=4.7439, emb=0.1828, tok=4.0960, phys=0.3514, budget_hinge=29277.1254, delta=0.5365, delta_gain=0.2295, delta_cost=0.2553, stage_scale=0.35
Ep 20 [phase_035]: train_total=6.0633, val_total=7.7718, train_teacher_auc=0.9138, val_teacher_auc=0.8558, val_teacher_fpr50=0.057618, best_global_auc=0.8672 | kd=4.6950, emb=0.1789, tok=4.1060, phys=0.3027, budget_hinge=29358.9985, delta=0.5409, delta_gain=0.2267, delta_cost=0.2558, stage_scale=0.35
Reloaded best checkpoint for phase_035 (epoch=3, val_auc=0.8672)
----------------------------------------------------------------------
Stage-A curriculum: phase_070 | epochs [21,55] | stage_scale=0.70
----------------------------------------------------------------------
Ep 25 [phase_070]: train_total=6.0675, val_total=6.0418, train_teacher_auc=0.9000, val_teacher_auc=0.8917, val_teacher_fpr50=0.027500, best_global_auc=0.8961 | kd=3.6281, emb=0.1262, tok=4.0210, phys=0.2730, budget_hinge=29261.4409, delta=0.1266, delta_gain=0.1554, delta_cost=0.0940, stage_scale=0.70
Ep 30 [phase_070]: train_total=6.0641, val_total=6.1779, train_teacher_auc=0.9067, val_teacher_auc=0.8948, val_teacher_fpr50=0.028916, best_global_auc=0.8961 | kd=3.6650, emb=0.1277, tok=4.0476, phys=0.2647, budget_hinge=29278.8325, delta=0.1846, delta_gain=0.1773, delta_cost=0.1206, stage_scale=0.70
Ep 35 [phase_070]: train_total=6.0641, val_total=6.2060, train_teacher_auc=0.9115, val_teacher_auc=0.8942, val_teacher_fpr50=0.029945, best_global_auc=0.8961 | kd=3.6763, emb=0.1297, tok=4.0578, phys=0.2602, budget_hinge=29266.0121, delta=0.1792, delta_gain=0.1787, delta_cost=0.1193, stage_scale=0.70
Ep 40 [phase_070]: train_total=6.0609, val_total=6.2159, train_teacher_auc=0.9165, val_teacher_auc=0.8859, val_teacher_fpr50=0.034555, best_global_auc=0.8961 | kd=3.6545, emb=0.1269, tok=4.0630, phys=0.2529, budget_hinge=29259.9278, delta=0.1845, delta_gain=0.1743, delta_cost=0.1196, stage_scale=0.70
Early stop within phase_070 at epoch 40 (no_improve=18)
Reloaded best checkpoint for phase_070 (epoch=22, val_auc=0.8961)
----------------------------------------------------------------------
Stage-A curriculum: phase_100 | epochs [56,90] | stage_scale=1.00
----------------------------------------------------------------------
Ep 60 [phase_100]: train_total=6.0663, val_total=5.9646, train_teacher_auc=0.9038, val_teacher_auc=0.8788, val_teacher_fpr50=0.043594, best_global_auc=0.8961 | kd=3.5496, emb=0.1199, tok=4.0463, phys=0.2547, budget_hinge=29238.8033, delta=0.1475, delta_gain=0.1416, delta_cost=0.0963, stage_scale=1.00
Ep 65 [phase_100]: train_total=6.0636, val_total=6.0150, train_teacher_auc=0.9093, val_teacher_auc=0.8795, val_teacher_fpr50=0.041408, best_global_auc=0.8961 | kd=3.5498, emb=0.1218, tok=4.0456, phys=0.2509, budget_hinge=29216.4941, delta=0.1425, delta_gain=0.1387, delta_cost=0.0937, stage_scale=1.00
Ep 70 [phase_100]: train_total=6.0641, val_total=6.0094, train_teacher_auc=0.9130, val_teacher_auc=0.8810, val_teacher_fpr50=0.040755, best_global_auc=0.8961 | kd=3.5460, emb=0.1209, tok=4.0465, phys=0.2478, budget_hinge=29214.9472, delta=0.1420, delta_gain=0.1457, delta_cost=0.0959, stage_scale=1.00
Ep 75 [phase_100]: train_total=6.0599, val_total=6.1190, train_teacher_auc=0.9197, val_teacher_auc=0.8754, val_teacher_fpr50=0.045374, best_global_auc=0.8961 | kd=3.5764, emb=0.1218, tok=4.0571, phys=0.2455, budget_hinge=29219.1994, delta=0.1721, delta_gain=0.1556, delta_cost=0.1092, stage_scale=1.00
Ep 80 [phase_100]: train_total=6.0595, val_total=6.1019, train_teacher_auc=0.9236, val_teacher_auc=0.8798, val_teacher_fpr50=0.039311, best_global_auc=0.8961 | kd=3.5531, emb=0.1202, tok=4.0463, phys=0.2402, budget_hinge=29222.0483, delta=0.1396, delta_gain=0.1444, delta_cost=0.0946, stage_scale=1.00
Early stop within phase_100 at epoch 82 (no_improve=18)
Reloaded best checkpoint for phase_100 (epoch=64, val_auc=0.8899)

======================================================================
STEP 3: TRAIN RECO-B (M2-STYLE MASKED TARGET + RATIO BUDGET)
======================================================================
RecoB ep 5: train_total=2.30352, val_total=2.10088, train_budget_asym=2.54118, val_budget_asym=2.38777, bank=1, best_val=2.10088, stage_best=2.10088
RecoB ep 10: train_total=2.19525, val_total=2.41100, train_budget_asym=2.48144, val_budget_asym=2.88870, bank=0, best_val=2.10088, stage_best=2.10088
RecoB ep 15: train_total=2.15032, val_total=2.07177, train_budget_asym=2.41645, val_budget_asym=2.37215, bank=2, best_val=2.07177, stage_best=2.07177
RecoB ep 20: train_total=2.09665, val_total=2.11056, train_budget_asym=2.33858, val_budget_asym=2.43038, bank=1, best_val=2.07177, stage_best=2.07177
Reloaded best RecoB checkpoint at stage boundary epoch=20 (stage_best_epoch=15, stage_best_val=2.07177)
RecoB ep 25: train_total=2.11268, val_total=2.16250, train_budget_asym=2.37582, val_budget_asym=2.52760, bank=0, best_val=2.02637, stage_best=2.02637
RecoB ep 30: train_total=2.10422, val_total=2.01988, train_budget_asym=2.36538, val_budget_asym=2.30886, bank=2, best_val=2.01671, stage_best=2.01671
RecoB ep 35: train_total=2.07664, val_total=2.03988, train_budget_asym=2.32405, val_budget_asym=2.34240, bank=1, best_val=2.01671, stage_best=2.01671
RecoB ep 40: train_total=2.06019, val_total=2.03044, train_budget_asym=2.30280, val_budget_asym=2.32802, bank=0, best_val=2.00840, stage_best=2.00840
RecoB ep 45: train_total=2.05576, val_total=2.06159, train_budget_asym=2.30000, val_budget_asym=2.38627, bank=2, best_val=1.99771, stage_best=1.99771
RecoB ep 50: train_total=2.00930, val_total=2.00877, train_budget_asym=2.23201, val_budget_asym=2.29912, bank=1, best_val=1.99325, stage_best=1.99325
RecoB ep 55: train_total=2.01509, val_total=2.01099, train_budget_asym=2.24400, val_budget_asym=2.31000, bank=0, best_val=1.99325, stage_best=1.99325
Reloaded best RecoB checkpoint at stage boundary epoch=55 (stage_best_epoch=48, stage_best_val=1.99325)
RecoB ep 60: train_total=2.00985, val_total=1.98076, train_budget_asym=2.23772, val_budget_asym=2.26234, bank=2, best_val=1.96808, stage_best=1.96808
RecoB ep 65: train_total=1.98576, val_total=1.96564, train_budget_asym=2.20504, val_budget_asym=2.24440, bank=1, best_val=1.96354, stage_best=1.96354
RecoB ep 70: train_total=1.98298, val_total=1.96308, train_budget_asym=2.20200, val_budget_asym=2.24083, bank=0, best_val=1.96009, stage_best=1.96009
RecoB ep 75: train_total=1.95807, val_total=1.95362, train_budget_asym=2.16258, val_budget_asym=2.22677, bank=2, best_val=1.94813, stage_best=1.94813
RecoB ep 80: train_total=1.95030, val_total=1.95682, train_budget_asym=2.15194, val_budget_asym=2.23353, bank=1, best_val=1.94813, stage_best=1.94813
RecoB ep 85: train_total=1.97675, val_total=1.95477, train_budget_asym=2.19405, val_budget_asym=2.23053, bank=0, best_val=1.94813, stage_best=1.94813
Early stopping RecoB at epoch 89

======================================================================
STEP 4: DUALVIEW TAGGER (FROZEN RECO-A + RECO-B)
======================================================================
DualFrozen ep 5: train_loss=0.46286 (cls=0.40110, rank=0.30881) | val_auc=0.8928, val_fpr50=0.031291, best_sel=0.901188
DualFrozen ep 10: train_loss=0.46221 (cls=0.40014, rank=0.31037) | val_auc=0.8976, val_fpr50=0.031227, best_sel=0.902317
DualFrozen ep 15: train_loss=0.45628 (cls=0.39447, rank=0.30905) | val_auc=0.8966, val_fpr50=0.033341, best_sel=0.903297
DualFrozen ep 20: train_loss=0.45721 (cls=0.39525, rank=0.30982) | val_auc=0.9007, val_fpr50=0.029675, best_sel=0.903297
DualFrozen ep 25: train_loss=0.44754 (cls=0.38551, rank=0.31016) | val_auc=0.9035, val_fpr50=0.026986, best_sel=0.905158
DualFrozen ep 30: train_loss=0.44541 (cls=0.38334, rank=0.31032) | val_auc=0.9023, val_fpr50=0.030941, best_sel=0.905158
Early stopping DualFrozen at epoch 33
DualFrozen: val_auc=0.9052, val_fpr50=0.027553 | test_auc=0.9037, test_fpr50=0.028646

======================================================================
STEP 5: DUALVIEW JOINT FINETUNE (UNFREEZE RECO-A + RECO-B)
======================================================================
DualJoint ep 2: train_loss=779.57911 (cls=0.41729, rank=0.31122, anchorA=38953.00766, anchorB=1.97180) | val_auc=0.8981, val_fpr50=0.028048, best_sel=0.898065
DualJoint ep 4: train_loss=779.00967 (cls=0.40203, rank=0.31341, anchorA=38925.28561, anchorB=1.96316) | val_auc=0.9034, val_fpr50=0.024706, best_sel=0.903371
DualJoint ep 6: train_loss=782.43936 (cls=0.39742, rank=0.31323, anchorA=39096.99903, anchorB=1.96656) | val_auc=0.9019, val_fpr50=0.028541, best_sel=0.903371
DualJoint ep 8: train_loss=781.64948 (cls=0.39392, rank=0.31387, anchorA=39057.65447, anchorB=1.98551) | val_auc=0.9027, val_fpr50=0.026759, best_sel=0.903371
DualJoint ep 10: train_loss=780.06272 (cls=0.39213, rank=0.31397, anchorA=38978.42387, anchorB=1.96642) | val_auc=0.9023, val_fpr50=0.027042, best_sel=0.904291
DualJoint ep 12: train_loss=782.89518 (cls=0.38992, rank=0.31346, anchorA=39120.15090, anchorB=1.97864) | val_auc=0.9047, val_fpr50=0.026432, best_sel=0.905681
DualJoint: val_auc=0.9057, val_fpr50=0.025448 | test_auc=0.9047, test_fpr50=0.026305

======================================================================
SUMMARY
======================================================================
HLT AUC (val/test): 0.8961 / 0.8944
Teacher AUC (val/test): 0.9306 / 0.9307
DualFrozen AUC (val/test): 0.9052 / 0.9037
DualJoint AUC (val/test): 0.9057 / 0.9047
FPR@50 HLT / Teacher / DualFrozen / DualJoint (test): 0.043939 / 0.021868 / 0.028646 / 0.026305

Saved dual-reco dualview results to: checkpoints/reco_teacher_joint_fusion_6model_150k75k150k/model15_dualreco_dualview_offdrop_high_weighted_150k150k300k/model15_dualreco_dualview_offdrop_high_weighted_150k150k300k_seed0
Done: checkpoints/reco_teacher_joint_fusion_6model_150k75k150k/model15_dualreco_dualview_offdrop_high_weighted_150k150k300k/model15_dualreco_dualview_offdrop_high_weighted_150k150k300k_seed0
