============================================================
Model-17 dual-reco dualview anti-overlap (no residual head, val-AUC selection)
Run: checkpoints/reco_teacher_joint_fusion_6model_150k75k150k/model17_dualreco_dualview_antioverlap_weighted_150k150k300k/model17_dualreco_dualview_antioverlap_weighted_150k150k300k_seed0
Train path: ./data/train_quarter.h5 (weighted)
Split: train=150000, val=150000, test=300000, n_train_jets=600000
teacher_mode=anti_overlap, lambda=0.02, tau=0.05, beta=0.10, warmup=12
target_mode=offdrop, target_drop_prob_max=0.0
============================================================
 python train_m9_dualreco_dualview_offdrop.py --train_path ./data/train_quarter.h5 --use_train_weights --save_dir checkpoints/reco_teacher_joint_fusion_6model_150k75k150k/model17_dualreco_dualview_antioverlap_weighted_150k150k300k --run_name model17_dualreco_dualview_antioverlap_weighted_150k150k300k_seed0 --n_train_jets 600000 --n_train_split 150000 --n_val_split 150000 --n_test_split 300000 --offset_jets 0 --max_constits 100 --num_workers 6 --seed 0 --target_mode offdrop --teacher_use_anti_overlap --teacher_anti_lambda 0.02 --teacher_anti_tau 0.05 --teacher_anti_beta 0.10 --teacher_anti_warmup_epochs 12 --stageA_epochs 90 --stageA_patience 18 --stageA_kd_temp 2.5 --stageA_lambda_kd 5.0 --stageA_lambda_emb 0.0 --stageA_lambda_tok 0.0 --stageA_lambda_phys 0.05 --stageA_lambda_budget_hinge 1.0 --stageA_budget_eps 0.015 --stageA_budget_weight_floor 1e-4 --stageA_target_tpr 0.50 --stageA_lambda_delta 0.15 --stageA_delta_tau 0.05 --stageA_delta_lambda_fp 3.0 --stageA_loss_norm_ema_decay 0.98 --stageA_loss_norm_eps 1e-6 --added_target_scale 0.90 --target_drop_prob_max 0.0 --target_drop_num_banks 1 --target_drop_bank_cycle_epochs 1 --recoB_epochs 90 --recoB_patience 18 --recoB_lr 3e-4 --recoB_weight_decay 1e-4 --recoB_warmup_epochs 5 --recoB_stage1_epochs 20 --recoB_stage2_epochs 55 --recoB_min_full_scale_epochs 5 --recoB_ratio_count_under_lambda 1.0 --recoB_ratio_count_over_lambda 0.25 --recoB_ratio_count_over_margin_base 2.0 --recoB_ratio_count_over_margin_scale 6.0 --recoB_ratio_count_over_ratio_gamma 0.70 --recoB_ratio_count_over_lambda_floor 0.05 --recoB_ratio_count_eps 0.015 --disable_recoB_ratio_budget --corrected_weight_floor 0.03 --reco_eval_batch_size 256 --select_metric auc --dual_frozen_epochs 45 --dual_frozen_patience 12 --dual_frozen_batch_size 256 --dual_frozen_lr 3e-4 --dual_frozen_weight_decay 1e-4 --dual_frozen_warmup_epochs 5 --dual_frozen_lambda_rank 0.2 --dual_frozen_rank_tau 0.05 --dual_joint_epochs 12 --dual_joint_patience 6 --dual_joint_batch_size 128 --dual_joint_lr_dual 1e-4 --dual_joint_lr_reco_a 2e-6 --dual_joint_lr_reco_b 2e-6 --dual_joint_weight_decay 1e-4 --dual_joint_warmup_epochs 3 --dual_joint_lambda_rank 0.2 --dual_joint_rank_tau 0.05 --dual_joint_lambda_anchor_a 0.02 --dual_joint_lambda_anchor_b 0.02 --report_target_tpr 0.50 --device cuda
Device: cuda
Save dir: checkpoints/reco_teacher_joint_fusion_6model_150k75k150k/model17_dualreco_dualview_antioverlap_weighted_150k150k300k/model17_dualreco_dualview_antioverlap_weighted_150k150k300k_seed0
Loading offline constituents...
Info: using 'weights' from data/train_quarter.h5 as training weights.
Generating pseudo-HLT...
Non-priv rho split setup: rho=0.900, mean_true_added_raw(target)=25.090, mean_target_merge=22.581, mean_target_eff=2.509
Computing features...
Split sizes: Train=150000, Val=150000, Test=300000 (custom_counts=True)

======================================================================
STEP 1: TEACHER + BASELINE
======================================================================
Baseline ep 5: train_auc=0.8957, val_auc=0.8564, val_fpr50=0.058605, best_auc=0.8760, fpr50@best=0.052599
Baseline ep 10: train_auc=0.9106, val_auc=0.8847, val_fpr50=0.041941, best_auc=0.8916, fpr50@best=0.034053
Baseline ep 15: train_auc=0.9205, val_auc=0.8909, val_fpr50=0.036375, best_auc=0.8961, fpr50@best=0.034640
Baseline ep 20: train_auc=0.9297, val_auc=0.8884, val_fpr50=0.036125, best_auc=0.8961, fpr50@best=0.034640
Baseline ep 25: train_auc=0.9375, val_auc=0.8893, val_fpr50=0.035740, best_auc=0.8961, fpr50@best=0.034640
Early stopping Baseline at epoch 29
StageA delta HLT reference @TPR=0.50: threshold_prob=0.784724, val_tpr=0.499973, val_fpr=0.043389
Teacher mode: anti-overlap (lambda=0.0200, tau=0.0500, beta=0.1000, warmup=12)
TeacherAntiOverlap ep 5: train_loss=0.34442 (bce=0.34441, anti=0.00051, lam=0.00833) | val_auc=0.9204, val_fpr50=0.022781, best_auc=0.9280
TeacherAntiOverlap ep 10: train_loss=0.31689 (bce=0.31689, anti=0.00043, lam=0.01667) | val_auc=0.9334, val_fpr50=0.019020, best_auc=0.9400
TeacherAntiOverlap ep 15: train_loss=0.30079 (bce=0.30078, anti=0.00043, lam=0.02000) | val_auc=0.9450, val_fpr50=0.011474, best_auc=0.9457
TeacherAntiOverlap ep 20: train_loss=0.28431 (bce=0.28431, anti=0.00040, lam=0.02000) | val_auc=0.9363, val_fpr50=0.013648, best_auc=0.9457
TeacherAntiOverlap ep 25: train_loss=0.26240 (bce=0.26239, anti=0.00031, lam=0.02000) | val_auc=0.9366, val_fpr50=0.013262, best_auc=0.9457
Early stopping TeacherAntiOverlap at epoch 29

======================================================================
STEP 2: TRAIN RECO-A (TEACHER-GUIDED STAGE-A)
======================================================================
----------------------------------------------------------------------
Stage-A curriculum: phase_035 | epochs [1,20] | stage_scale=0.35
----------------------------------------------------------------------
Ep 5 [phase_035]: train_total=6.0762, val_total=8.1065, train_teacher_auc=0.8910, val_teacher_auc=0.7490, val_teacher_fpr50=0.145260, best_global_auc=0.8027 | kd=5.0877, emb=0.1686, tok=3.8129, phys=0.3835, budget_hinge=29458.4360, delta=0.6179, delta_gain=0.2328, delta_cost=0.2836, stage_scale=0.35
Ep 10 [phase_035]: train_total=6.0734, val_total=8.3866, train_teacher_auc=0.9024, val_teacher_auc=0.7975, val_teacher_fpr50=0.108859, best_global_auc=0.8027 | kd=5.2007, emb=0.1630, tok=3.7824, phys=0.3407, budget_hinge=29845.8395, delta=0.6900, delta_gain=0.2447, delta_cost=0.3116, stage_scale=0.35
Ep 15 [phase_035]: train_total=6.0715, val_total=8.5005, train_teacher_auc=0.9081, val_teacher_auc=0.7815, val_teacher_fpr50=0.118397, best_global_auc=0.8027 | kd=5.2359, emb=0.1661, tok=3.8112, phys=0.3126, budget_hinge=29844.5676, delta=0.7116, delta_gain=0.2436, delta_cost=0.3184, stage_scale=0.35
Ep 20 [phase_035]: train_total=6.0709, val_total=8.6870, train_teacher_auc=0.9126, val_teacher_auc=0.7459, val_teacher_fpr50=0.144131, best_global_auc=0.8027 | kd=5.3592, emb=0.1717, tok=3.8122, phys=0.3020, budget_hinge=30008.5727, delta=0.7167, delta_gain=0.2416, delta_cost=0.3194, stage_scale=0.35
Early stop within phase_035 at epoch 20 (no_improve=18)
Reloaded best checkpoint for phase_035 (epoch=2, val_auc=0.8027)
----------------------------------------------------------------------
Stage-A curriculum: phase_070 | epochs [21,55] | stage_scale=0.70
----------------------------------------------------------------------
Ep 25 [phase_070]: train_total=6.0741, val_total=6.0591, train_teacher_auc=0.8984, val_teacher_auc=0.9026, val_teacher_fpr50=0.037398, best_global_auc=0.9050 | kd=3.6581, emb=0.1102, tok=3.6826, phys=0.2712, budget_hinge=29439.9670, delta=0.2425, delta_gain=0.2021, delta_cost=0.1482, stage_scale=0.70
Ep 30 [phase_070]: train_total=6.0712, val_total=6.1463, train_teacher_auc=0.9054, val_teacher_auc=0.9064, val_teacher_fpr50=0.031340, best_global_auc=0.9064 | kd=3.6678, emb=0.1083, tok=3.6907, phys=0.2607, budget_hinge=29401.6186, delta=0.2526, delta_gain=0.2055, delta_cost=0.1527, stage_scale=0.70
Ep 35 [phase_070]: train_total=6.0716, val_total=6.2245, train_teacher_auc=0.9091, val_teacher_auc=0.9100, val_teacher_fpr50=0.029639, best_global_auc=0.9100 | kd=3.7226, emb=0.1086, tok=3.7020, phys=0.2521, budget_hinge=29426.8033, delta=0.2680, delta_gain=0.2122, delta_cost=0.1600, stage_scale=0.70
Ep 40 [phase_070]: train_total=6.0687, val_total=6.2916, train_teacher_auc=0.9134, val_teacher_auc=0.9030, val_teacher_fpr50=0.036647, best_global_auc=0.9100 | kd=3.7300, emb=0.1082, tok=3.7056, phys=0.2494, budget_hinge=29392.6188, delta=0.2917, delta_gain=0.2125, delta_cost=0.1681, stage_scale=0.70
Ep 45 [phase_070]: train_total=6.0685, val_total=6.1639, train_teacher_auc=0.9194, val_teacher_auc=0.9074, val_teacher_fpr50=0.032603, best_global_auc=0.9100 | kd=3.6435, emb=0.1077, tok=3.6925, phys=0.2452, budget_hinge=29439.9963, delta=0.2345, delta_gain=0.2050, delta_cost=0.1465, stage_scale=0.70
Ep 50 [phase_070]: train_total=6.0665, val_total=6.2021, train_teacher_auc=0.9234, val_teacher_auc=0.9040, val_teacher_fpr50=0.037121, best_global_auc=0.9100 | kd=3.6336, emb=0.1076, tok=3.7032, phys=0.2500, budget_hinge=29389.0702, delta=0.2293, delta_gain=0.2022, delta_cost=0.1438, stage_scale=0.70
Early stop within phase_070 at epoch 53 (no_improve=18)
Reloaded best checkpoint for phase_070 (epoch=35, val_auc=0.9100)
----------------------------------------------------------------------
Stage-A curriculum: phase_100 | epochs [56,90] | stage_scale=1.00
----------------------------------------------------------------------
Ep 60 [phase_100]: train_total=6.0687, val_total=5.8232, train_teacher_auc=0.9142, val_teacher_auc=0.9096, val_teacher_fpr50=0.028213, best_global_auc=0.9106 | kd=3.4399, emb=0.1028, tok=3.6846, phys=0.2400, budget_hinge=29269.3824, delta=0.1027, delta_gain=0.1609, delta_cost=0.0879, stage_scale=1.00
Ep 65 [phase_100]: train_total=6.0686, val_total=5.8520, train_teacher_auc=0.9180, val_teacher_auc=0.9070, val_teacher_fpr50=0.029138, best_global_auc=0.9106 | kd=3.4496, emb=0.1056, tok=3.6837, phys=0.2387, budget_hinge=29270.2552, delta=0.1062, delta_gain=0.1589, delta_cost=0.0884, stage_scale=1.00
Ep 70 [phase_100]: train_total=6.0674, val_total=5.9333, train_teacher_auc=0.9228, val_teacher_auc=0.9068, val_teacher_fpr50=0.028822, best_global_auc=0.9106 | kd=3.4678, emb=0.1033, tok=3.6891, phys=0.2386, budget_hinge=29290.5715, delta=0.1115, delta_gain=0.1684, delta_cost=0.0933, stage_scale=1.00
Ep 75 [phase_100]: train_total=6.0647, val_total=5.9721, train_teacher_auc=0.9290, val_teacher_auc=0.9072, val_teacher_fpr50=0.030194, best_global_auc=0.9106 | kd=3.4585, emb=0.1044, tok=3.6907, phys=0.2363, budget_hinge=29278.0039, delta=0.0929, delta_gain=0.1610, delta_cost=0.0846, stage_scale=1.00
Early stop within phase_100 at epoch 75 (no_improve=18)
Reloaded best checkpoint for phase_100 (epoch=57, val_auc=0.9106)

======================================================================
STEP 3: TRAIN RECO-B (M2-STYLE MASKED TARGET + RATIO BUDGET)
======================================================================
RecoB ep 5: train_total=26.37806, val_total=29.22717, train_budget_asym=0.00000, val_budget_asym=0.00000, bank=0, best_val=28.55615, stage_best=28.55615
RecoB ep 10: train_total=25.00558, val_total=28.89937, train_budget_asym=0.00000, val_budget_asym=0.00000, bank=0, best_val=27.53640, stage_best=27.53640
RecoB ep 15: train_total=24.64412, val_total=27.16416, train_budget_asym=0.00000, val_budget_asym=0.00000, bank=0, best_val=27.16416, stage_best=27.16416
RecoB ep 20: train_total=24.29260, val_total=27.81233, train_budget_asym=0.00000, val_budget_asym=0.00000, bank=0, best_val=27.16416, stage_best=27.16416
Reloaded best RecoB checkpoint at stage boundary epoch=20 (stage_best_epoch=15, stage_best_val=27.16416)
RecoB ep 25: train_total=22.83023, val_total=24.82130, train_budget_asym=0.00000, val_budget_asym=0.00000, bank=0, best_val=23.56941, stage_best=23.56941
RecoB ep 30: train_total=22.40894, val_total=22.95201, train_budget_asym=0.00000, val_budget_asym=0.00000, bank=0, best_val=22.83553, stage_best=22.83553
RecoB ep 35: train_total=22.22451, val_total=23.05994, train_budget_asym=0.00000, val_budget_asym=0.00000, bank=0, best_val=22.83553, stage_best=22.83553
RecoB ep 40: train_total=21.98248, val_total=23.21107, train_budget_asym=0.00000, val_budget_asym=0.00000, bank=0, best_val=22.83553, stage_best=22.83553
RecoB ep 45: train_total=21.77596, val_total=23.08619, train_budget_asym=0.00000, val_budget_asym=0.00000, bank=0, best_val=22.68968, stage_best=22.68968
RecoB ep 50: train_total=21.39057, val_total=23.32690, train_budget_asym=0.00000, val_budget_asym=0.00000, bank=0, best_val=22.68968, stage_best=22.68968
RecoB ep 55: train_total=21.11396, val_total=23.24730, train_budget_asym=0.00000, val_budget_asym=0.00000, bank=0, best_val=22.43815, stage_best=22.43815
Reloaded best RecoB checkpoint at stage boundary epoch=55 (stage_best_epoch=51, stage_best_val=22.43815)
RecoB ep 60: train_total=20.68613, val_total=22.39677, train_budget_asym=0.00000, val_budget_asym=0.00000, bank=0, best_val=22.24255, stage_best=22.24255
RecoB ep 65: train_total=20.16685, val_total=22.39902, train_budget_asym=0.00000, val_budget_asym=0.00000, bank=0, best_val=22.17540, stage_best=22.17540
RecoB ep 70: train_total=19.88491, val_total=22.48061, train_budget_asym=0.00000, val_budget_asym=0.00000, bank=0, best_val=22.12813, stage_best=22.12813
RecoB ep 75: train_total=19.54466, val_total=22.51483, train_budget_asym=0.00000, val_budget_asym=0.00000, bank=0, best_val=22.12813, stage_best=22.12813
RecoB ep 80: train_total=19.30703, val_total=22.56885, train_budget_asym=0.00000, val_budget_asym=0.00000, bank=0, best_val=22.12813, stage_best=22.12813
RecoB ep 85: train_total=19.16994, val_total=22.60123, train_budget_asym=0.00000, val_budget_asym=0.00000, bank=0, best_val=22.12813, stage_best=22.12813
Early stopping RecoB at epoch 85

======================================================================
STEP 4: DUALVIEW TAGGER (FROZEN RECO-A + RECO-B)
======================================================================
DualFrozen ep 5: train_loss=0.43706 (cls=0.37475, rank=0.31158) | val_auc=0.9089, val_fpr50=0.026238, best_sel=0.908972
DualFrozen ep 10: train_loss=0.43255 (cls=0.37014, rank=0.31208) | val_auc=0.9044, val_fpr50=0.027706, best_sel=0.912620
DualFrozen ep 15: train_loss=0.43262 (cls=0.37017, rank=0.31228) | val_auc=0.9010, val_fpr50=0.031021, best_sel=0.912620
Early stopping DualFrozen at epoch 19
DualFrozen: val_auc=0.9126, val_fpr50=0.024807 | test_auc=0.9115, test_fpr50=0.024963

======================================================================
STEP 5: DUALVIEW JOINT FINETUNE (UNFREEZE RECO-A + RECO-B)
======================================================================
DualJoint ep 2: train_loss=781.12602 (cls=0.39637, rank=0.30957, anchorA=39013.50769, anchorB=19.88000) | val_auc=0.8999, val_fpr50=0.028570, best_sel=0.905958
DualJoint ep 4: train_loss=785.44359 (cls=0.39335, rank=0.31172, anchorA=39229.71337, anchorB=19.68227) | val_auc=0.9039, val_fpr50=0.027442, best_sel=0.905958
DualJoint ep 6: train_loss=779.96452 (cls=0.38936, rank=0.31231, anchorA=38955.86026, anchorB=19.77531) | val_auc=0.9060, val_fpr50=0.028687, best_sel=0.905999
DualJoint ep 8: train_loss=783.57400 (cls=0.38612, rank=0.31272, anchorA=39136.44187, anchorB=19.82585) | val_auc=0.9071, val_fpr50=0.026558, best_sel=0.907058
DualJoint ep 10: train_loss=784.00585 (cls=0.38254, rank=0.31295, anchorA=39158.19042, anchorB=19.84684) | val_auc=0.9046, val_fpr50=0.028683, best_sel=0.907058
DualJoint ep 12: train_loss=777.45287 (cls=0.38327, rank=0.31408, anchorA=38830.49238, anchorB=19.84742) | val_auc=0.9072, val_fpr50=0.027570, best_sel=0.907510
DualJoint: val_auc=0.9075, val_fpr50=0.026721 | test_auc=0.9064, test_fpr50=0.027385

======================================================================
SUMMARY
======================================================================
HLT AUC (val/test): 0.8961 / 0.8944
Teacher AUC (val/test): 0.9354 / 0.9351
DualFrozen AUC (val/test): 0.9126 / 0.9115
DualJoint AUC (val/test): 0.9075 / 0.9064
FPR@50 HLT / Teacher / DualFrozen / DualJoint (test): 0.043939 / 0.012826 / 0.024963 / 0.027385

Saved dual-reco dualview results to: checkpoints/reco_teacher_joint_fusion_6model_150k75k150k/model17_dualreco_dualview_antioverlap_weighted_150k150k300k/model17_dualreco_dualview_antioverlap_weighted_150k150k300k_seed0
Done: checkpoints/reco_teacher_joint_fusion_6model_150k75k150k/model17_dualreco_dualview_antioverlap_weighted_150k150k300k/model17_dualreco_dualview_antioverlap_weighted_150k150k300k_seed0
