============================================================
Model-17 dual-reco dualview anti-overlap (no residual head, val-AUC selection)
Run: checkpoints/reco_teacher_joint_fusion_6model_150k75k150k/model17_dualreco_dualview_antioverlap_weighted_500k300k500k/model17_dualreco_dualview_antioverlap_weighted_500k300k500k_seed0
Train path: ./data/train_quarter.h5 (weighted)
Split: train=500000, val=300000, test=500000, n_train_jets=1300000
teacher_mode=anti_overlap, lambda=0.02, tau=0.05, beta=0.10, warmup=12
target_mode=offdrop, target_drop_prob_max=0.0
============================================================
 python train_m9_dualreco_dualview_offdrop.py --train_path ./data/train_quarter.h5 --use_train_weights --force_m5_step1 --save_dir checkpoints/reco_teacher_joint_fusion_6model_150k75k150k/model17_dualreco_dualview_antioverlap_weighted_500k300k500k --run_name model17_dualreco_dualview_antioverlap_weighted_500k300k500k_seed0 --n_train_jets 1300000 --n_train_split 500000 --n_val_split 300000 --n_test_split 500000 --offset_jets 0 --max_constits 100 --num_workers 6 --seed 0 --target_mode offdrop --teacher_use_anti_overlap --teacher_anti_lambda 0.02 --teacher_anti_tau 0.05 --teacher_anti_beta 0.10 --teacher_anti_warmup_epochs 12 --stageA_epochs 90 --stageA_patience 18 --stageA_kd_temp 2.5 --stageA_lambda_kd 5.0 --stageA_lambda_emb 0.0 --stageA_lambda_tok 0.0 --stageA_lambda_phys 0.05 --stageA_lambda_budget_hinge 1.0 --stageA_budget_eps 0.015 --stageA_budget_weight_floor 1e-4 --stageA_target_tpr 0.50 --stageA_lambda_delta 0.15 --stageA_delta_tau 0.05 --stageA_delta_lambda_fp 3.0 --stageA_loss_norm_ema_decay 0.98 --stageA_loss_norm_eps 1e-6 --added_target_scale 0.90 --target_drop_prob_max 0.0 --target_drop_num_banks 1 --target_drop_bank_cycle_epochs 1 --recoB_epochs 90 --recoB_patience 18 --recoB_lr 3e-4 --recoB_weight_decay 1e-4 --recoB_warmup_epochs 5 --recoB_stage1_epochs 20 --recoB_stage2_epochs 55 --recoB_min_full_scale_epochs 5 --recoB_ratio_count_under_lambda 1.0 --recoB_ratio_count_over_lambda 0.25 --recoB_ratio_count_over_margin_base 2.0 --recoB_ratio_count_over_margin_scale 6.0 --recoB_ratio_count_over_ratio_gamma 0.70 --recoB_ratio_count_over_lambda_floor 0.05 --recoB_ratio_count_eps 0.015 --disable_recoB_ratio_budget --corrected_weight_floor 0.03 --reco_eval_batch_size 256 --select_metric auc --dual_frozen_epochs 45 --dual_frozen_patience 12 --dual_frozen_batch_size 256 --dual_frozen_lr 3e-4 --dual_frozen_weight_decay 1e-4 --dual_frozen_warmup_epochs 5 --dual_frozen_lambda_rank 0.2 --dual_frozen_rank_tau 0.05 --dual_joint_epochs 12 --dual_joint_patience 6 --dual_joint_batch_size 128 --dual_joint_lr_dual 1e-4 --dual_joint_lr_reco_a 2e-6 --dual_joint_lr_reco_b 2e-6 --dual_joint_weight_decay 1e-4 --dual_joint_warmup_epochs 3 --dual_joint_lambda_rank 0.2 --dual_joint_rank_tau 0.05 --dual_joint_lambda_anchor_a 0.02 --dual_joint_lambda_anchor_b 0.02 --report_target_tpr 0.50 --device cuda
Device: cuda
Save dir: checkpoints/reco_teacher_joint_fusion_6model_150k75k150k/model17_dualreco_dualview_antioverlap_weighted_500k300k500k/model17_dualreco_dualview_antioverlap_weighted_500k300k500k_seed0
Loading offline constituents...
Info: using 'weights' from data/train_quarter.h5 as training weights.
Generating pseudo-HLT...
Non-priv rho split setup: rho=0.900, mean_true_added_raw(target)=25.099, mean_target_merge=22.589, mean_target_eff=2.510
Computing features...
Split sizes: Train=500000, Val=300000, Test=500000 (custom_counts=True)
STEP 1 override: --force_m5_step1 enabled, ignoring --teacher_use_anti_overlap.

======================================================================
STEP 1: TEACHER + BASELINE
======================================================================
Baseline ep 5: train_auc=0.9021, val_auc=0.9094, val_fpr50=0.027009, best_auc=0.9133, fpr50@best=0.025387
Baseline ep 10: train_auc=0.9110, val_auc=0.9058, val_fpr50=0.028484, best_auc=0.9133, fpr50@best=0.025387
Baseline ep 15: train_auc=0.9165, val_auc=0.9101, val_fpr50=0.024694, best_auc=0.9135, fpr50@best=0.023435
Baseline ep 20: train_auc=0.9204, val_auc=0.9132, val_fpr50=0.022807, best_auc=0.9135, fpr50@best=0.023435
Baseline ep 25: train_auc=0.9267, val_auc=0.9117, val_fpr50=0.023162, best_auc=0.9139, fpr50@best=0.021804
Baseline ep 30: train_auc=0.9331, val_auc=0.9079, val_fpr50=0.024954, best_auc=0.9139, fpr50@best=0.021804
Baseline ep 35: train_auc=0.9394, val_auc=0.9031, val_fpr50=0.025794, best_auc=0.9139, fpr50@best=0.021804
Early stopping Baseline at epoch 38
StageA delta HLT reference @TPR=0.50: threshold_prob=0.894264, val_tpr=0.499990, val_fpr=0.021804
Teacher ep 5: train_auc=0.9381, val_auc=0.9450, val_fpr50=0.013443, best_auc=0.9450, fpr50@best=0.013443
Teacher ep 10: train_auc=0.9453, val_auc=0.9456, val_fpr50=0.011522, best_auc=0.9456, fpr50@best=0.011522
Teacher ep 15: train_auc=0.9497, val_auc=0.9469, val_fpr50=0.012061, best_auc=0.9469, fpr50@best=0.012061
Teacher ep 20: train_auc=0.9546, val_auc=0.9475, val_fpr50=0.010359, best_auc=0.9485, fpr50@best=0.010625
Teacher ep 25: train_auc=0.9596, val_auc=0.9460, val_fpr50=0.011106, best_auc=0.9485, fpr50@best=0.010625
Teacher ep 30: train_auc=0.9651, val_auc=0.9413, val_fpr50=0.011992, best_auc=0.9485, fpr50@best=0.010625
Early stopping Teacher at epoch 33

======================================================================
STEP 2: TRAIN RECO-A (TEACHER-GUIDED STAGE-A)
======================================================================
----------------------------------------------------------------------
Stage-A curriculum: phase_035 | epochs [1,20] | stage_scale=0.35
----------------------------------------------------------------------
Ep 5 [phase_035]: train_total=6.0646, val_total=10.1125, train_teacher_auc=0.9030, val_teacher_auc=0.3727, val_teacher_fpr50=0.738284, best_global_auc=0.4026 | kd=6.3440, emb=0.2317, tok=3.5979, phys=0.2650, budget_hinge=29608.6734, delta=0.8628, delta_gain=0.1776, delta_cost=0.3468, stage_scale=0.35
Ep 10 [phase_035]: train_total=6.0629, val_total=10.6512, train_teacher_auc=0.9117, val_teacher_auc=0.3421, val_teacher_fpr50=0.845281, best_global_auc=0.4032 | kd=6.6773, emb=0.2427, tok=3.6154, phys=0.2659, budget_hinge=29810.6441, delta=0.8573, delta_gain=0.1645, delta_cost=0.3406, stage_scale=0.35
Ep 15 [phase_035]: train_total=6.0619, val_total=10.1874, train_teacher_auc=0.9158, val_teacher_auc=0.3854, val_teacher_fpr50=0.718418, best_global_auc=0.4032 | kd=6.3322, emb=0.2264, tok=3.6254, phys=0.2606, budget_hinge=29774.9971, delta=0.8180, delta_gain=0.1762, delta_cost=0.3314, stage_scale=0.35
Ep 20 [phase_035]: train_total=6.0607, val_total=9.9189, train_teacher_auc=0.9196, val_teacher_auc=0.4191, val_teacher_fpr50=0.615802, best_global_auc=0.4191 | kd=6.1214, emb=0.2135, tok=3.5982, phys=0.2536, budget_hinge=29739.4308, delta=0.7710, delta_gain=0.1854, delta_cost=0.3188, stage_scale=0.35
Reloaded best checkpoint for phase_035 (epoch=20, val_auc=0.4191)
----------------------------------------------------------------------
Stage-A curriculum: phase_070 | epochs [21,55] | stage_scale=0.70
----------------------------------------------------------------------
Ep 25 [phase_070]: train_total=6.0595, val_total=6.1356, train_teacher_auc=0.9227, val_teacher_auc=0.9053, val_teacher_fpr50=0.037692, best_global_auc=0.9072 | kd=3.5760, emb=0.0852, tok=3.5024, phys=0.2346, budget_hinge=29311.3591, delta=0.2164, delta_gain=0.2157, delta_cost=0.1441, stage_scale=0.70
Ep 30 [phase_070]: train_total=6.0581, val_total=6.1497, train_teacher_auc=0.9262, val_teacher_auc=0.9067, val_teacher_fpr50=0.038658, best_global_auc=0.9079 | kd=3.5687, emb=0.0846, tok=3.5022, phys=0.2330, budget_hinge=29308.5340, delta=0.1983, delta_gain=0.2153, delta_cost=0.1379, stage_scale=0.70
Ep 35 [phase_070]: train_total=6.0570, val_total=6.1901, train_teacher_auc=0.9310, val_teacher_auc=0.9046, val_teacher_fpr50=0.038343, best_global_auc=0.9079 | kd=3.5918, emb=0.0853, tok=3.5061, phys=0.2316, budget_hinge=29286.0258, delta=0.2284, delta_gain=0.2170, delta_cost=0.1485, stage_scale=0.70
Ep 40 [phase_070]: train_total=6.0552, val_total=6.2271, train_teacher_auc=0.9346, val_teacher_auc=0.9028, val_teacher_fpr50=0.041276, best_global_auc=0.9079 | kd=3.5980, emb=0.0868, tok=3.5089, phys=0.2336, budget_hinge=29287.7615, delta=0.2227, delta_gain=0.2172, delta_cost=0.1467, stage_scale=0.70
Ep 45 [phase_070]: train_total=6.0538, val_total=6.2545, train_teacher_auc=0.9385, val_teacher_auc=0.9021, val_teacher_fpr50=0.040279, best_global_auc=0.9079 | kd=3.5801, emb=0.0845, tok=3.5031, phys=0.2349, budget_hinge=29282.5426, delta=0.2091, delta_gain=0.2146, delta_cost=0.1412, stage_scale=0.70
Ep 50 [phase_070]: train_total=6.0532, val_total=6.2168, train_teacher_auc=0.9426, val_teacher_auc=0.9042, val_teacher_fpr50=0.039564, best_global_auc=0.9079 | kd=3.5687, emb=0.0845, tok=3.5049, phys=0.2331, budget_hinge=29273.0846, delta=0.1918, delta_gain=0.2129, delta_cost=0.1349, stage_scale=0.70
Early stop within phase_070 at epoch 51 (no_improve=18)
Reloaded best checkpoint for phase_070 (epoch=33, val_auc=0.9079)
----------------------------------------------------------------------
Stage-A curriculum: phase_100 | epochs [56,90] | stage_scale=1.00
----------------------------------------------------------------------
Ep 60 [phase_100]: train_total=6.0560, val_total=5.9579, train_teacher_auc=0.9334, val_teacher_auc=0.9124, val_teacher_fpr50=0.026792, best_global_auc=0.9131 | kd=3.4367, emb=0.0778, tok=3.4838, phys=0.2294, budget_hinge=29244.5086, delta=0.0508, delta_gain=0.1680, delta_cost=0.0729, stage_scale=1.00
Ep 65 [phase_100]: train_total=6.0542, val_total=6.0286, train_teacher_auc=0.9375, val_teacher_auc=0.9087, val_teacher_fpr50=0.029265, best_global_auc=0.9131 | kd=3.4540, emb=0.0794, tok=3.4837, phys=0.2308, budget_hinge=29241.1376, delta=0.0535, delta_gain=0.1654, delta_cost=0.0730, stage_scale=1.00
Ep 70 [phase_100]: train_total=6.0534, val_total=6.0178, train_teacher_auc=0.9410, val_teacher_auc=0.9095, val_teacher_fpr50=0.029310, best_global_auc=0.9131 | kd=3.4500, emb=0.0793, tok=3.4814, phys=0.2304, budget_hinge=29241.8075, delta=0.0595, delta_gain=0.1680, delta_cost=0.0758, stage_scale=1.00
Early stop within phase_100 at epoch 74 (no_improve=18)
Reloaded best checkpoint for phase_100 (epoch=56, val_auc=0.9131)

======================================================================
STEP 3: TRAIN RECO-B (M2-STYLE MASKED TARGET + RATIO BUDGET)
======================================================================
