============================================================
Model-17 dual-reco dualview anti-overlap (no residual head, val-AUC selection)
Run: checkpoints/reco_teacher_joint_fusion_6model_150k75k150k/model17_dualreco_dualview_antioverlap_weighted_500k300k500k/model17_dualreco_dualview_antioverlap_weighted_500k300k500k_seed0
Train path: ./data/train_quarter.h5 (weighted)
Split: train=500000, val=300000, test=500000, n_train_jets=1300000
teacher_mode=anti_overlap, lambda=0.02, tau=0.05, beta=0.10, warmup=12
target_mode=offdrop, target_drop_prob_max=0.0
============================================================
 python train_m9_dualreco_dualview_offdrop.py --train_path ./data/train_quarter.h5 --use_train_weights --save_dir checkpoints/reco_teacher_joint_fusion_6model_150k75k150k/model17_dualreco_dualview_antioverlap_weighted_500k300k500k --run_name model17_dualreco_dualview_antioverlap_weighted_500k300k500k_seed0 --n_train_jets 1300000 --n_train_split 500000 --n_val_split 300000 --n_test_split 500000 --offset_jets 0 --max_constits 100 --num_workers 6 --seed 0 --target_mode offdrop --teacher_use_anti_overlap --teacher_anti_lambda 0.02 --teacher_anti_tau 0.05 --teacher_anti_beta 0.10 --teacher_anti_warmup_epochs 12 --stageA_epochs 90 --stageA_patience 18 --stageA_kd_temp 2.5 --stageA_lambda_kd 5.0 --stageA_lambda_emb 0.0 --stageA_lambda_tok 0.0 --stageA_lambda_phys 0.05 --stageA_lambda_budget_hinge 1.0 --stageA_budget_eps 0.015 --stageA_budget_weight_floor 1e-4 --stageA_target_tpr 0.50 --stageA_lambda_delta 0.15 --stageA_delta_tau 0.05 --stageA_delta_lambda_fp 3.0 --stageA_loss_norm_ema_decay 0.98 --stageA_loss_norm_eps 1e-6 --added_target_scale 0.90 --target_drop_prob_max 0.0 --target_drop_num_banks 1 --target_drop_bank_cycle_epochs 1 --recoB_epochs 90 --recoB_patience 18 --recoB_lr 3e-4 --recoB_weight_decay 1e-4 --recoB_warmup_epochs 5 --recoB_stage1_epochs 20 --recoB_stage2_epochs 55 --recoB_min_full_scale_epochs 5 --recoB_ratio_count_under_lambda 1.0 --recoB_ratio_count_over_lambda 0.25 --recoB_ratio_count_over_margin_base 2.0 --recoB_ratio_count_over_margin_scale 6.0 --recoB_ratio_count_over_ratio_gamma 0.70 --recoB_ratio_count_over_lambda_floor 0.05 --recoB_ratio_count_eps 0.015 --disable_recoB_ratio_budget --corrected_weight_floor 0.03 --reco_eval_batch_size 256 --select_metric auc --dual_frozen_epochs 45 --dual_frozen_patience 12 --dual_frozen_batch_size 256 --dual_frozen_lr 3e-4 --dual_frozen_weight_decay 1e-4 --dual_frozen_warmup_epochs 5 --dual_frozen_lambda_rank 0.2 --dual_frozen_rank_tau 0.05 --dual_joint_epochs 12 --dual_joint_patience 6 --dual_joint_batch_size 128 --dual_joint_lr_dual 1e-4 --dual_joint_lr_reco_a 2e-6 --dual_joint_lr_reco_b 2e-6 --dual_joint_weight_decay 1e-4 --dual_joint_warmup_epochs 3 --dual_joint_lambda_rank 0.2 --dual_joint_rank_tau 0.05 --dual_joint_lambda_anchor_a 0.02 --dual_joint_lambda_anchor_b 0.02 --report_target_tpr 0.50 --device cuda
Device: cuda
Save dir: checkpoints/reco_teacher_joint_fusion_6model_150k75k150k/model17_dualreco_dualview_antioverlap_weighted_500k300k500k/model17_dualreco_dualview_antioverlap_weighted_500k300k500k_seed0
Loading offline constituents...
Info: using 'weights' from data/train_quarter.h5 as training weights.
Generating pseudo-HLT...
Non-priv rho split setup: rho=0.900, mean_true_added_raw(target)=25.099, mean_target_merge=22.589, mean_target_eff=2.510
Computing features...
Split sizes: Train=500000, Val=300000, Test=500000 (custom_counts=True)

======================================================================
STEP 1: TEACHER + BASELINE
======================================================================
Baseline ep 5: train_auc=0.9094, val_auc=0.9002, val_fpr50=0.032125, best_auc=0.9003, fpr50@best=0.031782
Baseline ep 10: train_auc=0.9190, val_auc=0.8964, val_fpr50=0.033861, best_auc=0.9011, fpr50@best=0.030494
Baseline ep 15: train_auc=0.9255, val_auc=0.8997, val_fpr50=0.030438, best_auc=0.9045, fpr50@best=0.028237
Baseline ep 20: train_auc=0.9304, val_auc=0.9024, val_fpr50=0.029366, best_auc=0.9045, fpr50@best=0.028237
Baseline ep 25: train_auc=0.9376, val_auc=0.8998, val_fpr50=0.030468, best_auc=0.9045, fpr50@best=0.028237
Early stopping Baseline at epoch 28
StageA delta HLT reference @TPR=0.50: threshold_prob=0.843347, val_tpr=0.499990, val_fpr=0.040617
Teacher mode: anti-overlap (lambda=0.0200, tau=0.0500, beta=0.1000, warmup=12)
TeacherAntiOverlap ep 5: train_loss=0.31840 (bce=0.31840, anti=0.00028, lam=0.00833) | val_auc=0.9436, val_fpr50=0.013458, best_auc=0.9436
TeacherAntiOverlap ep 10: train_loss=0.29904 (bce=0.29903, anti=0.00030, lam=0.01667) | val_auc=0.9459, val_fpr50=0.011733, best_auc=0.9475
TeacherAntiOverlap ep 15: train_loss=0.28566 (bce=0.28565, anti=0.00027, lam=0.02000) | val_auc=0.9460, val_fpr50=0.012118, best_auc=0.9475
TeacherAntiOverlap ep 20: train_loss=0.27152 (bce=0.27151, anti=0.00024, lam=0.02000) | val_auc=0.9446, val_fpr50=0.012022, best_auc=0.9475
Early stopping TeacherAntiOverlap at epoch 23

======================================================================
STEP 2: TRAIN RECO-A (TEACHER-GUIDED STAGE-A)
======================================================================
----------------------------------------------------------------------
Stage-A curriculum: phase_035 | epochs [1,20] | stage_scale=0.35
----------------------------------------------------------------------
Ep 5 [phase_035]: train_total=6.0709, val_total=8.4288, train_teacher_auc=0.9036, val_teacher_auc=0.6162, val_teacher_fpr50=0.268435, best_global_auc=0.6559 | kd=5.3397, emb=0.1576, tok=3.5236, phys=0.3524, budget_hinge=29758.4641, delta=0.7486, delta_gain=0.2337, delta_cost=0.3275, stage_scale=0.35
