============================================================
Model-2 Joint weighted (L_delta=0.20)
Run: checkpoints/reco_teacher_joint_fusion_6model_150k75k150k/model2_joint_delta020_weighted_150k150k300k/model2_joint_delta020_weighted_150k150k300k_seed0
Split: train=150000, val=150000, test=300000, n_train_jets=600000
============================================================
 python offline_reconstructor_joint_dualview_stage2save_auc_norankc_nopriv_unmergeonly.py --train_path ./data/train_quarter.h5 --use_train_weights --force_m5_step1 --save_dir checkpoints/reco_teacher_joint_fusion_6model_150k75k150k/model2_joint_delta020_weighted_150k150k300k --run_name model2_joint_delta020_weighted_150k150k300k_seed0 --n_train_jets 600000 --n_train_split 150000 --n_val_split 150000 --n_test_split 300000 --offset_jets 0 --max_constits 100 --num_workers 6 --seed 0 --selection_metric auc --stageB_lambda_rank 0.0 --stageB_lambda_cons 0.0 --stageC_lr_dual 1e-5 --stageC_lr_reco 5e-6 --lambda_reco 0.4 --lambda_cons 0.06 --stageC_lambda_delta 0.20 --stageC_delta_tau 0.05 --stageC_delta_lambda_fp 3.0 --stageC_delta_warmup_epochs 8 --added_target_scale 0.90 --save_fusion_scores --disable_final_kd --device cuda
Device: cuda
Save dir: checkpoints/reco_teacher_joint_fusion_6model_150k75k150k/model2_joint_delta020_weighted_150k150k300k/model2_joint_delta020_weighted_150k150k300k_seed0
Loading offline constituents...
Info: using 'weights' from data/train_quarter.h5 as training weights.
Generating pseudo-HLT...
Non-priv target setup: added_target_scale=0.900, mean_true_added_raw=25.090, mean_target_added=22.581
Computing features...
Split sizes: Train=150000, Val=150000, Test=300000 (custom_counts=True)
Stage-B train subset: N=150000 / 150000 (frac=1.000, seed=0)

======================================================================
STEP 1: TEACHER + BASELINE
======================================================================
STEP 1 override: --force_m5_step1 enabled (m5-style weighting path).
Teacher ep 5: train_auc=0.9259, val_auc=0.9302, val_fpr50=0.019879, best_auc=0.9302, fpr50@best=0.019879
Teacher ep 10: train_auc=0.9364, val_auc=0.9363, val_fpr50=0.016068, best_auc=0.9394, fpr50@best=0.015804
Teacher ep 15: train_auc=0.9447, val_auc=0.9364, val_fpr50=0.015892, best_auc=0.9419, fpr50@best=0.013863
Teacher ep 20: train_auc=0.9514, val_auc=0.9351, val_fpr50=0.014209, best_auc=0.9419, fpr50@best=0.013863
Teacher ep 25: train_auc=0.9583, val_auc=0.9370, val_fpr50=0.014119, best_auc=0.9419, fpr50@best=0.013863
Early stopping Teacher at epoch 29
Baseline ep 5: train_auc=0.8911, val_auc=0.9003, val_fpr50=0.034161, best_auc=0.9019, fpr50@best=0.032535
Baseline ep 10: train_auc=0.9030, val_auc=0.8944, val_fpr50=0.038115, best_auc=0.9067, fpr50@best=0.029649
Baseline ep 15: train_auc=0.9095, val_auc=0.9084, val_fpr50=0.025900, best_auc=0.9085, fpr50@best=0.026631
Baseline ep 20: train_auc=0.9166, val_auc=0.9045, val_fpr50=0.027152, best_auc=0.9085, fpr50@best=0.026631
Baseline ep 25: train_auc=0.9251, val_auc=0.9015, val_fpr50=0.028683, best_auc=0.9097, fpr50@best=0.027485
Baseline ep 30: train_auc=0.9342, val_auc=0.9009, val_fpr50=0.027897, best_auc=0.9097, fpr50@best=0.027485
Baseline ep 35: train_auc=0.9419, val_auc=0.8969, val_fpr50=0.029393, best_auc=0.9097, fpr50@best=0.027485
Early stopping Baseline at epoch 37
StageC weak-delta HLT reference @TPR=0.50: threshold_prob=0.860711, val_auc_hlt=0.9097

======================================================================
STEP 2: STAGE A (RECONSTRUCTOR PRETRAIN)
======================================================================
Ep 5: train_total=27.1767, val_total_unw=26.7898, val_total_w=27.4683, select=weighted, best_sel=26.1912 | set_unw=0.3650, bset_unw=0.3650, phys_unw=0.4634, budget_unw=40.2106, fp_mass_unw=0.0166, set_mode=chamfer, w_set=1.000, w_budget=0.650, w_pt=0.700, w_local=0.030, stage_scale=0.35
Ep 10: train_total=25.7399, val_total_unw=26.8883, val_total_w=28.0652, select=weighted, best_sel=26.1912 | set_unw=0.3610, bset_unw=0.3610, phys_unw=0.4883, budget_unw=40.3381, fp_mass_unw=0.0156, set_mode=chamfer, w_set=1.000, w_budget=0.650, w_pt=0.700, w_local=0.030, stage_scale=0.35
Ep 15: train_total=25.2529, val_total_unw=26.1266, val_total_w=27.0227, select=weighted, best_sel=25.8624 | set_unw=0.3602, bset_unw=0.3602, phys_unw=0.4631, budget_unw=39.1981, fp_mass_unw=0.0156, set_mode=chamfer, w_set=1.000, w_budget=0.650, w_pt=0.700, w_local=0.030, stage_scale=0.35
Ep 20: train_total=24.7788, val_total_unw=25.5833, val_total_w=25.9857, select=weighted, best_sel=25.8624 | set_unw=0.3596, bset_unw=0.3596, phys_unw=0.4594, budget_unw=38.3687, fp_mass_unw=0.0155, set_mode=chamfer, w_set=1.000, w_budget=0.650, w_pt=0.700, w_local=0.030, stage_scale=0.35
Stage-A transition -> reloaded best from phase_035 (epoch=11, val_total=25.8624)
Ep 25: train_total=23.2993, val_total_unw=23.3865, val_total_w=23.7963, select=weighted, best_sel=23.7963 | set_unw=0.3577, bset_unw=0.3577, phys_unw=0.4230, budget_unw=35.0358, fp_mass_unw=0.0152, set_mode=chamfer, w_set=1.000, w_budget=0.650, w_pt=0.700, w_local=0.030, stage_scale=0.70
Ep 30: train_total=22.8939, val_total_unw=25.3519, val_total_w=25.8574, select=weighted, best_sel=23.7963 | set_unw=0.3576, bset_unw=0.3576, phys_unw=0.4470, budget_unw=38.0297, fp_mass_unw=0.0146, set_mode=chamfer, w_set=1.000, w_budget=0.650, w_pt=0.700, w_local=0.030, stage_scale=0.70
Ep 35: train_total=22.4577, val_total_unw=22.9252, val_total_w=23.0233, select=weighted, best_sel=23.0233 | set_unw=0.3572, bset_unw=0.3572, phys_unw=0.4265, budget_unw=34.3226, fp_mass_unw=0.0150, set_mode=chamfer, w_set=1.000, w_budget=0.650, w_pt=0.700, w_local=0.030, stage_scale=0.70
Ep 40: train_total=21.9791, val_total_unw=23.7036, val_total_w=24.0890, select=weighted, best_sel=23.0233 | set_unw=0.3554, bset_unw=0.3554, phys_unw=0.4363, budget_unw=35.5115, fp_mass_unw=0.0141, set_mode=chamfer, w_set=1.000, w_budget=0.650, w_pt=0.700, w_local=0.030, stage_scale=0.70
Ep 45: train_total=21.3901, val_total_unw=24.1122, val_total_w=24.3993, select=weighted, best_sel=23.0233 | set_unw=0.3559, bset_unw=0.3559, phys_unw=0.4285, budget_unw=36.1474, fp_mass_unw=0.0144, set_mode=chamfer, w_set=1.000, w_budget=0.650, w_pt=0.700, w_local=0.030, stage_scale=0.70
Ep 50: train_total=20.8955, val_total_unw=23.5128, val_total_w=24.0150, select=weighted, best_sel=23.0233 | set_unw=0.3560, bset_unw=0.3560, phys_unw=0.4358, budget_unw=35.2171, fp_mass_unw=0.0139, set_mode=chamfer, w_set=1.000, w_budget=0.650, w_pt=0.700, w_local=0.030, stage_scale=0.70
Ep 55: train_total=20.2143, val_total_unw=23.9513, val_total_w=24.0081, select=weighted, best_sel=23.0233 | set_unw=0.3556, bset_unw=0.3556, phys_unw=0.4211, budget_unw=35.9096, fp_mass_unw=0.0145, set_mode=chamfer, w_set=1.000, w_budget=0.650, w_pt=0.700, w_local=0.030, stage_scale=0.70
Stage-A transition -> reloaded best from phase_070 (epoch=35, val_total=23.0233)
Ep 60: train_total=21.7075, val_total_unw=24.3712, val_total_w=25.1433, select=weighted, best_sel=23.0233 | set_unw=0.3529, bset_unw=0.3529, phys_unw=0.4442, budget_unw=36.5319, fp_mass_unw=0.0136, set_mode=chamfer, w_set=1.000, w_budget=0.650, w_pt=0.700, w_local=0.030, stage_scale=1.00
Ep 65: train_total=20.9754, val_total_unw=23.3296, val_total_w=23.4635, select=weighted, best_sel=23.0233 | set_unw=0.3546, bset_unw=0.3546, phys_unw=0.4272, budget_unw=34.9478, fp_mass_unw=0.0137, set_mode=chamfer, w_set=1.000, w_budget=0.650, w_pt=0.700, w_local=0.030, stage_scale=1.00
Ep 70: train_total=20.4447, val_total_unw=23.2945, val_total_w=23.4462, select=weighted, best_sel=23.0233 | set_unw=0.3543, bset_unw=0.3543, phys_unw=0.4176, budget_unw=34.9056, fp_mass_unw=0.0141, set_mode=chamfer, w_set=1.000, w_budget=0.650, w_pt=0.700, w_local=0.030, stage_scale=1.00
Early stopping reconstructor at epoch 73

======================================================================
STEP 3: STAGE B (DUAL PRETRAIN, FROZEN RECONSTRUCTOR)
======================================================================
StageB-DualPretrain ep 5: train_loss=0.3772 (cls=0.3772, rank=0.3052, reco=0.0000, cons=0.1237, delta=0.0000, d_gain=0.0000, d_cost=0.0000, anc_p=0.0000, anc_o=0.0000) | val_auc_unw=0.8553, val_fpr50_unw=0.056522, val_auc_w=0.8789, val_fpr50_w=0.039523, val_metric_source=weighted, select=auc, best_sel=0.879704, unfreeze=frozen, reco_trainable=0, dual_frozen=False, dual_trainable=2812673
StageB-DualPretrain ep 10: train_loss=0.3558 (cls=0.3558, rank=0.2967, reco=0.0000, cons=0.1236, delta=0.0000, d_gain=0.0000, d_cost=0.0000, anc_p=0.0000, anc_o=0.0000) | val_auc_unw=0.8534, val_fpr50_unw=0.061723, val_auc_w=0.8903, val_fpr50_w=0.037710, val_metric_source=weighted, select=auc, best_sel=0.894073, unfreeze=frozen, reco_trainable=0, dual_frozen=False, dual_trainable=2812673
StageB-DualPretrain ep 15: train_loss=0.3355 (cls=0.3355, rank=0.2947, reco=0.0000, cons=0.1235, delta=0.0000, d_gain=0.0000, d_cost=0.0000, anc_p=0.0000, anc_o=0.0000) | val_auc_unw=0.8630, val_fpr50_unw=0.047398, val_auc_w=0.8926, val_fpr50_w=0.035394, val_metric_source=weighted, select=auc, best_sel=0.896326, unfreeze=frozen, reco_trainable=0, dual_frozen=False, dual_trainable=2812673
StageB-DualPretrain ep 20: train_loss=0.3218 (cls=0.3218, rank=0.2941, reco=0.0000, cons=0.1238, delta=0.0000, d_gain=0.0000, d_cost=0.0000, anc_p=0.0000, anc_o=0.0000) | val_auc_unw=0.8761, val_fpr50_unw=0.041083, val_auc_w=0.8980, val_fpr50_w=0.032680, val_metric_source=weighted, select=auc, best_sel=0.898009, unfreeze=frozen, reco_trainable=0, dual_frozen=False, dual_trainable=2812673
StageB-DualPretrain ep 25: train_loss=0.3039 (cls=0.3039, rank=0.2975, reco=0.0000, cons=0.1237, delta=0.0000, d_gain=0.0000, d_cost=0.0000, anc_p=0.0000, anc_o=0.0000) | val_auc_unw=0.8760, val_fpr50_unw=0.043566, val_auc_w=0.8957, val_fpr50_w=0.037556, val_metric_source=weighted, select=auc, best_sel=0.898009, unfreeze=frozen, reco_trainable=0, dual_frozen=False, dual_trainable=2812673
StageB-DualPretrain ep 30: train_loss=0.2843 (cls=0.2843, rank=0.3030, reco=0.0000, cons=0.1236, delta=0.0000, d_gain=0.0000, d_cost=0.0000, anc_p=0.0000, anc_o=0.0000) | val_auc_unw=0.8689, val_fpr50_unw=0.039006, val_auc_w=0.8923, val_fpr50_w=0.036779, val_metric_source=weighted, select=auc, best_sel=0.898009, unfreeze=frozen, reco_trainable=0, dual_frozen=False, dual_trainable=2812673
Early stopping StageB-DualPretrain at epoch 32

======================================================================
STEP 4: STAGE C (JOINT FINETUNE)
======================================================================
StageC-Joint ep 1: train_loss=9.1146 (cls=0.3169, rank=0.2953, reco=21.9687, cons=0.1258, delta=0.1095, d_gain=0.1507, d_cost=0.0867, anc_p=0.0000, anc_o=0.0000) | val_auc_unw=0.8746, val_fpr50_unw=0.042661, val_auc_w=0.8992, val_fpr50_w=0.031437, val_metric_source=weighted, select=auc, best_sel=0.899172, unfreeze=all, reco_trainable=7098018, dual_frozen=False, dual_trainable=2812673
StageC-Joint ep 2: train_loss=8.9494 (cls=0.3100, rank=0.2964, reco=21.5665, cons=0.1255, delta=0.1059, d_gain=0.1508, d_cost=0.0856, anc_p=0.0000, anc_o=0.0000) | val_auc_unw=0.8757, val_fpr50_unw=0.041230, val_auc_w=0.8995, val_fpr50_w=0.031637, val_metric_source=weighted, select=auc, best_sel=0.899510, unfreeze=all, reco_trainable=7098018, dual_frozen=False, dual_trainable=2812673
StageC-Joint ep 3: train_loss=8.9020 (cls=0.3098, rank=0.2961, reco=21.4429, cons=0.1251, delta=0.1003, d_gain=0.1500, d_cost=0.0834, anc_p=0.0000, anc_o=0.0000) | val_auc_unw=0.8784, val_fpr50_unw=0.039370, val_auc_w=0.9002, val_fpr50_w=0.031379, val_metric_source=weighted, select=auc, best_sel=0.900191, unfreeze=all, reco_trainable=7098018, dual_frozen=False, dual_trainable=2812673
StageC-Joint ep 4: train_loss=8.7994 (cls=0.3071, rank=0.2959, reco=21.1888, cons=0.1247, delta=0.0930, d_gain=0.1493, d_cost=0.0808, anc_p=0.0000, anc_o=0.0000) | val_auc_unw=0.8781, val_fpr50_unw=0.040005, val_auc_w=0.9000, val_fpr50_w=0.031571, val_metric_source=weighted, select=auc, best_sel=0.900191, unfreeze=all, reco_trainable=7098018, dual_frozen=False, dual_trainable=2812673
StageC-Joint ep 5: train_loss=8.8007 (cls=0.3087, rank=0.2966, reco=21.1839, cons=0.1248, delta=0.0880, d_gain=0.1490, d_cost=0.0790, anc_p=0.0000, anc_o=0.0000) | val_auc_unw=0.8804, val_fpr50_unw=0.038544, val_auc_w=0.9001, val_fpr50_w=0.031846, val_metric_source=weighted, select=auc, best_sel=0.900191, unfreeze=all, reco_trainable=7098018, dual_frozen=False, dual_trainable=2812673
StageC-Joint ep 6: train_loss=8.8106 (cls=0.3059, rank=0.2973, reco=21.2130, cons=0.1248, delta=0.0802, d_gain=0.1492, d_cost=0.0765, anc_p=0.0000, anc_o=0.0000) | val_auc_unw=0.8812, val_fpr50_unw=0.038205, val_auc_w=0.9004, val_fpr50_w=0.032156, val_metric_source=weighted, select=auc, best_sel=0.900366, unfreeze=all, reco_trainable=7098018, dual_frozen=False, dual_trainable=2812673
StageC-Joint ep 7: train_loss=8.7859 (cls=0.3060, rank=0.2981, reco=21.1475, cons=0.1248, delta=0.0762, d_gain=0.1492, d_cost=0.0751, anc_p=0.0000, anc_o=0.0000) | val_auc_unw=0.8822, val_fpr50_unw=0.038444, val_auc_w=0.9003, val_fpr50_w=0.032242, val_metric_source=weighted, select=auc, best_sel=0.900366, unfreeze=all, reco_trainable=7098018, dual_frozen=False, dual_trainable=2812673
StageC-Joint ep 8: train_loss=8.7752 (cls=0.3063, rank=0.2983, reco=21.1176, cons=0.1248, delta=0.0719, d_gain=0.1497, d_cost=0.0739, anc_p=0.0000, anc_o=0.0000) | val_auc_unw=0.8816, val_fpr50_unw=0.038122, val_auc_w=0.9005, val_fpr50_w=0.031857, val_metric_source=weighted, select=auc, best_sel=0.900508, unfreeze=all, reco_trainable=7098018, dual_frozen=False, dual_trainable=2812673
StageC-Joint ep 9: train_loss=8.7412 (cls=0.3047, rank=0.2994, reco=21.0377, cons=0.1247, delta=0.0697, d_gain=0.1494, d_cost=0.0730, anc_p=0.0000, anc_o=0.0000) | val_auc_unw=0.8853, val_fpr50_unw=0.036561, val_auc_w=0.9007, val_fpr50_w=0.032375, val_metric_source=weighted, select=auc, best_sel=0.900724, unfreeze=all, reco_trainable=7098018, dual_frozen=False, dual_trainable=2812673
StageC-Joint ep 10: train_loss=8.7636 (cls=0.3045, rank=0.2986, reco=21.0945, cons=0.1250, delta=0.0689, d_gain=0.1492, d_cost=0.0727, anc_p=0.0000, anc_o=0.0000) | val_auc_unw=0.8837, val_fpr50_unw=0.037278, val_auc_w=0.9002, val_fpr50_w=0.032253, val_metric_source=weighted, select=auc, best_sel=0.900724, unfreeze=all, reco_trainable=7098018, dual_frozen=False, dual_trainable=2812673
StageC-Joint ep 11: train_loss=8.7423 (cls=0.3028, rank=0.2981, reco=21.0480, cons=0.1252, delta=0.0637, d_gain=0.1496, d_cost=0.0711, anc_p=0.0000, anc_o=0.0000) | val_auc_unw=0.8853, val_fpr50_unw=0.036175, val_auc_w=0.9005, val_fpr50_w=0.032363, val_metric_source=weighted, select=auc, best_sel=0.900724, unfreeze=all, reco_trainable=7098018, dual_frozen=False, dual_trainable=2812673
StageC-Joint ep 12: train_loss=8.7602 (cls=0.3015, rank=0.2993, reco=21.0953, cons=0.1248, delta=0.0653, d_gain=0.1493, d_cost=0.0715, anc_p=0.0000, anc_o=0.0000) | val_auc_unw=0.8831, val_fpr50_unw=0.037492, val_auc_w=0.9000, val_fpr50_w=0.032028, val_metric_source=weighted, select=auc, best_sel=0.900724, unfreeze=all, reco_trainable=7098018, dual_frozen=False, dual_trainable=2812673
StageC-Joint ep 13: train_loss=8.7388 (cls=0.3017, rank=0.3000, reco=21.0411, cons=0.1248, delta=0.0654, d_gain=0.1482, d_cost=0.0712, anc_p=0.0000, anc_o=0.0000) | val_auc_unw=0.8842, val_fpr50_unw=0.036601, val_auc_w=0.9002, val_fpr50_w=0.032100, val_metric_source=weighted, select=auc, best_sel=0.900724, unfreeze=all, reco_trainable=7098018, dual_frozen=False, dual_trainable=2812673
StageC-Joint ep 14: train_loss=8.7090 (cls=0.3059, rank=0.3000, reco=20.9567, cons=0.1248, delta=0.0648, d_gain=0.1495, d_cost=0.0714, anc_p=0.0000, anc_o=0.0000) | val_auc_unw=0.8869, val_fpr50_unw=0.035595, val_auc_w=0.9003, val_fpr50_w=0.032742, val_metric_source=weighted, select=auc, best_sel=0.900724, unfreeze=all, reco_trainable=7098018, dual_frozen=False, dual_trainable=2812673
StageC-Joint ep 15: train_loss=8.6780 (cls=0.3048, rank=0.2992, reco=20.8816, cons=0.1247, delta=0.0656, d_gain=0.1499, d_cost=0.0718, anc_p=0.0000, anc_o=0.0000) | val_auc_unw=0.8843, val_fpr50_unw=0.037528, val_auc_w=0.8999, val_fpr50_w=0.033011, val_metric_source=weighted, select=auc, best_sel=0.900724, unfreeze=all, reco_trainable=7098018, dual_frozen=False, dual_trainable=2812673
StageC-Joint ep 16: train_loss=8.7102 (cls=0.2981, rank=0.2998, reco=20.9801, cons=0.1249, delta=0.0626, d_gain=0.1503, d_cost=0.0710, anc_p=0.0000, anc_o=0.0000) | val_auc_unw=0.8847, val_fpr50_unw=0.037369, val_auc_w=0.9002, val_fpr50_w=0.033316, val_metric_source=weighted, select=auc, best_sel=0.900724, unfreeze=all, reco_trainable=7098018, dual_frozen=False, dual_trainable=2812673
StageC-Joint ep 17: train_loss=8.6733 (cls=0.3024, rank=0.2997, reco=20.8778, cons=0.1248, delta=0.0613, d_gain=0.1507, d_cost=0.0707, anc_p=0.0000, anc_o=0.0000) | val_auc_unw=0.8841, val_fpr50_unw=0.037399, val_auc_w=0.8995, val_fpr50_w=0.033264, val_metric_source=weighted, select=auc, best_sel=0.900724, unfreeze=all, reco_trainable=7098018, dual_frozen=False, dual_trainable=2812673
StageC-Joint ep 18: train_loss=8.7222 (cls=0.3034, rank=0.2994, reco=20.9961, cons=0.1250, delta=0.0641, d_gain=0.1502, d_cost=0.0715, anc_p=0.0000, anc_o=0.0000) | val_auc_unw=0.8837, val_fpr50_unw=0.038277, val_auc_w=0.8996, val_fpr50_w=0.033304, val_metric_source=weighted, select=auc, best_sel=0.900724, unfreeze=all, reco_trainable=7098018, dual_frozen=False, dual_trainable=2812673
StageC-Joint ep 19: train_loss=8.6917 (cls=0.2995, rank=0.2999, reco=20.9306, cons=0.1246, delta=0.0624, d_gain=0.1503, d_cost=0.0709, anc_p=0.0000, anc_o=0.0000) | val_auc_unw=0.8852, val_fpr50_unw=0.036776, val_auc_w=0.8996, val_fpr50_w=0.033308, val_metric_source=weighted, select=auc, best_sel=0.900724, unfreeze=all, reco_trainable=7098018, dual_frozen=False, dual_trainable=2812673
StageC-Joint ep 20: train_loss=8.7085 (cls=0.3015, rank=0.2998, reco=20.9690, cons=0.1245, delta=0.0595, d_gain=0.1511, d_cost=0.0702, anc_p=0.0000, anc_o=0.0000) | val_auc_unw=0.8852, val_fpr50_unw=0.037347, val_auc_w=0.9000, val_fpr50_w=0.032849, val_metric_source=weighted, select=auc, best_sel=0.900724, unfreeze=all, reco_trainable=7098018, dual_frozen=False, dual_trainable=2812673
StageC-Joint ep 21: train_loss=8.7313 (cls=0.3028, rank=0.3007, reco=21.0211, cons=0.1250, delta=0.0625, d_gain=0.1513, d_cost=0.0713, anc_p=0.0000, anc_o=0.0000) | val_auc_unw=0.8850, val_fpr50_unw=0.037245, val_auc_w=0.8996, val_fpr50_w=0.033683, val_metric_source=weighted, select=auc, best_sel=0.900724, unfreeze=all, reco_trainable=7098018, dual_frozen=False, dual_trainable=2812673
StageC-Joint ep 22: train_loss=8.7007 (cls=0.3002, rank=0.2998, reco=20.9507, cons=0.1247, delta=0.0635, d_gain=0.1488, d_cost=0.0708, anc_p=0.0000, anc_o=0.0000) | val_auc_unw=0.8855, val_fpr50_unw=0.036730, val_auc_w=0.9000, val_fpr50_w=0.032893, val_metric_source=weighted, select=auc, best_sel=0.900724, unfreeze=all, reco_trainable=7098018, dual_frozen=False, dual_trainable=2812673
StageC-Joint ep 23: train_loss=8.6659 (cls=0.2995, rank=0.3005, reco=20.8662, cons=0.1248, delta=0.0621, d_gain=0.1493, d_cost=0.0705, anc_p=0.0000, anc_o=0.0000) | val_auc_unw=0.8844, val_fpr50_unw=0.037218, val_auc_w=0.8996, val_fpr50_w=0.032987, val_metric_source=weighted, select=auc, best_sel=0.900724, unfreeze=all, reco_trainable=7098018, dual_frozen=False, dual_trainable=2812673
StageC-Joint ep 24: train_loss=8.6767 (cls=0.2996, rank=0.3004, reco=20.8946, cons=0.1247, delta=0.0593, d_gain=0.1505, d_cost=0.0699, anc_p=0.0000, anc_o=0.0000) | val_auc_unw=0.8845, val_fpr50_unw=0.037132, val_auc_w=0.8996, val_fpr50_w=0.033033, val_metric_source=weighted, select=auc, best_sel=0.900724, unfreeze=all, reco_trainable=7098018, dual_frozen=False, dual_trainable=2812673
StageC-Joint ep 25: train_loss=8.7035 (cls=0.3025, rank=0.3015, reco=20.9540, cons=0.1245, delta=0.0596, d_gain=0.1519, d_cost=0.0705, anc_p=0.0000, anc_o=0.0000) | val_auc_unw=0.8858, val_fpr50_unw=0.036680, val_auc_w=0.8998, val_fpr50_w=0.032929, val_metric_source=weighted, select=auc, best_sel=0.900724, unfreeze=all, reco_trainable=7098018, dual_frozen=False, dual_trainable=2812673
Early stopping StageC-Joint at epoch 25

======================================================================
STEP 5: RECONSTRUCTION DIAGNOSTICS
======================================================================

Jet pT response/resolution by truth pT bin (test split):
  pT_low - pT_high | N | HLT resp | HLT reso | Corrected resp | Corrected reso
  161270.5 - 502298.9 | 37500 | 0.8705 | 0.1505 | 0.7832 | 0.1314
  502298.9 - 771663.8 | 37500 | 0.8476 | 0.1699 | 0.7027 | 0.1289
  771663.8 - 1089000.5 | 37500 | 0.8321 | 0.1876 | 0.6484 | 0.1307
  1089000.5 - 1360162.8 | 37500 | 0.8214 | 0.2036 | 0.6145 | 0.1363
  1360162.8 - 1710939.2 | 37500 | 0.8201 | 0.2062 | 0.5971 | 0.1364
  1710939.2 - 2153567.1 | 37500 | 0.8174 | 0.2082 | 0.5801 | 0.1359
  2153567.1 - 2634343.6 | 37500 | 0.8093 | 0.2225 | 0.5626 | 0.1442
  2634343.6 - 3973388.8 | 37500 | 0.8038 | 0.2263 | 0.5475 | 0.1453

Constituent-count diagnostics:
  Means: offline=54.258, hlt=29.167, reco=51.383
  MAE vs offline: hlt=25.090, reco=5.818

Budget diagnostics (test split):
  MAE: merge=5.439, eff=0.000, total=5.439
  Bias: merge=-1.811, eff=0.000, total=-1.811

======================================================================
FINAL TEST EVALUATION
======================================================================
Teacher (Offline) AUC: 0.9418
Baseline (HLT)   AUC: 0.9083
Stage2 (PreJoint) AUC: 0.8749
Stage2 (BestValFPR50) AUC: 0.8749
Joint Dual-View  AUC: 0.8843
Joint Dual-View (BestValFPR50) AUC: 0.8772

FPR@30 Teacher/Baseline/Stage2/Joint: 0.003587 / 0.007068 / 0.011055 / 0.009545
FPR@30 Stage2BestFPR / JointBestFPR: 0.011055 / 0.010250
FPR@50 Teacher/Baseline/Stage2/Joint: 0.013746 / 0.028161 / 0.042673 / 0.037651
FPR@50 Stage2BestFPR / JointBestFPR: 0.042673 / 0.040712
Saving val/test score arrays for fusion analysis...
Saved fusion score arrays to: checkpoints/reco_teacher_joint_fusion_6model_150k75k150k/model2_joint_delta020_weighted_150k150k300k/model2_joint_delta020_weighted_150k150k300k_seed0/fusion_scores_val_test.npz

Saved joint results to: checkpoints/reco_teacher_joint_fusion_6model_150k75k150k/model2_joint_delta020_weighted_150k150k300k/model2_joint_delta020_weighted_150k150k300k_seed0
Done: checkpoints/reco_teacher_joint_fusion_6model_150k75k150k/model2_joint_delta020_weighted_150k150k300k/model2_joint_delta020_weighted_150k150k300k_seed0
