============================================================
Model-2 Joint weighted (L_delta=0.05)
Run: checkpoints/reco_teacher_joint_fusion_6model_150k75k150k/model2_joint_delta005_weighted_150k150k300k/model2_joint_delta005_weighted_150k150k300k_seed0
Split: train=150000, val=150000, test=300000, n_train_jets=600000
============================================================
 python offline_reconstructor_joint_dualview_stage2save_auc_norankc_nopriv_unmergeonly.py --train_path ./data/train_quarter.h5 --use_train_weights --save_dir checkpoints/reco_teacher_joint_fusion_6model_150k75k150k/model2_joint_delta005_weighted_150k150k300k --run_name model2_joint_delta005_weighted_150k150k300k_seed0 --n_train_jets 600000 --n_train_split 150000 --n_val_split 150000 --n_test_split 300000 --offset_jets 0 --max_constits 100 --num_workers 6 --seed 0 --selection_metric auc --stageB_lambda_rank 0.0 --stageB_lambda_cons 0.0 --stageC_lr_dual 1e-5 --stageC_lr_reco 5e-6 --lambda_reco 0.4 --lambda_cons 0.06 --stageC_lambda_delta 0.05 --stageC_delta_tau 0.05 --stageC_delta_lambda_fp 3.0 --stageC_delta_warmup_epochs 8 --added_target_scale 0.90 --save_fusion_scores --disable_final_kd --device cuda
Device: cuda
Save dir: checkpoints/reco_teacher_joint_fusion_6model_150k75k150k/model2_joint_delta005_weighted_150k150k300k/model2_joint_delta005_weighted_150k150k300k_seed0
Loading offline constituents...
Info: using 'weights' from data/train_quarter.h5 as training weights.
Generating pseudo-HLT...
Non-priv target setup: added_target_scale=0.900, mean_true_added_raw=25.090, mean_target_added=22.581
Computing features...
Split sizes: Train=150000, Val=150000, Test=300000 (custom_counts=True)
Stage-B train subset: N=150000 / 150000 (frac=1.000, seed=0)

======================================================================
STEP 1: TEACHER + BASELINE
======================================================================
Teacher ep 5: train_auc=0.9282, val_auc=0.9131, val_fpr50=0.027227, best_auc=0.9145, fpr50@best=0.030954
Teacher ep 10: train_auc=0.9403, val_auc=0.9159, val_fpr50=0.024426, best_auc=0.9252, fpr50@best=0.020823
Teacher ep 15: train_auc=0.9508, val_auc=0.9233, val_fpr50=0.020468, best_auc=0.9299, fpr50@best=0.018010
Teacher ep 20: train_auc=0.9576, val_auc=0.9173, val_fpr50=0.021609, best_auc=0.9299, fpr50@best=0.018010
Teacher ep 25: train_auc=0.9644, val_auc=0.9271, val_fpr50=0.019286, best_auc=0.9299, fpr50@best=0.018010
Early stopping Teacher at epoch 29
Baseline ep 5: train_auc=0.8975, val_auc=0.8751, val_fpr50=0.048994, best_auc=0.8854, fpr50@best=0.040157
Baseline ep 10: train_auc=0.9118, val_auc=0.8823, val_fpr50=0.041853, best_auc=0.8916, fpr50@best=0.036427
Baseline ep 15: train_auc=0.9205, val_auc=0.8948, val_fpr50=0.035074, best_auc=0.8948, fpr50@best=0.035074
Baseline ep 20: train_auc=0.9292, val_auc=0.8910, val_fpr50=0.033777, best_auc=0.8967, fpr50@best=0.033962
Baseline ep 25: train_auc=0.9377, val_auc=0.8890, val_fpr50=0.036576, best_auc=0.8967, fpr50@best=0.033962
Baseline ep 30: train_auc=0.9480, val_auc=0.8837, val_fpr50=0.039964, best_auc=0.8967, fpr50@best=0.033962
Early stopping Baseline at epoch 33
StageC weak-delta HLT reference @TPR=0.50: threshold_prob=0.824764, val_auc_hlt=0.8967

======================================================================
STEP 2: STAGE A (RECONSTRUCTOR PRETRAIN)
======================================================================
Ep 5: train_total=27.1627, val_total_unw=28.8225, val_total_w=30.5167, select=weighted, best_sel=25.8080 | set_unw=0.3652, bset_unw=0.3652, phys_unw=0.5221, budget_unw=43.2626, fp_mass_unw=0.0182, set_mode=chamfer, w_set=1.000, w_budget=0.650, w_pt=0.700, w_local=0.030, stage_scale=0.35
Ep 10: train_total=25.9245, val_total_unw=28.1979, val_total_w=29.4335, select=weighted, best_sel=25.8080 | set_unw=0.3634, bset_unw=0.3634, phys_unw=0.5064, budget_unw=42.3254, fp_mass_unw=0.0184, set_mode=chamfer, w_set=1.000, w_budget=0.650, w_pt=0.700, w_local=0.030, stage_scale=0.35
Ep 15: train_total=25.1425, val_total_unw=27.1213, val_total_w=28.5049, select=weighted, best_sel=25.8080 | set_unw=0.3589, bset_unw=0.3589, phys_unw=0.4794, budget_unw=40.7112, fp_mass_unw=0.0164, set_mode=chamfer, w_set=1.000, w_budget=0.650, w_pt=0.700, w_local=0.030, stage_scale=0.35
Ep 20: train_total=24.7648, val_total_unw=28.3023, val_total_w=29.9026, select=weighted, best_sel=25.8080 | set_unw=0.3592, bset_unw=0.3592, phys_unw=0.4917, budget_unw=42.5116, fp_mass_unw=0.0161, set_mode=chamfer, w_set=1.000, w_budget=0.650, w_pt=0.700, w_local=0.030, stage_scale=0.35
Stage-A transition -> reloaded best from phase_035 (epoch=2, val_total=25.8080)
Ep 25: train_total=24.4527, val_total_unw=27.7214, val_total_w=29.6340, select=weighted, best_sel=24.9625 | set_unw=0.3599, bset_unw=0.3599, phys_unw=0.4901, budget_unw=41.6171, fp_mass_unw=0.0164, set_mode=chamfer, w_set=1.000, w_budget=0.650, w_pt=0.700, w_local=0.030, stage_scale=0.70
Ep 30: train_total=23.7322, val_total_unw=26.3816, val_total_w=27.3586, select=weighted, best_sel=24.2621 | set_unw=0.3607, bset_unw=0.3607, phys_unw=0.4740, budget_unw=39.5762, fp_mass_unw=0.0176, set_mode=chamfer, w_set=1.000, w_budget=0.650, w_pt=0.700, w_local=0.030, stage_scale=0.70
Ep 35: train_total=23.1298, val_total_unw=24.5685, val_total_w=25.1194, select=weighted, best_sel=24.0676 | set_unw=0.3596, bset_unw=0.3596, phys_unw=0.4383, budget_unw=36.8326, fp_mass_unw=0.0161, set_mode=chamfer, w_set=1.000, w_budget=0.650, w_pt=0.700, w_local=0.030, stage_scale=0.70
Ep 40: train_total=22.7270, val_total_unw=24.1428, val_total_w=24.2002, select=weighted, best_sel=23.3856 | set_unw=0.3596, bset_unw=0.3596, phys_unw=0.4370, budget_unw=36.1788, fp_mass_unw=0.0150, set_mode=chamfer, w_set=1.000, w_budget=0.650, w_pt=0.700, w_local=0.030, stage_scale=0.70
Ep 45: train_total=22.5169, val_total_unw=23.8457, val_total_w=24.1408, select=weighted, best_sel=23.2564 | set_unw=0.3564, bset_unw=0.3564, phys_unw=0.4377, budget_unw=35.7271, fp_mass_unw=0.0142, set_mode=chamfer, w_set=1.000, w_budget=0.650, w_pt=0.700, w_local=0.030, stage_scale=0.70
Ep 50: train_total=22.0666, val_total_unw=23.7438, val_total_w=23.8298, select=weighted, best_sel=23.2564 | set_unw=0.3574, bset_unw=0.3574, phys_unw=0.4245, budget_unw=35.5842, fp_mass_unw=0.0150, set_mode=chamfer, w_set=1.000, w_budget=0.650, w_pt=0.700, w_local=0.030, stage_scale=0.70
Ep 55: train_total=21.5462, val_total_unw=24.5903, val_total_w=25.4294, select=weighted, best_sel=23.2564 | set_unw=0.3541, bset_unw=0.3541, phys_unw=0.4575, budget_unw=36.8519, fp_mass_unw=0.0143, set_mode=chamfer, w_set=1.000, w_budget=0.650, w_pt=0.700, w_local=0.030, stage_scale=0.70
Stage-A transition -> reloaded best from phase_070 (epoch=42, val_total=23.2564)
Ep 60: train_total=21.9509, val_total_unw=23.3919, val_total_w=23.9470, select=weighted, best_sel=23.2564 | set_unw=0.3550, bset_unw=0.3550, phys_unw=0.4356, budget_unw=35.0334, fp_mass_unw=0.0148, set_mode=chamfer, w_set=1.000, w_budget=0.650, w_pt=0.700, w_local=0.030, stage_scale=1.00
Ep 65: train_total=21.3127, val_total_unw=23.5393, val_total_w=24.1078, select=weighted, best_sel=23.2564 | set_unw=0.3526, bset_unw=0.3526, phys_unw=0.4367, budget_unw=35.2625, fp_mass_unw=0.0142, set_mode=chamfer, w_set=1.000, w_budget=0.650, w_pt=0.700, w_local=0.030, stage_scale=1.00
Ep 70: train_total=20.9115, val_total_unw=23.4262, val_total_w=24.2640, select=weighted, best_sel=23.2564 | set_unw=0.3520, bset_unw=0.3520, phys_unw=0.4406, budget_unw=35.0843, fp_mass_unw=0.0135, set_mode=chamfer, w_set=1.000, w_budget=0.650, w_pt=0.700, w_local=0.030, stage_scale=1.00
Early stopping reconstructor at epoch 73

======================================================================
STEP 3: STAGE B (DUAL PRETRAIN, FROZEN RECONSTRUCTOR)
======================================================================
StageB-DualPretrain ep 5: train_loss=0.3820 (cls=0.3820, rank=0.3051, reco=0.0000, cons=0.1220, delta=0.0000, d_gain=0.0000, d_cost=0.0000, anc_p=0.0000, anc_o=0.0000) | val_auc_unw=0.8494, val_fpr50_unw=0.068950, val_auc_w=0.8799, val_fpr50_w=0.045441, val_metric_source=weighted, select=auc, best_sel=0.888222, unfreeze=frozen, reco_trainable=0, dual_frozen=False, dual_trainable=2812673
StageB-DualPretrain ep 10: train_loss=0.3542 (cls=0.3542, rank=0.2982, reco=0.0000, cons=0.1218, delta=0.0000, d_gain=0.0000, d_cost=0.0000, anc_p=0.0000, anc_o=0.0000) | val_auc_unw=0.8522, val_fpr50_unw=0.059458, val_auc_w=0.8900, val_fpr50_w=0.037191, val_metric_source=weighted, select=auc, best_sel=0.893585, unfreeze=frozen, reco_trainable=0, dual_frozen=False, dual_trainable=2812673
StageB-DualPretrain ep 15: train_loss=0.3389 (cls=0.3389, rank=0.2936, reco=0.0000, cons=0.1221, delta=0.0000, d_gain=0.0000, d_cost=0.0000, anc_p=0.0000, anc_o=0.0000) | val_auc_unw=0.8722, val_fpr50_unw=0.042939, val_auc_w=0.8952, val_fpr50_w=0.033498, val_metric_source=weighted, select=auc, best_sel=0.895636, unfreeze=frozen, reco_trainable=0, dual_frozen=False, dual_trainable=2812673
StageB-DualPretrain ep 20: train_loss=0.3173 (cls=0.3173, rank=0.2945, reco=0.0000, cons=0.1221, delta=0.0000, d_gain=0.0000, d_cost=0.0000, anc_p=0.0000, anc_o=0.0000) | val_auc_unw=0.8724, val_fpr50_unw=0.044843, val_auc_w=0.8941, val_fpr50_w=0.037218, val_metric_source=weighted, select=auc, best_sel=0.895636, unfreeze=frozen, reco_trainable=0, dual_frozen=False, dual_trainable=2812673
Early stopping StageB-DualPretrain at epoch 23

======================================================================
STEP 4: STAGE C (JOINT FINETUNE)
======================================================================
StageC-Joint ep 1: train_loss=9.2138 (cls=0.3456, rank=0.2909, reco=22.1493, cons=0.1258, delta=0.1423, d_gain=0.1311, d_cost=0.0911, anc_p=0.0000, anc_o=0.0000) | val_auc_unw=0.8733, val_fpr50_unw=0.045125, val_auc_w=0.9001, val_fpr50_w=0.032163, val_metric_source=weighted, select=auc, best_sel=0.900070, unfreeze=all, reco_trainable=7098018, dual_frozen=False, dual_trainable=2812673
StageC-Joint ep 2: train_loss=9.0485 (cls=0.3403, rank=0.2927, reco=21.7474, cons=0.1255, delta=0.1355, d_gain=0.1356, d_cost=0.0904, anc_p=0.0000, anc_o=0.0000) | val_auc_unw=0.8762, val_fpr50_unw=0.041668, val_auc_w=0.9011, val_fpr50_w=0.030999, val_metric_source=weighted, select=auc, best_sel=0.901067, unfreeze=all, reco_trainable=7098018, dual_frozen=False, dual_trainable=2812673
StageC-Joint ep 3: train_loss=8.9515 (cls=0.3377, rank=0.2931, reco=21.5093, cons=0.1251, delta=0.1370, d_gain=0.1349, d_cost=0.0906, anc_p=0.0000, anc_o=0.0000) | val_auc_unw=0.8746, val_fpr50_unw=0.042264, val_auc_w=0.9008, val_fpr50_w=0.031091, val_metric_source=weighted, select=auc, best_sel=0.901067, unfreeze=all, reco_trainable=7098018, dual_frozen=False, dual_trainable=2812673
StageC-Joint ep 4: train_loss=8.9269 (cls=0.3351, rank=0.2934, reco=21.4527, cons=0.1248, delta=0.1299, d_gain=0.1364, d_cost=0.0888, anc_p=0.0000, anc_o=0.0000) | val_auc_unw=0.8735, val_fpr50_unw=0.043705, val_auc_w=0.9007, val_fpr50_w=0.030754, val_metric_source=weighted, select=auc, best_sel=0.901067, unfreeze=all, reco_trainable=7098018, dual_frozen=False, dual_trainable=2812673
StageC-Joint ep 5: train_loss=8.8873 (cls=0.3347, rank=0.2940, reco=21.3528, cons=0.1247, delta=0.1284, d_gain=0.1365, d_cost=0.0883, anc_p=0.0000, anc_o=0.0000) | val_auc_unw=0.8751, val_fpr50_unw=0.042645, val_auc_w=0.9012, val_fpr50_w=0.030673, val_metric_source=weighted, select=auc, best_sel=0.901200, unfreeze=all, reco_trainable=7098018, dual_frozen=False, dual_trainable=2812673
StageC-Joint ep 6: train_loss=8.8885 (cls=0.3347, rank=0.2931, reco=21.3536, cons=0.1250, delta=0.1290, d_gain=0.1372, d_cost=0.0887, anc_p=0.0000, anc_o=0.0000) | val_auc_unw=0.8751, val_fpr50_unw=0.042656, val_auc_w=0.9009, val_fpr50_w=0.030401, val_metric_source=weighted, select=auc, best_sel=0.901200, unfreeze=all, reco_trainable=7098018, dual_frozen=False, dual_trainable=2812673
StageC-Joint ep 7: train_loss=8.8790 (cls=0.3350, rank=0.2927, reco=21.3275, cons=0.1249, delta=0.1274, d_gain=0.1355, d_cost=0.0876, anc_p=0.0000, anc_o=0.0000) | val_auc_unw=0.8783, val_fpr50_unw=0.040682, val_auc_w=0.9015, val_fpr50_w=0.030322, val_metric_source=weighted, select=auc, best_sel=0.901478, unfreeze=all, reco_trainable=7098018, dual_frozen=False, dual_trainable=2812673
StageC-Joint ep 8: train_loss=8.8915 (cls=0.3359, rank=0.2928, reco=21.3553, cons=0.1251, delta=0.1215, d_gain=0.1365, d_cost=0.0860, anc_p=0.0000, anc_o=0.0000) | val_auc_unw=0.8764, val_fpr50_unw=0.042951, val_auc_w=0.9015, val_fpr50_w=0.030850, val_metric_source=weighted, select=auc, best_sel=0.901513, unfreeze=all, reco_trainable=7098018, dual_frozen=False, dual_trainable=2812673
StageC-Joint ep 9: train_loss=8.8491 (cls=0.3313, rank=0.2941, reco=21.2603, cons=0.1250, delta=0.1230, d_gain=0.1359, d_cost=0.0863, anc_p=0.0000, anc_o=0.0000) | val_auc_unw=0.8763, val_fpr50_unw=0.042326, val_auc_w=0.9010, val_fpr50_w=0.030737, val_metric_source=weighted, select=auc, best_sel=0.901513, unfreeze=all, reco_trainable=7098018, dual_frozen=False, dual_trainable=2812673
StageC-Joint ep 10: train_loss=8.8413 (cls=0.3293, rank=0.2923, reco=21.2465, cons=0.1251, delta=0.1178, d_gain=0.1369, d_cost=0.0849, anc_p=0.0000, anc_o=0.0000) | val_auc_unw=0.8780, val_fpr50_unw=0.041405, val_auc_w=0.9016, val_fpr50_w=0.030476, val_metric_source=weighted, select=auc, best_sel=0.901551, unfreeze=all, reco_trainable=7098018, dual_frozen=False, dual_trainable=2812673
StageC-Joint ep 11: train_loss=8.8824 (cls=0.3323, rank=0.2927, reco=21.3416, cons=0.1249, delta=0.1192, d_gain=0.1373, d_cost=0.0855, anc_p=0.0000, anc_o=0.0000) | val_auc_unw=0.8778, val_fpr50_unw=0.041454, val_auc_w=0.9015, val_fpr50_w=0.030528, val_metric_source=weighted, select=auc, best_sel=0.901551, unfreeze=all, reco_trainable=7098018, dual_frozen=False, dual_trainable=2812673
StageC-Joint ep 12: train_loss=8.8417 (cls=0.3301, rank=0.2942, reco=21.2451, cons=0.1247, delta=0.1200, d_gain=0.1363, d_cost=0.0854, anc_p=0.0000, anc_o=0.0000) | val_auc_unw=0.8775, val_fpr50_unw=0.041264, val_auc_w=0.9015, val_fpr50_w=0.030520, val_metric_source=weighted, select=auc, best_sel=0.901551, unfreeze=all, reco_trainable=7098018, dual_frozen=False, dual_trainable=2812673
StageC-Joint ep 13: train_loss=8.8584 (cls=0.3298, rank=0.2939, reco=21.2881, cons=0.1248, delta=0.1170, d_gain=0.1371, d_cost=0.0847, anc_p=0.0000, anc_o=0.0000) | val_auc_unw=0.8802, val_fpr50_unw=0.039302, val_auc_w=0.9021, val_fpr50_w=0.030001, val_metric_source=weighted, select=auc, best_sel=0.902117, unfreeze=all, reco_trainable=7098018, dual_frozen=False, dual_trainable=2812673
StageC-Joint ep 14: train_loss=8.8693 (cls=0.3292, rank=0.2938, reco=21.3168, cons=0.1248, delta=0.1179, d_gain=0.1371, d_cost=0.0850, anc_p=0.0000, anc_o=0.0000) | val_auc_unw=0.8765, val_fpr50_unw=0.042041, val_auc_w=0.9012, val_fpr50_w=0.030725, val_metric_source=weighted, select=auc, best_sel=0.902117, unfreeze=all, reco_trainable=7098018, dual_frozen=False, dual_trainable=2812673
StageC-Joint ep 15: train_loss=8.8239 (cls=0.3282, rank=0.2935, reco=21.2055, cons=0.1250, delta=0.1196, d_gain=0.1356, d_cost=0.0851, anc_p=0.0000, anc_o=0.0000) | val_auc_unw=0.8772, val_fpr50_unw=0.041649, val_auc_w=0.9010, val_fpr50_w=0.030555, val_metric_source=weighted, select=auc, best_sel=0.902117, unfreeze=all, reco_trainable=7098018, dual_frozen=False, dual_trainable=2812673
StageC-Joint ep 16: train_loss=8.8805 (cls=0.3304, rank=0.2935, reco=21.3415, cons=0.1250, delta=0.1204, d_gain=0.1356, d_cost=0.0853, anc_p=0.0000, anc_o=0.0000) | val_auc_unw=0.8790, val_fpr50_unw=0.040317, val_auc_w=0.9019, val_fpr50_w=0.030177, val_metric_source=weighted, select=auc, best_sel=0.902117, unfreeze=all, reco_trainable=7098018, dual_frozen=False, dual_trainable=2812673
StageC-Joint ep 17: train_loss=8.8058 (cls=0.3273, rank=0.2930, reco=21.1629, cons=0.1246, delta=0.1180, d_gain=0.1360, d_cost=0.0847, anc_p=0.0000, anc_o=0.0000) | val_auc_unw=0.8778, val_fpr50_unw=0.041261, val_auc_w=0.9015, val_fpr50_w=0.030362, val_metric_source=weighted, select=auc, best_sel=0.902117, unfreeze=all, reco_trainable=7098018, dual_frozen=False, dual_trainable=2812673
StageC-Joint ep 18: train_loss=8.8216 (cls=0.3287, rank=0.2931, reco=21.1991, cons=0.1248, delta=0.1163, d_gain=0.1371, d_cost=0.0845, anc_p=0.0000, anc_o=0.0000) | val_auc_unw=0.8772, val_fpr50_unw=0.041671, val_auc_w=0.9011, val_fpr50_w=0.030533, val_metric_source=weighted, select=auc, best_sel=0.902117, unfreeze=all, reco_trainable=7098018, dual_frozen=False, dual_trainable=2812673
StageC-Joint ep 19: train_loss=8.8316 (cls=0.3265, rank=0.2925, reco=21.2296, cons=0.1249, delta=0.1152, d_gain=0.1365, d_cost=0.0839, anc_p=0.0000, anc_o=0.0000) | val_auc_unw=0.8779, val_fpr50_unw=0.040629, val_auc_w=0.9015, val_fpr50_w=0.030081, val_metric_source=weighted, select=auc, best_sel=0.902117, unfreeze=all, reco_trainable=7098018, dual_frozen=False, dual_trainable=2812673
StageC-Joint ep 20: train_loss=8.8138 (cls=0.3277, rank=0.2931, reco=21.1818, cons=0.1249, delta=0.1166, d_gain=0.1370, d_cost=0.0845, anc_p=0.0000, anc_o=0.0000) | val_auc_unw=0.8777, val_fpr50_unw=0.041935, val_auc_w=0.9013, val_fpr50_w=0.030815, val_metric_source=weighted, select=auc, best_sel=0.902117, unfreeze=all, reco_trainable=7098018, dual_frozen=False, dual_trainable=2812673
StageC-Joint ep 21: train_loss=8.8307 (cls=0.3267, rank=0.2928, reco=21.2269, cons=0.1249, delta=0.1164, d_gain=0.1376, d_cost=0.0847, anc_p=0.0000, anc_o=0.0000) | val_auc_unw=0.8772, val_fpr50_unw=0.041224, val_auc_w=0.9012, val_fpr50_w=0.030539, val_metric_source=weighted, select=auc, best_sel=0.902117, unfreeze=all, reco_trainable=7098018, dual_frozen=False, dual_trainable=2812673
StageC-Joint ep 22: train_loss=8.8070 (cls=0.3246, rank=0.2934, reco=21.1729, cons=0.1247, delta=0.1156, d_gain=0.1377, d_cost=0.0845, anc_p=0.0000, anc_o=0.0000) | val_auc_unw=0.8819, val_fpr50_unw=0.038674, val_auc_w=0.9022, val_fpr50_w=0.030151, val_metric_source=weighted, select=auc, best_sel=0.902172, unfreeze=all, reco_trainable=7098018, dual_frozen=False, dual_trainable=2812673
StageC-Joint ep 23: train_loss=8.8184 (cls=0.3252, rank=0.2925, reco=21.1998, cons=0.1250, delta=0.1150, d_gain=0.1377, d_cost=0.0842, anc_p=0.0000, anc_o=0.0000) | val_auc_unw=0.8782, val_fpr50_unw=0.040779, val_auc_w=0.9013, val_fpr50_w=0.030318, val_metric_source=weighted, select=auc, best_sel=0.902172, unfreeze=all, reco_trainable=7098018, dual_frozen=False, dual_trainable=2812673
StageC-Joint ep 24: train_loss=8.8078 (cls=0.3245, rank=0.2926, reco=21.1753, cons=0.1253, delta=0.1124, d_gain=0.1380, d_cost=0.0835, anc_p=0.0000, anc_o=0.0000) | val_auc_unw=0.8795, val_fpr50_unw=0.039390, val_auc_w=0.9015, val_fpr50_w=0.030046, val_metric_source=weighted, select=auc, best_sel=0.902172, unfreeze=all, reco_trainable=7098018, dual_frozen=False, dual_trainable=2812673
StageC-Joint ep 25: train_loss=8.8085 (cls=0.3237, rank=0.2930, reco=21.1791, cons=0.1249, delta=0.1139, d_gain=0.1378, d_cost=0.0839, anc_p=0.0000, anc_o=0.0000) | val_auc_unw=0.8786, val_fpr50_unw=0.040134, val_auc_w=0.9012, val_fpr50_w=0.030284, val_metric_source=weighted, select=auc, best_sel=0.902172, unfreeze=all, reco_trainable=7098018, dual_frozen=False, dual_trainable=2812673
StageC-Joint ep 26: train_loss=8.7964 (cls=0.3221, rank=0.2933, reco=21.1525, cons=0.1248, delta=0.1151, d_gain=0.1365, d_cost=0.0839, anc_p=0.0000, anc_o=0.0000) | val_auc_unw=0.8777, val_fpr50_unw=0.039490, val_auc_w=0.9010, val_fpr50_w=0.030122, val_metric_source=weighted, select=auc, best_sel=0.902172, unfreeze=all, reco_trainable=7098018, dual_frozen=False, dual_trainable=2812673
StageC-Joint ep 27: train_loss=8.7913 (cls=0.3268, rank=0.2938, reco=21.1282, cons=0.1248, delta=0.1142, d_gain=0.1375, d_cost=0.0839, anc_p=0.0000, anc_o=0.0000) | val_auc_unw=0.8803, val_fpr50_unw=0.038484, val_auc_w=0.9015, val_fpr50_w=0.030356, val_metric_source=weighted, select=auc, best_sel=0.902172, unfreeze=all, reco_trainable=7098018, dual_frozen=False, dual_trainable=2812673
StageC-Joint ep 28: train_loss=8.7560 (cls=0.3257, rank=0.2935, reco=21.0425, cons=0.1248, delta=0.1155, d_gain=0.1388, d_cost=0.0848, anc_p=0.0000, anc_o=0.0000) | val_auc_unw=0.8787, val_fpr50_unw=0.039602, val_auc_w=0.9012, val_fpr50_w=0.030455, val_metric_source=weighted, select=auc, best_sel=0.902172, unfreeze=all, reco_trainable=7098018, dual_frozen=False, dual_trainable=2812673
StageC-Joint ep 29: train_loss=8.7967 (cls=0.3209, rank=0.2940, reco=21.1566, cons=0.1249, delta=0.1126, d_gain=0.1381, d_cost=0.0835, anc_p=0.0000, anc_o=0.0000) | val_auc_unw=0.8791, val_fpr50_unw=0.039567, val_auc_w=0.9014, val_fpr50_w=0.030441, val_metric_source=weighted, select=auc, best_sel=0.902172, unfreeze=all, reco_trainable=7098018, dual_frozen=False, dual_trainable=2812673
StageC-Joint ep 30: train_loss=8.7551 (cls=0.3239, rank=0.2930, reco=21.0451, cons=0.1249, delta=0.1134, d_gain=0.1381, d_cost=0.0838, anc_p=0.0000, anc_o=0.0000) | val_auc_unw=0.8774, val_fpr50_unw=0.040951, val_auc_w=0.9009, val_fpr50_w=0.030852, val_metric_source=weighted, select=auc, best_sel=0.902172, unfreeze=all, reco_trainable=7098018, dual_frozen=False, dual_trainable=2812673
StageC-Joint ep 31: train_loss=8.8043 (cls=0.3245, rank=0.2934, reco=21.1667, cons=0.1250, delta=0.1133, d_gain=0.1388, d_cost=0.0840, anc_p=0.0000, anc_o=0.0000) | val_auc_unw=0.8773, val_fpr50_unw=0.041755, val_auc_w=0.9009, val_fpr50_w=0.030888, val_metric_source=weighted, select=auc, best_sel=0.902172, unfreeze=all, reco_trainable=7098018, dual_frozen=False, dual_trainable=2812673
StageC-Joint ep 32: train_loss=8.7598 (cls=0.3224, rank=0.2928, reco=21.0605, cons=0.1246, delta=0.1142, d_gain=0.1383, d_cost=0.0842, anc_p=0.0000, anc_o=0.0000) | val_auc_unw=0.8788, val_fpr50_unw=0.040099, val_auc_w=0.9012, val_fpr50_w=0.030592, val_metric_source=weighted, select=auc, best_sel=0.902172, unfreeze=all, reco_trainable=7098018, dual_frozen=False, dual_trainable=2812673
StageC-Joint ep 33: train_loss=8.7902 (cls=0.3234, rank=0.2932, reco=21.1345, cons=0.1246, delta=0.1104, d_gain=0.1388, d_cost=0.0831, anc_p=0.0000, anc_o=0.0000) | val_auc_unw=0.8794, val_fpr50_unw=0.040002, val_auc_w=0.9014, val_fpr50_w=0.030605, val_metric_source=weighted, select=auc, best_sel=0.902172, unfreeze=all, reco_trainable=7098018, dual_frozen=False, dual_trainable=2812673
StageC-Joint ep 34: train_loss=8.8059 (cls=0.3249, rank=0.2942, reco=21.1698, cons=0.1249, delta=0.1135, d_gain=0.1387, d_cost=0.0840, anc_p=0.0000, anc_o=0.0000) | val_auc_unw=0.8789, val_fpr50_unw=0.040264, val_auc_w=0.9012, val_fpr50_w=0.030718, val_metric_source=weighted, select=auc, best_sel=0.902172, unfreeze=all, reco_trainable=7098018, dual_frozen=False, dual_trainable=2812673
StageC-Joint ep 35: train_loss=8.7934 (cls=0.3218, rank=0.2927, reco=21.1460, cons=0.1247, delta=0.1139, d_gain=0.1378, d_cost=0.0839, anc_p=0.0000, anc_o=0.0000) | val_auc_unw=0.8789, val_fpr50_unw=0.040214, val_auc_w=0.9013, val_fpr50_w=0.030851, val_metric_source=weighted, select=auc, best_sel=0.902172, unfreeze=all, reco_trainable=7098018, dual_frozen=False, dual_trainable=2812673
StageC-Joint ep 36: train_loss=8.7682 (cls=0.3200, rank=0.2930, reco=21.0875, cons=0.1248, delta=0.1136, d_gain=0.1371, d_cost=0.0836, anc_p=0.0000, anc_o=0.0000) | val_auc_unw=0.8775, val_fpr50_unw=0.040966, val_auc_w=0.9006, val_fpr50_w=0.030915, val_metric_source=weighted, select=auc, best_sel=0.902172, unfreeze=all, reco_trainable=7098018, dual_frozen=False, dual_trainable=2812673
Early stopping StageC-Joint at epoch 36

======================================================================
STEP 5: RECONSTRUCTION DIAGNOSTICS
======================================================================

Jet pT response/resolution by truth pT bin (test split):
  pT_low - pT_high | N | HLT resp | HLT reso | Corrected resp | Corrected reso
  161270.5 - 502298.9 | 37500 | 0.8705 | 0.1505 | 0.7838 | 0.1317
  502298.9 - 771663.8 | 37500 | 0.8476 | 0.1699 | 0.7020 | 0.1296
  771663.8 - 1089000.5 | 37500 | 0.8321 | 0.1876 | 0.6471 | 0.1308
  1089000.5 - 1360162.8 | 37500 | 0.8214 | 0.2036 | 0.6128 | 0.1361
  1360162.8 - 1710939.2 | 37500 | 0.8201 | 0.2062 | 0.5956 | 0.1359
  1710939.2 - 2153567.1 | 37500 | 0.8174 | 0.2082 | 0.5791 | 0.1356
  2153567.1 - 2634343.6 | 37500 | 0.8093 | 0.2225 | 0.5623 | 0.1443
  2634343.6 - 3973388.8 | 37500 | 0.8038 | 0.2263 | 0.5483 | 0.1459

Constituent-count diagnostics:
  Means: offline=54.258, hlt=29.167, reco=51.481
  MAE vs offline: hlt=25.090, reco=5.811

Budget diagnostics (test split):
  MAE: merge=5.414, eff=0.000, total=5.414
  Bias: merge=-1.735, eff=0.000, total=-1.735

======================================================================
FINAL TEST EVALUATION
======================================================================
Teacher (Offline) AUC: 0.9300
Baseline (HLT)   AUC: 0.8957
Stage2 (PreJoint) AUC: 0.8690
Stage2 (BestValFPR50) AUC: 0.8703
Joint Dual-View  AUC: 0.8802
Joint Dual-View (BestValFPR50) AUC: 0.8785

FPR@30 Teacher/Baseline/Stage2/Joint: 0.007523 / 0.010947 / 0.014389 / 0.010270
FPR@30 Stage2BestFPR / JointBestFPR: 0.011246 / 0.010758
FPR@50 Teacher/Baseline/Stage2/Joint: 0.028900 / 0.043330 / 0.049245 / 0.040300
FPR@50 Stage2BestFPR / JointBestFPR: 0.045580 / 0.041028
Saving val/test score arrays for fusion analysis...
Saved fusion score arrays to: checkpoints/reco_teacher_joint_fusion_6model_150k75k150k/model2_joint_delta005_weighted_150k150k300k/model2_joint_delta005_weighted_150k150k300k_seed0/fusion_scores_val_test.npz

Saved joint results to: checkpoints/reco_teacher_joint_fusion_6model_150k75k150k/model2_joint_delta005_weighted_150k150k300k/model2_joint_delta005_weighted_150k150k300k_seed0
Done: checkpoints/reco_teacher_joint_fusion_6model_150k75k150k/model2_joint_delta005_weighted_150k150k300k/model2_joint_delta005_weighted_150k150k300k_seed0
