============================================================
Model-2 Joint weighted (L_delta=0.05)
Run: checkpoints/reco_teacher_joint_fusion_6model_150k75k150k/model2_joint_delta005_weighted_500k300k500k/model2_joint_delta005_weighted_500k300k500k_seed0
Split: train=500000, val=300000, test=500000, n_train_jets=1300000
============================================================
 python offline_reconstructor_joint_dualview_stage2save_auc_norankc_nopriv_unmergeonly.py --train_path ./data/train_quarter.h5 --use_train_weights --save_dir checkpoints/reco_teacher_joint_fusion_6model_150k75k150k/model2_joint_delta005_weighted_500k300k500k --run_name model2_joint_delta005_weighted_500k300k500k_seed0 --n_train_jets 1300000 --n_train_split 500000 --n_val_split 300000 --n_test_split 500000 --offset_jets 0 --max_constits 100 --num_workers 6 --seed 0 --selection_metric auc --stageB_lambda_rank 0.0 --stageB_lambda_cons 0.0 --stageC_lr_dual 1e-5 --stageC_lr_reco 5e-6 --lambda_reco 0.4 --lambda_cons 0.06 --stageC_lambda_delta 0.05 --stageC_delta_tau 0.05 --stageC_delta_lambda_fp 3.0 --stageC_delta_warmup_epochs 8 --added_target_scale 0.90 --save_fusion_scores --disable_final_kd --device cuda
Device: cuda
Save dir: checkpoints/reco_teacher_joint_fusion_6model_150k75k150k/model2_joint_delta005_weighted_500k300k500k/model2_joint_delta005_weighted_500k300k500k_seed0
Loading offline constituents...
Info: using 'weights' from data/train_quarter.h5 as training weights.
Generating pseudo-HLT...
Non-priv target setup: added_target_scale=0.900, mean_true_added_raw=25.099, mean_target_added=22.589
Computing features...
Split sizes: Train=500000, Val=300000, Test=500000 (custom_counts=True)
Stage-B train subset: N=500000 / 500000 (frac=1.000, seed=0)

======================================================================
STEP 1: TEACHER + BASELINE
======================================================================
Teacher ep 5: train_auc=0.9414, val_auc=0.9349, val_fpr50=0.015520, best_auc=0.9349, fpr50@best=0.015520
Teacher ep 10: train_auc=0.9495, val_auc=0.9313, val_fpr50=0.017828, best_auc=0.9358, fpr50@best=0.015395
Teacher ep 15: train_auc=0.9554, val_auc=0.9366, val_fpr50=0.014491, best_auc=0.9402, fpr50@best=0.013382
Teacher ep 20: train_auc=0.9602, val_auc=0.9349, val_fpr50=0.015808, best_auc=0.9402, fpr50@best=0.013382
Teacher ep 25: train_auc=0.9657, val_auc=0.9358, val_fpr50=0.016823, best_auc=0.9402, fpr50@best=0.013382
Early stopping Teacher at epoch 28
Baseline ep 5: train_auc=0.9096, val_auc=0.8987, val_fpr50=0.032867, best_auc=0.8987, fpr50@best=0.032867
Baseline ep 10: train_auc=0.9186, val_auc=0.9023, val_fpr50=0.029585, best_auc=0.9040, fpr50@best=0.029029
Baseline ep 15: train_auc=0.9246, val_auc=0.9025, val_fpr50=0.029114, best_auc=0.9040, fpr50@best=0.029029
Baseline ep 20: train_auc=0.9316, val_auc=0.8974, val_fpr50=0.032828, best_auc=0.9040, fpr50@best=0.029029
Early stopping Baseline at epoch 24
StageC weak-delta HLT reference @TPR=0.50: threshold_prob=0.857097, val_auc_hlt=0.9040

======================================================================
STEP 2: STAGE A (RECONSTRUCTOR PRETRAIN)
======================================================================
Ep 5: train_total=25.7968, val_total_unw=27.9085, val_total_w=29.1048, select=weighted, best_sel=26.2276 | set_unw=0.3584, bset_unw=0.3584, phys_unw=0.4917, budget_unw=41.9060, fp_mass_unw=0.0159, set_mode=chamfer, w_set=1.000, w_budget=0.650, w_pt=0.700, w_local=0.030, stage_scale=0.35
Ep 10: train_total=24.8836, val_total_unw=26.0529, val_total_w=26.8715, select=weighted, best_sel=26.0158 | set_unw=0.3564, bset_unw=0.3564, phys_unw=0.4736, budget_unw=39.0782, fp_mass_unw=0.0145, set_mode=chamfer, w_set=1.000, w_budget=0.650, w_pt=0.700, w_local=0.030, stage_scale=0.35
Ep 15: train_total=24.5309, val_total_unw=25.1785, val_total_w=25.5174, select=weighted, best_sel=25.2306 | set_unw=0.3604, bset_unw=0.3604, phys_unw=0.4219, budget_unw=37.7853, fp_mass_unw=0.0156, set_mode=chamfer, w_set=1.000, w_budget=0.650, w_pt=0.700, w_local=0.030, stage_scale=0.35
Ep 20: train_total=24.1845, val_total_unw=24.4946, val_total_w=24.8281, select=weighted, best_sel=24.8281 | set_unw=0.4643, bset_unw=0.4643, phys_unw=0.4425, budget_unw=36.5478, fp_mass_unw=0.0536, set_mode=chamfer, w_set=1.000, w_budget=0.650, w_pt=0.700, w_local=0.030, stage_scale=0.35
Stage-A transition -> reloaded best from phase_035 (epoch=20, val_total=24.8281)
Ep 25: train_total=22.0958, val_total_unw=22.9180, val_total_w=23.1222, select=weighted, best_sel=22.9721 | set_unw=0.3578, bset_unw=0.3578, phys_unw=0.4135, budget_unw=34.3206, fp_mass_unw=0.0158, set_mode=chamfer, w_set=1.000, w_budget=0.650, w_pt=0.700, w_local=0.030, stage_scale=0.70
Ep 30: train_total=21.7956, val_total_unw=23.4018, val_total_w=23.0885, select=weighted, best_sel=22.8768 | set_unw=0.3607, bset_unw=0.3607, phys_unw=0.3968, budget_unw=35.0794, fp_mass_unw=0.0163, set_mode=chamfer, w_set=1.000, w_budget=0.650, w_pt=0.700, w_local=0.030, stage_scale=0.70
