============================================================
Model-2 Joint weighted (L_delta=0.20)
Run: checkpoints/reco_teacher_joint_fusion_6model_150k75k150k/model2_joint_delta020_weighted_500k300k500k/model2_joint_delta020_weighted_500k300k500k_seed0
Split: train=500000, val=300000, test=500000, n_train_jets=1300000
============================================================
 python offline_reconstructor_joint_dualview_stage2save_auc_norankc_nopriv_unmergeonly.py --train_path ./data/train_quarter.h5 --use_train_weights --force_m5_step1 --save_dir checkpoints/reco_teacher_joint_fusion_6model_150k75k150k/model2_joint_delta020_weighted_500k300k500k --run_name model2_joint_delta020_weighted_500k300k500k_seed0 --n_train_jets 1300000 --n_train_split 500000 --n_val_split 300000 --n_test_split 500000 --offset_jets 0 --max_constits 100 --num_workers 6 --seed 0 --selection_metric auc --stageB_lambda_rank 0.0 --stageB_lambda_cons 0.0 --stageC_lr_dual 1e-5 --stageC_lr_reco 5e-6 --lambda_reco 0.4 --lambda_cons 0.06 --stageC_lambda_delta 0.20 --stageC_delta_tau 0.05 --stageC_delta_lambda_fp 3.0 --stageC_delta_warmup_epochs 8 --added_target_scale 0.90 --save_fusion_scores --disable_final_kd --device cuda
Device: cuda
Save dir: checkpoints/reco_teacher_joint_fusion_6model_150k75k150k/model2_joint_delta020_weighted_500k300k500k/model2_joint_delta020_weighted_500k300k500k_seed0
Loading offline constituents...
Info: using 'weights' from data/train_quarter.h5 as training weights.
Generating pseudo-HLT...
Non-priv target setup: added_target_scale=0.900, mean_true_added_raw=25.099, mean_target_added=22.589
Computing features...
Split sizes: Train=500000, Val=300000, Test=500000 (custom_counts=True)
Stage-B train subset: N=500000 / 500000 (frac=1.000, seed=0)

======================================================================
STEP 1: TEACHER + BASELINE
======================================================================
STEP 1 override: --force_m5_step1 enabled (m5-style weighting path).
Teacher ep 5: train_auc=0.9382, val_auc=0.9443, val_fpr50=0.012463, best_auc=0.9443, fpr50@best=0.012463
Teacher ep 10: train_auc=0.9453, val_auc=0.9411, val_fpr50=0.014609, best_auc=0.9447, fpr50@best=0.012457
Teacher ep 15: train_auc=0.9503, val_auc=0.9456, val_fpr50=0.011315, best_auc=0.9485, fpr50@best=0.011531
Teacher ep 20: train_auc=0.9548, val_auc=0.9451, val_fpr50=0.011665, best_auc=0.9485, fpr50@best=0.011531
Teacher ep 25: train_auc=0.9598, val_auc=0.9463, val_fpr50=0.011185, best_auc=0.9485, fpr50@best=0.011531
Early stopping Teacher at epoch 28
Baseline ep 5: train_auc=0.9020, val_auc=0.9068, val_fpr50=0.029850, best_auc=0.9090, fpr50@best=0.028647
Baseline ep 10: train_auc=0.9106, val_auc=0.9127, val_fpr50=0.024057, best_auc=0.9138, fpr50@best=0.022480
Baseline ep 15: train_auc=0.9151, val_auc=0.9108, val_fpr50=0.024388, best_auc=0.9138, fpr50@best=0.022480
Baseline ep 20: train_auc=0.9212, val_auc=0.9085, val_fpr50=0.025042, best_auc=0.9140, fpr50@best=0.022464
Baseline ep 25: train_auc=0.9271, val_auc=0.9104, val_fpr50=0.023244, best_auc=0.9140, fpr50@best=0.022464
Baseline ep 30: train_auc=0.9336, val_auc=0.9111, val_fpr50=0.023577, best_auc=0.9140, fpr50@best=0.022464
Early stopping Baseline at epoch 33
StageC weak-delta HLT reference @TPR=0.50: threshold_prob=0.854191, val_auc_hlt=0.9140

======================================================================
STEP 2: STAGE A (RECONSTRUCTOR PRETRAIN)
======================================================================
Ep 5: train_total=25.8184, val_total_unw=27.3975, val_total_w=28.7628, select=weighted, best_sel=25.7651 | set_unw=0.3593, bset_unw=0.3593, phys_unw=0.4938, budget_unw=41.1172, fp_mass_unw=0.0152, set_mode=chamfer, w_set=1.000, w_budget=0.650, w_pt=0.700, w_local=0.030, stage_scale=0.35
Ep 10: train_total=24.8410, val_total_unw=24.9240, val_total_w=25.2027, select=weighted, best_sel=25.2027 | set_unw=0.3632, bset_unw=0.3632, phys_unw=0.4226, budget_unw=37.3899, fp_mass_unw=0.0156, set_mode=chamfer, w_set=1.000, w_budget=0.650, w_pt=0.700, w_local=0.030, stage_scale=0.35
Ep 15: train_total=24.4901, val_total_unw=25.1813, val_total_w=25.8943, select=weighted, best_sel=25.1414 | set_unw=0.3599, bset_unw=0.3599, phys_unw=0.4386, budget_unw=37.7703, fp_mass_unw=0.0156, set_mode=chamfer, w_set=1.000, w_budget=0.650, w_pt=0.700, w_local=0.030, stage_scale=0.35
Ep 20: train_total=24.1748, val_total_unw=24.8100, val_total_w=24.9244, select=weighted, best_sel=24.9244 | set_unw=0.3595, bset_unw=0.3595, phys_unw=0.4248, budget_unw=37.2151, fp_mass_unw=0.0157, set_mode=chamfer, w_set=1.000, w_budget=0.650, w_pt=0.700, w_local=0.030, stage_scale=0.35
Stage-A transition -> reloaded best from phase_035 (epoch=20, val_total=24.9244)
Ep 25: train_total=22.0975, val_total_unw=23.0070, val_total_w=22.7922, select=weighted, best_sel=22.7922 | set_unw=0.3577, bset_unw=0.3577, phys_unw=0.3888, budget_unw=34.4856, fp_mass_unw=0.0158, set_mode=chamfer, w_set=1.000, w_budget=0.650, w_pt=0.700, w_local=0.030, stage_scale=0.70
Ep 30: train_total=21.7111, val_total_unw=22.7624, val_total_w=22.9489, select=weighted, best_sel=22.7001 | set_unw=0.3588, bset_unw=0.3588, phys_unw=0.4101, budget_unw=34.0833, fp_mass_unw=0.0169, set_mode=chamfer, w_set=1.000, w_budget=0.650, w_pt=0.700, w_local=0.030, stage_scale=0.70
Ep 35: train_total=21.2705, val_total_unw=23.4735, val_total_w=23.3327, select=weighted, best_sel=22.7001 | set_unw=0.3620, bset_unw=0.3620, phys_unw=0.4097, budget_unw=35.1722, fp_mass_unw=0.0178, set_mode=chamfer, w_set=1.000, w_budget=0.650, w_pt=0.700, w_local=0.030, stage_scale=0.70
Ep 40: train_total=20.6859, val_total_unw=23.0801, val_total_w=23.1404, select=weighted, best_sel=22.7001 | set_unw=0.3609, bset_unw=0.3609, phys_unw=0.4065, budget_unw=34.5722, fp_mass_unw=0.0170, set_mode=chamfer, w_set=1.000, w_budget=0.650, w_pt=0.700, w_local=0.030, stage_scale=0.70
Ep 45: train_total=20.0796, val_total_unw=23.3091, val_total_w=23.1772, select=weighted, best_sel=22.7001 | set_unw=0.3614, bset_unw=0.3614, phys_unw=0.3911, budget_unw=34.9416, fp_mass_unw=0.0180, set_mode=chamfer, w_set=1.000, w_budget=0.650, w_pt=0.700, w_local=0.030, stage_scale=0.70
Ep 50: train_total=19.3276, val_total_unw=23.6889, val_total_w=23.3091, select=weighted, best_sel=22.7001 | set_unw=0.3623, bset_unw=0.3623, phys_unw=0.3924, budget_unw=35.5228, fp_mass_unw=0.0181, set_mode=chamfer, w_set=1.000, w_budget=0.650, w_pt=0.700, w_local=0.030, stage_scale=0.70
Ep 55: train_total=18.5694, val_total_unw=23.6490, val_total_w=23.3723, select=weighted, best_sel=22.7001 | set_unw=0.3640, bset_unw=0.3640, phys_unw=0.3917, budget_unw=35.4596, fp_mass_unw=0.0182, set_mode=chamfer, w_set=1.000, w_budget=0.650, w_pt=0.700, w_local=0.030, stage_scale=0.70
Stage-A transition -> reloaded best from phase_070 (epoch=27, val_total=22.7001)
Ep 60: train_total=21.0801, val_total_unw=22.9119, val_total_w=22.6882, select=weighted, best_sel=22.3703 | set_unw=0.3595, bset_unw=0.3595, phys_unw=0.3836, budget_unw=34.3429, fp_mass_unw=0.0156, set_mode=chamfer, w_set=1.000, w_budget=0.650, w_pt=0.700, w_local=0.030, stage_scale=1.00
Ep 65: train_total=20.6090, val_total_unw=22.8489, val_total_w=22.8500, select=weighted, best_sel=22.3703 | set_unw=0.3563, bset_unw=0.3563, phys_unw=0.3915, budget_unw=34.2415, fp_mass_unw=0.0156, set_mode=chamfer, w_set=1.000, w_budget=0.650, w_pt=0.700, w_local=0.030, stage_scale=1.00
Ep 70: train_total=20.0112, val_total_unw=22.7326, val_total_w=22.6315, select=weighted, best_sel=22.3703 | set_unw=0.3563, bset_unw=0.3563, phys_unw=0.3904, budget_unw=34.0638, fp_mass_unw=0.0154, set_mode=chamfer, w_set=1.000, w_budget=0.650, w_pt=0.700, w_local=0.030, stage_scale=1.00
Ep 75: train_total=19.2638, val_total_unw=23.1273, val_total_w=22.9365, select=weighted, best_sel=22.3703 | set_unw=0.3586, bset_unw=0.3586, phys_unw=0.3861, budget_unw=34.6722, fp_mass_unw=0.0161, set_mode=chamfer, w_set=1.000, w_budget=0.650, w_pt=0.700, w_local=0.030, stage_scale=1.00
Early stopping reconstructor at epoch 75

======================================================================
STEP 3: STAGE B (DUAL PRETRAIN, FROZEN RECONSTRUCTOR)
======================================================================
StageB-DualPretrain ep 5: train_loss=0.3585 (cls=0.3585, rank=0.2976, reco=0.0000, cons=0.1262, delta=0.0000, d_gain=0.0000, d_cost=0.0000, anc_p=0.0000, anc_o=0.0000) | val_auc_unw=0.8547, val_fpr50_unw=0.059892, val_auc_w=0.8938, val_fpr50_w=0.034722, val_metric_source=weighted, select=auc, best_sel=0.893768, unfreeze=frozen, reco_trainable=0, dual_frozen=False, dual_trainable=2812673
StageB-DualPretrain ep 10: train_loss=0.3421 (cls=0.3421, rank=0.2940, reco=0.0000, cons=0.1263, delta=0.0000, d_gain=0.0000, d_cost=0.0000, anc_p=0.0000, anc_o=0.0000) | val_auc_unw=0.8689, val_fpr50_unw=0.051967, val_auc_w=0.9011, val_fpr50_w=0.031299, val_metric_source=weighted, select=auc, best_sel=0.901863, unfreeze=frozen, reco_trainable=0, dual_frozen=False, dual_trainable=2812673
StageB-DualPretrain ep 15: train_loss=0.3309 (cls=0.3309, rank=0.2924, reco=0.0000, cons=0.1262, delta=0.0000, d_gain=0.0000, d_cost=0.0000, anc_p=0.0000, anc_o=0.0000) | val_auc_unw=0.8723, val_fpr50_unw=0.042359, val_auc_w=0.9021, val_fpr50_w=0.028600, val_metric_source=weighted, select=auc, best_sel=0.904836, unfreeze=frozen, reco_trainable=0, dual_frozen=False, dual_trainable=2812673
StageB-DualPretrain ep 20: train_loss=0.3177 (cls=0.3177, rank=0.2930, reco=0.0000, cons=0.1262, delta=0.0000, d_gain=0.0000, d_cost=0.0000, anc_p=0.0000, anc_o=0.0000) | val_auc_unw=0.8805, val_fpr50_unw=0.040759, val_auc_w=0.9059, val_fpr50_w=0.028327, val_metric_source=weighted, select=auc, best_sel=0.905885, unfreeze=frozen, reco_trainable=0, dual_frozen=False, dual_trainable=2812673
StageB-DualPretrain ep 25: train_loss=0.3034 (cls=0.3034, rank=0.2953, reco=0.0000, cons=0.1264, delta=0.0000, d_gain=0.0000, d_cost=0.0000, anc_p=0.0000, anc_o=0.0000) | val_auc_unw=0.8736, val_fpr50_unw=0.039504, val_auc_w=0.9019, val_fpr50_w=0.030025, val_metric_source=weighted, select=auc, best_sel=0.905885, unfreeze=frozen, reco_trainable=0, dual_frozen=False, dual_trainable=2812673
StageB-DualPretrain ep 30: train_loss=0.2878 (cls=0.2878, rank=0.3000, reco=0.0000, cons=0.1262, delta=0.0000, d_gain=0.0000, d_cost=0.0000, anc_p=0.0000, anc_o=0.0000) | val_auc_unw=0.8758, val_fpr50_unw=0.036744, val_auc_w=0.9008, val_fpr50_w=0.030938, val_metric_source=weighted, select=auc, best_sel=0.905885, unfreeze=frozen, reco_trainable=0, dual_frozen=False, dual_trainable=2812673
Early stopping StageB-DualPretrain at epoch 32

======================================================================
STEP 4: STAGE C (JOINT FINETUNE)
======================================================================
StageC-Joint ep 1: train_loss=8.7289 (cls=0.3124, rank=0.2932, reco=21.0160, cons=0.1252, delta=0.1032, d_gain=0.1520, d_cost=0.0851, anc_p=0.0000, anc_o=0.0000) | val_auc_unw=0.8804, val_fpr50_unw=0.039721, val_auc_w=0.9064, val_fpr50_w=0.027383, val_metric_source=weighted, select=auc, best_sel=0.906420, unfreeze=all, reco_trainable=7098018, dual_frozen=False, dual_trainable=2812673
StageC-Joint ep 2: train_loss=8.6722 (cls=0.3098, rank=0.2929, reco=20.8752, cons=0.1250, delta=0.0961, d_gain=0.1497, d_cost=0.0819, anc_p=0.0000, anc_o=0.0000) | val_auc_unw=0.8828, val_fpr50_unw=0.037617, val_auc_w=0.9073, val_fpr50_w=0.027194, val_metric_source=weighted, select=auc, best_sel=0.907298, unfreeze=all, reco_trainable=7098018, dual_frozen=False, dual_trainable=2812673
StageC-Joint ep 3: train_loss=8.6520 (cls=0.3074, rank=0.2929, reco=20.8263, cons=0.1251, delta=0.0877, d_gain=0.1497, d_cost=0.0791, anc_p=0.0000, anc_o=0.0000) | val_auc_unw=0.8820, val_fpr50_unw=0.037346, val_auc_w=0.9064, val_fpr50_w=0.027396, val_metric_source=weighted, select=auc, best_sel=0.907298, unfreeze=all, reco_trainable=7098018, dual_frozen=False, dual_trainable=2812673
StageC-Joint ep 4: train_loss=8.6302 (cls=0.3069, rank=0.2933, reco=20.7691, cons=0.1248, delta=0.0815, d_gain=0.1496, d_cost=0.0770, anc_p=0.0000, anc_o=0.0000) | val_auc_unw=0.8864, val_fpr50_unw=0.035436, val_auc_w=0.9077, val_fpr50_w=0.027345, val_metric_source=weighted, select=auc, best_sel=0.907740, unfreeze=all, reco_trainable=7098018, dual_frozen=False, dual_trainable=2812673
StageC-Joint ep 5: train_loss=8.6359 (cls=0.3064, rank=0.2943, reco=20.7809, cons=0.1249, delta=0.0772, d_gain=0.1487, d_cost=0.0753, anc_p=0.0000, anc_o=0.0000) | val_auc_unw=0.8859, val_fpr50_unw=0.036275, val_auc_w=0.9077, val_fpr50_w=0.027193, val_metric_source=weighted, select=auc, best_sel=0.907740, unfreeze=all, reco_trainable=7098018, dual_frozen=False, dual_trainable=2812673
StageC-Joint ep 6: train_loss=8.6191 (cls=0.3056, rank=0.2952, reco=20.7382, cons=0.1251, delta=0.0720, d_gain=0.1485, d_cost=0.0735, anc_p=0.0000, anc_o=0.0000) | val_auc_unw=0.8896, val_fpr50_unw=0.034287, val_auc_w=0.9082, val_fpr50_w=0.027226, val_metric_source=weighted, select=auc, best_sel=0.908232, unfreeze=all, reco_trainable=7098018, dual_frozen=False, dual_trainable=2812673
StageC-Joint ep 7: train_loss=8.6166 (cls=0.3069, rank=0.2952, reco=20.7259, cons=0.1251, delta=0.0676, d_gain=0.1481, d_cost=0.0719, anc_p=0.0000, anc_o=0.0000) | val_auc_unw=0.8880, val_fpr50_unw=0.035635, val_auc_w=0.9073, val_fpr50_w=0.028049, val_metric_source=weighted, select=auc, best_sel=0.908232, unfreeze=all, reco_trainable=7098018, dual_frozen=False, dual_trainable=2812673
StageC-Joint ep 8: train_loss=8.5854 (cls=0.3060, rank=0.2959, reco=20.6482, cons=0.1250, delta=0.0636, d_gain=0.1476, d_cost=0.0704, anc_p=0.0000, anc_o=0.0000) | val_auc_unw=0.8914, val_fpr50_unw=0.033256, val_auc_w=0.9085, val_fpr50_w=0.027178, val_metric_source=weighted, select=auc, best_sel=0.908523, unfreeze=all, reco_trainable=7098018, dual_frozen=False, dual_trainable=2812673
StageC-Joint ep 9: train_loss=8.6213 (cls=0.3047, rank=0.2959, reco=20.7418, cons=0.1251, delta=0.0618, d_gain=0.1480, d_cost=0.0699, anc_p=0.0000, anc_o=0.0000) | val_auc_unw=0.8914, val_fpr50_unw=0.034076, val_auc_w=0.9086, val_fpr50_w=0.027320, val_metric_source=weighted, select=auc, best_sel=0.908622, unfreeze=all, reco_trainable=7098018, dual_frozen=False, dual_trainable=2812673
StageC-Joint ep 10: train_loss=8.6136 (cls=0.3055, rank=0.2960, reco=20.7206, cons=0.1249, delta=0.0616, d_gain=0.1473, d_cost=0.0696, anc_p=0.0000, anc_o=0.0000) | val_auc_unw=0.8906, val_fpr50_unw=0.034469, val_auc_w=0.9081, val_fpr50_w=0.027922, val_metric_source=weighted, select=auc, best_sel=0.908622, unfreeze=all, reco_trainable=7098018, dual_frozen=False, dual_trainable=2812673
StageC-Joint ep 11: train_loss=8.5986 (cls=0.3038, rank=0.2966, reco=20.6878, cons=0.1250, delta=0.0610, d_gain=0.1476, d_cost=0.0695, anc_p=0.0000, anc_o=0.0000) | val_auc_unw=0.8916, val_fpr50_unw=0.033481, val_auc_w=0.9084, val_fpr50_w=0.027515, val_metric_source=weighted, select=auc, best_sel=0.908622, unfreeze=all, reco_trainable=7098018, dual_frozen=False, dual_trainable=2812673
StageC-Joint ep 12: train_loss=8.5728 (cls=0.3031, rank=0.2975, reco=20.6258, cons=0.1251, delta=0.0595, d_gain=0.1479, d_cost=0.0692, anc_p=0.0000, anc_o=0.0000) | val_auc_unw=0.8908, val_fpr50_unw=0.034338, val_auc_w=0.9084, val_fpr50_w=0.027564, val_metric_source=weighted, select=auc, best_sel=0.908622, unfreeze=all, reco_trainable=7098018, dual_frozen=False, dual_trainable=2812673
StageC-Joint ep 13: train_loss=8.5841 (cls=0.3036, rank=0.2973, reco=20.6531, cons=0.1249, delta=0.0591, d_gain=0.1489, d_cost=0.0693, anc_p=0.0000, anc_o=0.0000) | val_auc_unw=0.8903, val_fpr50_unw=0.034650, val_auc_w=0.9080, val_fpr50_w=0.028051, val_metric_source=weighted, select=auc, best_sel=0.908622, unfreeze=all, reco_trainable=7098018, dual_frozen=False, dual_trainable=2812673
