============================================================
Model-39 Prefix-Specialist + Deterministic-Residual MultiCandidate
Run: /home/ryreu/atlas/PracticeTagging/checkpoints/reco_teacher_joint_fusion_6model_150k75k150k/model39_prefixspecialist_detresid_multicand/model39_prefixspecialist_detresid_multicand_150k75k300k_seed0_pfx12
Split: train=50000, val=20000, test=300000
Reco batch size: 80
============================================================
 python offline_reconstructor_joint_dualview_stage2save_auc_norankc_nopriv_unmergeonly_m39_prefixspecialist_detresid_multicand.py --save_dir /home/ryreu/atlas/PracticeTagging/checkpoints/reco_teacher_joint_fusion_6model_150k75k150k/model39_prefixspecialist_detresid_multicand --run_name model39_prefixspecialist_detresid_multicand_150k75k300k_seed0_pfx12 --n_train_jets 370000 --n_train_split 50000 --n_val_split 20000 --n_test_split 300000 --offset_jets 0 --max_constits 100 --batch_size 80 --num_workers 1 --seed 0 --device cuda --save_fusion_scores --carry_epochs 48 --carry_patience 10 --carry_lr 2e-4 --carry_target_mode fixed_k --carry_target_k -1 --carry_target_thresh_gate 0 --carry_dist_thresh 0.22 --carry_lr_decay_start_epoch 20 --carry_lr_decay_gamma 0.96 --carry_min_lr_ratio 0.35 --reco_epochs 175 --reco_patience 30 --reco_min_epochs 45 --reco_lr 1.8e-4 --reco_batch_size 80 --reco_set_loss_mode chamfer --reco_loss_w_eos 0.20 --reco_loss_w_count 0.20 --reco_loss_w_jetpt 0.08 --reco_loss_w_4vec 0.03 --reco_loss_w_conf_rank 0.20 --reco_loss_w_conf_prefix 0.12 --reco_conf_margin 0.06 --reco_conf_prefix_tau 16.0 --reco_physics_warmup_epochs 12 --reco_phase1_end_epoch 15 --reco_phase2_end_epoch 75 --reco_phase3_end_epoch 127 --reco_phase2_alpha_fr_end 0.70 --reco_phase3_alpha_fr_end 0.95 --reco_phase4_alpha_fr 0.95 --reco_phase2_ss_end 0.60 --reco_phase3_ss_end 0.90 --reco_phase4_ss 0.90 --reco_phase2_free_run_every_n 2 --reco_phase3_free_run_every_n 1 --reco_phase4_free_run_every_n 1 --reco_phase_lr_decay 0.80 --seed_candidate_k 1 --seed_keep_m 1 --seed_max_prefix 12 --train_specialist_prefix 12 --seed_temp 0.35 --candidate_gen_batch 64 --search_eps_total 0.60 --search_eps_count 0.30 --search_w_chamfer 1.00 --search_w_count 0.25 --search_w_pt 0.12 --search_w_mass 0.08 --dual_epochs 90 --dual_lr 1.2e-4 --dual_patience 16
========================================================================
Model-39 Prefix-Specialist m28 + Deterministic Residual MultiCandidate DualView
Run: /home/ryreu/atlas/PracticeTagging/checkpoints/reco_teacher_joint_fusion_6model_150k75k150k/model39_prefixspecialist_detresid_multicand/model39_prefixspecialist_detresid_multicand_150k75k300k_seed0_pfx12
Split train/val/test = 50000/20000/300000 | K=1 keepM=1 max_prefix=12 train_specialist_prefix=12
========================================================================
Generating pseudo-HLT (deterministic keyed D_hard)...
HLT stats: avg_offline=54.29, avg_hlt=29.18, merged=7930084, eff_lost=1361629
Split sizes: Train=50000, Val=20000, Test=300000
Computing standardized features for train/val/test...

========================================================================
STEP 1: Teacher + HLT baseline
========================================================================
Teacher ep 5: train_auc=0.9305, val_auc=0.9282, val_fpr50=0.031598, best_auc=0.9298, fpr50@best=0.022766
Teacher ep 10: train_auc=0.9412, val_auc=0.9427, val_fpr50=0.016358, best_auc=0.9452, fpr50@best=0.015292
Teacher ep 15: train_auc=0.9461, val_auc=0.9470, val_fpr50=0.013952, best_auc=0.9472, fpr50@best=0.013937
Teacher ep 20: train_auc=0.9512, val_auc=0.9450, val_fpr50=0.013283, best_auc=0.9486, fpr50@best=0.012643
Teacher ep 25: train_auc=0.9564, val_auc=0.9465, val_fpr50=0.014333, best_auc=0.9486, fpr50@best=0.012643
Teacher ep 30: train_auc=0.9617, val_auc=0.9424, val_fpr50=0.013102, best_auc=0.9486, fpr50@best=0.012643
Early stopping Teacher at epoch 30
Baseline ep 5: train_auc=0.8881, val_auc=0.9020, val_fpr50=0.035186, best_auc=0.9020, fpr50@best=0.035186
Baseline ep 10: train_auc=0.9058, val_auc=0.9072, val_fpr50=0.029444, best_auc=0.9072, fpr50@best=0.029444
Baseline ep 15: train_auc=0.9117, val_auc=0.9123, val_fpr50=0.026579, best_auc=0.9129, fpr50@best=0.024974
Baseline ep 20: train_auc=0.9184, val_auc=0.9095, val_fpr50=0.027320, best_auc=0.9154, fpr50@best=0.025527
Baseline ep 25: train_auc=0.9236, val_auc=0.9118, val_fpr50=0.025650, best_auc=0.9154, fpr50@best=0.025527
Baseline ep 30: train_auc=0.9300, val_auc=0.9122, val_fpr50=0.025905, best_auc=0.9154, fpr50@best=0.025527
Early stopping Baseline at epoch 31
Teacher test AUC=0.9485 | Baseline test AUC=0.9156

========================================================================
STEP 2: Carryover token predictor
========================================================================
Carry target mode: fixed_k (k=12, thresh_gate=False)
CarryPredictor ep 001: train_loss=0.66298 val_auc=0.7969 r@12=0.6471 p@12=0.6471 best=0.7969@1 lr=2.000e-04
CarryPredictor ep 002: train_loss=0.64224 val_auc=0.8000 r@12=0.6500 p@12=0.6500 best=0.8000@2 lr=2.000e-04
CarryPredictor ep 004: train_loss=0.63652 val_auc=0.8025 r@12=0.6515 p@12=0.6515 best=0.8025@4 lr=2.000e-04
CarryPredictor ep 006: train_loss=0.63384 val_auc=0.8042 r@12=0.6537 p@12=0.6537 best=0.8042@6 lr=2.000e-04
CarryPredictor ep 008: train_loss=0.63223 val_auc=0.8045 r@12=0.6546 p@12=0.6546 best=0.8045@8 lr=2.000e-04
CarryPredictor ep 010: train_loss=0.63095 val_auc=0.8060 r@12=0.6558 p@12=0.6558 best=0.8060@10 lr=2.000e-04
CarryPredictor ep 012: train_loss=0.62996 val_auc=0.8062 r@12=0.6562 p@12=0.6562 best=0.8062@12 lr=2.000e-04
CarryPredictor ep 014: train_loss=0.62888 val_auc=0.8062 r@12=0.6570 p@12=0.6570 best=0.8062@14 lr=2.000e-04
CarryPredictor ep 016: train_loss=0.62833 val_auc=0.8068 r@12=0.6567 p@12=0.6567 best=0.8068@16 lr=2.000e-04
CarryPredictor ep 018: train_loss=0.62745 val_auc=0.8069 r@12=0.6575 p@12=0.6575 best=0.8069@18 lr=2.000e-04
CarryPredictor ep 020: train_loss=0.62678 val_auc=0.8069 r@12=0.6572 p@12=0.6572 best=0.8073@19 lr=1.920e-04
CarryPredictor ep 022: train_loss=0.62621 val_auc=0.8075 r@12=0.6576 p@12=0.6576 best=0.8075@22 lr=1.769e-04
CarryPredictor ep 024: train_loss=0.62526 val_auc=0.8075 r@12=0.6578 p@12=0.6578 best=0.8075@22 lr=1.631e-04
CarryPredictor ep 026: train_loss=0.62486 val_auc=0.8076 r@12=0.6576 p@12=0.6576 best=0.8076@26 lr=1.503e-04
CarryPredictor ep 028: train_loss=0.62422 val_auc=0.8077 r@12=0.6580 p@12=0.6580 best=0.8082@27 lr=1.385e-04
CarryPredictor ep 030: train_loss=0.62359 val_auc=0.8078 r@12=0.6578 p@12=0.6578 best=0.8082@27 lr=1.276e-04
CarryPredictor ep 032: train_loss=0.62302 val_auc=0.8075 r@12=0.6578 p@12=0.6578 best=0.8082@27 lr=1.176e-04
CarryPredictor ep 034: train_loss=0.62249 val_auc=0.8079 r@12=0.6579 p@12=0.6579 best=0.8082@27 lr=1.084e-04
CarryPredictor ep 036: train_loss=0.62210 val_auc=0.8077 r@12=0.6575 p@12=0.6575 best=0.8082@27 lr=9.992e-05
Early stopping CarryPredictor at epoch 37

========================================================================
STEP 3: Train m28-style completer (prefix specialist)
========================================================================
Specialist prefix length (train-time): 12
Entering phase 1 (stabilize) at epoch 1
RecoSpec ep 001 | t=06.53m eta=18.95h | phase=1:stabilize ss=0.00 mixFR=0.00@0 | train total=5.09166 set=2.76647 eos=0.10233 cnt=9.21947 jpt=0.88094 j4=15.70269 crk=0.19885 cpre=3.13208 fr=0.00000 | valTF total=4.33129 set=2.74835 eos=0.04209 cnt=5.94475 jpt=0.90959 j4=0.69996 crk=0.03274 cpre=3.09323 | valFR total=4.63260
RecoSpec ep 002 | t=06.44m eta=18.70h | phase=1:stabilize ss=0.00 mixFR=0.00@0 | train total=4.44512 set=2.78832 eos=0.09444 cnt=6.20249 jpt=0.83624 j4=1.45103 crk=0.05227 cpre=3.07118 fr=0.00000 | valTF total=4.29123 set=2.83905 eos=0.04307 cnt=5.40867 jpt=0.67301 j4=0.62087 crk=0.04188 cpre=2.84469 | valFR total=4.66978
RecoSpec ep 003 | t=06.44m eta=18.54h | phase=1:stabilize ss=0.00 mixFR=0.00@0 | train total=4.34022 set=2.61863 eos=0.11830 cnt=6.08421 jpt=0.87519 j4=6.20755 crk=0.08940 cpre=3.32618 fr=0.00000 | valTF total=5.48703 set=3.51024 eos=0.11567 cnt=8.08026 jpt=0.37092 j4=0.67997 crk=0.05962 cpre=2.60879 | valFR total=6.48271
RecoSpec ep 004 | t=06.57m eta=18.51h | phase=1:stabilize ss=0.00 mixFR=0.00@0 | train total=4.53529 set=2.35966 eos=0.17856 cnt=8.33119 jpt=0.73686 j4=1.44947 crk=0.14042 cpre=3.42864 fr=0.00000 | valTF total=6.32482 set=3.46077 eos=0.19465 cnt=12.30864 jpt=0.48918 j4=0.82963 crk=0.05968 cpre=2.75081 | valFR total=8.10553
RecoSpec ep 005 | t=06.53m eta=18.42h | phase=1:stabilize ss=0.00 mixFR=0.00@0 | train total=4.88813 set=2.61947 eos=0.17548 cnt=8.89669 jpt=0.71510 j4=1.19440 crk=0.12515 cpre=3.25357 fr=0.00000 | valTF total=4.80690 set=2.91121 eos=0.12916 cnt=7.42175 jpt=0.62001 j4=0.62314 crk=0.05960 cpre=2.87599 | valFR total=5.97129
RecoSpec ep 006 | t=06.52m eta=18.32h | phase=1:stabilize ss=0.00 mixFR=0.00@0 | train total=4.35495 set=2.31762 eos=0.20481 cnt=7.42822 jpt=0.86321 j4=1.63380 crk=0.15701 cpre=3.50239 fr=0.00000 | valTF total=5.33408 set=3.58797 eos=0.19503 cnt=6.53639 jpt=0.38603 j4=0.73975 crk=0.06004 cpre=3.01065 | valFR total=7.14720
RecoSpec ep 007 | t=06.53m eta=18.22h | phase=1:stabilize ss=0.00 mixFR=0.00@0 | train total=4.32303 set=2.23937 eos=0.15846 cnt=7.37527 jpt=1.03257 j4=1.07497 crk=0.21210 cpre=3.89582 fr=0.00000 | valTF total=5.04264 set=3.26009 eos=0.20867 cnt=6.90721 jpt=0.34520 j4=0.53663 crk=0.05905 cpre=2.68383 | valFR total=6.96017
RecoSpec ep 008 | t=06.51m eta=18.11h | phase=1:stabilize ss=0.00 mixFR=0.00@0 | train total=4.05994 set=2.04833 eos=0.16604 cnt=7.25988 jpt=0.73532 j4=1.43657 crk=0.18322 cpre=3.51528 fr=0.00000 | valTF total=5.29429 set=2.85882 eos=0.20791 cnt=9.49423 jpt=1.13198 j4=0.75154 crk=0.05985 cpre=3.39725 | valFR total=7.11811
RecoSpec ep 009 | t=06.51m eta=18.01h | phase=1:stabilize ss=0.00 mixFR=0.00@0 | train total=4.29643 set=2.34371 eos=0.13670 cnt=7.15881 jpt=0.75730 j4=0.85370 crk=0.16241 cpre=3.30410 fr=0.00000 | valTF total=5.18693 set=2.88946 eos=0.17846 cnt=8.87769 jpt=1.04770 j4=0.78390 crk=0.05999 cpre=3.28118 | valFR total=6.78309
RecoSpec ep 010 | t=06.54m eta=17.91h | phase=1:stabilize ss=0.00 mixFR=0.00@0 | train total=4.80703 set=2.62325 eos=0.14640 cnt=7.52322 jpt=1.32026 j4=0.85397 crk=0.20678 cpre=4.15940 fr=0.00000 | valTF total=5.25715 set=3.11475 eos=0.15277 cnt=7.69668 jpt=1.36128 j4=0.78793 crk=0.05749 cpre=3.75466 | valFR total=6.61898
RecoSpec ep 011 | t=06.52m eta=17.79h | phase=1:stabilize ss=0.00 mixFR=0.00@0 | train total=5.01910 set=2.92530 eos=0.15789 cnt=7.40473 jpt=1.15169 j4=1.04111 crk=0.16435 cpre=3.62767 fr=0.00000 | valTF total=5.27215 set=3.29328 eos=0.10806 cnt=6.92344 jpt=1.11167 j4=1.95376 crk=0.05969 cpre=3.54482 | valFR total=6.18884
RecoSpec ep 012 | t=06.52m eta=17.71h | phase=1:stabilize ss=0.00 mixFR=0.00@0 | train total=5.21626 set=3.20527 eos=0.18371 cnt=6.86627 jpt=0.79219 j4=2.12371 crk=0.20066 cpre=3.61479 fr=0.00000 | valTF total=6.33341 set=4.51055 eos=0.12529 cnt=6.32147 jpt=0.57795 j4=3.21398 crk=0.04272 cpre=3.18582 | valFR total=7.45643
RecoSpec ep 013 | t=06.53m eta=17.62h | phase=1:stabilize ss=0.00 mixFR=0.00@0 | train total=6.33039 set=4.32046 eos=0.16117 cnt=6.87756 jpt=0.66575 j4=3.67894 crk=0.16665 cpre=3.37694 fr=0.00000 | valTF total=5.30978 set=3.60867 eos=0.09477 cnt=6.36872 jpt=0.30800 j4=1.25146 crk=0.03468 cpre=2.82737 | valFR total=5.93178
RecoSpec ep 014 | t=06.48m eta=17.49h | phase=1:stabilize ss=0.00 mixFR=0.00@0 | train total=5.60437 set=3.64067 eos=0.12536 cnt=6.70955 jpt=0.92624 j4=2.14425 crk=0.13952 cpre=3.58663 fr=0.00000 | valTF total=4.82945 set=2.99960 eos=0.45491 cnt=6.15428 jpt=0.93397 j4=0.91847 crk=0.06053 cpre=3.28027 | valFR total=4.82514
RecoSpec ep 015 | t=06.55m eta=17.39h | phase=1:stabilize ss=0.00 mixFR=0.00@0 | train total=5.86978 set=3.93178 eos=0.11788 cnt=6.27753 jpt=1.16118 j4=2.06241 crk=0.11908 cpre=4.00286 fr=0.00000 | valTF total=6.83349 set=4.95131 eos=0.04177 cnt=5.86886 jpt=0.86541 j4=4.72337 crk=0.06202 cpre=3.97256 | valFR total=7.04075
Phase transition 1->2: rewound to phase-best epoch 1 (valFR=4.632604)
Phase 2 optimizer reset: lr 1.800e-04 -> 1.440e-04
RecoSpec ep 016 | t=06.53m eta=17.28h | phase=2:transition ss=0.00 mixFR=0.00@2 | train total=4.62007 set=2.88697 eos=0.09430 cnt=6.26076 jpt=0.75961 j4=0.86152 crk=0.04917 cpre=3.04690 fr=0.00000 | valTF total=4.48991 set=2.83175 eos=0.07918 cnt=6.00380 jpt=0.76066 j4=0.65082 crk=0.04346 cpre=2.93739 | valFR total=5.24983
