============================================================
Model-39 Prefix-Specialist + Deterministic-Residual MultiCandidate
Run: /home/ryreu/atlas/PracticeTagging/checkpoints/reco_teacher_joint_fusion_6model_150k75k150k/model39_prefixspecialist_detresid_multicand/model39_prefixspecialist_detresid_multicand_150k75k300k_seed0_pfx6
Split: train=50000, val=20000, test=300000
Reco batch size: 48
============================================================
 python offline_reconstructor_joint_dualview_stage2save_auc_norankc_nopriv_unmergeonly_m39_prefixspecialist_detresid_multicand.py --save_dir /home/ryreu/atlas/PracticeTagging/checkpoints/reco_teacher_joint_fusion_6model_150k75k150k/model39_prefixspecialist_detresid_multicand --run_name model39_prefixspecialist_detresid_multicand_150k75k300k_seed0_pfx6 --n_train_jets 370000 --n_train_split 50000 --n_val_split 20000 --n_test_split 300000 --offset_jets 0 --max_constits 100 --batch_size 64 --num_workers 1 --seed 0 --device cuda --save_fusion_scores --carry_epochs 48 --carry_patience 10 --carry_lr 2e-4 --carry_target_mode fixed_k --carry_target_k -1 --carry_target_thresh_gate 0 --carry_dist_thresh 0.22 --carry_lr_decay_start_epoch 20 --carry_lr_decay_gamma 0.96 --carry_min_lr_ratio 0.35 --reco_epochs 175 --reco_patience 30 --reco_min_epochs 45 --reco_lr 1.8e-4 --reco_batch_size 48 --reco_set_loss_mode chamfer --reco_loss_w_eos 0.20 --reco_loss_w_count 0.20 --reco_loss_w_jetpt 0.08 --reco_loss_w_4vec 0.03 --reco_loss_w_conf_rank 0.20 --reco_loss_w_conf_prefix 0.12 --reco_conf_margin 0.06 --reco_conf_prefix_tau 16.0 --reco_physics_warmup_epochs 12 --reco_phase1_end_epoch 15 --reco_phase2_end_epoch 75 --reco_phase3_end_epoch 127 --reco_phase2_alpha_fr_end 0.70 --reco_phase3_alpha_fr_end 0.95 --reco_phase4_alpha_fr 0.95 --reco_phase2_ss_end 0.60 --reco_phase3_ss_end 0.90 --reco_phase4_ss 0.90 --reco_phase2_free_run_every_n 2 --reco_phase3_free_run_every_n 1 --reco_phase4_free_run_every_n 1 --reco_phase_lr_decay 0.80 --seed_candidate_k 1 --seed_keep_m 1 --seed_max_prefix 6 --train_specialist_prefix 6 --seed_temp 0.35 --candidate_gen_batch 64 --search_eps_total 0.60 --search_eps_count 0.30 --search_w_chamfer 1.00 --search_w_count 0.25 --search_w_pt 0.12 --search_w_mass 0.08 --dual_epochs 90 --dual_lr 1.2e-4 --dual_patience 16
========================================================================
Model-39 Prefix-Specialist m28 + Deterministic Residual MultiCandidate DualView
Run: /home/ryreu/atlas/PracticeTagging/checkpoints/reco_teacher_joint_fusion_6model_150k75k150k/model39_prefixspecialist_detresid_multicand/model39_prefixspecialist_detresid_multicand_150k75k300k_seed0_pfx6
Split train/val/test = 50000/20000/300000 | K=1 keepM=1 max_prefix=6 train_specialist_prefix=6
========================================================================
Generating pseudo-HLT (deterministic keyed D_hard)...
HLT stats: avg_offline=54.29, avg_hlt=29.18, merged=7930084, eff_lost=1361629
Split sizes: Train=50000, Val=20000, Test=300000
Computing standardized features for train/val/test...

========================================================================
STEP 1: Teacher + HLT baseline
========================================================================
Teacher ep 5: train_auc=0.9295, val_auc=0.9309, val_fpr50=0.027290, best_auc=0.9351, fpr50@best=0.022409
Teacher ep 10: train_auc=0.9413, val_auc=0.9455, val_fpr50=0.013199, best_auc=0.9455, fpr50@best=0.013199
Teacher ep 15: train_auc=0.9459, val_auc=0.9459, val_fpr50=0.014963, best_auc=0.9478, fpr50@best=0.013065
Teacher ep 20: train_auc=0.9511, val_auc=0.9452, val_fpr50=0.014281, best_auc=0.9480, fpr50@best=0.012090
Teacher ep 25: train_auc=0.9561, val_auc=0.9470, val_fpr50=0.012283, best_auc=0.9480, fpr50@best=0.012090
Teacher ep 30: train_auc=0.9616, val_auc=0.9419, val_fpr50=0.013531, best_auc=0.9480, fpr50@best=0.012090
Early stopping Teacher at epoch 30
Baseline ep 5: train_auc=0.8892, val_auc=0.8979, val_fpr50=0.036513, best_auc=0.8979, fpr50@best=0.036513
Baseline ep 10: train_auc=0.9053, val_auc=0.9098, val_fpr50=0.027252, best_auc=0.9098, fpr50@best=0.027252
Baseline ep 15: train_auc=0.9125, val_auc=0.9126, val_fpr50=0.025658, best_auc=0.9140, fpr50@best=0.026526
Baseline ep 20: train_auc=0.9168, val_auc=0.9109, val_fpr50=0.027362, best_auc=0.9166, fpr50@best=0.024146
Baseline ep 25: train_auc=0.9231, val_auc=0.9130, val_fpr50=0.024148, best_auc=0.9166, fpr50@best=0.024146
Baseline ep 30: train_auc=0.9288, val_auc=0.9118, val_fpr50=0.026801, best_auc=0.9166, fpr50@best=0.024146
Early stopping Baseline at epoch 31
Teacher test AUC=0.9487 | Baseline test AUC=0.9162

========================================================================
STEP 2: Carryover token predictor
========================================================================
Carry target mode: fixed_k (k=6, thresh_gate=False)
CarryPredictor ep 001: train_loss=0.95619 val_auc=0.7454 r@12=0.6658 p@12=0.3535 best=0.7454@1 lr=2.000e-04
CarryPredictor ep 002: train_loss=0.94003 val_auc=0.7481 r@12=0.6684 p@12=0.3548 best=0.7481@2 lr=2.000e-04
CarryPredictor ep 004: train_loss=0.93326 val_auc=0.7515 r@12=0.6733 p@12=0.3573 best=0.7515@4 lr=2.000e-04
CarryPredictor ep 006: train_loss=0.93032 val_auc=0.7536 r@12=0.6751 p@12=0.3582 best=0.7536@6 lr=2.000e-04
CarryPredictor ep 008: train_loss=0.92845 val_auc=0.7537 r@12=0.6757 p@12=0.3585 best=0.7537@8 lr=2.000e-04
CarryPredictor ep 010: train_loss=0.92692 val_auc=0.7551 r@12=0.6772 p@12=0.3592 best=0.7551@10 lr=2.000e-04
CarryPredictor ep 012: train_loss=0.92581 val_auc=0.7545 r@12=0.6772 p@12=0.3592 best=0.7551@10 lr=2.000e-04
CarryPredictor ep 014: train_loss=0.92486 val_auc=0.7543 r@12=0.6763 p@12=0.3588 best=0.7551@10 lr=2.000e-04
CarryPredictor ep 016: train_loss=0.92395 val_auc=0.7552 r@12=0.6780 p@12=0.3596 best=0.7552@16 lr=2.000e-04
CarryPredictor ep 018: train_loss=0.92298 val_auc=0.7553 r@12=0.6771 p@12=0.3592 best=0.7553@18 lr=2.000e-04
CarryPredictor ep 020: train_loss=0.92250 val_auc=0.7550 r@12=0.6776 p@12=0.3594 best=0.7553@18 lr=1.920e-04
CarryPredictor ep 022: train_loss=0.92099 val_auc=0.7558 r@12=0.6781 p@12=0.3597 best=0.7558@22 lr=1.769e-04
CarryPredictor ep 024: train_loss=0.91993 val_auc=0.7551 r@12=0.6777 p@12=0.3595 best=0.7558@22 lr=1.631e-04
CarryPredictor ep 026: train_loss=0.91903 val_auc=0.7555 r@12=0.6785 p@12=0.3599 best=0.7558@22 lr=1.503e-04
CarryPredictor ep 028: train_loss=0.91801 val_auc=0.7551 r@12=0.6768 p@12=0.3591 best=0.7558@22 lr=1.385e-04
CarryPredictor ep 030: train_loss=0.91691 val_auc=0.7547 r@12=0.6769 p@12=0.3591 best=0.7558@22 lr=1.276e-04
CarryPredictor ep 032: train_loss=0.91603 val_auc=0.7543 r@12=0.6761 p@12=0.3587 best=0.7558@22 lr=1.176e-04
Early stopping CarryPredictor at epoch 32

========================================================================
STEP 3: Train m28-style completer (prefix specialist)
========================================================================
Specialist prefix length (train-time): 6
Entering phase 1 (stabilize) at epoch 1
RecoSpec ep 001 | t=08.27m eta=23.99h | phase=1:stabilize ss=0.00 mixFR=0.00@0 | train total=5.15144 set=2.99448 eos=0.12095 cnt=8.48809 jpt=0.84657 j4=1.46263 crk=0.16120 cpre=3.27966 fr=0.00000 | valTF total=4.47565 set=2.81549 eos=0.10776 cnt=6.32309 jpt=0.71730 j4=0.63533 crk=0.04397 cpre=2.99013 | valFR total=5.47831
RecoSpec ep 002 | t=08.24m eta=23.81h | phase=1:stabilize ss=0.00 mixFR=0.00@0 | train total=4.81224 set=2.95308 eos=0.12613 cnt=7.02091 jpt=0.89457 j4=0.80473 crk=0.06737 cpre=3.33598 fr=0.00000 | valTF total=4.85933 set=2.82010 eos=0.04860 cnt=8.06967 jpt=0.83680 j4=0.97336 crk=0.05148 cpre=3.24371 | valFR total=5.36701
RecoSpec ep 003 | t=08.32m eta=23.73h | phase=1:stabilize ss=0.00 mixFR=0.00@0 | train total=5.06343 set=3.20380 eos=0.12711 cnt=6.53248 jpt=0.87096 j4=11.73112 crk=0.06013 cpre=3.41895 fr=0.00000 | valTF total=5.47715 set=3.53268 eos=0.08061 cnt=7.06303 jpt=1.22112 j4=1.76121 crk=0.05754 cpre=3.88826 | valFR total=6.22683
RecoSpec ep 004 | t=08.24m eta=23.57h | phase=1:stabilize ss=0.00 mixFR=0.00@0 | train total=5.95463 set=3.87634 eos=0.19777 cnt=7.05293 jpt=1.55018 j4=1.68524 crk=0.10903 cpre=4.56795 fr=0.00000 | valTF total=4.78512 set=3.02265 eos=0.05094 cnt=6.46758 jpt=0.95674 j4=0.81621 crk=0.05502 cpre=3.45062 | valFR total=5.34077
RecoSpec ep 005 | t=08.27m eta=23.43h | phase=1:stabilize ss=0.00 mixFR=0.00@0 | train total=5.83934 set=3.77712 eos=0.15894 cnt=7.18670 jpt=1.34521 j4=1.59998 crk=0.08152 cpre=4.26621 fr=0.00000 | valTF total=5.92145 set=3.81313 eos=0.08408 cnt=6.90583 jpt=2.08486 j4=0.89552 crk=0.02813 cpre=5.20017 | valFR total=6.07957
RecoSpec ep 006 | t=08.27m eta=23.29h | phase=1:stabilize ss=0.00 mixFR=0.00@0 | train total=6.48527 set=4.19746 eos=0.17903 cnt=6.70091 jpt=1.35449 j4=22.51049 crk=0.11153 cpre=4.14729 fr=0.00000 | valTF total=5.69329 set=3.71601 eos=0.07959 cnt=6.25657 jpt=2.00395 j4=0.88998 crk=0.03900 cpre=5.07278 | valFR total=6.15528
RecoSpec ep 007 | t=08.25m eta=23.15h | phase=1:stabilize ss=0.00 mixFR=0.00@0 | train total=5.92646 set=3.85977 eos=0.15721 cnt=6.49484 jpt=1.69649 j4=2.59652 crk=0.14354 cpre=4.85802 fr=0.00000 | valTF total=5.24975 set=3.25768 eos=0.23764 cnt=6.78869 jpt=1.48009 j4=0.81539 crk=0.05487 cpre=4.10412 | valFR total=7.36591
RecoSpec ep 008 | t=08.25m eta=23.00h | phase=1:stabilize ss=0.00 mixFR=0.00@0 | train total=5.48241 set=3.65981 eos=0.09316 cnt=6.31007 jpt=1.16650 j4=1.59064 crk=0.08040 cpre=3.59874 fr=0.00000 | valTF total=5.19151 set=3.42179 eos=0.11710 cnt=6.18935 jpt=1.16478 j4=1.03311 crk=0.04491 cpre=3.47221 | valFR total=6.24378
RecoSpec ep 009 | t=08.24m eta=22.86h | phase=1:stabilize ss=0.00 mixFR=0.00@0 | train total=5.73349 set=3.87056 eos=0.11962 cnt=6.06230 jpt=1.23279 j4=2.35331 crk=0.11389 cpre=3.97378 fr=0.00000 | valTF total=5.86828 set=3.93596 eos=0.07572 cnt=7.04781 jpt=0.79461 j4=2.45893 crk=0.04163 cpre=3.30238 | valFR total=6.54073
RecoSpec ep 010 | t=08.26m eta=22.72h | phase=1:stabilize ss=0.00 mixFR=0.00@0 | train total=5.70068 set=3.91973 eos=0.07973 cnt=6.21945 jpt=0.79488 j4=2.37556 crk=0.08290 cpre=3.26790 fr=0.00000 | valTF total=5.09347 set=3.38302 eos=0.05984 cnt=5.81403 jpt=1.08484 j4=1.25716 crk=0.05132 cpre=3.51384 | valFR total=5.55069
RecoSpec ep 011 | t=08.27m eta=22.58h | phase=1:stabilize ss=0.00 mixFR=0.00@0 | train total=6.24093 set=4.17034 eos=0.08525 cnt=5.88605 jpt=1.96907 j4=3.62508 crk=0.09455 cpre=5.11108 fr=0.00000 | valTF total=7.09287 set=4.73002 eos=0.03147 cnt=6.98675 jpt=2.51978 j4=1.41686 crk=0.02453 cpre=6.08793 | valFR total=7.21302
RecoSpec ep 012 | t=08.26m eta=22.45h | phase=1:stabilize ss=0.00 mixFR=0.00@0 | train total=6.17831 set=4.25095 eos=0.06754 cnt=5.85679 jpt=1.44339 j4=2.18360 crk=0.11660 cpre=4.48489 fr=0.00000 | valTF total=5.65862 set=3.90658 eos=0.04533 cnt=6.53521 jpt=0.43055 j4=1.58355 crk=0.04192 cpre=2.87990 | valFR total=5.91247
RecoSpec ep 013 | t=08.26m eta=22.29h | phase=1:stabilize ss=0.00 mixFR=0.00@0 | train total=5.47221 set=3.74093 eos=0.06492 cnt=5.75132 jpt=0.89371 j4=1.76276 crk=0.11113 cpre=3.51188 fr=0.00000 | valTF total=5.43874 set=3.64945 eos=0.03749 cnt=5.87526 jpt=1.22525 j4=1.37517 crk=0.04824 cpre=3.81512 | valFR total=5.58249
RecoSpec ep 014 | t=08.25m eta=22.16h | phase=1:stabilize ss=0.00 mixFR=0.00@0 | train total=5.51533 set=3.62990 eos=0.11040 cnt=6.07638 jpt=1.10183 j4=2.30130 crk=0.16860 cpre=3.80975 fr=0.00000 | valTF total=6.10755 set=4.24788 eos=0.04354 cnt=6.54261 jpt=0.87456 j4=2.81632 crk=0.02982 cpre=3.18358 | valFR total=6.50223
RecoSpec ep 015 | t=08.23m eta=22.01h | phase=1:stabilize ss=0.00 mixFR=0.00@0 | train total=5.84277 set=3.96554 eos=0.07398 cnt=6.12129 jpt=0.92673 j4=3.21108 crk=0.13330 cpre=3.67538 fr=0.00000 | valTF total=5.62214 set=3.85593 eos=0.05836 cnt=6.11281 jpt=0.68353 j4=1.89425 crk=0.05690 cpre=3.40907 | valFR total=6.21606
Phase transition 1->2: rewound to phase-best epoch 4 (valFR=5.340770)
Phase 2 optimizer reset: lr 1.800e-04 -> 1.440e-04
RecoSpec ep 016 | t=08.23m eta=21.86h | phase=2:transition ss=0.00 mixFR=0.00@2 | train total=5.44638 set=3.51390 eos=0.13535 cnt=6.50488 jpt=1.19702 j4=0.97784 crk=0.07194 cpre=3.87457 fr=0.00000 | valTF total=5.21315 set=3.59193 eos=0.11179 cnt=5.99875 jpt=0.49575 j4=1.08817 crk=0.02489 cpre=2.68188 | valFR total=6.25709
RecoSpec ep 017 | t=31.83m eta=27.93h | phase=2:transition ss=0.01 mixFR=0.01@2 | train total=5.13964 set=3.52392 eos=0.09769 cnt=5.88673 jpt=0.51039 j4=1.06022 crk=0.04289 cpre=2.78857 fr=2.82290 | valTF total=5.31078 set=3.80013 eos=0.03985 cnt=5.45546 jpt=0.45741 j4=1.45671 crk=0.02073 cpre=2.72622 | valFR total=5.59612
RecoSpec ep 018 | t=31.88m eta=33.94h | phase=2:transition ss=0.02 mixFR=0.02@2 | train total=5.46857 set=3.29352 eos=0.09054 cnt=6.06670 jpt=0.84769 j4=14.83828 crk=0.07644 cpre=3.42828 fr=2.86905 | valTF total=5.57990 set=3.87461 eos=0.04284 cnt=6.27812 jpt=0.46893 j4=1.17054 crk=0.03905 cpre=3.00540 | valFR total=5.71801
RecoSpec ep 019 | t=31.95m eta=39.89h | phase=2:transition ss=0.03 mixFR=0.04@2 | train total=5.47156 set=3.72594 eos=0.09187 cnt=5.92069 jpt=0.75023 j4=1.62618 crk=0.06573 cpre=3.46318 fr=2.88666 | valTF total=4.82247 set=3.15082 eos=0.04816 cnt=5.53246 jpt=1.06575 j4=0.71562 crk=0.05857 cpre=3.64230 | valFR total=4.88756
RecoSpec ep 020 | t=31.90m eta=45.74h | phase=2:transition ss=0.04 mixFR=0.05@2 | train total=5.04337 set=3.06773 eos=0.11633 cnt=6.42226 jpt=1.06486 j4=3.59658 crk=0.09907 cpre=3.66175 fr=2.80372 | valTF total=4.62287 set=2.87295 eos=0.08006 cnt=5.95076 jpt=1.07129 j4=0.75052 crk=0.06007 cpre=3.52935 | valFR total=5.02037
RecoSpec ep 021 | t=31.99m eta=51.53h | phase=2:transition ss=0.05 mixFR=0.06@2 | train total=5.20009 set=3.32818 eos=0.08793 cnt=5.87875 jpt=1.48337 j4=0.82432 crk=0.07868 cpre=4.27279 fr=2.71063 | valTF total=6.49727 set=4.32289 eos=0.03778 cnt=6.18833 jpt=2.44850 j4=0.92927 crk=0.02194 cpre=5.84175 | valFR total=6.54993
