============================================================
Model-39 Prefix-Specialist + Deterministic-Residual MultiCandidate
Run: /home/ryreu/atlas/PracticeTagging/checkpoints/reco_teacher_joint_fusion_6model_150k75k150k/model39_prefixspecialist_detresid_multicand/model39_prefixspecialist_detresid_multicand_150k75k300k_seed0_pfx15
Split: train=50000, val=20000, test=300000
Reco batch size: 48
============================================================
 python offline_reconstructor_joint_dualview_stage2save_auc_norankc_nopriv_unmergeonly_m39_prefixspecialist_detresid_multicand.py --save_dir /home/ryreu/atlas/PracticeTagging/checkpoints/reco_teacher_joint_fusion_6model_150k75k150k/model39_prefixspecialist_detresid_multicand --run_name model39_prefixspecialist_detresid_multicand_150k75k300k_seed0_pfx15 --n_train_jets 370000 --n_train_split 50000 --n_val_split 20000 --n_test_split 300000 --offset_jets 0 --max_constits 100 --batch_size 64 --num_workers 1 --seed 0 --device cuda --save_fusion_scores --carry_epochs 48 --carry_patience 10 --carry_lr 2e-4 --carry_target_mode fixed_k --carry_target_k -1 --carry_target_thresh_gate 0 --carry_dist_thresh 0.22 --carry_lr_decay_start_epoch 20 --carry_lr_decay_gamma 0.96 --carry_min_lr_ratio 0.35 --reco_epochs 175 --reco_patience 30 --reco_min_epochs 45 --reco_lr 1.8e-4 --reco_batch_size 48 --reco_set_loss_mode chamfer --reco_loss_w_eos 0.20 --reco_loss_w_count 0.20 --reco_loss_w_jetpt 0.08 --reco_loss_w_4vec 0.03 --reco_loss_w_conf_rank 0.20 --reco_loss_w_conf_prefix 0.12 --reco_conf_margin 0.06 --reco_conf_prefix_tau 16.0 --reco_physics_warmup_epochs 12 --reco_phase1_end_epoch 15 --reco_phase2_end_epoch 75 --reco_phase3_end_epoch 127 --reco_phase2_alpha_fr_end 0.70 --reco_phase3_alpha_fr_end 0.95 --reco_phase4_alpha_fr 0.95 --reco_phase2_ss_end 0.60 --reco_phase3_ss_end 0.90 --reco_phase4_ss 0.90 --reco_phase2_free_run_every_n 2 --reco_phase3_free_run_every_n 1 --reco_phase4_free_run_every_n 1 --reco_phase_lr_decay 0.80 --seed_candidate_k 1 --seed_keep_m 1 --seed_max_prefix 15 --train_specialist_prefix 15 --seed_temp 0.35 --candidate_gen_batch 64 --search_eps_total 0.60 --search_eps_count 0.30 --search_w_chamfer 1.00 --search_w_count 0.25 --search_w_pt 0.12 --search_w_mass 0.08 --dual_epochs 90 --dual_lr 1.2e-4 --dual_patience 16
========================================================================
Model-39 Prefix-Specialist m28 + Deterministic Residual MultiCandidate DualView
Run: /home/ryreu/atlas/PracticeTagging/checkpoints/reco_teacher_joint_fusion_6model_150k75k150k/model39_prefixspecialist_detresid_multicand/model39_prefixspecialist_detresid_multicand_150k75k300k_seed0_pfx15
Split train/val/test = 50000/20000/300000 | K=1 keepM=1 max_prefix=15 train_specialist_prefix=15
========================================================================
Generating pseudo-HLT (deterministic keyed D_hard)...
HLT stats: avg_offline=54.29, avg_hlt=29.18, merged=7930084, eff_lost=1361629
Split sizes: Train=50000, Val=20000, Test=300000
Computing standardized features for train/val/test...

========================================================================
STEP 1: Teacher + HLT baseline
========================================================================
Teacher ep 5: train_auc=0.9295, val_auc=0.9309, val_fpr50=0.027290, best_auc=0.9351, fpr50@best=0.022409
Teacher ep 10: train_auc=0.9413, val_auc=0.9455, val_fpr50=0.013199, best_auc=0.9455, fpr50@best=0.013199
Teacher ep 15: train_auc=0.9459, val_auc=0.9459, val_fpr50=0.014963, best_auc=0.9478, fpr50@best=0.013065
Teacher ep 20: train_auc=0.9511, val_auc=0.9452, val_fpr50=0.014281, best_auc=0.9480, fpr50@best=0.012090
Teacher ep 25: train_auc=0.9561, val_auc=0.9470, val_fpr50=0.012283, best_auc=0.9480, fpr50@best=0.012090
Teacher ep 30: train_auc=0.9616, val_auc=0.9419, val_fpr50=0.013531, best_auc=0.9480, fpr50@best=0.012090
Early stopping Teacher at epoch 30
Baseline ep 5: train_auc=0.8892, val_auc=0.8979, val_fpr50=0.036513, best_auc=0.8979, fpr50@best=0.036513
Baseline ep 10: train_auc=0.9053, val_auc=0.9098, val_fpr50=0.027252, best_auc=0.9098, fpr50@best=0.027252
Baseline ep 15: train_auc=0.9125, val_auc=0.9126, val_fpr50=0.025658, best_auc=0.9140, fpr50@best=0.026526
Baseline ep 20: train_auc=0.9168, val_auc=0.9109, val_fpr50=0.027362, best_auc=0.9166, fpr50@best=0.024146
Baseline ep 25: train_auc=0.9231, val_auc=0.9130, val_fpr50=0.024148, best_auc=0.9166, fpr50@best=0.024146
Baseline ep 30: train_auc=0.9288, val_auc=0.9118, val_fpr50=0.026801, best_auc=0.9166, fpr50@best=0.024146
Early stopping Baseline at epoch 31
Teacher test AUC=0.9487 | Baseline test AUC=0.9162

========================================================================
STEP 2: Carryover token predictor
========================================================================
Carry target mode: fixed_k (k=15, thresh_gate=False)
CarryPredictor ep 001: train_loss=0.53467 val_auc=0.8215 r@12=0.6273 p@12=0.7483 best=0.8215@1 lr=2.000e-04
CarryPredictor ep 002: train_loss=0.51513 val_auc=0.8232 r@12=0.6286 p@12=0.7499 best=0.8232@2 lr=2.000e-04
CarryPredictor ep 004: train_loss=0.51030 val_auc=0.8261 r@12=0.6309 p@12=0.7528 best=0.8261@4 lr=2.000e-04
CarryPredictor ep 006: train_loss=0.50795 val_auc=0.8280 r@12=0.6320 p@12=0.7542 best=0.8280@6 lr=2.000e-04
CarryPredictor ep 008: train_loss=0.50624 val_auc=0.8277 r@12=0.6329 p@12=0.7552 best=0.8281@7 lr=2.000e-04
CarryPredictor ep 010: train_loss=0.50506 val_auc=0.8296 r@12=0.6343 p@12=0.7571 best=0.8296@10 lr=2.000e-04
CarryPredictor ep 012: train_loss=0.50414 val_auc=0.8295 r@12=0.6344 p@12=0.7571 best=0.8298@11 lr=2.000e-04
CarryPredictor ep 014: train_loss=0.50339 val_auc=0.8302 r@12=0.6346 p@12=0.7573 best=0.8302@14 lr=2.000e-04
CarryPredictor ep 016: train_loss=0.50279 val_auc=0.8307 r@12=0.6345 p@12=0.7573 best=0.8307@16 lr=2.000e-04
CarryPredictor ep 018: train_loss=0.50229 val_auc=0.8301 r@12=0.6349 p@12=0.7578 best=0.8307@16 lr=2.000e-04
CarryPredictor ep 020: train_loss=0.50158 val_auc=0.8306 r@12=0.6351 p@12=0.7580 best=0.8308@19 lr=1.920e-04
CarryPredictor ep 022: train_loss=0.50084 val_auc=0.8310 r@12=0.6347 p@12=0.7576 best=0.8311@21 lr=1.769e-04
CarryPredictor ep 024: train_loss=0.50031 val_auc=0.8311 r@12=0.6356 p@12=0.7586 best=0.8311@24 lr=1.631e-04
CarryPredictor ep 026: train_loss=0.49981 val_auc=0.8310 r@12=0.6353 p@12=0.7582 best=0.8315@25 lr=1.503e-04
CarryPredictor ep 028: train_loss=0.49909 val_auc=0.8313 r@12=0.6355 p@12=0.7586 best=0.8315@25 lr=1.385e-04
CarryPredictor ep 030: train_loss=0.49872 val_auc=0.8312 r@12=0.6356 p@12=0.7586 best=0.8315@25 lr=1.276e-04
CarryPredictor ep 032: train_loss=0.49798 val_auc=0.8311 r@12=0.6352 p@12=0.7582 best=0.8318@31 lr=1.176e-04
CarryPredictor ep 034: train_loss=0.49771 val_auc=0.8315 r@12=0.6354 p@12=0.7584 best=0.8318@31 lr=1.084e-04
CarryPredictor ep 036: train_loss=0.49728 val_auc=0.8315 r@12=0.6352 p@12=0.7582 best=0.8318@31 lr=9.992e-05
CarryPredictor ep 038: train_loss=0.49675 val_auc=0.8315 r@12=0.6357 p@12=0.7588 best=0.8318@31 lr=9.208e-05
CarryPredictor ep 040: train_loss=0.49636 val_auc=0.8312 r@12=0.6355 p@12=0.7585 best=0.8318@31 lr=8.486e-05
Early stopping CarryPredictor at epoch 41

========================================================================
STEP 3: Train m28-style completer (prefix specialist)
========================================================================
Specialist prefix length (train-time): 15
Entering phase 1 (stabilize) at epoch 1
RecoSpec ep 001 | t=10.30m eta=29.86h | phase=1:stabilize ss=0.00 mixFR=0.00@0 | train total=4.98660 set=2.87128 eos=0.11280 cnt=8.47116 jpt=0.81755 j4=0.76656 crk=0.12720 cpre=3.04724 fr=0.00000 | valTF total=4.42250 set=2.76900 eos=0.04795 cnt=6.15766 jpt=1.09094 j4=0.75553 crk=0.03609 cpre=3.29993 | valFR total=4.74662
RecoSpec ep 002 | t=10.30m eta=29.69h | phase=1:stabilize ss=0.00 mixFR=0.00@0 | train total=5.03578 set=3.23070 eos=0.11916 cnt=6.69341 jpt=0.85914 j4=6.12669 crk=0.08774 cpre=3.19103 fr=0.00000 | valTF total=5.66579 set=3.92353 eos=0.16316 cnt=6.27811 jpt=0.84550 j4=3.03783 crk=0.05927 cpre=3.46385 | valFR total=7.09501
RecoSpec ep 003 | t=10.29m eta=29.51h | phase=1:stabilize ss=0.00 mixFR=0.00@0 | train total=5.78160 set=3.51210 eos=0.23793 cnt=7.21869 jpt=1.21639 j4=34.11078 crk=0.13119 cpre=3.93146 fr=0.00000 | valTF total=6.74890 set=4.56110 eos=0.28243 cnt=8.35482 jpt=0.71386 j4=4.54143 crk=0.06056 cpre=3.33236 | valFR total=9.33426
RecoSpec ep 004 | t=10.30m eta=29.34h | phase=1:stabilize ss=0.00 mixFR=0.00@0 | train total=5.76024 set=3.26899 eos=0.26315 cnt=8.53686 jpt=1.12080 j4=20.38031 crk=0.15549 cpre=3.88711 fr=0.00000 | valTF total=5.36034 set=3.00728 eos=0.26323 cnt=9.32790 jpt=1.02473 j4=0.95498 crk=0.05981 cpre=3.21654 | valFR total=7.68873
RecoSpec ep 005 | t=10.28m eta=29.17h | phase=1:stabilize ss=0.00 mixFR=0.00@0 | train total=5.62714 set=3.48676 eos=0.24955 cnt=7.70788 jpt=1.09484 j4=3.29799 crk=0.14809 cpre=3.67962 fr=0.00000 | valTF total=4.96110 set=3.13009 eos=0.05541 cnt=6.59139 jpt=1.32876 j4=0.84333 crk=0.05638 cpre=3.62952 | valFR total=5.14397
RecoSpec ep 006 | t=10.28m eta=28.99h | phase=1:stabilize ss=0.00 mixFR=0.00@0 | train total=4.84375 set=3.01801 eos=0.17994 cnt=6.54108 jpt=0.90172 j4=1.15964 crk=0.15183 cpre=3.31418 fr=0.00000 | valTF total=4.60866 set=3.01550 eos=0.13583 cnt=5.80244 jpt=0.73150 j4=0.70366 crk=0.06055 cpre=2.94654 | valFR total=5.50640
RecoSpec ep 007 | t=10.30m eta=28.82h | phase=1:stabilize ss=0.00 mixFR=0.00@0 | train total=5.37687 set=3.40816 eos=0.15039 cnt=6.42384 jpt=0.99235 j4=8.23298 crk=0.15900 cpre=3.59736 fr=0.00000 | valTF total=5.00836 set=3.28373 eos=0.10353 cnt=6.33880 jpt=0.69358 j4=0.75508 crk=0.06168 cpre=3.15202 | valFR total=5.66374
RecoSpec ep 008 | t=10.28m eta=28.65h | phase=1:stabilize ss=0.00 mixFR=0.00@0 | train total=5.64502 set=3.63309 eos=0.13301 cnt=6.58148 jpt=1.00767 j4=6.22594 crk=0.19687 cpre=3.76165 fr=0.00000 | valTF total=6.50944 set=4.78001 eos=0.05766 cnt=5.91578 jpt=0.65525 j4=3.74540 crk=0.04087 cpre=3.47254 | valFR total=6.87499
RecoSpec ep 009 | t=10.30m eta=28.48h | phase=1:stabilize ss=0.00 mixFR=0.00@0 | train total=5.75702 set=3.95809 eos=0.13967 cnt=6.16500 jpt=0.89827 j4=1.97184 crk=0.10056 cpre=3.49682 fr=0.00000 | valTF total=4.58573 set=2.99229 eos=0.05597 cnt=5.86806 jpt=0.67763 j4=0.61536 crk=0.08197 cpre=2.81439 | valFR total=4.81640
RecoSpec ep 010 | t=10.28m eta=28.30h | phase=1:stabilize ss=0.00 mixFR=0.00@0 | train total=4.95027 set=3.12781 eos=0.08029 cnt=6.22594 jpt=1.24289 j4=0.92875 crk=0.09504 cpre=3.63437 fr=0.00000 | valTF total=4.59961 set=2.93516 eos=0.04211 cnt=6.03052 jpt=0.90059 j4=0.70142 crk=0.06036 cpre=3.00225 | valFR total=4.79163
RecoSpec ep 011 | t=10.29m eta=28.13h | phase=1:stabilize ss=0.00 mixFR=0.00@0 | train total=5.20387 set=3.36288 eos=0.06411 cnt=5.83524 jpt=1.48252 j4=2.17759 crk=0.08501 cpre=3.96266 fr=0.00000 | valTF total=5.31830 set=3.52546 eos=0.04342 cnt=5.43860 jpt=1.83491 j4=0.87362 crk=0.04301 cpre=4.41041 | valFR total=5.54165
RecoSpec ep 012 | t=10.27m eta=27.95h | phase=1:stabilize ss=0.00 mixFR=0.00@0 | train total=5.09432 set=3.39419 eos=0.05847 cnt=5.71931 jpt=1.09023 j4=0.95048 crk=0.07001 cpre=3.45698 fr=0.00000 | valTF total=5.24820 set=3.72634 eos=0.03945 cnt=5.40923 jpt=0.62173 j4=1.13559 crk=0.02714 cpre=2.85738 | valFR total=5.43191
RecoSpec ep 013 | t=10.24m eta=27.77h | phase=1:stabilize ss=0.00 mixFR=0.00@0 | train total=6.28645 set=4.14697 eos=0.13635 cnt=5.65277 jpt=1.26258 j4=12.29955 crk=0.14203 cpre=4.02711 fr=0.00000 | valTF total=5.00459 set=3.36394 eos=0.06474 cnt=5.89295 jpt=0.75793 j4=0.70369 crk=0.04589 cpre=2.98485 | valFR total=5.39202
RecoSpec ep 014 | t=10.26m eta=27.58h | phase=1:stabilize ss=0.00 mixFR=0.00@0 | train total=5.48323 set=3.61492 eos=0.06411 cnt=5.72762 jpt=1.73645 j4=0.86621 crk=0.08628 cpre=4.39836 fr=0.00000 | valTF total=4.92892 set=3.12384 eos=0.21772 cnt=5.65251 jpt=1.51422 j4=0.83709 crk=0.04935 cpre=3.95762 | valFR total=4.94357
RecoSpec ep 015 | t=10.30m eta=27.42h | phase=1:stabilize ss=0.00 mixFR=0.00@0 | train total=5.41093 set=3.57171 eos=0.07595 cnt=5.47104 jpt=1.83900 j4=0.90653 crk=0.06815 cpre=4.51560 fr=0.00000 | valTF total=5.10271 set=3.33464 eos=0.14627 cnt=5.29941 jpt=1.71467 j4=0.86633 crk=0.03478 cpre=4.24012 | valFR total=5.12145
Phase transition 1->2: rewound to phase-best epoch 1 (valFR=4.746618)
Phase 2 optimizer reset: lr 1.800e-04 -> 1.440e-04
RecoSpec ep 016 | t=10.30m eta=27.25h | phase=2:transition ss=0.00 mixFR=0.00@2 | train total=4.54556 set=2.82728 eos=0.08961 cnt=6.05407 jpt=0.82309 j4=1.82405 crk=0.04078 cpre=3.00677 fr=0.00000 | valTF total=4.42562 set=2.79927 eos=0.03495 cnt=5.78586 jpt=0.87853 j4=0.69363 crk=0.03178 cpre=3.03939 | valFR total=4.69463
