============================================================
Model-39 Prefix-Specialist + Deterministic-Residual MultiCandidate
Run: /home/ryreu/atlas/PracticeTagging/checkpoints/reco_teacher_joint_fusion_6model_150k75k150k/model39_prefixspecialist_detresid_multicand/model39_prefixspecialist_detresid_multicand_150k75k300k_seed0_pfx6
Split: train=50000, val=20000, test=300000
Reco batch size: 80
============================================================
 python offline_reconstructor_joint_dualview_stage2save_auc_norankc_nopriv_unmergeonly_m39_prefixspecialist_detresid_multicand.py --save_dir /home/ryreu/atlas/PracticeTagging/checkpoints/reco_teacher_joint_fusion_6model_150k75k150k/model39_prefixspecialist_detresid_multicand --run_name model39_prefixspecialist_detresid_multicand_150k75k300k_seed0_pfx6 --n_train_jets 370000 --n_train_split 50000 --n_val_split 20000 --n_test_split 300000 --offset_jets 0 --max_constits 100 --batch_size 80 --num_workers 1 --seed 0 --device cuda --save_fusion_scores --carry_epochs 48 --carry_patience 10 --carry_lr 2e-4 --carry_target_mode fixed_k --carry_target_k -1 --carry_target_thresh_gate 0 --carry_dist_thresh 0.22 --carry_lr_decay_start_epoch 20 --carry_lr_decay_gamma 0.96 --carry_min_lr_ratio 0.35 --reco_epochs 175 --reco_patience 30 --reco_min_epochs 45 --reco_lr 1.8e-4 --reco_batch_size 80 --reco_set_loss_mode chamfer --reco_loss_w_eos 0.20 --reco_loss_w_count 0.20 --reco_loss_w_jetpt 0.08 --reco_loss_w_4vec 0.03 --reco_loss_w_conf_rank 0.20 --reco_loss_w_conf_prefix 0.12 --reco_conf_margin 0.06 --reco_conf_prefix_tau 16.0 --reco_physics_warmup_epochs 12 --reco_phase1_end_epoch 15 --reco_phase2_end_epoch 75 --reco_phase3_end_epoch 127 --reco_phase2_alpha_fr_end 0.70 --reco_phase3_alpha_fr_end 0.95 --reco_phase4_alpha_fr 0.95 --reco_phase2_ss_end 0.60 --reco_phase3_ss_end 0.90 --reco_phase4_ss 0.90 --reco_phase2_free_run_every_n 2 --reco_phase3_free_run_every_n 1 --reco_phase4_free_run_every_n 1 --reco_phase_lr_decay 0.80 --seed_candidate_k 1 --seed_keep_m 1 --seed_max_prefix 6 --train_specialist_prefix 6 --seed_temp 0.35 --candidate_gen_batch 64 --search_eps_total 0.60 --search_eps_count 0.30 --search_w_chamfer 1.00 --search_w_count 0.25 --search_w_pt 0.12 --search_w_mass 0.08 --dual_epochs 90 --dual_lr 1.2e-4 --dual_patience 16
========================================================================
Model-39 Prefix-Specialist m28 + Deterministic Residual MultiCandidate DualView
Run: /home/ryreu/atlas/PracticeTagging/checkpoints/reco_teacher_joint_fusion_6model_150k75k150k/model39_prefixspecialist_detresid_multicand/model39_prefixspecialist_detresid_multicand_150k75k300k_seed0_pfx6
Split train/val/test = 50000/20000/300000 | K=1 keepM=1 max_prefix=6 train_specialist_prefix=6
========================================================================
Generating pseudo-HLT (deterministic keyed D_hard)...
HLT stats: avg_offline=54.29, avg_hlt=29.18, merged=7930084, eff_lost=1361629
Split sizes: Train=50000, Val=20000, Test=300000
Computing standardized features for train/val/test...

========================================================================
STEP 1: Teacher + HLT baseline
========================================================================
Teacher ep 5: train_auc=0.9305, val_auc=0.9282, val_fpr50=0.031598, best_auc=0.9298, fpr50@best=0.022766
Teacher ep 10: train_auc=0.9412, val_auc=0.9427, val_fpr50=0.016358, best_auc=0.9452, fpr50@best=0.015292
Teacher ep 15: train_auc=0.9461, val_auc=0.9470, val_fpr50=0.013952, best_auc=0.9472, fpr50@best=0.013937
Teacher ep 20: train_auc=0.9512, val_auc=0.9450, val_fpr50=0.013283, best_auc=0.9486, fpr50@best=0.012643
Teacher ep 25: train_auc=0.9564, val_auc=0.9465, val_fpr50=0.014333, best_auc=0.9486, fpr50@best=0.012643
Teacher ep 30: train_auc=0.9617, val_auc=0.9424, val_fpr50=0.013102, best_auc=0.9486, fpr50@best=0.012643
Early stopping Teacher at epoch 30
Baseline ep 5: train_auc=0.8881, val_auc=0.9020, val_fpr50=0.035186, best_auc=0.9020, fpr50@best=0.035186
Baseline ep 10: train_auc=0.9058, val_auc=0.9072, val_fpr50=0.029444, best_auc=0.9072, fpr50@best=0.029444
Baseline ep 15: train_auc=0.9117, val_auc=0.9123, val_fpr50=0.026579, best_auc=0.9129, fpr50@best=0.024974
Baseline ep 20: train_auc=0.9184, val_auc=0.9095, val_fpr50=0.027320, best_auc=0.9154, fpr50@best=0.025527
Baseline ep 25: train_auc=0.9236, val_auc=0.9118, val_fpr50=0.025650, best_auc=0.9154, fpr50@best=0.025527
Baseline ep 30: train_auc=0.9300, val_auc=0.9122, val_fpr50=0.025905, best_auc=0.9154, fpr50@best=0.025527
Early stopping Baseline at epoch 31
Teacher test AUC=0.9485 | Baseline test AUC=0.9156

========================================================================
STEP 2: Carryover token predictor
========================================================================
Carry target mode: fixed_k (k=6, thresh_gate=False)
CarryPredictor ep 001: train_loss=0.95805 val_auc=0.7445 r@12=0.6646 p@12=0.3530 best=0.7445@1 lr=2.000e-04
CarryPredictor ep 002: train_loss=0.94078 val_auc=0.7480 r@12=0.6687 p@12=0.3550 best=0.7480@2 lr=2.000e-04
CarryPredictor ep 004: train_loss=0.93384 val_auc=0.7515 r@12=0.6726 p@12=0.3569 best=0.7515@4 lr=2.000e-04
CarryPredictor ep 006: train_loss=0.93082 val_auc=0.7531 r@12=0.6744 p@12=0.3578 best=0.7531@6 lr=2.000e-04
CarryPredictor ep 008: train_loss=0.92875 val_auc=0.7533 r@12=0.6749 p@12=0.3581 best=0.7536@7 lr=2.000e-04
CarryPredictor ep 010: train_loss=0.92712 val_auc=0.7547 r@12=0.6761 p@12=0.3587 best=0.7547@10 lr=2.000e-04
CarryPredictor ep 012: train_loss=0.92609 val_auc=0.7546 r@12=0.6770 p@12=0.3591 best=0.7547@10 lr=2.000e-04
CarryPredictor ep 014: train_loss=0.92510 val_auc=0.7545 r@12=0.6763 p@12=0.3588 best=0.7547@10 lr=2.000e-04
CarryPredictor ep 016: train_loss=0.92426 val_auc=0.7555 r@12=0.6779 p@12=0.3596 best=0.7555@16 lr=2.000e-04
CarryPredictor ep 018: train_loss=0.92312 val_auc=0.7552 r@12=0.6778 p@12=0.3595 best=0.7555@16 lr=2.000e-04
CarryPredictor ep 020: train_loss=0.92253 val_auc=0.7553 r@12=0.6778 p@12=0.3595 best=0.7555@16 lr=1.920e-04
CarryPredictor ep 022: train_loss=0.92126 val_auc=0.7555 r@12=0.6773 p@12=0.3593 best=0.7555@22 lr=1.769e-04
CarryPredictor ep 024: train_loss=0.92036 val_auc=0.7552 r@12=0.6771 p@12=0.3592 best=0.7555@22 lr=1.631e-04
CarryPredictor ep 026: train_loss=0.91946 val_auc=0.7555 r@12=0.6787 p@12=0.3600 best=0.7555@22 lr=1.503e-04
CarryPredictor ep 028: train_loss=0.91838 val_auc=0.7554 r@12=0.6776 p@12=0.3594 best=0.7556@27 lr=1.385e-04
CarryPredictor ep 030: train_loss=0.91772 val_auc=0.7551 r@12=0.6777 p@12=0.3595 best=0.7556@27 lr=1.276e-04
CarryPredictor ep 032: train_loss=0.91661 val_auc=0.7552 r@12=0.6774 p@12=0.3593 best=0.7556@27 lr=1.176e-04
CarryPredictor ep 034: train_loss=0.91575 val_auc=0.7551 r@12=0.6771 p@12=0.3592 best=0.7556@27 lr=1.084e-04
CarryPredictor ep 036: train_loss=0.91481 val_auc=0.7550 r@12=0.6783 p@12=0.3598 best=0.7556@27 lr=9.992e-05
Early stopping CarryPredictor at epoch 37

========================================================================
STEP 3: Train m28-style completer (prefix specialist)
========================================================================
Specialist prefix length (train-time): 6
Entering phase 1 (stabilize) at epoch 1
RecoSpec ep 001 | t=05.65m eta=16.37h | phase=1:stabilize ss=0.00 mixFR=0.00@0 | train total=5.11158 set=2.72193 eos=0.10671 cnt=9.67659 jpt=0.79936 j4=0.84081 crk=0.22025 cpre=3.17856 fr=0.00000 | valTF total=5.16097 set=2.91476 eos=0.11058 cnt=9.36823 jpt=0.49126 j4=0.55872 crk=0.05424 cpre=2.79058 | valFR total=6.17197
RecoSpec ep 002 | t=05.62m eta=16.25h | phase=1:stabilize ss=0.00 mixFR=0.00@0 | train total=4.67183 set=2.81423 eos=0.12744 cnt=6.89294 jpt=0.79250 j4=5.73003 crk=0.08275 cpre=3.31450 fr=0.00000 | valTF total=6.36530 set=3.83017 eos=0.13675 cnt=9.49248 jpt=1.85786 j4=0.82405 crk=0.06622 cpre=4.72603 | valFR total=7.34139
RecoSpec ep 003 | t=05.63m eta=16.15h | phase=1:stabilize ss=0.00 mixFR=0.00@0 | train total=4.36828 set=2.31869 eos=0.18805 cnt=7.22599 jpt=1.00315 j4=1.23508 crk=0.13591 cpre=4.25225 fr=0.00000 | valTF total=5.95758 set=3.68527 eos=0.10385 cnt=9.14377 jpt=0.50876 j4=1.17368 crk=0.07544 cpre=3.23896 | valFR total=6.95047
RecoSpec ep 004 | t=05.63m eta=16.05h | phase=1:stabilize ss=0.00 mixFR=0.00@0 | train total=4.26602 set=2.27838 eos=0.25456 cnt=7.42151 jpt=0.57824 j4=1.49443 crk=0.14391 cpre=3.27735 fr=0.00000 | valTF total=4.79302 set=3.01829 eos=0.25593 cnt=6.79791 jpt=0.50557 j4=0.61654 crk=0.05943 cpre=2.77019 | valFR total=7.09652
RecoSpec ep 005 | t=05.62m eta=15.95h | phase=1:stabilize ss=0.00 mixFR=0.00@0 | train total=4.06487 set=1.97359 eos=0.23784 cnt=7.39629 jpt=0.67363 j4=8.53126 crk=0.14302 cpre=3.38962 fr=0.00000 | valTF total=5.39821 set=3.00828 eos=0.16723 cnt=9.64086 jpt=0.69086 j4=0.67968 crk=0.05998 cpre=3.20652 | valFR total=6.93291
RecoSpec ep 006 | t=05.63m eta=15.86h | phase=1:stabilize ss=0.00 mixFR=0.00@0 | train total=4.12546 set=1.93667 eos=0.18374 cnt=8.11398 jpt=0.50003 j4=6.57359 crk=0.17689 cpre=3.12715 fr=0.00000 | valTF total=5.00171 set=2.85641 eos=0.13396 cnt=8.61631 jpt=0.63082 j4=0.61603 crk=0.05953 cpre=2.90720 | valFR total=6.24677
RecoSpec ep 007 | t=05.64m eta=15.76h | phase=1:stabilize ss=0.00 mixFR=0.00@0 | train total=4.76375 set=2.28583 eos=0.15138 cnt=8.10350 jpt=0.57641 j4=21.23269 crk=0.20276 cpre=3.23271 fr=0.00000 | valTF total=6.49643 set=4.30416 eos=0.12766 cnt=7.89792 jpt=1.04717 j4=4.06696 crk=0.05857 cpre=3.79493 | valFR total=7.68357
RecoSpec ep 008 | t=05.62m eta=15.67h | phase=1:stabilize ss=0.00 mixFR=0.00@0 | train total=4.40331 set=2.12715 eos=0.11672 cnt=8.22672 jpt=0.93668 j4=1.58096 crk=0.23631 cpre=3.98859 fr=0.00000 | valTF total=5.63411 set=3.35822 eos=0.11283 cnt=8.12466 jpt=1.57157 j4=0.87551 crk=0.05861 cpre=4.29447 | valFR total=6.63961
RecoSpec ep 009 | t=05.63m eta=15.57h | phase=1:stabilize ss=0.00 mixFR=0.00@0 | train total=4.62509 set=2.38693 eos=0.11853 cnt=8.16728 jpt=0.90842 j4=1.68324 crk=0.24595 cpre=3.66189 fr=0.00000 | valTF total=6.76230 set=4.52065 eos=0.10071 cnt=7.61104 jpt=1.39046 j4=4.58325 crk=0.06029 cpre=4.17242 | valFR total=7.68437
RecoSpec ep 010 | t=05.63m eta=15.48h | phase=1:stabilize ss=0.00 mixFR=0.00@0 | train total=4.61475 set=2.52988 eos=0.09497 cnt=7.74448 jpt=0.59408 j4=2.38154 crk=0.17307 cpre=3.19355 fr=0.00000 | valTF total=5.32327 set=3.20370 eos=0.07101 cnt=8.53793 jpt=0.45388 j4=0.78581 crk=0.05367 cpre=2.80938 | valFR total=5.96794
RecoSpec ep 011 | t=05.64m eta=15.38h | phase=1:stabilize ss=0.00 mixFR=0.00@0 | train total=4.28963 set=2.33666 eos=0.08423 cnt=7.00505 jpt=0.56589 j4=1.79405 crk=0.29053 cpre=3.21811 fr=0.00000 | valTF total=6.29342 set=4.42337 eos=0.05774 cnt=6.65062 jpt=0.61565 j4=3.19361 crk=0.04628 cpre=3.21787 | valFR total=6.80474
RecoSpec ep 012 | t=05.63m eta=15.29h | phase=1:stabilize ss=0.00 mixFR=0.00@0 | train total=5.13645 set=3.11006 eos=0.10524 cnt=7.15509 jpt=0.62220 j4=2.92481 crk=0.21287 cpre=3.28527 fr=0.00000 | valTF total=5.38108 set=3.50065 eos=0.04718 cnt=7.27147 jpt=0.41424 j4=1.36626 crk=0.03391 cpre=2.79831 | valFR total=5.69214
RecoSpec ep 013 | t=05.62m eta=15.20h | phase=1:stabilize ss=0.00 mixFR=0.00@0 | train total=4.76093 set=2.58295 eos=0.06829 cnt=7.64486 jpt=0.87107 j4=1.66827 crk=0.26066 cpre=3.86234 fr=0.00000 | valTF total=6.55641 set=3.82497 eos=0.05046 cnt=9.61132 jpt=1.98581 j4=0.91978 crk=0.04190 cpre=5.03544 | valFR total=6.88843
RecoSpec ep 014 | t=05.63m eta=15.10h | phase=1:stabilize ss=0.00 mixFR=0.00@0 | train total=5.69353 set=3.18244 eos=0.09092 cnt=7.61641 jpt=1.28481 j4=10.80567 crk=0.23990 cpre=4.12237 fr=0.00000 | valTF total=5.06940 set=2.96699 eos=0.07030 cnt=7.51476 jpt=1.17849 j4=0.96509 crk=0.05169 cpre=3.76518 | valFR total=5.16702
RecoSpec ep 015 | t=05.63m eta=15.01h | phase=1:stabilize ss=0.00 mixFR=0.00@0 | train total=5.03502 set=2.96840 eos=0.05529 cnt=7.05902 jpt=1.04436 j4=1.72147 crk=0.21659 cpre=3.87707 fr=0.00000 | valTF total=5.32697 set=3.24769 eos=0.08700 cnt=7.02321 jpt=1.35640 j4=1.25634 crk=0.04937 cpre=4.17631 | valFR total=5.39611
Phase transition 1->2: rewound to phase-best epoch 14 (valFR=5.167024)
Phase 2 optimizer reset: lr 1.800e-04 -> 1.440e-04
RecoSpec ep 016 | t=05.64m eta=14.92h | phase=2:transition ss=0.00 mixFR=0.00@2 | train total=4.72834 set=2.71945 eos=0.05735 cnt=7.23696 jpt=0.68689 j4=2.06964 crk=0.15662 cpre=3.34718 fr=0.00000 | valTF total=6.09052 set=4.20122 eos=0.05153 cnt=7.03215 jpt=0.58519 j4=2.27034 crk=0.02353 cpre=2.94106 | valFR total=6.48626
