============================================================
Model-39 Prefix-Specialist + Deterministic-Residual MultiCandidate
Run: /home/ryreu/atlas/PracticeTagging/checkpoints/reco_teacher_joint_fusion_6model_150k75k150k/model39_prefixspecialist_detresid_multicand/model39_prefixspecialist_detresid_multicand_150k75k300k_seed0_pfx15
Split: train=50000, val=20000, test=300000
Reco batch size: 80
============================================================
 python offline_reconstructor_joint_dualview_stage2save_auc_norankc_nopriv_unmergeonly_m39_prefixspecialist_detresid_multicand.py --save_dir /home/ryreu/atlas/PracticeTagging/checkpoints/reco_teacher_joint_fusion_6model_150k75k150k/model39_prefixspecialist_detresid_multicand --run_name model39_prefixspecialist_detresid_multicand_150k75k300k_seed0_pfx15 --n_train_jets 370000 --n_train_split 50000 --n_val_split 20000 --n_test_split 300000 --offset_jets 0 --max_constits 100 --batch_size 80 --num_workers 1 --seed 0 --device cuda --save_fusion_scores --carry_epochs 48 --carry_patience 10 --carry_lr 2e-4 --carry_target_mode fixed_k --carry_target_k -1 --carry_target_thresh_gate 0 --carry_dist_thresh 0.22 --carry_lr_decay_start_epoch 20 --carry_lr_decay_gamma 0.96 --carry_min_lr_ratio 0.35 --reco_epochs 175 --reco_patience 30 --reco_min_epochs 45 --reco_lr 1.8e-4 --reco_batch_size 80 --reco_set_loss_mode chamfer --reco_loss_w_eos 0.20 --reco_loss_w_count 0.20 --reco_loss_w_jetpt 0.08 --reco_loss_w_4vec 0.03 --reco_loss_w_conf_rank 0.20 --reco_loss_w_conf_prefix 0.12 --reco_conf_margin 0.06 --reco_conf_prefix_tau 16.0 --reco_physics_warmup_epochs 12 --reco_phase1_end_epoch 15 --reco_phase2_end_epoch 75 --reco_phase3_end_epoch 127 --reco_phase2_alpha_fr_end 0.70 --reco_phase3_alpha_fr_end 0.95 --reco_phase4_alpha_fr 0.95 --reco_phase2_ss_end 0.60 --reco_phase3_ss_end 0.90 --reco_phase4_ss 0.90 --reco_phase2_free_run_every_n 2 --reco_phase3_free_run_every_n 1 --reco_phase4_free_run_every_n 1 --reco_phase_lr_decay 0.80 --seed_candidate_k 1 --seed_keep_m 1 --seed_max_prefix 15 --train_specialist_prefix 15 --seed_temp 0.35 --candidate_gen_batch 64 --search_eps_total 0.60 --search_eps_count 0.30 --search_w_chamfer 1.00 --search_w_count 0.25 --search_w_pt 0.12 --search_w_mass 0.08 --dual_epochs 90 --dual_lr 1.2e-4 --dual_patience 16
========================================================================
Model-39 Prefix-Specialist m28 + Deterministic Residual MultiCandidate DualView
Run: /home/ryreu/atlas/PracticeTagging/checkpoints/reco_teacher_joint_fusion_6model_150k75k150k/model39_prefixspecialist_detresid_multicand/model39_prefixspecialist_detresid_multicand_150k75k300k_seed0_pfx15
Split train/val/test = 50000/20000/300000 | K=1 keepM=1 max_prefix=15 train_specialist_prefix=15
========================================================================
Generating pseudo-HLT (deterministic keyed D_hard)...
HLT stats: avg_offline=54.29, avg_hlt=29.18, merged=7930084, eff_lost=1361629
Split sizes: Train=50000, Val=20000, Test=300000
Computing standardized features for train/val/test...

========================================================================
STEP 1: Teacher + HLT baseline
========================================================================
Teacher ep 5: train_auc=0.9305, val_auc=0.9282, val_fpr50=0.031598, best_auc=0.9298, fpr50@best=0.022766
Teacher ep 10: train_auc=0.9412, val_auc=0.9427, val_fpr50=0.016358, best_auc=0.9452, fpr50@best=0.015292
Teacher ep 15: train_auc=0.9461, val_auc=0.9470, val_fpr50=0.013952, best_auc=0.9472, fpr50@best=0.013937
Teacher ep 20: train_auc=0.9512, val_auc=0.9450, val_fpr50=0.013283, best_auc=0.9486, fpr50@best=0.012643
Teacher ep 25: train_auc=0.9564, val_auc=0.9465, val_fpr50=0.014333, best_auc=0.9486, fpr50@best=0.012643
Teacher ep 30: train_auc=0.9617, val_auc=0.9424, val_fpr50=0.013102, best_auc=0.9486, fpr50@best=0.012643
Early stopping Teacher at epoch 30
Baseline ep 5: train_auc=0.8881, val_auc=0.9020, val_fpr50=0.035186, best_auc=0.9020, fpr50@best=0.035186
Baseline ep 10: train_auc=0.9058, val_auc=0.9072, val_fpr50=0.029444, best_auc=0.9072, fpr50@best=0.029444
Baseline ep 15: train_auc=0.9117, val_auc=0.9123, val_fpr50=0.026579, best_auc=0.9129, fpr50@best=0.024974
Baseline ep 20: train_auc=0.9184, val_auc=0.9095, val_fpr50=0.027320, best_auc=0.9154, fpr50@best=0.025527
Baseline ep 25: train_auc=0.9236, val_auc=0.9118, val_fpr50=0.025650, best_auc=0.9154, fpr50@best=0.025527
Baseline ep 30: train_auc=0.9300, val_auc=0.9122, val_fpr50=0.025905, best_auc=0.9154, fpr50@best=0.025527
Early stopping Baseline at epoch 31
Teacher test AUC=0.9485 | Baseline test AUC=0.9156

========================================================================
STEP 2: Carryover token predictor
========================================================================
Carry target mode: fixed_k (k=15, thresh_gate=False)
CarryPredictor ep 001: train_loss=0.53726 val_auc=0.8201 r@12=0.6269 p@12=0.7478 best=0.8201@1 lr=2.000e-04
CarryPredictor ep 002: train_loss=0.51603 val_auc=0.8231 r@12=0.6287 p@12=0.7500 best=0.8231@2 lr=2.000e-04
CarryPredictor ep 004: train_loss=0.51089 val_auc=0.8261 r@12=0.6306 p@12=0.7524 best=0.8261@4 lr=2.000e-04
CarryPredictor ep 006: train_loss=0.50848 val_auc=0.8273 r@12=0.6319 p@12=0.7540 best=0.8273@6 lr=2.000e-04
CarryPredictor ep 008: train_loss=0.50716 val_auc=0.8277 r@12=0.6324 p@12=0.7546 best=0.8278@7 lr=2.000e-04
CarryPredictor ep 010: train_loss=0.50598 val_auc=0.8293 r@12=0.6336 p@12=0.7561 best=0.8293@10 lr=2.000e-04
CarryPredictor ep 012: train_loss=0.50489 val_auc=0.8294 r@12=0.6343 p@12=0.7570 best=0.8294@12 lr=2.000e-04
CarryPredictor ep 014: train_loss=0.50412 val_auc=0.8299 r@12=0.6343 p@12=0.7570 best=0.8299@14 lr=2.000e-04
CarryPredictor ep 016: train_loss=0.50354 val_auc=0.8300 r@12=0.6342 p@12=0.7569 best=0.8300@15 lr=2.000e-04
CarryPredictor ep 018: train_loss=0.50283 val_auc=0.8305 r@12=0.6346 p@12=0.7575 best=0.8305@18 lr=2.000e-04
CarryPredictor ep 020: train_loss=0.50226 val_auc=0.8307 r@12=0.6351 p@12=0.7580 best=0.8307@19 lr=1.920e-04
CarryPredictor ep 022: train_loss=0.50167 val_auc=0.8311 r@12=0.6350 p@12=0.7579 best=0.8311@22 lr=1.769e-04
CarryPredictor ep 024: train_loss=0.50095 val_auc=0.8310 r@12=0.6355 p@12=0.7585 best=0.8311@22 lr=1.631e-04
CarryPredictor ep 026: train_loss=0.50051 val_auc=0.8312 r@12=0.6352 p@12=0.7582 best=0.8314@25 lr=1.503e-04
CarryPredictor ep 028: train_loss=0.50008 val_auc=0.8312 r@12=0.6359 p@12=0.7591 best=0.8315@27 lr=1.385e-04
CarryPredictor ep 030: train_loss=0.49940 val_auc=0.8312 r@12=0.6353 p@12=0.7582 best=0.8316@29 lr=1.276e-04
CarryPredictor ep 032: train_loss=0.49890 val_auc=0.8311 r@12=0.6351 p@12=0.7580 best=0.8316@29 lr=1.176e-04
CarryPredictor ep 034: train_loss=0.49843 val_auc=0.8314 r@12=0.6356 p@12=0.7586 best=0.8316@29 lr=1.084e-04
CarryPredictor ep 036: train_loss=0.49813 val_auc=0.8316 r@12=0.6355 p@12=0.7586 best=0.8316@29 lr=9.992e-05
CarryPredictor ep 038: train_loss=0.49771 val_auc=0.8314 r@12=0.6356 p@12=0.7587 best=0.8316@29 lr=9.208e-05
Early stopping CarryPredictor at epoch 39

========================================================================
STEP 3: Train m28-style completer (prefix specialist)
========================================================================
Specialist prefix length (train-time): 15
Entering phase 1 (stabilize) at epoch 1
RecoSpec ep 001 | t=06.44m eta=18.67h | phase=1:stabilize ss=0.00 mixFR=0.00@0 | train total=4.98134 set=2.77310 eos=0.13639 cnt=8.80092 jpt=0.89990 j4=2.42758 crk=0.17214 cpre=3.11828 fr=0.00000 | valTF total=4.32846 set=2.81407 eos=0.04360 cnt=5.72576 jpt=0.72136 j4=0.64621 crk=0.03488 cpre=2.89247 | valFR total=4.68450
RecoSpec ep 002 | t=06.47m eta=18.60h | phase=1:stabilize ss=0.00 mixFR=0.00@0 | train total=4.26404 set=2.44986 eos=0.14589 cnt=6.80651 jpt=0.75165 j4=0.93915 crk=0.08469 cpre=3.26695 fr=0.00000 | valTF total=4.79168 set=2.74072 eos=0.17556 cnt=7.97953 jpt=1.05616 j4=0.74064 crk=0.05996 cpre=3.25113 | valFR total=6.31023
RecoSpec ep 003 | t=06.45m eta=18.50h | phase=1:stabilize ss=0.00 mixFR=0.00@0 | train total=4.28744 set=2.26150 eos=0.19241 cnt=7.66231 jpt=0.64999 j4=2.99728 crk=0.11742 cpre=3.30019 fr=0.00000 | valTF total=4.54714 set=2.76842 eos=0.20719 cnt=6.61117 jpt=0.93196 j4=0.73371 crk=0.05983 cpre=3.15778 | valFR total=6.29248
RecoSpec ep 004 | t=06.44m eta=18.38h | phase=1:stabilize ss=0.00 mixFR=0.00@0 | train total=4.23250 set=2.30831 eos=0.17764 cnt=7.01313 jpt=0.79562 j4=4.25920 crk=0.10712 cpre=3.33994 fr=0.00000 | valTF total=5.54309 set=3.71874 eos=0.20585 cnt=7.11805 jpt=0.28505 j4=0.98451 crk=0.05904 cpre=2.75253 | valFR total=7.37081
RecoSpec ep 005 | t=06.41m eta=18.25h | phase=1:stabilize ss=0.00 mixFR=0.00@0 | train total=4.59793 set=2.61486 eos=0.22609 cnt=7.09502 jpt=0.95422 j4=1.39043 crk=0.14463 cpre=3.67273 fr=0.00000 | valTF total=6.31486 set=4.55107 eos=0.37075 cnt=6.15185 jpt=0.55713 j4=3.35163 crk=0.05658 cpre=3.22907 | valFR total=9.64812
RecoSpec ep 006 | t=06.43m eta=18.14h | phase=1:stabilize ss=0.00 mixFR=0.00@0 | train total=5.42461 set=3.25792 eos=0.22424 cnt=7.82450 jpt=1.18981 j4=1.35219 crk=0.11297 cpre=3.88725 fr=0.00000 | valTF total=6.57645 set=4.41978 eos=0.14288 cnt=6.90084 jpt=2.28418 j4=0.90298 crk=0.04741 cpre=5.27938 | valFR total=7.57695
RecoSpec ep 007 | t=06.43m eta=18.02h | phase=1:stabilize ss=0.00 mixFR=0.00@0 | train total=5.37221 set=3.18630 eos=0.19796 cnt=7.15382 jpt=1.75965 j4=1.14808 crk=0.19571 cpre=4.78506 fr=0.00000 | valTF total=6.03979 set=4.06261 eos=0.17166 cnt=6.06310 jpt=2.17712 j4=0.90241 crk=0.02921 cpre=5.05828 | valFR total=7.20588
RecoSpec ep 008 | t=06.42m eta=17.91h | phase=1:stabilize ss=0.00 mixFR=0.00@0 | train total=4.77166 set=2.79847 eos=0.14950 cnt=6.99555 jpt=0.78435 j4=2.12999 crk=0.17169 cpre=3.54504 fr=0.00000 | valTF total=8.61826 set=6.04050 eos=0.14259 cnt=9.35312 jpt=1.07712 j4=6.58448 crk=0.03046 cpre=4.02809 | valFR total=9.74080
RecoSpec ep 009 | t=06.47m eta=17.81h | phase=1:stabilize ss=0.00 mixFR=0.00@0 | train total=4.77730 set=2.71988 eos=0.14075 cnt=7.31296 jpt=0.77093 j4=3.15857 crk=0.14723 cpre=3.49924 fr=0.00000 | valTF total=9.05318 set=6.89257 eos=0.14157 cnt=6.46186 jpt=1.30454 j4=9.17541 crk=0.02244 cpre=4.58925 | valFR total=10.18142
RecoSpec ep 010 | t=06.43m eta=17.70h | phase=1:stabilize ss=0.00 mixFR=0.00@0 | train total=4.68048 set=2.64124 eos=0.13000 cnt=6.38388 jpt=1.00690 j4=5.31245 crk=0.22319 cpre=4.09912 fr=0.00000 | valTF total=5.12816 set=3.48325 eos=0.15424 cnt=6.20244 jpt=0.30072 j4=0.51468 crk=0.07975 cpre=2.70587 | valFR total=6.31031
RecoSpec ep 011 | t=06.45m eta=17.60h | phase=1:stabilize ss=0.00 mixFR=0.00@0 | train total=4.82263 set=2.85575 eos=0.11509 cnt=6.52243 jpt=0.71076 j4=3.77911 crk=0.22288 cpre=3.65626 fr=0.00000 | valTF total=5.97067 set=4.18159 eos=0.11262 cnt=6.26754 jpt=0.55876 j4=1.96093 crk=0.05376 cpre=3.39495 | valFR total=6.77243
RecoSpec ep 012 | t=06.44m eta=17.49h | phase=1:stabilize ss=0.00 mixFR=0.00@0 | train total=4.21842 set=2.38255 eos=0.08953 cnt=6.09942 jpt=0.44726 j4=4.23681 crk=0.21286 cpre=3.27185 fr=0.00000 | valTF total=5.36867 set=3.71863 eos=0.07946 cnt=5.96623 jpt=0.37570 j4=1.39889 crk=0.04739 cpre=2.99501 | valFR total=5.88380
RecoSpec ep 013 | t=06.44m eta=17.38h | phase=1:stabilize ss=0.00 mixFR=0.00@0 | train total=5.59368 set=3.38784 eos=0.10596 cnt=6.21136 jpt=0.83542 j4=13.29039 crk=0.19154 cpre=3.65427 fr=0.00000 | valTF total=5.33331 set=3.19415 eos=0.07021 cnt=7.86404 jpt=1.19489 j4=0.75579 crk=0.08480 cpre=3.47574 | valFR total=5.72720
RecoSpec ep 014 | t=06.27m eta=17.22h | phase=1:stabilize ss=0.00 mixFR=0.00@0 | train total=5.37966 set=3.25997 eos=0.14889 cnt=6.91849 jpt=1.03393 j4=4.80938 crk=0.20586 cpre=3.65035 fr=0.00000 | valTF total=8.12099 set=6.07757 eos=0.16018 cnt=6.16172 jpt=1.04928 j4=6.62782 crk=0.02021 cpre=4.10184 | valFR total=9.37608
RecoSpec ep 015 | t=06.06m eta=17.02h | phase=1:stabilize ss=0.00 mixFR=0.00@0 | train total=6.40755 set=4.39225 eos=0.09604 cnt=6.18486 jpt=0.91139 j4=6.22293 crk=0.17582 cpre=3.86966 fr=0.00000 | valTF total=7.35732 set=5.53434 eos=0.09090 cnt=5.67896 jpt=0.91101 j4=4.81085 crk=0.02127 cpre=3.72951 | valFR total=8.07716
Phase transition 1->2: rewound to phase-best epoch 1 (valFR=4.684498)
Phase 2 optimizer reset: lr 1.800e-04 -> 1.440e-04
RecoSpec ep 016 | t=06.10m eta=16.83h | phase=2:transition ss=0.00 mixFR=0.00@2 | train total=3.97249 set=2.12670 eos=0.09469 cnt=6.65016 jpt=0.71660 j4=0.95826 crk=0.05844 cpre=3.32519 fr=0.00000 | valTF total=6.52394 set=3.10434 eos=0.08569 cnt=14.04070 jpt=1.31587 j4=0.79153 crk=0.05455 cpre=3.78632 | valFR total=7.29736
