============================================================
Model-39 Prefix-Specialist + Deterministic-Residual MultiCandidate
Run: /home/ryreu/atlas/PracticeTagging/checkpoints/reco_teacher_joint_fusion_6model_150k75k150k/model39_prefixspecialist_detresid_multicand/model39_prefixspecialist_detresid_multicand_150k75k300k_residual2_k1024__seed0_pfx15
Split: train=50000, val=20000, test=300000
Reco batch size: 80
============================================================
 python offline_reconstructor_joint_dualview_stage2save_auc_norankc_nopriv_unmergeonly_m39_prefixspecialist_detresid_multicand.py --save_dir /home/ryreu/atlas/PracticeTagging/checkpoints/reco_teacher_joint_fusion_6model_150k75k150k/model39_prefixspecialist_detresid_multicand --run_name model39_prefixspecialist_detresid_multicand_150k75k300k_residual2_k1024__seed0_pfx15 --n_train_jets 370000 --n_train_split 50000 --n_val_split 20000 --n_test_split 300000 --offset_jets 0 --max_constits 100 --batch_size 80 --num_workers 1 --seed 0 --device cuda --save_fusion_scores --carry_epochs 48 --carry_patience 10 --carry_lr 2e-4 --carry_target_mode fixed_k --carry_target_k -1 --carry_target_thresh_gate 0 --carry_dist_thresh 0.22 --carry_lr_decay_start_epoch 20 --carry_lr_decay_gamma 0.96 --carry_min_lr_ratio 0.35 --reco_epochs 175 --reco_patience 30 --reco_min_epochs 45 --reco_lr 1.8e-4 --reco_batch_size 80 --reco_set_loss_mode chamfer --reco_loss_w_eos 0.20 --reco_loss_w_count 0.20 --reco_loss_w_jetpt 0.08 --reco_loss_w_4vec 0.03 --reco_loss_w_conf_rank 0.20 --reco_loss_w_conf_prefix 0.12 --reco_conf_margin 0.06 --reco_conf_prefix_tau 16.0 --reco_physics_warmup_epochs 12 --reco_phase1_end_epoch 15 --reco_phase2_end_epoch 75 --reco_phase3_end_epoch 127 --reco_phase2_alpha_fr_end 0.70 --reco_phase3_alpha_fr_end 0.95 --reco_phase4_alpha_fr 0.95 --reco_phase2_ss_end 0.60 --reco_phase3_ss_end 0.90 --reco_phase4_ss 0.90 --reco_phase2_free_run_every_n 2 --reco_phase3_free_run_every_n 1 --reco_phase4_free_run_every_n 1 --reco_phase_lr_decay 0.80 --seed_candidate_k 1 --seed_keep_m 1 --seed_max_prefix 15 --train_specialist_prefix 15 --seed_temp 0.35 --candidate_gen_batch 64 --search_eps_total 0.60 --search_eps_count 0.30 --search_w_chamfer 1.00 --search_w_count 0.25 --search_w_pt 0.12 --search_w_mass 0.08 --dual_epochs 90 --dual_lr 1.2e-4 --dual_patience 16 --codebook_path /home/ryreu/atlas/PracticeTagging/checkpoints/reco_teacher_joint_fusion_6model_150k75k150k/m40_constituent_codebook/m40_quant_sweep_150k75k300k_seed0/codebooks/residual2_k1024 --codebook_label residual2_k1024
========================================================================
Model-39 Prefix-Specialist m28 + Deterministic Residual MultiCandidate DualView
Run: /home/ryreu/atlas/PracticeTagging/checkpoints/reco_teacher_joint_fusion_6model_150k75k150k/model39_prefixspecialist_detresid_multicand/model39_prefixspecialist_detresid_multicand_150k75k300k_residual2_k1024__seed0_pfx15
Split train/val/test = 50000/20000/300000 | K=1 keepM=1 max_prefix=15 train_specialist_prefix=15
Quantized decode enabled: strategy=residual2 codebook=/home/ryreu/atlas/PracticeTagging/checkpoints/reco_teacher_joint_fusion_6model_150k75k150k/m40_constituent_codebook/m40_quant_sweep_150k75k300k_seed0/codebooks/residual2_k1024 label=residual2_k1024
========================================================================
Generating pseudo-HLT (deterministic keyed D_hard)...
HLT stats: avg_offline=54.29, avg_hlt=29.18, merged=7930084, eff_lost=1361629
Split sizes: Train=50000, Val=20000, Test=300000
Computing standardized features for train/val/test...

========================================================================
STEP 1: Teacher + HLT baseline
========================================================================
Teacher ep 5: train_auc=0.9305, val_auc=0.9282, val_fpr50=0.031598, best_auc=0.9298, fpr50@best=0.022766
Teacher ep 10: train_auc=0.9412, val_auc=0.9427, val_fpr50=0.016358, best_auc=0.9452, fpr50@best=0.015292
Teacher ep 15: train_auc=0.9461, val_auc=0.9470, val_fpr50=0.013952, best_auc=0.9472, fpr50@best=0.013937
Teacher ep 20: train_auc=0.9512, val_auc=0.9450, val_fpr50=0.013283, best_auc=0.9486, fpr50@best=0.012643
Teacher ep 25: train_auc=0.9564, val_auc=0.9465, val_fpr50=0.014333, best_auc=0.9486, fpr50@best=0.012643
Teacher ep 30: train_auc=0.9617, val_auc=0.9424, val_fpr50=0.013102, best_auc=0.9486, fpr50@best=0.012643
Early stopping Teacher at epoch 30
Baseline ep 5: train_auc=0.8881, val_auc=0.9020, val_fpr50=0.035186, best_auc=0.9020, fpr50@best=0.035186
Baseline ep 10: train_auc=0.9058, val_auc=0.9072, val_fpr50=0.029444, best_auc=0.9072, fpr50@best=0.029444
Baseline ep 15: train_auc=0.9117, val_auc=0.9123, val_fpr50=0.026579, best_auc=0.9129, fpr50@best=0.024974
Baseline ep 20: train_auc=0.9184, val_auc=0.9095, val_fpr50=0.027320, best_auc=0.9154, fpr50@best=0.025527
Baseline ep 25: train_auc=0.9236, val_auc=0.9118, val_fpr50=0.025650, best_auc=0.9154, fpr50@best=0.025527
Baseline ep 30: train_auc=0.9300, val_auc=0.9122, val_fpr50=0.025905, best_auc=0.9154, fpr50@best=0.025527
Early stopping Baseline at epoch 31
Teacher test AUC=0.9485 | Baseline test AUC=0.9156

========================================================================
STEP 2: Carryover token predictor
========================================================================
Carry target mode: fixed_k (k=15, thresh_gate=False)
CarryPredictor ep 001: train_loss=0.53726 val_auc=0.8201 r@12=0.6269 p@12=0.7478 best=0.8201@1 lr=2.000e-04
CarryPredictor ep 002: train_loss=0.51603 val_auc=0.8231 r@12=0.6287 p@12=0.7500 best=0.8231@2 lr=2.000e-04
