============================================================
Model-39 Prefix-Specialist + Deterministic-Residual MultiCandidate
Run: /home/ryreu/atlas/PracticeTagging/checkpoints/reco_teacher_joint_fusion_6model_150k75k150k/model39_prefixspecialist_detresid_multicand/model39_prefixspecialist_detresid_multicand_150k75k300k_seed0_pfx3
Split: train=50000, val=20000, test=300000
Reco batch size: 80
============================================================
 python offline_reconstructor_joint_dualview_stage2save_auc_norankc_nopriv_unmergeonly_m39_prefixspecialist_detresid_multicand.py --save_dir /home/ryreu/atlas/PracticeTagging/checkpoints/reco_teacher_joint_fusion_6model_150k75k150k/model39_prefixspecialist_detresid_multicand --run_name model39_prefixspecialist_detresid_multicand_150k75k300k_seed0_pfx3 --n_train_jets 370000 --n_train_split 50000 --n_val_split 20000 --n_test_split 300000 --offset_jets 0 --max_constits 100 --batch_size 80 --num_workers 1 --seed 0 --device cuda --save_fusion_scores --carry_epochs 48 --carry_patience 10 --carry_lr 2e-4 --carry_target_mode fixed_k --carry_target_k -1 --carry_target_thresh_gate 0 --carry_dist_thresh 0.22 --carry_lr_decay_start_epoch 20 --carry_lr_decay_gamma 0.96 --carry_min_lr_ratio 0.35 --reco_epochs 175 --reco_patience 30 --reco_min_epochs 45 --reco_lr 1.8e-4 --reco_batch_size 80 --reco_set_loss_mode chamfer --reco_loss_w_eos 0.20 --reco_loss_w_count 0.20 --reco_loss_w_jetpt 0.08 --reco_loss_w_4vec 0.03 --reco_loss_w_conf_rank 0.20 --reco_loss_w_conf_prefix 0.12 --reco_conf_margin 0.06 --reco_conf_prefix_tau 16.0 --reco_physics_warmup_epochs 12 --reco_phase1_end_epoch 15 --reco_phase2_end_epoch 75 --reco_phase3_end_epoch 127 --reco_phase2_alpha_fr_end 0.70 --reco_phase3_alpha_fr_end 0.95 --reco_phase4_alpha_fr 0.95 --reco_phase2_ss_end 0.60 --reco_phase3_ss_end 0.90 --reco_phase4_ss 0.90 --reco_phase2_free_run_every_n 2 --reco_phase3_free_run_every_n 1 --reco_phase4_free_run_every_n 1 --reco_phase_lr_decay 0.80 --seed_candidate_k 1 --seed_keep_m 1 --seed_max_prefix 3 --train_specialist_prefix 3 --seed_temp 0.35 --candidate_gen_batch 64 --search_eps_total 0.60 --search_eps_count 0.30 --search_w_chamfer 1.00 --search_w_count 0.25 --search_w_pt 0.12 --search_w_mass 0.08 --dual_epochs 90 --dual_lr 1.2e-4 --dual_patience 16
========================================================================
Model-39 Prefix-Specialist m28 + Deterministic Residual MultiCandidate DualView
Run: /home/ryreu/atlas/PracticeTagging/checkpoints/reco_teacher_joint_fusion_6model_150k75k150k/model39_prefixspecialist_detresid_multicand/model39_prefixspecialist_detresid_multicand_150k75k300k_seed0_pfx3
Split train/val/test = 50000/20000/300000 | K=1 keepM=1 max_prefix=3 train_specialist_prefix=3
========================================================================
Generating pseudo-HLT (deterministic keyed D_hard)...
HLT stats: avg_offline=54.29, avg_hlt=29.18, merged=7930084, eff_lost=1361629
Split sizes: Train=50000, Val=20000, Test=300000
Computing standardized features for train/val/test...

========================================================================
STEP 1: Teacher + HLT baseline
========================================================================
Teacher ep 5: train_auc=0.9305, val_auc=0.9282, val_fpr50=0.031598, best_auc=0.9298, fpr50@best=0.022766
Teacher ep 10: train_auc=0.9412, val_auc=0.9427, val_fpr50=0.016358, best_auc=0.9452, fpr50@best=0.015292
Teacher ep 15: train_auc=0.9461, val_auc=0.9470, val_fpr50=0.013952, best_auc=0.9472, fpr50@best=0.013937
Teacher ep 20: train_auc=0.9512, val_auc=0.9450, val_fpr50=0.013283, best_auc=0.9486, fpr50@best=0.012643
Teacher ep 25: train_auc=0.9564, val_auc=0.9465, val_fpr50=0.014333, best_auc=0.9486, fpr50@best=0.012643
Teacher ep 30: train_auc=0.9617, val_auc=0.9424, val_fpr50=0.013102, best_auc=0.9486, fpr50@best=0.012643
Early stopping Teacher at epoch 30
Baseline ep 5: train_auc=0.8881, val_auc=0.9020, val_fpr50=0.035186, best_auc=0.9020, fpr50@best=0.035186
Baseline ep 10: train_auc=0.9058, val_auc=0.9072, val_fpr50=0.029444, best_auc=0.9072, fpr50@best=0.029444
Baseline ep 15: train_auc=0.9117, val_auc=0.9123, val_fpr50=0.026579, best_auc=0.9129, fpr50@best=0.024974
Baseline ep 20: train_auc=0.9184, val_auc=0.9095, val_fpr50=0.027320, best_auc=0.9154, fpr50@best=0.025527
Baseline ep 25: train_auc=0.9236, val_auc=0.9118, val_fpr50=0.025650, best_auc=0.9154, fpr50@best=0.025527
Baseline ep 30: train_auc=0.9300, val_auc=0.9122, val_fpr50=0.025905, best_auc=0.9154, fpr50@best=0.025527
Early stopping Baseline at epoch 31
Teacher test AUC=0.9485 | Baseline test AUC=0.9156

========================================================================
STEP 2: Carryover token predictor
========================================================================
Carry target mode: fixed_k (k=3, thresh_gate=False)
CarryPredictor ep 001: train_loss=1.12775 val_auc=0.7116 r@12=0.6609 p@12=0.1779 best=0.7116@1 lr=2.000e-04
CarryPredictor ep 002: train_loss=1.11223 val_auc=0.7163 r@12=0.6669 p@12=0.1794 best=0.7163@2 lr=2.000e-04
CarryPredictor ep 004: train_loss=1.10513 val_auc=0.7180 r@12=0.6675 p@12=0.1796 best=0.7180@4 lr=2.000e-04
CarryPredictor ep 006: train_loss=1.10166 val_auc=0.7206 r@12=0.6715 p@12=0.1806 best=0.7206@6 lr=2.000e-04
CarryPredictor ep 008: train_loss=1.09915 val_auc=0.7211 r@12=0.6727 p@12=0.1809 best=0.7222@7 lr=2.000e-04
CarryPredictor ep 010: train_loss=1.09703 val_auc=0.7230 r@12=0.6753 p@12=0.1815 best=0.7230@10 lr=2.000e-04
CarryPredictor ep 012: train_loss=1.09571 val_auc=0.7230 r@12=0.6749 p@12=0.1814 best=0.7230@12 lr=2.000e-04
CarryPredictor ep 014: train_loss=1.09482 val_auc=0.7228 r@12=0.6750 p@12=0.1814 best=0.7230@12 lr=2.000e-04
CarryPredictor ep 016: train_loss=1.09360 val_auc=0.7227 r@12=0.6744 p@12=0.1813 best=0.7240@15 lr=2.000e-04
CarryPredictor ep 018: train_loss=1.09222 val_auc=0.7225 r@12=0.6757 p@12=0.1816 best=0.7240@15 lr=2.000e-04
CarryPredictor ep 020: train_loss=1.09078 val_auc=0.7230 r@12=0.6743 p@12=0.1813 best=0.7240@15 lr=1.920e-04
CarryPredictor ep 022: train_loss=1.08905 val_auc=0.7229 r@12=0.6757 p@12=0.1816 best=0.7240@15 lr=1.769e-04
CarryPredictor ep 024: train_loss=1.08748 val_auc=0.7223 r@12=0.6767 p@12=0.1819 best=0.7240@15 lr=1.631e-04
Early stopping CarryPredictor at epoch 25

========================================================================
STEP 3: Train m28-style completer (prefix specialist)
========================================================================
Specialist prefix length (train-time): 3
Entering phase 1 (stabilize) at epoch 1
RecoSpec ep 001 | t=06.47m eta=18.76h | phase=1:stabilize ss=0.00 mixFR=0.00@0 | train total=4.68159 set=2.24818 eos=0.14078 cnt=9.69460 jpt=0.78840 j4=0.81415 crk=0.22899 cpre=3.44268 fr=0.00000 | valTF total=4.53591 set=2.81516 eos=0.08785 cnt=6.03142 jpt=1.25489 j4=0.81426 crk=0.05927 cpre=3.95423 | valFR total=5.33470
RecoSpec ep 002 | t=06.60m eta=18.84h | phase=1:stabilize ss=0.00 mixFR=0.00@0 | train total=3.50011 set=1.46674 eos=0.10653 cnt=7.76386 jpt=0.60384 j4=1.78796 crk=0.08676 cpre=3.54098 fr=0.00000 | valTF total=5.90936 set=3.72153 eos=0.15663 cnt=9.08902 jpt=0.33712 j4=0.98942 crk=0.05996 cpre=2.64333 | valFR total=7.39299
RecoSpec ep 003 | t=06.50m eta=18.70h | phase=1:stabilize ss=0.00 mixFR=0.00@0 | train total=3.42083 set=1.34719 eos=0.12472 cnt=7.87861 jpt=0.52859 j4=1.44937 crk=0.09189 cpre=3.60938 fr=0.00000 | valTF total=8.69286 set=5.97101 eos=0.16877 cnt=10.76418 jpt=1.03259 j4=6.15509 crk=0.05996 cpre=3.80328 | valFR total=10.29145
RecoSpec ep 004 | t=06.47m eta=18.55h | phase=1:stabilize ss=0.00 mixFR=0.00@0 | train total=3.57126 set=1.41351 eos=0.14385 cnt=8.22371 jpt=0.48551 j4=1.75900 crk=0.11816 cpre=3.58386 fr=0.00000 | valTF total=7.87591 set=5.71690 eos=0.18660 cnt=7.98885 jpt=0.95961 j4=5.31052 crk=0.05990 cpre=3.60921 | valFR total=9.64218
RecoSpec ep 005 | t=06.70m eta=18.55h | phase=1:stabilize ss=0.00 mixFR=0.00@0 | train total=3.67432 set=1.51778 eos=0.18303 cnt=7.99053 jpt=0.62550 j4=0.88263 crk=0.14648 cpre=3.83870 fr=0.00000 | valTF total=5.70098 set=3.41710 eos=0.27413 cnt=7.76129 jpt=1.85893 j4=0.87156 crk=0.05988 cpre=4.93298 | valFR total=8.23483
RecoSpec ep 006 | t=06.49m eta=18.41h | phase=1:stabilize ss=0.00 mixFR=0.00@0 | train total=3.80960 set=1.69281 eos=0.16822 cnt=7.85635 jpt=0.62415 j4=1.48927 crk=0.15656 cpre=3.61047 fr=0.00000 | valTF total=5.96773 set=4.00743 eos=0.23187 cnt=7.71767 jpt=0.30585 j4=1.16281 crk=0.05947 cpre=2.74006 | valFR total=8.13148
RecoSpec ep 007 | t=06.51m eta=18.29h | phase=1:stabilize ss=0.00 mixFR=0.00@0 | train total=4.20199 set=2.03749 eos=0.13303 cnt=7.88553 jpt=0.78322 j4=1.88874 crk=0.20035 cpre=3.75926 fr=0.00000 | valTF total=6.91078 set=4.89207 eos=0.13988 cnt=6.81562 jpt=0.98302 j4=4.93198 crk=0.05985 cpre=4.02854 | valFR total=8.23885
RecoSpec ep 008 | t=06.48m eta=18.16h | phase=1:stabilize ss=0.00 mixFR=0.00@0 | train total=5.01256 set=2.73473 eos=0.12975 cnt=7.21490 jpt=1.66696 j4=1.49377 crk=0.14406 cpre=5.51087 fr=0.00000 | valTF total=5.55204 set=3.64901 eos=0.11545 cnt=7.29442 jpt=0.56661 j4=1.40632 crk=0.06021 cpre=2.92214 | valFR total=6.59692
RecoSpec ep 009 | t=06.47m eta=18.04h | phase=1:stabilize ss=0.00 mixFR=0.00@0 | train total=4.83433 set=2.48934 eos=0.13548 cnt=7.99736 jpt=1.17295 j4=4.41016 crk=0.20065 cpre=4.23902 fr=0.00000 | valTF total=5.09655 set=3.09301 eos=0.11522 cnt=6.88848 jpt=1.34148 j4=0.88045 crk=0.05995 cpre=4.08753 | valFR total=6.17419
RecoSpec ep 010 | t=06.49m eta=17.92h | phase=1:stabilize ss=0.00 mixFR=0.00@0 | train total=4.11630 set=1.93309 eos=0.09475 cnt=7.60041 jpt=1.04485 j4=1.35745 crk=0.34925 cpre=3.92276 fr=0.00000 | valTF total=5.95708 set=3.84726 eos=0.10895 cnt=7.84674 jpt=0.74246 j4=2.48383 crk=0.05962 cpre=3.29302 | valFR total=6.94751
RecoSpec ep 011 | t=06.51m eta=17.82h | phase=1:stabilize ss=0.00 mixFR=0.00@0 | train total=5.24652 set=3.11692 eos=0.11731 cnt=7.70583 jpt=0.75867 j4=1.90576 crk=0.18189 cpre=3.50460 fr=0.00000 | valTF total=5.41710 set=3.33431 eos=0.08210 cnt=6.94836 jpt=1.58659 j4=0.80995 crk=0.05953 cpre=4.38470 | valFR total=6.14604
RecoSpec ep 012 | t=06.47m eta=17.68h | phase=1:stabilize ss=0.00 mixFR=0.00@0 | train total=5.40707 set=3.29844 eos=0.08558 cnt=7.56366 jpt=0.97189 j4=1.21865 crk=0.12025 cpre=3.67014 fr=0.00000 | valTF total=4.78329 set=2.97961 eos=0.09592 cnt=6.66509 jpt=0.69455 j4=0.66833 crk=0.05936 cpre=3.03322 | valFR total=5.66377
RecoSpec ep 013 | t=06.48m eta=17.56h | phase=1:stabilize ss=0.00 mixFR=0.00@0 | train total=5.50020 set=3.48097 eos=0.07636 cnt=7.00825 jpt=0.70706 j4=3.33894 crk=0.22470 cpre=3.33860 fr=0.00000 | valTF total=7.98379 set=5.41789 eos=0.07229 cnt=9.48693 jpt=0.92271 j4=4.86380 crk=0.05818 cpre=3.52237 | valFR total=8.65009
RecoSpec ep 014 | t=06.11m eta=17.36h | phase=1:stabilize ss=0.00 mixFR=0.00@0 | train total=4.94938 set=2.83338 eos=0.11347 cnt=7.47805 jpt=0.83112 j4=2.15969 crk=0.25285 cpre=3.46537 fr=0.00000 | valTF total=5.52667 set=3.67745 eos=0.07631 cnt=6.80627 jpt=0.58274 j4=1.76586 crk=0.05776 cpre=3.01300 | valFR total=6.22314
RecoSpec ep 015 | t=06.11m eta=17.09h | phase=1:stabilize ss=0.00 mixFR=0.00@0 | train total=4.90791 set=2.95943 eos=0.06592 cnt=7.16743 jpt=0.58838 j4=1.41891 crk=0.23701 cpre=3.03975 fr=0.00000 | valTF total=5.41338 set=3.27097 eos=0.06498 cnt=8.67267 jpt=0.44858 j4=0.75649 crk=0.05730 cpre=2.70700 | valFR total=6.01560
Phase transition 1->2: rewound to phase-best epoch 1 (valFR=5.334704)
Phase 2 optimizer reset: lr 1.800e-04 -> 1.440e-04
RecoSpec ep 016 | t=06.12m eta=16.89h | phase=2:transition ss=0.00 mixFR=0.00@2 | train total=3.26472 set=1.33324 eos=0.10030 cnt=7.04628 jpt=0.46790 j4=1.08824 crk=0.07036 cpre=3.48314 fr=0.00000 | valTF total=4.44372 set=2.77704 eos=0.12404 cnt=5.90585 jpt=0.75404 j4=0.64254 crk=0.05962 cpre=3.07603 | valFR total=5.57636
