============================================================
Model-39 Prefix-Specialist + Deterministic-Residual MultiCandidate
Run: /home/ryreu/atlas/PracticeTagging/checkpoints/reco_teacher_joint_fusion_6model_150k75k150k/model39_prefixspecialist_detresid_multicand/model39_prefixspecialist_detresid_multicand_150k75k300k_seed0_pfx3
Split: train=50000, val=20000, test=300000
Reco batch size: 48
============================================================
 python offline_reconstructor_joint_dualview_stage2save_auc_norankc_nopriv_unmergeonly_m39_prefixspecialist_detresid_multicand.py --save_dir /home/ryreu/atlas/PracticeTagging/checkpoints/reco_teacher_joint_fusion_6model_150k75k150k/model39_prefixspecialist_detresid_multicand --run_name model39_prefixspecialist_detresid_multicand_150k75k300k_seed0_pfx3 --n_train_jets 370000 --n_train_split 50000 --n_val_split 20000 --n_test_split 300000 --offset_jets 0 --max_constits 100 --batch_size 64 --num_workers 1 --seed 0 --device cuda --save_fusion_scores --carry_epochs 48 --carry_patience 10 --carry_lr 2e-4 --carry_target_mode fixed_k --carry_target_k -1 --carry_target_thresh_gate 0 --carry_dist_thresh 0.22 --carry_lr_decay_start_epoch 20 --carry_lr_decay_gamma 0.96 --carry_min_lr_ratio 0.35 --reco_epochs 175 --reco_patience 30 --reco_min_epochs 45 --reco_lr 1.8e-4 --reco_batch_size 48 --reco_set_loss_mode chamfer --reco_loss_w_eos 0.20 --reco_loss_w_count 0.20 --reco_loss_w_jetpt 0.08 --reco_loss_w_4vec 0.03 --reco_loss_w_conf_rank 0.20 --reco_loss_w_conf_prefix 0.12 --reco_conf_margin 0.06 --reco_conf_prefix_tau 16.0 --reco_physics_warmup_epochs 12 --reco_phase1_end_epoch 15 --reco_phase2_end_epoch 75 --reco_phase3_end_epoch 127 --reco_phase2_alpha_fr_end 0.70 --reco_phase3_alpha_fr_end 0.95 --reco_phase4_alpha_fr 0.95 --reco_phase2_ss_end 0.60 --reco_phase3_ss_end 0.90 --reco_phase4_ss 0.90 --reco_phase2_free_run_every_n 2 --reco_phase3_free_run_every_n 1 --reco_phase4_free_run_every_n 1 --reco_phase_lr_decay 0.80 --seed_candidate_k 1 --seed_keep_m 1 --seed_max_prefix 3 --train_specialist_prefix 3 --seed_temp 0.35 --candidate_gen_batch 64 --search_eps_total 0.60 --search_eps_count 0.30 --search_w_chamfer 1.00 --search_w_count 0.25 --search_w_pt 0.12 --search_w_mass 0.08 --dual_epochs 90 --dual_lr 1.2e-4 --dual_patience 16
========================================================================
Model-39 Prefix-Specialist m28 + Deterministic Residual MultiCandidate DualView
Run: /home/ryreu/atlas/PracticeTagging/checkpoints/reco_teacher_joint_fusion_6model_150k75k150k/model39_prefixspecialist_detresid_multicand/model39_prefixspecialist_detresid_multicand_150k75k300k_seed0_pfx3
Split train/val/test = 50000/20000/300000 | K=1 keepM=1 max_prefix=3 train_specialist_prefix=3
========================================================================
Generating pseudo-HLT (deterministic keyed D_hard)...
HLT stats: avg_offline=54.29, avg_hlt=29.18, merged=7930084, eff_lost=1361629
Split sizes: Train=50000, Val=20000, Test=300000
Computing standardized features for train/val/test...

========================================================================
STEP 1: Teacher + HLT baseline
========================================================================
Teacher ep 5: train_auc=0.9295, val_auc=0.9309, val_fpr50=0.027290, best_auc=0.9351, fpr50@best=0.022409
Teacher ep 10: train_auc=0.9413, val_auc=0.9455, val_fpr50=0.013199, best_auc=0.9455, fpr50@best=0.013199
Teacher ep 15: train_auc=0.9459, val_auc=0.9459, val_fpr50=0.014963, best_auc=0.9478, fpr50@best=0.013065
Teacher ep 20: train_auc=0.9511, val_auc=0.9452, val_fpr50=0.014281, best_auc=0.9480, fpr50@best=0.012090
Teacher ep 25: train_auc=0.9561, val_auc=0.9470, val_fpr50=0.012283, best_auc=0.9480, fpr50@best=0.012090
Teacher ep 30: train_auc=0.9616, val_auc=0.9419, val_fpr50=0.013531, best_auc=0.9480, fpr50@best=0.012090
Early stopping Teacher at epoch 30
Baseline ep 5: train_auc=0.8892, val_auc=0.8979, val_fpr50=0.036513, best_auc=0.8979, fpr50@best=0.036513
Baseline ep 10: train_auc=0.9053, val_auc=0.9098, val_fpr50=0.027252, best_auc=0.9098, fpr50@best=0.027252
Baseline ep 15: train_auc=0.9125, val_auc=0.9126, val_fpr50=0.025658, best_auc=0.9140, fpr50@best=0.026526
Baseline ep 20: train_auc=0.9168, val_auc=0.9109, val_fpr50=0.027362, best_auc=0.9166, fpr50@best=0.024146
Baseline ep 25: train_auc=0.9231, val_auc=0.9130, val_fpr50=0.024148, best_auc=0.9166, fpr50@best=0.024146
Baseline ep 30: train_auc=0.9288, val_auc=0.9118, val_fpr50=0.026801, best_auc=0.9166, fpr50@best=0.024146
Early stopping Baseline at epoch 31
Teacher test AUC=0.9487 | Baseline test AUC=0.9162

========================================================================
STEP 2: Carryover token predictor
========================================================================
Carry target mode: fixed_k (k=3, thresh_gate=False)
CarryPredictor ep 001: train_loss=1.12651 val_auc=0.7128 r@12=0.6620 p@12=0.1782 best=0.7128@1 lr=2.000e-04
CarryPredictor ep 002: train_loss=1.11188 val_auc=0.7165 r@12=0.6676 p@12=0.1796 best=0.7165@2 lr=2.000e-04
CarryPredictor ep 004: train_loss=1.10462 val_auc=0.7180 r@12=0.6668 p@12=0.1794 best=0.7180@4 lr=2.000e-04
CarryPredictor ep 006: train_loss=1.10131 val_auc=0.7207 r@12=0.6707 p@12=0.1804 best=0.7207@6 lr=2.000e-04
CarryPredictor ep 008: train_loss=1.09910 val_auc=0.7209 r@12=0.6716 p@12=0.1806 best=0.7223@7 lr=2.000e-04
CarryPredictor ep 010: train_loss=1.09716 val_auc=0.7228 r@12=0.6758 p@12=0.1816 best=0.7230@9 lr=2.000e-04
CarryPredictor ep 012: train_loss=1.09578 val_auc=0.7220 r@12=0.6733 p@12=0.1810 best=0.7230@9 lr=2.000e-04
CarryPredictor ep 014: train_loss=1.09448 val_auc=0.7225 r@12=0.6750 p@12=0.1815 best=0.7230@9 lr=2.000e-04
CarryPredictor ep 016: train_loss=1.09321 val_auc=0.7223 r@12=0.6739 p@12=0.1812 best=0.7232@15 lr=2.000e-04
CarryPredictor ep 018: train_loss=1.09222 val_auc=0.7228 r@12=0.6759 p@12=0.1817 best=0.7232@15 lr=2.000e-04
CarryPredictor ep 020: train_loss=1.09058 val_auc=0.7224 r@12=0.6742 p@12=0.1812 best=0.7232@15 lr=1.920e-04
CarryPredictor ep 022: train_loss=1.08887 val_auc=0.7221 r@12=0.6742 p@12=0.1812 best=0.7232@15 lr=1.769e-04
CarryPredictor ep 024: train_loss=1.08709 val_auc=0.7223 r@12=0.6752 p@12=0.1815 best=0.7232@15 lr=1.631e-04
Early stopping CarryPredictor at epoch 25

========================================================================
STEP 3: Train m28-style completer (prefix specialist)
========================================================================
Specialist prefix length (train-time): 3
Entering phase 1 (stabilize) at epoch 1
RecoSpec ep 001 | t=09.29m eta=26.95h | phase=1:stabilize ss=0.00 mixFR=0.00@0 | train total=5.04883 set=2.80765 eos=0.10493 cnt=8.86409 jpt=0.90496 j4=0.82159 crk=0.16924 cpre=3.37827 fr=0.00000 | valTF total=6.36301 set=4.07913 eos=0.08087 cnt=7.94719 jpt=2.08159 j4=1.78663 crk=0.04925 cpre=5.41699 | valFR total=7.01995
RecoSpec ep 002 | t=09.30m eta=26.80h | phase=1:stabilize ss=0.00 mixFR=0.00@0 | train total=5.12746 set=3.38316 eos=0.13171 cnt=6.53869 jpt=0.66399 j4=4.20944 crk=0.05231 cpre=3.08206 fr=0.00000 | valTF total=4.52975 set=2.93972 eos=0.18323 cnt=5.90235 jpt=0.57172 j4=0.62977 crk=0.04411 cpre=2.94425 | valFR total=6.06110
RecoSpec ep 003 | t=09.25m eta=26.61h | phase=1:stabilize ss=0.00 mixFR=0.00@0 | train total=4.85058 set=2.85697 eos=0.17405 cnt=7.11916 jpt=0.82885 j4=9.73310 crk=0.11678 cpre=3.51693 fr=0.00000 | valTF total=5.36051 set=3.33988 eos=0.13739 cnt=7.84373 jpt=0.58733 j4=1.28317 crk=0.06390 cpre=3.25202 | valFR total=6.79450
RecoSpec ep 004 | t=09.33m eta=26.49h | phase=1:stabilize ss=0.00 mixFR=0.00@0 | train total=5.28306 set=3.06551 eos=0.21088 cnt=7.76137 jpt=1.08453 j4=9.36311 crk=0.12959 cpre=3.95520 fr=0.00000 | valTF total=7.18428 set=4.53534 eos=0.28711 cnt=8.71120 jpt=2.65928 j4=1.11115 crk=0.05969 cpre=6.29426 | valFR total=9.62137
RecoSpec ep 005 | t=09.27m eta=26.32h | phase=1:stabilize ss=0.00 mixFR=0.00@0 | train total=4.37442 set=2.40570 eos=0.31056 cnt=6.98191 jpt=0.74589 j4=1.17211 crk=0.23528 cpre=3.53046 fr=0.00000 | valTF total=5.44213 set=3.72331 eos=0.25764 cnt=6.52173 jpt=0.40950 j4=1.29171 crk=0.02491 cpre=2.73468 | valFR total=7.41644
RecoSpec ep 006 | t=09.32m eta=26.18h | phase=1:stabilize ss=0.00 mixFR=0.00@0 | train total=4.56529 set=2.62437 eos=0.26738 cnt=6.46984 jpt=1.04753 j4=2.70127 crk=0.24926 cpre=3.84339 fr=0.00000 | valTF total=5.45718 set=3.54167 eos=0.20957 cnt=5.90857 jpt=1.94067 j4=0.94197 crk=0.05551 cpre=4.90852 | valFR total=7.04717
RecoSpec ep 007 | t=09.33m eta=26.04h | phase=1:stabilize ss=0.00 mixFR=0.00@0 | train total=4.64130 set=2.80682 eos=0.16203 cnt=6.44222 jpt=0.82213 j4=1.33967 crk=0.18500 cpre=3.45687 fr=0.00000 | valTF total=5.73599 set=3.66542 eos=0.05571 cnt=8.24083 jpt=0.54176 j4=1.66330 crk=0.03024 cpre=2.92356 | valFR total=6.07472
RecoSpec ep 008 | t=09.32m eta=25.89h | phase=1:stabilize ss=0.00 mixFR=0.00@0 | train total=5.37414 set=3.57773 eos=0.08603 cnt=6.60983 jpt=0.59919 j4=1.95983 crk=0.10077 cpre=3.04944 fr=0.00000 | valTF total=7.91168 set=5.76295 eos=0.06213 cnt=7.50389 jpt=1.00011 j4=5.95946 crk=0.01933 cpre=3.82609 | valFR total=8.29796
RecoSpec ep 009 | t=09.36m eta=25.75h | phase=1:stabilize ss=0.00 mixFR=0.00@0 | train total=6.58001 set=4.75883 eos=0.08880 cnt=6.15574 jpt=0.78540 j4=4.06306 crk=0.09587 cpre=3.45461 fr=0.00000 | valTF total=7.29783 set=5.42535 eos=0.06525 cnt=5.71045 jpt=0.89544 j4=5.35363 crk=0.54441 cpre=3.61896 | valFR total=7.74492
RecoSpec ep 010 | t=09.29m eta=25.59h | phase=1:stabilize ss=0.00 mixFR=0.00@0 | train total=5.36887 set=3.69333 eos=0.06098 cnt=5.88652 jpt=0.62650 j4=1.77736 crk=0.12229 cpre=3.12823 fr=0.00000 | valTF total=7.30681 set=5.49413 eos=0.03564 cnt=5.63375 jpt=0.96405 j4=5.93095 crk=0.03327 cpre=3.82999 | valFR total=7.44366
RecoSpec ep 011 | t=09.25m eta=25.43h | phase=1:stabilize ss=0.00 mixFR=0.00@0 | train total=5.82398 set=4.00948 eos=0.07606 cnt=5.88661 jpt=1.07793 j4=2.05767 crk=0.10978 cpre=3.86974 fr=0.00000 | valTF total=6.31303 set=4.28061 eos=0.03697 cnt=5.40998 jpt=2.51503 j4=0.98176 crk=0.04091 cpre=6.02842 | valFR total=6.38919
RecoSpec ep 012 | t=09.28m eta=25.27h | phase=1:stabilize ss=0.00 mixFR=0.00@0 | train total=5.75749 set=3.89738 eos=0.11022 cnt=5.92737 jpt=1.17472 j4=1.90323 crk=0.12855 cpre=3.96507 fr=0.00000 | valTF total=4.98531 set=3.42324 eos=0.07310 cnt=5.91173 jpt=0.35262 j4=0.64234 crk=0.02508 cpre=2.60507 | valFR total=5.46377
RecoSpec ep 013 | t=09.29m eta=25.12h | phase=1:stabilize ss=0.00 mixFR=0.00@0 | train total=5.42245 set=3.49000 eos=0.08780 cnt=5.84553 jpt=1.13934 j4=5.65776 crk=0.17604 cpre=3.74749 fr=0.00000 | valTF total=5.23841 set=3.39044 eos=0.08604 cnt=5.78956 jpt=1.53456 j4=0.86307 crk=0.07612 cpre=4.24142 | valFR total=5.81596
RecoSpec ep 014 | t=09.27m eta=24.95h | phase=1:stabilize ss=0.00 mixFR=0.00@0 | train total=5.51924 set=3.49981 eos=0.06629 cnt=6.09685 jpt=1.17843 j4=6.92618 crk=0.13695 cpre=3.81122 fr=0.00000 | valTF total=5.11693 set=3.47200 eos=0.06063 cnt=6.06102 jpt=0.49770 j4=0.90499 crk=0.03294 cpre=2.89204 | valFR total=5.47462
RecoSpec ep 015 | t=09.23m eta=24.78h | phase=1:stabilize ss=0.00 mixFR=0.00@0 | train total=5.18548 set=3.42654 eos=0.09162 cnt=6.16076 jpt=0.57918 j4=1.38544 crk=0.20617 cpre=3.16110 fr=0.00000 | valTF total=5.20524 set=3.33509 eos=0.04909 cnt=6.17244 jpt=1.34551 j4=0.80626 crk=0.07104 cpre=3.99839 | valFR total=5.46951
Phase transition 1->2: rewound to phase-best epoch 12 (valFR=5.463774)
Phase 2 optimizer reset: lr 1.800e-04 -> 1.440e-04
RecoSpec ep 016 | t=09.25m eta=24.61h | phase=2:transition ss=0.00 mixFR=0.00@2 | train total=5.78646 set=4.00814 eos=0.06381 cnt=5.67669 jpt=0.93078 j4=3.33833 crk=0.10706 cpre=3.61830 fr=0.00000 | valTF total=5.72742 set=3.83984 eos=0.03552 cnt=5.37140 jpt=1.83404 j4=1.90162 crk=0.05297 cpre=4.93193 | valFR total=5.87006
RecoSpec ep 017 | t=35.67m eta=31.39h | phase=2:transition ss=0.01 mixFR=0.01@2 | train total=4.83501 set=3.06093 eos=0.05729 cnt=5.62406 jpt=1.11603 j4=2.38006 crk=0.12965 cpre=3.75242 fr=2.52380 | valTF total=4.94176 set=3.18351 eos=0.03720 cnt=5.51647 jpt=1.36846 j4=0.87123 crk=0.05700 cpre=4.17079 | valFR total=5.07512
RecoSpec ep 018 | t=35.86m eta=38.14h | phase=2:transition ss=0.02 mixFR=0.02@2 | train total=4.82364 set=3.06295 eos=0.05799 cnt=5.51875 jpt=1.23023 j4=1.10950 crk=0.12531 cpre=4.04916 fr=2.52269 | valTF total=4.64762 set=3.01714 eos=0.04220 cnt=5.25140 jpt=1.12414 j4=0.80590 crk=0.06900 cpre=3.69875 | valFR total=4.86210
RecoSpec ep 019 | t=35.29m eta=44.63h | phase=2:transition ss=0.03 mixFR=0.04@2 | train total=4.75427 set=3.01471 eos=0.08012 cnt=5.40199 jpt=1.26272 j4=1.02108 crk=0.14083 cpre=3.99576 fr=2.47938 | valTF total=4.65957 set=2.98297 eos=0.05818 cnt=5.18771 jpt=1.34697 j4=0.92787 crk=0.05895 cpre=4.00037 | valFR total=4.97157
RecoSpec ep 020 | t=34.86m eta=50.95h | phase=2:transition ss=0.04 mixFR=0.05@2 | train total=4.67956 set=2.98641 eos=0.06627 cnt=5.42827 jpt=1.09616 j4=1.01635 crk=0.11728 cpre=3.73174 fr=2.43211 | valTF total=4.58357 set=2.89754 eos=0.03390 cnt=5.50414 jpt=1.15775 j4=0.94779 crk=0.06040 cpre=3.71071 | valFR total=4.67921
