============================================================
Model-40 Constituent Codebook Sweep
Run: checkpoints/reco_teacher_joint_fusion_6model_150k75k150k/m40_constituent_codebook/m40_quant_sweep_150k75k300k_seed0
Strategies: global,pt_stratified,residual2
K values:   128,256,512,1024
============================================================
 python m40_run_quantization_sweep.py --train_path ./data --save_dir checkpoints/reco_teacher_joint_fusion_6model_150k75k150k/m40_constituent_codebook --run_name m40_quant_sweep_150k75k300k_seed0 --seed 0 --n_train_jets 525000 --n_train_split 150000 --n_val_split 75000 --n_test_split 300000 --offset_jets 0 --max_constits 100 --strategies global\,pt_stratified\,residual2 --k_values 128\,256\,512\,1024 --top_n 3 --max_fit_jets 120000 --max_fit_tokens 2500000 --pt_n_bands 4 --residual_coarse_k -1 --eval_split val --emit_launcher --use_train_weights
Info: using 'weights' from data/test.h5 as training weights.
========================================================================
[m40 sweep] fitting global_k128
[m40 sweep] evaluating global_k128
========================================================================
[m40 sweep] fitting global_k256
[m40 sweep] evaluating global_k256
========================================================================
[m40 sweep] fitting global_k512
[m40 sweep] evaluating global_k512
========================================================================
[m40 sweep] fitting global_k1024
[m40 sweep] evaluating global_k1024
========================================================================
[m40 sweep] fitting pt_stratified_k128
[m40 sweep] evaluating pt_stratified_k128
========================================================================
[m40 sweep] fitting pt_stratified_k256
[m40 sweep] evaluating pt_stratified_k256
========================================================================
[m40 sweep] fitting pt_stratified_k512
[m40 sweep] evaluating pt_stratified_k512
========================================================================
[m40 sweep] fitting pt_stratified_k1024
[m40 sweep] evaluating pt_stratified_k1024
========================================================================
[m40 sweep] fitting residual2_k128
[m40 sweep] evaluating residual2_k128
========================================================================
[m40 sweep] fitting residual2_k256
[m40 sweep] evaluating residual2_k256
========================================================================
[m40 sweep] fitting residual2_k512
[m40 sweep] evaluating residual2_k512
========================================================================
[m40 sweep] fitting residual2_k1024
[m40 sweep] evaluating residual2_k1024
========================================================================
m40 sweep leaderboard (best first):
  1. residual2_k1024 | score=55632.122679 | R=55630.34768 | feas=0.0000 | mass=4.23555 | token=1.32017
  2. residual2_k256 | score=59575.601362 | R=59573.80927 | feas=0.0000 | mass=4.26274 | token=1.39685
  3. global_k1024 | score=69377.467740 | R=69375.71665 | feas=0.0000 | mass=4.17502 | token=1.29016
Saved leaderboard: checkpoints/reco_teacher_joint_fusion_6model_150k75k150k/m40_constituent_codebook/m40_quant_sweep_150k75k300k_seed0/leaderboard.csv
Saved shortlist:   checkpoints/reco_teacher_joint_fusion_6model_150k75k150k/m40_constituent_codebook/m40_quant_sweep_150k75k300k_seed0/shortlist.json
Saved launcher:    checkpoints/reco_teacher_joint_fusion_6model_150k75k150k/m40_constituent_codebook/m40_quant_sweep_150k75k300k_seed0/launch_m39_from_m40_shortlist.sh
Done: checkpoints/reco_teacher_joint_fusion_6model_150k75k150k/m40_constituent_codebook/m40_quant_sweep_150k75k300k_seed0
