============================================================
Model-4 StageA(s01) + Corrected-only tagger (weighted)
Run: checkpoints/reco_teacher_joint_fusion_6model_150k75k150k/model4_recoteacher_s01_corrected_weighted_500k300k500k/model4_recoteacher_s01_corrected_weighted_500k300k500k_seed0
Train path: ./data/train_quarter.h5
Split: train=500000, val=300000, test=500000, n_train_jets=1300000
============================================================
 python reco_teacher_stageA_only_delta_curriculum.py --train_path ./data/train_quarter.h5 --use_train_weights --force_m5_step1 --save_dir checkpoints/reco_teacher_joint_fusion_6model_150k75k150k/model4_recoteacher_s01_corrected_weighted_500k300k500k --run_name model4_recoteacher_s01_corrected_weighted_500k300k500k_seed0 --n_train_jets 1300000 --n_train_split 500000 --n_val_split 300000 --n_test_split 500000 --offset_jets 0 --max_constits 100 --num_workers 6 --seed 0 --stageA_epochs 90 --stageA_patience 18 --stageA_kd_temp 2.5 --stageA_lambda_kd 1.0 --stageA_lambda_emb 1.2 --stageA_lambda_tok 0.6 --stageA_lambda_phys 0.2 --stageA_lambda_budget_hinge 0.03 --stageA_budget_eps 0.015 --stageA_budget_weight_floor 1e-4 --stageA_target_tpr 0.50 --stageA_lambda_delta 0.00 --stageA_delta_tau 0.05 --stageA_delta_lambda_fp 3.0 --stageA_loss_norm_ema_decay 0.98 --stageA_loss_norm_eps 1e-6 --added_target_scale 0.90 --report_target_tpr 0.50 --combo_weight_step 0.01 --train_corrected_only_post_stageA --device cuda
Device: cuda
Save dir: checkpoints/reco_teacher_joint_fusion_6model_150k75k150k/model4_recoteacher_s01_corrected_weighted_500k300k500k/model4_recoteacher_s01_corrected_weighted_500k300k500k_seed0
Loading offline constituents...
Info: using 'weights' from data/train_quarter.h5 as training weights.
Generating pseudo-HLT...
Non-priv rho split setup: rho=0.900, mean_true_added_raw=25.099, mean_target_merge=22.589, mean_target_eff=2.510
Computing features...
Split sizes: Train=500000, Val=300000, Test=500000 (custom_counts=True)

======================================================================
STEP 1: TEACHER + BASELINE
======================================================================
Baseline ep 5: train_auc=0.9021, val_auc=0.9094, val_fpr50=0.027009, best_auc=0.9133, fpr50@best=0.025387
Baseline ep 10: train_auc=0.9110, val_auc=0.9058, val_fpr50=0.028484, best_auc=0.9133, fpr50@best=0.025387
Baseline ep 15: train_auc=0.9165, val_auc=0.9101, val_fpr50=0.024694, best_auc=0.9135, fpr50@best=0.023435
Baseline ep 20: train_auc=0.9204, val_auc=0.9132, val_fpr50=0.022807, best_auc=0.9135, fpr50@best=0.023435
Baseline ep 25: train_auc=0.9267, val_auc=0.9117, val_fpr50=0.023162, best_auc=0.9139, fpr50@best=0.021804
Baseline ep 30: train_auc=0.9331, val_auc=0.9079, val_fpr50=0.024954, best_auc=0.9139, fpr50@best=0.021804
Baseline ep 35: train_auc=0.9394, val_auc=0.9031, val_fpr50=0.025794, best_auc=0.9139, fpr50@best=0.021804
Early stopping Baseline at epoch 38
StageA delta HLT reference @TPR=0.50: threshold_prob=0.894264, val_tpr=0.499990, val_fpr=0.021804
Teacher ep 5: train_auc=0.9381, val_auc=0.9450, val_fpr50=0.013443, best_auc=0.9450, fpr50@best=0.013443
Teacher ep 10: train_auc=0.9453, val_auc=0.9456, val_fpr50=0.011522, best_auc=0.9456, fpr50@best=0.011522
Teacher ep 15: train_auc=0.9497, val_auc=0.9469, val_fpr50=0.012061, best_auc=0.9469, fpr50@best=0.012061
Teacher ep 20: train_auc=0.9546, val_auc=0.9475, val_fpr50=0.010359, best_auc=0.9485, fpr50@best=0.010625
Teacher ep 25: train_auc=0.9596, val_auc=0.9460, val_fpr50=0.011106, best_auc=0.9485, fpr50@best=0.010625
Teacher ep 30: train_auc=0.9651, val_auc=0.9413, val_fpr50=0.011992, best_auc=0.9485, fpr50@best=0.010625
Early stopping Teacher at epoch 33

======================================================================
STEP 2: STAGE A (RECONSTRUCTOR PRETRAIN, STAGEWISE BEST RELOAD)
======================================================================
----------------------------------------------------------------------
Stage-A curriculum: phase_035 | epochs [1,20] | stage_scale=0.35
----------------------------------------------------------------------
Ep 5 [phase_035]: train_total=3.0281, val_total=7.9416, train_teacher_auc=0.8591, val_teacher_auc=0.6719, val_teacher_fpr50=0.252498, best_global_auc=0.8160 | kd=6.7233, emb=0.2451, tok=3.8431, phys=0.3965, budget_hinge=40437.5288, delta=0.0000, delta_gain=0.0000, delta_cost=0.0000, stage_scale=0.35
Ep 10 [phase_035]: train_total=3.0383, val_total=3.3445, train_teacher_auc=0.7397, val_teacher_auc=0.6896, val_teacher_fpr50=0.232033, best_global_auc=0.8160 | kd=5.6389, emb=0.1946, tok=3.7007, phys=0.9280, budget_hinge=41299.9718, delta=0.0000, delta_gain=0.0000, delta_cost=0.0000, stage_scale=0.35
Ep 15 [phase_035]: train_total=3.0286, val_total=8.3210, train_teacher_auc=0.8809, val_teacher_auc=0.7435, val_teacher_fpr50=0.178107, best_global_auc=0.8160 | kd=6.1984, emb=0.2175, tok=3.8064, phys=0.3917, budget_hinge=39056.8895, delta=0.0000, delta_gain=0.0000, delta_cost=0.0000, stage_scale=0.35
Early stop within phase_035 at epoch 19 (no_improve=18)
Reloaded best checkpoint for phase_035 (epoch=1, val_auc=0.8160)
----------------------------------------------------------------------
Stage-A curriculum: phase_070 | epochs [21,55] | stage_scale=0.70
----------------------------------------------------------------------
Ep 25 [phase_070]: train_total=3.0337, val_total=3.6077, train_teacher_auc=0.8755, val_teacher_auc=0.8379, val_teacher_fpr50=0.060302, best_global_auc=0.8534 | kd=3.7365, emb=0.0857, tok=3.5947, phys=0.3553, budget_hinge=36828.2734, delta=0.0000, delta_gain=0.0000, delta_cost=0.0000, stage_scale=0.70
Ep 30 [phase_070]: train_total=3.0221, val_total=3.6253, train_teacher_auc=0.8792, val_teacher_auc=0.8616, val_teacher_fpr50=0.062385, best_global_auc=0.8630 | kd=3.7071, emb=0.0579, tok=3.5025, phys=0.2991, budget_hinge=37132.4786, delta=0.0000, delta_gain=0.0000, delta_cost=0.0000, stage_scale=0.70
Ep 35 [phase_070]: train_total=3.0288, val_total=2.7827, train_teacher_auc=0.5237, val_teacher_auc=0.6071, val_teacher_fpr50=0.378532, best_global_auc=0.8748 | kd=6.1439, emb=0.2510, tok=4.4918, phys=0.7961, budget_hinge=35161.0429, delta=0.0000, delta_gain=0.0000, delta_cost=0.0000, stage_scale=0.70
Ep 40 [phase_070]: train_total=3.0305, val_total=2.9962, train_teacher_auc=0.4899, val_teacher_auc=0.5150, val_teacher_fpr50=0.492899, best_global_auc=0.8748 | kd=8.8731, emb=0.3646, tok=4.1514, phys=0.8227, budget_hinge=37630.4595, delta=0.0000, delta_gain=0.0000, delta_cost=0.0000, stage_scale=0.70
Ep 45 [phase_070]: train_total=3.0297, val_total=3.2705, train_teacher_auc=0.5060, val_teacher_auc=0.4860, val_teacher_fpr50=0.518999, best_global_auc=0.8748 | kd=9.8152, emb=0.4168, tok=3.6651, phys=0.8074, budget_hinge=36184.6385, delta=0.0000, delta_gain=0.0000, delta_cost=0.0000, stage_scale=0.70
Ep 50 [phase_070]: train_total=3.0306, val_total=3.0090, train_teacher_auc=0.4840, val_teacher_auc=0.4930, val_teacher_fpr50=0.526531, best_global_auc=0.8748 | kd=8.9246, emb=0.3669, tok=3.8231, phys=0.8290, budget_hinge=35991.5804, delta=0.0000, delta_gain=0.0000, delta_cost=0.0000, stage_scale=0.70
Early stop within phase_070 at epoch 51 (no_improve=18)
Reloaded best checkpoint for phase_070 (epoch=33, val_auc=0.8748)
----------------------------------------------------------------------
Stage-A curriculum: phase_100 | epochs [56,90] | stage_scale=1.00
----------------------------------------------------------------------
Ep 60 [phase_100]: train_total=3.0321, val_total=3.1314, train_teacher_auc=0.4589, val_teacher_auc=0.4646, val_teacher_fpr50=0.560300, best_global_auc=0.8748 | kd=6.9769, emb=0.3591, tok=3.8230, phys=0.7914, budget_hinge=34316.6995, delta=0.0000, delta_gain=0.0000, delta_cost=0.0000, stage_scale=1.00
Ep 65 [phase_100]: train_total=3.0290, val_total=3.0072, train_teacher_auc=0.5176, val_teacher_auc=0.4861, val_teacher_fpr50=0.524828, best_global_auc=0.8748 | kd=8.7307, emb=0.3698, tok=4.0250, phys=0.8577, budget_hinge=37347.0309, delta=0.0000, delta_gain=0.0000, delta_cost=0.0000, stage_scale=1.00
Ep 70 [phase_100]: train_total=3.0295, val_total=3.0159, train_teacher_auc=0.4751, val_teacher_auc=0.4971, val_teacher_fpr50=0.509261, best_global_auc=0.8748 | kd=8.7936, emb=0.3697, tok=4.1602, phys=0.8563, budget_hinge=38268.6826, delta=0.0000, delta_gain=0.0000, delta_cost=0.0000, stage_scale=1.00
Ep 75 [phase_100]: train_total=3.0308, val_total=2.9811, train_teacher_auc=0.4793, val_teacher_auc=0.4749, val_teacher_fpr50=0.536775, best_global_auc=0.8748 | kd=8.9221, emb=0.3797, tok=4.1111, phys=0.8786, budget_hinge=38817.1339, delta=0.0000, delta_gain=0.0000, delta_cost=0.0000, stage_scale=1.00
Early stop within phase_100 at epoch 79 (no_improve=18)
Reloaded best checkpoint for phase_100 (epoch=61, val_auc=0.5395)

======================================================================
STEP 3: STAGE A SOFT-RECO EVALUATION
======================================================================

======================================================================
STEP 4: CORRECTED-ONLY TAGGER (FROZEN STAGE-A RECONSTRUCTOR)
======================================================================
