============================================================
Model-4 StageA(s01) + Corrected-only tagger (weighted)
Run: checkpoints/reco_teacher_joint_fusion_6model_150k75k150k/model4_recoteacher_s01_corrected_weighted_150k150k300k/model4_recoteacher_s01_corrected_weighted_150k150k300k_seed0
Train path: ./data/train_quarter.h5
Split: train=150000, val=150000, test=300000, n_train_jets=600000
============================================================
 python reco_teacher_stageA_only_delta_curriculum.py --train_path ./data/train_quarter.h5 --use_train_weights --force_m5_step1 --save_dir checkpoints/reco_teacher_joint_fusion_6model_150k75k150k/model4_recoteacher_s01_corrected_weighted_150k150k300k --run_name model4_recoteacher_s01_corrected_weighted_150k150k300k_seed0 --n_train_jets 600000 --n_train_split 150000 --n_val_split 150000 --n_test_split 300000 --offset_jets 0 --max_constits 100 --num_workers 6 --seed 0 --stageA_epochs 90 --stageA_patience 18 --stageA_kd_temp 2.5 --stageA_lambda_kd 1.0 --stageA_lambda_emb 1.2 --stageA_lambda_tok 0.6 --stageA_lambda_phys 0.2 --stageA_lambda_budget_hinge 0.03 --stageA_budget_eps 0.015 --stageA_budget_weight_floor 1e-4 --stageA_target_tpr 0.50 --stageA_lambda_delta 0.00 --stageA_delta_tau 0.05 --stageA_delta_lambda_fp 3.0 --stageA_loss_norm_ema_decay 0.98 --stageA_loss_norm_eps 1e-6 --added_target_scale 0.90 --report_target_tpr 0.50 --combo_weight_step 0.01 --train_corrected_only_post_stageA --device cuda
Device: cuda
Save dir: checkpoints/reco_teacher_joint_fusion_6model_150k75k150k/model4_recoteacher_s01_corrected_weighted_150k150k300k/model4_recoteacher_s01_corrected_weighted_150k150k300k_seed0
Loading offline constituents...
Info: using 'weights' from data/train_quarter.h5 as training weights.
Generating pseudo-HLT...
Non-priv rho split setup: rho=0.900, mean_true_added_raw=25.090, mean_target_merge=22.581, mean_target_eff=2.509
Computing features...
Split sizes: Train=150000, Val=150000, Test=300000 (custom_counts=True)

======================================================================
STEP 1: TEACHER + BASELINE
======================================================================
Baseline ep 5: train_auc=0.8906, val_auc=0.8951, val_fpr50=0.033758, best_auc=0.8969, fpr50@best=0.038130
Baseline ep 10: train_auc=0.9026, val_auc=0.9019, val_fpr50=0.030188, best_auc=0.9090, fpr50@best=0.025066
Baseline ep 15: train_auc=0.9105, val_auc=0.8988, val_fpr50=0.030083, best_auc=0.9104, fpr50@best=0.027097
Baseline ep 20: train_auc=0.9191, val_auc=0.9042, val_fpr50=0.028364, best_auc=0.9104, fpr50@best=0.027097
Baseline ep 25: train_auc=0.9262, val_auc=0.9019, val_fpr50=0.027334, best_auc=0.9104, fpr50@best=0.027097
Early stopping Baseline at epoch 29
StageA delta HLT reference @TPR=0.50: threshold_prob=0.846712, val_tpr=0.500013, val_fpr=0.027102
Teacher ep 5: train_auc=0.9268, val_auc=0.9204, val_fpr50=0.022795, best_auc=0.9279, fpr50@best=0.021047
Teacher ep 10: train_auc=0.9384, val_auc=0.9335, val_fpr50=0.018907, best_auc=0.9400, fpr50@best=0.014267
Teacher ep 15: train_auc=0.9446, val_auc=0.9450, val_fpr50=0.011436, best_auc=0.9457, fpr50@best=0.012006
Teacher ep 20: train_auc=0.9505, val_auc=0.9364, val_fpr50=0.013624, best_auc=0.9457, fpr50@best=0.012006
Teacher ep 25: train_auc=0.9579, val_auc=0.9365, val_fpr50=0.013338, best_auc=0.9457, fpr50@best=0.012006
Early stopping Teacher at epoch 29

======================================================================
STEP 2: STAGE A (RECONSTRUCTOR PRETRAIN, STAGEWISE BEST RELOAD)
======================================================================
----------------------------------------------------------------------
Stage-A curriculum: phase_035 | epochs [1,20] | stage_scale=0.35
----------------------------------------------------------------------
Ep 5 [phase_035]: train_total=3.0297, val_total=6.6223, train_teacher_auc=0.8824, val_teacher_auc=0.7253, val_teacher_fpr50=0.175218, best_global_auc=0.8150 | kd=5.2819, emb=0.1780, tok=3.9600, phys=0.3387, budget_hinge=38574.8822, delta=0.0000, delta_gain=0.0000, delta_cost=0.0000, stage_scale=0.35
Ep 10 [phase_035]: train_total=3.0286, val_total=7.3714, train_teacher_auc=0.8913, val_teacher_auc=0.6953, val_teacher_fpr50=0.212823, best_global_auc=0.8150 | kd=5.2811, emb=0.1797, tok=3.9882, phys=0.3068, budget_hinge=37761.9533, delta=0.0000, delta_gain=0.0000, delta_cost=0.0000, stage_scale=0.35
Ep 15 [phase_035]: train_total=3.0296, val_total=7.8095, train_teacher_auc=0.8964, val_teacher_auc=0.6875, val_teacher_fpr50=0.229421, best_global_auc=0.8150 | kd=5.3850, emb=0.1876, tok=4.0103, phys=0.3014, budget_hinge=37760.5323, delta=0.0000, delta_gain=0.0000, delta_cost=0.0000, stage_scale=0.35
Ep 20 [phase_035]: train_total=3.0302, val_total=8.0078, train_teacher_auc=0.8994, val_teacher_auc=0.6386, val_teacher_fpr50=0.290316, best_global_auc=0.8150 | kd=5.5143, emb=0.1836, tok=3.9804, phys=0.2931, budget_hinge=37414.4698, delta=0.0000, delta_gain=0.0000, delta_cost=0.0000, stage_scale=0.35
Early stop within phase_035 at epoch 20 (no_improve=18)
Reloaded best checkpoint for phase_035 (epoch=2, val_auc=0.8150)
----------------------------------------------------------------------
Stage-A curriculum: phase_070 | epochs [21,55] | stage_scale=0.70
----------------------------------------------------------------------
Ep 25 [phase_070]: train_total=3.0288, val_total=3.3850, train_teacher_auc=0.8887, val_teacher_auc=0.8664, val_teacher_fpr50=0.052539, best_global_auc=0.8798 | kd=3.6765, emb=0.0590, tok=3.7623, phys=0.2622, budget_hinge=36146.3984, delta=0.0000, delta_gain=0.0000, delta_cost=0.0000, stage_scale=0.70
Ep 30 [phase_070]: train_total=3.0297, val_total=3.7254, train_teacher_auc=0.8941, val_teacher_auc=0.8715, val_teacher_fpr50=0.054242, best_global_auc=0.8798 | kd=3.7031, emb=0.0665, tok=3.7658, phys=0.2654, budget_hinge=36628.3866, delta=0.0000, delta_gain=0.0000, delta_cost=0.0000, stage_scale=0.70
Ep 35 [phase_070]: train_total=3.0282, val_total=3.7593, train_teacher_auc=0.8975, val_teacher_auc=0.8512, val_teacher_fpr50=0.062345, best_global_auc=0.8867 | kd=3.7289, emb=0.0627, tok=3.7465, phys=0.2583, budget_hinge=36802.5358, delta=0.0000, delta_gain=0.0000, delta_cost=0.0000, stage_scale=0.70
Ep 40 [phase_070]: train_total=3.0290, val_total=3.5975, train_teacher_auc=0.9011, val_teacher_auc=0.8699, val_teacher_fpr50=0.054419, best_global_auc=0.8867 | kd=3.6317, emb=0.0560, tok=3.7512, phys=0.2578, budget_hinge=36263.1437, delta=0.0000, delta_gain=0.0000, delta_cost=0.0000, stage_scale=0.70
Ep 45 [phase_070]: train_total=3.0302, val_total=3.6341, train_teacher_auc=0.9040, val_teacher_auc=0.8752, val_teacher_fpr50=0.050344, best_global_auc=0.8867 | kd=3.6409, emb=0.0564, tok=3.7638, phys=0.2509, budget_hinge=36207.8768, delta=0.0000, delta_gain=0.0000, delta_cost=0.0000, stage_scale=0.70
Ep 50 [phase_070]: train_total=3.0178, val_total=3.5052, train_teacher_auc=0.8991, val_teacher_auc=0.8899, val_teacher_fpr50=0.042407, best_global_auc=0.8899 | kd=3.5807, emb=0.0553, tok=3.7587, phys=0.2676, budget_hinge=36411.6905, delta=0.0000, delta_gain=0.0000, delta_cost=0.0000, stage_scale=0.70
Ep 55 [phase_070]: train_total=3.0289, val_total=3.7772, train_teacher_auc=0.9050, val_teacher_auc=0.8647, val_teacher_fpr50=0.055718, best_global_auc=0.8899 | kd=3.6713, emb=0.0569, tok=3.7527, phys=0.2530, budget_hinge=36293.6821, delta=0.0000, delta_gain=0.0000, delta_cost=0.0000, stage_scale=0.70
Reloaded best checkpoint for phase_070 (epoch=50, val_auc=0.8899)
----------------------------------------------------------------------
Stage-A curriculum: phase_100 | epochs [56,90] | stage_scale=1.00
----------------------------------------------------------------------
Ep 60 [phase_100]: train_total=3.0298, val_total=2.8752, train_teacher_auc=0.9067, val_teacher_auc=0.9079, val_teacher_fpr50=0.029404, best_global_auc=0.9079 | kd=3.4491, emb=0.0328, tok=3.6871, phys=0.2476, budget_hinge=35553.4270, delta=0.0000, delta_gain=0.0000, delta_cost=0.0000, stage_scale=1.00
Ep 65 [phase_100]: train_total=3.0314, val_total=2.9018, train_teacher_auc=0.9076, val_teacher_auc=0.9054, val_teacher_fpr50=0.030392, best_global_auc=0.9079 | kd=3.4494, emb=0.0326, tok=3.6859, phys=0.2500, budget_hinge=35726.1339, delta=0.0000, delta_gain=0.0000, delta_cost=0.0000, stage_scale=1.00
Ep 70 [phase_100]: train_total=3.0178, val_total=3.3596, train_teacher_auc=0.5161, val_teacher_auc=0.5007, val_teacher_fpr50=0.495902, best_global_auc=0.9079 | kd=7.1508, emb=0.3304, tok=3.9321, phys=0.9153, budget_hinge=39518.6414, delta=0.0000, delta_gain=0.0000, delta_cost=0.0000, stage_scale=1.00
Ep 75 [phase_100]: train_total=3.0297, val_total=3.3743, train_teacher_auc=0.5323, val_teacher_auc=0.4840, val_teacher_fpr50=0.521094, best_global_auc=0.9079 | kd=7.2752, emb=0.3448, tok=3.9336, phys=0.9207, budget_hinge=39518.6393, delta=0.0000, delta_gain=0.0000, delta_cost=0.0000, stage_scale=1.00
Early stop within phase_100 at epoch 78 (no_improve=18)
Reloaded best checkpoint for phase_100 (epoch=60, val_auc=0.9079)

======================================================================
STEP 3: STAGE A SOFT-RECO EVALUATION
======================================================================

======================================================================
STEP 4: CORRECTED-ONLY TAGGER (FROZEN STAGE-A RECONSTRUCTOR)
======================================================================
CorrectedOnly-PostStageA ep 5: train_auc=0.9073, val_auc=0.8955, val_fpr50=0.036324, best_auc=0.9013, fpr50@best=0.030643
CorrectedOnly-PostStageA ep 10: train_auc=0.9105, val_auc=0.9066, val_fpr50=0.029611, best_auc=0.9066, fpr50@best=0.029611
CorrectedOnly-PostStageA ep 15: train_auc=0.9118, val_auc=0.9014, val_fpr50=0.031118, best_auc=0.9066, fpr50@best=0.029611
CorrectedOnly-PostStageA ep 20: train_auc=0.9144, val_auc=0.9037, val_fpr50=0.032295, best_auc=0.9066, fpr50@best=0.029611
CorrectedOnly-PostStageA ep 25: train_auc=0.9172, val_auc=0.9046, val_fpr50=0.028606, best_auc=0.9070, fpr50@best=0.029670
CorrectedOnly-PostStageA ep 30: train_auc=0.9190, val_auc=0.9025, val_fpr50=0.034026, best_auc=0.9070, fpr50@best=0.029670
CorrectedOnly-PostStageA ep 35: train_auc=0.9254, val_auc=0.8962, val_fpr50=0.031688, best_auc=0.9070, fpr50@best=0.029670
Early stopping CorrectedOnly-PostStageA at epoch 36

======================================================================
FINAL STAGE-A ONLY EVALUATION
======================================================================
Teacher (Offline) AUC: 0.9454
Baseline (HLT)   AUC: 0.9088
RecoTeacher Soft AUC (val/test): 0.9079 / 0.9064
FPR@50 Teacher/HLT/RecoTeacherSoft: 0.012820 / 0.027155 / 0.030740
CorrectedOnly AUC (val/test): 0.9070 / 0.9055
FPR@50 CorrectedOnly (val/test): 0.029670 / 0.029600
TP overlap @TPR=0.50 (HLT vs RecoTeacher): 63882 shared TP | overlap frac of HLT TP=0.855, of RecoTeacher TP=0.855
Best weighted combo @TPR=0.50 (VAL-selected -> TEST): w_hlt=0.490, w_reco=0.510, FPR_test=0.024996
Best weighted combo @TPR=0.50 (TEST post-hoc): w_hlt=0.600, w_reco=0.400, FPR=0.025049
Best weighted combo @TPR=0.50 (HLT+CorrectedOnly, VAL-selected -> TEST): w_hlt=0.730, w_corr=0.270, FPR_test=0.025302
Best weighted combo @TPR=0.50 (HLT+CorrectedOnly, TEST post-hoc): w_hlt=0.520, w_corr=0.480, FPR=0.025541

Saved Stage-A only RecoTeacher results to: checkpoints/reco_teacher_joint_fusion_6model_150k75k150k/model4_recoteacher_s01_corrected_weighted_150k150k300k/model4_recoteacher_s01_corrected_weighted_150k150k300k_seed0
Done: checkpoints/reco_teacher_joint_fusion_6model_150k75k150k/model4_recoteacher_s01_corrected_weighted_150k150k300k/model4_recoteacher_s01_corrected_weighted_150k150k300k_seed0
