============================================================
Model-5 Joint dual-view full run (s01 StageA, weighted)
Run: checkpoints/reco_teacher_joint_fusion_6model_150k75k150k/model5_joint_s01_full_weighted_150k150k300k/model5_joint_s01_full_weighted_150k150k300k_seed0
Train path: ./data/train_quarter.h5
Split: train=150000, val=150000, test=300000, n_train_jets=600000
============================================================
 python offline_reconstructor_joint_dualview_stage2save_auc_norankc_nopriv_rhosplit_splitagain_teacherkd.py --train_path ./data/train_quarter.h5 --use_train_weights --save_dir checkpoints/reco_teacher_joint_fusion_6model_150k75k150k/model5_joint_s01_full_weighted_150k150k300k --run_name model5_joint_s01_full_weighted_150k150k300k_seed0 --n_train_jets 600000 --n_train_split 150000 --n_val_split 150000 --n_test_split 300000 --offset_jets 0 --max_constits 100 --num_workers 6 --seed 0 --selection_metric auc --stageA_epochs 90 --stageA_patience 18 --stageA_kd_temp 2.5 --stageA_lambda_kd 1.0 --stageA_lambda_emb 1.2 --stageA_lambda_tok 0.6 --stageA_lambda_phys 0.2 --stageA_lambda_budget_hinge 0.03 --stageA_budget_eps 0.015 --stageA_budget_weight_floor 1e-4 --stageA_target_tpr 0.50 --stageA_loss_norm_ema_decay 0.98 --stageA_loss_norm_eps 1e-6 --stageB_lambda_rank 0.0 --stageB_lambda_cons 0.0 --stageC_lr_dual 1e-5 --stageC_lr_reco 5e-6 --lambda_reco 0.4 --lambda_cons 0.06 --added_target_scale 0.90 --report_target_tpr 0.50 --combo_weight_step 0.01 --disable_final_kd --device cuda
Device: cuda
Save dir: checkpoints/reco_teacher_joint_fusion_6model_150k75k150k/model5_joint_s01_full_weighted_150k150k300k/model5_joint_s01_full_weighted_150k150k300k_seed0
Loading offline constituents...
Info: using 'weights' from data/train_quarter.h5 as training weights.
Generating pseudo-HLT...
Non-priv rho split setup: rho=0.900, mean_true_added_raw=25.090, mean_target_merge=22.581, mean_target_eff=2.509
Computing features...
Split sizes: Train=150000, Val=150000, Test=300000 (custom_counts=True)

======================================================================
STEP 1: TEACHER + BASELINE
======================================================================
Teacher ep 5: train_auc=0.9259, val_auc=0.9302, val_fpr50=0.019879, best_auc=0.9302, fpr50@best=0.019879
Teacher ep 10: train_auc=0.9364, val_auc=0.9363, val_fpr50=0.016068, best_auc=0.9394, fpr50@best=0.015804
Teacher ep 15: train_auc=0.9447, val_auc=0.9364, val_fpr50=0.015892, best_auc=0.9419, fpr50@best=0.013863
Teacher ep 20: train_auc=0.9514, val_auc=0.9351, val_fpr50=0.014209, best_auc=0.9419, fpr50@best=0.013863
Teacher ep 25: train_auc=0.9583, val_auc=0.9370, val_fpr50=0.014119, best_auc=0.9419, fpr50@best=0.013863
Early stopping Teacher at epoch 29
Baseline ep 5: train_auc=0.8890, val_auc=0.9016, val_fpr50=0.031941, best_auc=0.9016, fpr50@best=0.031941
Baseline ep 10: train_auc=0.9027, val_auc=0.8951, val_fpr50=0.037043, best_auc=0.9059, fpr50@best=0.028137
Baseline ep 15: train_auc=0.9104, val_auc=0.9107, val_fpr50=0.025786, best_auc=0.9107, fpr50@best=0.025786
Baseline ep 20: train_auc=0.9172, val_auc=0.9040, val_fpr50=0.025119, best_auc=0.9107, fpr50@best=0.025786
Baseline ep 25: train_auc=0.9259, val_auc=0.9001, val_fpr50=0.027907, best_auc=0.9107, fpr50@best=0.025786
Baseline ep 30: train_auc=0.9352, val_auc=0.8959, val_fpr50=0.028127, best_auc=0.9107, fpr50@best=0.025786
Early stopping Baseline at epoch 30

======================================================================
STEP 2: STAGE A (RECONSTRUCTOR PRETRAIN)
======================================================================
Ep 5: train_total=3.0292, val_total=9.9708, train_teacher_auc=0.8891, val_teacher_auc=0.7134, val_teacher_fpr50=0.218149, best_teacher_auc=0.7762 | kd=5.8584, emb=0.2062, tok=3.6339, phys=0.3517, budget_hinge=39050.5975, stage_scale=0.35
Ep 10: train_total=3.0247, val_total=9.3259, train_teacher_auc=0.8772, val_teacher_auc=0.7354, val_teacher_fpr50=0.166906, best_teacher_auc=0.7762 | kd=5.8542, emb=0.2148, tok=3.5724, phys=0.3513, budget_hinge=39103.7300, stage_scale=0.35
Ep 15: train_total=3.0353, val_total=9.0392, train_teacher_auc=0.8707, val_teacher_auc=0.6331, val_teacher_fpr50=0.311028, best_teacher_auc=0.7762 | kd=6.0847, emb=0.2189, tok=3.5967, phys=0.3509, budget_hinge=39411.1927, stage_scale=0.35
Ep 20: train_total=3.0313, val_total=9.0518, train_teacher_auc=0.8849, val_teacher_auc=0.7260, val_teacher_fpr50=0.198985, best_teacher_auc=0.7762 | kd=5.7069, emb=0.1969, tok=3.6036, phys=0.3368, budget_hinge=39174.1645, stage_scale=0.35
Stage-A transition -> reloaded best from phase_035 (epoch=4, val_teacher_auc=0.7762)
Ep 25: train_total=3.0282, val_total=4.0752, train_teacher_auc=0.8559, val_teacher_auc=0.7904, val_teacher_fpr50=0.134450, best_teacher_auc=0.8194 | kd=4.1138, emb=0.0833, tok=3.4787, phys=0.3940, budget_hinge=40429.8384, stage_scale=0.70
Ep 30: train_total=3.0273, val_total=4.0753, train_teacher_auc=0.8623, val_teacher_auc=0.8038, val_teacher_fpr50=0.107603, best_teacher_auc=0.8324 | kd=4.1505, emb=0.0789, tok=3.4679, phys=0.3312, budget_hinge=38456.7935, stage_scale=0.70
Ep 35: train_total=3.0288, val_total=3.4123, train_teacher_auc=0.8643, val_teacher_auc=0.8531, val_teacher_fpr50=0.059873, best_teacher_auc=0.8531 | kd=3.7929, emb=0.0537, tok=3.4453, phys=0.3280, budget_hinge=37623.9189, stage_scale=0.70
Ep 40: train_total=3.0304, val_total=4.1448, train_teacher_auc=0.8740, val_teacher_auc=0.8185, val_teacher_fpr50=0.092624, best_teacher_auc=0.8531 | kd=3.9852, emb=0.0715, tok=3.4709, phys=0.3398, budget_hinge=37919.8265, stage_scale=0.70
Ep 45: train_total=3.0292, val_total=4.6993, train_teacher_auc=0.8758, val_teacher_auc=0.7944, val_teacher_fpr50=0.122117, best_teacher_auc=0.8531 | kd=4.1150, emb=0.0869, tok=3.4842, phys=0.3290, budget_hinge=37963.5753, stage_scale=0.70
Ep 50: train_total=3.0294, val_total=4.1933, train_teacher_auc=0.8785, val_teacher_auc=0.8184, val_teacher_fpr50=0.104931, best_teacher_auc=0.8531 | kd=3.9832, emb=0.0720, tok=3.4789, phys=0.3308, budget_hinge=38470.3958, stage_scale=0.70
Ep 55: train_total=3.0291, val_total=4.3839, train_teacher_auc=0.8825, val_teacher_auc=0.8098, val_teacher_fpr50=0.099220, best_teacher_auc=0.8531 | kd=3.9948, emb=0.0740, tok=3.4827, phys=0.3308, budget_hinge=38385.5125, stage_scale=0.70
Stage-A transition -> reloaded best from phase_070 (epoch=35, val_teacher_auc=0.8531)
Ep 60: train_total=3.0279, val_total=2.9044, train_teacher_auc=0.8752, val_teacher_auc=0.8810, val_teacher_fpr50=0.043428, best_teacher_auc=0.8877 | kd=3.6068, emb=0.0365, tok=3.4515, phys=0.3267, budget_hinge=37103.1559, stage_scale=1.00
Ep 65: train_total=3.0282, val_total=2.8096, train_teacher_auc=0.8719, val_teacher_auc=0.8837, val_teacher_fpr50=0.043057, best_teacher_auc=0.8877 | kd=3.6008, emb=0.0337, tok=3.4537, phys=0.3165, budget_hinge=36843.5700, stage_scale=1.00
Ep 70: train_total=3.0297, val_total=2.8766, train_teacher_auc=0.8734, val_teacher_auc=0.8782, val_teacher_fpr50=0.046115, best_teacher_auc=0.8877 | kd=3.6098, emb=0.0353, tok=3.4499, phys=0.3120, budget_hinge=36301.1244, stage_scale=1.00
Early stopping reconstructor at epoch 74

======================================================================
STEP 3: STAGE B (DUAL PRETRAIN, FROZEN RECONSTRUCTOR)
======================================================================
StageB-DualPretrain ep 5: train_loss=0.4215 (cls=0.4215, rank=0.3084, reco=0.0000, cons=0.4706) | val_auc=0.8902, val_fpr50=0.043807, select=auc, best_sel=0.895147
StageB-DualPretrain ep 10: train_loss=0.3906 (cls=0.3906, rank=0.3019, reco=0.0000, cons=0.4704) | val_auc=0.9082, val_fpr50=0.026294, select=auc, best_sel=0.908151
StageB-DualPretrain ep 15: train_loss=0.3777 (cls=0.3777, rank=0.3001, reco=0.0000, cons=0.4709) | val_auc=0.9042, val_fpr50=0.027455, select=auc, best_sel=0.909565
StageB-DualPretrain ep 20: train_loss=0.3575 (cls=0.3575, rank=0.2994, reco=0.0000, cons=0.4715) | val_auc=0.9060, val_fpr50=0.027474, select=auc, best_sel=0.909565
Early stopping StageB-DualPretrain at epoch 23

======================================================================
STEP 4: STAGE C (JOINT FINETUNE)
======================================================================
StageC-Joint ep 1: train_loss=1.4919 (cls=0.3819, rank=0.3010, reco=2.7071, cons=0.4518) | val_auc=0.9078, val_fpr50=0.026957, select=auc, best_sel=0.907813
StageC-Joint ep 2: train_loss=1.6122 (cls=0.3814, rank=0.3004, reco=3.0127, cons=0.4287) | val_auc=0.9075, val_fpr50=0.027542, select=auc, best_sel=0.907813
StageC-Joint ep 3: train_loss=1.6139 (cls=0.3775, rank=0.2997, reco=3.0303, cons=0.4045) | val_auc=0.9089, val_fpr50=0.026890, select=auc, best_sel=0.908901
StageC-Joint ep 4: train_loss=1.6101 (cls=0.3756, rank=0.3003, reco=3.0286, cons=0.3843) | val_auc=0.9095, val_fpr50=0.026181, select=auc, best_sel=0.909528
StageC-Joint ep 5: train_loss=1.6109 (cls=0.3764, rank=0.2998, reco=3.0313, cons=0.3675) | val_auc=0.9088, val_fpr50=0.026736, select=auc, best_sel=0.909528
StageC-Joint ep 6: train_loss=1.6061 (cls=0.3730, rank=0.2989, reco=3.0300, cons=0.3519) | val_auc=0.9085, val_fpr50=0.026913, select=auc, best_sel=0.909528
StageC-Joint ep 7: train_loss=1.6043 (cls=0.3730, rank=0.3002, reco=3.0271, cons=0.3414) | val_auc=0.9091, val_fpr50=0.026734, select=auc, best_sel=0.909528
StageC-Joint ep 8: train_loss=1.6067 (cls=0.3750, rank=0.3008, reco=3.0291, cons=0.3350) | val_auc=0.9087, val_fpr50=0.026699, select=auc, best_sel=0.909528
StageC-Joint ep 9: train_loss=1.6076 (cls=0.3750, rank=0.2995, reco=3.0321, cons=0.3288) | val_auc=0.9104, val_fpr50=0.025783, select=auc, best_sel=0.910430
StageC-Joint ep 10: train_loss=1.6048 (cls=0.3740, rank=0.2999, reco=3.0283, cons=0.3247) | val_auc=0.9095, val_fpr50=0.026477, select=auc, best_sel=0.910430
StageC-Joint ep 11: train_loss=1.6046 (cls=0.3722, rank=0.3005, reco=3.0330, cons=0.3207) | val_auc=0.9094, val_fpr50=0.026722, select=auc, best_sel=0.910430
StageC-Joint ep 12: train_loss=1.5999 (cls=0.3691, rank=0.2996, reco=3.0293, cons=0.3184) | val_auc=0.9094, val_fpr50=0.026052, select=auc, best_sel=0.910430
StageC-Joint ep 13: train_loss=1.6018 (cls=0.3711, rank=0.2995, reco=3.0294, cons=0.3156) | val_auc=0.9088, val_fpr50=0.026577, select=auc, best_sel=0.910430
StageC-Joint ep 14: train_loss=1.6016 (cls=0.3711, rank=0.3001, reco=3.0292, cons=0.3143) | val_auc=0.9095, val_fpr50=0.026496, select=auc, best_sel=0.910430
StageC-Joint ep 15: train_loss=1.6017 (cls=0.3707, rank=0.3004, reco=3.0306, cons=0.3130) | val_auc=0.9098, val_fpr50=0.025953, select=auc, best_sel=0.910430
StageC-Joint ep 16: train_loss=1.6012 (cls=0.3706, rank=0.3003, reco=3.0299, cons=0.3108) | val_auc=0.9097, val_fpr50=0.025996, select=auc, best_sel=0.910430
StageC-Joint ep 17: train_loss=1.5986 (cls=0.3685, rank=0.2997, reco=3.0285, cons=0.3104) | val_auc=0.9088, val_fpr50=0.026539, select=auc, best_sel=0.910430
StageC-Joint ep 18: train_loss=1.6010 (cls=0.3705, rank=0.3004, reco=3.0299, cons=0.3088) | val_auc=0.9100, val_fpr50=0.025052, select=auc, best_sel=0.910430
StageC-Joint ep 19: train_loss=1.5991 (cls=0.3688, rank=0.2995, reco=3.0297, cons=0.3080) | val_auc=0.9092, val_fpr50=0.026181, select=auc, best_sel=0.910430
StageC-Joint ep 20: train_loss=1.5996 (cls=0.3696, rank=0.2999, reco=3.0288, cons=0.3071) | val_auc=0.9097, val_fpr50=0.025986, select=auc, best_sel=0.910430
StageC-Joint ep 21: train_loss=1.5984 (cls=0.3677, rank=0.2996, reco=3.0308, cons=0.3055) | val_auc=0.9099, val_fpr50=0.025647, select=auc, best_sel=0.910430
StageC-Joint ep 22: train_loss=1.5987 (cls=0.3688, rank=0.2996, reco=3.0293, cons=0.3038) | val_auc=0.9093, val_fpr50=0.026251, select=auc, best_sel=0.910430
StageC-Joint ep 23: train_loss=1.5984 (cls=0.3684, rank=0.2991, reco=3.0295, cons=0.3039) | val_auc=0.9093, val_fpr50=0.025431, select=auc, best_sel=0.910430
StageC-Joint ep 24: train_loss=1.5972 (cls=0.3672, rank=0.2998, reco=3.0295, cons=0.3044) | val_auc=0.9106, val_fpr50=0.025234, select=auc, best_sel=0.910560
StageC-Joint ep 25: train_loss=1.5979 (cls=0.3677, rank=0.2993, reco=3.0300, cons=0.3043) | val_auc=0.9097, val_fpr50=0.025840, select=auc, best_sel=0.910560
StageC-Joint ep 26: train_loss=1.5960 (cls=0.3654, rank=0.2995, reco=3.0307, cons=0.3043) | val_auc=0.9098, val_fpr50=0.025579, select=auc, best_sel=0.910560
StageC-Joint ep 27: train_loss=1.5941 (cls=0.3640, rank=0.2990, reco=3.0297, cons=0.3036) | val_auc=0.9095, val_fpr50=0.025967, select=auc, best_sel=0.910560
StageC-Joint ep 28: train_loss=1.5960 (cls=0.3655, rank=0.2994, reco=3.0308, cons=0.3041) | val_auc=0.9092, val_fpr50=0.025485, select=auc, best_sel=0.910560
StageC-Joint ep 29: train_loss=1.5986 (cls=0.3688, rank=0.3002, reco=3.0289, cons=0.3033) | val_auc=0.9106, val_fpr50=0.025211, select=auc, best_sel=0.910609
StageC-Joint ep 30: train_loss=1.5982 (cls=0.3690, rank=0.2997, reco=3.0273, cons=0.3033) | val_auc=0.9097, val_fpr50=0.025658, select=auc, best_sel=0.910609
StageC-Joint ep 31: train_loss=1.5929 (cls=0.3624, rank=0.2996, reco=3.0309, cons=0.3020) | val_auc=0.9103, val_fpr50=0.025361, select=auc, best_sel=0.910609
StageC-Joint ep 32: train_loss=1.5965 (cls=0.3659, rank=0.2989, reco=3.0311, cons=0.3021) | val_auc=0.9094, val_fpr50=0.025763, select=auc, best_sel=0.910609
StageC-Joint ep 33: train_loss=1.5949 (cls=0.3655, rank=0.2996, reco=3.0279, cons=0.3032) | val_auc=0.9096, val_fpr50=0.025956, select=auc, best_sel=0.910609
StageC-Joint ep 34: train_loss=1.5963 (cls=0.3656, rank=0.2999, reco=3.0317, cons=0.3022) | val_auc=0.9104, val_fpr50=0.025071, select=auc, best_sel=0.910609
StageC-Joint ep 35: train_loss=1.5930 (cls=0.3632, rank=0.2999, reco=3.0294, cons=0.3017) | val_auc=0.9101, val_fpr50=0.025674, select=auc, best_sel=0.910609
StageC-Joint ep 36: train_loss=1.5985 (cls=0.3680, rank=0.3004, reco=3.0310, cons=0.3018) | val_auc=0.9097, val_fpr50=0.025309, select=auc, best_sel=0.910609
StageC-Joint ep 37: train_loss=1.5939 (cls=0.3633, rank=0.2984, reco=3.0310, cons=0.3016) | val_auc=0.9101, val_fpr50=0.025104, select=auc, best_sel=0.910609
StageC-Joint ep 38: train_loss=1.5927 (cls=0.3637, rank=0.2998, reco=3.0273, cons=0.3021) | val_auc=0.9096, val_fpr50=0.025391, select=auc, best_sel=0.910609
StageC-Joint ep 39: train_loss=1.5945 (cls=0.3644, rank=0.3002, reco=3.0300, cons=0.3021) | val_auc=0.9096, val_fpr50=0.025464, select=auc, best_sel=0.910609
StageC-Joint ep 40: train_loss=1.5973 (cls=0.3670, rank=0.3005, reco=3.0303, cons=0.3025) | val_auc=0.9102, val_fpr50=0.025240, select=auc, best_sel=0.910609
StageC-Joint ep 41: train_loss=1.5953 (cls=0.3645, rank=0.3003, reco=3.0314, cons=0.3030) | val_auc=0.9093, val_fpr50=0.025413, select=auc, best_sel=0.910609
StageC-Joint ep 42: train_loss=1.5932 (cls=0.3632, rank=0.2990, reco=3.0297, cons=0.3026) | val_auc=0.9098, val_fpr50=0.025202, select=auc, best_sel=0.910609
StageC-Joint ep 43: train_loss=1.5908 (cls=0.3616, rank=0.2996, reco=3.0278, cons=0.3028) | val_auc=0.9099, val_fpr50=0.025304, select=auc, best_sel=0.910609
Early stopping StageC-Joint at epoch 43

======================================================================
STEP 5: RECONSTRUCTION DIAGNOSTICS
======================================================================

Reco set-matching diagnostics (test split sample):
  mean_chamfer hlt->offline=0.02094, reco->offline=0.26072, frac_reco_better=0.007
  count MAE hlt=25.089, reco=40.879, added recovery mean=0.044

Jet pT response/resolution by truth pT bin (test split):
  pT_low - pT_high | N | HLT resp | HLT reso | Corrected resp | Corrected reso
  161270.5 - 502298.9 | 37500 | 0.8705 | 0.1505 | 0.1440 | 0.1499
  502298.9 - 771663.8 | 37500 | 0.8476 | 0.1699 | 0.1562 | 0.1596
  771663.8 - 1089000.5 | 37500 | 0.8321 | 0.1876 | 0.1746 | 0.1746
  1089000.5 - 1360162.8 | 37500 | 0.8214 | 0.2036 | 0.1896 | 0.1865
  1360162.8 - 1710939.2 | 37500 | 0.8201 | 0.2062 | 0.2012 | 0.1927
  1710939.2 - 2153567.1 | 37500 | 0.8174 | 0.2082 | 0.2116 | 0.1978
  2153567.1 - 2634343.6 | 37500 | 0.8093 | 0.2225 | 0.2189 | 0.2058
  2634343.6 - 3973388.8 | 37500 | 0.8038 | 0.2263 | 0.2309 | 0.2117

Constituent-count diagnostics:
  Means: offline=54.258, hlt=29.167, reco=13.368
  MAE vs offline: hlt=25.090, reco=40.931

Budget diagnostics (test split):
  MAE: merge=438.571, eff=2.510, total=436.061
  Bias: merge=438.571, eff=-2.510, total=436.061

======================================================================
FINAL TEST EVALUATION
======================================================================
Teacher (Offline) AUC: 0.9418
Baseline (HLT)   AUC: 0.9093
Stage2 (PreJoint) AUC: 0.9079
Stage2 (BestValFPR50) AUC: 0.9008
Joint Dual-View  AUC: 0.9096
Joint Dual-View (BestValFPR50) AUC: 0.9089

FPR@30 Teacher/Baseline/Stage2/Joint: 0.003587 / 0.007258 / 0.007088 / 0.006099
FPR@30 Stage2BestFPR / JointBestFPR: 0.006656 / 0.006123
FPR@50 Teacher/Baseline/Stage2/Joint: 0.013746 / 0.026941 / 0.028109 / 0.025023
FPR@50 Stage2BestFPR / JointBestFPR: 0.025157 / 0.025102
TP overlap @TPR=0.50 (HLT vs Joint): 66138 shared TP | overlap frac of HLT TP=0.885, of Joint TP=0.885
TP overlap @TPR=0.50 (Teacher vs Joint): 58396 shared TP | overlap frac of Teacher TP=0.781, of Joint TP=0.781
Best weighted combo @TPR=0.50 (HLT+Joint, VAL-selected -> TEST): w_hlt=0.540, w_joint=0.460, FPR_test=0.023601
Best weighted combo @TPR=0.50 (HLT+Joint, TEST post-hoc): w_hlt=0.270, w_joint=0.730, FPR=0.023847
Saved fusion score arrays to: checkpoints/reco_teacher_joint_fusion_6model_150k75k150k/model5_joint_s01_full_weighted_150k150k300k/model5_joint_s01_full_weighted_150k150k300k_seed0/fusion_scores_val_test.npz

Saved joint results to: checkpoints/reco_teacher_joint_fusion_6model_150k75k150k/model5_joint_s01_full_weighted_150k150k300k/model5_joint_s01_full_weighted_150k150k300k_seed0
Done: checkpoints/reco_teacher_joint_fusion_6model_150k75k150k/model5_joint_s01_full_weighted_150k150k300k/model5_joint_s01_full_weighted_150k150k300k_seed0
