============================================================
Model-5 Joint dual-view full run (s01 StageA, weighted)
Run: checkpoints/reco_teacher_joint_fusion_6model_150k75k150k/model5_joint_s01_full_weighted_500k300k500k/model5_joint_s01_full_weighted_500k300k500k_seed0
Train path: ./data/train_quarter.h5
Split: train=500000, val=300000, test=500000, n_train_jets=1300000
============================================================
 python offline_reconstructor_joint_dualview_stage2save_auc_norankc_nopriv_rhosplit_splitagain_teacherkd.py --train_path ./data/train_quarter.h5 --use_train_weights --save_dir checkpoints/reco_teacher_joint_fusion_6model_150k75k150k/model5_joint_s01_full_weighted_500k300k500k --run_name model5_joint_s01_full_weighted_500k300k500k_seed0 --n_train_jets 1300000 --n_train_split 500000 --n_val_split 300000 --n_test_split 500000 --offset_jets 0 --max_constits 100 --num_workers 6 --seed 0 --selection_metric auc --stageA_epochs 90 --stageA_patience 18 --stageA_kd_temp 2.5 --stageA_lambda_kd 1.0 --stageA_lambda_emb 1.2 --stageA_lambda_tok 0.6 --stageA_lambda_phys 0.2 --stageA_lambda_budget_hinge 0.03 --stageA_budget_eps 0.015 --stageA_budget_weight_floor 1e-4 --stageA_target_tpr 0.50 --stageA_loss_norm_ema_decay 0.98 --stageA_loss_norm_eps 1e-6 --stageB_lambda_rank 0.0 --stageB_lambda_cons 0.0 --stageC_lr_dual 1e-5 --stageC_lr_reco 5e-6 --lambda_reco 0.4 --lambda_cons 0.06 --added_target_scale 0.90 --report_target_tpr 0.50 --combo_weight_step 0.01 --disable_final_kd --device cuda
Device: cuda
Save dir: checkpoints/reco_teacher_joint_fusion_6model_150k75k150k/model5_joint_s01_full_weighted_500k300k500k/model5_joint_s01_full_weighted_500k300k500k_seed0
Loading offline constituents...
Info: using 'weights' from data/train_quarter.h5 as training weights.
Generating pseudo-HLT...
Non-priv rho split setup: rho=0.900, mean_true_added_raw=25.099, mean_target_merge=22.589, mean_target_eff=2.510
Computing features...
Split sizes: Train=500000, Val=300000, Test=500000 (custom_counts=True)

======================================================================
STEP 1: TEACHER + BASELINE
======================================================================
Teacher ep 5: train_auc=0.9382, val_auc=0.9443, val_fpr50=0.012463, best_auc=0.9443, fpr50@best=0.012463
Teacher ep 10: train_auc=0.9453, val_auc=0.9411, val_fpr50=0.014609, best_auc=0.9447, fpr50@best=0.012457
Teacher ep 15: train_auc=0.9503, val_auc=0.9455, val_fpr50=0.011304, best_auc=0.9485, fpr50@best=0.011531
Teacher ep 20: train_auc=0.9548, val_auc=0.9450, val_fpr50=0.011658, best_auc=0.9485, fpr50@best=0.011531
Teacher ep 25: train_auc=0.9598, val_auc=0.9464, val_fpr50=0.011198, best_auc=0.9485, fpr50@best=0.011531
Early stopping Teacher at epoch 28
Baseline ep 5: train_auc=0.9032, val_auc=0.9067, val_fpr50=0.029692, best_auc=0.9104, fpr50@best=0.028315
Baseline ep 10: train_auc=0.9108, val_auc=0.9149, val_fpr50=0.023941, best_auc=0.9149, fpr50@best=0.023941
Baseline ep 15: train_auc=0.9154, val_auc=0.9102, val_fpr50=0.025574, best_auc=0.9149, fpr50@best=0.023941
Baseline ep 20: train_auc=0.9209, val_auc=0.9091, val_fpr50=0.026424, best_auc=0.9152, fpr50@best=0.022115
Baseline ep 25: train_auc=0.9265, val_auc=0.9076, val_fpr50=0.025308, best_auc=0.9152, fpr50@best=0.022115
Baseline ep 30: train_auc=0.9329, val_auc=0.9074, val_fpr50=0.025663, best_auc=0.9152, fpr50@best=0.022115
Early stopping Baseline at epoch 33

======================================================================
STEP 2: STAGE A (RECONSTRUCTOR PRETRAIN)
======================================================================
Ep 5: train_total=3.0304, val_total=9.1513, train_teacher_auc=0.8917, val_teacher_auc=0.5894, val_teacher_fpr50=0.357664, best_teacher_auc=0.6677 | kd=5.8671, emb=0.1673, tok=3.8687, phys=0.2833, budget_hinge=36824.5336, stage_scale=0.35
Ep 10: train_total=3.0296, val_total=9.7019, train_teacher_auc=0.9006, val_teacher_auc=0.6159, val_teacher_fpr50=0.278199, best_teacher_auc=0.6677 | kd=5.6052, emb=0.1521, tok=3.9228, phys=0.2785, budget_hinge=37207.2988, stage_scale=0.35
Ep 15: train_total=3.0298, val_total=9.8350, train_teacher_auc=0.9027, val_teacher_auc=0.6239, val_teacher_fpr50=0.278186, best_teacher_auc=0.6677 | kd=5.5609, emb=0.1475, tok=3.8855, phys=0.2720, budget_hinge=37607.7390, stage_scale=0.35
Ep 20: train_total=3.0300, val_total=9.5186, train_teacher_auc=0.9063, val_teacher_auc=0.6290, val_teacher_fpr50=0.251977, best_teacher_auc=0.6677 | kd=5.4067, emb=0.1420, tok=3.9773, phys=0.2730, budget_hinge=37511.5990, stage_scale=0.35
Stage-A transition -> reloaded best from phase_035 (epoch=3, val_teacher_auc=0.6677)
Ep 25: train_total=3.0296, val_total=4.4553, train_teacher_auc=0.8969, val_teacher_auc=0.8537, val_teacher_fpr50=0.069284, best_teacher_auc=0.8537 | kd=3.8387, emb=0.0581, tok=3.6095, phys=0.2690, budget_hinge=36294.0490, stage_scale=0.70
Ep 30: train_total=3.0297, val_total=4.5090, train_teacher_auc=0.9021, val_teacher_auc=0.8607, val_teacher_fpr50=0.065409, best_teacher_auc=0.8607 | kd=3.8072, emb=0.0544, tok=3.6038, phys=0.2617, budget_hinge=36191.3030, stage_scale=0.70
Ep 35: train_total=3.0259, val_total=3.7158, train_teacher_auc=0.8297, val_teacher_auc=0.8138, val_teacher_fpr50=0.086917, best_teacher_auc=0.8673 | kd=4.1424, emb=0.0810, tok=3.6917, phys=0.8259, budget_hinge=39593.7627, stage_scale=0.70
Ep 40: train_total=3.0307, val_total=4.4141, train_teacher_auc=0.8749, val_teacher_auc=0.7880, val_teacher_fpr50=0.127020, best_teacher_auc=0.8673 | kd=4.5134, emb=0.0989, tok=3.7791, phys=0.7353, budget_hinge=39803.5639, stage_scale=0.70
Ep 45: train_total=3.0267, val_total=3.9341, train_teacher_auc=0.8775, val_teacher_auc=0.8218, val_teacher_fpr50=0.072719, best_teacher_auc=0.8673 | kd=4.0519, emb=0.0778, tok=3.6659, phys=0.8458, budget_hinge=38929.3159, stage_scale=0.70
Ep 50: train_total=3.0294, val_total=3.4921, train_teacher_auc=0.8840, val_teacher_auc=0.8603, val_teacher_fpr50=0.057651, best_teacher_auc=0.8673 | kd=3.7535, emb=0.0502, tok=3.7893, phys=0.6038, budget_hinge=37346.2229, stage_scale=0.70
Ep 55: train_total=3.0292, val_total=3.2606, train_teacher_auc=0.8705, val_teacher_auc=0.8634, val_teacher_fpr50=0.058378, best_teacher_auc=0.8673 | kd=3.7263, emb=0.0542, tok=3.7263, phys=0.5900, budget_hinge=38240.7451, stage_scale=0.70
Stage-A transition -> reloaded best from phase_070 (epoch=31, val_teacher_auc=0.8673)
Ep 60: train_total=3.0470, val_total=3.0003, train_teacher_auc=0.4875, val_teacher_auc=0.4540, val_teacher_fpr50=0.568926, best_teacher_auc=0.8966 | kd=9.2082, emb=0.4171, tok=3.9235, phys=0.7909, budget_hinge=34316.3411, stage_scale=1.00
Ep 65: train_total=3.0301, val_total=2.9135, train_teacher_auc=0.4609, val_teacher_auc=0.4738, val_teacher_fpr50=0.525850, best_teacher_auc=0.8966 | kd=7.2439, emb=0.2768, tok=3.7575, phys=0.8074, budget_hinge=36184.6362, stage_scale=1.00
Ep 70: train_total=3.0299, val_total=2.9337, train_teacher_auc=0.4615, val_teacher_auc=0.4747, val_teacher_fpr50=0.523304, best_teacher_auc=0.8966 | kd=7.2420, emb=0.2768, tok=3.7578, phys=0.8074, budget_hinge=36184.6362, stage_scale=1.00
Early stopping reconstructor at epoch 74

======================================================================
STEP 3: STAGE B (DUAL PRETRAIN, FROZEN RECONSTRUCTOR)
======================================================================
StageB-DualPretrain ep 5: train_loss=0.3949 (cls=0.3949, rank=0.3014, reco=0.0000, cons=0.7295) | val_auc=0.9051, val_fpr50=0.029004, select=auc, best_sel=0.905149
StageB-DualPretrain ep 10: train_loss=0.3846 (cls=0.3846, rank=0.3007, reco=0.0000, cons=0.7292) | val_auc=0.9078, val_fpr50=0.027443, select=auc, best_sel=0.911774
StageB-DualPretrain ep 15: train_loss=0.3792 (cls=0.3792, rank=0.2987, reco=0.0000, cons=0.7291) | val_auc=0.9104, val_fpr50=0.026218, select=auc, best_sel=0.911774
StageB-DualPretrain ep 20: train_loss=0.3716 (cls=0.3716, rank=0.2980, reco=0.0000, cons=0.7289) | val_auc=0.9133, val_fpr50=0.024674, select=auc, best_sel=0.913840
