============================================================
Model-6 Concat-teacher StageA + corrected-only/dual pre+post joint
Run: checkpoints/reco_teacher_joint_fusion_6model_150k75k150k/model6_concat_stagea_corrected_weighted_150k150k300k/model6_concat_stagea_corrected_weighted_150k150k300k_seed0
Train path: ./data/train_quarter.h5 (weighted)
Split: train=150000, val=150000, test=300000
============================================================
 python reco_concat_teacher_stageA_then_corrected.py --train_path ./data/train_quarter.h5 --use_train_weights --force_m5_step1 --save_dir checkpoints/reco_teacher_joint_fusion_6model_150k75k150k/model6_concat_stagea_corrected_weighted_150k150k300k --run_name model6_concat_stagea_corrected_weighted_150k150k300k_seed0 --n_train_jets 600000 --n_train_split 150000 --n_val_split 150000 --n_test_split 300000 --offset_jets 0 --max_constits 100 --max_concat_constits 200 --num_workers 6 --seed 0 --stageA_epochs 90 --stageA_patience 18 --stageA_kd_temp 2.5 --stageA_lambda_kd 1.0 --stageA_lambda_emb 1.2 --stageA_lambda_tok 0.6 --stageA_lambda_phys 0.2 --stageA_lambda_budget_hinge 0.03 --stageA_budget_eps 0.015 --stageA_budget_weight_floor 1e-4 --stageA_target_tpr 0.50 --stageA_lambda_delta 0.00 --stageA_delta_tau 0.05 --stageA_delta_lambda_fp 3.0 --stageA_loss_norm_ema_decay 0.98 --stageA_loss_norm_eps 1e-6 --added_target_scale 0.90 --report_target_tpr 0.50 --combo_weight_step 0.01 --joint_select_metric auc --stageB_epochs 45 --stageB_patience 12 --stageB_min_epochs 12 --stageB_lr_dual 4e-4 --stageB_lambda_rank 0.0 --stageB_lambda_cons 0.0 --stageC_epochs 65 --stageC_patience 14 --stageC_min_epochs 25 --stageC_lr_dual 2e-4 --stageC_lr_reco 1e-4 --stageC_lambda_reco 0.4 --stageC_lambda_rank 0.0 --stageC_lambda_cons 0.06 --stop_after_corrected_only --device cuda
Device: cuda
Save dir: checkpoints/reco_teacher_joint_fusion_6model_150k75k150k/model6_concat_stagea_corrected_weighted_150k150k300k/model6_concat_stagea_corrected_weighted_150k150k300k_seed0
Loading offline constituents...
Info: using 'weights' from data/train_quarter.h5 as training weights.
Generating pseudo-HLT...
Non-priv rho split setup: rho=0.900, mean_true_added_raw=25.090, mean_target_merge=22.581, mean_target_eff=2.509
Computing features...
Split sizes: Train=150000, Val=150000, Test=300000 (custom_counts=True)

======================================================================
STEP 1: TEACHER + BASELINE (m5-aligned) + CONCAT TEACHER AUX
======================================================================
Baseline-HLT ep 5: train_auc=0.8906, val_auc=0.8951, val_fpr50=0.033758, best_auc=0.8969, fpr50@best=0.038130
Baseline-HLT ep 10: train_auc=0.9026, val_auc=0.9019, val_fpr50=0.030188, best_auc=0.9090, fpr50@best=0.025066
Baseline-HLT ep 15: train_auc=0.9105, val_auc=0.8988, val_fpr50=0.030083, best_auc=0.9104, fpr50@best=0.027097
Baseline-HLT ep 20: train_auc=0.9191, val_auc=0.9042, val_fpr50=0.028364, best_auc=0.9104, fpr50@best=0.027097
Baseline-HLT ep 25: train_auc=0.9262, val_auc=0.9019, val_fpr50=0.027334, best_auc=0.9104, fpr50@best=0.027097
Early stopping Baseline-HLT at epoch 29
Teacher ep 5: train_auc=0.9268, val_auc=0.9204, val_fpr50=0.022795, best_auc=0.9279, fpr50@best=0.021047
Teacher ep 10: train_auc=0.9384, val_auc=0.9335, val_fpr50=0.018907, best_auc=0.9400, fpr50@best=0.014267
Teacher ep 15: train_auc=0.9446, val_auc=0.9450, val_fpr50=0.011436, best_auc=0.9457, fpr50@best=0.012006
Teacher ep 20: train_auc=0.9505, val_auc=0.9364, val_fpr50=0.013624, best_auc=0.9457, fpr50@best=0.012006
Teacher ep 25: train_auc=0.9579, val_auc=0.9365, val_fpr50=0.013338, best_auc=0.9457, fpr50@best=0.012006
Early stopping Teacher at epoch 29
m5-aligned Teacher AUC (val/test): 0.9457 / 0.9454
ConcatTeacher ep 5: train_auc=0.9243, val_auc=0.9194, val_fpr50=0.028764, best_auc=0.9317, fpr50@best=0.021101
ConcatTeacher ep 10: train_auc=0.9358, val_auc=0.9341, val_fpr50=0.019791, best_auc=0.9382, fpr50@best=0.016004
ConcatTeacher ep 15: train_auc=0.9434, val_auc=0.9327, val_fpr50=0.018663, best_auc=0.9384, fpr50@best=0.015376
ConcatTeacher ep 20: train_auc=0.9512, val_auc=0.9331, val_fpr50=0.015989, best_auc=0.9422, fpr50@best=0.013859
ConcatTeacher ep 25: train_auc=0.9583, val_auc=0.9315, val_fpr50=0.015504, best_auc=0.9422, fpr50@best=0.013859
ConcatTeacher ep 30: train_auc=0.9676, val_auc=0.9269, val_fpr50=0.018155, best_auc=0.9422, fpr50@best=0.013859
Early stopping ConcatTeacher at epoch 34
StageA delta HLT reference @TPR=0.50: threshold_prob=0.846712, val_tpr=0.500013, val_fpr=0.027102

======================================================================
STEP 2: STAGE A (CONCAT-TEACHER-GUIDED RECONSTRUCTOR PRETRAIN)
======================================================================
----------------------------------------------------------------------
Stage-A curriculum: phase_035 | epochs [1,20] | stage_scale=0.35
----------------------------------------------------------------------
Ep 5 [phase_035]: train_total=3.0282, val_total=5.3669, train_teacher_auc=0.8708, val_teacher_auc=0.6533, val_teacher_fpr50=0.286293, best_global_auc=0.6533 | kd=4.9297, emb=0.1720, tok=3.8905, phys=0.3149, budget_hinge=32440.7507, delta=0.0000, delta_gain=0.0000, delta_cost=0.0000, stage_scale=0.35
Ep 10 [phase_035]: train_total=3.0271, val_total=7.1621, train_teacher_auc=0.8824, val_teacher_auc=0.5966, val_teacher_fpr50=0.319378, best_global_auc=0.6533 | kd=5.8579, emb=0.2042, tok=3.9302, phys=0.3055, budget_hinge=38216.3110, delta=0.0000, delta_gain=0.0000, delta_cost=0.0000, stage_scale=0.35
Ep 15 [phase_035]: train_total=3.0292, val_total=6.0762, train_teacher_auc=0.8483, val_teacher_auc=0.6786, val_teacher_fpr50=0.214044, best_global_auc=0.6786 | kd=6.0021, emb=0.2127, tok=4.0615, phys=0.3309, budget_hinge=38557.6478, delta=0.0000, delta_gain=0.0000, delta_cost=0.0000, stage_scale=0.35
Ep 20 [phase_035]: train_total=3.0265, val_total=8.5123, train_teacher_auc=0.8415, val_teacher_auc=0.5539, val_teacher_fpr50=0.454737, best_global_auc=0.7003 | kd=7.5615, emb=0.3054, tok=4.0560, phys=0.3390, budget_hinge=40040.8372, delta=0.0000, delta_gain=0.0000, delta_cost=0.0000, stage_scale=0.35
Reloaded best checkpoint for phase_035 (epoch=16, val_auc=0.7003)
----------------------------------------------------------------------
Stage-A curriculum: phase_070 | epochs [21,55] | stage_scale=0.70
----------------------------------------------------------------------
Ep 25 [phase_070]: train_total=3.0326, val_total=3.4901, train_teacher_auc=0.8237, val_teacher_auc=0.7857, val_teacher_fpr50=0.127801, best_global_auc=0.8021 | kd=4.1885, emb=0.1057, tok=3.6172, phys=0.3336, budget_hinge=39634.1204, delta=0.0000, delta_gain=0.0000, delta_cost=0.0000, stage_scale=0.70
Ep 30 [phase_070]: train_total=3.0303, val_total=3.5022, train_teacher_auc=0.8319, val_teacher_auc=0.7700, val_teacher_fpr50=0.131653, best_global_auc=0.8067 | kd=4.2082, emb=0.1008, tok=3.5869, phys=0.3063, budget_hinge=38678.3006, delta=0.0000, delta_gain=0.0000, delta_cost=0.0000, stage_scale=0.70
Ep 35 [phase_070]: train_total=3.0301, val_total=3.6850, train_teacher_auc=0.8339, val_teacher_auc=0.7747, val_teacher_fpr50=0.138411, best_global_auc=0.8174 | kd=4.3139, emb=0.1096, tok=3.5869, phys=0.3215, budget_hinge=38248.1584, delta=0.0000, delta_gain=0.0000, delta_cost=0.0000, stage_scale=0.70
Ep 40 [phase_070]: train_total=3.0329, val_total=3.4861, train_teacher_auc=0.8333, val_teacher_auc=0.7787, val_teacher_fpr50=0.108327, best_global_auc=0.8174 | kd=4.1999, emb=0.1032, tok=3.6435, phys=0.3008, budget_hinge=38027.5778, delta=0.0000, delta_gain=0.0000, delta_cost=0.0000, stage_scale=0.70
Ep 45 [phase_070]: train_total=3.0303, val_total=3.7731, train_teacher_auc=0.8403, val_teacher_auc=0.7874, val_teacher_fpr50=0.107968, best_global_auc=0.8174 | kd=4.3078, emb=0.1097, tok=3.6020, phys=0.3054, budget_hinge=38245.2611, delta=0.0000, delta_gain=0.0000, delta_cost=0.0000, stage_scale=0.70
Early stop within phase_070 at epoch 49 (no_improve=18)
Reloaded best checkpoint for phase_070 (epoch=31, val_auc=0.8174)
----------------------------------------------------------------------
Stage-A curriculum: phase_100 | epochs [56,90] | stage_scale=1.00
----------------------------------------------------------------------
Ep 60 [phase_100]: train_total=3.0278, val_total=2.9076, train_teacher_auc=0.8305, val_teacher_auc=0.8406, val_teacher_fpr50=0.085703, best_global_auc=0.8546 | kd=3.7312, emb=0.0727, tok=3.5371, phys=0.3020, budget_hinge=37451.2796, delta=0.0000, delta_gain=0.0000, delta_cost=0.0000, stage_scale=1.00
Ep 65 [phase_100]: train_total=3.0309, val_total=2.9149, train_teacher_auc=0.8297, val_teacher_auc=0.8410, val_teacher_fpr50=0.075456, best_global_auc=0.8557 | kd=3.7210, emb=0.0722, tok=3.5331, phys=0.3061, budget_hinge=37586.8008, delta=0.0000, delta_gain=0.0000, delta_cost=0.0000, stage_scale=1.00
Ep 70 [phase_100]: train_total=3.0278, val_total=2.8977, train_teacher_auc=0.8312, val_teacher_auc=0.8539, val_teacher_fpr50=0.065669, best_global_auc=0.8557 | kd=3.6858, emb=0.0729, tok=3.5463, phys=0.3026, budget_hinge=37404.6546, delta=0.0000, delta_gain=0.0000, delta_cost=0.0000, stage_scale=1.00
Ep 75 [phase_100]: train_total=3.0285, val_total=2.8418, train_teacher_auc=0.8389, val_teacher_auc=0.8478, val_teacher_fpr50=0.073248, best_global_auc=0.8584 | kd=3.6789, emb=0.0679, tok=3.5325, phys=0.2962, budget_hinge=37301.5878, delta=0.0000, delta_gain=0.0000, delta_cost=0.0000, stage_scale=1.00
Ep 80 [phase_100]: train_total=3.0293, val_total=2.9437, train_teacher_auc=0.8422, val_teacher_auc=0.8577, val_teacher_fpr50=0.063488, best_global_auc=0.8584 | kd=3.6826, emb=0.0699, tok=3.5351, phys=0.2930, budget_hinge=37410.1099, delta=0.0000, delta_gain=0.0000, delta_cost=0.0000, stage_scale=1.00
Ep 85 [phase_100]: train_total=3.0291, val_total=2.8547, train_teacher_auc=0.8470, val_teacher_auc=0.8644, val_teacher_fpr50=0.056670, best_global_auc=0.8644 | kd=3.6341, emb=0.0644, tok=3.5377, phys=0.2944, budget_hinge=37635.9795, delta=0.0000, delta_gain=0.0000, delta_cost=0.0000, stage_scale=1.00
Ep 90 [phase_100]: train_total=3.0289, val_total=2.8610, train_teacher_auc=0.8552, val_teacher_auc=0.8663, val_teacher_fpr50=0.056757, best_global_auc=0.8692 | kd=3.6146, emb=0.0600, tok=3.5305, phys=0.2933, budget_hinge=37992.7600, delta=0.0000, delta_gain=0.0000, delta_cost=0.0000, stage_scale=1.00
Reloaded best checkpoint for phase_100 (epoch=88, val_auc=0.8692)

======================================================================
STEP 3: CONCAT-TEACHER ON SOFT RECONSTRUCTED VIEW
======================================================================

======================================================================
STEP 4: CORRECTED-ONLY TAGGER (FROZEN STAGE-A RECONSTRUCTOR)
======================================================================
CorrectedOnly-PostStageA ep 5: train_auc=0.8668, val_auc=0.8745, val_fpr50=0.048669, best_auc=0.8745, fpr50@best=0.048669
CorrectedOnly-PostStageA ep 10: train_auc=0.8744, val_auc=0.8788, val_fpr50=0.046755, best_auc=0.8809, fpr50@best=0.046329
CorrectedOnly-PostStageA ep 15: train_auc=0.8777, val_auc=0.8817, val_fpr50=0.044565, best_auc=0.8817, fpr50@best=0.044565
CorrectedOnly-PostStageA ep 20: train_auc=0.8839, val_auc=0.8795, val_fpr50=0.047481, best_auc=0.8817, fpr50@best=0.044565
CorrectedOnly-PostStageA ep 25: train_auc=0.8885, val_auc=0.8806, val_fpr50=0.048708, best_auc=0.8817, fpr50@best=0.044565
CorrectedOnly-PostStageA ep 30: train_auc=0.8941, val_auc=0.8785, val_fpr50=0.050381, best_auc=0.8822, fpr50@best=0.047740
CorrectedOnly-PostStageA ep 35: train_auc=0.9008, val_auc=0.8757, val_fpr50=0.051632, best_auc=0.8822, fpr50@best=0.047740
CorrectedOnly-PostStageA ep 40: train_auc=0.9055, val_auc=0.8744, val_fpr50=0.051066, best_auc=0.8822, fpr50@best=0.047740
Early stopping CorrectedOnly-PostStageA at epoch 42

======================================================================
FINAL EVALUATION (STOP AFTER CORRECTED-ONLY)
======================================================================
HLT baseline AUC (val/test): 0.9104 / 0.9088
ConcatTeacher AUC (val/test): 0.9422 / 0.9415
RecoTeacherSoft AUC (val/test): 0.8692 / 0.8670
CorrectedOnly AUC (val/test): 0.8822 / 0.8805
FPR@50 HLT / ConcatTeacher / RecoTeacherSoft / CorrectedOnly: 0.027155 / 0.014740 / 0.053518 / 0.048520

Saved concat-teacher Stage-A + corrected-only results to: checkpoints/reco_teacher_joint_fusion_6model_150k75k150k/model6_concat_stagea_corrected_weighted_150k150k300k/model6_concat_stagea_corrected_weighted_150k150k300k_seed0
Done: checkpoints/reco_teacher_joint_fusion_6model_150k75k150k/model6_concat_stagea_corrected_weighted_150k150k300k/model6_concat_stagea_corrected_weighted_150k150k300k_seed0
