============================================================
Model-6 Concat-teacher StageA + corrected-only/dual pre+post joint
Run: checkpoints/reco_teacher_joint_fusion_6model_150k75k150k/model6_concat_stagea_corrected_weighted_500k300k500k/model6_concat_stagea_corrected_weighted_500k300k500k_seed0
Train path: ./data/train_quarter.h5 (weighted)
Split: train=500000, val=300000, test=500000
============================================================
 python reco_concat_teacher_stageA_then_corrected.py --train_path ./data/train_quarter.h5 --use_train_weights --force_m5_step1 --save_dir checkpoints/reco_teacher_joint_fusion_6model_150k75k150k/model6_concat_stagea_corrected_weighted_500k300k500k --run_name model6_concat_stagea_corrected_weighted_500k300k500k_seed0 --n_train_jets 1300000 --n_train_split 500000 --n_val_split 300000 --n_test_split 500000 --offset_jets 0 --max_constits 100 --max_concat_constits 200 --num_workers 6 --seed 0 --stageA_epochs 90 --stageA_patience 18 --stageA_kd_temp 2.5 --stageA_lambda_kd 1.0 --stageA_lambda_emb 1.2 --stageA_lambda_tok 0.6 --stageA_lambda_phys 0.2 --stageA_lambda_budget_hinge 0.03 --stageA_budget_eps 0.015 --stageA_budget_weight_floor 1e-4 --stageA_target_tpr 0.50 --stageA_lambda_delta 0.00 --stageA_delta_tau 0.05 --stageA_delta_lambda_fp 3.0 --stageA_loss_norm_ema_decay 0.98 --stageA_loss_norm_eps 1e-6 --added_target_scale 0.90 --report_target_tpr 0.50 --combo_weight_step 0.01 --joint_select_metric auc --stageB_epochs 45 --stageB_patience 12 --stageB_min_epochs 12 --stageB_lr_dual 4e-4 --stageB_lambda_rank 0.0 --stageB_lambda_cons 0.0 --stageC_epochs 65 --stageC_patience 14 --stageC_min_epochs 25 --stageC_lr_dual 2e-4 --stageC_lr_reco 1e-4 --stageC_lambda_reco 0.4 --stageC_lambda_rank 0.0 --stageC_lambda_cons 0.06 --stop_after_corrected_only --device cuda
Device: cuda
Save dir: checkpoints/reco_teacher_joint_fusion_6model_150k75k150k/model6_concat_stagea_corrected_weighted_500k300k500k/model6_concat_stagea_corrected_weighted_500k300k500k_seed0
Loading offline constituents...
Info: using 'weights' from data/train_quarter.h5 as training weights.
Generating pseudo-HLT...
Non-priv rho split setup: rho=0.900, mean_true_added_raw=25.099, mean_target_merge=22.589, mean_target_eff=2.510
Computing features...
Split sizes: Train=500000, Val=300000, Test=500000 (custom_counts=True)

======================================================================
STEP 1: TEACHER + BASELINE (m5-aligned) + CONCAT TEACHER AUX
======================================================================
Baseline-HLT ep 5: train_auc=0.9021, val_auc=0.9094, val_fpr50=0.027009, best_auc=0.9133, fpr50@best=0.025387
Baseline-HLT ep 10: train_auc=0.9110, val_auc=0.9058, val_fpr50=0.028484, best_auc=0.9133, fpr50@best=0.025387
Baseline-HLT ep 15: train_auc=0.9165, val_auc=0.9101, val_fpr50=0.024694, best_auc=0.9135, fpr50@best=0.023435
Baseline-HLT ep 20: train_auc=0.9204, val_auc=0.9132, val_fpr50=0.022807, best_auc=0.9135, fpr50@best=0.023435
Baseline-HLT ep 25: train_auc=0.9267, val_auc=0.9117, val_fpr50=0.023162, best_auc=0.9139, fpr50@best=0.021804
Baseline-HLT ep 30: train_auc=0.9331, val_auc=0.9079, val_fpr50=0.024954, best_auc=0.9139, fpr50@best=0.021804
Baseline-HLT ep 35: train_auc=0.9394, val_auc=0.9031, val_fpr50=0.025794, best_auc=0.9139, fpr50@best=0.021804
Early stopping Baseline-HLT at epoch 38
Teacher ep 5: train_auc=0.9381, val_auc=0.9450, val_fpr50=0.013443, best_auc=0.9450, fpr50@best=0.013443
Teacher ep 10: train_auc=0.9453, val_auc=0.9456, val_fpr50=0.011522, best_auc=0.9456, fpr50@best=0.011522
Teacher ep 15: train_auc=0.9497, val_auc=0.9469, val_fpr50=0.012061, best_auc=0.9469, fpr50@best=0.012061
Teacher ep 20: train_auc=0.9546, val_auc=0.9475, val_fpr50=0.010359, best_auc=0.9485, fpr50@best=0.010625
Teacher ep 25: train_auc=0.9596, val_auc=0.9460, val_fpr50=0.011106, best_auc=0.9485, fpr50@best=0.010625
Teacher ep 30: train_auc=0.9651, val_auc=0.9413, val_fpr50=0.011992, best_auc=0.9485, fpr50@best=0.010625
Early stopping Teacher at epoch 33
m5-aligned Teacher AUC (val/test): 0.9485 / 0.9481
ConcatTeacher ep 5: train_auc=0.9360, val_auc=0.9419, val_fpr50=0.014943, best_auc=0.9419, fpr50@best=0.014943
ConcatTeacher ep 10: train_auc=0.9439, val_auc=0.9379, val_fpr50=0.014333, best_auc=0.9440, fpr50@best=0.013624
ConcatTeacher ep 15: train_auc=0.9482, val_auc=0.9428, val_fpr50=0.013062, best_auc=0.9440, fpr50@best=0.013624
ConcatTeacher ep 20: train_auc=0.9532, val_auc=0.9428, val_fpr50=0.012821, best_auc=0.9449, fpr50@best=0.013184
ConcatTeacher ep 25: train_auc=0.9594, val_auc=0.9384, val_fpr50=0.013924, best_auc=0.9449, fpr50@best=0.013184
ConcatTeacher ep 30: train_auc=0.9653, val_auc=0.9376, val_fpr50=0.014145, best_auc=0.9449, fpr50@best=0.013184
Early stopping ConcatTeacher at epoch 31
StageA delta HLT reference @TPR=0.50: threshold_prob=0.894264, val_tpr=0.499990, val_fpr=0.021804

======================================================================
STEP 2: STAGE A (CONCAT-TEACHER-GUIDED RECONSTRUCTOR PRETRAIN)
======================================================================
----------------------------------------------------------------------
Stage-A curriculum: phase_035 | epochs [1,20] | stage_scale=0.35
----------------------------------------------------------------------
Ep 5 [phase_035]: train_total=3.0303, val_total=9.8425, train_teacher_auc=0.8628, val_teacher_auc=0.5285, val_teacher_fpr50=0.475072, best_global_auc=0.7241 | kd=8.6596, emb=0.2559, tok=4.3782, phys=0.3453, budget_hinge=38763.0113, delta=0.0000, delta_gain=0.0000, delta_cost=0.0000, stage_scale=0.35
Ep 10 [phase_035]: train_total=3.0285, val_total=11.4348, train_teacher_auc=0.8611, val_teacher_auc=0.4856, val_teacher_fpr50=0.553128, best_global_auc=0.7241 | kd=9.3024, emb=0.2771, tok=4.3256, phys=0.3086, budget_hinge=40615.7101, delta=0.0000, delta_gain=0.0000, delta_cost=0.0000, stage_scale=0.35
Ep 15 [phase_035]: train_total=3.0291, val_total=13.6597, train_teacher_auc=0.8790, val_teacher_auc=0.4649, val_teacher_fpr50=0.564812, best_global_auc=0.7241 | kd=10.3485, emb=0.3156, tok=4.4278, phys=0.3117, budget_hinge=40569.4859, delta=0.0000, delta_gain=0.0000, delta_cost=0.0000, stage_scale=0.35
Ep 20 [phase_035]: train_total=3.0313, val_total=8.6496, train_teacher_auc=0.8629, val_teacher_auc=0.5421, val_teacher_fpr50=0.393915, best_global_auc=0.7241 | kd=8.1242, emb=0.2226, tok=4.8498, phys=0.3157, budget_hinge=40315.1617, delta=0.0000, delta_gain=0.0000, delta_cost=0.0000, stage_scale=0.35
Early stop within phase_035 at epoch 20 (no_improve=18)
Reloaded best checkpoint for phase_035 (epoch=2, val_auc=0.7241)
----------------------------------------------------------------------
Stage-A curriculum: phase_070 | epochs [21,55] | stage_scale=0.70
----------------------------------------------------------------------
Ep 25 [phase_070]: train_total=3.0240, val_total=8.0003, train_teacher_auc=0.8562, val_teacher_auc=0.7323, val_teacher_fpr50=0.127915, best_global_auc=0.8099 | kd=6.6558, emb=0.1580, tok=3.7432, phys=0.3037, budget_hinge=39580.9915, delta=0.0000, delta_gain=0.0000, delta_cost=0.0000, stage_scale=0.70
Ep 30 [phase_070]: train_total=3.0306, val_total=8.3117, train_teacher_auc=0.8543, val_teacher_auc=0.5380, val_teacher_fpr50=0.416773, best_global_auc=0.8099 | kd=8.3033, emb=0.2079, tok=4.0431, phys=0.3239, budget_hinge=39032.2941, delta=0.0000, delta_gain=0.0000, delta_cost=0.0000, stage_scale=0.70
Ep 35 [phase_070]: train_total=3.0278, val_total=6.4472, train_teacher_auc=0.8633, val_teacher_auc=0.7755, val_teacher_fpr50=0.134321, best_global_auc=0.8099 | kd=5.8353, emb=0.1393, tok=3.7850, phys=0.3069, budget_hinge=40218.8578, delta=0.0000, delta_gain=0.0000, delta_cost=0.0000, stage_scale=0.70
Ep 40 [phase_070]: train_total=3.0305, val_total=6.8914, train_teacher_auc=0.8684, val_teacher_auc=0.7188, val_teacher_fpr50=0.160498, best_global_auc=0.8099 | kd=6.5181, emb=0.1486, tok=3.7780, phys=0.2946, budget_hinge=39747.8573, delta=0.0000, delta_gain=0.0000, delta_cost=0.0000, stage_scale=0.70
Early stop within phase_070 at epoch 40 (no_improve=18)
Reloaded best checkpoint for phase_070 (epoch=22, val_auc=0.8099)
----------------------------------------------------------------------
Stage-A curriculum: phase_100 | epochs [56,90] | stage_scale=1.00
----------------------------------------------------------------------
Ep 60 [phase_100]: train_total=3.0310, val_total=2.9747, train_teacher_auc=0.8561, val_teacher_auc=0.8661, val_teacher_fpr50=0.055265, best_global_auc=0.8948 | kd=3.7600, emb=0.0467, tok=3.6465, phys=0.2978, budget_hinge=39244.5521, delta=0.0000, delta_gain=0.0000, delta_cost=0.0000, stage_scale=1.00
Ep 65 [phase_100]: train_total=3.0289, val_total=2.8111, train_teacher_auc=0.8636, val_teacher_auc=0.8782, val_teacher_fpr50=0.046965, best_global_auc=0.8948 | kd=3.6018, emb=0.0362, tok=3.6515, phys=0.2817, budget_hinge=38241.6589, delta=0.0000, delta_gain=0.0000, delta_cost=0.0000, stage_scale=1.00
Ep 70 [phase_100]: train_total=3.0304, val_total=2.9422, train_teacher_auc=0.8709, val_teacher_auc=0.8672, val_teacher_fpr50=0.046439, best_global_auc=0.8948 | kd=3.6969, emb=0.0394, tok=3.6369, phys=0.2820, budget_hinge=38313.2953, delta=0.0000, delta_gain=0.0000, delta_cost=0.0000, stage_scale=1.00
Ep 75 [phase_100]: train_total=3.0284, val_total=2.9062, train_teacher_auc=0.8553, val_teacher_auc=0.8630, val_teacher_fpr50=0.059507, best_global_auc=0.8948 | kd=3.6468, emb=0.0410, tok=3.6799, phys=0.3037, budget_hinge=39062.6510, delta=0.0000, delta_gain=0.0000, delta_cost=0.0000, stage_scale=1.00
Early stop within phase_100 at epoch 75 (no_improve=18)
Reloaded best checkpoint for phase_100 (epoch=57, val_auc=0.8948)

======================================================================
STEP 3: CONCAT-TEACHER ON SOFT RECONSTRUCTED VIEW
======================================================================

======================================================================
STEP 4: CORRECTED-ONLY TAGGER (FROZEN STAGE-A RECONSTRUCTOR)
======================================================================
