============================================================
Model-6 Concat-teacher StageA + corrected-only/dual pre+post joint
Run: checkpoints/reco_teacher_joint_fusion_6model_150k75k150k/model6_concat_stagea_corrected_weighted_150k150k300k/model6_concat_stagea_corrected_weighted_150k150k300k_seed0
Train path: ./data/train_quarter.h5 (weighted)
Split: train=150000, val=150000, test=300000
============================================================
 python reco_concat_teacher_stageA_then_corrected.py --train_path ./data/train_quarter.h5 --use_train_weights --save_dir checkpoints/reco_teacher_joint_fusion_6model_150k75k150k/model6_concat_stagea_corrected_weighted_150k150k300k --run_name model6_concat_stagea_corrected_weighted_150k150k300k_seed0 --n_train_jets 600000 --n_train_split 150000 --n_val_split 150000 --n_test_split 300000 --offset_jets 0 --max_constits 100 --max_concat_constits 200 --num_workers 6 --seed 0 --stageA_epochs 90 --stageA_patience 18 --stageA_kd_temp 2.5 --stageA_lambda_kd 1.0 --stageA_lambda_emb 1.2 --stageA_lambda_tok 0.6 --stageA_lambda_phys 0.2 --stageA_lambda_budget_hinge 0.03 --stageA_budget_eps 0.015 --stageA_budget_weight_floor 1e-4 --stageA_target_tpr 0.50 --stageA_lambda_delta 0.00 --stageA_delta_tau 0.05 --stageA_delta_lambda_fp 3.0 --stageA_loss_norm_ema_decay 0.98 --stageA_loss_norm_eps 1e-6 --added_target_scale 0.90 --report_target_tpr 0.50 --combo_weight_step 0.01 --joint_select_metric auc --stageB_epochs 45 --stageB_patience 12 --stageB_min_epochs 12 --stageB_lr_dual 4e-4 --stageB_lambda_rank 0.0 --stageB_lambda_cons 0.0 --stageC_epochs 65 --stageC_patience 14 --stageC_min_epochs 25 --stageC_lr_dual 2e-4 --stageC_lr_reco 1e-4 --stageC_lambda_reco 0.4 --stageC_lambda_rank 0.0 --stageC_lambda_cons 0.06 --stop_after_corrected_only --device cuda
Device: cuda
Save dir: checkpoints/reco_teacher_joint_fusion_6model_150k75k150k/model6_concat_stagea_corrected_weighted_150k150k300k/model6_concat_stagea_corrected_weighted_150k150k300k_seed0
Loading offline constituents...
Info: using 'weights' from data/train_quarter.h5 as training weights.
Generating pseudo-HLT...
Non-priv rho split setup: rho=0.900, mean_true_added_raw=25.090, mean_target_merge=22.581, mean_target_eff=2.509
Computing features...
Split sizes: Train=150000, Val=150000, Test=300000 (custom_counts=True)

======================================================================
STEP 1: HLT BASELINE + CONCAT TEACHER
======================================================================
Baseline-HLT ep 5: train_auc=0.8906, val_auc=0.8951, val_fpr50=0.033758, best_auc=0.8969, fpr50@best=0.038130
Baseline-HLT ep 10: train_auc=0.9026, val_auc=0.9019, val_fpr50=0.030188, best_auc=0.9090, fpr50@best=0.025066
Baseline-HLT ep 15: train_auc=0.9105, val_auc=0.8988, val_fpr50=0.030083, best_auc=0.9104, fpr50@best=0.027097
Baseline-HLT ep 20: train_auc=0.9191, val_auc=0.9042, val_fpr50=0.028364, best_auc=0.9104, fpr50@best=0.027097
Baseline-HLT ep 25: train_auc=0.9262, val_auc=0.9019, val_fpr50=0.027334, best_auc=0.9104, fpr50@best=0.027097
Early stopping Baseline-HLT at epoch 29
ConcatTeacher ep 5: train_auc=0.9242, val_auc=0.9136, val_fpr50=0.027573, best_auc=0.9251, fpr50@best=0.026056
ConcatTeacher ep 10: train_auc=0.9356, val_auc=0.9319, val_fpr50=0.018793, best_auc=0.9347, fpr50@best=0.016943
ConcatTeacher ep 15: train_auc=0.9432, val_auc=0.9393, val_fpr50=0.013574, best_auc=0.9393, fpr50@best=0.013574
ConcatTeacher ep 20: train_auc=0.9506, val_auc=0.9284, val_fpr50=0.018838, best_auc=0.9393, fpr50@best=0.013574
ConcatTeacher ep 25: train_auc=0.9593, val_auc=0.9321, val_fpr50=0.014983, best_auc=0.9393, fpr50@best=0.013574
ConcatTeacher ep 30: train_auc=0.9678, val_auc=0.9283, val_fpr50=0.017585, best_auc=0.9393, fpr50@best=0.013574
Early stopping ConcatTeacher at epoch 30
StageA delta HLT reference @TPR=0.50: threshold_prob=0.846712, val_tpr=0.500013, val_fpr=0.027102

======================================================================
STEP 2: STAGE A (CONCAT-TEACHER-GUIDED RECONSTRUCTOR PRETRAIN)
======================================================================
----------------------------------------------------------------------
Stage-A curriculum: phase_035 | epochs [1,20] | stage_scale=0.35
----------------------------------------------------------------------
Ep 5 [phase_035]: train_total=3.0286, val_total=7.2142, train_teacher_auc=0.8849, val_teacher_auc=0.7318, val_teacher_fpr50=0.183829, best_global_auc=0.7318 | kd=5.0630, emb=0.2673, tok=3.9604, phys=0.3512, budget_hinge=39189.0734, delta=0.0000, delta_gain=0.0000, delta_cost=0.0000, stage_scale=0.35
Ep 10 [phase_035]: train_total=3.0285, val_total=8.1466, train_teacher_auc=0.8934, val_teacher_auc=0.7342, val_teacher_fpr50=0.181276, best_global_auc=0.7650 | kd=5.2236, emb=0.2745, tok=4.0100, phys=0.3116, budget_hinge=40290.1926, delta=0.0000, delta_gain=0.0000, delta_cost=0.0000, stage_scale=0.35
Ep 15 [phase_035]: train_total=3.0296, val_total=8.4152, train_teacher_auc=0.8961, val_teacher_auc=0.7398, val_teacher_fpr50=0.174779, best_global_auc=0.7650 | kd=5.0275, emb=0.2764, tok=3.9983, phys=0.3138, budget_hinge=40062.6123, delta=0.0000, delta_gain=0.0000, delta_cost=0.0000, stage_scale=0.35
Ep 20 [phase_035]: train_total=3.0302, val_total=8.6535, train_teacher_auc=0.9009, val_teacher_auc=0.7192, val_teacher_fpr50=0.201969, best_global_auc=0.7650 | kd=5.1896, emb=0.2794, tok=4.0249, phys=0.3123, budget_hinge=39697.4273, delta=0.0000, delta_gain=0.0000, delta_cost=0.0000, stage_scale=0.35
Reloaded best checkpoint for phase_035 (epoch=7, val_auc=0.7650)
----------------------------------------------------------------------
Stage-A curriculum: phase_070 | epochs [21,55] | stage_scale=0.70
----------------------------------------------------------------------
Ep 25 [phase_070]: train_total=3.0292, val_total=3.3433, train_teacher_auc=0.8953, val_teacher_auc=0.8737, val_teacher_fpr50=0.048987, best_global_auc=0.8766 | kd=3.5568, emb=0.0706, tok=3.7287, phys=0.2861, budget_hinge=39252.9396, delta=0.0000, delta_gain=0.0000, delta_cost=0.0000, stage_scale=0.70
Ep 30 [phase_070]: train_total=3.0291, val_total=3.5892, train_teacher_auc=0.8974, val_teacher_auc=0.8773, val_teacher_fpr50=0.047043, best_global_auc=0.8773 | kd=3.5904, emb=0.0776, tok=3.7419, phys=0.2805, budget_hinge=39329.5777, delta=0.0000, delta_gain=0.0000, delta_cost=0.0000, stage_scale=0.70
Ep 35 [phase_070]: train_total=3.0284, val_total=3.5987, train_teacher_auc=0.9008, val_teacher_auc=0.8743, val_teacher_fpr50=0.048855, best_global_auc=0.8773 | kd=3.6061, emb=0.0739, tok=3.7390, phys=0.2833, budget_hinge=39462.0559, delta=0.0000, delta_gain=0.0000, delta_cost=0.0000, stage_scale=0.70
Ep 40 [phase_070]: train_total=3.0284, val_total=3.6128, train_teacher_auc=0.9028, val_teacher_auc=0.8781, val_teacher_fpr50=0.047846, best_global_auc=0.8824 | kd=3.5987, emb=0.0722, tok=3.7230, phys=0.2767, budget_hinge=39549.7639, delta=0.0000, delta_gain=0.0000, delta_cost=0.0000, stage_scale=0.70
Ep 45 [phase_070]: train_total=3.0283, val_total=4.0241, train_teacher_auc=0.9046, val_teacher_auc=0.8693, val_teacher_fpr50=0.054513, best_global_auc=0.8824 | kd=3.6939, emb=0.0861, tok=3.7506, phys=0.2724, budget_hinge=39230.6930, delta=0.0000, delta_gain=0.0000, delta_cost=0.0000, stage_scale=0.70
Ep 50 [phase_070]: train_total=3.0297, val_total=4.1440, train_teacher_auc=0.9069, val_teacher_auc=0.8681, val_teacher_fpr50=0.059850, best_global_auc=0.8824 | kd=3.7422, emb=0.0895, tok=3.7379, phys=0.2742, budget_hinge=39807.4193, delta=0.0000, delta_gain=0.0000, delta_cost=0.0000, stage_scale=0.70
Early stop within phase_070 at epoch 54 (no_improve=18)
Reloaded best checkpoint for phase_070 (epoch=36, val_auc=0.8824)
----------------------------------------------------------------------
Stage-A curriculum: phase_100 | epochs [56,90] | stage_scale=1.00
----------------------------------------------------------------------
Ep 60 [phase_100]: train_total=3.0290, val_total=2.7642, train_teacher_auc=0.9035, val_teacher_auc=0.9044, val_teacher_fpr50=0.027181, best_global_auc=0.9061 | kd=3.4107, emb=0.0406, tok=3.6818, phys=0.2675, budget_hinge=38802.1914, delta=0.0000, delta_gain=0.0000, delta_cost=0.0000, stage_scale=1.00
Ep 65 [phase_100]: train_total=3.0312, val_total=2.7847, train_teacher_auc=0.9056, val_teacher_auc=0.9006, val_teacher_fpr50=0.028251, best_global_auc=0.9061 | kd=3.4099, emb=0.0411, tok=3.6853, phys=0.2665, budget_hinge=39050.0694, delta=0.0000, delta_gain=0.0000, delta_cost=0.0000, stage_scale=1.00
Ep 70 [phase_100]: train_total=3.0291, val_total=2.7844, train_teacher_auc=0.9075, val_teacher_auc=0.9081, val_teacher_fpr50=0.025153, best_global_auc=0.9085 | kd=3.4090, emb=0.0395, tok=3.6836, phys=0.2613, budget_hinge=38770.9114, delta=0.0000, delta_gain=0.0000, delta_cost=0.0000, stage_scale=1.00
Ep 75 [phase_100]: train_total=3.0286, val_total=2.7866, train_teacher_auc=0.9073, val_teacher_auc=0.9085, val_teacher_fpr50=0.024494, best_global_auc=0.9085 | kd=3.4064, emb=0.0385, tok=3.6874, phys=0.2618, budget_hinge=38766.7499, delta=0.0000, delta_gain=0.0000, delta_cost=0.0000, stage_scale=1.00
Ep 80 [phase_100]: train_total=3.0297, val_total=2.8141, train_teacher_auc=0.9100, val_teacher_auc=0.9059, val_teacher_fpr50=0.026920, best_global_auc=0.9102 | kd=3.3993, emb=0.0392, tok=3.6890, phys=0.2628, budget_hinge=38698.5670, delta=0.0000, delta_gain=0.0000, delta_cost=0.0000, stage_scale=1.00
Ep 85 [phase_100]: train_total=3.0299, val_total=2.7881, train_teacher_auc=0.9116, val_teacher_auc=0.9069, val_teacher_fpr50=0.025130, best_global_auc=0.9102 | kd=3.3940, emb=0.0381, tok=3.6863, phys=0.2581, budget_hinge=38630.4864, delta=0.0000, delta_gain=0.0000, delta_cost=0.0000, stage_scale=1.00
Ep 90 [phase_100]: train_total=3.0300, val_total=2.8014, train_teacher_auc=0.9121, val_teacher_auc=0.9061, val_teacher_fpr50=0.024959, best_global_auc=0.9103 | kd=3.4042, emb=0.0376, tok=3.6784, phys=0.2596, budget_hinge=38631.1276, delta=0.0000, delta_gain=0.0000, delta_cost=0.0000, stage_scale=1.00
Reloaded best checkpoint for phase_100 (epoch=88, val_auc=0.9103)

======================================================================
STEP 3: CONCAT-TEACHER ON SOFT RECONSTRUCTED VIEW
======================================================================

======================================================================
STEP 4: CORRECTED-ONLY TAGGER (FROZEN STAGE-A RECONSTRUCTOR)
======================================================================
CorrectedOnly-PostStageA ep 5: train_auc=0.9118, val_auc=0.9074, val_fpr50=0.026461, best_auc=0.9080, fpr50@best=0.025811
CorrectedOnly-PostStageA ep 10: train_auc=0.9161, val_auc=0.9041, val_fpr50=0.030436, best_auc=0.9080, fpr50@best=0.025811
CorrectedOnly-PostStageA ep 15: train_auc=0.9181, val_auc=0.9094, val_fpr50=0.025832, best_auc=0.9094, fpr50@best=0.025832
CorrectedOnly-PostStageA ep 20: train_auc=0.9184, val_auc=0.9084, val_fpr50=0.026530, best_auc=0.9094, fpr50@best=0.025832
CorrectedOnly-PostStageA ep 25: train_auc=0.9207, val_auc=0.9020, val_fpr50=0.031445, best_auc=0.9094, fpr50@best=0.025832
CorrectedOnly-PostStageA ep 30: train_auc=0.9240, val_auc=0.9059, val_fpr50=0.028505, best_auc=0.9094, fpr50@best=0.025832
Early stopping CorrectedOnly-PostStageA at epoch 30

======================================================================
FINAL EVALUATION (STOP AFTER CORRECTED-ONLY)
======================================================================
HLT baseline AUC (val/test): 0.9104 / 0.9088
ConcatTeacher AUC (val/test): 0.9393 / 0.9390
RecoTeacherSoft AUC (val/test): 0.9103 / 0.9090
CorrectedOnly AUC (val/test): 0.9094 / 0.9078
FPR@50 HLT / ConcatTeacher / RecoTeacherSoft / CorrectedOnly: 0.027155 / 0.013682 / 0.024462 / 0.027141

Saved concat-teacher Stage-A + corrected-only results to: checkpoints/reco_teacher_joint_fusion_6model_150k75k150k/model6_concat_stagea_corrected_weighted_150k150k300k/model6_concat_stagea_corrected_weighted_150k150k300k_seed0
Done: checkpoints/reco_teacher_joint_fusion_6model_150k75k150k/model6_concat_stagea_corrected_weighted_150k150k300k/model6_concat_stagea_corrected_weighted_150k150k300k_seed0
