/home/ryreu/miniconda3/envs/atlas_kd/lib/python3.10/site-packages/torch/nn/modules/transformer.py:379: UserWarning: enable_nested_tensor is True, but self.use_nested_tensor is False because encoder_layer.norm_first was True
  warnings.warn(
Traceback (most recent call last):
  File "/home/ryreu/atlas/PracticeTagging/offline_reconstructor_joint_dualview_stage2save_auc_norankc_nopriv_unmergeonly_m33_dhard_dsoft_probe.py", line 967, in <module>
    main()
  File "/home/ryreu/atlas/PracticeTagging/offline_reconstructor_joint_dualview_stage2save_auc_norankc_nopriv_unmergeonly_m33_dhard_dsoft_probe.py", line 765, in main
    ph, pl = degrader(cand_cf, cand_mf)
  File "/home/ryreu/miniconda3/envs/atlas_kd/lib/python3.10/site-packages/torch/nn/modules/module.py", line 1736, in _wrapped_call_impl
    return self._call_impl(*args, **kwargs)
  File "/home/ryreu/miniconda3/envs/atlas_kd/lib/python3.10/site-packages/torch/nn/modules/module.py", line 1747, in _call_impl
    return forward_call(*args, **kwargs)
  File "/home/ryreu/atlas/PracticeTagging/offline_reconstructor_joint_dualview_stage2save_auc_norankc_nopriv_unmergeonly_m33_detfeas_dualview.py", line 651, in forward
    h = self.encoder(x, mask_off)
  File "/home/ryreu/miniconda3/envs/atlas_kd/lib/python3.10/site-packages/torch/nn/modules/module.py", line 1736, in _wrapped_call_impl
    return self._call_impl(*args, **kwargs)
  File "/home/ryreu/miniconda3/envs/atlas_kd/lib/python3.10/site-packages/torch/nn/modules/module.py", line 1747, in _call_impl
    return forward_call(*args, **kwargs)
  File "/home/ryreu/atlas/PracticeTagging/offline_reconstructor_joint_dualview_stage2save_auc_norankc_nopriv_unmergeonly_m33_detfeas_dualview.py", line 494, in forward
    h = self.encoder(h, src_key_padding_mask=~mask_safe)
  File "/home/ryreu/miniconda3/envs/atlas_kd/lib/python3.10/site-packages/torch/nn/modules/module.py", line 1736, in _wrapped_call_impl
    return self._call_impl(*args, **kwargs)
  File "/home/ryreu/miniconda3/envs/atlas_kd/lib/python3.10/site-packages/torch/nn/modules/module.py", line 1747, in _call_impl
    return forward_call(*args, **kwargs)
  File "/home/ryreu/miniconda3/envs/atlas_kd/lib/python3.10/site-packages/torch/nn/modules/transformer.py", line 511, in forward
    output = mod(
  File "/home/ryreu/miniconda3/envs/atlas_kd/lib/python3.10/site-packages/torch/nn/modules/module.py", line 1736, in _wrapped_call_impl
    return self._call_impl(*args, **kwargs)
  File "/home/ryreu/miniconda3/envs/atlas_kd/lib/python3.10/site-packages/torch/nn/modules/module.py", line 1747, in _call_impl
    return forward_call(*args, **kwargs)
  File "/home/ryreu/miniconda3/envs/atlas_kd/lib/python3.10/site-packages/torch/nn/modules/transformer.py", line 871, in forward
    return torch._transformer_encoder_layer_fwd(
RuntimeError: CUDA error: an illegal memory access was encountered
CUDA kernel errors might be asynchronously reported at some other API call, so the stacktrace below might be incorrect.
For debugging consider passing CUDA_LAUNCH_BLOCKING=1
Compile with `TORCH_USE_CUDA_DSA` to enable device-side assertions.

