============================================================
Model-12 dual-reco dualview feature-ablation: no_scale
Run: checkpoints/reco_teacher_joint_fusion_6model_150k75k150k/model12_dualreco_dualview_feat_noscale/model12_dualreco_dualview_feat_noscale_150k75k150k_seed0
Reco-A teacher path unchanged; Reco-B uses ablation-aware supervision; Dualview select_metric=auc
============================================================
 python train_m9_dualreco_dualview_offdrop.py --save_dir checkpoints/reco_teacher_joint_fusion_6model_150k75k150k/model12_dualreco_dualview_feat_noscale --run_name model12_dualreco_dualview_feat_noscale_150k75k150k_seed0 --n_train_jets 375000 --n_train_split 150000 --n_val_split 75000 --n_test_split 150000 --offset_jets 0 --max_constits 100 --num_workers 6 --seed 0 --target_mode feature_ablation --target_feature_ablation no_scale --stageA_epochs 90 --stageA_patience 18 --stageA_kd_temp 2.5 --stageA_lambda_kd 1.0 --stageA_lambda_emb 1.2 --stageA_lambda_tok 0.6 --stageA_lambda_phys 0.2 --stageA_lambda_budget_hinge 0.03 --stageA_budget_eps 0.015 --stageA_budget_weight_floor 1e-4 --stageA_target_tpr 0.50 --stageA_lambda_delta 0.00 --stageA_delta_tau 0.05 --stageA_delta_lambda_fp 3.0 --stageA_loss_norm_ema_decay 0.98 --stageA_loss_norm_eps 1e-6 --added_target_scale 0.90 --target_drop_prob_max 0.0 --target_drop_num_banks 1 --target_drop_bank_cycle_epochs 1 --recoB_epochs 90 --recoB_patience 18 --recoB_lr 3e-4 --recoB_weight_decay 1e-4 --recoB_warmup_epochs 5 --recoB_stage1_epochs 20 --recoB_stage2_epochs 55 --recoB_min_full_scale_epochs 5 --recoB_ratio_count_under_lambda 1.0 --recoB_ratio_count_over_lambda 0.15 --recoB_ratio_count_over_margin_base 4.0 --recoB_ratio_count_over_margin_scale 10.0 --recoB_ratio_count_over_ratio_gamma 0.85 --recoB_ratio_count_over_lambda_floor 0.03 --recoB_ratio_count_eps 0.015 --corrected_weight_floor 0.03 --reco_eval_batch_size 256 --select_metric auc --dual_frozen_epochs 45 --dual_frozen_patience 12 --dual_frozen_batch_size 256 --dual_frozen_lr 3e-4 --dual_frozen_weight_decay 1e-4 --dual_frozen_warmup_epochs 5 --dual_frozen_lambda_rank 0.2 --dual_frozen_rank_tau 0.05 --dual_joint_epochs 12 --dual_joint_patience 6 --dual_joint_batch_size 128 --dual_joint_lr_dual 1e-4 --dual_joint_lr_reco_a 2e-6 --dual_joint_lr_reco_b 2e-6 --dual_joint_weight_decay 1e-4 --dual_joint_warmup_epochs 3 --dual_joint_lambda_rank 0.2 --dual_joint_rank_tau 0.05 --dual_joint_lambda_anchor_a 0.02 --dual_joint_lambda_anchor_b 0.02 --report_target_tpr 0.50 --device cuda
Device: cuda
Save dir: checkpoints/reco_teacher_joint_fusion_6model_150k75k150k/model12_dualreco_dualview_feat_noscale/model12_dualreco_dualview_feat_noscale_150k75k150k_seed0
Loading offline constituents...
Generating pseudo-HLT...
Target mode=feature_ablation, mode=no_scale (HLT input remains full).
Non-priv rho split setup: rho=0.900, mean_true_added_raw(target)=25.116, mean_target_merge=22.604, mean_target_eff=2.512
Computing features...
Split sizes: Train=150000, Val=75000, Test=150000 (custom_counts=True)

======================================================================
STEP 1: TEACHER + BASELINE
======================================================================
Baseline ep 5: train_auc=0.9099, val_auc=0.9165, val_fpr50=0.023651, best_auc=0.9165, fpr50@best=0.023651
Baseline ep 10: train_auc=0.9181, val_auc=0.9202, val_fpr50=0.020420, best_auc=0.9202, fpr50@best=0.020420
Baseline ep 15: train_auc=0.9223, val_auc=0.9213, val_fpr50=0.019709, best_auc=0.9213, fpr50@best=0.019709
Baseline ep 20: train_auc=0.9257, val_auc=0.9205, val_fpr50=0.021832, best_auc=0.9232, fpr50@best=0.019650
Baseline ep 25: train_auc=0.9296, val_auc=0.9197, val_fpr50=0.020986, best_auc=0.9232, fpr50@best=0.020139
Baseline ep 30: train_auc=0.9348, val_auc=0.9208, val_fpr50=0.021230, best_auc=0.9232, fpr50@best=0.020139
Baseline ep 35: train_auc=0.9401, val_auc=0.9169, val_fpr50=0.022684, best_auc=0.9232, fpr50@best=0.020139
Early stopping Baseline at epoch 37
StageA delta HLT reference @TPR=0.50: threshold_prob=0.886276, val_tpr=0.500013, val_fpr=0.020140
Teacher ep 5: train_auc=0.7965, val_auc=0.8060, val_fpr50=0.116122, best_auc=0.8060, fpr50@best=0.116122
Teacher ep 10: train_auc=0.8208, val_auc=0.8205, val_fpr50=0.105467, best_auc=0.8205, fpr50@best=0.105467
Teacher ep 15: train_auc=0.8305, val_auc=0.8338, val_fpr50=0.091470, best_auc=0.8338, fpr50@best=0.091470
Teacher ep 20: train_auc=0.8391, val_auc=0.8340, val_fpr50=0.090368, best_auc=0.8340, fpr50@best=0.090368
Teacher ep 25: train_auc=0.8472, val_auc=0.8360, val_fpr50=0.089375, best_auc=0.8360, fpr50@best=0.089375
Teacher ep 30: train_auc=0.8567, val_auc=0.8380, val_fpr50=0.087001, best_auc=0.8401, fpr50@best=0.082758
Teacher ep 35: train_auc=0.8669, val_auc=0.8372, val_fpr50=0.087360, best_auc=0.8408, fpr50@best=0.085492
Teacher ep 40: train_auc=0.8765, val_auc=0.8371, val_fpr50=0.088992, best_auc=0.8408, fpr50@best=0.085492
Teacher ep 45: train_auc=0.8852, val_auc=0.8314, val_fpr50=0.091939, best_auc=0.8408, fpr50@best=0.085492
Early stopping Teacher at epoch 47

======================================================================
STEP 2: TRAIN RECO-A (TEACHER-GUIDED STAGE-A)
======================================================================
----------------------------------------------------------------------
Stage-A curriculum: phase_035 | epochs [1,20] | stage_scale=0.35
----------------------------------------------------------------------
Ep 5 [phase_035]: train_total=3.0335, val_total=4.8603, train_teacher_auc=0.6857, val_teacher_auc=0.6371, val_teacher_fpr50=0.308083, best_global_auc=0.6371 | kd=4.1997, emb=0.0379, tok=3.7928, phys=0.2932, budget_hinge=33500.0691, delta=0.0000, delta_gain=0.0000, delta_cost=0.0000, stage_scale=0.35
Ep 10 [phase_035]: train_total=3.0293, val_total=5.3638, train_teacher_auc=0.6911, val_teacher_auc=0.6085, val_teacher_fpr50=0.340158, best_global_auc=0.6469 | kd=4.2313, emb=0.0386, tok=3.7936, phys=0.2873, budget_hinge=33740.2762, delta=0.0000, delta_gain=0.0000, delta_cost=0.0000, stage_scale=0.35
Ep 15 [phase_035]: train_total=3.0299, val_total=5.2565, train_teacher_auc=0.6940, val_teacher_auc=0.5955, val_teacher_fpr50=0.365018, best_global_auc=0.6469 | kd=4.2297, emb=0.0368, tok=3.7939, phys=0.2883, budget_hinge=33936.6410, delta=0.0000, delta_gain=0.0000, delta_cost=0.0000, stage_scale=0.35
Ep 20 [phase_035]: train_total=3.0296, val_total=5.3896, train_teacher_auc=0.7005, val_teacher_auc=0.5920, val_teacher_fpr50=0.370594, best_global_auc=0.6469 | kd=4.2217, emb=0.0368, tok=3.7891, phys=0.2910, budget_hinge=34041.0155, delta=0.0000, delta_gain=0.0000, delta_cost=0.0000, stage_scale=0.35
Reloaded best checkpoint for phase_035 (epoch=7, val_auc=0.6469)
----------------------------------------------------------------------
Stage-A curriculum: phase_070 | epochs [21,55] | stage_scale=0.70
----------------------------------------------------------------------
Ep 25 [phase_070]: train_total=3.0288, val_total=3.3256, train_teacher_auc=0.6949, val_teacher_auc=0.6932, val_teacher_fpr50=0.253030, best_global_auc=0.7029 | kd=4.0933, emb=0.0161, tok=3.7794, phys=0.2526, budget_hinge=34110.5022, delta=0.0000, delta_gain=0.0000, delta_cost=0.0000, stage_scale=0.70
Ep 30 [phase_070]: train_total=3.0275, val_total=3.3390, train_teacher_auc=0.6959, val_teacher_auc=0.6828, val_teacher_fpr50=0.267583, best_global_auc=0.7033 | kd=4.0906, emb=0.0158, tok=3.7741, phys=0.2461, budget_hinge=33615.7145, delta=0.0000, delta_gain=0.0000, delta_cost=0.0000, stage_scale=0.70
Ep 35 [phase_070]: train_total=3.0287, val_total=3.3522, train_teacher_auc=0.7014, val_teacher_auc=0.7010, val_teacher_fpr50=0.242834, best_global_auc=0.7056 | kd=4.0838, emb=0.0153, tok=3.7727, phys=0.2446, budget_hinge=33796.7503, delta=0.0000, delta_gain=0.0000, delta_cost=0.0000, stage_scale=0.70
Ep 40 [phase_070]: train_total=3.0299, val_total=3.3766, train_teacher_auc=0.6978, val_teacher_auc=0.6995, val_teacher_fpr50=0.240183, best_global_auc=0.7056 | kd=4.1022, emb=0.0162, tok=3.7755, phys=0.2414, budget_hinge=33838.8062, delta=0.0000, delta_gain=0.0000, delta_cost=0.0000, stage_scale=0.70
Ep 45 [phase_070]: train_total=3.0296, val_total=3.3703, train_teacher_auc=0.7039, val_teacher_auc=0.7049, val_teacher_fpr50=0.235861, best_global_auc=0.7056 | kd=4.0835, emb=0.0154, tok=3.7728, phys=0.2398, budget_hinge=33666.0000, delta=0.0000, delta_gain=0.0000, delta_cost=0.0000, stage_scale=0.70
Ep 50 [phase_070]: train_total=3.0299, val_total=3.5534, train_teacher_auc=0.7032, val_teacher_auc=0.6983, val_teacher_fpr50=0.239101, best_global_auc=0.7056 | kd=4.1057, emb=0.0168, tok=3.7758, phys=0.2429, budget_hinge=33895.1115, delta=0.0000, delta_gain=0.0000, delta_cost=0.0000, stage_scale=0.70
Ep 55 [phase_070]: train_total=3.0294, val_total=3.3488, train_teacher_auc=0.7057, val_teacher_auc=0.7079, val_teacher_fpr50=0.230479, best_global_auc=0.7079 | kd=4.0767, emb=0.0145, tok=3.7734, phys=0.2391, budget_hinge=33566.4125, delta=0.0000, delta_gain=0.0000, delta_cost=0.0000, stage_scale=0.70
Reloaded best checkpoint for phase_070 (epoch=55, val_auc=0.7079)
----------------------------------------------------------------------
Stage-A curriculum: phase_100 | epochs [56,90] | stage_scale=1.00
----------------------------------------------------------------------
Ep 60 [phase_100]: train_total=3.0308, val_total=3.0081, train_teacher_auc=0.7084, val_teacher_auc=0.7091, val_teacher_fpr50=0.231811, best_global_auc=0.7156 | kd=4.0514, emb=0.0112, tok=3.7676, phys=0.2301, budget_hinge=33183.2108, delta=0.0000, delta_gain=0.0000, delta_cost=0.0000, stage_scale=1.00
Ep 65 [phase_100]: train_total=3.0306, val_total=3.0003, train_teacher_auc=0.7090, val_teacher_auc=0.7152, val_teacher_fpr50=0.226633, best_global_auc=0.7207 | kd=4.0485, emb=0.0109, tok=3.7693, phys=0.2294, budget_hinge=33175.8329, delta=0.0000, delta_gain=0.0000, delta_cost=0.0000, stage_scale=1.00
Ep 70 [phase_100]: train_total=3.0310, val_total=3.0162, train_teacher_auc=0.7094, val_teacher_auc=0.7185, val_teacher_fpr50=0.224422, best_global_auc=0.7230 | kd=4.0494, emb=0.0109, tok=3.7739, phys=0.2288, budget_hinge=33455.2322, delta=0.0000, delta_gain=0.0000, delta_cost=0.0000, stage_scale=1.00
Ep 75 [phase_100]: train_total=3.0306, val_total=3.0267, train_teacher_auc=0.7114, val_teacher_auc=0.7171, val_teacher_fpr50=0.226110, best_global_auc=0.7230 | kd=4.0488, emb=0.0108, tok=3.7738, phys=0.2291, budget_hinge=33419.4354, delta=0.0000, delta_gain=0.0000, delta_cost=0.0000, stage_scale=1.00
Ep 80 [phase_100]: train_total=3.0289, val_total=3.0683, train_teacher_auc=0.7120, val_teacher_auc=0.7146, val_teacher_fpr50=0.227592, best_global_auc=0.7232 | kd=4.0462, emb=0.0106, tok=3.7723, phys=0.2289, budget_hinge=33272.9138, delta=0.0000, delta_gain=0.0000, delta_cost=0.0000, stage_scale=1.00
Ep 85 [phase_100]: train_total=3.0297, val_total=3.0562, train_teacher_auc=0.7104, val_teacher_auc=0.7147, val_teacher_fpr50=0.226573, best_global_auc=0.7232 | kd=4.0466, emb=0.0105, tok=3.7711, phys=0.2272, budget_hinge=33245.1827, delta=0.0000, delta_gain=0.0000, delta_cost=0.0000, stage_scale=1.00
Ep 90 [phase_100]: train_total=3.0294, val_total=3.0783, train_teacher_auc=0.7117, val_teacher_auc=0.7163, val_teacher_fpr50=0.225964, best_global_auc=0.7232 | kd=4.0453, emb=0.0104, tok=3.7723, phys=0.2273, budget_hinge=33374.7682, delta=0.0000, delta_gain=0.0000, delta_cost=0.0000, stage_scale=1.00
Reloaded best checkpoint for phase_100 (epoch=77, val_auc=0.7232)

======================================================================
STEP 3: TRAIN RECO-B (M2-STYLE MASKED TARGET + RATIO BUDGET)
======================================================================
RecoB ep 5: train_total=4.65485, val_total=9.52920, train_budget_asym=6.90152, val_budget_asym=14.16753, bank=0, best_val=7.67986, stage_best=7.67986
RecoB ep 10: train_total=4.48205, val_total=11.05634, train_budget_asym=6.63959, val_budget_asym=16.52530, bank=0, best_val=7.67986, stage_best=7.67986
RecoB ep 15: train_total=4.38355, val_total=11.58725, train_budget_asym=6.48670, val_budget_asym=17.35337, bank=0, best_val=7.67986, stage_best=7.67986
RecoB ep 20: train_total=4.32774, val_total=10.18668, train_budget_asym=6.40358, val_budget_asym=15.19809, bank=0, best_val=7.67986, stage_best=7.67986
Reloaded best RecoB checkpoint at stage boundary epoch=20 (stage_best_epoch=3, stage_best_val=7.67986)
RecoB ep 25: train_total=4.36166, val_total=4.72404, train_budget_asym=6.41926, val_budget_asym=6.93664, bank=0, best_val=4.72404, stage_best=4.72404
RecoB ep 30: train_total=4.20363, val_total=4.20145, train_budget_asym=6.23252, val_budget_asym=6.20595, bank=0, best_val=4.20145, stage_best=4.20145
RecoB ep 35: train_total=4.10235, val_total=4.90495, train_budget_asym=6.09315, val_budget_asym=7.26674, bank=0, best_val=4.20145, stage_best=4.20145
RecoB ep 40: train_total=4.03837, val_total=4.00965, train_budget_asym=6.01376, val_budget_asym=5.95183, bank=0, best_val=4.00965, stage_best=4.00965
RecoB ep 45: train_total=3.96007, val_total=3.97882, train_budget_asym=5.89949, val_budget_asym=5.91874, bank=0, best_val=3.97882, stage_best=3.97882
RecoB ep 50: train_total=3.90716, val_total=4.22856, train_budget_asym=5.82461, val_budget_asym=6.28289, bank=0, best_val=3.97882, stage_best=3.97882
RecoB ep 55: train_total=3.83681, val_total=4.14462, train_budget_asym=5.72465, val_budget_asym=6.16782, bank=0, best_val=3.96582, stage_best=3.96582
Reloaded best RecoB checkpoint at stage boundary epoch=55 (stage_best_epoch=51, stage_best_val=3.96582)
RecoB ep 60: train_total=3.77951, val_total=3.80009, train_budget_asym=5.63929, val_budget_asym=5.66670, bank=0, best_val=3.80009, stage_best=3.80009
RecoB ep 65: train_total=3.71692, val_total=3.90261, train_budget_asym=5.54805, val_budget_asym=5.82339, bank=0, best_val=3.79874, stage_best=3.79874
RecoB ep 70: train_total=3.67004, val_total=3.81677, train_budget_asym=5.48002, val_budget_asym=5.70610, bank=0, best_val=3.78095, stage_best=3.78095
RecoB ep 75: train_total=3.62355, val_total=3.83912, train_budget_asym=5.40962, val_budget_asym=5.73912, bank=0, best_val=3.78095, stage_best=3.78095
RecoB ep 80: train_total=3.58425, val_total=3.80526, train_budget_asym=5.34943, val_budget_asym=5.68789, bank=0, best_val=3.78095, stage_best=3.78095
RecoB ep 85: train_total=3.56717, val_total=3.82062, train_budget_asym=5.32532, val_budget_asym=5.71353, bank=0, best_val=3.78095, stage_best=3.78095
Early stopping RecoB at epoch 86

======================================================================
STEP 4: DUALVIEW TAGGER (FROZEN RECO-A + RECO-B)
======================================================================
DualFrozen ep 5: train_loss=0.55140 (cls=0.48138, rank=0.35007) | val_auc=0.8636, val_fpr50=0.071320, best_sel=0.863572
DualFrozen ep 10: train_loss=0.52076 (cls=0.45384, rank=0.33460) | val_auc=0.8726, val_fpr50=0.064539, best_sel=0.872635
DualFrozen ep 15: train_loss=0.50409 (cls=0.43859, rank=0.32752) | val_auc=0.8771, val_fpr50=0.057052, best_sel=0.877142
DualFrozen ep 20: train_loss=0.48881 (cls=0.42445, rank=0.32179) | val_auc=0.8827, val_fpr50=0.053305, best_sel=0.882658
DualFrozen ep 25: train_loss=0.46987 (cls=0.40666, rank=0.31602) | val_auc=0.8857, val_fpr50=0.050627, best_sel=0.886143
DualFrozen ep 30: train_loss=0.45066 (cls=0.38804, rank=0.31310) | val_auc=0.8873, val_fpr50=0.046575, best_sel=0.887438
DualFrozen ep 35: train_loss=0.43125 (cls=0.36885, rank=0.31201) | val_auc=0.8863, val_fpr50=0.047244, best_sel=0.887438
DualFrozen ep 40: train_loss=0.41552 (cls=0.35322, rank=0.31148) | val_auc=0.8839, val_fpr50=0.049437, best_sel=0.887438
Early stopping DualFrozen at epoch 41
DualFrozen: val_auc=0.8874, val_fpr50=0.047501 | test_auc=0.8850, test_fpr50=0.050057

======================================================================
STEP 5: DUALVIEW JOINT FINETUNE (UNFREEZE RECO-A + RECO-B)
======================================================================
DualJoint ep 2: train_loss=18.99864 (cls=0.42109, rank=0.32119, anchorA=922.03070, anchorB=3.63528) | val_auc=0.8883, val_fpr50=0.046826, best_sel=0.889520
DualJoint ep 4: train_loss=18.26110 (cls=0.41337, rank=0.31917, anchorA=885.56864, anchorB=3.62621) | val_auc=0.8950, val_fpr50=0.039611, best_sel=0.895004
DualJoint ep 6: train_loss=18.17642 (cls=0.40055, rank=0.31825, anchorA=881.97670, anchorB=3.63471) | val_auc=0.9010, val_fpr50=0.035731, best_sel=0.901016
DualJoint ep 8: train_loss=18.13064 (cls=0.38893, rank=0.31622, anchorA=880.27654, anchorB=3.64653) | val_auc=0.9046, val_fpr50=0.033356, best_sel=0.904576
DualJoint ep 10: train_loss=18.11204 (cls=0.37924, rank=0.31610, anchorA=879.84048, anchorB=3.63840) | val_auc=0.9062, val_fpr50=0.031366, best_sel=0.906195
DualJoint ep 12: train_loss=18.10225 (cls=0.37149, rank=0.31546, anchorA=879.74352, anchorB=3.63990) | val_auc=0.9068, val_fpr50=0.031191, best_sel=0.906842
DualJoint: val_auc=0.9068, val_fpr50=0.031191 | test_auc=0.9050, test_fpr50=0.032736

======================================================================
SUMMARY
======================================================================
HLT AUC (val/test): 0.9232 / 0.9218
Teacher AUC (val/test): 0.8408 / 0.8414
DualFrozen AUC (val/test): 0.8874 / 0.8850
DualJoint AUC (val/test): 0.9068 / 0.9050
FPR@50 HLT / Teacher / DualFrozen / DualJoint (test): 0.021369 / 0.084376 / 0.050057 / 0.032736

Saved dual-reco dualview results to: checkpoints/reco_teacher_joint_fusion_6model_150k75k150k/model12_dualreco_dualview_feat_noscale/model12_dualreco_dualview_feat_noscale_150k75k150k_seed0
Done: checkpoints/reco_teacher_joint_fusion_6model_150k75k150k/model12_dualreco_dualview_feat_noscale/model12_dualreco_dualview_feat_noscale_150k75k150k_seed0
