============================================================
Model-15 MID dual-reco dualview (no residual head)
Run: checkpoints/reco_teacher_joint_fusion_6model_150k75k150k/model15_dualreco_dualview_offdrop_mid/model15_dualreco_dualview_offdrop_mid_150k75k150k_seed0
offdrop_prob_max=0.50 (teacher + recoB target)
teacher_drop_mode=deterministic_bank, banks=3, bank_cycle_epochs=1
recoB ratio-count budget: under=1.0 over=0.25 margin_base=2.0 margin_scale=6.0 gamma=0.70 floor=0.05 eps=0.015
============================================================
 python train_m9_dualreco_dualview_offdrop.py --save_dir checkpoints/reco_teacher_joint_fusion_6model_150k75k150k/model15_dualreco_dualview_offdrop_mid --run_name model15_dualreco_dualview_offdrop_mid_150k75k150k_seed0 --n_train_jets 375000 --n_train_split 150000 --n_val_split 75000 --n_test_split 150000 --offset_jets 0 --max_constits 100 --num_workers 6 --seed 0 --teacher_use_offline_dropout --teacher_drop_prob_max 0.50 --teacher_drop_warmup_epochs 20 --teacher_drop_mode deterministic_bank --teacher_drop_num_banks 3 --teacher_drop_bank_cycle_epochs 1 --teacher_lambda_drop_cls 1.0 --teacher_use_consistency --teacher_consistency_temp 2.0 --teacher_lambda_consistency 0.2 --stageA_epochs 90 --stageA_patience 18 --stageA_kd_temp 2.5 --stageA_lambda_kd 5.0 --stageA_lambda_emb 0.0 --stageA_lambda_tok 0.0 --stageA_lambda_phys 0.05 --stageA_lambda_budget_hinge 1.0 --stageA_budget_eps 0.015 --stageA_budget_weight_floor 1e-4 --stageA_target_tpr 0.50 --stageA_lambda_delta 0.15 --stageA_delta_tau 0.05 --stageA_delta_lambda_fp 3.0 --stageA_loss_norm_ema_decay 0.98 --stageA_loss_norm_eps 1e-6 --added_target_scale 0.90 --target_drop_prob_max 0.50 --target_drop_num_banks 3 --target_drop_bank_cycle_epochs 1 --recoB_epochs 90 --recoB_patience 18 --recoB_lr 3e-4 --recoB_weight_decay 1e-4 --recoB_warmup_epochs 5 --recoB_stage1_epochs 20 --recoB_stage2_epochs 55 --recoB_min_full_scale_epochs 5 --recoB_ratio_count_under_lambda 1.0 --recoB_ratio_count_over_lambda 0.25 --recoB_ratio_count_over_margin_base 2.0 --recoB_ratio_count_over_margin_scale 6.0 --recoB_ratio_count_over_ratio_gamma 0.70 --recoB_ratio_count_over_lambda_floor 0.05 --recoB_ratio_count_eps 0.015 --corrected_weight_floor 0.03 --reco_eval_batch_size 256 --select_metric auc --dual_frozen_epochs 45 --dual_frozen_patience 12 --dual_frozen_batch_size 256 --dual_frozen_lr 3e-4 --dual_frozen_weight_decay 1e-4 --dual_frozen_warmup_epochs 5 --dual_frozen_lambda_rank 0.2 --dual_frozen_rank_tau 0.05 --dual_joint_epochs 12 --dual_joint_patience 6 --dual_joint_batch_size 128 --dual_joint_lr_dual 1e-4 --dual_joint_lr_reco_a 2e-6 --dual_joint_lr_reco_b 2e-6 --dual_joint_weight_decay 1e-4 --dual_joint_warmup_epochs 3 --dual_joint_lambda_rank 0.2 --dual_joint_rank_tau 0.05 --dual_joint_lambda_anchor_a 0.02 --dual_joint_lambda_anchor_b 0.02 --report_target_tpr 0.50 --device cuda
Device: cuda
Save dir: checkpoints/reco_teacher_joint_fusion_6model_150k75k150k/model15_dualreco_dualview_offdrop_mid/model15_dualreco_dualview_offdrop_mid_150k75k150k_seed0
Loading offline constituents...
Generating pseudo-HLT...
Non-priv rho split setup: rho=0.900, mean_true_added_raw=25.116, mean_target_merge=22.604, mean_target_eff=2.512
Computing features...
Split sizes: Train=150000, Val=75000, Test=150000 (custom_counts=True)

======================================================================
STEP 1: TEACHER + BASELINE
======================================================================
Baseline ep 5: train_auc=0.9099, val_auc=0.9165, val_fpr50=0.023651, best_auc=0.9165, fpr50@best=0.023651
Baseline ep 10: train_auc=0.9181, val_auc=0.9202, val_fpr50=0.020420, best_auc=0.9202, fpr50@best=0.020420
Baseline ep 15: train_auc=0.9223, val_auc=0.9213, val_fpr50=0.019709, best_auc=0.9213, fpr50@best=0.019709
Baseline ep 20: train_auc=0.9257, val_auc=0.9205, val_fpr50=0.021832, best_auc=0.9232, fpr50@best=0.019650
Baseline ep 25: train_auc=0.9296, val_auc=0.9197, val_fpr50=0.020986, best_auc=0.9232, fpr50@best=0.020139
Baseline ep 30: train_auc=0.9348, val_auc=0.9208, val_fpr50=0.021230, best_auc=0.9232, fpr50@best=0.020139
Baseline ep 35: train_auc=0.9401, val_auc=0.9169, val_fpr50=0.022684, best_auc=0.9232, fpr50@best=0.020139
Early stopping Baseline at epoch 37
StageA delta HLT reference @TPR=0.50: threshold_prob=0.886276, val_tpr=0.500013, val_fpr=0.020140
Teacher mode: offline-dropout
TeacherDrop ep 5: train_loss=0.60845 (full=0.30230, drop=0.30578, cons=0.00188, p=0.125, bank=1) | val_auc=0.9480, val_fpr50=0.013916, best_auc=0.9480
TeacherDrop ep 10: train_loss=0.56803 (full=0.27964, drop=0.28799, cons=0.00200, p=0.250, bank=0) | val_auc=0.9459, val_fpr50=0.014415, best_auc=0.9513
TeacherDrop ep 15: train_loss=0.54939 (full=0.26887, drop=0.28005, cons=0.00236, p=0.375, bank=2) | val_auc=0.9514, val_fpr50=0.010974, best_auc=0.9544
TeacherDrop ep 20: train_loss=0.53455 (full=0.25851, drop=0.27548, cons=0.00282, p=0.500, bank=1) | val_auc=0.9542, val_fpr50=0.010483, best_auc=0.9544
TeacherDrop ep 25: train_loss=0.51252 (full=0.24743, drop=0.26448, cons=0.00303, p=0.500, bank=0) | val_auc=0.9541, val_fpr50=0.010012, best_auc=0.9546
TeacherDrop ep 30: train_loss=0.48183 (full=0.23172, drop=0.24942, cons=0.00347, p=0.500, bank=2) | val_auc=0.9520, val_fpr50=0.012403, best_auc=0.9546
TeacherDrop ep 35: train_loss=0.44846 (full=0.21437, drop=0.23327, cons=0.00413, p=0.500, bank=1) | val_auc=0.9492, val_fpr50=0.013160, best_auc=0.9546
Early stopping TeacherDrop at epoch 37

======================================================================
STEP 2: TRAIN RECO-A (TEACHER-GUIDED STAGE-A)
======================================================================
----------------------------------------------------------------------
Stage-A curriculum: phase_035 | epochs [1,20] | stage_scale=0.35
----------------------------------------------------------------------
Ep 5 [phase_035]: train_total=6.0665, val_total=7.5155, train_teacher_auc=0.9077, val_teacher_auc=0.7140, val_teacher_fpr50=0.194069, best_global_auc=0.7140 | kd=4.4281, emb=0.1104, tok=3.7662, phys=0.2895, budget_hinge=30248.6128, delta=0.4568, delta_gain=0.2060, delta_cost=0.2209, stage_scale=0.35
Ep 10 [phase_035]: train_total=6.0632, val_total=8.2866, train_teacher_auc=0.9174, val_teacher_auc=0.6238, val_teacher_fpr50=0.285125, best_global_auc=0.7140 | kd=4.8671, emb=0.1283, tok=3.7961, phys=0.2913, budget_hinge=30932.8883, delta=0.5011, delta_gain=0.1978, delta_cost=0.2329, stage_scale=0.35
Ep 15 [phase_035]: train_total=6.0630, val_total=9.0753, train_teacher_auc=0.9211, val_teacher_auc=0.5488, val_teacher_fpr50=0.358933, best_global_auc=0.7140 | kd=5.3866, emb=0.1451, tok=3.7908, phys=0.2868, budget_hinge=30872.3697, delta=0.5608, delta_gain=0.1865, delta_cost=0.2491, stage_scale=0.35
Ep 20 [phase_035]: train_total=6.0621, val_total=8.6865, train_teacher_auc=0.9246, val_teacher_auc=0.6053, val_teacher_fpr50=0.291290, best_global_auc=0.7140 | kd=5.0960, emb=0.1359, tok=3.7599, phys=0.3019, budget_hinge=30291.5376, delta=0.5531, delta_gain=0.2046, delta_cost=0.2525, stage_scale=0.35
Reloaded best checkpoint for phase_035 (epoch=5, val_auc=0.7140)
----------------------------------------------------------------------
Stage-A curriculum: phase_070 | epochs [21,55] | stage_scale=0.70
----------------------------------------------------------------------
Ep 25 [phase_070]: train_total=6.0643, val_total=6.1114, train_teacher_auc=0.9175, val_teacher_auc=0.9111, val_teacher_fpr50=0.034149, best_global_auc=0.9111 | kd=3.4775, emb=0.0597, tok=3.6187, phys=0.2392, budget_hinge=29488.4032, delta=0.1456, delta_gain=0.1986, delta_cost=0.1147, stage_scale=0.70
Ep 30 [phase_070]: train_total=6.0621, val_total=6.1927, train_teacher_auc=0.9216, val_teacher_auc=0.9076, val_teacher_fpr50=0.036219, best_global_auc=0.9111 | kd=3.4953, emb=0.0604, tok=3.6481, phys=0.2390, budget_hinge=29599.3638, delta=0.1833, delta_gain=0.1980, delta_cost=0.1271, stage_scale=0.70
Ep 35 [phase_070]: train_total=6.0625, val_total=6.2433, train_teacher_auc=0.9249, val_teacher_auc=0.9091, val_teacher_fpr50=0.038768, best_global_auc=0.9155 | kd=3.5057, emb=0.0590, tok=3.6412, phys=0.2370, budget_hinge=29493.4560, delta=0.1894, delta_gain=0.2086, delta_cost=0.1326, stage_scale=0.70
Ep 40 [phase_070]: train_total=6.0595, val_total=6.2876, train_teacher_auc=0.9276, val_teacher_auc=0.9066, val_teacher_fpr50=0.037351, best_global_auc=0.9155 | kd=3.5086, emb=0.0614, tok=3.6444, phys=0.2354, budget_hinge=29508.7429, delta=0.1832, delta_gain=0.2021, delta_cost=0.1284, stage_scale=0.70
Ep 45 [phase_070]: train_total=6.0609, val_total=6.2457, train_teacher_auc=0.9305, val_teacher_auc=0.9118, val_teacher_fpr50=0.033350, best_global_auc=0.9155 | kd=3.4866, emb=0.0607, tok=3.6493, phys=0.2377, budget_hinge=29421.8037, delta=0.1689, delta_gain=0.2017, delta_cost=0.1235, stage_scale=0.70
Early stop within phase_070 at epoch 49 (no_improve=18)
Reloaded best checkpoint for phase_070 (epoch=31, val_auc=0.9155)
----------------------------------------------------------------------
Stage-A curriculum: phase_100 | epochs [56,90] | stage_scale=1.00
----------------------------------------------------------------------
Ep 60 [phase_100]: train_total=6.0623, val_total=6.0500, train_teacher_auc=0.9250, val_teacher_auc=0.9207, val_teacher_fpr50=0.021203, best_global_auc=0.9213 | kd=3.4073, emb=0.0561, tok=3.6293, phys=0.2287, budget_hinge=29355.8968, delta=0.0588, delta_gain=0.1731, delta_cost=0.0773, stage_scale=1.00
Ep 65 [phase_100]: train_total=6.0595, val_total=6.0940, train_teacher_auc=0.9281, val_teacher_auc=0.9214, val_teacher_fpr50=0.021343, best_global_auc=0.9220 | kd=3.4052, emb=0.0568, tok=3.6263, phys=0.2273, budget_hinge=29339.4266, delta=0.0591, delta_gain=0.1751, delta_cost=0.0781, stage_scale=1.00
Ep 70 [phase_100]: train_total=6.0593, val_total=6.1093, train_teacher_auc=0.9314, val_teacher_auc=0.9206, val_teacher_fpr50=0.021833, best_global_auc=0.9223 | kd=3.4043, emb=0.0565, tok=3.6177, phys=0.2273, budget_hinge=29317.8016, delta=0.0762, delta_gain=0.1788, delta_cost=0.0850, stage_scale=1.00
Ep 75 [phase_100]: train_total=6.0579, val_total=6.1517, train_teacher_auc=0.9348, val_teacher_auc=0.9193, val_teacher_fpr50=0.023198, best_global_auc=0.9223 | kd=3.4156, emb=0.0586, tok=3.6368, phys=0.2279, budget_hinge=29333.1044, delta=0.0550, delta_gain=0.1737, delta_cost=0.0762, stage_scale=1.00
Ep 80 [phase_100]: train_total=6.0551, val_total=6.2180, train_teacher_auc=0.9394, val_teacher_auc=0.9183, val_teacher_fpr50=0.024463, best_global_auc=0.9223 | kd=3.4137, emb=0.0569, tok=3.6272, phys=0.2274, budget_hinge=29302.5274, delta=0.0784, delta_gain=0.1835, delta_cost=0.0873, stage_scale=1.00
Ep 85 [phase_100]: train_total=6.0541, val_total=6.2401, train_teacher_auc=0.9444, val_teacher_auc=0.9193, val_teacher_fpr50=0.023596, best_global_auc=0.9223 | kd=3.4184, emb=0.0578, tok=3.6241, phys=0.2264, budget_hinge=29313.7392, delta=0.0582, delta_gain=0.1754, delta_cost=0.0779, stage_scale=1.00
Early stop within phase_100 at epoch 85 (no_improve=18)
Reloaded best checkpoint for phase_100 (epoch=67, val_auc=0.9223)

======================================================================
STEP 3: TRAIN RECO-B (M2-STYLE MASKED TARGET + RATIO BUDGET)
======================================================================
RecoB ep 5: train_total=3.88209, val_total=4.18365, train_budget_asym=4.99842, val_budget_asym=5.47542, bank=1, best_val=3.77188
RecoB ep 10: train_total=3.67493, val_total=3.67304, train_budget_asym=4.73360, val_budget_asym=4.74304, bank=0, best_val=3.54437
RecoB ep 15: train_total=3.63604, val_total=3.52383, train_budget_asym=4.67967, val_budget_asym=4.51884, bank=2, best_val=3.52330
RecoB ep 20: train_total=3.56219, val_total=3.52518, train_budget_asym=4.57474, val_budget_asym=4.53453, bank=1, best_val=3.51089
RecoB ep 25: train_total=3.49891, val_total=3.49386, train_budget_asym=4.50034, val_budget_asym=4.50383, bank=0, best_val=3.43881
RecoB ep 30: train_total=3.49508, val_total=3.50147, train_budget_asym=4.49776, val_budget_asym=4.50937, bank=2, best_val=3.43881
RecoB ep 35: train_total=3.45993, val_total=3.42497, train_budget_asym=4.44389, val_budget_asym=4.40123, bank=1, best_val=3.42497
RecoB ep 40: train_total=3.40564, val_total=3.37235, train_budget_asym=4.36617, val_budget_asym=4.32227, bank=0, best_val=3.37235
RecoB ep 45: train_total=3.40712, val_total=3.44766, train_budget_asym=4.36998, val_budget_asym=4.43778, bank=2, best_val=3.36733
RecoB ep 50: train_total=3.36330, val_total=3.34553, train_budget_asym=4.30322, val_budget_asym=4.28730, bank=1, best_val=3.34553
RecoB ep 55: train_total=3.31916, val_total=3.36352, train_budget_asym=4.23853, val_budget_asym=4.31360, bank=0, best_val=3.34159
RecoB ep 60: train_total=3.30473, val_total=3.33285, train_budget_asym=4.22567, val_budget_asym=4.27465, bank=2, best_val=3.31791
RecoB ep 65: train_total=3.27554, val_total=3.35612, train_budget_asym=4.18075, val_budget_asym=4.31245, bank=1, best_val=3.31791
RecoB ep 70: train_total=3.22644, val_total=3.33186, train_budget_asym=4.10650, val_budget_asym=4.27125, bank=0, best_val=3.31782
RecoB ep 75: train_total=3.22625, val_total=3.34865, train_budget_asym=4.10742, val_budget_asym=4.29940, bank=2, best_val=3.31782
RecoB ep 80: train_total=3.20161, val_total=3.35402, train_budget_asym=4.06825, val_budget_asym=4.30852, bank=1, best_val=3.31782
RecoB ep 85: train_total=3.16710, val_total=3.34813, train_budget_asym=4.01584, val_budget_asym=4.29907, bank=0, best_val=3.31782
Early stopping RecoB at epoch 87

======================================================================
STEP 4: DUALVIEW TAGGER (FROZEN RECO-A + RECO-B)
======================================================================
DualFrozen ep 5: train_loss=0.40184 (cls=0.33833, rank=0.31757) | val_auc=0.9229, val_fpr50=0.019953, best_sel=0.923504
DualFrozen ep 10: train_loss=0.39886 (cls=0.33508, rank=0.31893) | val_auc=0.9237, val_fpr50=0.020027, best_sel=0.923940
DualFrozen ep 15: train_loss=0.39635 (cls=0.33271, rank=0.31819) | val_auc=0.9241, val_fpr50=0.019077, best_sel=0.924125
DualFrozen ep 20: train_loss=0.39423 (cls=0.33044, rank=0.31896) | val_auc=0.9238, val_fpr50=0.019545, best_sel=0.924455
DualFrozen ep 25: train_loss=0.39372 (cls=0.32989, rank=0.31916) | val_auc=0.9245, val_fpr50=0.019048, best_sel=0.924778
DualFrozen ep 30: train_loss=0.39172 (cls=0.32777, rank=0.31975) | val_auc=0.9245, val_fpr50=0.019011, best_sel=0.924778
DualFrozen ep 35: train_loss=0.39010 (cls=0.32607, rank=0.32014) | val_auc=0.9244, val_fpr50=0.019003, best_sel=0.924793
DualFrozen ep 40: train_loss=0.38845 (cls=0.32423, rank=0.32108) | val_auc=0.9243, val_fpr50=0.019286, best_sel=0.924793
Early stopping DualFrozen at epoch 43
DualFrozen: val_auc=0.9248, val_fpr50=0.018647 | test_auc=0.9228, test_fpr50=0.020400

======================================================================
STEP 5: DUALVIEW JOINT FINETUNE (UNFREEZE RECO-A + RECO-B)
======================================================================
DualJoint ep 2: train_loss=583.92463 (cls=0.34895, rank=0.31773, anchorA=29172.40249, anchorB=3.20500) | val_auc=0.9179, val_fpr50=0.021256, best_sel=0.923125
DualJoint ep 4: train_loss=582.60121 (cls=0.35672, rank=0.31722, anchorA=29105.84327, anchorB=3.20932) | val_auc=0.9202, val_fpr50=0.020258, best_sel=0.923125
DualJoint ep 6: train_loss=582.40151 (cls=0.35087, rank=0.31673, anchorA=29096.15608, anchorB=3.20911) | val_auc=0.9225, val_fpr50=0.019422, best_sel=0.923125
DualJoint ep 8: train_loss=582.32571 (cls=0.34760, rank=0.31772, anchorA=29092.52844, anchorB=3.20035) | val_auc=0.9235, val_fpr50=0.018794, best_sel=0.923549
DualJoint ep 10: train_loss=582.31684 (cls=0.34596, rank=0.31780, anchorA=29092.16094, anchorB=3.20579) | val_auc=0.9238, val_fpr50=0.019008, best_sel=0.923877
DualJoint ep 12: train_loss=582.25965 (cls=0.34412, rank=0.31830, anchorA=29089.39340, anchorB=3.20093) | val_auc=0.9241, val_fpr50=0.018817, best_sel=0.924103
DualJoint: val_auc=0.9241, val_fpr50=0.018817 | test_auc=0.9226, test_fpr50=0.019896

======================================================================
SUMMARY
======================================================================
HLT AUC (val/test): 0.9232 / 0.9218
Teacher AUC (val/test): 0.9546 / 0.9544
DualFrozen AUC (val/test): 0.9248 / 0.9228
DualJoint AUC (val/test): 0.9241 / 0.9226
FPR@50 HLT / Teacher / DualFrozen / DualJoint (test): 0.021369 / 0.009963 / 0.020400 / 0.019896

Saved dual-reco dualview results to: checkpoints/reco_teacher_joint_fusion_6model_150k75k150k/model15_dualreco_dualview_offdrop_mid/model15_dualreco_dualview_offdrop_mid_150k75k150k_seed0
Done: checkpoints/reco_teacher_joint_fusion_6model_150k75k150k/model15_dualreco_dualview_offdrop_mid/model15_dualreco_dualview_offdrop_mid_150k75k150k_seed0
