============================================================
Model-16 dual-reco dualview top-k60 (no residual head, val-AUC selection)
Run: checkpoints/reco_teacher_joint_fusion_6model_150k75k150k/model16_dualreco_dualview_topk60/model16_dualreco_dualview_topk60_150k75k150k_seed0
target_mode=topk, offline_target_topk_pt=60
recoB ratio-count budget: under=1.0 over=0.20 margin_base=3.0 margin_scale=8.0 gamma=0.80 floor=0.03 eps=0.015
============================================================
 python train_m9_dualreco_dualview_offdrop.py --save_dir checkpoints/reco_teacher_joint_fusion_6model_150k75k150k/model16_dualreco_dualview_topk60 --run_name model16_dualreco_dualview_topk60_150k75k150k_seed0 --n_train_jets 375000 --n_train_split 150000 --n_val_split 75000 --n_test_split 150000 --offset_jets 0 --max_constits 100 --num_workers 6 --seed 0 --target_mode topk --offline_target_topk_pt 60 --stageA_epochs 90 --stageA_patience 18 --stageA_kd_temp 2.5 --stageA_lambda_kd 1.0 --stageA_lambda_emb 1.2 --stageA_lambda_tok 0.6 --stageA_lambda_phys 0.2 --stageA_lambda_budget_hinge 0.03 --stageA_budget_eps 0.015 --stageA_budget_weight_floor 1e-4 --stageA_target_tpr 0.50 --stageA_lambda_delta 0.00 --stageA_delta_tau 0.05 --stageA_delta_lambda_fp 3.0 --stageA_loss_norm_ema_decay 0.98 --stageA_loss_norm_eps 1e-6 --added_target_scale 0.90 --target_drop_prob_max 0.0 --target_drop_num_banks 1 --target_drop_bank_cycle_epochs 1 --recoB_epochs 90 --recoB_patience 18 --recoB_lr 3e-4 --recoB_weight_decay 1e-4 --recoB_warmup_epochs 5 --recoB_stage1_epochs 20 --recoB_stage2_epochs 55 --recoB_min_full_scale_epochs 5 --recoB_ratio_count_under_lambda 1.0 --recoB_ratio_count_over_lambda 0.20 --recoB_ratio_count_over_margin_base 3.0 --recoB_ratio_count_over_margin_scale 8.0 --recoB_ratio_count_over_ratio_gamma 0.80 --recoB_ratio_count_over_lambda_floor 0.03 --recoB_ratio_count_eps 0.015 --corrected_weight_floor 0.03 --reco_eval_batch_size 256 --select_metric auc --dual_frozen_epochs 45 --dual_frozen_patience 12 --dual_frozen_batch_size 256 --dual_frozen_lr 3e-4 --dual_frozen_weight_decay 1e-4 --dual_frozen_warmup_epochs 5 --dual_frozen_lambda_rank 0.2 --dual_frozen_rank_tau 0.05 --dual_joint_epochs 12 --dual_joint_patience 6 --dual_joint_batch_size 128 --dual_joint_lr_dual 1e-4 --dual_joint_lr_reco_a 2e-6 --dual_joint_lr_reco_b 2e-6 --dual_joint_weight_decay 1e-4 --dual_joint_warmup_epochs 3 --dual_joint_lambda_rank 0.2 --dual_joint_rank_tau 0.05 --dual_joint_lambda_anchor_a 0.02 --dual_joint_lambda_anchor_b 0.02 --report_target_tpr 0.50 --device cuda
Device: cuda
Save dir: checkpoints/reco_teacher_joint_fusion_6model_150k75k150k/model16_dualreco_dualview_topk60/model16_dualreco_dualview_topk60_150k75k150k_seed0
Loading offline constituents...
Generating pseudo-HLT...
Target mode=topk, applying offline top-k target mask: k=60 (HLT input max_constits stays 100).
Non-priv rho split setup: rho=0.900, mean_true_added_raw=18.177, mean_target_merge=16.359, mean_target_eff=1.818
Computing features...
Split sizes: Train=150000, Val=75000, Test=150000 (custom_counts=True)

======================================================================
STEP 1: TEACHER + BASELINE
======================================================================
Baseline ep 5: train_auc=0.9103, val_auc=0.9168, val_fpr50=0.023725, best_auc=0.9168, fpr50@best=0.023725
Baseline ep 10: train_auc=0.9185, val_auc=0.9192, val_fpr50=0.020646, best_auc=0.9194, fpr50@best=0.022902
Baseline ep 15: train_auc=0.9226, val_auc=0.9224, val_fpr50=0.019143, best_auc=0.9224, fpr50@best=0.019143
Baseline ep 20: train_auc=0.9260, val_auc=0.9206, val_fpr50=0.021227, best_auc=0.9230, fpr50@best=0.019575
Baseline ep 25: train_auc=0.9299, val_auc=0.9204, val_fpr50=0.019515, best_auc=0.9233, fpr50@best=0.020198
Baseline ep 30: train_auc=0.9351, val_auc=0.9205, val_fpr50=0.021786, best_auc=0.9233, fpr50@best=0.020198
Baseline ep 35: train_auc=0.9404, val_auc=0.9187, val_fpr50=0.022050, best_auc=0.9233, fpr50@best=0.020198
Early stopping Baseline at epoch 37
StageA delta HLT reference @TPR=0.50: threshold_prob=0.875306, val_tpr=0.499853, val_fpr=0.020193
Teacher ep 5: train_auc=0.9434, val_auc=0.9480, val_fpr50=0.013350, best_auc=0.9480, fpr50@best=0.013350
Teacher ep 10: train_auc=0.9511, val_auc=0.9445, val_fpr50=0.015989, best_auc=0.9504, fpr50@best=0.012181
Teacher ep 15: train_auc=0.9552, val_auc=0.9516, val_fpr50=0.011731, best_auc=0.9534, fpr50@best=0.010465
Teacher ep 20: train_auc=0.9585, val_auc=0.9523, val_fpr50=0.010942, best_auc=0.9534, fpr50@best=0.010465
Teacher ep 25: train_auc=0.9618, val_auc=0.9522, val_fpr50=0.010602, best_auc=0.9537, fpr50@best=0.010147
Teacher ep 30: train_auc=0.9662, val_auc=0.9515, val_fpr50=0.012838, best_auc=0.9537, fpr50@best=0.010147
Teacher ep 35: train_auc=0.9706, val_auc=0.9492, val_fpr50=0.013214, best_auc=0.9537, fpr50@best=0.010147
Early stopping Teacher at epoch 37

======================================================================
STEP 2: TRAIN RECO-A (TEACHER-GUIDED STAGE-A)
======================================================================
----------------------------------------------------------------------
Stage-A curriculum: phase_035 | epochs [1,20] | stage_scale=0.35
----------------------------------------------------------------------
Ep 5 [phase_035]: train_total=3.0292, val_total=6.9950, train_teacher_auc=0.9047, val_teacher_auc=0.6565, val_teacher_fpr50=0.274449, best_global_auc=0.6565 | kd=4.6208, emb=0.1138, tok=3.7957, phys=0.2959, budget_hinge=32708.6271, delta=0.0000, delta_gain=0.0000, delta_cost=0.0000, stage_scale=0.35
Ep 10 [phase_035]: train_total=3.0313, val_total=7.6241, train_teacher_auc=0.9132, val_teacher_auc=0.6392, val_teacher_fpr50=0.299664, best_global_auc=0.7019 | kd=4.7050, emb=0.1184, tok=3.7708, phys=0.2942, budget_hinge=32996.9379, delta=0.0000, delta_gain=0.0000, delta_cost=0.0000, stage_scale=0.35
Ep 15 [phase_035]: train_total=3.0310, val_total=7.9425, train_teacher_auc=0.9168, val_teacher_auc=0.6477, val_teacher_fpr50=0.296208, best_global_auc=0.7021 | kd=4.5451, emb=0.1152, tok=3.8090, phys=0.2850, budget_hinge=33137.8501, delta=0.0000, delta_gain=0.0000, delta_cost=0.0000, stage_scale=0.35
Ep 20 [phase_035]: train_total=3.0282, val_total=7.8028, train_teacher_auc=0.9191, val_teacher_auc=0.6938, val_teacher_fpr50=0.224245, best_global_auc=0.7021 | kd=4.3746, emb=0.1035, tok=3.7836, phys=0.2867, budget_hinge=33302.8005, delta=0.0000, delta_gain=0.0000, delta_cost=0.0000, stage_scale=0.35
Reloaded best checkpoint for phase_035 (epoch=13, val_auc=0.7021)
----------------------------------------------------------------------
Stage-A curriculum: phase_070 | epochs [21,55] | stage_scale=0.70
----------------------------------------------------------------------
Ep 25 [phase_070]: train_total=3.0308, val_total=3.5314, train_teacher_auc=0.9180, val_teacher_auc=0.8979, val_teacher_fpr50=0.045066, best_global_auc=0.8979 | kd=3.5082, emb=0.0325, tok=3.6002, phys=0.2546, budget_hinge=31889.1999, delta=0.0000, delta_gain=0.0000, delta_cost=0.0000, stage_scale=0.70
Ep 30 [phase_070]: train_total=3.0301, val_total=3.6555, train_teacher_auc=0.9201, val_teacher_auc=0.8923, val_teacher_fpr50=0.048753, best_global_auc=0.8979 | kd=3.5033, emb=0.0336, tok=3.5714, phys=0.2466, budget_hinge=31975.5742, delta=0.0000, delta_gain=0.0000, delta_cost=0.0000, stage_scale=0.70
Ep 35 [phase_070]: train_total=3.0284, val_total=3.8798, train_teacher_auc=0.9218, val_teacher_auc=0.8934, val_teacher_fpr50=0.050876, best_global_auc=0.9046 | kd=3.5265, emb=0.0353, tok=3.5714, phys=0.2395, budget_hinge=31956.3684, delta=0.0000, delta_gain=0.0000, delta_cost=0.0000, stage_scale=0.70
Ep 40 [phase_070]: train_total=3.0284, val_total=3.7022, train_teacher_auc=0.9226, val_teacher_auc=0.9023, val_teacher_fpr50=0.040864, best_global_auc=0.9046 | kd=3.4604, emb=0.0316, tok=3.5616, phys=0.2404, budget_hinge=32000.1814, delta=0.0000, delta_gain=0.0000, delta_cost=0.0000, stage_scale=0.70
Ep 45 [phase_070]: train_total=3.0289, val_total=3.8378, train_teacher_auc=0.9242, val_teacher_auc=0.8988, val_teacher_fpr50=0.044234, best_global_auc=0.9046 | kd=3.4547, emb=0.0330, tok=3.5903, phys=0.2422, budget_hinge=32067.6936, delta=0.0000, delta_gain=0.0000, delta_cost=0.0000, stage_scale=0.70
Early stop within phase_070 at epoch 49 (no_improve=18)
Reloaded best checkpoint for phase_070 (epoch=31, val_auc=0.9046)
----------------------------------------------------------------------
Stage-A curriculum: phase_100 | epochs [56,90] | stage_scale=1.00
----------------------------------------------------------------------
Ep 60 [phase_100]: train_total=3.0304, val_total=2.9946, train_teacher_auc=0.9219, val_teacher_auc=0.9193, val_teacher_fpr50=0.022273, best_global_auc=0.9197 | kd=3.3523, emb=0.0213, tok=3.5310, phys=0.2350, budget_hinge=31578.6343, delta=0.0000, delta_gain=0.0000, delta_cost=0.0000, stage_scale=1.00
Ep 65 [phase_100]: train_total=3.0283, val_total=3.0757, train_teacher_auc=0.9232, val_teacher_auc=0.9189, val_teacher_fpr50=0.023877, best_global_auc=0.9197 | kd=3.3444, emb=0.0209, tok=3.5229, phys=0.2312, budget_hinge=31580.3074, delta=0.0000, delta_gain=0.0000, delta_cost=0.0000, stage_scale=1.00
Ep 70 [phase_100]: train_total=3.0293, val_total=3.0581, train_teacher_auc=0.9250, val_teacher_auc=0.9196, val_teacher_fpr50=0.022159, best_global_auc=0.9208 | kd=3.3418, emb=0.0210, tok=3.5189, phys=0.2317, budget_hinge=31421.9253, delta=0.0000, delta_gain=0.0000, delta_cost=0.0000, stage_scale=1.00
Ep 75 [phase_100]: train_total=3.0299, val_total=3.1229, train_teacher_auc=0.9266, val_teacher_auc=0.9196, val_teacher_fpr50=0.023801, best_global_auc=0.9211 | kd=3.3460, emb=0.0207, tok=3.5334, phys=0.2294, budget_hinge=31555.5939, delta=0.0000, delta_gain=0.0000, delta_cost=0.0000, stage_scale=1.00
Ep 80 [phase_100]: train_total=3.0289, val_total=3.1291, train_teacher_auc=0.9283, val_teacher_auc=0.9202, val_teacher_fpr50=0.021804, best_global_auc=0.9211 | kd=3.3425, emb=0.0201, tok=3.5133, phys=0.2298, budget_hinge=31459.0240, delta=0.0000, delta_gain=0.0000, delta_cost=0.0000, stage_scale=1.00
Ep 85 [phase_100]: train_total=3.0277, val_total=3.2045, train_teacher_auc=0.9304, val_teacher_auc=0.9197, val_teacher_fpr50=0.024141, best_global_auc=0.9211 | kd=3.3466, emb=0.0204, tok=3.5153, phys=0.2276, budget_hinge=31511.5625, delta=0.0000, delta_gain=0.0000, delta_cost=0.0000, stage_scale=1.00
Ep 90 [phase_100]: train_total=3.0290, val_total=3.2031, train_teacher_auc=0.9323, val_teacher_auc=0.9203, val_teacher_fpr50=0.022611, best_global_auc=0.9211 | kd=3.3433, emb=0.0200, tok=3.5219, phys=0.2282, budget_hinge=31591.6560, delta=0.0000, delta_gain=0.0000, delta_cost=0.0000, stage_scale=1.00
Reloaded best checkpoint for phase_100 (epoch=73, val_auc=0.9211)

======================================================================
STEP 3: TRAIN RECO-B (M2-STYLE MASKED TARGET + RATIO BUDGET)
======================================================================
RecoB ep 5: train_total=3.52049, val_total=3.80963, train_budget_asym=4.06444, val_budget_asym=4.40693, bank=0, best_val=3.46455
RecoB ep 10: train_total=3.22887, val_total=4.01821, train_budget_asym=3.66644, val_budget_asym=4.79328, bank=0, best_val=3.46455
RecoB ep 15: train_total=3.13943, val_total=3.72863, train_budget_asym=3.54569, val_budget_asym=4.34065, bank=0, best_val=3.46455
RecoB ep 20: train_total=3.04966, val_total=3.91126, train_budget_asym=3.42265, val_budget_asym=4.60931, bank=0, best_val=3.46455
RecoB ep 25: train_total=2.97412, val_total=3.50930, train_budget_asym=3.36503, val_budget_asym=4.11290, bank=0, best_val=3.19860
RecoB ep 30: train_total=2.92054, val_total=3.36491, train_budget_asym=3.29121, val_budget_asym=3.91849, bank=0, best_val=3.07889
RecoB ep 35: train_total=2.88756, val_total=3.10865, train_budget_asym=3.25036, val_budget_asym=3.55068, bank=0, best_val=3.07889
RecoB ep 40: train_total=2.85419, val_total=3.13034, train_budget_asym=3.19973, val_budget_asym=3.59127, bank=0, best_val=3.07889
RecoB ep 45: train_total=2.80228, val_total=3.08073, train_budget_asym=3.12927, val_budget_asym=3.53113, bank=0, best_val=3.02969
RecoB ep 50: train_total=2.75885, val_total=2.99106, train_budget_asym=3.06697, val_budget_asym=3.40131, bank=0, best_val=2.99106
RecoB ep 55: train_total=2.69695, val_total=3.08903, train_budget_asym=2.97675, val_budget_asym=3.53190, bank=0, best_val=2.99106
RecoB ep 60: train_total=2.61327, val_total=2.99444, train_budget_asym=2.86225, val_budget_asym=3.43440, bank=0, best_val=2.88704
RecoB ep 65: train_total=2.54023, val_total=2.91047, train_budget_asym=2.75243, val_budget_asym=3.32658, bank=0, best_val=2.86556
RecoB ep 70: train_total=2.48682, val_total=2.92445, train_budget_asym=2.67338, val_budget_asym=3.34453, bank=0, best_val=2.86556
RecoB ep 75: train_total=2.42366, val_total=2.97155, train_budget_asym=2.57762, val_budget_asym=3.42319, bank=0, best_val=2.86556
Early stopping RecoB at epoch 79

======================================================================
STEP 4: DUALVIEW TAGGER (FROZEN RECO-A + RECO-B)
======================================================================
DualFrozen ep 5: train_loss=0.42129 (cls=0.35807, rank=0.31611) | val_auc=0.9176, val_fpr50=0.023566, best_sel=0.917586
DualFrozen ep 10: train_loss=0.40930 (cls=0.34588, rank=0.31713) | val_auc=0.9209, val_fpr50=0.021218, best_sel=0.922347
DualFrozen ep 15: train_loss=0.40549 (cls=0.34176, rank=0.31866) | val_auc=0.9219, val_fpr50=0.019981, best_sel=0.922803
DualFrozen ep 20: train_loss=0.40205 (cls=0.33826, rank=0.31897) | val_auc=0.9216, val_fpr50=0.019778, best_sel=0.922890
DualFrozen ep 25: train_loss=0.39822 (cls=0.33447, rank=0.31876) | val_auc=0.9227, val_fpr50=0.020026, best_sel=0.923257
DualFrozen ep 30: train_loss=0.39366 (cls=0.32965, rank=0.32006) | val_auc=0.9228, val_fpr50=0.019722, best_sel=0.923257
DualFrozen ep 35: train_loss=0.38974 (cls=0.32550, rank=0.32120) | val_auc=0.9219, val_fpr50=0.020386, best_sel=0.923257
Early stopping DualFrozen at epoch 35
DualFrozen: val_auc=0.9233, val_fpr50=0.019692 | test_auc=0.9215, test_fpr50=0.021435

======================================================================
STEP 5: DUALVIEW JOINT FINETUNE (UNFREEZE RECO-A + RECO-B)
======================================================================
DualJoint ep 2: train_loss=18.45608 (cls=0.36429, rank=0.31643, anchorA=898.87405, anchorB=2.55149) | val_auc=0.9137, val_fpr50=0.024689, best_sel=0.921324
DualJoint ep 4: train_loss=18.12540 (cls=0.36902, rank=0.31709, anchorA=882.11538, anchorB=2.53296) | val_auc=0.9186, val_fpr50=0.022687, best_sel=0.921324
DualJoint ep 6: train_loss=18.07914 (cls=0.35799, rank=0.31811, anchorA=880.35063, anchorB=2.52572) | val_auc=0.9205, val_fpr50=0.022386, best_sel=0.921324
DualJoint ep 8: train_loss=18.06351 (cls=0.35420, rank=0.31871, anchorA=879.75741, anchorB=2.52133) | val_auc=0.9222, val_fpr50=0.021450, best_sel=0.922200
DualJoint ep 10: train_loss=18.05343 (cls=0.34957, rank=0.31827, anchorA=879.48377, anchorB=2.52634) | val_auc=0.9227, val_fpr50=0.021060, best_sel=0.922715
DualJoint ep 12: train_loss=18.04853 (cls=0.34904, rank=0.31955, anchorA=879.25846, anchorB=2.52059) | val_auc=0.9228, val_fpr50=0.020873, best_sel=0.922868
DualJoint: val_auc=0.9229, val_fpr50=0.020742 | test_auc=0.9211, test_fpr50=0.021261

======================================================================
SUMMARY
======================================================================
HLT AUC (val/test): 0.9233 / 0.9217
Teacher AUC (val/test): 0.9537 / 0.9534
DualFrozen AUC (val/test): 0.9233 / 0.9215
DualJoint AUC (val/test): 0.9229 / 0.9211
FPR@50 HLT / Teacher / DualFrozen / DualJoint (test): 0.021392 / 0.010474 / 0.021435 / 0.021261

Saved dual-reco dualview results to: checkpoints/reco_teacher_joint_fusion_6model_150k75k150k/model16_dualreco_dualview_topk60/model16_dualreco_dualview_topk60_150k75k150k_seed0
Done: checkpoints/reco_teacher_joint_fusion_6model_150k75k150k/model16_dualreco_dualview_topk60/model16_dualreco_dualview_topk60_150k75k150k_seed0
