============================================================
Model-17 dual-reco dualview anti-overlap (no residual head, val-AUC selection)
Run: checkpoints/reco_teacher_joint_fusion_6model_150k75k150k/model17_dualreco_dualview_antioverlap/model17_dualreco_dualview_antioverlap_150k75k150k_seed0
teacher_mode=anti_overlap, lambda=0.02, tau=0.05, beta=0.10, warmup=12
target_mode=offdrop, target_drop_prob_max=0.0
============================================================
 python train_m9_dualreco_dualview_offdrop.py --save_dir checkpoints/reco_teacher_joint_fusion_6model_150k75k150k/model17_dualreco_dualview_antioverlap --run_name model17_dualreco_dualview_antioverlap_150k75k150k_seed0 --n_train_jets 375000 --n_train_split 150000 --n_val_split 75000 --n_test_split 150000 --offset_jets 0 --max_constits 100 --num_workers 6 --seed 0 --target_mode offdrop --teacher_use_anti_overlap --teacher_anti_lambda 0.02 --teacher_anti_tau 0.05 --teacher_anti_beta 0.10 --teacher_anti_warmup_epochs 12 --stageA_epochs 90 --stageA_patience 18 --stageA_kd_temp 2.5 --stageA_lambda_kd 5.0 --stageA_lambda_emb 0.0 --stageA_lambda_tok 0.0 --stageA_lambda_phys 0.05 --stageA_lambda_budget_hinge 1.0 --stageA_budget_eps 0.015 --stageA_budget_weight_floor 1e-4 --stageA_target_tpr 0.50 --stageA_lambda_delta 0.15 --stageA_delta_tau 0.05 --stageA_delta_lambda_fp 3.0 --stageA_loss_norm_ema_decay 0.98 --stageA_loss_norm_eps 1e-6 --added_target_scale 0.90 --target_drop_prob_max 0.0 --target_drop_num_banks 1 --target_drop_bank_cycle_epochs 1 --recoB_epochs 90 --recoB_patience 18 --recoB_lr 3e-4 --recoB_weight_decay 1e-4 --recoB_warmup_epochs 5 --recoB_stage1_epochs 20 --recoB_stage2_epochs 55 --recoB_min_full_scale_epochs 5 --recoB_ratio_count_under_lambda 1.0 --recoB_ratio_count_over_lambda 0.25 --recoB_ratio_count_over_margin_base 2.0 --recoB_ratio_count_over_margin_scale 6.0 --recoB_ratio_count_over_ratio_gamma 0.70 --recoB_ratio_count_over_lambda_floor 0.05 --recoB_ratio_count_eps 0.015 --disable_recoB_ratio_budget --corrected_weight_floor 0.03 --reco_eval_batch_size 256 --select_metric auc --dual_frozen_epochs 45 --dual_frozen_patience 12 --dual_frozen_batch_size 256 --dual_frozen_lr 3e-4 --dual_frozen_weight_decay 1e-4 --dual_frozen_warmup_epochs 5 --dual_frozen_lambda_rank 0.2 --dual_frozen_rank_tau 0.05 --dual_joint_epochs 12 --dual_joint_patience 6 --dual_joint_batch_size 128 --dual_joint_lr_dual 1e-4 --dual_joint_lr_reco_a 2e-6 --dual_joint_lr_reco_b 2e-6 --dual_joint_weight_decay 1e-4 --dual_joint_warmup_epochs 3 --dual_joint_lambda_rank 0.2 --dual_joint_rank_tau 0.05 --dual_joint_lambda_anchor_a 0.02 --dual_joint_lambda_anchor_b 0.02 --report_target_tpr 0.50 --device cuda
Device: cuda
Save dir: checkpoints/reco_teacher_joint_fusion_6model_150k75k150k/model17_dualreco_dualview_antioverlap/model17_dualreco_dualview_antioverlap_150k75k150k_seed0
Loading offline constituents...
Generating pseudo-HLT...
Non-priv rho split setup: rho=0.900, mean_true_added_raw(target)=25.116, mean_target_merge=22.604, mean_target_eff=2.512
Computing features...
Split sizes: Train=150000, Val=75000, Test=150000 (custom_counts=True)

======================================================================
STEP 1: TEACHER + BASELINE
======================================================================
Baseline ep 5: train_auc=0.9099, val_auc=0.9165, val_fpr50=0.023651, best_auc=0.9165, fpr50@best=0.023651
Baseline ep 10: train_auc=0.9181, val_auc=0.9202, val_fpr50=0.020420, best_auc=0.9202, fpr50@best=0.020420
Baseline ep 15: train_auc=0.9223, val_auc=0.9213, val_fpr50=0.019709, best_auc=0.9213, fpr50@best=0.019709
Baseline ep 20: train_auc=0.9257, val_auc=0.9205, val_fpr50=0.021832, best_auc=0.9232, fpr50@best=0.019650
Baseline ep 25: train_auc=0.9296, val_auc=0.9197, val_fpr50=0.020986, best_auc=0.9232, fpr50@best=0.020139
Baseline ep 30: train_auc=0.9348, val_auc=0.9208, val_fpr50=0.021230, best_auc=0.9232, fpr50@best=0.020139
Baseline ep 35: train_auc=0.9401, val_auc=0.9169, val_fpr50=0.022684, best_auc=0.9232, fpr50@best=0.020139
Early stopping Baseline at epoch 37
StageA delta HLT reference @TPR=0.50: threshold_prob=0.886276, val_tpr=0.500013, val_fpr=0.020140
Teacher mode: anti-overlap (lambda=0.0200, tau=0.0500, beta=0.1000, warmup=12)
TeacherAntiOverlap ep 5: train_loss=0.30324 (bce=0.30324, anti=0.00028, lam=0.00833) | val_auc=0.9480, val_fpr50=0.014146, best_auc=0.9480
TeacherAntiOverlap ep 10: train_loss=0.28302 (bce=0.28302, anti=0.00031, lam=0.01667) | val_auc=0.9446, val_fpr50=0.015882, best_auc=0.9508
TeacherAntiOverlap ep 15: train_loss=0.27151 (bce=0.27150, anti=0.00029, lam=0.02000) | val_auc=0.9535, val_fpr50=0.010170, best_auc=0.9545
TeacherAntiOverlap ep 20: train_loss=0.26194 (bce=0.26194, anti=0.00027, lam=0.02000) | val_auc=0.9529, val_fpr50=0.010348, best_auc=0.9545
TeacherAntiOverlap ep 25: train_loss=0.25229 (bce=0.25228, anti=0.00026, lam=0.02000) | val_auc=0.9534, val_fpr50=0.009703, best_auc=0.9545
Early stopping TeacherAntiOverlap at epoch 29

======================================================================
STEP 2: TRAIN RECO-A (TEACHER-GUIDED STAGE-A)
======================================================================
----------------------------------------------------------------------
Stage-A curriculum: phase_035 | epochs [1,20] | stage_scale=0.35
----------------------------------------------------------------------
Ep 5 [phase_035]: train_total=6.0611, val_total=8.8806, train_teacher_auc=0.9076, val_teacher_auc=0.4766, val_teacher_fpr50=0.540410, best_global_auc=0.6509 | kd=5.2273, emb=0.1434, tok=3.5756, phys=0.2788, budget_hinge=31028.4199, delta=0.5446, delta_gain=0.1467, delta_cost=0.2304, stage_scale=0.35
Ep 10 [phase_035]: train_total=6.0614, val_total=7.9706, train_teacher_auc=0.9171, val_teacher_auc=0.6498, val_teacher_fpr50=0.262919, best_global_auc=0.6509 | kd=4.5709, emb=0.1017, tok=3.6277, phys=0.2613, budget_hinge=32214.8041, delta=0.4787, delta_gain=0.1901, delta_cost=0.2229, stage_scale=0.35
Ep 15 [phase_035]: train_total=6.0598, val_total=8.2672, train_teacher_auc=0.9205, val_teacher_auc=0.6120, val_teacher_fpr50=0.324529, best_global_auc=0.6715 | kd=4.7517, emb=0.1086, tok=3.6538, phys=0.2633, budget_hinge=32303.6339, delta=0.5568, delta_gain=0.1971, delta_cost=0.2513, stage_scale=0.35
Ep 20 [phase_035]: train_total=6.0571, val_total=8.4181, train_teacher_auc=0.9233, val_teacher_auc=0.5915, val_teacher_fpr50=0.339617, best_global_auc=0.6753 | kd=4.8091, emb=0.1105, tok=3.6213, phys=0.2560, budget_hinge=32033.5911, delta=0.5206, delta_gain=0.1895, delta_cost=0.2367, stage_scale=0.35
Reloaded best checkpoint for phase_035 (epoch=17, val_auc=0.6753)
----------------------------------------------------------------------
Stage-A curriculum: phase_070 | epochs [21,55] | stage_scale=0.70
----------------------------------------------------------------------
Ep 25 [phase_070]: train_total=6.0588, val_total=6.2580, train_teacher_auc=0.9238, val_teacher_auc=0.9089, val_teacher_fpr50=0.032047, best_global_auc=0.9125 | kd=3.4562, emb=0.0461, tok=3.5127, phys=0.2359, budget_hinge=30103.2218, delta=0.1423, delta_gain=0.1971, delta_cost=0.1131, stage_scale=0.70
Ep 30 [phase_070]: train_total=6.0573, val_total=6.2341, train_teacher_auc=0.9263, val_teacher_auc=0.9112, val_teacher_fpr50=0.031293, best_global_auc=0.9133 | kd=3.4313, emb=0.0459, tok=3.5153, phys=0.2335, budget_hinge=30055.5196, delta=0.1179, delta_gain=0.1924, delta_cost=0.1034, stage_scale=0.70
Ep 35 [phase_070]: train_total=6.0561, val_total=6.3317, train_teacher_auc=0.9295, val_teacher_auc=0.9060, val_teacher_fpr50=0.038549, best_global_auc=0.9133 | kd=3.4851, emb=0.0459, tok=3.5182, phys=0.2325, budget_hinge=29961.4255, delta=0.1689, delta_gain=0.2031, delta_cost=0.1240, stage_scale=0.70
Ep 40 [phase_070]: train_total=6.0542, val_total=6.3370, train_teacher_auc=0.9330, val_teacher_auc=0.9108, val_teacher_fpr50=0.033444, best_global_auc=0.9133 | kd=3.4466, emb=0.0455, tok=3.5219, phys=0.2323, budget_hinge=29897.3885, delta=0.1298, delta_gain=0.1967, delta_cost=0.1088, stage_scale=0.70
Ep 45 [phase_070]: train_total=6.0536, val_total=6.3256, train_teacher_auc=0.9369, val_teacher_auc=0.9067, val_teacher_fpr50=0.035043, best_global_auc=0.9133 | kd=3.4551, emb=0.0467, tok=3.5233, phys=0.2329, budget_hinge=29910.0355, delta=0.1381, delta_gain=0.1949, delta_cost=0.1110, stage_scale=0.70
Early stop within phase_070 at epoch 47 (no_improve=18)
Reloaded best checkpoint for phase_070 (epoch=29, val_auc=0.9133)
----------------------------------------------------------------------
Stage-A curriculum: phase_100 | epochs [56,90] | stage_scale=1.00
----------------------------------------------------------------------
Ep 60 [phase_100]: train_total=6.0557, val_total=6.1709, train_teacher_auc=0.9287, val_teacher_auc=0.9197, val_teacher_fpr50=0.022960, best_global_auc=0.9216 | kd=3.3651, emb=0.0424, tok=3.4921, phys=0.2302, budget_hinge=29694.4573, delta=0.0648, delta_gain=0.1821, delta_cost=0.0823, stage_scale=1.00
Ep 65 [phase_100]: train_total=6.0552, val_total=6.1393, train_teacher_auc=0.9319, val_teacher_auc=0.9206, val_teacher_fpr50=0.022240, best_global_auc=0.9216 | kd=3.3547, emb=0.0423, tok=3.4900, phys=0.2269, budget_hinge=29514.7003, delta=0.0346, delta_gain=0.1684, delta_cost=0.0677, stage_scale=1.00
Ep 70 [phase_100]: train_total=6.0549, val_total=6.1519, train_teacher_auc=0.9358, val_teacher_auc=0.9192, val_teacher_fpr50=0.023581, best_global_auc=0.9216 | kd=3.3617, emb=0.0422, tok=3.4941, phys=0.2271, budget_hinge=29487.4897, delta=0.0428, delta_gain=0.1709, delta_cost=0.0712, stage_scale=1.00
Ep 75 [phase_100]: train_total=6.0522, val_total=6.2055, train_teacher_auc=0.9404, val_teacher_auc=0.9190, val_teacher_fpr50=0.022421, best_global_auc=0.9216 | kd=3.3660, emb=0.0418, tok=3.4869, phys=0.2276, budget_hinge=29489.5401, delta=0.0357, delta_gain=0.1650, delta_cost=0.0669, stage_scale=1.00
Early stop within phase_100 at epoch 76 (no_improve=18)
Reloaded best checkpoint for phase_100 (epoch=58, val_auc=0.9216)

======================================================================
STEP 3: TRAIN RECO-B (M2-STYLE MASKED TARGET + RATIO BUDGET)
======================================================================
RecoB ep 5: train_total=25.87883, val_total=29.40082, train_budget_asym=0.00000, val_budget_asym=0.00000, bank=0, best_val=28.53550, stage_best=28.53550
RecoB ep 10: train_total=24.59717, val_total=28.90621, train_budget_asym=0.00000, val_budget_asym=0.00000, bank=0, best_val=27.41276, stage_best=27.41276
RecoB ep 15: train_total=24.07400, val_total=27.88838, train_budget_asym=0.00000, val_budget_asym=0.00000, bank=0, best_val=27.07632, stage_best=27.07632
RecoB ep 20: train_total=23.76834, val_total=27.27320, train_budget_asym=0.00000, val_budget_asym=0.00000, bank=0, best_val=27.07632, stage_best=27.07632
Reloaded best RecoB checkpoint at stage boundary epoch=20 (stage_best_epoch=11, stage_best_val=27.07632)
RecoB ep 25: train_total=22.67803, val_total=24.33707, train_budget_asym=0.00000, val_budget_asym=0.00000, bank=0, best_val=23.16966, stage_best=23.16966
RecoB ep 30: train_total=22.42333, val_total=26.05524, train_budget_asym=0.00000, val_budget_asym=0.00000, bank=0, best_val=23.16966, stage_best=23.16966
RecoB ep 35: train_total=22.15700, val_total=22.93786, train_budget_asym=0.00000, val_budget_asym=0.00000, bank=0, best_val=22.60842, stage_best=22.60842
RecoB ep 40: train_total=21.93248, val_total=23.96153, train_budget_asym=0.00000, val_budget_asym=0.00000, bank=0, best_val=22.60842, stage_best=22.60842
RecoB ep 45: train_total=21.74644, val_total=23.73025, train_budget_asym=0.00000, val_budget_asym=0.00000, bank=0, best_val=22.60842, stage_best=22.60842
RecoB ep 50: train_total=21.58226, val_total=22.87738, train_budget_asym=0.00000, val_budget_asym=0.00000, bank=0, best_val=22.60842, stage_best=22.60842
RecoB ep 55: train_total=21.37830, val_total=22.71858, train_budget_asym=0.00000, val_budget_asym=0.00000, bank=0, best_val=22.60842, stage_best=22.60842
Reloaded best RecoB checkpoint at stage boundary epoch=55 (stage_best_epoch=31, stage_best_val=22.60842)
RecoB ep 60: train_total=21.48606, val_total=23.57359, train_budget_asym=0.00000, val_budget_asym=0.00000, bank=0, best_val=22.48225, stage_best=22.48225
RecoB ep 65: train_total=21.31153, val_total=23.08980, train_budget_asym=0.00000, val_budget_asym=0.00000, bank=0, best_val=22.19274, stage_best=22.19274
RecoB ep 70: train_total=21.15198, val_total=22.36563, train_budget_asym=0.00000, val_budget_asym=0.00000, bank=0, best_val=21.84391, stage_best=21.84391
RecoB ep 75: train_total=21.00121, val_total=22.55772, train_budget_asym=0.00000, val_budget_asym=0.00000, bank=0, best_val=21.84391, stage_best=21.84391
RecoB ep 80: train_total=20.86108, val_total=22.64823, train_budget_asym=0.00000, val_budget_asym=0.00000, bank=0, best_val=21.84391, stage_best=21.84391
Early stopping RecoB at epoch 84

======================================================================
STEP 4: DUALVIEW TAGGER (FROZEN RECO-A + RECO-B)
======================================================================
DualFrozen ep 5: train_loss=0.41110 (cls=0.34810, rank=0.31502) | val_auc=0.9207, val_fpr50=0.020433, best_sel=0.920677
DualFrozen ep 10: train_loss=0.40358 (cls=0.34026, rank=0.31660) | val_auc=0.9219, val_fpr50=0.020223, best_sel=0.921872
DualFrozen ep 15: train_loss=0.40093 (cls=0.33731, rank=0.31806) | val_auc=0.9226, val_fpr50=0.020249, best_sel=0.922910
DualFrozen ep 20: train_loss=0.39858 (cls=0.33476, rank=0.31908) | val_auc=0.9233, val_fpr50=0.019811, best_sel=0.923308
DualFrozen ep 25: train_loss=0.39517 (cls=0.33135, rank=0.31910) | val_auc=0.9230, val_fpr50=0.019766, best_sel=0.923431
DualFrozen ep 30: train_loss=0.39215 (cls=0.32803, rank=0.32060) | val_auc=0.9228, val_fpr50=0.020072, best_sel=0.923431
DualFrozen ep 35: train_loss=0.38918 (cls=0.32486, rank=0.32160) | val_auc=0.9227, val_fpr50=0.020380, best_sel=0.923431
Early stopping DualFrozen at epoch 36
DualFrozen: val_auc=0.9234, val_fpr50=0.019262 | test_auc=0.9211, test_fpr50=0.021612

======================================================================
STEP 5: DUALVIEW JOINT FINETUNE (UNFREEZE RECO-A + RECO-B)
======================================================================
DualJoint ep 2: train_loss=589.18851 (cls=0.34482, rank=0.31925, anchorA=29417.93881, anchorB=21.05381) | val_auc=0.9216, val_fpr50=0.020843, best_sel=0.923335
DualJoint ep 4: train_loss=592.20726 (cls=0.36053, rank=0.31738, anchorA=29568.11376, anchorB=21.04928) | val_auc=0.9170, val_fpr50=0.023598, best_sel=0.923335
DualJoint ep 6: train_loss=595.61183 (cls=0.39601, rank=0.31648, anchorA=29736.58122, anchorB=21.04576) | val_auc=0.9025, val_fpr50=0.034077, best_sel=0.923335
Early stopping DualJoint at epoch 7
DualJoint: val_auc=0.9233, val_fpr50=0.019904 | test_auc=0.9210, test_fpr50=0.021419

======================================================================
SUMMARY
======================================================================
HLT AUC (val/test): 0.9232 / 0.9218
Teacher AUC (val/test): 0.9545 / 0.9540
DualFrozen AUC (val/test): 0.9234 / 0.9211
DualJoint AUC (val/test): 0.9233 / 0.9210
FPR@50 HLT / Teacher / DualFrozen / DualJoint (test): 0.021369 / 0.010114 / 0.021612 / 0.021419

Saved dual-reco dualview results to: checkpoints/reco_teacher_joint_fusion_6model_150k75k150k/model17_dualreco_dualview_antioverlap/model17_dualreco_dualview_antioverlap_150k75k150k_seed0
Done: checkpoints/reco_teacher_joint_fusion_6model_150k75k150k/model17_dualreco_dualview_antioverlap/model17_dualreco_dualview_antioverlap_150k75k150k_seed0
