============================================================
Model-18 dual-reco dualview concat target (m6-style Reco-A, no residual head)
Run: checkpoints/reco_teacher_joint_fusion_6model_150k75k150k/model18_dualreco_dualview_concat/model18_dualreco_dualview_concat_150k75k150k_seed0
target_mode=concat, max_concat_constits=200
recoB concat weights: offline=3.0, hlt=0.25, added_min_frac=0.75, added_min_lambda=0.20
recoB ratio-count budget: under=1.00 over=1.10 margin_base=0.75 margin_scale=1.50 gamma=0.25 floor=0.50 eps=0.010
============================================================
 python train_m9_dualreco_dualview_offdrop.py --save_dir checkpoints/reco_teacher_joint_fusion_6model_150k75k150k/model18_dualreco_dualview_concat --run_name model18_dualreco_dualview_concat_150k75k150k_seed0 --n_train_jets 375000 --n_train_split 150000 --n_val_split 75000 --n_test_split 150000 --offset_jets 0 --max_constits 100 --max_concat_constits 200 --num_workers 6 --seed 0 --target_mode concat --stageA_epochs 90 --stageA_patience 18 --stageA_kd_temp 2.5 --stageA_lambda_kd 1.0 --stageA_lambda_emb 1.2 --stageA_lambda_tok 0.6 --stageA_lambda_phys 0.2 --stageA_lambda_budget_hinge 0.03 --stageA_budget_eps 0.015 --stageA_budget_weight_floor 1e-4 --stageA_target_tpr 0.50 --stageA_lambda_delta 0.00 --stageA_delta_tau 0.05 --stageA_delta_lambda_fp 3.0 --stageA_loss_norm_ema_decay 0.98 --stageA_loss_norm_eps 1e-6 --added_target_scale 0.90 --target_drop_prob_max 0.0 --target_drop_num_banks 1 --target_drop_bank_cycle_epochs 1 --recoB_epochs 90 --recoB_patience 18 --recoB_lr 3e-4 --recoB_weight_decay 1e-4 --recoB_warmup_epochs 5 --recoB_stage1_epochs 20 --recoB_stage2_epochs 55 --recoB_min_full_scale_epochs 5 --recoB_ratio_count_under_lambda 1.00 --recoB_ratio_count_over_lambda 1.10 --recoB_ratio_count_over_margin_base 0.75 --recoB_ratio_count_over_margin_scale 1.50 --recoB_ratio_count_over_ratio_gamma 0.25 --recoB_ratio_count_over_lambda_floor 0.50 --recoB_ratio_count_eps 0.010 --recoB_concat_offline_token_weight 3.0 --recoB_concat_hlt_token_weight 0.25 --recoB_concat_added_min_frac 0.75 --recoB_concat_added_min_hinge_lambda 0.20 --corrected_weight_floor 0.03 --reco_eval_batch_size 256 --select_metric auc --dual_frozen_epochs 45 --dual_frozen_patience 12 --dual_frozen_batch_size 256 --dual_frozen_lr 3e-4 --dual_frozen_weight_decay 1e-4 --dual_frozen_warmup_epochs 5 --dual_frozen_lambda_rank 0.2 --dual_frozen_rank_tau 0.05 --dual_joint_epochs 12 --dual_joint_patience 6 --dual_joint_batch_size 128 --dual_joint_lr_dual 1e-4 --dual_joint_lr_reco_a 2e-6 --dual_joint_lr_reco_b 2e-6 --dual_joint_weight_decay 1e-4 --dual_joint_warmup_epochs 3 --dual_joint_lambda_rank 0.2 --dual_joint_rank_tau 0.05 --dual_joint_lambda_anchor_a 0.02 --dual_joint_lambda_anchor_b 0.02 --report_target_tpr 0.50 --device cuda
Device: cuda
Save dir: checkpoints/reco_teacher_joint_fusion_6model_150k75k150k/model18_dualreco_dualview_concat/model18_dualreco_dualview_concat_150k75k150k_seed0
Loading offline constituents...
Generating pseudo-HLT...
Target mode=concat, teacher/recoB target uses offline||HLT with max_concat_constits=200; Reco-A physical target remains full offline.
Non-priv rho split setup: rho=0.900, mean_true_added_raw(target)=54.297, mean_target_merge=48.867, mean_target_eff=5.430
Computing features...
Split sizes: Train=150000, Val=75000, Test=150000 (custom_counts=True)

======================================================================
STEP 1: TEACHER + BASELINE
======================================================================
Baseline ep 5: train_auc=0.9096, val_auc=0.9154, val_fpr50=0.024693, best_auc=0.9154, fpr50@best=0.024693
Baseline ep 10: train_auc=0.9179, val_auc=0.9206, val_fpr50=0.020265, best_auc=0.9206, fpr50@best=0.020265
Baseline ep 15: train_auc=0.9223, val_auc=0.9219, val_fpr50=0.020419, best_auc=0.9219, fpr50@best=0.020419
Baseline ep 20: train_auc=0.9261, val_auc=0.9211, val_fpr50=0.021765, best_auc=0.9230, fpr50@best=0.019630
Baseline ep 25: train_auc=0.9299, val_auc=0.9203, val_fpr50=0.020710, best_auc=0.9235, fpr50@best=0.020291
Baseline ep 30: train_auc=0.9351, val_auc=0.9206, val_fpr50=0.022513, best_auc=0.9235, fpr50@best=0.020291
Baseline ep 35: train_auc=0.9403, val_auc=0.9176, val_fpr50=0.022967, best_auc=0.9235, fpr50@best=0.020291
Early stopping Baseline at epoch 37
StageA delta HLT reference @TPR=0.50: threshold_prob=0.874525, val_tpr=0.500093, val_fpr=0.020300
Teacher ep 5: train_auc=0.9408, val_auc=0.9460, val_fpr50=0.014282, best_auc=0.9460, fpr50@best=0.014282
Teacher ep 10: train_auc=0.9486, val_auc=0.9288, val_fpr50=0.023469, best_auc=0.9485, fpr50@best=0.011976
Teacher ep 15: train_auc=0.9526, val_auc=0.9506, val_fpr50=0.011455, best_auc=0.9506, fpr50@best=0.011455
Teacher ep 20: train_auc=0.9562, val_auc=0.9510, val_fpr50=0.011928, best_auc=0.9510, fpr50@best=0.011928
Teacher ep 25: train_auc=0.9594, val_auc=0.9509, val_fpr50=0.010712, best_auc=0.9510, fpr50@best=0.011221
Teacher ep 30: train_auc=0.9643, val_auc=0.9465, val_fpr50=0.015067, best_auc=0.9512, fpr50@best=0.010939
Teacher ep 35: train_auc=0.9694, val_auc=0.9437, val_fpr50=0.014969, best_auc=0.9512, fpr50@best=0.010939
Teacher ep 40: train_auc=0.9748, val_auc=0.9399, val_fpr50=0.016606, best_auc=0.9512, fpr50@best=0.010939
Early stopping Teacher at epoch 41

======================================================================
STEP 2: TRAIN RECO-A (TEACHER-GUIDED STAGE-A)
======================================================================
----------------------------------------------------------------------
Stage-A curriculum: phase_035 | epochs [1,20] | stage_scale=0.35
----------------------------------------------------------------------
Ep 5 [phase_035]: train_total=3.0265, val_total=7.1577, train_teacher_auc=0.8470, val_teacher_auc=0.7437, val_teacher_fpr50=0.161567, best_global_auc=0.7716 | kd=4.3842, emb=0.1232, tok=3.7242, phys=0.3244, budget_hinge=37111.4233, delta=0.0000, delta_gain=0.0000, delta_cost=0.0000, stage_scale=0.35
Ep 10 [phase_035]: train_total=3.0258, val_total=7.9985, train_teacher_auc=0.8601, val_teacher_auc=0.7312, val_teacher_fpr50=0.203273, best_global_auc=0.7795 | kd=4.3977, emb=0.1216, tok=3.7745, phys=0.2852, budget_hinge=36693.4169, delta=0.0000, delta_gain=0.0000, delta_cost=0.0000, stage_scale=0.35
Ep 15 [phase_035]: train_total=3.0292, val_total=11.2390, train_teacher_auc=0.8648, val_teacher_auc=0.6610, val_teacher_fpr50=0.273004, best_global_auc=0.7795 | kd=6.2415, emb=0.1682, tok=3.8666, phys=0.2822, budget_hinge=37479.3685, delta=0.0000, delta_gain=0.0000, delta_cost=0.0000, stage_scale=0.35
Ep 20 [phase_035]: train_total=3.0296, val_total=12.5254, train_teacher_auc=0.8683, val_teacher_auc=0.6970, val_teacher_fpr50=0.241271, best_global_auc=0.7795 | kd=6.4496, emb=0.1852, tok=3.8434, phys=0.2768, budget_hinge=38447.8224, delta=0.0000, delta_gain=0.0000, delta_cost=0.0000, stage_scale=0.35
Reloaded best checkpoint for phase_035 (epoch=6, val_auc=0.7795)
----------------------------------------------------------------------
Stage-A curriculum: phase_070 | epochs [21,55] | stage_scale=0.70
----------------------------------------------------------------------
Ep 25 [phase_070]: train_total=3.0293, val_total=3.4446, train_teacher_auc=0.8618, val_teacher_auc=0.8754, val_teacher_fpr50=0.068681, best_global_auc=0.8754 | kd=3.5399, emb=0.0334, tok=3.5352, phys=0.2582, budget_hinge=35522.3469, delta=0.0000, delta_gain=0.0000, delta_cost=0.0000, stage_scale=0.70
Ep 30 [phase_070]: train_total=3.0298, val_total=3.3279, train_teacher_auc=0.8659, val_teacher_auc=0.8692, val_teacher_fpr50=0.075692, best_global_auc=0.8754 | kd=3.5322, emb=0.0293, tok=3.5481, phys=0.2569, budget_hinge=35987.2562, delta=0.0000, delta_gain=0.0000, delta_cost=0.0000, stage_scale=0.70
Ep 35 [phase_070]: train_total=3.0282, val_total=3.5624, train_teacher_auc=0.8683, val_teacher_auc=0.8590, val_teacher_fpr50=0.074453, best_global_auc=0.8754 | kd=3.6313, emb=0.0315, tok=3.5386, phys=0.2550, budget_hinge=36323.5185, delta=0.0000, delta_gain=0.0000, delta_cost=0.0000, stage_scale=0.70
Ep 40 [phase_070]: train_total=3.0296, val_total=3.7503, train_teacher_auc=0.8712, val_teacher_auc=0.8578, val_teacher_fpr50=0.079070, best_global_auc=0.8754 | kd=3.6665, emb=0.0337, tok=3.5161, phys=0.2525, budget_hinge=36209.9334, delta=0.0000, delta_gain=0.0000, delta_cost=0.0000, stage_scale=0.70
Early stop within phase_070 at epoch 43 (no_improve=18)
Reloaded best checkpoint for phase_070 (epoch=25, val_auc=0.8754)
----------------------------------------------------------------------
Stage-A curriculum: phase_100 | epochs [56,90] | stage_scale=1.00
----------------------------------------------------------------------
Ep 60 [phase_100]: train_total=3.0302, val_total=2.9833, train_teacher_auc=0.8646, val_teacher_auc=0.8761, val_teacher_fpr50=0.069804, best_global_auc=0.8761 | kd=3.4743, emb=0.0235, tok=3.4860, phys=0.2501, budget_hinge=35155.9761, delta=0.0000, delta_gain=0.0000, delta_cost=0.0000, stage_scale=1.00
Ep 65 [phase_100]: train_total=3.0302, val_total=3.0116, train_teacher_auc=0.8691, val_teacher_auc=0.8799, val_teacher_fpr50=0.065684, best_global_auc=0.8799 | kd=3.4789, emb=0.0228, tok=3.4519, phys=0.2472, budget_hinge=35129.6643, delta=0.0000, delta_gain=0.0000, delta_cost=0.0000, stage_scale=1.00
Ep 70 [phase_100]: train_total=3.0292, val_total=3.0058, train_teacher_auc=0.8707, val_teacher_auc=0.8786, val_teacher_fpr50=0.067554, best_global_auc=0.8799 | kd=3.4536, emb=0.0216, tok=3.4628, phys=0.2454, budget_hinge=34721.3203, delta=0.0000, delta_gain=0.0000, delta_cost=0.0000, stage_scale=1.00
Ep 75 [phase_100]: train_total=3.0289, val_total=3.0069, train_teacher_auc=0.8720, val_teacher_auc=0.8721, val_teacher_fpr50=0.073492, best_global_auc=0.8799 | kd=3.4682, emb=0.0206, tok=3.4631, phys=0.2435, budget_hinge=35133.9980, delta=0.0000, delta_gain=0.0000, delta_cost=0.0000, stage_scale=1.00
Ep 80 [phase_100]: train_total=3.0288, val_total=3.0339, train_teacher_auc=0.8727, val_teacher_auc=0.8803, val_teacher_fpr50=0.064839, best_global_auc=0.8803 | kd=3.4446, emb=0.0203, tok=3.4602, phys=0.2455, budget_hinge=35973.8362, delta=0.0000, delta_gain=0.0000, delta_cost=0.0000, stage_scale=1.00
Ep 85 [phase_100]: train_total=3.0289, val_total=3.0367, train_teacher_auc=0.8744, val_teacher_auc=0.8810, val_teacher_fpr50=0.063416, best_global_auc=0.8810 | kd=3.4493, emb=0.0198, tok=3.4621, phys=0.2420, budget_hinge=35665.4638, delta=0.0000, delta_gain=0.0000, delta_cost=0.0000, stage_scale=1.00
Ep 90 [phase_100]: train_total=3.0294, val_total=3.0376, train_teacher_auc=0.8749, val_teacher_auc=0.8776, val_teacher_fpr50=0.065852, best_global_auc=0.8810 | kd=3.4517, emb=0.0195, tok=3.4646, phys=0.2443, budget_hinge=35891.6458, delta=0.0000, delta_gain=0.0000, delta_cost=0.0000, stage_scale=1.00
Reloaded best checkpoint for phase_100 (epoch=85, val_auc=0.8810)

======================================================================
STEP 3: TRAIN RECO-B (M2-STYLE MASKED TARGET + RATIO BUDGET)
======================================================================
