============================================================
Model-2 Joint (Chamfer + pT-ratio + sparse + local + radial-profile; no mass-ratio)
Run: checkpoints/reco_teacher_joint_fusion_6model_150k75k150k/model2_joint_chamfer_ptratio_sparse_local_radial_budget065/model2_joint_chamfer_ptratio_sparse_local_radial_budget065_budget065_150k75k150k_seed0
Split: train=150000, val=75000, test=150000
============================================================
 python offline_reconstructor_joint_dualview_stage2save_auc_norankc_nopriv_unmergeonly.py --save_dir checkpoints/reco_teacher_joint_fusion_6model_150k75k150k/model2_joint_chamfer_ptratio_sparse_local_radial_budget065 --run_name model2_joint_chamfer_ptratio_sparse_local_radial_budget065_budget065_150k75k150k_seed0 --n_train_jets 375000 --n_train_split 150000 --n_val_split 75000 --n_test_split 150000 --offset_jets 0 --max_constits 100 --num_workers 6 --seed 0 --selection_metric auc --stageB_lambda_rank 0.0 --stageB_lambda_cons 0.0 --stageC_lr_dual 1e-5 --stageC_lr_reco 5e-6 --lambda_reco 0.4 --lambda_cons 0.0 --stageC_lambda_delta 0.05 --stageC_delta_tau 0.05 --stageC_delta_lambda_fp 3.0 --stageC_delta_warmup_epochs 8 --added_target_scale 0.90 --loss_set_mode chamfer --loss_w_phys 0.0 --loss_w_pt_ratio 0.70 --loss_w_m_ratio 0.0 --loss_w_e_ratio 0.0 --loss_w_radial_profile 0.25 --loss_radial_n_bins 8 --loss_radial_max_dr 1.0 --loss_w_budget 0.65 --loss_w_sparse 0.02 --loss_w_local 0.05 --save_fusion_scores --disable_final_kd --device cuda
Device: cuda
Save dir: checkpoints/reco_teacher_joint_fusion_6model_150k75k150k/model2_joint_chamfer_ptratio_sparse_local_radial_budget065/model2_joint_chamfer_ptratio_sparse_local_radial_budget065_budget065_150k75k150k_seed0
Loading offline constituents...
Generating pseudo-HLT...
Non-priv target setup: added_target_scale=0.900, mean_true_added_raw=25.116, mean_target_added=22.604
Computing features...
Split sizes: Train=150000, Val=75000, Test=150000 (custom_counts=True)
Stage-B train subset: N=150000 / 150000 (frac=1.000, seed=0)

======================================================================
STEP 1: TEACHER + BASELINE
======================================================================
Teacher ep 5: train_auc=0.9439, val_auc=0.9469, val_fpr50=0.012873, best_auc=0.9469, fpr50@best=0.012873
Teacher ep 10: train_auc=0.9509, val_auc=0.9526, val_fpr50=0.010285, best_auc=0.9526, fpr50@best=0.010285
Teacher ep 15: train_auc=0.9549, val_auc=0.9522, val_fpr50=0.011025, best_auc=0.9529, fpr50@best=0.010068
Teacher ep 20: train_auc=0.9577, val_auc=0.9480, val_fpr50=0.013272, best_auc=0.9529, fpr50@best=0.010068
Teacher ep 25: train_auc=0.9610, val_auc=0.9513, val_fpr50=0.010954, best_auc=0.9539, fpr50@best=0.009423
Teacher ep 30: train_auc=0.9652, val_auc=0.9503, val_fpr50=0.011826, best_auc=0.9539, fpr50@best=0.009423
Teacher ep 35: train_auc=0.9696, val_auc=0.9496, val_fpr50=0.011791, best_auc=0.9539, fpr50@best=0.009423
Early stopping Teacher at epoch 37
Baseline ep 5: train_auc=0.9099, val_auc=0.9027, val_fpr50=0.028200, best_auc=0.9096, fpr50@best=0.027649
Baseline ep 10: train_auc=0.9173, val_auc=0.9176, val_fpr50=0.023106, best_auc=0.9185, fpr50@best=0.021131
Baseline ep 15: train_auc=0.9211, val_auc=0.9199, val_fpr50=0.021754, best_auc=0.9207, fpr50@best=0.019859
Baseline ep 20: train_auc=0.9251, val_auc=0.9232, val_fpr50=0.020238, best_auc=0.9232, fpr50@best=0.020238
Baseline ep 25: train_auc=0.9291, val_auc=0.9231, val_fpr50=0.020397, best_auc=0.9232, fpr50@best=0.020238
Baseline ep 30: train_auc=0.9336, val_auc=0.9194, val_fpr50=0.023387, best_auc=0.9235, fpr50@best=0.020215
Baseline ep 35: train_auc=0.9383, val_auc=0.9220, val_fpr50=0.021137, best_auc=0.9235, fpr50@best=0.020215
Baseline ep 40: train_auc=0.9435, val_auc=0.9181, val_fpr50=0.023374, best_auc=0.9235, fpr50@best=0.020215
Early stopping Baseline at epoch 41
StageC weak-delta HLT reference @TPR=0.50: threshold_prob=0.920016, val_auc_hlt=0.9235

======================================================================
STEP 2: STAGE A (RECONSTRUCTOR PRETRAIN)
======================================================================
Ep 5: train_total=26.0433, val_total_unw=28.6548, val_total_w=28.6548, select=unweighted, best_sel=25.0355 | set_unw=0.4141, phys_unw=0.5785, budget_unw=43.2536, fp_mass_unw=0.0130, w_set=1.000, w_budget=0.650, w_pt=0.700, w_local=0.050, stage_scale=0.35
Ep 10: train_total=25.0816, val_total_unw=25.5699, val_total_w=25.5699, select=unweighted, best_sel=24.2368 | set_unw=0.3975, phys_unw=0.5388, budget_unw=38.5570, fp_mass_unw=0.0138, w_set=1.000, w_budget=0.650, w_pt=0.700, w_local=0.050, stage_scale=0.35
Ep 15: train_total=24.5685, val_total_unw=25.0856, val_total_w=25.0856, select=unweighted, best_sel=24.2368 | set_unw=0.3835, phys_unw=0.5238, budget_unw=37.8421, fp_mass_unw=0.0123, w_set=1.000, w_budget=0.650, w_pt=0.700, w_local=0.050, stage_scale=0.35
Ep 20: train_total=24.3033, val_total_unw=24.2565, val_total_w=24.2565, select=unweighted, best_sel=24.2368 | set_unw=0.3760, phys_unw=0.4967, budget_unw=36.5926, fp_mass_unw=0.0122, w_set=1.000, w_budget=0.650, w_pt=0.700, w_local=0.050, stage_scale=0.35
Stage-A transition -> reloaded best from phase_035 (epoch=9, val_total=24.2368)
Ep 25: train_total=22.9058, val_total_unw=25.8876, val_total_w=25.8876, select=unweighted, best_sel=22.7901 | set_unw=0.3911, phys_unw=0.5261, budget_unw=39.0612, fp_mass_unw=0.0121, w_set=1.000, w_budget=0.650, w_pt=0.700, w_local=0.050, stage_scale=0.70
Ep 30: train_total=22.6029, val_total_unw=22.4339, val_total_w=22.4339, select=unweighted, best_sel=22.4339 | set_unw=0.3737, phys_unw=0.4961, budget_unw=33.7916, fp_mass_unw=0.0111, w_set=1.000, w_budget=0.650, w_pt=0.700, w_local=0.050, stage_scale=0.70
Ep 35: train_total=22.3493, val_total_unw=23.4057, val_total_w=23.4057, select=unweighted, best_sel=22.4339 | set_unw=0.3747, phys_unw=0.5099, budget_unw=35.2774, fp_mass_unw=0.0110, w_set=1.000, w_budget=0.650, w_pt=0.700, w_local=0.050, stage_scale=0.70
Ep 40: train_total=22.1677, val_total_unw=23.0096, val_total_w=23.0096, select=unweighted, best_sel=22.4339 | set_unw=0.3735, phys_unw=0.5088, budget_unw=34.6712, fp_mass_unw=0.0110, w_set=1.000, w_budget=0.650, w_pt=0.700, w_local=0.050, stage_scale=0.70
Ep 45: train_total=21.9549, val_total_unw=22.6499, val_total_w=22.6499, select=unweighted, best_sel=22.3197 | set_unw=0.3682, phys_unw=0.4948, budget_unw=34.1338, fp_mass_unw=0.0108, w_set=1.000, w_budget=0.650, w_pt=0.700, w_local=0.050, stage_scale=0.70
Ep 50: train_total=21.7949, val_total_unw=22.3412, val_total_w=22.3412, select=unweighted, best_sel=22.1297 | set_unw=0.3637, phys_unw=0.4885, budget_unw=33.6683, fp_mass_unw=0.0108, w_set=1.000, w_budget=0.650, w_pt=0.700, w_local=0.050, stage_scale=0.70
Ep 55: train_total=21.6332, val_total_unw=22.9560, val_total_w=22.9560, select=unweighted, best_sel=22.1297 | set_unw=0.3654, phys_unw=0.4907, budget_unw=34.6103, fp_mass_unw=0.0107, w_set=1.000, w_budget=0.650, w_pt=0.700, w_local=0.050, stage_scale=0.70
Stage-A transition -> reloaded best from phase_070 (epoch=47, val_total=22.1297)
Ep 60: train_total=21.3084, val_total_unw=23.5880, val_total_w=23.5880, select=unweighted, best_sel=22.1297 | set_unw=0.3696, phys_unw=0.5136, budget_unw=35.5645, fp_mass_unw=0.0102, w_set=1.000, w_budget=0.650, w_pt=0.700, w_local=0.050, stage_scale=1.00
Ep 65: train_total=21.1635, val_total_unw=22.3134, val_total_w=22.3134, select=unweighted, best_sel=22.1297 | set_unw=0.3638, phys_unw=0.4909, budget_unw=33.6243, fp_mass_unw=0.0106, w_set=1.000, w_budget=0.650, w_pt=0.700, w_local=0.050, stage_scale=1.00
Ep 70: train_total=20.9174, val_total_unw=22.0500, val_total_w=22.0500, select=unweighted, best_sel=21.6813 | set_unw=0.3579, phys_unw=0.4768, budget_unw=33.2351, fp_mass_unw=0.0105, w_set=1.000, w_budget=0.650, w_pt=0.700, w_local=0.050, stage_scale=1.00
Ep 75: train_total=20.6195, val_total_unw=21.9963, val_total_w=21.9963, select=unweighted, best_sel=21.6813 | set_unw=0.3598, phys_unw=0.4763, budget_unw=33.1497, fp_mass_unw=0.0106, w_set=1.000, w_budget=0.650, w_pt=0.700, w_local=0.050, stage_scale=1.00
Ep 80: train_total=20.2938, val_total_unw=22.3056, val_total_w=22.3056, select=unweighted, best_sel=21.6813 | set_unw=0.3609, phys_unw=0.4811, budget_unw=33.6216, fp_mass_unw=0.0106, w_set=1.000, w_budget=0.650, w_pt=0.700, w_local=0.050, stage_scale=1.00
Early stopping reconstructor at epoch 84

======================================================================
STEP 3: STAGE B (DUAL PRETRAIN, FROZEN RECONSTRUCTOR)
======================================================================
StageB-DualPretrain ep 5: train_loss=0.3752 (cls=0.3752, rank=0.3041, reco=0.0000, cons=0.1175, delta=0.0000, d_gain=0.0000, d_cost=0.0000, anc_p=0.0000, anc_o=0.0000) | val_auc_unw=0.9177, val_fpr50_unw=0.023456, val_auc_w=nan, val_fpr50_w=nan, val_metric_source=unweighted, select=auc, best_sel=0.917705, unfreeze=frozen, reco_trainable=0, dual_frozen=False, dual_trainable=2812673
StageB-DualPretrain ep 10: train_loss=0.3599 (cls=0.3599, rank=0.3022, reco=0.0000, cons=0.1175, delta=0.0000, d_gain=0.0000, d_cost=0.0000, anc_p=0.0000, anc_o=0.0000) | val_auc_unw=0.9174, val_fpr50_unw=0.022421, val_auc_w=nan, val_fpr50_w=nan, val_metric_source=unweighted, select=auc, best_sel=0.921004, unfreeze=frozen, reco_trainable=0, dual_frozen=False, dual_trainable=2812673
StageB-DualPretrain ep 15: train_loss=0.3518 (cls=0.3518, rank=0.3029, reco=0.0000, cons=0.1175, delta=0.0000, d_gain=0.0000, d_cost=0.0000, anc_p=0.0000, anc_o=0.0000) | val_auc_unw=0.9233, val_fpr50_unw=0.019470, val_auc_w=nan, val_fpr50_w=nan, val_metric_source=unweighted, select=auc, best_sel=0.923250, unfreeze=frozen, reco_trainable=0, dual_frozen=False, dual_trainable=2812673
StageB-DualPretrain ep 20: train_loss=0.3423 (cls=0.3423, rank=0.3022, reco=0.0000, cons=0.1175, delta=0.0000, d_gain=0.0000, d_cost=0.0000, anc_p=0.0000, anc_o=0.0000) | val_auc_unw=0.9230, val_fpr50_unw=0.019607, val_auc_w=nan, val_fpr50_w=nan, val_metric_source=unweighted, select=auc, best_sel=0.925164, unfreeze=frozen, reco_trainable=0, dual_frozen=False, dual_trainable=2812673
StageB-DualPretrain ep 25: train_loss=0.3321 (cls=0.3321, rank=0.3036, reco=0.0000, cons=0.1175, delta=0.0000, d_gain=0.0000, d_cost=0.0000, anc_p=0.0000, anc_o=0.0000) | val_auc_unw=0.9238, val_fpr50_unw=0.020049, val_auc_w=nan, val_fpr50_w=nan, val_metric_source=unweighted, select=auc, best_sel=0.925164, unfreeze=frozen, reco_trainable=0, dual_frozen=False, dual_trainable=2812673
StageB-DualPretrain ep 30: train_loss=0.3212 (cls=0.3212, rank=0.3045, reco=0.0000, cons=0.1175, delta=0.0000, d_gain=0.0000, d_cost=0.0000, anc_p=0.0000, anc_o=0.0000) | val_auc_unw=0.9235, val_fpr50_unw=0.019435, val_auc_w=nan, val_fpr50_w=nan, val_metric_source=unweighted, select=auc, best_sel=0.925164, unfreeze=frozen, reco_trainable=0, dual_frozen=False, dual_trainable=2812673
Early stopping StageB-DualPretrain at epoch 31

======================================================================
STEP 4: STAGE C (JOINT FINETUNE)
======================================================================
StageC-Joint ep 1: train_loss=8.6707 (cls=0.3359, rank=0.3022, reco=20.8353, cons=0.1178, delta=0.1110, d_gain=0.1906, d_cost=0.1005, anc_p=0.0000, anc_o=0.0000) | val_auc_unw=0.9259, val_fpr50_unw=0.018015, val_auc_w=nan, val_fpr50_w=nan, val_metric_source=unweighted, select=auc, best_sel=0.925918, unfreeze=all, reco_trainable=7098018, dual_frozen=False, dual_trainable=2812673
StageC-Joint ep 2: train_loss=8.6283 (cls=0.3333, rank=0.3023, reco=20.7341, cons=0.1175, delta=0.1054, d_gain=0.1900, d_cost=0.0985, anc_p=0.0000, anc_o=0.0000) | val_auc_unw=0.9262, val_fpr50_unw=0.018099, val_auc_w=nan, val_fpr50_w=nan, val_metric_source=unweighted, select=auc, best_sel=0.926157, unfreeze=all, reco_trainable=7098018, dual_frozen=False, dual_trainable=2812673
StageC-Joint ep 3: train_loss=8.6069 (cls=0.3331, rank=0.3032, reco=20.6797, cons=0.1176, delta=0.1015, d_gain=0.1902, d_cost=0.0972, anc_p=0.0000, anc_o=0.0000) | val_auc_unw=0.9265, val_fpr50_unw=0.017802, val_auc_w=nan, val_fpr50_w=nan, val_metric_source=unweighted, select=auc, best_sel=0.926453, unfreeze=all, reco_trainable=7098018, dual_frozen=False, dual_trainable=2812673
StageC-Joint ep 4: train_loss=8.5982 (cls=0.3313, rank=0.3034, reco=20.6612, cons=0.1176, delta=0.0979, d_gain=0.1901, d_cost=0.0960, anc_p=0.0000, anc_o=0.0000) | val_auc_unw=0.9263, val_fpr50_unw=0.017453, val_auc_w=nan, val_fpr50_w=nan, val_metric_source=unweighted, select=auc, best_sel=0.926453, unfreeze=all, reco_trainable=7098018, dual_frozen=False, dual_trainable=2812673
StageC-Joint ep 5: train_loss=8.5913 (cls=0.3313, rank=0.3029, reco=20.6425, cons=0.1176, delta=0.0955, d_gain=0.1902, d_cost=0.0952, anc_p=0.0000, anc_o=0.0000) | val_auc_unw=0.9262, val_fpr50_unw=0.017483, val_auc_w=nan, val_fpr50_w=nan, val_metric_source=unweighted, select=auc, best_sel=0.926453, unfreeze=all, reco_trainable=7098018, dual_frozen=False, dual_trainable=2812673
StageC-Joint ep 6: train_loss=8.5851 (cls=0.3306, rank=0.3030, reco=20.6275, cons=0.1176, delta=0.0933, d_gain=0.1899, d_cost=0.0944, anc_p=0.0000, anc_o=0.0000) | val_auc_unw=0.9263, val_fpr50_unw=0.017506, val_auc_w=nan, val_fpr50_w=nan, val_metric_source=unweighted, select=auc, best_sel=0.926453, unfreeze=all, reco_trainable=7098018, dual_frozen=False, dual_trainable=2812673
StageC-Joint ep 7: train_loss=8.5872 (cls=0.3304, rank=0.3039, reco=20.6318, cons=0.1176, delta=0.0915, d_gain=0.1901, d_cost=0.0939, anc_p=0.0000, anc_o=0.0000) | val_auc_unw=0.9264, val_fpr50_unw=0.017614, val_auc_w=nan, val_fpr50_w=nan, val_metric_source=unweighted, select=auc, best_sel=0.926453, unfreeze=all, reco_trainable=7098018, dual_frozen=False, dual_trainable=2812673
StageC-Joint ep 8: train_loss=8.5797 (cls=0.3295, rank=0.3043, reco=20.6143, cons=0.1176, delta=0.0896, d_gain=0.1900, d_cost=0.0932, anc_p=0.0000, anc_o=0.0000) | val_auc_unw=0.9264, val_fpr50_unw=0.017505, val_auc_w=nan, val_fpr50_w=nan, val_metric_source=unweighted, select=auc, best_sel=0.926453, unfreeze=all, reco_trainable=7098018, dual_frozen=False, dual_trainable=2812673
StageC-Joint ep 9: train_loss=8.5687 (cls=0.3295, rank=0.3038, reco=20.5872, cons=0.1175, delta=0.0876, d_gain=0.1899, d_cost=0.0925, anc_p=0.0000, anc_o=0.0000) | val_auc_unw=0.9264, val_fpr50_unw=0.017680, val_auc_w=nan, val_fpr50_w=nan, val_metric_source=unweighted, select=auc, best_sel=0.926453, unfreeze=all, reco_trainable=7098018, dual_frozen=False, dual_trainable=2812673
StageC-Joint ep 10: train_loss=8.5736 (cls=0.3293, rank=0.3040, reco=20.5999, cons=0.1176, delta=0.0871, d_gain=0.1904, d_cost=0.0925, anc_p=0.0000, anc_o=0.0000) | val_auc_unw=0.9264, val_fpr50_unw=0.017402, val_auc_w=nan, val_fpr50_w=nan, val_metric_source=unweighted, select=auc, best_sel=0.926453, unfreeze=all, reco_trainable=7098018, dual_frozen=False, dual_trainable=2812673
StageC-Joint ep 11: train_loss=8.5612 (cls=0.3291, rank=0.3040, reco=20.5692, cons=0.1176, delta=0.0871, d_gain=0.1899, d_cost=0.0923, anc_p=0.0000, anc_o=0.0000) | val_auc_unw=0.9260, val_fpr50_unw=0.017837, val_auc_w=nan, val_fpr50_w=nan, val_metric_source=unweighted, select=auc, best_sel=0.926453, unfreeze=all, reco_trainable=7098018, dual_frozen=False, dual_trainable=2812673
StageC-Joint ep 12: train_loss=8.5650 (cls=0.3297, rank=0.3044, reco=20.5774, cons=0.1176, delta=0.0872, d_gain=0.1903, d_cost=0.0925, anc_p=0.0000, anc_o=0.0000) | val_auc_unw=0.9261, val_fpr50_unw=0.017828, val_auc_w=nan, val_fpr50_w=nan, val_metric_source=unweighted, select=auc, best_sel=0.926453, unfreeze=all, reco_trainable=7098018, dual_frozen=False, dual_trainable=2812673
StageC-Joint ep 13: train_loss=8.5591 (cls=0.3288, rank=0.3045, reco=20.5650, cons=0.1177, delta=0.0865, d_gain=0.1901, d_cost=0.0922, anc_p=0.0000, anc_o=0.0000) | val_auc_unw=0.9262, val_fpr50_unw=0.017538, val_auc_w=nan, val_fpr50_w=nan, val_metric_source=unweighted, select=auc, best_sel=0.926453, unfreeze=all, reco_trainable=7098018, dual_frozen=False, dual_trainable=2812673
StageC-Joint ep 14: train_loss=8.5610 (cls=0.3288, rank=0.3041, reco=20.5697, cons=0.1175, delta=0.0859, d_gain=0.1901, d_cost=0.0920, anc_p=0.0000, anc_o=0.0000) | val_auc_unw=0.9261, val_fpr50_unw=0.017668, val_auc_w=nan, val_fpr50_w=nan, val_metric_source=unweighted, select=auc, best_sel=0.926453, unfreeze=all, reco_trainable=7098018, dual_frozen=False, dual_trainable=2812673
StageC-Joint ep 15: train_loss=8.5571 (cls=0.3284, rank=0.3047, reco=20.5611, cons=0.1176, delta=0.0859, d_gain=0.1905, d_cost=0.0921, anc_p=0.0000, anc_o=0.0000) | val_auc_unw=0.9263, val_fpr50_unw=0.017633, val_auc_w=nan, val_fpr50_w=nan, val_metric_source=unweighted, select=auc, best_sel=0.926453, unfreeze=all, reco_trainable=7098018, dual_frozen=False, dual_trainable=2812673
StageC-Joint ep 16: train_loss=8.5576 (cls=0.3284, rank=0.3038, reco=20.5622, cons=0.1176, delta=0.0860, d_gain=0.1903, d_cost=0.0921, anc_p=0.0000, anc_o=0.0000) | val_auc_unw=0.9262, val_fpr50_unw=0.017662, val_auc_w=nan, val_fpr50_w=nan, val_metric_source=unweighted, select=auc, best_sel=0.926453, unfreeze=all, reco_trainable=7098018, dual_frozen=False, dual_trainable=2812673
StageC-Joint ep 17: train_loss=8.5493 (cls=0.3278, rank=0.3040, reco=20.5430, cons=0.1176, delta=0.0846, d_gain=0.1901, d_cost=0.0916, anc_p=0.0000, anc_o=0.0000) | val_auc_unw=0.9260, val_fpr50_unw=0.017742, val_auc_w=nan, val_fpr50_w=nan, val_metric_source=unweighted, select=auc, best_sel=0.926453, unfreeze=all, reco_trainable=7098018, dual_frozen=False, dual_trainable=2812673
StageC-Joint ep 18: train_loss=8.5429 (cls=0.3268, rank=0.3043, reco=20.5299, cons=0.1176, delta=0.0837, d_gain=0.1906, d_cost=0.0914, anc_p=0.0000, anc_o=0.0000) | val_auc_unw=0.9262, val_fpr50_unw=0.017566, val_auc_w=nan, val_fpr50_w=nan, val_metric_source=unweighted, select=auc, best_sel=0.926453, unfreeze=all, reco_trainable=7098018, dual_frozen=False, dual_trainable=2812673
StageC-Joint ep 19: train_loss=8.5489 (cls=0.3277, rank=0.3047, reco=20.5424, cons=0.1176, delta=0.0843, d_gain=0.1906, d_cost=0.0916, anc_p=0.0000, anc_o=0.0000) | val_auc_unw=0.9261, val_fpr50_unw=0.017713, val_auc_w=nan, val_fpr50_w=nan, val_metric_source=unweighted, select=auc, best_sel=0.926453, unfreeze=all, reco_trainable=7098018, dual_frozen=False, dual_trainable=2812673
StageC-Joint ep 20: train_loss=8.5415 (cls=0.3269, rank=0.3045, reco=20.5259, cons=0.1175, delta=0.0839, d_gain=0.1909, d_cost=0.0916, anc_p=0.0000, anc_o=0.0000) | val_auc_unw=0.9261, val_fpr50_unw=0.017742, val_auc_w=nan, val_fpr50_w=nan, val_metric_source=unweighted, select=auc, best_sel=0.926453, unfreeze=all, reco_trainable=7098018, dual_frozen=False, dual_trainable=2812673
StageC-Joint ep 21: train_loss=8.5484 (cls=0.3264, rank=0.3039, reco=20.5445, cons=0.1177, delta=0.0836, d_gain=0.1905, d_cost=0.0914, anc_p=0.0000, anc_o=0.0000) | val_auc_unw=0.9262, val_fpr50_unw=0.017661, val_auc_w=nan, val_fpr50_w=nan, val_metric_source=unweighted, select=auc, best_sel=0.926453, unfreeze=all, reco_trainable=7098018, dual_frozen=False, dual_trainable=2812673
StageC-Joint ep 22: train_loss=8.5365 (cls=0.3274, rank=0.3048, reco=20.5124, cons=0.1176, delta=0.0831, d_gain=0.1904, d_cost=0.0912, anc_p=0.0000, anc_o=0.0000) | val_auc_unw=0.9261, val_fpr50_unw=0.017688, val_auc_w=nan, val_fpr50_w=nan, val_metric_source=unweighted, select=auc, best_sel=0.926453, unfreeze=all, reco_trainable=7098018, dual_frozen=False, dual_trainable=2812673
StageC-Joint ep 23: train_loss=8.5402 (cls=0.3269, rank=0.3043, reco=20.5227, cons=0.1177, delta=0.0835, d_gain=0.1904, d_cost=0.0913, anc_p=0.0000, anc_o=0.0000) | val_auc_unw=0.9262, val_fpr50_unw=0.017675, val_auc_w=nan, val_fpr50_w=nan, val_metric_source=unweighted, select=auc, best_sel=0.926453, unfreeze=all, reco_trainable=7098018, dual_frozen=False, dual_trainable=2812673
StageC-Joint ep 24: train_loss=8.5485 (cls=0.3267, rank=0.3039, reco=20.5441, cons=0.1176, delta=0.0829, d_gain=0.1905, d_cost=0.0911, anc_p=0.0000, anc_o=0.0000) | val_auc_unw=0.9258, val_fpr50_unw=0.017988, val_auc_w=nan, val_fpr50_w=nan, val_metric_source=unweighted, select=auc, best_sel=0.926453, unfreeze=all, reco_trainable=7098018, dual_frozen=False, dual_trainable=2812673
StageC-Joint ep 25: train_loss=8.5333 (cls=0.3262, rank=0.3046, reco=20.5073, cons=0.1177, delta=0.0833, d_gain=0.1909, d_cost=0.0914, anc_p=0.0000, anc_o=0.0000) | val_auc_unw=0.9261, val_fpr50_unw=0.017771, val_auc_w=nan, val_fpr50_w=nan, val_metric_source=unweighted, select=auc, best_sel=0.926453, unfreeze=all, reco_trainable=7098018, dual_frozen=False, dual_trainable=2812673
Early stopping StageC-Joint at epoch 25

======================================================================
STEP 5: RECONSTRUCTION DIAGNOSTICS
======================================================================

Jet pT response/resolution by truth pT bin (test split):
  pT_low - pT_high | N | HLT resp | HLT reso | Corrected resp | Corrected reso
  172739.4 - 504068.9 | 18750 | 0.8681 | 0.1516 | 0.7199 | 0.1308
  504068.9 - 773424.6 | 18750 | 0.8445 | 0.1720 | 0.6376 | 0.1301
  773424.6 - 1093714.0 | 18750 | 0.8330 | 0.1869 | 0.5811 | 0.1270
  1093714.0 - 1365805.0 | 18750 | 0.8218 | 0.2022 | 0.5416 | 0.1284
  1365805.0 - 1711763.0 | 18750 | 0.8203 | 0.2056 | 0.5238 | 0.1278
  1711763.0 - 2155283.2 | 18750 | 0.8155 | 0.2123 | 0.5061 | 0.1296
  2155283.2 - 2633962.7 | 18750 | 0.8110 | 0.2225 | 0.4866 | 0.1331
  2633962.7 - 4355157.0 | 18750 | 0.7996 | 0.2295 | 0.4699 | 0.1352

Constituent-count diagnostics:
  Means: offline=54.297, hlt=29.181, reco=51.474
  MAE vs offline: hlt=25.116, reco=5.366

Budget diagnostics (test split):
  MAE: merge=5.231, eff=0.000, total=5.231
  Bias: merge=-2.263, eff=0.000, total=-2.263

======================================================================
FINAL TEST EVALUATION
======================================================================
Teacher (Offline) AUC: 0.9533
Baseline (HLT)   AUC: 0.9214
Stage2 (PreJoint) AUC: 0.9229
Stage2 (BestValFPR50) AUC: 0.9227
Joint Dual-View  AUC: 0.9246
Joint Dual-View (BestValFPR50) AUC: 0.9247

FPR@30 Teacher/Baseline/Stage2/Joint: 0.002131 / 0.005524 / 0.005102 / 0.004876
FPR@30 Stage2BestFPR / JointBestFPR: 0.004989 / 0.004915
FPR@50 Teacher/Baseline/Stage2/Joint: 0.009940 / 0.021587 / 0.020300 / 0.019468
FPR@50 Stage2BestFPR / JointBestFPR: 0.020448 / 0.019212
Saving val/test score arrays for fusion analysis...
Saved fusion score arrays to: checkpoints/reco_teacher_joint_fusion_6model_150k75k150k/model2_joint_chamfer_ptratio_sparse_local_radial_budget065/model2_joint_chamfer_ptratio_sparse_local_radial_budget065_budget065_150k75k150k_seed0/fusion_scores_val_test.npz

Saved joint results to: checkpoints/reco_teacher_joint_fusion_6model_150k75k150k/model2_joint_chamfer_ptratio_sparse_local_radial_budget065/model2_joint_chamfer_ptratio_sparse_local_radial_budget065_budget065_150k75k150k_seed0
Done: checkpoints/reco_teacher_joint_fusion_6model_150k75k150k/model2_joint_chamfer_ptratio_sparse_local_radial_budget065/model2_joint_chamfer_ptratio_sparse_local_radial_budget065_budget065_150k75k150k_seed0
