============================================================
Model-2 Joint Sinkhorn no-phys/no-ratio with Stage-C alternating freeze
Stage-C schedule: 5 epochs reco-only (dual frozen), then 5 epochs dual-only (reco frozen)
Run: checkpoints/reco_teacher_joint_fusion_6model_150k75k150k/model2_joint_sinkhorn_nophys_noratio_stagec_altfreeze/model2_joint_sinkhorn_nophys_noratio_stagec_altfreeze_150k75k150k_seed0
Split: train=150000, val=75000, test=150000
============================================================
 python offline_reconstructor_joint_dualview_stage2save_auc_norankc_nopriv_unmergeonly.py --save_dir checkpoints/reco_teacher_joint_fusion_6model_150k75k150k/model2_joint_sinkhorn_nophys_noratio_stagec_altfreeze --run_name model2_joint_sinkhorn_nophys_noratio_stagec_altfreeze_150k75k150k_seed0 --n_train_jets 375000 --n_train_split 150000 --n_val_split 75000 --n_test_split 150000 --offset_jets 0 --max_constits 100 --num_workers 6 --seed 0 --selection_metric auc --stageB_lambda_rank 0.0 --stageB_lambda_cons 0.0 --stageC_epochs 10 --stageC_patience 10 --stageC_min_epochs 10 --stageC_lr_dual 1e-5 --stageC_lr_reco 5e-6 --stageC_alternate_freeze --stageC_alternate_reco_only_epochs 5 --stageC_alternate_dual_only_epochs 5 --lambda_reco 0.4 --lambda_cons 0.06 --stageC_lambda_delta 0.05 --stageC_delta_tau 0.05 --stageC_delta_lambda_fp 3.0 --stageC_delta_warmup_epochs 8 --added_target_scale 0.90 --loss_set_mode sinkhorn --loss_set_sinkhorn_eps 0.08 --loss_set_sinkhorn_iters 25 --loss_w_phys 0.0 --loss_w_pt_ratio 0.0 --loss_w_e_ratio 0.0 --loss_w_local 0.05 --save_fusion_scores --disable_final_kd --device cuda
Device: cuda
Save dir: checkpoints/reco_teacher_joint_fusion_6model_150k75k150k/model2_joint_sinkhorn_nophys_noratio_stagec_altfreeze/model2_joint_sinkhorn_nophys_noratio_stagec_altfreeze_150k75k150k_seed0
Loading offline constituents...
Generating pseudo-HLT...
Non-priv target setup: added_target_scale=0.900, mean_true_added_raw=25.116, mean_target_added=22.604
Computing features...
Split sizes: Train=150000, Val=75000, Test=150000 (custom_counts=True)
Stage-B train subset: N=150000 / 150000 (frac=1.000, seed=0)

======================================================================
STEP 1: TEACHER + BASELINE
======================================================================
Teacher ep 5: train_auc=0.9439, val_auc=0.9469, val_fpr50=0.012873, best_auc=0.9469, fpr50@best=0.012873
Teacher ep 10: train_auc=0.9509, val_auc=0.9526, val_fpr50=0.010285, best_auc=0.9526, fpr50@best=0.010285
Teacher ep 15: train_auc=0.9549, val_auc=0.9522, val_fpr50=0.011025, best_auc=0.9529, fpr50@best=0.010068
Teacher ep 20: train_auc=0.9577, val_auc=0.9480, val_fpr50=0.013272, best_auc=0.9529, fpr50@best=0.010068
Teacher ep 25: train_auc=0.9610, val_auc=0.9513, val_fpr50=0.010954, best_auc=0.9539, fpr50@best=0.009423
Teacher ep 30: train_auc=0.9652, val_auc=0.9503, val_fpr50=0.011826, best_auc=0.9539, fpr50@best=0.009423
Teacher ep 35: train_auc=0.9696, val_auc=0.9496, val_fpr50=0.011791, best_auc=0.9539, fpr50@best=0.009423
Early stopping Teacher at epoch 37
Baseline ep 5: train_auc=0.9099, val_auc=0.9027, val_fpr50=0.028200, best_auc=0.9096, fpr50@best=0.027649
Baseline ep 10: train_auc=0.9173, val_auc=0.9176, val_fpr50=0.023106, best_auc=0.9185, fpr50@best=0.021131
Baseline ep 15: train_auc=0.9211, val_auc=0.9199, val_fpr50=0.021754, best_auc=0.9207, fpr50@best=0.019859
Baseline ep 20: train_auc=0.9251, val_auc=0.9232, val_fpr50=0.020238, best_auc=0.9232, fpr50@best=0.020238
Baseline ep 25: train_auc=0.9291, val_auc=0.9231, val_fpr50=0.020397, best_auc=0.9232, fpr50@best=0.020238
Baseline ep 30: train_auc=0.9336, val_auc=0.9194, val_fpr50=0.023387, best_auc=0.9235, fpr50@best=0.020215
Baseline ep 35: train_auc=0.9383, val_auc=0.9220, val_fpr50=0.021137, best_auc=0.9235, fpr50@best=0.020215
Baseline ep 40: train_auc=0.9435, val_auc=0.9181, val_fpr50=0.023374, best_auc=0.9235, fpr50@best=0.020215
Early stopping Baseline at epoch 41
StageC weak-delta HLT reference @TPR=0.50: threshold_prob=0.920016, val_auc_hlt=0.9235

======================================================================
STEP 2: STAGE A (RECONSTRUCTOR PRETRAIN)
======================================================================
Ep 5: train_total=26.0156, val_total_unw=30.1831, val_total_w=30.1831, select=unweighted, best_sel=25.3697 | set_unw=0.4854, phys_unw=0.5599, budget_unw=45.6847, stage_scale=0.35
Ep 10: train_total=24.9176, val_total_unw=24.6007, val_total_w=24.6007, select=unweighted, best_sel=24.6007 | set_unw=0.5069, phys_unw=0.4866, budget_unw=37.0637, stage_scale=0.35
Ep 15: train_total=24.4854, val_total_unw=27.2211, val_total_w=27.2211, select=unweighted, best_sel=24.4555 | set_unw=0.6412, phys_unw=0.5269, budget_unw=40.8884, stage_scale=0.35
Ep 20: train_total=24.1841, val_total_unw=25.2679, val_total_w=25.2679, select=unweighted, best_sel=24.4555 | set_unw=0.8859, phys_unw=0.4931, budget_unw=37.5071, stage_scale=0.35
Stage-A transition -> reloaded best from phase_035 (epoch=11, val_total=24.4555)
Ep 25: train_total=22.7084, val_total_unw=24.0232, val_total_w=24.0232, select=unweighted, best_sel=22.7957 | set_unw=0.4816, phys_unw=0.4808, budget_unw=36.2141, stage_scale=0.70
Ep 30: train_total=22.4255, val_total_unw=22.5687, val_total_w=22.5687, select=unweighted, best_sel=22.5687 | set_unw=0.4747, phys_unw=0.4626, budget_unw=33.9870, stage_scale=0.70
Ep 35: train_total=22.2077, val_total_unw=23.6026, val_total_w=23.6026, select=unweighted, best_sel=22.5687 | set_unw=0.5212, phys_unw=0.4976, budget_unw=35.5062, stage_scale=0.70
Ep 40: train_total=22.0335, val_total_unw=22.9033, val_total_w=22.9033, select=unweighted, best_sel=22.5687 | set_unw=0.5137, phys_unw=0.4885, budget_unw=34.4419, stage_scale=0.70
Ep 45: train_total=21.8320, val_total_unw=22.7669, val_total_w=22.7669, select=unweighted, best_sel=22.2482 | set_unw=0.5105, phys_unw=0.4811, budget_unw=34.2372, stage_scale=0.70
Ep 50: train_total=21.6607, val_total_unw=22.3423, val_total_w=22.3423, select=unweighted, best_sel=21.9910 | set_unw=0.5299, phys_unw=0.4736, budget_unw=33.5540, stage_scale=0.70
Ep 55: train_total=21.4709, val_total_unw=23.3527, val_total_w=23.3527, select=unweighted, best_sel=21.9910 | set_unw=0.5170, phys_unw=0.4848, budget_unw=35.1283, stage_scale=0.70
Stage-A transition -> reloaded best from phase_070 (epoch=48, val_total=21.9910)
Ep 60: train_total=21.1510, val_total_unw=22.9262, val_total_w=22.9262, select=unweighted, best_sel=21.9910 | set_unw=0.3946, phys_unw=0.4732, budget_unw=34.6606, stage_scale=1.00
Ep 65: train_total=20.9711, val_total_unw=21.9863, val_total_w=21.9863, select=unweighted, best_sel=21.9863 | set_unw=0.3952, phys_unw=0.4604, budget_unw=33.2134, stage_scale=1.00
Ep 70: train_total=20.6975, val_total_unw=22.2560, val_total_w=22.2560, select=unweighted, best_sel=21.8668 | set_unw=0.3950, phys_unw=0.4623, budget_unw=33.6288, stage_scale=1.00
Ep 75: train_total=20.3992, val_total_unw=21.9078, val_total_w=21.9078, select=unweighted, best_sel=21.8668 | set_unw=0.3908, phys_unw=0.4521, budget_unw=33.0994, stage_scale=1.00
Ep 80: train_total=20.0511, val_total_unw=22.2900, val_total_w=22.2900, select=unweighted, best_sel=21.8668 | set_unw=0.3915, phys_unw=0.4560, budget_unw=33.6864, stage_scale=1.00
Early stopping reconstructor at epoch 84

======================================================================
STEP 3: STAGE B (DUAL PRETRAIN, FROZEN RECONSTRUCTOR)
======================================================================
StageB-DualPretrain ep 5: train_loss=0.3751 (cls=0.3751, rank=0.3039, reco=0.0000, cons=0.1157, delta=0.0000, d_gain=0.0000, d_cost=0.0000, anc_p=0.0000, anc_o=0.0000) | val_auc_unw=0.9185, val_fpr50_unw=0.022835, val_auc_w=nan, val_fpr50_w=nan, val_metric_source=unweighted, select=auc, best_sel=0.918467, unfreeze=frozen, reco_trainable=0, dual_frozen=False, dual_trainable=2812673
StageB-DualPretrain ep 10: train_loss=0.3598 (cls=0.3598, rank=0.3019, reco=0.0000, cons=0.1157, delta=0.0000, d_gain=0.0000, d_cost=0.0000, anc_p=0.0000, anc_o=0.0000) | val_auc_unw=0.9213, val_fpr50_unw=0.020526, val_auc_w=nan, val_fpr50_w=nan, val_metric_source=unweighted, select=auc, best_sel=0.921278, unfreeze=frozen, reco_trainable=0, dual_frozen=False, dual_trainable=2812673
StageB-DualPretrain ep 15: train_loss=0.3526 (cls=0.3526, rank=0.3018, reco=0.0000, cons=0.1157, delta=0.0000, d_gain=0.0000, d_cost=0.0000, anc_p=0.0000, anc_o=0.0000) | val_auc_unw=0.9238, val_fpr50_unw=0.019279, val_auc_w=nan, val_fpr50_w=nan, val_metric_source=unweighted, select=auc, best_sel=0.923786, unfreeze=frozen, reco_trainable=0, dual_frozen=False, dual_trainable=2812673
StageB-DualPretrain ep 20: train_loss=0.3430 (cls=0.3430, rank=0.3011, reco=0.0000, cons=0.1157, delta=0.0000, d_gain=0.0000, d_cost=0.0000, anc_p=0.0000, anc_o=0.0000) | val_auc_unw=0.9229, val_fpr50_unw=0.019708, val_auc_w=nan, val_fpr50_w=nan, val_metric_source=unweighted, select=auc, best_sel=0.924837, unfreeze=frozen, reco_trainable=0, dual_frozen=False, dual_trainable=2812673
StageB-DualPretrain ep 25: train_loss=0.3327 (cls=0.3327, rank=0.3031, reco=0.0000, cons=0.1157, delta=0.0000, d_gain=0.0000, d_cost=0.0000, anc_p=0.0000, anc_o=0.0000) | val_auc_unw=0.9235, val_fpr50_unw=0.019325, val_auc_w=nan, val_fpr50_w=nan, val_metric_source=unweighted, select=auc, best_sel=0.925088, unfreeze=frozen, reco_trainable=0, dual_frozen=False, dual_trainable=2812673
StageB-DualPretrain ep 30: train_loss=0.3223 (cls=0.3223, rank=0.3050, reco=0.0000, cons=0.1157, delta=0.0000, d_gain=0.0000, d_cost=0.0000, anc_p=0.0000, anc_o=0.0000) | val_auc_unw=0.9240, val_fpr50_unw=0.019476, val_auc_w=nan, val_fpr50_w=nan, val_metric_source=unweighted, select=auc, best_sel=0.925088, unfreeze=frozen, reco_trainable=0, dual_frozen=False, dual_trainable=2812673
Early stopping StageB-DualPretrain at epoch 33

======================================================================
STEP 4: STAGE C (JOINT FINETUNE)
======================================================================
StageC-Joint ep 1: train_loss=8.5789 (cls=0.3247, rank=0.3049, reco=20.6163, cons=0.1174, delta=0.1083, d_gain=0.1963, d_cost=0.1015, anc_p=0.0000, anc_o=0.0000) | val_auc_unw=0.9251, val_fpr50_unw=0.018918, val_auc_w=nan, val_fpr50_w=nan, val_metric_source=unweighted, select=auc, best_sel=0.925108, unfreeze=alt_reco_only, reco_trainable=7098018, dual_frozen=True, dual_trainable=0
StageC-Joint ep 2: train_loss=8.5521 (cls=0.3245, rank=0.3051, reco=20.5480, cons=0.1175, delta=0.1069, d_gain=0.1962, d_cost=0.1010, anc_p=0.0000, anc_o=0.0000) | val_auc_unw=0.9251, val_fpr50_unw=0.018623, val_auc_w=nan, val_fpr50_w=nan, val_metric_source=unweighted, select=auc, best_sel=0.925118, unfreeze=alt_reco_only, reco_trainable=7098018, dual_frozen=True, dual_trainable=0
StageC-Joint ep 3: train_loss=8.5399 (cls=0.3244, rank=0.3056, reco=20.5162, cons=0.1175, delta=0.1058, d_gain=0.1962, d_cost=0.1007, anc_p=0.0000, anc_o=0.0000) | val_auc_unw=0.9251, val_fpr50_unw=0.018648, val_auc_w=nan, val_fpr50_w=nan, val_metric_source=unweighted, select=auc, best_sel=0.925137, unfreeze=alt_reco_only, reco_trainable=7098018, dual_frozen=True, dual_trainable=0
StageC-Joint ep 4: train_loss=8.5380 (cls=0.3242, rank=0.3054, reco=20.5103, cons=0.1175, delta=0.1055, d_gain=0.1961, d_cost=0.1006, anc_p=0.0000, anc_o=0.0000) | val_auc_unw=0.9252, val_fpr50_unw=0.018591, val_auc_w=nan, val_fpr50_w=nan, val_metric_source=unweighted, select=auc, best_sel=0.925153, unfreeze=alt_reco_only, reco_trainable=7098018, dual_frozen=True, dual_trainable=0
StageC-Joint ep 5: train_loss=8.5192 (cls=0.3245, rank=0.3058, reco=20.4610, cons=0.1175, delta=0.1055, d_gain=0.1961, d_cost=0.1006, anc_p=0.0000, anc_o=0.0000) | val_auc_unw=0.9252, val_fpr50_unw=0.018526, val_auc_w=nan, val_fpr50_w=nan, val_metric_source=unweighted, select=auc, best_sel=0.925155, unfreeze=alt_reco_only, reco_trainable=7098018, dual_frozen=True, dual_trainable=0
StageC-Joint ep 6: train_loss=8.8229 (cls=0.3312, rank=0.3019, reco=21.2026, cons=0.1139, delta=0.1021, d_gain=0.1910, d_cost=0.0977, anc_p=0.0000, anc_o=0.0000) | val_auc_unw=0.9264, val_fpr50_unw=0.017584, val_auc_w=nan, val_fpr50_w=nan, val_metric_source=unweighted, select=auc, best_sel=0.926371, unfreeze=alt_dual_only, reco_trainable=0, dual_frozen=False, dual_trainable=2812673
StageC-Joint ep 7: train_loss=8.8204 (cls=0.3304, rank=0.3029, reco=21.1977, cons=0.1139, delta=0.0938, d_gain=0.1901, d_cost=0.0946, anc_p=0.0000, anc_o=0.0000) | val_auc_unw=0.9265, val_fpr50_unw=0.017293, val_auc_w=nan, val_fpr50_w=nan, val_metric_source=unweighted, select=auc, best_sel=0.926542, unfreeze=alt_dual_only, reco_trainable=0, dual_frozen=False, dual_trainable=2812673
StageC-Joint ep 8: train_loss=8.8232 (cls=0.3288, rank=0.3041, reco=21.2074, cons=0.1139, delta=0.0909, d_gain=0.1905, d_cost=0.0938, anc_p=0.0000, anc_o=0.0000) | val_auc_unw=0.9266, val_fpr50_unw=0.017533, val_auc_w=nan, val_fpr50_w=nan, val_metric_source=unweighted, select=auc, best_sel=0.926572, unfreeze=alt_dual_only, reco_trainable=0, dual_frozen=False, dual_trainable=2812673
StageC-Joint ep 9: train_loss=8.8203 (cls=0.3287, rank=0.3032, reco=21.2008, cons=0.1139, delta=0.0899, d_gain=0.1903, d_cost=0.0934, anc_p=0.0000, anc_o=0.0000) | val_auc_unw=0.9265, val_fpr50_unw=0.017523, val_auc_w=nan, val_fpr50_w=nan, val_metric_source=unweighted, select=auc, best_sel=0.926572, unfreeze=alt_dual_only, reco_trainable=0, dual_frozen=False, dual_trainable=2812673
StageC-Joint ep 10: train_loss=8.8226 (cls=0.3287, rank=0.3037, reco=21.2064, cons=0.1139, delta=0.0895, d_gain=0.1902, d_cost=0.0932, anc_p=0.0000, anc_o=0.0000) | val_auc_unw=0.9266, val_fpr50_unw=0.017583, val_auc_w=nan, val_fpr50_w=nan, val_metric_source=unweighted, select=auc, best_sel=0.926582, unfreeze=alt_dual_only, reco_trainable=0, dual_frozen=False, dual_trainable=2812673

======================================================================
STEP 5: RECONSTRUCTION DIAGNOSTICS
======================================================================

Jet pT response/resolution by truth pT bin (test split):
  pT_low - pT_high | N | HLT resp | HLT reso | Corrected resp | Corrected reso
  172739.4 - 504068.9 | 18750 | 0.8681 | 0.1516 | 0.7042 | 0.1082
  504068.9 - 773424.6 | 18750 | 0.8445 | 0.1720 | 0.6498 | 0.1193
  773424.6 - 1093714.0 | 18750 | 0.8330 | 0.1869 | 0.6189 | 0.1259
  1093714.0 - 1365805.0 | 18750 | 0.8218 | 0.2022 | 0.5963 | 0.1343
  1365805.0 - 1711763.0 | 18750 | 0.8203 | 0.2056 | 0.5863 | 0.1360
  1711763.0 - 2155283.2 | 18750 | 0.8155 | 0.2123 | 0.5750 | 0.1408
  2155283.2 - 2633962.7 | 18750 | 0.8110 | 0.2225 | 0.5650 | 0.1471
  2633962.7 - 4355157.0 | 18750 | 0.7996 | 0.2295 | 0.5516 | 0.1513

Constituent-count diagnostics:
  Means: offline=54.297, hlt=29.181, reco=51.182
  MAE vs offline: hlt=25.116, reco=5.476

Budget diagnostics (test split):
  MAE: merge=5.279, eff=0.000, total=5.279
  Bias: merge=-2.326, eff=0.000, total=-2.326

======================================================================
FINAL TEST EVALUATION
======================================================================
Teacher (Offline) AUC: 0.9533
Baseline (HLT)   AUC: 0.9214
Stage2 (PreJoint) AUC: 0.9229
Stage2 (BestValFPR50) AUC: 0.9228
Joint Dual-View  AUC: 0.9246
Joint Dual-View (BestValFPR50) AUC: 0.9246

FPR@30 Teacher/Baseline/Stage2/Joint: 0.002131 / 0.005524 / 0.005548 / 0.004899
FPR@30 Stage2BestFPR / JointBestFPR: 0.005221 / 0.004848
FPR@50 Teacher/Baseline/Stage2/Joint: 0.009940 / 0.021587 / 0.020466 / 0.019271
FPR@50 Stage2BestFPR / JointBestFPR: 0.020477 / 0.019408
Saving val/test score arrays for fusion analysis...
Saved fusion score arrays to: checkpoints/reco_teacher_joint_fusion_6model_150k75k150k/model2_joint_sinkhorn_nophys_noratio_stagec_altfreeze/model2_joint_sinkhorn_nophys_noratio_stagec_altfreeze_150k75k150k_seed0/fusion_scores_val_test.npz

Saved joint results to: checkpoints/reco_teacher_joint_fusion_6model_150k75k150k/model2_joint_sinkhorn_nophys_noratio_stagec_altfreeze/model2_joint_sinkhorn_nophys_noratio_stagec_altfreeze_150k75k150k_seed0
Done: checkpoints/reco_teacher_joint_fusion_6model_150k75k150k/model2_joint_sinkhorn_nophys_noratio_stagec_altfreeze/model2_joint_sinkhorn_nophys_noratio_stagec_altfreeze_150k75k150k_seed0
