============================================================
Model-2 Joint (Chamfer + pT-ratio + sparse + local + asymmetric fp-mass)
Run: checkpoints/reco_teacher_joint_fusion_6model_150k75k150k/model2_joint_chamfer_ptratio_sparse_local_fpmass_budget065/model2_joint_chamfer_ptratio_sparse_local_fpmass_budget065_budget065_150k75k150k_seed0
Split: train=150000, val=75000, test=150000
fp-mass: w=0.10, cost_thresh=0.80, tau=0.10
============================================================
 python offline_reconstructor_joint_dualview_stage2save_auc_norankc_nopriv_unmergeonly.py --save_dir checkpoints/reco_teacher_joint_fusion_6model_150k75k150k/model2_joint_chamfer_ptratio_sparse_local_fpmass_budget065 --run_name model2_joint_chamfer_ptratio_sparse_local_fpmass_budget065_budget065_150k75k150k_seed0 --n_train_jets 375000 --n_train_split 150000 --n_val_split 75000 --n_test_split 150000 --offset_jets 0 --max_constits 100 --num_workers 6 --seed 0 --selection_metric auc --stageB_lambda_rank 0.0 --stageB_lambda_cons 0.0 --stageC_lr_dual 1e-5 --stageC_lr_reco 5e-6 --lambda_reco 0.4 --lambda_cons 0.0 --stageC_lambda_delta 0.05 --stageC_delta_tau 0.05 --stageC_delta_lambda_fp 3.0 --stageC_delta_warmup_epochs 8 --added_target_scale 0.90 --loss_set_mode chamfer --loss_w_phys 0.0 --loss_w_pt_ratio 0.70 --loss_w_m_ratio 0.0 --loss_w_e_ratio 0.0 --loss_w_radial_profile 0.0 --loss_w_fp_mass 0.10 --loss_fp_mass_cost_thresh 0.80 --loss_fp_mass_tau 0.10 --loss_w_budget 0.65 --loss_w_sparse 0.02 --loss_w_local 0.05 --save_fusion_scores --disable_final_kd --device cuda
Device: cuda
Save dir: checkpoints/reco_teacher_joint_fusion_6model_150k75k150k/model2_joint_chamfer_ptratio_sparse_local_fpmass_budget065/model2_joint_chamfer_ptratio_sparse_local_fpmass_budget065_budget065_150k75k150k_seed0
Loading offline constituents...
Generating pseudo-HLT...
Non-priv target setup: added_target_scale=0.900, mean_true_added_raw=25.116, mean_target_added=22.604
Computing features...
Split sizes: Train=150000, Val=75000, Test=150000 (custom_counts=True)
Stage-B train subset: N=150000 / 150000 (frac=1.000, seed=0)

======================================================================
STEP 1: TEACHER + BASELINE
======================================================================
Teacher ep 5: train_auc=0.9439, val_auc=0.9469, val_fpr50=0.012873, best_auc=0.9469, fpr50@best=0.012873
Teacher ep 10: train_auc=0.9509, val_auc=0.9526, val_fpr50=0.010285, best_auc=0.9526, fpr50@best=0.010285
Teacher ep 15: train_auc=0.9549, val_auc=0.9522, val_fpr50=0.011025, best_auc=0.9529, fpr50@best=0.010068
Teacher ep 20: train_auc=0.9577, val_auc=0.9480, val_fpr50=0.013272, best_auc=0.9529, fpr50@best=0.010068
Teacher ep 25: train_auc=0.9610, val_auc=0.9513, val_fpr50=0.010954, best_auc=0.9539, fpr50@best=0.009423
Teacher ep 30: train_auc=0.9652, val_auc=0.9503, val_fpr50=0.011826, best_auc=0.9539, fpr50@best=0.009423
Teacher ep 35: train_auc=0.9696, val_auc=0.9496, val_fpr50=0.011791, best_auc=0.9539, fpr50@best=0.009423
Early stopping Teacher at epoch 37
Baseline ep 5: train_auc=0.9099, val_auc=0.9027, val_fpr50=0.028200, best_auc=0.9096, fpr50@best=0.027649
Baseline ep 10: train_auc=0.9173, val_auc=0.9176, val_fpr50=0.023106, best_auc=0.9185, fpr50@best=0.021131
Baseline ep 15: train_auc=0.9211, val_auc=0.9199, val_fpr50=0.021754, best_auc=0.9207, fpr50@best=0.019859
Baseline ep 20: train_auc=0.9251, val_auc=0.9232, val_fpr50=0.020238, best_auc=0.9232, fpr50@best=0.020238
Baseline ep 25: train_auc=0.9291, val_auc=0.9231, val_fpr50=0.020397, best_auc=0.9232, fpr50@best=0.020238
Baseline ep 30: train_auc=0.9336, val_auc=0.9194, val_fpr50=0.023387, best_auc=0.9235, fpr50@best=0.020215
Baseline ep 35: train_auc=0.9383, val_auc=0.9220, val_fpr50=0.021137, best_auc=0.9235, fpr50@best=0.020215
Baseline ep 40: train_auc=0.9435, val_auc=0.9181, val_fpr50=0.023374, best_auc=0.9235, fpr50@best=0.020215
Early stopping Baseline at epoch 41
StageC weak-delta HLT reference @TPR=0.50: threshold_prob=0.920016, val_auc_hlt=0.9235

======================================================================
STEP 2: STAGE A (RECONSTRUCTOR PRETRAIN)
======================================================================
Ep 5: train_total=26.1247, val_total_unw=28.9484, val_total_w=28.9484, select=unweighted, best_sel=24.8237 | set_unw=0.4116, phys_unw=0.5802, budget_unw=43.7070, fp_mass_unw=0.0135, w_set=1.000, w_budget=0.650, w_pt=0.700, w_local=0.050, stage_scale=0.35
Ep 10: train_total=25.0325, val_total_unw=24.3453, val_total_w=24.3453, select=unweighted, best_sel=24.3453 | set_unw=0.3857, phys_unw=0.5023, budget_unw=36.7098, fp_mass_unw=0.0135, w_set=1.000, w_budget=0.650, w_pt=0.700, w_local=0.050, stage_scale=0.35
Ep 15: train_total=24.5563, val_total_unw=26.1311, val_total_w=26.1311, select=unweighted, best_sel=24.3453 | set_unw=0.3871, phys_unw=0.5372, budget_unw=39.4355, fp_mass_unw=0.0119, w_set=1.000, w_budget=0.650, w_pt=0.700, w_local=0.050, stage_scale=0.35
Ep 20: train_total=24.3002, val_total_unw=24.1430, val_total_w=24.1430, select=unweighted, best_sel=24.1430 | set_unw=0.3750, phys_unw=0.4941, budget_unw=36.4198, fp_mass_unw=0.0121, w_set=1.000, w_budget=0.650, w_pt=0.700, w_local=0.050, stage_scale=0.35
Stage-A transition -> reloaded best from phase_035 (epoch=20, val_total=24.1430)
Ep 25: train_total=22.3059, val_total_unw=23.0332, val_total_w=23.0332, select=unweighted, best_sel=22.0641 | set_unw=0.3768, phys_unw=0.4918, budget_unw=34.7101, fp_mass_unw=0.0114, w_set=1.000, w_budget=0.650, w_pt=0.700, w_local=0.050, stage_scale=0.70
Ep 30: train_total=22.1201, val_total_unw=22.4362, val_total_w=22.4362, select=unweighted, best_sel=22.0641 | set_unw=0.3664, phys_unw=0.4998, budget_unw=33.8027, fp_mass_unw=0.0107, w_set=1.000, w_budget=0.650, w_pt=0.700, w_local=0.050, stage_scale=0.70
Ep 35: train_total=21.9355, val_total_unw=22.8436, val_total_w=22.8436, select=unweighted, best_sel=22.0641 | set_unw=0.3690, phys_unw=0.4957, budget_unw=34.4280, fp_mass_unw=0.0109, w_set=1.000, w_budget=0.650, w_pt=0.700, w_local=0.050, stage_scale=0.70
Ep 40: train_total=21.7523, val_total_unw=22.2201, val_total_w=22.2201, select=unweighted, best_sel=22.0641 | set_unw=0.3631, phys_unw=0.4924, budget_unw=33.4802, fp_mass_unw=0.0106, w_set=1.000, w_budget=0.650, w_pt=0.700, w_local=0.050, stage_scale=0.70
Ep 45: train_total=21.5473, val_total_unw=23.2478, val_total_w=23.2478, select=unweighted, best_sel=22.0641 | set_unw=0.3701, phys_unw=0.5033, budget_unw=35.0449, fp_mass_unw=0.0106, w_set=1.000, w_budget=0.650, w_pt=0.700, w_local=0.050, stage_scale=0.70
Ep 50: train_total=21.3308, val_total_unw=22.3089, val_total_w=22.3089, select=unweighted, best_sel=21.8716 | set_unw=0.3608, phys_unw=0.4910, budget_unw=33.6205, fp_mass_unw=0.0106, w_set=1.000, w_budget=0.650, w_pt=0.700, w_local=0.050, stage_scale=0.70
Ep 55: train_total=21.0822, val_total_unw=22.7811, val_total_w=22.7811, select=unweighted, best_sel=21.8716 | set_unw=0.3616, phys_unw=0.4907, budget_unw=34.3458, fp_mass_unw=0.0105, w_set=1.000, w_budget=0.650, w_pt=0.700, w_local=0.050, stage_scale=0.70
Stage-A transition -> reloaded best from phase_070 (epoch=48, val_total=21.8716)
Ep 60: train_total=20.7706, val_total_unw=22.5302, val_total_w=22.5302, select=unweighted, best_sel=21.6956 | set_unw=0.3644, phys_unw=0.4966, budget_unw=33.9523, fp_mass_unw=0.0103, w_set=1.000, w_budget=0.650, w_pt=0.700, w_local=0.050, stage_scale=1.00
Ep 65: train_total=20.4733, val_total_unw=22.1846, val_total_w=22.1846, select=unweighted, best_sel=21.6956 | set_unw=0.3614, phys_unw=0.4860, budget_unw=33.4308, fp_mass_unw=0.0105, w_set=1.000, w_budget=0.650, w_pt=0.700, w_local=0.050, stage_scale=1.00
Ep 70: train_total=20.1475, val_total_unw=22.4140, val_total_w=22.4140, select=unweighted, best_sel=21.6956 | set_unw=0.3607, phys_unw=0.4867, budget_unw=33.7846, fp_mass_unw=0.0103, w_set=1.000, w_budget=0.650, w_pt=0.700, w_local=0.050, stage_scale=1.00
Early stopping reconstructor at epoch 74

======================================================================
STEP 3: STAGE B (DUAL PRETRAIN, FROZEN RECONSTRUCTOR)
======================================================================
StageB-DualPretrain ep 5: train_loss=0.3773 (cls=0.3773, rank=0.3046, reco=0.0000, cons=0.1167, delta=0.0000, d_gain=0.0000, d_cost=0.0000, anc_p=0.0000, anc_o=0.0000) | val_auc_unw=0.9124, val_fpr50_unw=0.025679, val_auc_w=nan, val_fpr50_w=nan, val_metric_source=unweighted, select=auc, best_sel=0.913903, unfreeze=frozen, reco_trainable=0, dual_frozen=False, dual_trainable=2812673
StageB-DualPretrain ep 10: train_loss=0.3613 (cls=0.3613, rank=0.3037, reco=0.0000, cons=0.1167, delta=0.0000, d_gain=0.0000, d_cost=0.0000, anc_p=0.0000, anc_o=0.0000) | val_auc_unw=0.9196, val_fpr50_unw=0.021406, val_auc_w=nan, val_fpr50_w=nan, val_metric_source=unweighted, select=auc, best_sel=0.919575, unfreeze=frozen, reco_trainable=0, dual_frozen=False, dual_trainable=2812673
StageB-DualPretrain ep 15: train_loss=0.3519 (cls=0.3519, rank=0.3024, reco=0.0000, cons=0.1167, delta=0.0000, d_gain=0.0000, d_cost=0.0000, anc_p=0.0000, anc_o=0.0000) | val_auc_unw=0.9244, val_fpr50_unw=0.018391, val_auc_w=nan, val_fpr50_w=nan, val_metric_source=unweighted, select=auc, best_sel=0.924419, unfreeze=frozen, reco_trainable=0, dual_frozen=False, dual_trainable=2812673
StageB-DualPretrain ep 20: train_loss=0.3424 (cls=0.3424, rank=0.3016, reco=0.0000, cons=0.1167, delta=0.0000, d_gain=0.0000, d_cost=0.0000, anc_p=0.0000, anc_o=0.0000) | val_auc_unw=0.9236, val_fpr50_unw=0.020004, val_auc_w=nan, val_fpr50_w=nan, val_metric_source=unweighted, select=auc, best_sel=0.925191, unfreeze=frozen, reco_trainable=0, dual_frozen=False, dual_trainable=2812673
StageB-DualPretrain ep 25: train_loss=0.3341 (cls=0.3341, rank=0.3026, reco=0.0000, cons=0.1167, delta=0.0000, d_gain=0.0000, d_cost=0.0000, anc_p=0.0000, anc_o=0.0000) | val_auc_unw=0.9245, val_fpr50_unw=0.019134, val_auc_w=nan, val_fpr50_w=nan, val_metric_source=unweighted, select=auc, best_sel=0.925191, unfreeze=frozen, reco_trainable=0, dual_frozen=False, dual_trainable=2812673
StageB-DualPretrain ep 30: train_loss=0.3232 (cls=0.3232, rank=0.3038, reco=0.0000, cons=0.1167, delta=0.0000, d_gain=0.0000, d_cost=0.0000, anc_p=0.0000, anc_o=0.0000) | val_auc_unw=0.9239, val_fpr50_unw=0.019923, val_auc_w=nan, val_fpr50_w=nan, val_metric_source=unweighted, select=auc, best_sel=0.925361, unfreeze=frozen, reco_trainable=0, dual_frozen=False, dual_trainable=2812673
StageB-DualPretrain ep 35: train_loss=0.3130 (cls=0.3130, rank=0.3056, reco=0.0000, cons=0.1167, delta=0.0000, d_gain=0.0000, d_cost=0.0000, anc_p=0.0000, anc_o=0.0000) | val_auc_unw=0.9226, val_fpr50_unw=0.020074, val_auc_w=nan, val_fpr50_w=nan, val_metric_source=unweighted, select=auc, best_sel=0.925361, unfreeze=frozen, reco_trainable=0, dual_frozen=False, dual_trainable=2812673
Early stopping StageB-DualPretrain at epoch 38

======================================================================
STEP 4: STAGE C (JOINT FINETUNE)
======================================================================
StageC-Joint ep 1: train_loss=8.6125 (cls=0.3255, rank=0.3025, reco=20.7161, cons=0.1175, delta=0.0940, d_gain=0.1925, d_cost=0.0955, anc_p=0.0000, anc_o=0.0000) | val_auc_unw=0.9258, val_fpr50_unw=0.018585, val_auc_w=nan, val_fpr50_w=nan, val_metric_source=unweighted, select=auc, best_sel=0.925806, unfreeze=all, reco_trainable=7098018, dual_frozen=False, dual_trainable=2812673
StageC-Joint ep 2: train_loss=8.5728 (cls=0.3227, rank=0.3037, reco=20.6223, cons=0.1175, delta=0.0897, d_gain=0.1926, d_cost=0.0941, anc_p=0.0000, anc_o=0.0000) | val_auc_unw=0.9257, val_fpr50_unw=0.018421, val_auc_w=nan, val_fpr50_w=nan, val_metric_source=unweighted, select=auc, best_sel=0.925806, unfreeze=all, reco_trainable=7098018, dual_frozen=False, dual_trainable=2812673
StageC-Joint ep 3: train_loss=8.5584 (cls=0.3215, rank=0.3041, reco=20.5883, cons=0.1176, delta=0.0867, d_gain=0.1928, d_cost=0.0932, anc_p=0.0000, anc_o=0.0000) | val_auc_unw=0.9257, val_fpr50_unw=0.018364, val_auc_w=nan, val_fpr50_w=nan, val_metric_source=unweighted, select=auc, best_sel=0.925806, unfreeze=all, reco_trainable=7098018, dual_frozen=False, dual_trainable=2812673
StageC-Joint ep 4: train_loss=8.5474 (cls=0.3212, rank=0.3043, reco=20.5604, cons=0.1176, delta=0.0840, d_gain=0.1926, d_cost=0.0922, anc_p=0.0000, anc_o=0.0000) | val_auc_unw=0.9256, val_fpr50_unw=0.018754, val_auc_w=nan, val_fpr50_w=nan, val_metric_source=unweighted, select=auc, best_sel=0.925806, unfreeze=all, reco_trainable=7098018, dual_frozen=False, dual_trainable=2812673
StageC-Joint ep 5: train_loss=8.5472 (cls=0.3209, rank=0.3040, reco=20.5593, cons=0.1175, delta=0.0829, d_gain=0.1925, d_cost=0.0918, anc_p=0.0000, anc_o=0.0000) | val_auc_unw=0.9256, val_fpr50_unw=0.018880, val_auc_w=nan, val_fpr50_w=nan, val_metric_source=unweighted, select=auc, best_sel=0.925806, unfreeze=all, reco_trainable=7098018, dual_frozen=False, dual_trainable=2812673
StageC-Joint ep 6: train_loss=8.5368 (cls=0.3204, rank=0.3051, reco=20.5334, cons=0.1176, delta=0.0808, d_gain=0.1926, d_cost=0.0911, anc_p=0.0000, anc_o=0.0000) | val_auc_unw=0.9257, val_fpr50_unw=0.018640, val_auc_w=nan, val_fpr50_w=nan, val_metric_source=unweighted, select=auc, best_sel=0.925806, unfreeze=all, reco_trainable=7098018, dual_frozen=False, dual_trainable=2812673
StageC-Joint ep 7: train_loss=8.5364 (cls=0.3199, rank=0.3040, reco=20.5325, cons=0.1176, delta=0.0790, d_gain=0.1924, d_cost=0.0905, anc_p=0.0000, anc_o=0.0000) | val_auc_unw=0.9254, val_fpr50_unw=0.018787, val_auc_w=nan, val_fpr50_w=nan, val_metric_source=unweighted, select=auc, best_sel=0.925806, unfreeze=all, reco_trainable=7098018, dual_frozen=False, dual_trainable=2812673
StageC-Joint ep 8: train_loss=8.5240 (cls=0.3200, rank=0.3053, reco=20.5004, cons=0.1176, delta=0.0765, d_gain=0.1925, d_cost=0.0897, anc_p=0.0000, anc_o=0.0000) | val_auc_unw=0.9251, val_fpr50_unw=0.018949, val_auc_w=nan, val_fpr50_w=nan, val_metric_source=unweighted, select=auc, best_sel=0.925806, unfreeze=all, reco_trainable=7098018, dual_frozen=False, dual_trainable=2812673
StageC-Joint ep 9: train_loss=8.5292 (cls=0.3192, rank=0.3053, reco=20.5157, cons=0.1176, delta=0.0756, d_gain=0.1924, d_cost=0.0893, anc_p=0.0000, anc_o=0.0000) | val_auc_unw=0.9254, val_fpr50_unw=0.018491, val_auc_w=nan, val_fpr50_w=nan, val_metric_source=unweighted, select=auc, best_sel=0.925806, unfreeze=all, reco_trainable=7098018, dual_frozen=False, dual_trainable=2812673
StageC-Joint ep 10: train_loss=8.5188 (cls=0.3192, rank=0.3053, reco=20.4898, cons=0.1176, delta=0.0754, d_gain=0.1925, d_cost=0.0893, anc_p=0.0000, anc_o=0.0000) | val_auc_unw=0.9254, val_fpr50_unw=0.018523, val_auc_w=nan, val_fpr50_w=nan, val_metric_source=unweighted, select=auc, best_sel=0.925806, unfreeze=all, reco_trainable=7098018, dual_frozen=False, dual_trainable=2812673
StageC-Joint ep 11: train_loss=8.5193 (cls=0.3195, rank=0.3054, reco=20.4903, cons=0.1176, delta=0.0752, d_gain=0.1924, d_cost=0.0892, anc_p=0.0000, anc_o=0.0000) | val_auc_unw=0.9254, val_fpr50_unw=0.018670, val_auc_w=nan, val_fpr50_w=nan, val_metric_source=unweighted, select=auc, best_sel=0.925806, unfreeze=all, reco_trainable=7098018, dual_frozen=False, dual_trainable=2812673
StageC-Joint ep 12: train_loss=8.5086 (cls=0.3186, rank=0.3058, reco=20.4658, cons=0.1176, delta=0.0739, d_gain=0.1924, d_cost=0.0888, anc_p=0.0000, anc_o=0.0000) | val_auc_unw=0.9253, val_fpr50_unw=0.018621, val_auc_w=nan, val_fpr50_w=nan, val_metric_source=unweighted, select=auc, best_sel=0.925806, unfreeze=all, reco_trainable=7098018, dual_frozen=False, dual_trainable=2812673
StageC-Joint ep 13: train_loss=8.5172 (cls=0.3186, rank=0.3060, reco=20.4873, cons=0.1176, delta=0.0744, d_gain=0.1932, d_cost=0.0892, anc_p=0.0000, anc_o=0.0000) | val_auc_unw=0.9253, val_fpr50_unw=0.018603, val_auc_w=nan, val_fpr50_w=nan, val_metric_source=unweighted, select=auc, best_sel=0.925806, unfreeze=all, reco_trainable=7098018, dual_frozen=False, dual_trainable=2812673
StageC-Joint ep 14: train_loss=8.5066 (cls=0.3184, rank=0.3052, reco=20.4612, cons=0.1176, delta=0.0742, d_gain=0.1927, d_cost=0.0890, anc_p=0.0000, anc_o=0.0000) | val_auc_unw=0.9250, val_fpr50_unw=0.018871, val_auc_w=nan, val_fpr50_w=nan, val_metric_source=unweighted, select=auc, best_sel=0.925806, unfreeze=all, reco_trainable=7098018, dual_frozen=False, dual_trainable=2812673
StageC-Joint ep 15: train_loss=8.5051 (cls=0.3179, rank=0.3061, reco=20.4585, cons=0.1176, delta=0.0739, d_gain=0.1930, d_cost=0.0890, anc_p=0.0000, anc_o=0.0000) | val_auc_unw=0.9249, val_fpr50_unw=0.018614, val_auc_w=nan, val_fpr50_w=nan, val_metric_source=unweighted, select=auc, best_sel=0.925806, unfreeze=all, reco_trainable=7098018, dual_frozen=False, dual_trainable=2812673
StageC-Joint ep 16: train_loss=8.5051 (cls=0.3179, rank=0.3054, reco=20.4589, cons=0.1177, delta=0.0730, d_gain=0.1926, d_cost=0.0886, anc_p=0.0000, anc_o=0.0000) | val_auc_unw=0.9249, val_fpr50_unw=0.019023, val_auc_w=nan, val_fpr50_w=nan, val_metric_source=unweighted, select=auc, best_sel=0.925806, unfreeze=all, reco_trainable=7098018, dual_frozen=False, dual_trainable=2812673
StageC-Joint ep 17: train_loss=8.4977 (cls=0.3172, rank=0.3059, reco=20.4420, cons=0.1176, delta=0.0722, d_gain=0.1930, d_cost=0.0884, anc_p=0.0000, anc_o=0.0000) | val_auc_unw=0.9249, val_fpr50_unw=0.018891, val_auc_w=nan, val_fpr50_w=nan, val_metric_source=unweighted, select=auc, best_sel=0.925806, unfreeze=all, reco_trainable=7098018, dual_frozen=False, dual_trainable=2812673
StageC-Joint ep 18: train_loss=8.4985 (cls=0.3171, rank=0.3061, reco=20.4444, cons=0.1176, delta=0.0725, d_gain=0.1934, d_cost=0.0886, anc_p=0.0000, anc_o=0.0000) | val_auc_unw=0.9249, val_fpr50_unw=0.018914, val_auc_w=nan, val_fpr50_w=nan, val_metric_source=unweighted, select=auc, best_sel=0.925806, unfreeze=all, reco_trainable=7098018, dual_frozen=False, dual_trainable=2812673
StageC-Joint ep 19: train_loss=8.4954 (cls=0.3176, rank=0.3057, reco=20.4352, cons=0.1176, delta=0.0736, d_gain=0.1930, d_cost=0.0889, anc_p=0.0000, anc_o=0.0000) | val_auc_unw=0.9248, val_fpr50_unw=0.019040, val_auc_w=nan, val_fpr50_w=nan, val_metric_source=unweighted, select=auc, best_sel=0.925806, unfreeze=all, reco_trainable=7098018, dual_frozen=False, dual_trainable=2812673
StageC-Joint ep 20: train_loss=8.4912 (cls=0.3170, rank=0.3052, reco=20.4267, cons=0.1176, delta=0.0716, d_gain=0.1928, d_cost=0.0881, anc_p=0.0000, anc_o=0.0000) | val_auc_unw=0.9246, val_fpr50_unw=0.019095, val_auc_w=nan, val_fpr50_w=nan, val_metric_source=unweighted, select=auc, best_sel=0.925806, unfreeze=all, reco_trainable=7098018, dual_frozen=False, dual_trainable=2812673
StageC-Joint ep 21: train_loss=8.4854 (cls=0.3160, rank=0.3053, reco=20.4146, cons=0.1176, delta=0.0715, d_gain=0.1933, d_cost=0.0883, anc_p=0.0000, anc_o=0.0000) | val_auc_unw=0.9248, val_fpr50_unw=0.019274, val_auc_w=nan, val_fpr50_w=nan, val_metric_source=unweighted, select=auc, best_sel=0.925806, unfreeze=all, reco_trainable=7098018, dual_frozen=False, dual_trainable=2812673
StageC-Joint ep 22: train_loss=8.4881 (cls=0.3161, rank=0.3068, reco=20.4210, cons=0.1177, delta=0.0704, d_gain=0.1933, d_cost=0.0879, anc_p=0.0000, anc_o=0.0000) | val_auc_unw=0.9247, val_fpr50_unw=0.019352, val_auc_w=nan, val_fpr50_w=nan, val_metric_source=unweighted, select=auc, best_sel=0.925806, unfreeze=all, reco_trainable=7098018, dual_frozen=False, dual_trainable=2812673
StageC-Joint ep 23: train_loss=8.4904 (cls=0.3166, rank=0.3062, reco=20.4255, cons=0.1176, delta=0.0715, d_gain=0.1936, d_cost=0.0884, anc_p=0.0000, anc_o=0.0000) | val_auc_unw=0.9248, val_fpr50_unw=0.019480, val_auc_w=nan, val_fpr50_w=nan, val_metric_source=unweighted, select=auc, best_sel=0.925806, unfreeze=all, reco_trainable=7098018, dual_frozen=False, dual_trainable=2812673
StageC-Joint ep 24: train_loss=8.4850 (cls=0.3163, rank=0.3052, reco=20.4127, cons=0.1177, delta=0.0714, d_gain=0.1933, d_cost=0.0882, anc_p=0.0000, anc_o=0.0000) | val_auc_unw=0.9247, val_fpr50_unw=0.019084, val_auc_w=nan, val_fpr50_w=nan, val_metric_source=unweighted, select=auc, best_sel=0.925806, unfreeze=all, reco_trainable=7098018, dual_frozen=False, dual_trainable=2812673
StageC-Joint ep 25: train_loss=8.4847 (cls=0.3160, rank=0.3063, reco=20.4129, cons=0.1176, delta=0.0704, d_gain=0.1933, d_cost=0.0879, anc_p=0.0000, anc_o=0.0000) | val_auc_unw=0.9245, val_fpr50_unw=0.019708, val_auc_w=nan, val_fpr50_w=nan, val_metric_source=unweighted, select=auc, best_sel=0.925806, unfreeze=all, reco_trainable=7098018, dual_frozen=False, dual_trainable=2812673
Early stopping StageC-Joint at epoch 25

======================================================================
STEP 5: RECONSTRUCTION DIAGNOSTICS
======================================================================

Jet pT response/resolution by truth pT bin (test split):
  pT_low - pT_high | N | HLT resp | HLT reso | Corrected resp | Corrected reso
  172739.4 - 504068.9 | 18750 | 0.8681 | 0.1516 | 0.7207 | 0.1306
  504068.9 - 773424.6 | 18750 | 0.8445 | 0.1720 | 0.6373 | 0.1300
  773424.6 - 1093714.0 | 18750 | 0.8330 | 0.1869 | 0.5797 | 0.1270
  1093714.0 - 1365805.0 | 18750 | 0.8218 | 0.2022 | 0.5401 | 0.1291
  1365805.0 - 1711763.0 | 18750 | 0.8203 | 0.2056 | 0.5228 | 0.1287
  1711763.0 - 2155283.2 | 18750 | 0.8155 | 0.2123 | 0.5058 | 0.1312
  2155283.2 - 2633962.7 | 18750 | 0.8110 | 0.2225 | 0.4866 | 0.1351
  2633962.7 - 4355157.0 | 18750 | 0.7996 | 0.2295 | 0.4707 | 0.1376

Constituent-count diagnostics:
  Means: offline=54.297, hlt=29.181, reco=51.548
  MAE vs offline: hlt=25.116, reco=5.345

Budget diagnostics (test split):
  MAE: merge=5.232, eff=0.000, total=5.232
  Bias: merge=-2.248, eff=0.000, total=-2.248

======================================================================
FINAL TEST EVALUATION
======================================================================
Teacher (Offline) AUC: 0.9533
Baseline (HLT)   AUC: 0.9214
Stage2 (PreJoint) AUC: 0.9235
Stage2 (BestValFPR50) AUC: 0.9228
Joint Dual-View  AUC: 0.9241
Joint Dual-View (BestValFPR50) AUC: 0.9240

FPR@30 Teacher/Baseline/Stage2/Joint: 0.002131 / 0.005524 / 0.005135 / 0.005022
FPR@30 Stage2BestFPR / JointBestFPR: 0.005115 / 0.004982
FPR@50 Teacher/Baseline/Stage2/Joint: 0.009940 / 0.021587 / 0.019711 / 0.019727
FPR@50 Stage2BestFPR / JointBestFPR: 0.020293 / 0.019811
Saving val/test score arrays for fusion analysis...
Saved fusion score arrays to: checkpoints/reco_teacher_joint_fusion_6model_150k75k150k/model2_joint_chamfer_ptratio_sparse_local_fpmass_budget065/model2_joint_chamfer_ptratio_sparse_local_fpmass_budget065_budget065_150k75k150k_seed0/fusion_scores_val_test.npz

Saved joint results to: checkpoints/reco_teacher_joint_fusion_6model_150k75k150k/model2_joint_chamfer_ptratio_sparse_local_fpmass_budget065/model2_joint_chamfer_ptratio_sparse_local_fpmass_budget065_budget065_150k75k150k_seed0
Done: checkpoints/reco_teacher_joint_fusion_6model_150k75k150k/model2_joint_chamfer_ptratio_sparse_local_fpmass_budget065/model2_joint_chamfer_ptratio_sparse_local_fpmass_budget065_budget065_150k75k150k_seed0
