============================================================
Model-2 Joint (Combo: Hungarian + Chamfer, L_phys=L_pt_ratio=L_e_ratio=0)
Run: checkpoints/reco_teacher_joint_fusion_6model_150k75k150k/model2_joint_hungarian_chamfer_nophys_noratio/model2_joint_hungarian_chamfer_nophys_noratio_150k75k150k_seed0
Split: train=150000, val=75000, test=150000
============================================================
 python offline_reconstructor_joint_dualview_stage2save_auc_norankc_nopriv_unmergeonly.py --save_dir checkpoints/reco_teacher_joint_fusion_6model_150k75k150k/model2_joint_hungarian_chamfer_nophys_noratio --run_name model2_joint_hungarian_chamfer_nophys_noratio_150k75k150k_seed0 --n_train_jets 375000 --n_train_split 150000 --n_val_split 75000 --n_test_split 150000 --offset_jets 0 --max_constits 100 --num_workers 6 --seed 0 --selection_metric auc --stageB_lambda_rank 0.0 --stageB_lambda_cons 0.0 --stageC_lr_dual 1e-5 --stageC_lr_reco 5e-6 --lambda_reco 0.4 --lambda_cons 0.06 --stageC_lambda_delta 0.05 --stageC_delta_tau 0.05 --stageC_delta_lambda_fp 3.0 --stageC_delta_warmup_epochs 8 --added_target_scale 0.90 --loss_set_mode combo --loss_set_combo_w_chamfer 1.0 --loss_set_combo_w_sinkhorn 0.0 --loss_set_combo_w_ot 0.0 --loss_set_combo_w_hungarian 1.0 --loss_set_sinkhorn_eps 0.08 --loss_set_sinkhorn_iters 25 --loss_set_ot_eps 0.02 --loss_set_ot_iters 50 --loss_w_phys 0.0 --loss_w_pt_ratio 0.0 --loss_w_e_ratio 0.0 --loss_w_local 0.05 --save_fusion_scores --disable_final_kd --device cuda
Device: cuda
Save dir: checkpoints/reco_teacher_joint_fusion_6model_150k75k150k/model2_joint_hungarian_chamfer_nophys_noratio/model2_joint_hungarian_chamfer_nophys_noratio_150k75k150k_seed0
Loading offline constituents...
Generating pseudo-HLT...
Non-priv target setup: added_target_scale=0.900, mean_true_added_raw=25.116, mean_target_added=22.604
Computing features...
Split sizes: Train=150000, Val=75000, Test=150000 (custom_counts=True)
Stage-B train subset: N=150000 / 150000 (frac=1.000, seed=0)

======================================================================
STEP 1: TEACHER + BASELINE
======================================================================
Teacher ep 5: train_auc=0.9439, val_auc=0.9469, val_fpr50=0.012873, best_auc=0.9469, fpr50@best=0.012873
Teacher ep 10: train_auc=0.9509, val_auc=0.9526, val_fpr50=0.010285, best_auc=0.9526, fpr50@best=0.010285
Teacher ep 15: train_auc=0.9549, val_auc=0.9522, val_fpr50=0.011025, best_auc=0.9529, fpr50@best=0.010068
Teacher ep 20: train_auc=0.9577, val_auc=0.9480, val_fpr50=0.013272, best_auc=0.9529, fpr50@best=0.010068
Teacher ep 25: train_auc=0.9610, val_auc=0.9513, val_fpr50=0.010954, best_auc=0.9539, fpr50@best=0.009423
Teacher ep 30: train_auc=0.9652, val_auc=0.9503, val_fpr50=0.011826, best_auc=0.9539, fpr50@best=0.009423
Teacher ep 35: train_auc=0.9696, val_auc=0.9496, val_fpr50=0.011791, best_auc=0.9539, fpr50@best=0.009423
Early stopping Teacher at epoch 37
Baseline ep 5: train_auc=0.9099, val_auc=0.9027, val_fpr50=0.028200, best_auc=0.9096, fpr50@best=0.027649
Baseline ep 10: train_auc=0.9173, val_auc=0.9176, val_fpr50=0.023106, best_auc=0.9185, fpr50@best=0.021131
Baseline ep 15: train_auc=0.9211, val_auc=0.9199, val_fpr50=0.021754, best_auc=0.9207, fpr50@best=0.019859
Baseline ep 20: train_auc=0.9251, val_auc=0.9232, val_fpr50=0.020238, best_auc=0.9232, fpr50@best=0.020238
Baseline ep 25: train_auc=0.9291, val_auc=0.9231, val_fpr50=0.020397, best_auc=0.9232, fpr50@best=0.020238
Baseline ep 30: train_auc=0.9336, val_auc=0.9194, val_fpr50=0.023387, best_auc=0.9235, fpr50@best=0.020215
Baseline ep 35: train_auc=0.9383, val_auc=0.9220, val_fpr50=0.021137, best_auc=0.9235, fpr50@best=0.020215
Baseline ep 40: train_auc=0.9435, val_auc=0.9181, val_fpr50=0.023374, best_auc=0.9235, fpr50@best=0.020215
Early stopping Baseline at epoch 41
StageC weak-delta HLT reference @TPR=0.50: threshold_prob=0.920016, val_auc_hlt=0.9235

======================================================================
STEP 2: STAGE A (RECONSTRUCTOR PRETRAIN)
======================================================================
Ep 5: train_total=26.2727, val_total_unw=28.9189, val_total_w=28.9189, select=unweighted, best_sel=24.7082 | set_unw=0.7080, phys_unw=0.5398, budget_unw=43.3971, stage_scale=0.35
Ep 10: train_total=25.2255, val_total_unw=26.3330, val_total_w=26.3330, select=unweighted, best_sel=24.7082 | set_unw=0.6954, phys_unw=0.5328, budget_unw=39.4386, stage_scale=0.35
Ep 15: train_total=24.7572, val_total_unw=26.5647, val_total_w=26.5647, select=unweighted, best_sel=24.6597 | set_unw=0.6945, phys_unw=0.5455, budget_unw=39.7966, stage_scale=0.35
Ep 20: train_total=24.4941, val_total_unw=25.3842, val_total_w=25.3842, select=unweighted, best_sel=24.2080 | set_unw=0.6888, phys_unw=0.5254, budget_unw=37.9892, stage_scale=0.35
Stage-A transition -> reloaded best from phase_035 (epoch=17, val_total=24.2080)
Ep 25: train_total=22.6906, val_total_unw=23.3124, val_total_w=23.3124, select=unweighted, best_sel=22.2478 | set_unw=0.6754, phys_unw=0.5023, budget_unw=34.8225, stage_scale=0.70
Ep 30: train_total=22.4737, val_total_unw=23.2593, val_total_w=23.2593, select=unweighted, best_sel=22.2478 | set_unw=0.6749, phys_unw=0.5179, budget_unw=34.7415, stage_scale=0.70
Ep 35: train_total=22.2903, val_total_unw=23.6033, val_total_w=23.6033, select=unweighted, best_sel=22.2478 | set_unw=0.6824, phys_unw=0.5287, budget_unw=35.2591, stage_scale=0.70
Ep 40: train_total=22.1203, val_total_unw=23.0120, val_total_w=23.0120, select=unweighted, best_sel=22.2478 | set_unw=0.6758, phys_unw=0.5204, budget_unw=34.3596, stage_scale=0.70
Ep 45: train_total=21.9162, val_total_unw=23.3536, val_total_w=23.3536, select=unweighted, best_sel=22.2478 | set_unw=0.6905, phys_unw=0.5416, budget_unw=34.8626, stage_scale=0.70
Ep 50: train_total=21.7441, val_total_unw=22.4834, val_total_w=22.4834, select=unweighted, best_sel=22.2412 | set_unw=0.6726, phys_unw=0.5151, budget_unw=33.5512, stage_scale=0.70
Ep 55: train_total=21.5422, val_total_unw=23.0263, val_total_w=23.0263, select=unweighted, best_sel=22.2412 | set_unw=0.6837, phys_unw=0.5308, budget_unw=34.3696, stage_scale=0.70
Stage-A transition -> reloaded best from phase_070 (epoch=48, val_total=22.2412)
