============================================================
Model-2 Joint (Combo: OT + Chamfer, L_phys=L_pt_ratio=L_e_ratio=0)
Run: checkpoints/reco_teacher_joint_fusion_6model_150k75k150k/model2_joint_ot_chamfer_nophys_noratio/model2_joint_ot_chamfer_nophys_noratio_150k75k150k_seed0
Split: train=150000, val=75000, test=150000
============================================================
 python offline_reconstructor_joint_dualview_stage2save_auc_norankc_nopriv_unmergeonly.py --save_dir checkpoints/reco_teacher_joint_fusion_6model_150k75k150k/model2_joint_ot_chamfer_nophys_noratio --run_name model2_joint_ot_chamfer_nophys_noratio_150k75k150k_seed0 --n_train_jets 375000 --n_train_split 150000 --n_val_split 75000 --n_test_split 150000 --offset_jets 0 --max_constits 100 --num_workers 6 --seed 0 --selection_metric auc --stageB_lambda_rank 0.0 --stageB_lambda_cons 0.0 --stageC_lr_dual 1e-5 --stageC_lr_reco 5e-6 --lambda_reco 0.4 --lambda_cons 0.06 --stageC_lambda_delta 0.05 --stageC_delta_tau 0.05 --stageC_delta_lambda_fp 3.0 --stageC_delta_warmup_epochs 8 --added_target_scale 0.90 --loss_set_mode combo --loss_set_combo_w_chamfer 1.0 --loss_set_combo_w_sinkhorn 0.0 --loss_set_combo_w_ot 1.0 --loss_set_combo_w_hungarian 0.0 --loss_set_sinkhorn_eps 0.08 --loss_set_sinkhorn_iters 25 --loss_set_ot_eps 0.02 --loss_set_ot_iters 50 --loss_w_phys 0.0 --loss_w_pt_ratio 0.0 --loss_w_e_ratio 0.0 --loss_w_local 0.05 --save_fusion_scores --disable_final_kd --device cuda
Device: cuda
Save dir: checkpoints/reco_teacher_joint_fusion_6model_150k75k150k/model2_joint_ot_chamfer_nophys_noratio/model2_joint_ot_chamfer_nophys_noratio_150k75k150k_seed0
Loading offline constituents...
Generating pseudo-HLT...
Non-priv target setup: added_target_scale=0.900, mean_true_added_raw=25.116, mean_target_added=22.604
Computing features...
Split sizes: Train=150000, Val=75000, Test=150000 (custom_counts=True)
Stage-B train subset: N=150000 / 150000 (frac=1.000, seed=0)

======================================================================
STEP 1: TEACHER + BASELINE
======================================================================
Teacher ep 5: train_auc=0.9439, val_auc=0.9469, val_fpr50=0.012873, best_auc=0.9469, fpr50@best=0.012873
Teacher ep 10: train_auc=0.9509, val_auc=0.9526, val_fpr50=0.010285, best_auc=0.9526, fpr50@best=0.010285
Teacher ep 15: train_auc=0.9549, val_auc=0.9522, val_fpr50=0.011025, best_auc=0.9529, fpr50@best=0.010068
Teacher ep 20: train_auc=0.9577, val_auc=0.9480, val_fpr50=0.013272, best_auc=0.9529, fpr50@best=0.010068
Teacher ep 25: train_auc=0.9610, val_auc=0.9513, val_fpr50=0.010954, best_auc=0.9539, fpr50@best=0.009423
Teacher ep 30: train_auc=0.9652, val_auc=0.9503, val_fpr50=0.011826, best_auc=0.9539, fpr50@best=0.009423
Teacher ep 35: train_auc=0.9696, val_auc=0.9496, val_fpr50=0.011791, best_auc=0.9539, fpr50@best=0.009423
Early stopping Teacher at epoch 37
Baseline ep 5: train_auc=0.9099, val_auc=0.9027, val_fpr50=0.028200, best_auc=0.9096, fpr50@best=0.027649
Baseline ep 10: train_auc=0.9173, val_auc=0.9176, val_fpr50=0.023106, best_auc=0.9185, fpr50@best=0.021131
Baseline ep 15: train_auc=0.9211, val_auc=0.9199, val_fpr50=0.021754, best_auc=0.9207, fpr50@best=0.019859
Baseline ep 20: train_auc=0.9251, val_auc=0.9232, val_fpr50=0.020238, best_auc=0.9232, fpr50@best=0.020238
Baseline ep 25: train_auc=0.9291, val_auc=0.9231, val_fpr50=0.020397, best_auc=0.9232, fpr50@best=0.020238
Baseline ep 30: train_auc=0.9336, val_auc=0.9194, val_fpr50=0.023387, best_auc=0.9235, fpr50@best=0.020215
Baseline ep 35: train_auc=0.9383, val_auc=0.9220, val_fpr50=0.021137, best_auc=0.9235, fpr50@best=0.020215
Baseline ep 40: train_auc=0.9435, val_auc=0.9181, val_fpr50=0.023374, best_auc=0.9235, fpr50@best=0.020215
Early stopping Baseline at epoch 41
StageC weak-delta HLT reference @TPR=0.50: threshold_prob=0.920016, val_auc_hlt=0.9235

======================================================================
STEP 2: STAGE A (RECONSTRUCTOR PRETRAIN)
======================================================================
Ep 5: train_total=26.1610, val_total_unw=27.5552, val_total_w=27.5552, select=unweighted, best_sel=24.4589 | set_unw=0.5761, phys_unw=0.5935, budget_unw=41.5019, stage_scale=0.35
Ep 10: train_total=25.1465, val_total_unw=25.4083, val_total_w=25.4083, select=unweighted, best_sel=24.4589 | set_unw=0.5646, phys_unw=0.5612, budget_unw=38.2171, stage_scale=0.35
Ep 15: train_total=24.6282, val_total_unw=26.3629, val_total_w=26.3629, select=unweighted, best_sel=24.4589 | set_unw=0.5718, phys_unw=0.5856, budget_unw=39.6748, stage_scale=0.35
Ep 20: train_total=24.3377, val_total_unw=25.6881, val_total_w=25.6881, select=unweighted, best_sel=24.2485 | set_unw=0.5719, phys_unw=0.5691, budget_unw=38.6365, stage_scale=0.35
Stage-A transition -> reloaded best from phase_035 (epoch=17, val_total=24.2485)
Ep 25: train_total=22.5399, val_total_unw=23.3359, val_total_w=23.3359, select=unweighted, best_sel=22.0504 | set_unw=0.5603, phys_unw=0.5481, budget_unw=35.0357, stage_scale=0.70
Ep 30: train_total=22.3218, val_total_unw=22.6455, val_total_w=22.6455, select=unweighted, best_sel=22.0504 | set_unw=0.5521, phys_unw=0.5379, budget_unw=33.9862, stage_scale=0.70
Ep 35: train_total=22.1349, val_total_unw=22.9296, val_total_w=22.9296, select=unweighted, best_sel=22.0504 | set_unw=0.5793, phys_unw=0.5570, budget_unw=34.3814, stage_scale=0.70
Ep 40: train_total=21.9689, val_total_unw=22.6902, val_total_w=22.6902, select=unweighted, best_sel=22.0504 | set_unw=0.5598, phys_unw=0.5445, budget_unw=34.0429, stage_scale=0.70
Ep 45: train_total=21.7685, val_total_unw=22.7862, val_total_w=22.7862, select=unweighted, best_sel=22.0504 | set_unw=0.5736, phys_unw=0.5470, budget_unw=34.1697, stage_scale=0.70
Ep 50: train_total=21.5592, val_total_unw=22.2383, val_total_w=22.2383, select=unweighted, best_sel=21.9244 | set_unw=0.5638, phys_unw=0.5378, budget_unw=33.3416, stage_scale=0.70
Ep 55: train_total=21.3404, val_total_unw=23.2383, val_total_w=23.2383, select=unweighted, best_sel=21.9244 | set_unw=0.5756, phys_unw=0.5554, budget_unw=34.8621, stage_scale=0.70
Stage-A transition -> reloaded best from phase_070 (epoch=48, val_total=21.9244)
Ep 60: train_total=21.0284, val_total_unw=22.8063, val_total_w=22.8063, select=unweighted, best_sel=21.9244 | set_unw=0.5412, phys_unw=0.5430, budget_unw=34.2505, stage_scale=1.00
Ep 65: train_total=20.7606, val_total_unw=22.1301, val_total_w=22.1301, select=unweighted, best_sel=21.9244 | set_unw=0.5355, phys_unw=0.5271, budget_unw=33.2188, stage_scale=1.00
Ep 70: train_total=20.4383, val_total_unw=22.3900, val_total_w=22.3900, select=unweighted, best_sel=21.7701 | set_unw=0.5362, phys_unw=0.5266, budget_unw=33.6175, stage_scale=1.00
Ep 75: train_total=20.0564, val_total_unw=22.1707, val_total_w=22.1707, select=unweighted, best_sel=21.7701 | set_unw=0.5357, phys_unw=0.5219, budget_unw=33.2810, stage_scale=1.00
Ep 80: train_total=19.7038, val_total_unw=22.5086, val_total_w=22.5086, select=unweighted, best_sel=21.7701 | set_unw=0.5354, phys_unw=0.5217, budget_unw=33.8013, stage_scale=1.00
Early stopping reconstructor at epoch 84

======================================================================
STEP 3: STAGE B (DUAL PRETRAIN, FROZEN RECONSTRUCTOR)
======================================================================
StageB-DualPretrain ep 5: train_loss=0.3749 (cls=0.3749, rank=0.3044, reco=0.0000, cons=0.1169, delta=0.0000, d_gain=0.0000, d_cost=0.0000, anc_p=0.0000, anc_o=0.0000) | val_auc_unw=0.9153, val_fpr50_unw=0.025566, val_auc_w=nan, val_fpr50_w=nan, val_metric_source=unweighted, select=auc, best_sel=0.915276, unfreeze=frozen, reco_trainable=0
StageB-DualPretrain ep 10: train_loss=0.3597 (cls=0.3597, rank=0.3028, reco=0.0000, cons=0.1169, delta=0.0000, d_gain=0.0000, d_cost=0.0000, anc_p=0.0000, anc_o=0.0000) | val_auc_unw=0.9203, val_fpr50_unw=0.020352, val_auc_w=nan, val_fpr50_w=nan, val_metric_source=unweighted, select=auc, best_sel=0.920821, unfreeze=frozen, reco_trainable=0
StageB-DualPretrain ep 15: train_loss=0.3520 (cls=0.3520, rank=0.3022, reco=0.0000, cons=0.1170, delta=0.0000, d_gain=0.0000, d_cost=0.0000, anc_p=0.0000, anc_o=0.0000) | val_auc_unw=0.9229, val_fpr50_unw=0.020042, val_auc_w=nan, val_fpr50_w=nan, val_metric_source=unweighted, select=auc, best_sel=0.922866, unfreeze=frozen, reco_trainable=0
StageB-DualPretrain ep 20: train_loss=0.3427 (cls=0.3427, rank=0.3021, reco=0.0000, cons=0.1170, delta=0.0000, d_gain=0.0000, d_cost=0.0000, anc_p=0.0000, anc_o=0.0000) | val_auc_unw=0.9231, val_fpr50_unw=0.019863, val_auc_w=nan, val_fpr50_w=nan, val_metric_source=unweighted, select=auc, best_sel=0.924656, unfreeze=frozen, reco_trainable=0
StageB-DualPretrain ep 25: train_loss=0.3326 (cls=0.3326, rank=0.3029, reco=0.0000, cons=0.1169, delta=0.0000, d_gain=0.0000, d_cost=0.0000, anc_p=0.0000, anc_o=0.0000) | val_auc_unw=0.9230, val_fpr50_unw=0.020601, val_auc_w=nan, val_fpr50_w=nan, val_metric_source=unweighted, select=auc, best_sel=0.924950, unfreeze=frozen, reco_trainable=0
StageB-DualPretrain ep 30: train_loss=0.3212 (cls=0.3212, rank=0.3054, reco=0.0000, cons=0.1170, delta=0.0000, d_gain=0.0000, d_cost=0.0000, anc_p=0.0000, anc_o=0.0000) | val_auc_unw=0.9243, val_fpr50_unw=0.019599, val_auc_w=nan, val_fpr50_w=nan, val_metric_source=unweighted, select=auc, best_sel=0.924950, unfreeze=frozen, reco_trainable=0
StageB-DualPretrain ep 35: train_loss=0.3115 (cls=0.3115, rank=0.3070, reco=0.0000, cons=0.1170, delta=0.0000, d_gain=0.0000, d_cost=0.0000, anc_p=0.0000, anc_o=0.0000) | val_auc_unw=0.9229, val_fpr50_unw=0.020165, val_auc_w=nan, val_fpr50_w=nan, val_metric_source=unweighted, select=auc, best_sel=0.924950, unfreeze=frozen, reco_trainable=0
Early stopping StageB-DualPretrain at epoch 35

======================================================================
STEP 4: STAGE C (JOINT FINETUNE)
======================================================================
StageC-Joint ep 1: train_loss=8.5274 (cls=0.3285, rank=0.3005, reco=20.4780, cons=0.1176, delta=0.0985, d_gain=0.1902, d_cost=0.0962, anc_p=0.0000, anc_o=0.0000) | val_auc_unw=0.9259, val_fpr50_unw=0.017893, val_auc_w=nan, val_fpr50_w=nan, val_metric_source=unweighted, select=auc, best_sel=0.925871, unfreeze=all, reco_trainable=7098018
StageC-Joint ep 2: train_loss=8.4813 (cls=0.3270, rank=0.3021, reco=20.3652, cons=0.1176, delta=0.0957, d_gain=0.1911, d_cost=0.0956, anc_p=0.0000, anc_o=0.0000) | val_auc_unw=0.9262, val_fpr50_unw=0.017699, val_auc_w=nan, val_fpr50_w=nan, val_metric_source=unweighted, select=auc, best_sel=0.926231, unfreeze=all, reco_trainable=7098018
StageC-Joint ep 3: train_loss=8.4633 (cls=0.3256, rank=0.3034, reco=20.3223, cons=0.1176, delta=0.0918, d_gain=0.1914, d_cost=0.0944, anc_p=0.0000, anc_o=0.0000) | val_auc_unw=0.9264, val_fpr50_unw=0.017666, val_auc_w=nan, val_fpr50_w=nan, val_metric_source=unweighted, select=auc, best_sel=0.926446, unfreeze=all, reco_trainable=7098018
StageC-Joint ep 4: train_loss=8.4393 (cls=0.3246, rank=0.3040, reco=20.2637, cons=0.1177, delta=0.0889, d_gain=0.1917, d_cost=0.0935, anc_p=0.0000, anc_o=0.0000) | val_auc_unw=0.9265, val_fpr50_unw=0.017439, val_auc_w=nan, val_fpr50_w=nan, val_metric_source=unweighted, select=auc, best_sel=0.926486, unfreeze=all, reco_trainable=7098018
StageC-Joint ep 5: train_loss=8.4420 (cls=0.3239, rank=0.3046, reco=20.2709, cons=0.1176, delta=0.0859, d_gain=0.1917, d_cost=0.0925, anc_p=0.0000, anc_o=0.0000) | val_auc_unw=0.9263, val_fpr50_unw=0.017614, val_auc_w=nan, val_fpr50_w=nan, val_metric_source=unweighted, select=auc, best_sel=0.926486, unfreeze=all, reco_trainable=7098018
StageC-Joint ep 6: train_loss=8.4352 (cls=0.3240, rank=0.3050, reco=20.2524, cons=0.1177, delta=0.0851, d_gain=0.1920, d_cost=0.0924, anc_p=0.0000, anc_o=0.0000) | val_auc_unw=0.9264, val_fpr50_unw=0.017516, val_auc_w=nan, val_fpr50_w=nan, val_metric_source=unweighted, select=auc, best_sel=0.926486, unfreeze=all, reco_trainable=7098018
StageC-Joint ep 7: train_loss=8.4223 (cls=0.3241, rank=0.3049, reco=20.2187, cons=0.1177, delta=0.0838, d_gain=0.1915, d_cost=0.0918, anc_p=0.0000, anc_o=0.0000) | val_auc_unw=0.9260, val_fpr50_unw=0.017839, val_auc_w=nan, val_fpr50_w=nan, val_metric_source=unweighted, select=auc, best_sel=0.926486, unfreeze=all, reco_trainable=7098018
StageC-Joint ep 8: train_loss=8.4315 (cls=0.3233, rank=0.3054, reco=20.2428, cons=0.1177, delta=0.0820, d_gain=0.1919, d_cost=0.0913, anc_p=0.0000, anc_o=0.0000) | val_auc_unw=0.9260, val_fpr50_unw=0.018011, val_auc_w=nan, val_fpr50_w=nan, val_metric_source=unweighted, select=auc, best_sel=0.926486, unfreeze=all, reco_trainable=7098018
StageC-Joint ep 9: train_loss=8.4182 (cls=0.3230, rank=0.3048, reco=20.2104, cons=0.1177, delta=0.0801, d_gain=0.1915, d_cost=0.0905, anc_p=0.0000, anc_o=0.0000) | val_auc_unw=0.9261, val_fpr50_unw=0.017634, val_auc_w=nan, val_fpr50_w=nan, val_metric_source=unweighted, select=auc, best_sel=0.926486, unfreeze=all, reco_trainable=7098018
StageC-Joint ep 10: train_loss=8.4092 (cls=0.3223, rank=0.3056, reco=20.1897, cons=0.1176, delta=0.0793, d_gain=0.1918, d_cost=0.0904, anc_p=0.0000, anc_o=0.0000) | val_auc_unw=0.9260, val_fpr50_unw=0.017541, val_auc_w=nan, val_fpr50_w=nan, val_metric_source=unweighted, select=auc, best_sel=0.926486, unfreeze=all, reco_trainable=7098018
StageC-Joint ep 11: train_loss=8.4139 (cls=0.3219, rank=0.3061, reco=20.2024, cons=0.1177, delta=0.0786, d_gain=0.1921, d_cost=0.0902, anc_p=0.0000, anc_o=0.0000) | val_auc_unw=0.9260, val_fpr50_unw=0.017789, val_auc_w=nan, val_fpr50_w=nan, val_metric_source=unweighted, select=auc, best_sel=0.926486, unfreeze=all, reco_trainable=7098018
StageC-Joint ep 12: train_loss=8.4151 (cls=0.3220, rank=0.3055, reco=20.2051, cons=0.1177, delta=0.0791, d_gain=0.1918, d_cost=0.0903, anc_p=0.0000, anc_o=0.0000) | val_auc_unw=0.9260, val_fpr50_unw=0.017989, val_auc_w=nan, val_fpr50_w=nan, val_metric_source=unweighted, select=auc, best_sel=0.926486, unfreeze=all, reco_trainable=7098018
StageC-Joint ep 13: train_loss=8.4033 (cls=0.3224, rank=0.3055, reco=20.1749, cons=0.1177, delta=0.0780, d_gain=0.1917, d_cost=0.0899, anc_p=0.0000, anc_o=0.0000) | val_auc_unw=0.9257, val_fpr50_unw=0.018170, val_auc_w=nan, val_fpr50_w=nan, val_metric_source=unweighted, select=auc, best_sel=0.926486, unfreeze=all, reco_trainable=7098018
StageC-Joint ep 14: train_loss=8.4016 (cls=0.3215, rank=0.3057, reco=20.1729, cons=0.1177, delta=0.0775, d_gain=0.1921, d_cost=0.0899, anc_p=0.0000, anc_o=0.0000) | val_auc_unw=0.9260, val_fpr50_unw=0.017824, val_auc_w=nan, val_fpr50_w=nan, val_metric_source=unweighted, select=auc, best_sel=0.926486, unfreeze=all, reco_trainable=7098018
StageC-Joint ep 15: train_loss=8.4018 (cls=0.3209, rank=0.3061, reco=20.1748, cons=0.1177, delta=0.0765, d_gain=0.1921, d_cost=0.0895, anc_p=0.0000, anc_o=0.0000) | val_auc_unw=0.9260, val_fpr50_unw=0.017927, val_auc_w=nan, val_fpr50_w=nan, val_metric_source=unweighted, select=auc, best_sel=0.926486, unfreeze=all, reco_trainable=7098018
StageC-Joint ep 16: train_loss=8.4074 (cls=0.3215, rank=0.3062, reco=20.1876, cons=0.1176, delta=0.0773, d_gain=0.1924, d_cost=0.0899, anc_p=0.0000, anc_o=0.0000) | val_auc_unw=0.9259, val_fpr50_unw=0.018063, val_auc_w=nan, val_fpr50_w=nan, val_metric_source=unweighted, select=auc, best_sel=0.926486, unfreeze=all, reco_trainable=7098018
StageC-Joint ep 17: train_loss=8.3933 (cls=0.3208, rank=0.3052, reco=20.1540, cons=0.1178, delta=0.0771, d_gain=0.1920, d_cost=0.0897, anc_p=0.0000, anc_o=0.0000) | val_auc_unw=0.9258, val_fpr50_unw=0.017912, val_auc_w=nan, val_fpr50_w=nan, val_metric_source=unweighted, select=auc, best_sel=0.926486, unfreeze=all, reco_trainable=7098018
StageC-Joint ep 18: train_loss=8.3912 (cls=0.3210, rank=0.3052, reco=20.1483, cons=0.1177, delta=0.0762, d_gain=0.1918, d_cost=0.0893, anc_p=0.0000, anc_o=0.0000) | val_auc_unw=0.9258, val_fpr50_unw=0.018269, val_auc_w=nan, val_fpr50_w=nan, val_metric_source=unweighted, select=auc, best_sel=0.926486, unfreeze=all, reco_trainable=7098018
StageC-Joint ep 19: train_loss=8.3889 (cls=0.3203, rank=0.3054, reco=20.1445, cons=0.1176, delta=0.0763, d_gain=0.1922, d_cost=0.0895, anc_p=0.0000, anc_o=0.0000) | val_auc_unw=0.9258, val_fpr50_unw=0.018556, val_auc_w=nan, val_fpr50_w=nan, val_metric_source=unweighted, select=auc, best_sel=0.926486, unfreeze=all, reco_trainable=7098018
StageC-Joint ep 20: train_loss=8.3848 (cls=0.3207, rank=0.3056, reco=20.1330, cons=0.1177, delta=0.0763, d_gain=0.1922, d_cost=0.0895, anc_p=0.0000, anc_o=0.0000) | val_auc_unw=0.9254, val_fpr50_unw=0.018412, val_auc_w=nan, val_fpr50_w=nan, val_metric_source=unweighted, select=auc, best_sel=0.926486, unfreeze=all, reco_trainable=7098018
StageC-Joint ep 21: train_loss=8.3803 (cls=0.3206, rank=0.3062, reco=20.1221, cons=0.1177, delta=0.0762, d_gain=0.1924, d_cost=0.0895, anc_p=0.0000, anc_o=0.0000) | val_auc_unw=0.9258, val_fpr50_unw=0.018089, val_auc_w=nan, val_fpr50_w=nan, val_metric_source=unweighted, select=auc, best_sel=0.926486, unfreeze=all, reco_trainable=7098018
StageC-Joint ep 22: train_loss=8.3854 (cls=0.3194, rank=0.3053, reco=20.1380, cons=0.1177, delta=0.0754, d_gain=0.1925, d_cost=0.0893, anc_p=0.0000, anc_o=0.0000) | val_auc_unw=0.9253, val_fpr50_unw=0.017855, val_auc_w=nan, val_fpr50_w=nan, val_metric_source=unweighted, select=auc, best_sel=0.926486, unfreeze=all, reco_trainable=7098018
StageC-Joint ep 23: train_loss=8.3778 (cls=0.3202, rank=0.3064, reco=20.1171, cons=0.1178, delta=0.0748, d_gain=0.1924, d_cost=0.0891, anc_p=0.0000, anc_o=0.0000) | val_auc_unw=0.9256, val_fpr50_unw=0.018153, val_auc_w=nan, val_fpr50_w=nan, val_metric_source=unweighted, select=auc, best_sel=0.926486, unfreeze=all, reco_trainable=7098018
StageC-Joint ep 24: train_loss=8.3793 (cls=0.3193, rank=0.3066, reco=20.1231, cons=0.1177, delta=0.0747, d_gain=0.1927, d_cost=0.0892, anc_p=0.0000, anc_o=0.0000) | val_auc_unw=0.9255, val_fpr50_unw=0.018288, val_auc_w=nan, val_fpr50_w=nan, val_metric_source=unweighted, select=auc, best_sel=0.926486, unfreeze=all, reco_trainable=7098018
StageC-Joint ep 25: train_loss=8.3842 (cls=0.3196, rank=0.3060, reco=20.1345, cons=0.1177, delta=0.0744, d_gain=0.1922, d_cost=0.0889, anc_p=0.0000, anc_o=0.0000) | val_auc_unw=0.9256, val_fpr50_unw=0.018442, val_auc_w=nan, val_fpr50_w=nan, val_metric_source=unweighted, select=auc, best_sel=0.926486, unfreeze=all, reco_trainable=7098018
Early stopping StageC-Joint at epoch 25

======================================================================
STEP 5: RECONSTRUCTION DIAGNOSTICS
======================================================================

Jet pT response/resolution by truth pT bin (test split):
  pT_low - pT_high | N | HLT resp | HLT reso | Corrected resp | Corrected reso
  172739.4 - 504068.9 | 18750 | 0.8681 | 0.1516 | 0.6624 | 0.1136
  504068.9 - 773424.6 | 18750 | 0.8445 | 0.1720 | 0.5920 | 0.1160
  773424.6 - 1093714.0 | 18750 | 0.8330 | 0.1869 | 0.5458 | 0.1148
  1093714.0 - 1365805.0 | 18750 | 0.8218 | 0.2022 | 0.5107 | 0.1155
  1365805.0 - 1711763.0 | 18750 | 0.8203 | 0.2056 | 0.4923 | 0.1135
  1711763.0 - 2155283.2 | 18750 | 0.8155 | 0.2123 | 0.4740 | 0.1145
  2155283.2 - 2633962.7 | 18750 | 0.8110 | 0.2225 | 0.4536 | 0.1156
  2633962.7 - 4355157.0 | 18750 | 0.7996 | 0.2295 | 0.4342 | 0.1154

Constituent-count diagnostics:
  Means: offline=54.297, hlt=29.181, reco=51.615
  MAE vs offline: hlt=25.116, reco=5.300

Budget diagnostics (test split):
  MAE: merge=5.244, eff=0.000, total=5.244
  Bias: merge=-2.121, eff=0.000, total=-2.121

======================================================================
FINAL TEST EVALUATION
======================================================================
Teacher (Offline) AUC: 0.9533
Baseline (HLT)   AUC: 0.9214
Stage2 (PreJoint) AUC: 0.9228
Stage2 (BestValFPR50) AUC: 0.9224
Joint Dual-View  AUC: 0.9246
Joint Dual-View (BestValFPR50) AUC: 0.9246

FPR@30 Teacher/Baseline/Stage2/Joint: 0.002131 / 0.005524 / 0.005035 / 0.004928
FPR@30 Stage2BestFPR / JointBestFPR: 0.005062 / 0.004928
FPR@50 Teacher/Baseline/Stage2/Joint: 0.009940 / 0.021587 / 0.020443 / 0.019381
FPR@50 Stage2BestFPR / JointBestFPR: 0.020029 / 0.019381
Saving val/test score arrays for fusion analysis...
Saved fusion score arrays to: checkpoints/reco_teacher_joint_fusion_6model_150k75k150k/model2_joint_ot_chamfer_nophys_noratio/model2_joint_ot_chamfer_nophys_noratio_150k75k150k_seed0/fusion_scores_val_test.npz

Saved joint results to: checkpoints/reco_teacher_joint_fusion_6model_150k75k150k/model2_joint_ot_chamfer_nophys_noratio/model2_joint_ot_chamfer_nophys_noratio_150k75k150k_seed0
Done: checkpoints/reco_teacher_joint_fusion_6model_150k75k150k/model2_joint_ot_chamfer_nophys_noratio/model2_joint_ot_chamfer_nophys_noratio_150k75k150k_seed0
