============================================================
Model-2 Joint (Chamfer + budget + sparse only among budget/sparse/local; phys/pt/e OFF)
Run: checkpoints/reco_teacher_joint_fusion_6model_150k75k150k/model2_joint_chamfer_budget_sparse/model2_joint_chamfer_budget_sparse_150k75k150k_seed0
Split: train=150000, val=75000, test=150000
============================================================
 python offline_reconstructor_joint_dualview_stage2save_auc_norankc_nopriv_unmergeonly.py --save_dir checkpoints/reco_teacher_joint_fusion_6model_150k75k150k/model2_joint_chamfer_budget_sparse --run_name model2_joint_chamfer_budget_sparse_150k75k150k_seed0 --n_train_jets 375000 --n_train_split 150000 --n_val_split 75000 --n_test_split 150000 --offset_jets 0 --max_constits 100 --num_workers 6 --seed 0 --selection_metric auc --stageB_lambda_rank 0.0 --stageB_lambda_cons 0.0 --stageC_lr_dual 1e-5 --stageC_lr_reco 5e-6 --lambda_reco 0.4 --lambda_cons 0.0 --stageC_lambda_delta 0.05 --stageC_delta_tau 0.05 --stageC_delta_lambda_fp 3.0 --stageC_delta_warmup_epochs 8 --added_target_scale 0.90 --loss_set_mode chamfer --loss_w_phys 0.0 --loss_w_pt_ratio 0.0 --loss_w_e_ratio 0.0 --loss_w_budget 0.65 --loss_w_sparse 0.02 --loss_w_local 0.0 --save_fusion_scores --disable_final_kd --device cuda
Device: cuda
Save dir: checkpoints/reco_teacher_joint_fusion_6model_150k75k150k/model2_joint_chamfer_budget_sparse/model2_joint_chamfer_budget_sparse_150k75k150k_seed0
Loading offline constituents...
Generating pseudo-HLT...
Non-priv target setup: added_target_scale=0.900, mean_true_added_raw=25.116, mean_target_added=22.604
Computing features...
Split sizes: Train=150000, Val=75000, Test=150000 (custom_counts=True)
Stage-B train subset: N=150000 / 150000 (frac=1.000, seed=0)

======================================================================
STEP 1: TEACHER + BASELINE
======================================================================
Teacher ep 5: train_auc=0.9439, val_auc=0.9469, val_fpr50=0.012873, best_auc=0.9469, fpr50@best=0.012873
Teacher ep 10: train_auc=0.9509, val_auc=0.9526, val_fpr50=0.010285, best_auc=0.9526, fpr50@best=0.010285
Teacher ep 15: train_auc=0.9549, val_auc=0.9522, val_fpr50=0.011025, best_auc=0.9529, fpr50@best=0.010068
Teacher ep 20: train_auc=0.9577, val_auc=0.9480, val_fpr50=0.013272, best_auc=0.9529, fpr50@best=0.010068
Teacher ep 25: train_auc=0.9610, val_auc=0.9513, val_fpr50=0.010954, best_auc=0.9539, fpr50@best=0.009423
Teacher ep 30: train_auc=0.9652, val_auc=0.9503, val_fpr50=0.011826, best_auc=0.9539, fpr50@best=0.009423
Teacher ep 35: train_auc=0.9696, val_auc=0.9496, val_fpr50=0.011791, best_auc=0.9539, fpr50@best=0.009423
Early stopping Teacher at epoch 37
Baseline ep 5: train_auc=0.9099, val_auc=0.9027, val_fpr50=0.028200, best_auc=0.9096, fpr50@best=0.027649
Baseline ep 10: train_auc=0.9173, val_auc=0.9176, val_fpr50=0.023106, best_auc=0.9185, fpr50@best=0.021131
Baseline ep 15: train_auc=0.9211, val_auc=0.9199, val_fpr50=0.021754, best_auc=0.9207, fpr50@best=0.019859
Baseline ep 20: train_auc=0.9251, val_auc=0.9232, val_fpr50=0.020238, best_auc=0.9232, fpr50@best=0.020238
Baseline ep 25: train_auc=0.9291, val_auc=0.9231, val_fpr50=0.020397, best_auc=0.9232, fpr50@best=0.020238
Baseline ep 30: train_auc=0.9336, val_auc=0.9194, val_fpr50=0.023387, best_auc=0.9235, fpr50@best=0.020215
Baseline ep 35: train_auc=0.9383, val_auc=0.9220, val_fpr50=0.021137, best_auc=0.9235, fpr50@best=0.020215
Baseline ep 40: train_auc=0.9435, val_auc=0.9181, val_fpr50=0.023374, best_auc=0.9235, fpr50@best=0.020215
Early stopping Baseline at epoch 41
StageC weak-delta HLT reference @TPR=0.50: threshold_prob=0.920016, val_auc_hlt=0.9235

======================================================================
STEP 2: STAGE A (RECONSTRUCTOR PRETRAIN)
======================================================================
Ep 5: train_total=25.9924, val_total_unw=28.6518, val_total_w=28.6518, select=unweighted, best_sel=24.6838 | set_unw=0.4143, phys_unw=0.6411, budget_unw=43.4390, stage_scale=0.35
Ep 10: train_total=24.9399, val_total_unw=24.1284, val_total_w=24.1284, select=unweighted, best_sel=23.8040 | set_unw=0.3830, phys_unw=0.5769, budget_unw=36.5277, stage_scale=0.35
Ep 15: train_total=24.4803, val_total_unw=25.3455, val_total_w=25.3455, select=unweighted, best_sel=23.8040 | set_unw=0.3774, phys_unw=0.5805, budget_unw=38.4089, stage_scale=0.35
Ep 20: train_total=24.1832, val_total_unw=24.2268, val_total_w=24.2268, select=unweighted, best_sel=23.6540 | set_unw=0.3666, phys_unw=0.5592, budget_unw=36.7043, stage_scale=0.35
Stage-A transition -> reloaded best from phase_035 (epoch=17, val_total=23.6540)
Ep 25: train_total=22.3715, val_total_unw=23.5661, val_total_w=23.5661, select=unweighted, best_sel=21.9610 | set_unw=0.3699, phys_unw=0.5654, budget_unw=35.6830, stage_scale=0.70
Ep 30: train_total=22.1486, val_total_unw=22.6519, val_total_w=22.6519, select=unweighted, best_sel=21.9610 | set_unw=0.3612, phys_unw=0.5526, budget_unw=34.2899, stage_scale=0.70
Ep 35: train_total=21.9396, val_total_unw=22.8842, val_total_w=22.8842, select=unweighted, best_sel=21.9610 | set_unw=0.3643, phys_unw=0.5582, budget_unw=34.6426, stage_scale=0.70
Ep 40: train_total=21.7688, val_total_unw=22.4628, val_total_w=22.4628, select=unweighted, best_sel=21.9610 | set_unw=0.3606, phys_unw=0.5522, budget_unw=33.9999, stage_scale=0.70
Ep 45: train_total=21.5678, val_total_unw=22.2978, val_total_w=22.2978, select=unweighted, best_sel=21.9610 | set_unw=0.3581, phys_unw=0.5479, budget_unw=33.7498, stage_scale=0.70
Ep 50: train_total=21.3686, val_total_unw=22.2884, val_total_w=22.2884, select=unweighted, best_sel=21.8160 | set_unw=0.3535, phys_unw=0.5399, budget_unw=33.7425, stage_scale=0.70
Ep 55: train_total=21.1346, val_total_unw=22.7493, val_total_w=22.7493, select=unweighted, best_sel=21.8160 | set_unw=0.3564, phys_unw=0.5497, budget_unw=34.4472, stage_scale=0.70
Stage-A transition -> reloaded best from phase_070 (epoch=48, val_total=21.8160)
Ep 60: train_total=20.8282, val_total_unw=22.4667, val_total_w=22.4667, select=unweighted, best_sel=21.8160 | set_unw=0.3573, phys_unw=0.5486, budget_unw=34.0110, stage_scale=1.00
Ep 65: train_total=20.5873, val_total_unw=22.2327, val_total_w=22.2327, select=unweighted, best_sel=21.8160 | set_unw=0.3555, phys_unw=0.5465, budget_unw=33.6537, stage_scale=1.00
Ep 70: train_total=20.2707, val_total_unw=22.1931, val_total_w=22.1931, select=unweighted, best_sel=21.6432 | set_unw=0.3529, phys_unw=0.5378, budget_unw=33.5967, stage_scale=1.00
Ep 75: train_total=19.8593, val_total_unw=22.0869, val_total_w=22.0869, select=unweighted, best_sel=21.6432 | set_unw=0.3532, phys_unw=0.5332, budget_unw=33.4329, stage_scale=1.00
Ep 80: train_total=19.5102, val_total_unw=22.2090, val_total_w=22.2090, select=unweighted, best_sel=21.6432 | set_unw=0.3528, phys_unw=0.5356, budget_unw=33.6213, stage_scale=1.00
Ep 85: train_total=19.2035, val_total_unw=22.4264, val_total_w=22.4264, select=unweighted, best_sel=21.6432 | set_unw=0.3544, phys_unw=0.5374, budget_unw=33.9533, stage_scale=1.00
Early stopping reconstructor at epoch 86

======================================================================
STEP 3: STAGE B (DUAL PRETRAIN, FROZEN RECONSTRUCTOR)
======================================================================
StageB-DualPretrain ep 5: train_loss=0.3758 (cls=0.3758, rank=0.3045, reco=0.0000, cons=0.1162, delta=0.0000, d_gain=0.0000, d_cost=0.0000, anc_p=0.0000, anc_o=0.0000) | val_auc_unw=0.9167, val_fpr50_unw=0.022702, val_auc_w=nan, val_fpr50_w=nan, val_metric_source=unweighted, select=auc, best_sel=0.916699, unfreeze=frozen, reco_trainable=0, dual_frozen=False, dual_trainable=2812673
StageB-DualPretrain ep 10: train_loss=0.3614 (cls=0.3614, rank=0.3027, reco=0.0000, cons=0.1162, delta=0.0000, d_gain=0.0000, d_cost=0.0000, anc_p=0.0000, anc_o=0.0000) | val_auc_unw=0.9185, val_fpr50_unw=0.021429, val_auc_w=nan, val_fpr50_w=nan, val_metric_source=unweighted, select=auc, best_sel=0.918941, unfreeze=frozen, reco_trainable=0, dual_frozen=False, dual_trainable=2812673
StageB-DualPretrain ep 15: train_loss=0.3516 (cls=0.3516, rank=0.3033, reco=0.0000, cons=0.1162, delta=0.0000, d_gain=0.0000, d_cost=0.0000, anc_p=0.0000, anc_o=0.0000) | val_auc_unw=0.9229, val_fpr50_unw=0.019369, val_auc_w=nan, val_fpr50_w=nan, val_metric_source=unweighted, select=auc, best_sel=0.922938, unfreeze=frozen, reco_trainable=0, dual_frozen=False, dual_trainable=2812673
StageB-DualPretrain ep 20: train_loss=0.3431 (cls=0.3431, rank=0.3028, reco=0.0000, cons=0.1162, delta=0.0000, d_gain=0.0000, d_cost=0.0000, anc_p=0.0000, anc_o=0.0000) | val_auc_unw=0.9172, val_fpr50_unw=0.023064, val_auc_w=nan, val_fpr50_w=nan, val_metric_source=unweighted, select=auc, best_sel=0.925124, unfreeze=frozen, reco_trainable=0, dual_frozen=False, dual_trainable=2812673
StageB-DualPretrain ep 25: train_loss=0.3332 (cls=0.3332, rank=0.3035, reco=0.0000, cons=0.1162, delta=0.0000, d_gain=0.0000, d_cost=0.0000, anc_p=0.0000, anc_o=0.0000) | val_auc_unw=0.9232, val_fpr50_unw=0.019234, val_auc_w=nan, val_fpr50_w=nan, val_metric_source=unweighted, select=auc, best_sel=0.925124, unfreeze=frozen, reco_trainable=0, dual_frozen=False, dual_trainable=2812673
StageB-DualPretrain ep 30: train_loss=0.3218 (cls=0.3218, rank=0.3041, reco=0.0000, cons=0.1162, delta=0.0000, d_gain=0.0000, d_cost=0.0000, anc_p=0.0000, anc_o=0.0000) | val_auc_unw=0.9239, val_fpr50_unw=0.019274, val_auc_w=nan, val_fpr50_w=nan, val_metric_source=unweighted, select=auc, best_sel=0.925124, unfreeze=frozen, reco_trainable=0, dual_frozen=False, dual_trainable=2812673
Early stopping StageB-DualPretrain at epoch 31

======================================================================
STEP 4: STAGE C (JOINT FINETUNE)
======================================================================
StageC-Joint ep 1: train_loss=8.3824 (cls=0.3362, rank=0.3034, reco=20.1135, cons=0.1177, delta=0.1135, d_gain=0.1918, d_cost=0.1018, anc_p=0.0000, anc_o=0.0000) | val_auc_unw=0.9258, val_fpr50_unw=0.018150, val_auc_w=nan, val_fpr50_w=nan, val_metric_source=unweighted, select=auc, best_sel=0.925823, unfreeze=all, reco_trainable=7098018, dual_frozen=False, dual_trainable=2812673
StageC-Joint ep 2: train_loss=8.3534 (cls=0.3349, rank=0.3027, reco=20.0430, cons=0.1178, delta=0.1066, d_gain=0.1901, d_cost=0.0989, anc_p=0.0000, anc_o=0.0000) | val_auc_unw=0.9261, val_fpr50_unw=0.017984, val_auc_w=nan, val_fpr50_w=nan, val_metric_source=unweighted, select=auc, best_sel=0.926125, unfreeze=all, reco_trainable=7098018, dual_frozen=False, dual_trainable=2812673
StageC-Joint ep 3: train_loss=8.3319 (cls=0.3334, rank=0.3028, reco=19.9915, cons=0.1177, delta=0.1014, d_gain=0.1899, d_cost=0.0971, anc_p=0.0000, anc_o=0.0000) | val_auc_unw=0.9262, val_fpr50_unw=0.017849, val_auc_w=nan, val_fpr50_w=nan, val_metric_source=unweighted, select=auc, best_sel=0.926161, unfreeze=all, reco_trainable=7098018, dual_frozen=False, dual_trainable=2812673
StageC-Joint ep 4: train_loss=8.3222 (cls=0.3321, rank=0.3042, reco=19.9691, cons=0.1176, delta=0.0981, d_gain=0.1901, d_cost=0.0961, anc_p=0.0000, anc_o=0.0000) | val_auc_unw=0.9264, val_fpr50_unw=0.017689, val_auc_w=nan, val_fpr50_w=nan, val_metric_source=unweighted, select=auc, best_sel=0.926373, unfreeze=all, reco_trainable=7098018, dual_frozen=False, dual_trainable=2812673
StageC-Joint ep 5: train_loss=8.3132 (cls=0.3316, rank=0.3040, reco=19.9464, cons=0.1177, delta=0.0961, d_gain=0.1900, d_cost=0.0954, anc_p=0.0000, anc_o=0.0000) | val_auc_unw=0.9264, val_fpr50_unw=0.017578, val_auc_w=nan, val_fpr50_w=nan, val_metric_source=unweighted, select=auc, best_sel=0.926373, unfreeze=all, reco_trainable=7098018, dual_frozen=False, dual_trainable=2812673
StageC-Joint ep 6: train_loss=8.3064 (cls=0.3316, rank=0.3040, reco=19.9280, cons=0.1177, delta=0.0942, d_gain=0.1898, d_cost=0.0947, anc_p=0.0000, anc_o=0.0000) | val_auc_unw=0.9264, val_fpr50_unw=0.017649, val_auc_w=nan, val_fpr50_w=nan, val_metric_source=unweighted, select=auc, best_sel=0.926439, unfreeze=all, reco_trainable=7098018, dual_frozen=False, dual_trainable=2812673
StageC-Joint ep 7: train_loss=8.3008 (cls=0.3306, rank=0.3048, reco=19.9155, cons=0.1177, delta=0.0914, d_gain=0.1898, d_cost=0.0937, anc_p=0.0000, anc_o=0.0000) | val_auc_unw=0.9263, val_fpr50_unw=0.017797, val_auc_w=nan, val_fpr50_w=nan, val_metric_source=unweighted, select=auc, best_sel=0.926439, unfreeze=all, reco_trainable=7098018, dual_frozen=False, dual_trainable=2812673
StageC-Joint ep 8: train_loss=8.2984 (cls=0.3312, rank=0.3047, reco=19.9067, cons=0.1177, delta=0.0908, d_gain=0.1901, d_cost=0.0936, anc_p=0.0000, anc_o=0.0000) | val_auc_unw=0.9263, val_fpr50_unw=0.017691, val_auc_w=nan, val_fpr50_w=nan, val_metric_source=unweighted, select=auc, best_sel=0.926439, unfreeze=all, reco_trainable=7098018, dual_frozen=False, dual_trainable=2812673
StageC-Joint ep 9: train_loss=8.2891 (cls=0.3314, rank=0.3042, reco=19.8829, cons=0.1177, delta=0.0904, d_gain=0.1894, d_cost=0.0933, anc_p=0.0000, anc_o=0.0000) | val_auc_unw=0.9261, val_fpr50_unw=0.017651, val_auc_w=nan, val_fpr50_w=nan, val_metric_source=unweighted, select=auc, best_sel=0.926439, unfreeze=all, reco_trainable=7098018, dual_frozen=False, dual_trainable=2812673
StageC-Joint ep 10: train_loss=8.2916 (cls=0.3304, rank=0.3047, reco=19.8920, cons=0.1177, delta=0.0892, d_gain=0.1899, d_cost=0.0930, anc_p=0.0000, anc_o=0.0000) | val_auc_unw=0.9260, val_fpr50_unw=0.017795, val_auc_w=nan, val_fpr50_w=nan, val_metric_source=unweighted, select=auc, best_sel=0.926439, unfreeze=all, reco_trainable=7098018, dual_frozen=False, dual_trainable=2812673
StageC-Joint ep 11: train_loss=8.2860 (cls=0.3301, rank=0.3046, reco=19.8786, cons=0.1178, delta=0.0882, d_gain=0.1899, d_cost=0.0927, anc_p=0.0000, anc_o=0.0000) | val_auc_unw=0.9263, val_fpr50_unw=0.017912, val_auc_w=nan, val_fpr50_w=nan, val_metric_source=unweighted, select=auc, best_sel=0.926439, unfreeze=all, reco_trainable=7098018, dual_frozen=False, dual_trainable=2812673
StageC-Joint ep 12: train_loss=8.2902 (cls=0.3307, rank=0.3049, reco=19.8878, cons=0.1177, delta=0.0879, d_gain=0.1897, d_cost=0.0926, anc_p=0.0000, anc_o=0.0000) | val_auc_unw=0.9262, val_fpr50_unw=0.017733, val_auc_w=nan, val_fpr50_w=nan, val_metric_source=unweighted, select=auc, best_sel=0.926439, unfreeze=all, reco_trainable=7098018, dual_frozen=False, dual_trainable=2812673
StageC-Joint ep 13: train_loss=8.2728 (cls=0.3292, rank=0.3048, reco=19.8479, cons=0.1178, delta=0.0872, d_gain=0.1903, d_cost=0.0925, anc_p=0.0000, anc_o=0.0000) | val_auc_unw=0.9262, val_fpr50_unw=0.017723, val_auc_w=nan, val_fpr50_w=nan, val_metric_source=unweighted, select=auc, best_sel=0.926439, unfreeze=all, reco_trainable=7098018, dual_frozen=False, dual_trainable=2812673
StageC-Joint ep 14: train_loss=8.2904 (cls=0.3295, rank=0.3051, reco=19.8913, cons=0.1178, delta=0.0878, d_gain=0.1901, d_cost=0.0926, anc_p=0.0000, anc_o=0.0000) | val_auc_unw=0.9261, val_fpr50_unw=0.017977, val_auc_w=nan, val_fpr50_w=nan, val_metric_source=unweighted, select=auc, best_sel=0.926439, unfreeze=all, reco_trainable=7098018, dual_frozen=False, dual_trainable=2812673
StageC-Joint ep 15: train_loss=8.2764 (cls=0.3289, rank=0.3051, reco=19.8580, cons=0.1177, delta=0.0857, d_gain=0.1900, d_cost=0.0919, anc_p=0.0000, anc_o=0.0000) | val_auc_unw=0.9261, val_fpr50_unw=0.017985, val_auc_w=nan, val_fpr50_w=nan, val_metric_source=unweighted, select=auc, best_sel=0.926439, unfreeze=all, reco_trainable=7098018, dual_frozen=False, dual_trainable=2812673
StageC-Joint ep 16: train_loss=8.2674 (cls=0.3282, rank=0.3050, reco=19.8372, cons=0.1177, delta=0.0853, d_gain=0.1905, d_cost=0.0919, anc_p=0.0000, anc_o=0.0000) | val_auc_unw=0.9261, val_fpr50_unw=0.018035, val_auc_w=nan, val_fpr50_w=nan, val_metric_source=unweighted, select=auc, best_sel=0.926439, unfreeze=all, reco_trainable=7098018, dual_frozen=False, dual_trainable=2812673
StageC-Joint ep 17: train_loss=8.2765 (cls=0.3287, rank=0.3053, reco=19.8588, cons=0.1178, delta=0.0853, d_gain=0.1903, d_cost=0.0919, anc_p=0.0000, anc_o=0.0000) | val_auc_unw=0.9262, val_fpr50_unw=0.017971, val_auc_w=nan, val_fpr50_w=nan, val_metric_source=unweighted, select=auc, best_sel=0.926439, unfreeze=all, reco_trainable=7098018, dual_frozen=False, dual_trainable=2812673
StageC-Joint ep 18: train_loss=8.2638 (cls=0.3280, rank=0.3047, reco=19.8287, cons=0.1177, delta=0.0854, d_gain=0.1907, d_cost=0.0921, anc_p=0.0000, anc_o=0.0000) | val_auc_unw=0.9262, val_fpr50_unw=0.018136, val_auc_w=nan, val_fpr50_w=nan, val_metric_source=unweighted, select=auc, best_sel=0.926439, unfreeze=all, reco_trainable=7098018, dual_frozen=False, dual_trainable=2812673
StageC-Joint ep 19: train_loss=8.2626 (cls=0.3283, rank=0.3048, reco=19.8252, cons=0.1179, delta=0.0857, d_gain=0.1902, d_cost=0.0920, anc_p=0.0000, anc_o=0.0000) | val_auc_unw=0.9261, val_fpr50_unw=0.017997, val_auc_w=nan, val_fpr50_w=nan, val_metric_source=unweighted, select=auc, best_sel=0.926439, unfreeze=all, reco_trainable=7098018, dual_frozen=False, dual_trainable=2812673
StageC-Joint ep 20: train_loss=8.2579 (cls=0.3275, rank=0.3042, reco=19.8155, cons=0.1178, delta=0.0838, d_gain=0.1902, d_cost=0.0913, anc_p=0.0000, anc_o=0.0000) | val_auc_unw=0.9261, val_fpr50_unw=0.018163, val_auc_w=nan, val_fpr50_w=nan, val_metric_source=unweighted, select=auc, best_sel=0.926439, unfreeze=all, reco_trainable=7098018, dual_frozen=False, dual_trainable=2812673
StageC-Joint ep 21: train_loss=8.2752 (cls=0.3284, rank=0.3044, reco=19.8562, cons=0.1177, delta=0.0857, d_gain=0.1902, d_cost=0.0920, anc_p=0.0000, anc_o=0.0000) | val_auc_unw=0.9261, val_fpr50_unw=0.017926, val_auc_w=nan, val_fpr50_w=nan, val_metric_source=unweighted, select=auc, best_sel=0.926439, unfreeze=all, reco_trainable=7098018, dual_frozen=False, dual_trainable=2812673
StageC-Joint ep 22: train_loss=8.2588 (cls=0.3274, rank=0.3041, reco=19.8179, cons=0.1178, delta=0.0846, d_gain=0.1906, d_cost=0.0917, anc_p=0.0000, anc_o=0.0000) | val_auc_unw=0.9258, val_fpr50_unw=0.018235, val_auc_w=nan, val_fpr50_w=nan, val_metric_source=unweighted, select=auc, best_sel=0.926439, unfreeze=all, reco_trainable=7098018, dual_frozen=False, dual_trainable=2812673
StageC-Joint ep 23: train_loss=8.2451 (cls=0.3277, rank=0.3051, reco=19.7828, cons=0.1178, delta=0.0848, d_gain=0.1905, d_cost=0.0918, anc_p=0.0000, anc_o=0.0000) | val_auc_unw=0.9260, val_fpr50_unw=0.018036, val_auc_w=nan, val_fpr50_w=nan, val_metric_source=unweighted, select=auc, best_sel=0.926439, unfreeze=all, reco_trainable=7098018, dual_frozen=False, dual_trainable=2812673
StageC-Joint ep 24: train_loss=8.2492 (cls=0.3274, rank=0.3052, reco=19.7938, cons=0.1177, delta=0.0845, d_gain=0.1905, d_cost=0.0917, anc_p=0.0000, anc_o=0.0000) | val_auc_unw=0.9258, val_fpr50_unw=0.018163, val_auc_w=nan, val_fpr50_w=nan, val_metric_source=unweighted, select=auc, best_sel=0.926439, unfreeze=all, reco_trainable=7098018, dual_frozen=False, dual_trainable=2812673
StageC-Joint ep 25: train_loss=8.2608 (cls=0.3279, rank=0.3050, reco=19.8215, cons=0.1178, delta=0.0845, d_gain=0.1904, d_cost=0.0916, anc_p=0.0000, anc_o=0.0000) | val_auc_unw=0.9259, val_fpr50_unw=0.018150, val_auc_w=nan, val_fpr50_w=nan, val_metric_source=unweighted, select=auc, best_sel=0.926439, unfreeze=all, reco_trainable=7098018, dual_frozen=False, dual_trainable=2812673
Early stopping StageC-Joint at epoch 25

======================================================================
STEP 5: RECONSTRUCTION DIAGNOSTICS
======================================================================

Jet pT response/resolution by truth pT bin (test split):
  pT_low - pT_high | N | HLT resp | HLT reso | Corrected resp | Corrected reso
  172739.4 - 504068.9 | 18750 | 0.8681 | 0.1516 | 0.6782 | 0.1272
  504068.9 - 773424.6 | 18750 | 0.8445 | 0.1720 | 0.5946 | 0.1202
  773424.6 - 1093714.0 | 18750 | 0.8330 | 0.1869 | 0.5352 | 0.1132
  1093714.0 - 1365805.0 | 18750 | 0.8218 | 0.2022 | 0.4932 | 0.1109
  1365805.0 - 1711763.0 | 18750 | 0.8203 | 0.2056 | 0.4709 | 0.1074
  1711763.0 - 2155283.2 | 18750 | 0.8155 | 0.2123 | 0.4489 | 0.1069
  2155283.2 - 2633962.7 | 18750 | 0.8110 | 0.2225 | 0.4265 | 0.1067
  2633962.7 - 4355157.0 | 18750 | 0.7996 | 0.2295 | 0.4055 | 0.1057

Constituent-count diagnostics:
  Means: offline=54.297, hlt=29.181, reco=51.680
  MAE vs offline: hlt=25.116, reco=5.284

Budget diagnostics (test split):
  MAE: merge=5.258, eff=0.000, total=5.258
  Bias: merge=-2.058, eff=0.000, total=-2.058

======================================================================
FINAL TEST EVALUATION
======================================================================
Teacher (Offline) AUC: 0.9533
Baseline (HLT)   AUC: 0.9214
Stage2 (PreJoint) AUC: 0.9234
Stage2 (BestValFPR50) AUC: 0.9225
Joint Dual-View  AUC: 0.9248
Joint Dual-View (BestValFPR50) AUC: 0.9247

FPR@30 Teacher/Baseline/Stage2/Joint: 0.002131 / 0.005524 / 0.005234 / 0.004675
FPR@30 Stage2BestFPR / JointBestFPR: 0.005155 / 0.004635
FPR@50 Teacher/Baseline/Stage2/Joint: 0.009940 / 0.021587 / 0.020514 / 0.019101
FPR@50 Stage2BestFPR / JointBestFPR: 0.020312 / 0.019033
Saving val/test score arrays for fusion analysis...
Saved fusion score arrays to: checkpoints/reco_teacher_joint_fusion_6model_150k75k150k/model2_joint_chamfer_budget_sparse/model2_joint_chamfer_budget_sparse_150k75k150k_seed0/fusion_scores_val_test.npz

Saved joint results to: checkpoints/reco_teacher_joint_fusion_6model_150k75k150k/model2_joint_chamfer_budget_sparse/model2_joint_chamfer_budget_sparse_150k75k150k_seed0
Done: checkpoints/reco_teacher_joint_fusion_6model_150k75k150k/model2_joint_chamfer_budget_sparse/model2_joint_chamfer_budget_sparse_150k75k150k_seed0
