============================================================
Model-2 Joint (Chamfer + sparse only among budget/sparse/local; phys/pt/e OFF)
Run: checkpoints/reco_teacher_joint_fusion_6model_150k75k150k/model2_joint_chamfer_sparseonly/model2_joint_chamfer_sparseonly_150k75k150k_seed0
Split: train=150000, val=75000, test=150000
============================================================
 python offline_reconstructor_joint_dualview_stage2save_auc_norankc_nopriv_unmergeonly.py --save_dir checkpoints/reco_teacher_joint_fusion_6model_150k75k150k/model2_joint_chamfer_sparseonly --run_name model2_joint_chamfer_sparseonly_150k75k150k_seed0 --n_train_jets 375000 --n_train_split 150000 --n_val_split 75000 --n_test_split 150000 --offset_jets 0 --max_constits 100 --num_workers 6 --seed 0 --selection_metric auc --stageB_lambda_rank 0.0 --stageB_lambda_cons 0.0 --stageC_lr_dual 1e-5 --stageC_lr_reco 5e-6 --lambda_reco 0.4 --lambda_cons 0.0 --stageC_lambda_delta 0.05 --stageC_delta_tau 0.05 --stageC_delta_lambda_fp 3.0 --stageC_delta_warmup_epochs 8 --added_target_scale 0.90 --loss_set_mode chamfer --loss_w_phys 0.0 --loss_w_pt_ratio 0.0 --loss_w_e_ratio 0.0 --loss_w_budget 0.0 --loss_w_sparse 0.02 --loss_w_local 0.0 --save_fusion_scores --disable_final_kd --device cuda
Device: cuda
Save dir: checkpoints/reco_teacher_joint_fusion_6model_150k75k150k/model2_joint_chamfer_sparseonly/model2_joint_chamfer_sparseonly_150k75k150k_seed0
Loading offline constituents...
Generating pseudo-HLT...
Non-priv target setup: added_target_scale=0.900, mean_true_added_raw=25.116, mean_target_added=22.604
Computing features...
Split sizes: Train=150000, Val=75000, Test=150000 (custom_counts=True)
Stage-B train subset: N=150000 / 150000 (frac=1.000, seed=0)

======================================================================
STEP 1: TEACHER + BASELINE
======================================================================
Teacher ep 5: train_auc=0.9439, val_auc=0.9469, val_fpr50=0.012873, best_auc=0.9469, fpr50@best=0.012873
Teacher ep 10: train_auc=0.9509, val_auc=0.9526, val_fpr50=0.010285, best_auc=0.9526, fpr50@best=0.010285
Teacher ep 15: train_auc=0.9549, val_auc=0.9522, val_fpr50=0.011025, best_auc=0.9529, fpr50@best=0.010068
Teacher ep 20: train_auc=0.9577, val_auc=0.9480, val_fpr50=0.013272, best_auc=0.9529, fpr50@best=0.010068
Teacher ep 25: train_auc=0.9610, val_auc=0.9513, val_fpr50=0.010954, best_auc=0.9539, fpr50@best=0.009423
Teacher ep 30: train_auc=0.9652, val_auc=0.9503, val_fpr50=0.011826, best_auc=0.9539, fpr50@best=0.009423
Teacher ep 35: train_auc=0.9696, val_auc=0.9496, val_fpr50=0.011791, best_auc=0.9539, fpr50@best=0.009423
Early stopping Teacher at epoch 37
Baseline ep 5: train_auc=0.9099, val_auc=0.9027, val_fpr50=0.028200, best_auc=0.9096, fpr50@best=0.027649
Baseline ep 10: train_auc=0.9173, val_auc=0.9176, val_fpr50=0.023106, best_auc=0.9185, fpr50@best=0.021131
Baseline ep 15: train_auc=0.9211, val_auc=0.9199, val_fpr50=0.021754, best_auc=0.9207, fpr50@best=0.019859
Baseline ep 20: train_auc=0.9251, val_auc=0.9232, val_fpr50=0.020238, best_auc=0.9232, fpr50@best=0.020238
Baseline ep 25: train_auc=0.9291, val_auc=0.9231, val_fpr50=0.020397, best_auc=0.9232, fpr50@best=0.020238
Baseline ep 30: train_auc=0.9336, val_auc=0.9194, val_fpr50=0.023387, best_auc=0.9235, fpr50@best=0.020215
Baseline ep 35: train_auc=0.9383, val_auc=0.9220, val_fpr50=0.021137, best_auc=0.9235, fpr50@best=0.020215
Baseline ep 40: train_auc=0.9435, val_auc=0.9181, val_fpr50=0.023374, best_auc=0.9235, fpr50@best=0.020215
Early stopping Baseline at epoch 41
StageC weak-delta HLT reference @TPR=0.50: threshold_prob=0.920016, val_auc_hlt=0.9235

======================================================================
STEP 2: STAGE A (RECONSTRUCTOR PRETRAIN)
======================================================================
Ep 5: train_total=0.3478, val_total_unw=0.3441, val_total_w=0.3441, select=unweighted, best_sel=0.3397 | set_unw=0.3422, phys_unw=0.5548, budget_unw=459.9396, stage_scale=0.35
Ep 10: train_total=0.3239, val_total_unw=0.3194, val_total_w=0.3194, select=unweighted, best_sel=0.3193 | set_unw=0.3169, phys_unw=0.5453, budget_unw=343.7955, stage_scale=0.35
Ep 15: train_total=0.3188, val_total_unw=0.3183, val_total_w=0.3183, select=unweighted, best_sel=0.3183 | set_unw=0.3157, phys_unw=0.5240, budget_unw=810.4479, stage_scale=0.35
Ep 20: train_total=0.3152, val_total_unw=0.3162, val_total_w=0.3162, select=unweighted, best_sel=0.3162 | set_unw=0.3137, phys_unw=0.5319, budget_unw=700.4402, stage_scale=0.35
Stage-A transition -> reloaded best from phase_035 (epoch=20, val_total=0.3162)
Ep 25: train_total=0.3124, val_total_unw=0.3082, val_total_w=0.3082, select=unweighted, best_sel=0.3082 | set_unw=0.3058, phys_unw=0.5283, budget_unw=762.5064, stage_scale=0.70
Ep 30: train_total=0.3091, val_total_unw=0.3065, val_total_w=0.3065, select=unweighted, best_sel=0.3065 | set_unw=0.3041, phys_unw=0.5426, budget_unw=622.8363, stage_scale=0.70
Ep 35: train_total=0.3079, val_total_unw=0.3059, val_total_w=0.3059, select=unweighted, best_sel=0.3055 | set_unw=0.3036, phys_unw=0.5466, budget_unw=610.6381, stage_scale=0.70
Ep 40: train_total=0.3045, val_total_unw=0.3021, val_total_w=0.3021, select=unweighted, best_sel=0.3021 | set_unw=0.2996, phys_unw=0.5330, budget_unw=517.7908, stage_scale=0.70
Ep 45: train_total=0.3021, val_total_unw=0.3000, val_total_w=0.3000, select=unweighted, best_sel=0.2995 | set_unw=0.2976, phys_unw=0.5468, budget_unw=581.1024, stage_scale=0.70
Ep 50: train_total=0.3003, val_total_unw=0.2967, val_total_w=0.2967, select=unweighted, best_sel=0.2967 | set_unw=0.2943, phys_unw=0.5617, budget_unw=571.0498, stage_scale=0.70
Ep 55: train_total=0.2993, val_total_unw=0.2963, val_total_w=0.2963, select=unweighted, best_sel=0.2963 | set_unw=0.2939, phys_unw=0.5533, budget_unw=555.2256, stage_scale=0.70
Stage-A transition -> reloaded best from phase_070 (epoch=55, val_total=0.2963)
Ep 60: train_total=0.2971, val_total_unw=0.2940, val_total_w=0.2940, select=unweighted, best_sel=0.2937 | set_unw=0.2917, phys_unw=0.5611, budget_unw=620.1762, stage_scale=1.00
Ep 65: train_total=0.2961, val_total_unw=0.2930, val_total_w=0.2930, select=unweighted, best_sel=0.2926 | set_unw=0.2906, phys_unw=0.5583, budget_unw=621.1715, stage_scale=1.00
Ep 70: train_total=0.2952, val_total_unw=0.2914, val_total_w=0.2914, select=unweighted, best_sel=0.2914 | set_unw=0.2890, phys_unw=0.5553, budget_unw=637.3572, stage_scale=1.00
Ep 75: train_total=0.2942, val_total_unw=0.2905, val_total_w=0.2905, select=unweighted, best_sel=0.2905 | set_unw=0.2881, phys_unw=0.5595, budget_unw=627.3128, stage_scale=1.00
Ep 80: train_total=0.2936, val_total_unw=0.2900, val_total_w=0.2900, select=unweighted, best_sel=0.2900 | set_unw=0.2876, phys_unw=0.5588, budget_unw=639.5462, stage_scale=1.00
Ep 85: train_total=0.2933, val_total_unw=0.2897, val_total_w=0.2897, select=unweighted, best_sel=0.2896 | set_unw=0.2874, phys_unw=0.5596, budget_unw=636.1786, stage_scale=1.00
Ep 90: train_total=0.2932, val_total_unw=0.2895, val_total_w=0.2895, select=unweighted, best_sel=0.2895 | set_unw=0.2871, phys_unw=0.5569, budget_unw=633.0516, stage_scale=1.00

======================================================================
STEP 3: STAGE B (DUAL PRETRAIN, FROZEN RECONSTRUCTOR)
======================================================================
StageB-DualPretrain ep 5: train_loss=0.3777 (cls=0.3777, rank=0.3042, reco=0.0000, cons=0.1194, delta=0.0000, d_gain=0.0000, d_cost=0.0000, anc_p=0.0000, anc_o=0.0000) | val_auc_unw=0.9165, val_fpr50_unw=0.023153, val_auc_w=nan, val_fpr50_w=nan, val_metric_source=unweighted, select=auc, best_sel=0.916490, unfreeze=frozen, reco_trainable=0, dual_frozen=False, dual_trainable=2812673
StageB-DualPretrain ep 10: train_loss=0.3621 (cls=0.3621, rank=0.3021, reco=0.0000, cons=0.1194, delta=0.0000, d_gain=0.0000, d_cost=0.0000, anc_p=0.0000, anc_o=0.0000) | val_auc_unw=0.9210, val_fpr50_unw=0.020885, val_auc_w=nan, val_fpr50_w=nan, val_metric_source=unweighted, select=auc, best_sel=0.921043, unfreeze=frozen, reco_trainable=0, dual_frozen=False, dual_trainable=2812673
StageB-DualPretrain ep 15: train_loss=0.3525 (cls=0.3525, rank=0.3029, reco=0.0000, cons=0.1194, delta=0.0000, d_gain=0.0000, d_cost=0.0000, anc_p=0.0000, anc_o=0.0000) | val_auc_unw=0.9237, val_fpr50_unw=0.019847, val_auc_w=nan, val_fpr50_w=nan, val_metric_source=unweighted, select=auc, best_sel=0.923736, unfreeze=frozen, reco_trainable=0, dual_frozen=False, dual_trainable=2812673
StageB-DualPretrain ep 20: train_loss=0.3440 (cls=0.3440, rank=0.3027, reco=0.0000, cons=0.1194, delta=0.0000, d_gain=0.0000, d_cost=0.0000, anc_p=0.0000, anc_o=0.0000) | val_auc_unw=0.9228, val_fpr50_unw=0.020793, val_auc_w=nan, val_fpr50_w=nan, val_metric_source=unweighted, select=auc, best_sel=0.923736, unfreeze=frozen, reco_trainable=0, dual_frozen=False, dual_trainable=2812673
StageB-DualPretrain ep 25: train_loss=0.3357 (cls=0.3357, rank=0.3026, reco=0.0000, cons=0.1194, delta=0.0000, d_gain=0.0000, d_cost=0.0000, anc_p=0.0000, anc_o=0.0000) | val_auc_unw=0.9236, val_fpr50_unw=0.019794, val_auc_w=nan, val_fpr50_w=nan, val_metric_source=unweighted, select=auc, best_sel=0.925362, unfreeze=frozen, reco_trainable=0, dual_frozen=False, dual_trainable=2812673
StageB-DualPretrain ep 30: train_loss=0.3245 (cls=0.3245, rank=0.3042, reco=0.0000, cons=0.1194, delta=0.0000, d_gain=0.0000, d_cost=0.0000, anc_p=0.0000, anc_o=0.0000) | val_auc_unw=0.9239, val_fpr50_unw=0.019418, val_auc_w=nan, val_fpr50_w=nan, val_metric_source=unweighted, select=auc, best_sel=0.925362, unfreeze=frozen, reco_trainable=0, dual_frozen=False, dual_trainable=2812673
StageB-DualPretrain ep 35: train_loss=0.3144 (cls=0.3144, rank=0.3053, reco=0.0000, cons=0.1194, delta=0.0000, d_gain=0.0000, d_cost=0.0000, anc_p=0.0000, anc_o=0.0000) | val_auc_unw=0.9228, val_fpr50_unw=0.019415, val_auc_w=nan, val_fpr50_w=nan, val_metric_source=unweighted, select=auc, best_sel=0.925362, unfreeze=frozen, reco_trainable=0, dual_frozen=False, dual_trainable=2812673
Early stopping StageB-DualPretrain at epoch 35

======================================================================
STEP 4: STAGE C (JOINT FINETUNE)
======================================================================
StageC-Joint ep 1: train_loss=0.4507 (cls=0.3328, rank=0.3016, reco=0.2932, cons=0.1186, delta=0.1134, d_gain=0.1930, d_cost=0.1021, anc_p=0.0000, anc_o=0.0000) | val_auc_unw=0.9259, val_fpr50_unw=0.018625, val_auc_w=nan, val_fpr50_w=nan, val_metric_source=unweighted, select=auc, best_sel=0.925921, unfreeze=all, reco_trainable=7098018, dual_frozen=False, dual_trainable=2812673
StageC-Joint ep 2: train_loss=0.4487 (cls=0.3301, rank=0.3026, reco=0.2932, cons=0.1184, delta=0.1034, d_gain=0.1912, d_cost=0.0982, anc_p=0.0000, anc_o=0.0000) | val_auc_unw=0.9261, val_fpr50_unw=0.018313, val_auc_w=nan, val_fpr50_w=nan, val_metric_source=unweighted, select=auc, best_sel=0.926146, unfreeze=all, reco_trainable=7098018, dual_frozen=False, dual_trainable=2812673
StageC-Joint ep 3: train_loss=0.4473 (cls=0.3282, rank=0.3029, reco=0.2931, cons=0.1184, delta=0.0970, d_gain=0.1909, d_cost=0.0960, anc_p=0.0000, anc_o=0.0000) | val_auc_unw=0.9264, val_fpr50_unw=0.018193, val_auc_w=nan, val_fpr50_w=nan, val_metric_source=unweighted, select=auc, best_sel=0.926376, unfreeze=all, reco_trainable=7098018, dual_frozen=False, dual_trainable=2812673
StageC-Joint ep 4: train_loss=0.4473 (cls=0.3277, rank=0.3055, reco=0.2931, cons=0.1189, delta=0.0940, d_gain=0.1911, d_cost=0.0951, anc_p=0.0000, anc_o=0.0000) | val_auc_unw=0.9264, val_fpr50_unw=0.018512, val_auc_w=nan, val_fpr50_w=nan, val_metric_source=unweighted, select=auc, best_sel=0.926382, unfreeze=all, reco_trainable=7098018, dual_frozen=False, dual_trainable=2812673
StageC-Joint ep 5: train_loss=0.4474 (cls=0.3272, rank=0.3051, reco=0.2932, cons=0.1188, delta=0.0914, d_gain=0.1912, d_cost=0.0942, anc_p=0.0000, anc_o=0.0000) | val_auc_unw=0.9264, val_fpr50_unw=0.018297, val_auc_w=nan, val_fpr50_w=nan, val_metric_source=unweighted, select=auc, best_sel=0.926414, unfreeze=all, reco_trainable=7098018, dual_frozen=False, dual_trainable=2812673
StageC-Joint ep 6: train_loss=0.4480 (cls=0.3274, rank=0.3044, reco=0.2932, cons=0.1190, delta=0.0901, d_gain=0.1909, d_cost=0.0937, anc_p=0.0000, anc_o=0.0000) | val_auc_unw=0.9264, val_fpr50_unw=0.018592, val_auc_w=nan, val_fpr50_w=nan, val_metric_source=unweighted, select=auc, best_sel=0.926422, unfreeze=all, reco_trainable=7098018, dual_frozen=False, dual_trainable=2812673
StageC-Joint ep 7: train_loss=0.4478 (cls=0.3267, rank=0.3052, reco=0.2932, cons=0.1188, delta=0.0866, d_gain=0.1906, d_cost=0.0924, anc_p=0.0000, anc_o=0.0000) | val_auc_unw=0.9261, val_fpr50_unw=0.018487, val_auc_w=nan, val_fpr50_w=nan, val_metric_source=unweighted, select=auc, best_sel=0.926422, unfreeze=all, reco_trainable=7098018, dual_frozen=False, dual_trainable=2812673
StageC-Joint ep 8: train_loss=0.4465 (cls=0.3249, rank=0.3047, reco=0.2932, cons=0.1184, delta=0.0847, d_gain=0.1912, d_cost=0.0920, anc_p=0.0000, anc_o=0.0000) | val_auc_unw=0.9264, val_fpr50_unw=0.018187, val_auc_w=nan, val_fpr50_w=nan, val_metric_source=unweighted, select=auc, best_sel=0.926422, unfreeze=all, reco_trainable=7098018, dual_frozen=False, dual_trainable=2812673
StageC-Joint ep 9: train_loss=0.4475 (cls=0.3260, rank=0.3050, reco=0.2933, cons=0.1191, delta=0.0837, d_gain=0.1908, d_cost=0.0915, anc_p=0.0000, anc_o=0.0000) | val_auc_unw=0.9262, val_fpr50_unw=0.018266, val_auc_w=nan, val_fpr50_w=nan, val_metric_source=unweighted, select=auc, best_sel=0.926422, unfreeze=all, reco_trainable=7098018, dual_frozen=False, dual_trainable=2812673
StageC-Joint ep 10: train_loss=0.4468 (cls=0.3253, rank=0.3055, reco=0.2934, cons=0.1193, delta=0.0833, d_gain=0.1913, d_cost=0.0915, anc_p=0.0000, anc_o=0.0000) | val_auc_unw=0.9263, val_fpr50_unw=0.018316, val_auc_w=nan, val_fpr50_w=nan, val_metric_source=unweighted, select=auc, best_sel=0.926422, unfreeze=all, reco_trainable=7098018, dual_frozen=False, dual_trainable=2812673
StageC-Joint ep 11: train_loss=0.4464 (cls=0.3250, rank=0.3051, reco=0.2932, cons=0.1193, delta=0.0826, d_gain=0.1908, d_cost=0.0912, anc_p=0.0000, anc_o=0.0000) | val_auc_unw=0.9262, val_fpr50_unw=0.018466, val_auc_w=nan, val_fpr50_w=nan, val_metric_source=unweighted, select=auc, best_sel=0.926422, unfreeze=all, reco_trainable=7098018, dual_frozen=False, dual_trainable=2812673
StageC-Joint ep 12: train_loss=0.4466 (cls=0.3252, rank=0.3053, reco=0.2933, cons=0.1193, delta=0.0815, d_gain=0.1910, d_cost=0.0908, anc_p=0.0000, anc_o=0.0000) | val_auc_unw=0.9261, val_fpr50_unw=0.018359, val_auc_w=nan, val_fpr50_w=nan, val_metric_source=unweighted, select=auc, best_sel=0.926422, unfreeze=all, reco_trainable=7098018, dual_frozen=False, dual_trainable=2812673
StageC-Joint ep 13: train_loss=0.4461 (cls=0.3247, rank=0.3053, reco=0.2933, cons=0.1188, delta=0.0820, d_gain=0.1913, d_cost=0.0911, anc_p=0.0000, anc_o=0.0000) | val_auc_unw=0.9259, val_fpr50_unw=0.018479, val_auc_w=nan, val_fpr50_w=nan, val_metric_source=unweighted, select=auc, best_sel=0.926422, unfreeze=all, reco_trainable=7098018, dual_frozen=False, dual_trainable=2812673
StageC-Joint ep 14: train_loss=0.4470 (cls=0.3256, rank=0.3050, reco=0.2933, cons=0.1186, delta=0.0818, d_gain=0.1911, d_cost=0.0910, anc_p=0.0000, anc_o=0.0000) | val_auc_unw=0.9259, val_fpr50_unw=0.018720, val_auc_w=nan, val_fpr50_w=nan, val_metric_source=unweighted, select=auc, best_sel=0.926422, unfreeze=all, reco_trainable=7098018, dual_frozen=False, dual_trainable=2812673
StageC-Joint ep 15: train_loss=0.4453 (cls=0.3239, rank=0.3056, reco=0.2933, cons=0.1181, delta=0.0810, d_gain=0.1915, d_cost=0.0909, anc_p=0.0000, anc_o=0.0000) | val_auc_unw=0.9260, val_fpr50_unw=0.018445, val_auc_w=nan, val_fpr50_w=nan, val_metric_source=unweighted, select=auc, best_sel=0.926422, unfreeze=all, reco_trainable=7098018, dual_frozen=False, dual_trainable=2812673
StageC-Joint ep 16: train_loss=0.4457 (cls=0.3243, rank=0.3052, reco=0.2934, cons=0.1180, delta=0.0808, d_gain=0.1911, d_cost=0.0906, anc_p=0.0000, anc_o=0.0000) | val_auc_unw=0.9259, val_fpr50_unw=0.018534, val_auc_w=nan, val_fpr50_w=nan, val_metric_source=unweighted, select=auc, best_sel=0.926422, unfreeze=all, reco_trainable=7098018, dual_frozen=False, dual_trainable=2812673
StageC-Joint ep 17: train_loss=0.4454 (cls=0.3241, rank=0.3052, reco=0.2934, cons=0.1179, delta=0.0804, d_gain=0.1914, d_cost=0.0906, anc_p=0.0000, anc_o=0.0000) | val_auc_unw=0.9258, val_fpr50_unw=0.018704, val_auc_w=nan, val_fpr50_w=nan, val_metric_source=unweighted, select=auc, best_sel=0.926422, unfreeze=all, reco_trainable=7098018, dual_frozen=False, dual_trainable=2812673
StageC-Joint ep 18: train_loss=0.4458 (cls=0.3245, rank=0.3053, reco=0.2933, cons=0.1181, delta=0.0810, d_gain=0.1913, d_cost=0.0908, anc_p=0.0000, anc_o=0.0000) | val_auc_unw=0.9258, val_fpr50_unw=0.018475, val_auc_w=nan, val_fpr50_w=nan, val_metric_source=unweighted, select=auc, best_sel=0.926422, unfreeze=all, reco_trainable=7098018, dual_frozen=False, dual_trainable=2812673
StageC-Joint ep 19: train_loss=0.4450 (cls=0.3236, rank=0.3055, reco=0.2934, cons=0.1181, delta=0.0793, d_gain=0.1912, d_cost=0.0902, anc_p=0.0000, anc_o=0.0000) | val_auc_unw=0.9260, val_fpr50_unw=0.018222, val_auc_w=nan, val_fpr50_w=nan, val_metric_source=unweighted, select=auc, best_sel=0.926422, unfreeze=all, reco_trainable=7098018, dual_frozen=False, dual_trainable=2812673
StageC-Joint ep 20: train_loss=0.4448 (cls=0.3234, rank=0.3056, reco=0.2933, cons=0.1184, delta=0.0796, d_gain=0.1914, d_cost=0.0903, anc_p=0.0000, anc_o=0.0000) | val_auc_unw=0.9259, val_fpr50_unw=0.018326, val_auc_w=nan, val_fpr50_w=nan, val_metric_source=unweighted, select=auc, best_sel=0.926422, unfreeze=all, reco_trainable=7098018, dual_frozen=False, dual_trainable=2812673
StageC-Joint ep 21: train_loss=0.4444 (cls=0.3231, rank=0.3058, reco=0.2933, cons=0.1182, delta=0.0799, d_gain=0.1917, d_cost=0.0906, anc_p=0.0000, anc_o=0.0000) | val_auc_unw=0.9259, val_fpr50_unw=0.018337, val_auc_w=nan, val_fpr50_w=nan, val_metric_source=unweighted, select=auc, best_sel=0.926422, unfreeze=all, reco_trainable=7098018, dual_frozen=False, dual_trainable=2812673
StageC-Joint ep 22: train_loss=0.4437 (cls=0.3224, rank=0.3057, reco=0.2933, cons=0.1175, delta=0.0789, d_gain=0.1918, d_cost=0.0902, anc_p=0.0000, anc_o=0.0000) | val_auc_unw=0.9256, val_fpr50_unw=0.018330, val_auc_w=nan, val_fpr50_w=nan, val_metric_source=unweighted, select=auc, best_sel=0.926422, unfreeze=all, reco_trainable=7098018, dual_frozen=False, dual_trainable=2812673
StageC-Joint ep 23: train_loss=0.4452 (cls=0.3239, rank=0.3060, reco=0.2934, cons=0.1170, delta=0.0792, d_gain=0.1914, d_cost=0.0902, anc_p=0.0000, anc_o=0.0000) | val_auc_unw=0.9257, val_fpr50_unw=0.018524, val_auc_w=nan, val_fpr50_w=nan, val_metric_source=unweighted, select=auc, best_sel=0.926422, unfreeze=all, reco_trainable=7098018, dual_frozen=False, dual_trainable=2812673
StageC-Joint ep 24: train_loss=0.4436 (cls=0.3223, rank=0.3053, reco=0.2934, cons=0.1168, delta=0.0784, d_gain=0.1915, d_cost=0.0900, anc_p=0.0000, anc_o=0.0000) | val_auc_unw=0.9257, val_fpr50_unw=0.018462, val_auc_w=nan, val_fpr50_w=nan, val_metric_source=unweighted, select=auc, best_sel=0.926422, unfreeze=all, reco_trainable=7098018, dual_frozen=False, dual_trainable=2812673
StageC-Joint ep 25: train_loss=0.4445 (cls=0.3232, rank=0.3060, reco=0.2933, cons=0.1174, delta=0.0791, d_gain=0.1919, d_cost=0.0903, anc_p=0.0000, anc_o=0.0000) | val_auc_unw=0.9258, val_fpr50_unw=0.018519, val_auc_w=nan, val_fpr50_w=nan, val_metric_source=unweighted, select=auc, best_sel=0.926422, unfreeze=all, reco_trainable=7098018, dual_frozen=False, dual_trainable=2812673
Early stopping StageC-Joint at epoch 25

======================================================================
STEP 5: RECONSTRUCTION DIAGNOSTICS
======================================================================

Jet pT response/resolution by truth pT bin (test split):
  pT_low - pT_high | N | HLT resp | HLT reso | Corrected resp | Corrected reso
  172739.4 - 504068.9 | 18750 | 0.8681 | 0.1516 | 0.0295 | 0.0379
  504068.9 - 773424.6 | 18750 | 0.8445 | 0.1720 | 0.0234 | 0.0393
  773424.6 - 1093714.0 | 18750 | 0.8330 | 0.1869 | 0.0207 | 0.0430
  1093714.0 - 1365805.0 | 18750 | 0.8218 | 0.2022 | 0.0196 | 0.0452
  1365805.0 - 1711763.0 | 18750 | 0.8203 | 0.2056 | 0.0182 | 0.0457
  1711763.0 - 2155283.2 | 18750 | 0.8155 | 0.2123 | 0.0166 | 0.0438
  2155283.2 - 2633962.7 | 18750 | 0.8110 | 0.2225 | 0.0179 | 0.0481
  2633962.7 - 4355157.0 | 18750 | 0.7996 | 0.2295 | 0.0171 | 0.0475

Constituent-count diagnostics:
  Means: offline=54.297, hlt=29.181, reco=1.000
  MAE vs offline: hlt=25.116, reco=53.297

Budget diagnostics (test split):
  MAE: merge=181.696, eff=0.000, total=181.696
  Bias: merge=181.692, eff=0.000, total=181.692

======================================================================
FINAL TEST EVALUATION
======================================================================
Teacher (Offline) AUC: 0.9533
Baseline (HLT)   AUC: 0.9214
Stage2 (PreJoint) AUC: 0.9228
Stage2 (BestValFPR50) AUC: 0.9225
Joint Dual-View  AUC: 0.9241
Joint Dual-View (BestValFPR50) AUC: 0.9241

FPR@30 Teacher/Baseline/Stage2/Joint: 0.002131 / 0.005524 / 0.005136 / 0.005025
FPR@30 Stage2BestFPR / JointBestFPR: 0.005047 / 0.005048
FPR@50 Teacher/Baseline/Stage2/Joint: 0.009940 / 0.021587 / 0.020397 / 0.019443
FPR@50 Stage2BestFPR / JointBestFPR: 0.020267 / 0.019358
Saving val/test score arrays for fusion analysis...
Saved fusion score arrays to: checkpoints/reco_teacher_joint_fusion_6model_150k75k150k/model2_joint_chamfer_sparseonly/model2_joint_chamfer_sparseonly_150k75k150k_seed0/fusion_scores_val_test.npz

Saved joint results to: checkpoints/reco_teacher_joint_fusion_6model_150k75k150k/model2_joint_chamfer_sparseonly/model2_joint_chamfer_sparseonly_150k75k150k_seed0
Done: checkpoints/reco_teacher_joint_fusion_6model_150k75k150k/model2_joint_chamfer_sparseonly/model2_joint_chamfer_sparseonly_150k75k150k_seed0
