============================================================
Model-2 Joint (SetLoss=Hungarian, L_phys=L_pt_ratio=L_e_ratio=0)
Run: checkpoints/reco_teacher_joint_fusion_6model_150k75k150k/model2_joint_hungarian_nophys_noratio/model2_joint_hungarian_nophys_noratio_150k75k150k_seed0
Split: train=150000, val=75000, test=150000
============================================================
 python offline_reconstructor_joint_dualview_stage2save_auc_norankc_nopriv_unmergeonly.py --save_dir checkpoints/reco_teacher_joint_fusion_6model_150k75k150k/model2_joint_hungarian_nophys_noratio --run_name model2_joint_hungarian_nophys_noratio_150k75k150k_seed0 --n_train_jets 375000 --n_train_split 150000 --n_val_split 75000 --n_test_split 150000 --offset_jets 0 --max_constits 100 --num_workers 6 --seed 0 --selection_metric auc --stageB_lambda_rank 0.0 --stageB_lambda_cons 0.0 --stageC_lr_dual 1e-5 --stageC_lr_reco 5e-6 --lambda_reco 0.4 --lambda_cons 0.06 --stageC_lambda_delta 0.05 --stageC_delta_tau 0.05 --stageC_delta_lambda_fp 3.0 --stageC_delta_warmup_epochs 8 --added_target_scale 0.90 --loss_set_mode hungarian --loss_w_phys 0.0 --loss_w_pt_ratio 0.0 --loss_w_e_ratio 0.0 --loss_w_local 0.05 --save_fusion_scores --disable_final_kd --device cuda
Device: cuda
Save dir: checkpoints/reco_teacher_joint_fusion_6model_150k75k150k/model2_joint_hungarian_nophys_noratio/model2_joint_hungarian_nophys_noratio_150k75k150k_seed0
Loading offline constituents...
Generating pseudo-HLT...
Non-priv target setup: added_target_scale=0.900, mean_true_added_raw=25.116, mean_target_added=22.604
Computing features...
Split sizes: Train=150000, Val=75000, Test=150000 (custom_counts=True)
Stage-B train subset: N=150000 / 150000 (frac=1.000, seed=0)

======================================================================
STEP 1: TEACHER + BASELINE
======================================================================
Teacher ep 5: train_auc=0.9439, val_auc=0.9469, val_fpr50=0.012873, best_auc=0.9469, fpr50@best=0.012873
Teacher ep 10: train_auc=0.9509, val_auc=0.9526, val_fpr50=0.010285, best_auc=0.9526, fpr50@best=0.010285
Teacher ep 15: train_auc=0.9549, val_auc=0.9522, val_fpr50=0.011025, best_auc=0.9529, fpr50@best=0.010068
Teacher ep 20: train_auc=0.9577, val_auc=0.9480, val_fpr50=0.013272, best_auc=0.9529, fpr50@best=0.010068
Teacher ep 25: train_auc=0.9610, val_auc=0.9513, val_fpr50=0.010954, best_auc=0.9539, fpr50@best=0.009423
Teacher ep 30: train_auc=0.9652, val_auc=0.9503, val_fpr50=0.011826, best_auc=0.9539, fpr50@best=0.009423
Teacher ep 35: train_auc=0.9696, val_auc=0.9496, val_fpr50=0.011791, best_auc=0.9539, fpr50@best=0.009423
Early stopping Teacher at epoch 37
Baseline ep 5: train_auc=0.9099, val_auc=0.9027, val_fpr50=0.028200, best_auc=0.9096, fpr50@best=0.027649
Baseline ep 10: train_auc=0.9173, val_auc=0.9176, val_fpr50=0.023106, best_auc=0.9185, fpr50@best=0.021131
Baseline ep 15: train_auc=0.9211, val_auc=0.9199, val_fpr50=0.021754, best_auc=0.9207, fpr50@best=0.019859
Baseline ep 20: train_auc=0.9251, val_auc=0.9232, val_fpr50=0.020238, best_auc=0.9232, fpr50@best=0.020238
Baseline ep 25: train_auc=0.9291, val_auc=0.9231, val_fpr50=0.020397, best_auc=0.9232, fpr50@best=0.020238
Baseline ep 30: train_auc=0.9336, val_auc=0.9194, val_fpr50=0.023387, best_auc=0.9235, fpr50@best=0.020215
Baseline ep 35: train_auc=0.9383, val_auc=0.9220, val_fpr50=0.021137, best_auc=0.9235, fpr50@best=0.020215
Baseline ep 40: train_auc=0.9435, val_auc=0.9181, val_fpr50=0.023374, best_auc=0.9235, fpr50@best=0.020215
Early stopping Baseline at epoch 41
StageC weak-delta HLT reference @TPR=0.50: threshold_prob=0.920016, val_auc_hlt=0.9235

======================================================================
STEP 2: STAGE A (RECONSTRUCTOR PRETRAIN)
======================================================================
Ep 5: train_total=26.5457, val_total_unw=30.8810, val_total_w=30.8810, select=unweighted, best_sel=24.8731 | set_unw=0.9260, phys_unw=0.5150, budget_unw=46.0780, stage_scale=0.35
Ep 10: train_total=25.4774, val_total_unw=24.5393, val_total_w=24.5393, select=unweighted, best_sel=24.5393 | set_unw=0.9571, phys_unw=0.4502, budget_unw=36.2713, stage_scale=0.35
Ep 15: train_total=25.0141, val_total_unw=25.9678, val_total_w=25.9678, select=unweighted, best_sel=24.5393 | set_unw=1.0490, phys_unw=0.5023, budget_unw=38.3280, stage_scale=0.35
Ep 20: train_total=24.7168, val_total_unw=24.7041, val_total_w=24.7041, select=unweighted, best_sel=24.5363 | set_unw=1.0584, phys_unw=0.4833, budget_unw=36.3726, stage_scale=0.35
Stage-A transition -> reloaded best from phase_035 (epoch=17, val_total=24.5363)
Ep 25: train_total=22.9261, val_total_unw=24.4202, val_total_w=24.4202, select=unweighted, best_sel=22.5025 | set_unw=0.9193, phys_unw=0.4897, budget_unw=36.1509, stage_scale=0.70
Ep 30: train_total=22.7140, val_total_unw=25.5109, val_total_w=25.5109, select=unweighted, best_sel=22.5025 | set_unw=0.9211, phys_unw=0.5255, budget_unw=37.8267, stage_scale=0.70
Ep 35: train_total=22.5120, val_total_unw=24.2022, val_total_w=24.2022, select=unweighted, best_sel=22.5025 | set_unw=0.9123, phys_unw=0.5173, budget_unw=35.8267, stage_scale=0.70
Ep 40: train_total=22.3551, val_total_unw=23.0974, val_total_w=23.0974, select=unweighted, best_sel=22.5025 | set_unw=0.9062, phys_unw=0.5218, budget_unw=34.1364, stage_scale=0.70
Ep 45: train_total=22.1319, val_total_unw=23.3148, val_total_w=23.3148, select=unweighted, best_sel=22.5025 | set_unw=0.9122, phys_unw=0.5461, budget_unw=34.4618, stage_scale=0.70
Ep 50: train_total=21.9420, val_total_unw=22.9147, val_total_w=22.9147, select=unweighted, best_sel=22.5025 | set_unw=0.8974, phys_unw=0.5297, budget_unw=33.8688, stage_scale=0.70
Ep 55: train_total=21.7387, val_total_unw=23.5535, val_total_w=23.5535, select=unweighted, best_sel=22.5025 | set_unw=0.9010, phys_unw=0.5446, budget_unw=34.8462, stage_scale=0.70
Stage-A transition -> reloaded best from phase_070 (epoch=24, val_total=22.5025)
