============================================================
Model-2 Joint (Chamfer; phys=0.00, pt_ratio=0.70, e_ratio=0.35, budget=0.65, sparse=0.02, local=0.03)
Run: checkpoints/reco_teacher_joint_fusion_6model_150k75k150k/model2_joint_chamfer_phys0_eratio035_unselected0_localr0/model2_joint_chamfer_phys0_eratio035_unselected0_localr0_150k75k150k_seed0
Shape params: unselected_penalty=0.00, gen_local_radius=0.00
Split: train=150000, val=75000, test=150000
============================================================
 python offline_reconstructor_joint_dualview_stage2save_auc_norankc_nopriv_unmergeonly.py --save_dir checkpoints/reco_teacher_joint_fusion_6model_150k75k150k/model2_joint_chamfer_phys0_eratio035_unselected0_localr0 --run_name model2_joint_chamfer_phys0_eratio035_unselected0_localr0_150k75k150k_seed0 --n_train_jets 375000 --n_train_split 150000 --n_val_split 75000 --n_test_split 150000 --offset_jets 0 --max_constits 100 --num_workers 6 --seed 0 --selection_metric auc --stageB_lambda_rank 0.0 --stageB_lambda_cons 0.0 --stageC_lr_dual 1e-5 --stageC_lr_reco 5e-6 --lambda_reco 0.4 --lambda_cons 0.06 --stageC_lambda_delta 0.05 --stageC_delta_tau 0.05 --stageC_delta_lambda_fp 3.0 --stageC_delta_warmup_epochs 8 --added_target_scale 0.90 --loss_set_mode chamfer --loss_w_phys 0.0 --loss_w_pt_ratio 0.70 --loss_w_m_ratio 0.0 --loss_w_e_ratio 0.35 --loss_w_radial_profile 0.0 --loss_w_fp_mass 0.0 --loss_w_budget 0.65 --loss_w_sparse 0.02 --loss_w_local 0.03 --loss_unselected_penalty 0.0 --loss_gen_local_radius 0.0 --save_fusion_scores --disable_final_kd --device cuda
Device: cuda
Save dir: checkpoints/reco_teacher_joint_fusion_6model_150k75k150k/model2_joint_chamfer_phys0_eratio035_unselected0_localr0/model2_joint_chamfer_phys0_eratio035_unselected0_localr0_150k75k150k_seed0
Loading offline constituents...
Generating pseudo-HLT...
Non-priv target setup: added_target_scale=0.900, mean_true_added_raw=25.116, mean_target_added=22.604
Computing features...
Split sizes: Train=150000, Val=75000, Test=150000 (custom_counts=True)
Stage-B train subset: N=150000 / 150000 (frac=1.000, seed=0)

======================================================================
STEP 1: TEACHER + BASELINE
======================================================================
Teacher ep 5: train_auc=0.9439, val_auc=0.9469, val_fpr50=0.012873, best_auc=0.9469, fpr50@best=0.012873
Teacher ep 10: train_auc=0.9509, val_auc=0.9526, val_fpr50=0.010285, best_auc=0.9526, fpr50@best=0.010285
Teacher ep 15: train_auc=0.9549, val_auc=0.9522, val_fpr50=0.011025, best_auc=0.9529, fpr50@best=0.010068
Teacher ep 20: train_auc=0.9577, val_auc=0.9480, val_fpr50=0.013272, best_auc=0.9529, fpr50@best=0.010068
Teacher ep 25: train_auc=0.9610, val_auc=0.9513, val_fpr50=0.010954, best_auc=0.9539, fpr50@best=0.009423
Teacher ep 30: train_auc=0.9652, val_auc=0.9503, val_fpr50=0.011826, best_auc=0.9539, fpr50@best=0.009423
Teacher ep 35: train_auc=0.9696, val_auc=0.9496, val_fpr50=0.011791, best_auc=0.9539, fpr50@best=0.009423
Early stopping Teacher at epoch 37
Baseline ep 5: train_auc=0.9099, val_auc=0.9027, val_fpr50=0.028200, best_auc=0.9096, fpr50@best=0.027649
Baseline ep 10: train_auc=0.9173, val_auc=0.9176, val_fpr50=0.023106, best_auc=0.9185, fpr50@best=0.021131
Baseline ep 15: train_auc=0.9211, val_auc=0.9199, val_fpr50=0.021754, best_auc=0.9207, fpr50@best=0.019859
Baseline ep 20: train_auc=0.9251, val_auc=0.9232, val_fpr50=0.020238, best_auc=0.9232, fpr50@best=0.020238
Baseline ep 25: train_auc=0.9291, val_auc=0.9231, val_fpr50=0.020397, best_auc=0.9232, fpr50@best=0.020238
Baseline ep 30: train_auc=0.9336, val_auc=0.9194, val_fpr50=0.023387, best_auc=0.9235, fpr50@best=0.020215
Baseline ep 35: train_auc=0.9383, val_auc=0.9220, val_fpr50=0.021137, best_auc=0.9235, fpr50@best=0.020215
Baseline ep 40: train_auc=0.9435, val_auc=0.9181, val_fpr50=0.023374, best_auc=0.9235, fpr50@best=0.020215
Early stopping Baseline at epoch 41
StageC weak-delta HLT reference @TPR=0.50: threshold_prob=0.920016, val_auc_hlt=0.9235

======================================================================
STEP 2: STAGE A (RECONSTRUCTOR PRETRAIN)
======================================================================
Ep 5: train_total=26.0111, val_total_unw=28.8623, val_total_w=28.8623, select=unweighted, best_sel=24.8230 | set_unw=0.3491, phys_unw=0.5280, budget_unw=43.6244, fp_mass_unw=0.0161, w_set=1.000, w_budget=0.650, w_pt=0.700, w_local=0.030, stage_scale=0.35
Ep 10: train_total=25.0287, val_total_unw=24.0153, val_total_w=24.0153, select=unweighted, best_sel=23.8221 | set_unw=0.3514, phys_unw=0.4615, budget_unw=36.2145, fp_mass_unw=0.0159, w_set=1.000, w_budget=0.650, w_pt=0.700, w_local=0.030, stage_scale=0.35
Ep 15: train_total=24.5603, val_total_unw=26.0646, val_total_w=26.0646, select=unweighted, best_sel=23.8221 | set_unw=0.3431, phys_unw=0.5098, budget_unw=39.3446, fp_mass_unw=0.0144, w_set=1.000, w_budget=0.650, w_pt=0.700, w_local=0.030, stage_scale=0.35
Ep 20: train_total=24.2924, val_total_unw=24.8650, val_total_w=24.8650, select=unweighted, best_sel=23.8221 | set_unw=0.3442, phys_unw=0.4780, budget_unw=37.5215, fp_mass_unw=0.0142, w_set=1.000, w_budget=0.650, w_pt=0.700, w_local=0.030, stage_scale=0.35
Stage-A transition -> reloaded best from phase_035 (epoch=9, val_total=23.8221)
Ep 25: train_total=22.9075, val_total_unw=23.1797, val_total_w=23.1797, select=unweighted, best_sel=22.3600 | set_unw=0.3454, phys_unw=0.4575, budget_unw=34.9416, fp_mass_unw=0.0145, w_set=1.000, w_budget=0.650, w_pt=0.700, w_local=0.030, stage_scale=0.70
Ep 30: train_total=22.6253, val_total_unw=22.7592, val_total_w=22.7592, select=unweighted, best_sel=22.3600 | set_unw=0.3406, phys_unw=0.4696, budget_unw=34.2931, fp_mass_unw=0.0132, w_set=1.000, w_budget=0.650, w_pt=0.700, w_local=0.030, stage_scale=0.70
Ep 35: train_total=22.4057, val_total_unw=24.0501, val_total_w=24.0501, select=unweighted, best_sel=22.3600 | set_unw=0.3410, phys_unw=0.4867, budget_unw=36.2658, fp_mass_unw=0.0139, w_set=1.000, w_budget=0.650, w_pt=0.700, w_local=0.030, stage_scale=0.70
Ep 40: train_total=22.2000, val_total_unw=22.8877, val_total_w=22.8877, select=unweighted, best_sel=22.3600 | set_unw=0.3395, phys_unw=0.4730, budget_unw=34.4899, fp_mass_unw=0.0134, w_set=1.000, w_budget=0.650, w_pt=0.700, w_local=0.030, stage_scale=0.70
Ep 45: train_total=21.9708, val_total_unw=22.8070, val_total_w=22.8070, select=unweighted, best_sel=22.3525 | set_unw=0.3406, phys_unw=0.4601, budget_unw=34.3744, fp_mass_unw=0.0128, w_set=1.000, w_budget=0.650, w_pt=0.700, w_local=0.030, stage_scale=0.70
Ep 50: train_total=21.8296, val_total_unw=22.5728, val_total_w=22.5728, select=unweighted, best_sel=21.8765 | set_unw=0.3390, phys_unw=0.4593, budget_unw=34.0166, fp_mass_unw=0.0128, w_set=1.000, w_budget=0.650, w_pt=0.700, w_local=0.030, stage_scale=0.70
Ep 55: train_total=21.6671, val_total_unw=22.9809, val_total_w=22.9809, select=unweighted, best_sel=21.8765 | set_unw=0.3378, phys_unw=0.4686, budget_unw=34.6387, fp_mass_unw=0.0125, w_set=1.000, w_budget=0.650, w_pt=0.700, w_local=0.030, stage_scale=0.70
Stage-A transition -> reloaded best from phase_070 (epoch=48, val_total=21.8765)
Ep 60: train_total=21.3236, val_total_unw=23.6547, val_total_w=23.6547, select=unweighted, best_sel=21.8765 | set_unw=0.3368, phys_unw=0.4754, budget_unw=35.6731, fp_mass_unw=0.0122, w_set=1.000, w_budget=0.650, w_pt=0.700, w_local=0.030, stage_scale=1.00
Ep 65: train_total=21.1615, val_total_unw=22.0726, val_total_w=22.0726, select=unweighted, best_sel=21.8765 | set_unw=0.3365, phys_unw=0.4467, budget_unw=33.2592, fp_mass_unw=0.0124, w_set=1.000, w_budget=0.650, w_pt=0.700, w_local=0.030, stage_scale=1.00
Ep 70: train_total=20.9289, val_total_unw=22.1137, val_total_w=22.1137, select=unweighted, best_sel=21.8432 | set_unw=0.3375, phys_unw=0.4448, budget_unw=33.3223, fp_mass_unw=0.0126, w_set=1.000, w_budget=0.650, w_pt=0.700, w_local=0.030, stage_scale=1.00
Ep 75: train_total=20.6331, val_total_unw=21.9736, val_total_w=21.9736, select=unweighted, best_sel=21.8432 | set_unw=0.3372, phys_unw=0.4465, budget_unw=33.1062, fp_mass_unw=0.0126, w_set=1.000, w_budget=0.650, w_pt=0.700, w_local=0.030, stage_scale=1.00
Ep 80: train_total=20.3336, val_total_unw=22.3612, val_total_w=22.3612, select=unweighted, best_sel=21.8432 | set_unw=0.3368, phys_unw=0.4483, budget_unw=33.7019, fp_mass_unw=0.0125, w_set=1.000, w_budget=0.650, w_pt=0.700, w_local=0.030, stage_scale=1.00
Early stopping reconstructor at epoch 84

======================================================================
STEP 3: STAGE B (DUAL PRETRAIN, FROZEN RECONSTRUCTOR)
======================================================================
StageB-DualPretrain ep 5: train_loss=0.3752 (cls=0.3752, rank=0.3042, reco=0.0000, cons=0.1165, delta=0.0000, d_gain=0.0000, d_cost=0.0000, anc_p=0.0000, anc_o=0.0000) | val_auc_unw=0.9158, val_fpr50_unw=0.025266, val_auc_w=nan, val_fpr50_w=nan, val_metric_source=unweighted, select=auc, best_sel=0.915803, unfreeze=frozen, reco_trainable=0, dual_frozen=False, dual_trainable=2812673
StageB-DualPretrain ep 10: train_loss=0.3602 (cls=0.3602, rank=0.3027, reco=0.0000, cons=0.1165, delta=0.0000, d_gain=0.0000, d_cost=0.0000, anc_p=0.0000, anc_o=0.0000) | val_auc_unw=0.9207, val_fpr50_unw=0.020749, val_auc_w=nan, val_fpr50_w=nan, val_metric_source=unweighted, select=auc, best_sel=0.920692, unfreeze=frozen, reco_trainable=0, dual_frozen=False, dual_trainable=2812673
StageB-DualPretrain ep 15: train_loss=0.3521 (cls=0.3521, rank=0.3027, reco=0.0000, cons=0.1165, delta=0.0000, d_gain=0.0000, d_cost=0.0000, anc_p=0.0000, anc_o=0.0000) | val_auc_unw=0.9235, val_fpr50_unw=0.020247, val_auc_w=nan, val_fpr50_w=nan, val_metric_source=unweighted, select=auc, best_sel=0.923486, unfreeze=frozen, reco_trainable=0, dual_frozen=False, dual_trainable=2812673
StageB-DualPretrain ep 20: train_loss=0.3427 (cls=0.3427, rank=0.3016, reco=0.0000, cons=0.1165, delta=0.0000, d_gain=0.0000, d_cost=0.0000, anc_p=0.0000, anc_o=0.0000) | val_auc_unw=0.9224, val_fpr50_unw=0.020744, val_auc_w=nan, val_fpr50_w=nan, val_metric_source=unweighted, select=auc, best_sel=0.925269, unfreeze=frozen, reco_trainable=0, dual_frozen=False, dual_trainable=2812673
StageB-DualPretrain ep 25: train_loss=0.3327 (cls=0.3327, rank=0.3036, reco=0.0000, cons=0.1165, delta=0.0000, d_gain=0.0000, d_cost=0.0000, anc_p=0.0000, anc_o=0.0000) | val_auc_unw=0.9245, val_fpr50_unw=0.019996, val_auc_w=nan, val_fpr50_w=nan, val_metric_source=unweighted, select=auc, best_sel=0.925269, unfreeze=frozen, reco_trainable=0, dual_frozen=False, dual_trainable=2812673
StageB-DualPretrain ep 30: train_loss=0.3219 (cls=0.3219, rank=0.3044, reco=0.0000, cons=0.1165, delta=0.0000, d_gain=0.0000, d_cost=0.0000, anc_p=0.0000, anc_o=0.0000) | val_auc_unw=0.9235, val_fpr50_unw=0.020129, val_auc_w=nan, val_fpr50_w=nan, val_metric_source=unweighted, select=auc, best_sel=0.925269, unfreeze=frozen, reco_trainable=0, dual_frozen=False, dual_trainable=2812673
Early stopping StageB-DualPretrain at epoch 31

======================================================================
STEP 4: STAGE C (JOINT FINETUNE)
======================================================================
StageC-Joint ep 1: train_loss=8.6738 (cls=0.3353, rank=0.3017, reco=20.8268, cons=0.1175, delta=0.1103, d_gain=0.1907, d_cost=0.1003, anc_p=0.0000, anc_o=0.0000) | val_auc_unw=0.9259, val_fpr50_unw=0.018431, val_auc_w=nan, val_fpr50_w=nan, val_metric_source=unweighted, select=auc, best_sel=0.925942, unfreeze=all, reco_trainable=7098018, dual_frozen=False, dual_trainable=2812673
StageC-Joint ep 2: train_loss=8.6446 (cls=0.3332, rank=0.3021, reco=20.7576, cons=0.1175, delta=0.1050, d_gain=0.1901, d_cost=0.0984, anc_p=0.0000, anc_o=0.0000) | val_auc_unw=0.9261, val_fpr50_unw=0.018215, val_auc_w=nan, val_fpr50_w=nan, val_metric_source=unweighted, select=auc, best_sel=0.926100, unfreeze=all, reco_trainable=7098018, dual_frozen=False, dual_trainable=2812673
StageC-Joint ep 3: train_loss=8.6237 (cls=0.3332, rank=0.3037, reco=20.7039, cons=0.1175, delta=0.1015, d_gain=0.1902, d_cost=0.0972, anc_p=0.0000, anc_o=0.0000) | val_auc_unw=0.9264, val_fpr50_unw=0.018252, val_auc_w=nan, val_fpr50_w=nan, val_metric_source=unweighted, select=auc, best_sel=0.926389, unfreeze=all, reco_trainable=7098018, dual_frozen=False, dual_trainable=2812673
StageC-Joint ep 4: train_loss=8.6155 (cls=0.3312, rank=0.3034, reco=20.6870, cons=0.1176, delta=0.0981, d_gain=0.1902, d_cost=0.0961, anc_p=0.0000, anc_o=0.0000) | val_auc_unw=0.9262, val_fpr50_unw=0.018357, val_auc_w=nan, val_fpr50_w=nan, val_metric_source=unweighted, select=auc, best_sel=0.926389, unfreeze=all, reco_trainable=7098018, dual_frozen=False, dual_trainable=2812673
StageC-Joint ep 5: train_loss=8.6155 (cls=0.3314, rank=0.3037, reco=20.6850, cons=0.1175, delta=0.0956, d_gain=0.1902, d_cost=0.0953, anc_p=0.0000, anc_o=0.0000) | val_auc_unw=0.9262, val_fpr50_unw=0.018084, val_auc_w=nan, val_fpr50_w=nan, val_metric_source=unweighted, select=auc, best_sel=0.926389, unfreeze=all, reco_trainable=7098018, dual_frozen=False, dual_trainable=2812673
StageC-Joint ep 6: train_loss=8.6106 (cls=0.3305, rank=0.3044, reco=20.6739, cons=0.1175, delta=0.0931, d_gain=0.1900, d_cost=0.0943, anc_p=0.0000, anc_o=0.0000) | val_auc_unw=0.9263, val_fpr50_unw=0.018202, val_auc_w=nan, val_fpr50_w=nan, val_metric_source=unweighted, select=auc, best_sel=0.926389, unfreeze=all, reco_trainable=7098018, dual_frozen=False, dual_trainable=2812673
StageC-Joint ep 7: train_loss=8.6092 (cls=0.3300, rank=0.3041, reco=20.6704, cons=0.1176, delta=0.0914, d_gain=0.1902, d_cost=0.0939, anc_p=0.0000, anc_o=0.0000) | val_auc_unw=0.9264, val_fpr50_unw=0.018327, val_auc_w=nan, val_fpr50_w=nan, val_metric_source=unweighted, select=auc, best_sel=0.926389, unfreeze=all, reco_trainable=7098018, dual_frozen=False, dual_trainable=2812673
StageC-Joint ep 8: train_loss=8.6009 (cls=0.3294, rank=0.3041, reco=20.6499, cons=0.1175, delta=0.0895, d_gain=0.1901, d_cost=0.0932, anc_p=0.0000, anc_o=0.0000) | val_auc_unw=0.9264, val_fpr50_unw=0.017999, val_auc_w=nan, val_fpr50_w=nan, val_metric_source=unweighted, select=auc, best_sel=0.926445, unfreeze=all, reco_trainable=7098018, dual_frozen=False, dual_trainable=2812673
StageC-Joint ep 9: train_loss=8.5915 (cls=0.3298, rank=0.3044, reco=20.6258, cons=0.1175, delta=0.0881, d_gain=0.1899, d_cost=0.0927, anc_p=0.0000, anc_o=0.0000) | val_auc_unw=0.9263, val_fpr50_unw=0.018151, val_auc_w=nan, val_fpr50_w=nan, val_metric_source=unweighted, select=auc, best_sel=0.926445, unfreeze=all, reco_trainable=7098018, dual_frozen=False, dual_trainable=2812673
StageC-Joint ep 10: train_loss=8.5976 (cls=0.3289, rank=0.3050, reco=20.6433, cons=0.1176, delta=0.0869, d_gain=0.1906, d_cost=0.0925, anc_p=0.0000, anc_o=0.0000) | val_auc_unw=0.9265, val_fpr50_unw=0.018066, val_auc_w=nan, val_fpr50_w=nan, val_metric_source=unweighted, select=auc, best_sel=0.926454, unfreeze=all, reco_trainable=7098018, dual_frozen=False, dual_trainable=2812673
StageC-Joint ep 11: train_loss=8.5790 (cls=0.3293, rank=0.3044, reco=20.5956, cons=0.1176, delta=0.0874, d_gain=0.1900, d_cost=0.0925, anc_p=0.0000, anc_o=0.0000) | val_auc_unw=0.9261, val_fpr50_unw=0.018496, val_auc_w=nan, val_fpr50_w=nan, val_metric_source=unweighted, select=auc, best_sel=0.926454, unfreeze=all, reco_trainable=7098018, dual_frozen=False, dual_trainable=2812673
StageC-Joint ep 12: train_loss=8.5878 (cls=0.3292, rank=0.3045, reco=20.6180, cons=0.1176, delta=0.0872, d_gain=0.1905, d_cost=0.0926, anc_p=0.0000, anc_o=0.0000) | val_auc_unw=0.9261, val_fpr50_unw=0.017977, val_auc_w=nan, val_fpr50_w=nan, val_metric_source=unweighted, select=auc, best_sel=0.926454, unfreeze=all, reco_trainable=7098018, dual_frozen=False, dual_trainable=2812673
StageC-Joint ep 13: train_loss=8.5857 (cls=0.3285, rank=0.3048, reco=20.6145, cons=0.1176, delta=0.0861, d_gain=0.1903, d_cost=0.0921, anc_p=0.0000, anc_o=0.0000) | val_auc_unw=0.9262, val_fpr50_unw=0.018350, val_auc_w=nan, val_fpr50_w=nan, val_metric_source=unweighted, select=auc, best_sel=0.926454, unfreeze=all, reco_trainable=7098018, dual_frozen=False, dual_trainable=2812673
StageC-Joint ep 14: train_loss=8.5776 (cls=0.3288, rank=0.3050, reco=20.5938, cons=0.1175, delta=0.0857, d_gain=0.1901, d_cost=0.0919, anc_p=0.0000, anc_o=0.0000) | val_auc_unw=0.9261, val_fpr50_unw=0.018271, val_auc_w=nan, val_fpr50_w=nan, val_metric_source=unweighted, select=auc, best_sel=0.926454, unfreeze=all, reco_trainable=7098018, dual_frozen=False, dual_trainable=2812673
StageC-Joint ep 15: train_loss=8.5743 (cls=0.3283, rank=0.3051, reco=20.5868, cons=0.1176, delta=0.0855, d_gain=0.1905, d_cost=0.0920, anc_p=0.0000, anc_o=0.0000) | val_auc_unw=0.9262, val_fpr50_unw=0.018438, val_auc_w=nan, val_fpr50_w=nan, val_metric_source=unweighted, select=auc, best_sel=0.926454, unfreeze=all, reco_trainable=7098018, dual_frozen=False, dual_trainable=2812673
StageC-Joint ep 16: train_loss=8.5756 (cls=0.3281, rank=0.3042, reco=20.5903, cons=0.1176, delta=0.0857, d_gain=0.1903, d_cost=0.0920, anc_p=0.0000, anc_o=0.0000) | val_auc_unw=0.9263, val_fpr50_unw=0.018409, val_auc_w=nan, val_fpr50_w=nan, val_metric_source=unweighted, select=auc, best_sel=0.926454, unfreeze=all, reco_trainable=7098018, dual_frozen=False, dual_trainable=2812673
StageC-Joint ep 17: train_loss=8.5654 (cls=0.3278, rank=0.3040, reco=20.5657, cons=0.1176, delta=0.0845, d_gain=0.1901, d_cost=0.0916, anc_p=0.0000, anc_o=0.0000) | val_auc_unw=0.9260, val_fpr50_unw=0.018310, val_auc_w=nan, val_fpr50_w=nan, val_metric_source=unweighted, select=auc, best_sel=0.926454, unfreeze=all, reco_trainable=7098018, dual_frozen=False, dual_trainable=2812673
StageC-Joint ep 18: train_loss=8.5638 (cls=0.3265, rank=0.3043, reco=20.5652, cons=0.1175, delta=0.0836, d_gain=0.1906, d_cost=0.0914, anc_p=0.0000, anc_o=0.0000) | val_auc_unw=0.9263, val_fpr50_unw=0.018653, val_auc_w=nan, val_fpr50_w=nan, val_metric_source=unweighted, select=auc, best_sel=0.926454, unfreeze=all, reco_trainable=7098018, dual_frozen=False, dual_trainable=2812673
StageC-Joint ep 19: train_loss=8.5697 (cls=0.3278, rank=0.3048, reco=20.5765, cons=0.1176, delta=0.0845, d_gain=0.1906, d_cost=0.0917, anc_p=0.0000, anc_o=0.0000) | val_auc_unw=0.9262, val_fpr50_unw=0.018268, val_auc_w=nan, val_fpr50_w=nan, val_metric_source=unweighted, select=auc, best_sel=0.926454, unfreeze=all, reco_trainable=7098018, dual_frozen=False, dual_trainable=2812673
StageC-Joint ep 20: train_loss=8.5571 (cls=0.3267, rank=0.3050, reco=20.5477, cons=0.1175, delta=0.0839, d_gain=0.1910, d_cost=0.0916, anc_p=0.0000, anc_o=0.0000) | val_auc_unw=0.9263, val_fpr50_unw=0.018345, val_auc_w=nan, val_fpr50_w=nan, val_metric_source=unweighted, select=auc, best_sel=0.926454, unfreeze=all, reco_trainable=7098018, dual_frozen=False, dual_trainable=2812673
StageC-Joint ep 21: train_loss=8.5669 (cls=0.3261, rank=0.3042, reco=20.5738, cons=0.1177, delta=0.0833, d_gain=0.1906, d_cost=0.0913, anc_p=0.0000, anc_o=0.0000) | val_auc_unw=0.9262, val_fpr50_unw=0.018051, val_auc_w=nan, val_fpr50_w=nan, val_metric_source=unweighted, select=auc, best_sel=0.926454, unfreeze=all, reco_trainable=7098018, dual_frozen=False, dual_trainable=2812673
StageC-Joint ep 22: train_loss=8.5576 (cls=0.3271, rank=0.3052, reco=20.5482, cons=0.1176, delta=0.0830, d_gain=0.1904, d_cost=0.0911, anc_p=0.0000, anc_o=0.0000) | val_auc_unw=0.9262, val_fpr50_unw=0.018469, val_auc_w=nan, val_fpr50_w=nan, val_metric_source=unweighted, select=auc, best_sel=0.926454, unfreeze=all, reco_trainable=7098018, dual_frozen=False, dual_trainable=2812673
StageC-Joint ep 23: train_loss=8.5599 (cls=0.3269, rank=0.3045, reco=20.5546, cons=0.1176, delta=0.0835, d_gain=0.1905, d_cost=0.0913, anc_p=0.0000, anc_o=0.0000) | val_auc_unw=0.9263, val_fpr50_unw=0.018071, val_auc_w=nan, val_fpr50_w=nan, val_metric_source=unweighted, select=auc, best_sel=0.926454, unfreeze=all, reco_trainable=7098018, dual_frozen=False, dual_trainable=2812673
StageC-Joint ep 24: train_loss=8.5686 (cls=0.3265, rank=0.3045, reco=20.5773, cons=0.1176, delta=0.0827, d_gain=0.1907, d_cost=0.0912, anc_p=0.0000, anc_o=0.0000) | val_auc_unw=0.9259, val_fpr50_unw=0.018403, val_auc_w=nan, val_fpr50_w=nan, val_metric_source=unweighted, select=auc, best_sel=0.926454, unfreeze=all, reco_trainable=7098018, dual_frozen=False, dual_trainable=2812673
StageC-Joint ep 25: train_loss=8.5457 (cls=0.3260, rank=0.3051, reco=20.5213, cons=0.1177, delta=0.0831, d_gain=0.1909, d_cost=0.0913, anc_p=0.0000, anc_o=0.0000) | val_auc_unw=0.9262, val_fpr50_unw=0.018174, val_auc_w=nan, val_fpr50_w=nan, val_metric_source=unweighted, select=auc, best_sel=0.926454, unfreeze=all, reco_trainable=7098018, dual_frozen=False, dual_trainable=2812673
Early stopping StageC-Joint at epoch 25

======================================================================
STEP 5: RECONSTRUCTION DIAGNOSTICS
======================================================================

Jet pT response/resolution by truth pT bin (test split):
  pT_low - pT_high | N | HLT resp | HLT reso | Corrected resp | Corrected reso
  172739.4 - 504068.9 | 18750 | 0.8681 | 0.1516 | 0.7479 | 0.1276
  504068.9 - 773424.6 | 18750 | 0.8445 | 0.1720 | 0.6741 | 0.1293
  773424.6 - 1093714.0 | 18750 | 0.8330 | 0.1869 | 0.6245 | 0.1295
  1093714.0 - 1365805.0 | 18750 | 0.8218 | 0.2022 | 0.5895 | 0.1344
  1365805.0 - 1711763.0 | 18750 | 0.8203 | 0.2056 | 0.5720 | 0.1336
  1711763.0 - 2155283.2 | 18750 | 0.8155 | 0.2123 | 0.5533 | 0.1364
  2155283.2 - 2633962.7 | 18750 | 0.8110 | 0.2225 | 0.5361 | 0.1413
  2633962.7 - 4355157.0 | 18750 | 0.7996 | 0.2295 | 0.5192 | 0.1439

Constituent-count diagnostics:
  Means: offline=54.297, hlt=29.181, reco=51.322
  MAE vs offline: hlt=25.116, reco=5.419

Budget diagnostics (test split):
  MAE: merge=5.258, eff=0.000, total=5.258
  Bias: merge=-2.321, eff=0.000, total=-2.321

======================================================================
FINAL TEST EVALUATION
======================================================================
Teacher (Offline) AUC: 0.9533
Baseline (HLT)   AUC: 0.9214
Stage2 (PreJoint) AUC: 0.9231
Stage2 (BestValFPR50) AUC: 0.9230
Joint Dual-View  AUC: 0.9248
Joint Dual-View (BestValFPR50) AUC: 0.9244

FPR@30 Teacher/Baseline/Stage2/Joint: 0.002131 / 0.005524 / 0.004982 / 0.004675
FPR@30 Stage2BestFPR / JointBestFPR: 0.004862 / 0.004649
FPR@50 Teacher/Baseline/Stage2/Joint: 0.009940 / 0.021587 / 0.019957 / 0.018968
FPR@50 Stage2BestFPR / JointBestFPR: 0.019893 / 0.019128
Saving val/test score arrays for fusion analysis...
Saved fusion score arrays to: checkpoints/reco_teacher_joint_fusion_6model_150k75k150k/model2_joint_chamfer_phys0_eratio035_unselected0_localr0/model2_joint_chamfer_phys0_eratio035_unselected0_localr0_150k75k150k_seed0/fusion_scores_val_test.npz

Saved joint results to: checkpoints/reco_teacher_joint_fusion_6model_150k75k150k/model2_joint_chamfer_phys0_eratio035_unselected0_localr0/model2_joint_chamfer_phys0_eratio035_unselected0_localr0_150k75k150k_seed0
Done: checkpoints/reco_teacher_joint_fusion_6model_150k75k150k/model2_joint_chamfer_phys0_eratio035_unselected0_localr0/model2_joint_chamfer_phys0_eratio035_unselected0_localr0_150k75k150k_seed0
