============================================================
Model-2 Joint (SetLoss=Sinkhorn)
Run: checkpoints/reco_teacher_joint_fusion_6model_150k75k150k/model2_joint_sinkhorn/model2_joint_sinkhorn_150k75k150k_seed0
Split: train=150000, val=75000, test=150000
============================================================
 python offline_reconstructor_joint_dualview_stage2save_auc_norankc_nopriv_unmergeonly.py --save_dir checkpoints/reco_teacher_joint_fusion_6model_150k75k150k/model2_joint_sinkhorn --run_name model2_joint_sinkhorn_150k75k150k_seed0 --n_train_jets 375000 --n_train_split 150000 --n_val_split 75000 --n_test_split 150000 --offset_jets 0 --max_constits 100 --num_workers 6 --seed 0 --selection_metric auc --stageB_lambda_rank 0.0 --stageB_lambda_cons 0.0 --stageC_lr_dual 1e-5 --stageC_lr_reco 5e-6 --lambda_reco 0.4 --lambda_cons 0.06 --stageC_lambda_delta 0.05 --stageC_delta_tau 0.05 --stageC_delta_lambda_fp 3.0 --stageC_delta_warmup_epochs 8 --added_target_scale 0.90 --loss_set_mode sinkhorn --loss_set_sinkhorn_eps 0.08 --loss_set_sinkhorn_iters 25 --save_fusion_scores --disable_final_kd --device cuda
Device: cuda
Save dir: checkpoints/reco_teacher_joint_fusion_6model_150k75k150k/model2_joint_sinkhorn/model2_joint_sinkhorn_150k75k150k_seed0
Loading offline constituents...
Generating pseudo-HLT...
Non-priv target setup: added_target_scale=0.900, mean_true_added_raw=25.116, mean_target_added=22.604
Computing features...
Split sizes: Train=150000, Val=75000, Test=150000 (custom_counts=True)
Stage-B train subset: N=150000 / 150000 (frac=1.000, seed=0)

======================================================================
STEP 1: TEACHER + BASELINE
======================================================================
Teacher ep 5: train_auc=0.9439, val_auc=0.9469, val_fpr50=0.012873, best_auc=0.9469, fpr50@best=0.012873
Teacher ep 10: train_auc=0.9509, val_auc=0.9526, val_fpr50=0.010285, best_auc=0.9526, fpr50@best=0.010285
Teacher ep 15: train_auc=0.9549, val_auc=0.9522, val_fpr50=0.011025, best_auc=0.9529, fpr50@best=0.010068
Teacher ep 20: train_auc=0.9577, val_auc=0.9480, val_fpr50=0.013272, best_auc=0.9529, fpr50@best=0.010068
Teacher ep 25: train_auc=0.9610, val_auc=0.9513, val_fpr50=0.010954, best_auc=0.9539, fpr50@best=0.009423
Teacher ep 30: train_auc=0.9652, val_auc=0.9503, val_fpr50=0.011826, best_auc=0.9539, fpr50@best=0.009423
Teacher ep 35: train_auc=0.9696, val_auc=0.9496, val_fpr50=0.011791, best_auc=0.9539, fpr50@best=0.009423
Early stopping Teacher at epoch 37
Baseline ep 5: train_auc=0.9099, val_auc=0.9027, val_fpr50=0.028200, best_auc=0.9096, fpr50@best=0.027649
Baseline ep 10: train_auc=0.9173, val_auc=0.9176, val_fpr50=0.023106, best_auc=0.9185, fpr50@best=0.021131
Baseline ep 15: train_auc=0.9211, val_auc=0.9199, val_fpr50=0.021754, best_auc=0.9207, fpr50@best=0.019859
Baseline ep 20: train_auc=0.9251, val_auc=0.9232, val_fpr50=0.020238, best_auc=0.9232, fpr50@best=0.020238
Baseline ep 25: train_auc=0.9291, val_auc=0.9231, val_fpr50=0.020397, best_auc=0.9232, fpr50@best=0.020238
Baseline ep 30: train_auc=0.9336, val_auc=0.9194, val_fpr50=0.023387, best_auc=0.9235, fpr50@best=0.020215
Baseline ep 35: train_auc=0.9383, val_auc=0.9220, val_fpr50=0.021137, best_auc=0.9235, fpr50@best=0.020215
Baseline ep 40: train_auc=0.9435, val_auc=0.9181, val_fpr50=0.023374, best_auc=0.9235, fpr50@best=0.020215
Early stopping Baseline at epoch 41
StageC weak-delta HLT reference @TPR=0.50: threshold_prob=0.920016, val_auc_hlt=0.9235

======================================================================
STEP 2: STAGE A (RECONSTRUCTOR PRETRAIN)
======================================================================
Ep 5: train_total=26.3238, val_total_unw=28.9119, val_total_w=28.9119, select=unweighted, best_sel=25.6462 | set_unw=0.4796, phys_unw=0.5252, budget_unw=43.2206, stage_scale=0.35
Ep 10: train_total=25.1957, val_total_unw=25.7720, val_total_w=25.7720, select=unweighted, best_sel=25.6462 | set_unw=0.6874, phys_unw=0.4748, budget_unw=38.1356, stage_scale=0.35
Ep 15: train_total=24.7550, val_total_unw=26.8398, val_total_w=26.8398, select=unweighted, best_sel=25.4127 | set_unw=0.9274, phys_unw=0.4771, budget_unw=39.4034, stage_scale=0.35
Ep 20: train_total=24.4662, val_total_unw=25.6667, val_total_w=25.6667, select=unweighted, best_sel=25.3143 | set_unw=1.0301, phys_unw=0.4515, budget_unw=37.4705, stage_scale=0.35
Stage-A transition -> reloaded best from phase_035 (epoch=17, val_total=25.3143)
Ep 25: train_total=22.6460, val_total_unw=23.8411, val_total_w=23.8411, select=unweighted, best_sel=22.7755 | set_unw=0.5566, phys_unw=0.4400, budget_unw=35.4059, stage_scale=0.70
Ep 30: train_total=22.4179, val_total_unw=23.3561, val_total_w=23.3561, select=unweighted, best_sel=22.7755 | set_unw=0.5587, phys_unw=0.4362, budget_unw=34.6613, stage_scale=0.70
Ep 35: train_total=22.2335, val_total_unw=24.6273, val_total_w=24.6273, select=unweighted, best_sel=22.7755 | set_unw=0.5960, phys_unw=0.4569, budget_unw=36.5348, stage_scale=0.70
Ep 40: train_total=22.0603, val_total_unw=22.8723, val_total_w=22.8723, select=unweighted, best_sel=22.7755 | set_unw=0.5663, phys_unw=0.4331, budget_unw=33.9091, stage_scale=0.70
Ep 45: train_total=21.8602, val_total_unw=23.3980, val_total_w=23.3980, select=unweighted, best_sel=22.7398 | set_unw=0.5823, phys_unw=0.4372, budget_unw=34.6879, stage_scale=0.70
Ep 50: train_total=21.6694, val_total_unw=22.6880, val_total_w=22.6880, select=unweighted, best_sel=22.2773 | set_unw=0.5827, phys_unw=0.4285, budget_unw=33.6058, stage_scale=0.70
Ep 55: train_total=21.4570, val_total_unw=23.5473, val_total_w=23.5473, select=unweighted, best_sel=22.2773 | set_unw=0.5733, phys_unw=0.4369, budget_unw=34.9316, stage_scale=0.70
Stage-A transition -> reloaded best from phase_070 (epoch=48, val_total=22.2773)
Ep 60: train_total=21.1283, val_total_unw=23.1150, val_total_w=23.1150, select=unweighted, best_sel=22.2773 | set_unw=0.4084, phys_unw=0.4261, budget_unw=34.5336, stage_scale=1.00
Ep 65: train_total=20.8917, val_total_unw=22.5737, val_total_w=22.5737, select=unweighted, best_sel=22.2773 | set_unw=0.4080, phys_unw=0.4173, budget_unw=33.7122, stage_scale=1.00
Ep 70: train_total=20.5985, val_total_unw=22.3258, val_total_w=22.3258, select=unweighted, best_sel=21.9286 | set_unw=0.4064, phys_unw=0.4024, budget_unw=33.3506, stage_scale=1.00
Ep 75: train_total=20.2547, val_total_unw=22.2981, val_total_w=22.2981, select=unweighted, best_sel=21.9286 | set_unw=0.4073, phys_unw=0.4089, budget_unw=33.2988, stage_scale=1.00
Ep 80: train_total=19.9201, val_total_unw=22.6400, val_total_w=22.6400, select=unweighted, best_sel=21.9286 | set_unw=0.4073, phys_unw=0.4112, budget_unw=33.8225, stage_scale=1.00
Early stopping reconstructor at epoch 84

======================================================================
STEP 3: STAGE B (DUAL PRETRAIN, FROZEN RECONSTRUCTOR)
======================================================================
StageB-DualPretrain ep 5: train_loss=0.3749 (cls=0.3749, rank=0.3037, reco=0.0000, cons=0.1168, delta=0.0000, d_gain=0.0000, d_cost=0.0000, anc_p=0.0000, anc_o=0.0000) | val_auc_unw=0.9166, val_fpr50_unw=0.025261, val_auc_w=nan, val_fpr50_w=nan, val_metric_source=unweighted, select=auc, best_sel=0.916596, unfreeze=frozen, reco_trainable=0
StageB-DualPretrain ep 10: train_loss=0.3614 (cls=0.3614, rank=0.3021, reco=0.0000, cons=0.1168, delta=0.0000, d_gain=0.0000, d_cost=0.0000, anc_p=0.0000, anc_o=0.0000) | val_auc_unw=0.9204, val_fpr50_unw=0.021426, val_auc_w=nan, val_fpr50_w=nan, val_metric_source=unweighted, select=auc, best_sel=0.920393, unfreeze=frozen, reco_trainable=0
StageB-DualPretrain ep 15: train_loss=0.3519 (cls=0.3519, rank=0.3019, reco=0.0000, cons=0.1168, delta=0.0000, d_gain=0.0000, d_cost=0.0000, anc_p=0.0000, anc_o=0.0000) | val_auc_unw=0.9235, val_fpr50_unw=0.018865, val_auc_w=nan, val_fpr50_w=nan, val_metric_source=unweighted, select=auc, best_sel=0.923492, unfreeze=frozen, reco_trainable=0
StageB-DualPretrain ep 20: train_loss=0.3423 (cls=0.3423, rank=0.3021, reco=0.0000, cons=0.1168, delta=0.0000, d_gain=0.0000, d_cost=0.0000, anc_p=0.0000, anc_o=0.0000) | val_auc_unw=0.9216, val_fpr50_unw=0.020639, val_auc_w=nan, val_fpr50_w=nan, val_metric_source=unweighted, select=auc, best_sel=0.924868, unfreeze=frozen, reco_trainable=0
StageB-DualPretrain ep 25: train_loss=0.3319 (cls=0.3319, rank=0.3029, reco=0.0000, cons=0.1168, delta=0.0000, d_gain=0.0000, d_cost=0.0000, anc_p=0.0000, anc_o=0.0000) | val_auc_unw=0.9233, val_fpr50_unw=0.020439, val_auc_w=nan, val_fpr50_w=nan, val_metric_source=unweighted, select=auc, best_sel=0.924868, unfreeze=frozen, reco_trainable=0
StageB-DualPretrain ep 30: train_loss=0.3211 (cls=0.3211, rank=0.3049, reco=0.0000, cons=0.1168, delta=0.0000, d_gain=0.0000, d_cost=0.0000, anc_p=0.0000, anc_o=0.0000) | val_auc_unw=0.9233, val_fpr50_unw=0.020406, val_auc_w=nan, val_fpr50_w=nan, val_metric_source=unweighted, select=auc, best_sel=0.924868, unfreeze=frozen, reco_trainable=0
Early stopping StageB-DualPretrain at epoch 31

======================================================================
STEP 4: STAGE C (JOINT FINETUNE)
======================================================================
StageC-Joint ep 1: train_loss=8.5719 (cls=0.3353, rank=0.3018, reco=20.5722, cons=0.1176, delta=0.1091, d_gain=0.1908, d_cost=0.1000, anc_p=0.0000, anc_o=0.0000) | val_auc_unw=0.9261, val_fpr50_unw=0.018379, val_auc_w=nan, val_fpr50_w=nan, val_metric_source=unweighted, select=auc, best_sel=0.926075, unfreeze=all, reco_trainable=7098018
StageC-Joint ep 2: train_loss=8.5331 (cls=0.3330, rank=0.3016, reco=20.4793, cons=0.1175, delta=0.1044, d_gain=0.1902, d_cost=0.0982, anc_p=0.0000, anc_o=0.0000) | val_auc_unw=0.9264, val_fpr50_unw=0.018076, val_auc_w=nan, val_fpr50_w=nan, val_metric_source=unweighted, select=auc, best_sel=0.926378, unfreeze=all, reco_trainable=7098018
StageC-Joint ep 3: train_loss=8.5181 (cls=0.3326, rank=0.3024, reco=20.4412, cons=0.1175, delta=0.1010, d_gain=0.1902, d_cost=0.0971, anc_p=0.0000, anc_o=0.0000) | val_auc_unw=0.9265, val_fpr50_unw=0.018225, val_auc_w=nan, val_fpr50_w=nan, val_metric_source=unweighted, select=auc, best_sel=0.926534, unfreeze=all, reco_trainable=7098018
StageC-Joint ep 4: train_loss=8.5101 (cls=0.3309, rank=0.3028, reco=20.4244, cons=0.1176, delta=0.0976, d_gain=0.1901, d_cost=0.0959, anc_p=0.0000, anc_o=0.0000) | val_auc_unw=0.9264, val_fpr50_unw=0.018062, val_auc_w=nan, val_fpr50_w=nan, val_metric_source=unweighted, select=auc, best_sel=0.926534, unfreeze=all, reco_trainable=7098018
StageC-Joint ep 5: train_loss=8.5042 (cls=0.3313, rank=0.3033, reco=20.4070, cons=0.1176, delta=0.0955, d_gain=0.1903, d_cost=0.0953, anc_p=0.0000, anc_o=0.0000) | val_auc_unw=0.9264, val_fpr50_unw=0.018080, val_auc_w=nan, val_fpr50_w=nan, val_metric_source=unweighted, select=auc, best_sel=0.926534, unfreeze=all, reco_trainable=7098018
StageC-Joint ep 6: train_loss=8.5022 (cls=0.3302, rank=0.3035, reco=20.4036, cons=0.1175, delta=0.0930, d_gain=0.1901, d_cost=0.0944, anc_p=0.0000, anc_o=0.0000) | val_auc_unw=0.9266, val_fpr50_unw=0.018299, val_auc_w=nan, val_fpr50_w=nan, val_metric_source=unweighted, select=auc, best_sel=0.926593, unfreeze=all, reco_trainable=7098018
StageC-Joint ep 7: train_loss=8.4900 (cls=0.3302, rank=0.3038, reco=20.3717, cons=0.1176, delta=0.0916, d_gain=0.1901, d_cost=0.0939, anc_p=0.0000, anc_o=0.0000) | val_auc_unw=0.9266, val_fpr50_unw=0.018085, val_auc_w=nan, val_fpr50_w=nan, val_metric_source=unweighted, select=auc, best_sel=0.926593, unfreeze=all, reco_trainable=7098018
StageC-Joint ep 8: train_loss=8.4969 (cls=0.3292, rank=0.3035, reco=20.3906, cons=0.1176, delta=0.0893, d_gain=0.1899, d_cost=0.0931, anc_p=0.0000, anc_o=0.0000) | val_auc_unw=0.9266, val_fpr50_unw=0.018169, val_auc_w=nan, val_fpr50_w=nan, val_metric_source=unweighted, select=auc, best_sel=0.926593, unfreeze=all, reco_trainable=7098018
StageC-Joint ep 9: train_loss=8.4818 (cls=0.3291, rank=0.3041, reco=20.3531, cons=0.1175, delta=0.0875, d_gain=0.1900, d_cost=0.0925, anc_p=0.0000, anc_o=0.0000) | val_auc_unw=0.9266, val_fpr50_unw=0.018203, val_auc_w=nan, val_fpr50_w=nan, val_metric_source=unweighted, select=auc, best_sel=0.926593, unfreeze=all, reco_trainable=7098018
StageC-Joint ep 10: train_loss=8.4857 (cls=0.3290, rank=0.3041, reco=20.3634, cons=0.1176, delta=0.0867, d_gain=0.1905, d_cost=0.0924, anc_p=0.0000, anc_o=0.0000) | val_auc_unw=0.9266, val_fpr50_unw=0.017927, val_auc_w=nan, val_fpr50_w=nan, val_metric_source=unweighted, select=auc, best_sel=0.926598, unfreeze=all, reco_trainable=7098018
StageC-Joint ep 11: train_loss=8.4770 (cls=0.3290, rank=0.3038, reco=20.3413, cons=0.1176, delta=0.0871, d_gain=0.1899, d_cost=0.0923, anc_p=0.0000, anc_o=0.0000) | val_auc_unw=0.9263, val_fpr50_unw=0.018065, val_auc_w=nan, val_fpr50_w=nan, val_metric_source=unweighted, select=auc, best_sel=0.926598, unfreeze=all, reco_trainable=7098018
StageC-Joint ep 12: train_loss=8.4804 (cls=0.3290, rank=0.3046, reco=20.3499, cons=0.1176, delta=0.0869, d_gain=0.1905, d_cost=0.0925, anc_p=0.0000, anc_o=0.0000) | val_auc_unw=0.9264, val_fpr50_unw=0.018051, val_auc_w=nan, val_fpr50_w=nan, val_metric_source=unweighted, select=auc, best_sel=0.926598, unfreeze=all, reco_trainable=7098018
StageC-Joint ep 13: train_loss=8.4714 (cls=0.3284, rank=0.3036, reco=20.3292, cons=0.1177, delta=0.0859, d_gain=0.1901, d_cost=0.0920, anc_p=0.0000, anc_o=0.0000) | val_auc_unw=0.9265, val_fpr50_unw=0.017893, val_auc_w=nan, val_fpr50_w=nan, val_metric_source=unweighted, select=auc, best_sel=0.926598, unfreeze=all, reco_trainable=7098018
StageC-Joint ep 14: train_loss=8.4716 (cls=0.3286, rank=0.3041, reco=20.3291, cons=0.1176, delta=0.0854, d_gain=0.1902, d_cost=0.0919, anc_p=0.0000, anc_o=0.0000) | val_auc_unw=0.9265, val_fpr50_unw=0.018117, val_auc_w=nan, val_fpr50_w=nan, val_metric_source=unweighted, select=auc, best_sel=0.926598, unfreeze=all, reco_trainable=7098018
StageC-Joint ep 15: train_loss=8.4693 (cls=0.3282, rank=0.3040, reco=20.3243, cons=0.1177, delta=0.0856, d_gain=0.1905, d_cost=0.0920, anc_p=0.0000, anc_o=0.0000) | val_auc_unw=0.9265, val_fpr50_unw=0.018206, val_auc_w=nan, val_fpr50_w=nan, val_metric_source=unweighted, select=auc, best_sel=0.926598, unfreeze=all, reco_trainable=7098018
StageC-Joint ep 16: train_loss=8.4694 (cls=0.3280, rank=0.3045, reco=20.3251, cons=0.1176, delta=0.0857, d_gain=0.1902, d_cost=0.0920, anc_p=0.0000, anc_o=0.0000) | val_auc_unw=0.9264, val_fpr50_unw=0.018222, val_auc_w=nan, val_fpr50_w=nan, val_metric_source=unweighted, select=auc, best_sel=0.926598, unfreeze=all, reco_trainable=7098018
StageC-Joint ep 17: train_loss=8.4582 (cls=0.3273, rank=0.3042, reco=20.2992, cons=0.1176, delta=0.0841, d_gain=0.1901, d_cost=0.0914, anc_p=0.0000, anc_o=0.0000) | val_auc_unw=0.9262, val_fpr50_unw=0.018242, val_auc_w=nan, val_fpr50_w=nan, val_metric_source=unweighted, select=auc, best_sel=0.926598, unfreeze=all, reco_trainable=7098018
StageC-Joint ep 18: train_loss=8.4546 (cls=0.3268, rank=0.3041, reco=20.2913, cons=0.1176, delta=0.0839, d_gain=0.1906, d_cost=0.0915, anc_p=0.0000, anc_o=0.0000) | val_auc_unw=0.9266, val_fpr50_unw=0.018214, val_auc_w=nan, val_fpr50_w=nan, val_metric_source=unweighted, select=auc, best_sel=0.926604, unfreeze=all, reco_trainable=7098018
StageC-Joint ep 19: train_loss=8.4613 (cls=0.3280, rank=0.3049, reco=20.3051, cons=0.1176, delta=0.0845, d_gain=0.1906, d_cost=0.0917, anc_p=0.0000, anc_o=0.0000) | val_auc_unw=0.9264, val_fpr50_unw=0.018327, val_auc_w=nan, val_fpr50_w=nan, val_metric_source=unweighted, select=auc, best_sel=0.926604, unfreeze=all, reco_trainable=7098018
StageC-Joint ep 20: train_loss=8.4508 (cls=0.3268, rank=0.3044, reco=20.2819, cons=0.1176, delta=0.0839, d_gain=0.1909, d_cost=0.0916, anc_p=0.0000, anc_o=0.0000) | val_auc_unw=0.9264, val_fpr50_unw=0.018244, val_auc_w=nan, val_fpr50_w=nan, val_metric_source=unweighted, select=auc, best_sel=0.926604, unfreeze=all, reco_trainable=7098018
StageC-Joint ep 21: train_loss=8.4555 (cls=0.3260, rank=0.3041, reco=20.2958, cons=0.1177, delta=0.0832, d_gain=0.1906, d_cost=0.0913, anc_p=0.0000, anc_o=0.0000) | val_auc_unw=0.9264, val_fpr50_unw=0.018344, val_auc_w=nan, val_fpr50_w=nan, val_metric_source=unweighted, select=auc, best_sel=0.926604, unfreeze=all, reco_trainable=7098018
StageC-Joint ep 22: train_loss=8.4448 (cls=0.3269, rank=0.3048, reco=20.2670, cons=0.1176, delta=0.0827, d_gain=0.1906, d_cost=0.0911, anc_p=0.0000, anc_o=0.0000) | val_auc_unw=0.9264, val_fpr50_unw=0.018315, val_auc_w=nan, val_fpr50_w=nan, val_metric_source=unweighted, select=auc, best_sel=0.926604, unfreeze=all, reco_trainable=7098018
StageC-Joint ep 23: train_loss=8.4483 (cls=0.3262, rank=0.3046, reco=20.2774, cons=0.1176, delta=0.0828, d_gain=0.1906, d_cost=0.0911, anc_p=0.0000, anc_o=0.0000) | val_auc_unw=0.9263, val_fpr50_unw=0.018458, val_auc_w=nan, val_fpr50_w=nan, val_metric_source=unweighted, select=auc, best_sel=0.926604, unfreeze=all, reco_trainable=7098018
StageC-Joint ep 24: train_loss=8.4544 (cls=0.3270, rank=0.3047, reco=20.2905, cons=0.1176, delta=0.0830, d_gain=0.1907, d_cost=0.0912, anc_p=0.0000, anc_o=0.0000) | val_auc_unw=0.9261, val_fpr50_unw=0.018083, val_auc_w=nan, val_fpr50_w=nan, val_metric_source=unweighted, select=auc, best_sel=0.926604, unfreeze=all, reco_trainable=7098018
StageC-Joint ep 25: train_loss=8.4399 (cls=0.3258, rank=0.3047, reco=20.2572, cons=0.1177, delta=0.0833, d_gain=0.1910, d_cost=0.0914, anc_p=0.0000, anc_o=0.0000) | val_auc_unw=0.9264, val_fpr50_unw=0.018341, val_auc_w=nan, val_fpr50_w=nan, val_metric_source=unweighted, select=auc, best_sel=0.926604, unfreeze=all, reco_trainable=7098018
StageC-Joint ep 26: train_loss=8.4495 (cls=0.3261, rank=0.3036, reco=20.2805, cons=0.1176, delta=0.0831, d_gain=0.1908, d_cost=0.0913, anc_p=0.0000, anc_o=0.0000) | val_auc_unw=0.9262, val_fpr50_unw=0.018387, val_auc_w=nan, val_fpr50_w=nan, val_metric_source=unweighted, select=auc, best_sel=0.926604, unfreeze=all, reco_trainable=7098018
StageC-Joint ep 27: train_loss=8.4333 (cls=0.3261, rank=0.3038, reco=20.2401, cons=0.1177, delta=0.0827, d_gain=0.1908, d_cost=0.0912, anc_p=0.0000, anc_o=0.0000) | val_auc_unw=0.9263, val_fpr50_unw=0.018250, val_auc_w=nan, val_fpr50_w=nan, val_metric_source=unweighted, select=auc, best_sel=0.926604, unfreeze=all, reco_trainable=7098018
StageC-Joint ep 28: train_loss=8.4344 (cls=0.3255, rank=0.3041, reco=20.2443, cons=0.1176, delta=0.0825, d_gain=0.1910, d_cost=0.0912, anc_p=0.0000, anc_o=0.0000) | val_auc_unw=0.9261, val_fpr50_unw=0.018396, val_auc_w=nan, val_fpr50_w=nan, val_metric_source=unweighted, select=auc, best_sel=0.926604, unfreeze=all, reco_trainable=7098018
StageC-Joint ep 29: train_loss=8.4364 (cls=0.3251, rank=0.3040, reco=20.2505, cons=0.1176, delta=0.0810, d_gain=0.1909, d_cost=0.0906, anc_p=0.0000, anc_o=0.0000) | val_auc_unw=0.9263, val_fpr50_unw=0.018318, val_auc_w=nan, val_fpr50_w=nan, val_metric_source=unweighted, select=auc, best_sel=0.926604, unfreeze=all, reco_trainable=7098018
StageC-Joint ep 30: train_loss=8.4386 (cls=0.3255, rank=0.3044, reco=20.2550, cons=0.1176, delta=0.0813, d_gain=0.1908, d_cost=0.0907, anc_p=0.0000, anc_o=0.0000) | val_auc_unw=0.9263, val_fpr50_unw=0.018231, val_auc_w=nan, val_fpr50_w=nan, val_metric_source=unweighted, select=auc, best_sel=0.926604, unfreeze=all, reco_trainable=7098018
StageC-Joint ep 31: train_loss=8.4367 (cls=0.3252, rank=0.3050, reco=20.2510, cons=0.1177, delta=0.0820, d_gain=0.1910, d_cost=0.0910, anc_p=0.0000, anc_o=0.0000) | val_auc_unw=0.9262, val_fpr50_unw=0.018511, val_auc_w=nan, val_fpr50_w=nan, val_metric_source=unweighted, select=auc, best_sel=0.926604, unfreeze=all, reco_trainable=7098018
StageC-Joint ep 32: train_loss=8.4320 (cls=0.3254, rank=0.3046, reco=20.2386, cons=0.1176, delta=0.0819, d_gain=0.1911, d_cost=0.0910, anc_p=0.0000, anc_o=0.0000) | val_auc_unw=0.9261, val_fpr50_unw=0.018315, val_auc_w=nan, val_fpr50_w=nan, val_metric_source=unweighted, select=auc, best_sel=0.926604, unfreeze=all, reco_trainable=7098018
Early stopping StageC-Joint at epoch 32

======================================================================
STEP 5: RECONSTRUCTION DIAGNOSTICS
======================================================================

Jet pT response/resolution by truth pT bin (test split):
  pT_low - pT_high | N | HLT resp | HLT reso | Corrected resp | Corrected reso
  172739.4 - 504068.9 | 18750 | 0.8681 | 0.1516 | 0.7360 | 0.1178
  504068.9 - 773424.6 | 18750 | 0.8445 | 0.1720 | 0.6677 | 0.1221
  773424.6 - 1093714.0 | 18750 | 0.8330 | 0.1869 | 0.6275 | 0.1262
  1093714.0 - 1365805.0 | 18750 | 0.8218 | 0.2022 | 0.6012 | 0.1339
  1365805.0 - 1711763.0 | 18750 | 0.8203 | 0.2056 | 0.5893 | 0.1356
  1711763.0 - 2155283.2 | 18750 | 0.8155 | 0.2123 | 0.5771 | 0.1401
  2155283.2 - 2633962.7 | 18750 | 0.8110 | 0.2225 | 0.5668 | 0.1468
  2633962.7 - 4355157.0 | 18750 | 0.7996 | 0.2295 | 0.5531 | 0.1511

Constituent-count diagnostics:
  Means: offline=54.297, hlt=29.181, reco=51.747
  MAE vs offline: hlt=25.116, reco=5.265

Budget diagnostics (test split):
  MAE: merge=5.242, eff=0.000, total=5.242
  Bias: merge=-2.020, eff=0.000, total=-2.020

======================================================================
FINAL TEST EVALUATION
======================================================================
Teacher (Offline) AUC: 0.9533
Baseline (HLT)   AUC: 0.9214
Stage2 (PreJoint) AUC: 0.9227
Stage2 (BestValFPR50) AUC: 0.9211
Joint Dual-View  AUC: 0.9249
Joint Dual-View (BestValFPR50) AUC: 0.9248

FPR@30 Teacher/Baseline/Stage2/Joint: 0.002131 / 0.005524 / 0.005069 / 0.004859
FPR@30 Stage2BestFPR / JointBestFPR: 0.005470 / 0.004948
FPR@50 Teacher/Baseline/Stage2/Joint: 0.009940 / 0.021587 / 0.020009 / 0.019062
FPR@50 Stage2BestFPR / JointBestFPR: 0.021258 / 0.019003
Saving val/test score arrays for fusion analysis...
Saved fusion score arrays to: checkpoints/reco_teacher_joint_fusion_6model_150k75k150k/model2_joint_sinkhorn/model2_joint_sinkhorn_150k75k150k_seed0/fusion_scores_val_test.npz

Saved joint results to: checkpoints/reco_teacher_joint_fusion_6model_150k75k150k/model2_joint_sinkhorn/model2_joint_sinkhorn_150k75k150k_seed0
Done: checkpoints/reco_teacher_joint_fusion_6model_150k75k150k/model2_joint_sinkhorn/model2_joint_sinkhorn_150k75k150k_seed0
