============================================================
Model-2 Joint (Combo: OT + Sinkhorn, L_phys=L_pt_ratio=L_e_ratio=0)
Run: checkpoints/reco_teacher_joint_fusion_6model_150k75k150k/model2_joint_ot_sinkhorn_nophys_noratio/model2_joint_ot_sinkhorn_nophys_noratio_150k75k150k_seed0
Split: train=150000, val=75000, test=150000
============================================================
 python offline_reconstructor_joint_dualview_stage2save_auc_norankc_nopriv_unmergeonly.py --save_dir checkpoints/reco_teacher_joint_fusion_6model_150k75k150k/model2_joint_ot_sinkhorn_nophys_noratio --run_name model2_joint_ot_sinkhorn_nophys_noratio_150k75k150k_seed0 --n_train_jets 375000 --n_train_split 150000 --n_val_split 75000 --n_test_split 150000 --offset_jets 0 --max_constits 100 --num_workers 6 --seed 0 --selection_metric auc --stageB_lambda_rank 0.0 --stageB_lambda_cons 0.0 --stageC_lr_dual 1e-5 --stageC_lr_reco 5e-6 --lambda_reco 0.4 --lambda_cons 0.06 --stageC_lambda_delta 0.05 --stageC_delta_tau 0.05 --stageC_delta_lambda_fp 3.0 --stageC_delta_warmup_epochs 8 --added_target_scale 0.90 --loss_set_mode combo --loss_set_combo_w_chamfer 0.0 --loss_set_combo_w_sinkhorn 1.0 --loss_set_combo_w_ot 1.0 --loss_set_combo_w_hungarian 0.0 --loss_set_sinkhorn_eps 0.08 --loss_set_sinkhorn_iters 25 --loss_set_ot_eps 0.02 --loss_set_ot_iters 50 --loss_w_phys 0.0 --loss_w_pt_ratio 0.0 --loss_w_e_ratio 0.0 --loss_w_local 0.05 --save_fusion_scores --disable_final_kd --device cuda
Device: cuda
Save dir: checkpoints/reco_teacher_joint_fusion_6model_150k75k150k/model2_joint_ot_sinkhorn_nophys_noratio/model2_joint_ot_sinkhorn_nophys_noratio_150k75k150k_seed0
Loading offline constituents...
Generating pseudo-HLT...
Non-priv target setup: added_target_scale=0.900, mean_true_added_raw=25.116, mean_target_added=22.604
Computing features...
Split sizes: Train=150000, Val=75000, Test=150000 (custom_counts=True)
Stage-B train subset: N=150000 / 150000 (frac=1.000, seed=0)

======================================================================
STEP 1: TEACHER + BASELINE
======================================================================
Teacher ep 5: train_auc=0.9439, val_auc=0.9469, val_fpr50=0.012873, best_auc=0.9469, fpr50@best=0.012873
Teacher ep 10: train_auc=0.9509, val_auc=0.9526, val_fpr50=0.010285, best_auc=0.9526, fpr50@best=0.010285
Teacher ep 15: train_auc=0.9549, val_auc=0.9522, val_fpr50=0.011025, best_auc=0.9529, fpr50@best=0.010068
Teacher ep 20: train_auc=0.9577, val_auc=0.9480, val_fpr50=0.013272, best_auc=0.9529, fpr50@best=0.010068
Teacher ep 25: train_auc=0.9610, val_auc=0.9513, val_fpr50=0.010954, best_auc=0.9539, fpr50@best=0.009423
Teacher ep 30: train_auc=0.9652, val_auc=0.9503, val_fpr50=0.011826, best_auc=0.9539, fpr50@best=0.009423
Teacher ep 35: train_auc=0.9696, val_auc=0.9496, val_fpr50=0.011791, best_auc=0.9539, fpr50@best=0.009423
Early stopping Teacher at epoch 37
Baseline ep 5: train_auc=0.9099, val_auc=0.9027, val_fpr50=0.028200, best_auc=0.9096, fpr50@best=0.027649
Baseline ep 10: train_auc=0.9173, val_auc=0.9176, val_fpr50=0.023106, best_auc=0.9185, fpr50@best=0.021131
Baseline ep 15: train_auc=0.9211, val_auc=0.9199, val_fpr50=0.021754, best_auc=0.9207, fpr50@best=0.019859
Baseline ep 20: train_auc=0.9251, val_auc=0.9232, val_fpr50=0.020238, best_auc=0.9232, fpr50@best=0.020238
Baseline ep 25: train_auc=0.9291, val_auc=0.9231, val_fpr50=0.020397, best_auc=0.9232, fpr50@best=0.020238
Baseline ep 30: train_auc=0.9336, val_auc=0.9194, val_fpr50=0.023387, best_auc=0.9235, fpr50@best=0.020215
Baseline ep 35: train_auc=0.9383, val_auc=0.9220, val_fpr50=0.021137, best_auc=0.9235, fpr50@best=0.020215
Baseline ep 40: train_auc=0.9435, val_auc=0.9181, val_fpr50=0.023374, best_auc=0.9235, fpr50@best=0.020215
Early stopping Baseline at epoch 41
StageC weak-delta HLT reference @TPR=0.50: threshold_prob=0.920016, val_auc_hlt=0.9235

======================================================================
STEP 2: STAGE A (RECONSTRUCTOR PRETRAIN)
======================================================================
Ep 5: train_total=26.1910, val_total_unw=29.9098, val_total_w=29.9098, select=unweighted, best_sel=24.5686 | set_unw=0.6410, phys_unw=0.6167, budget_unw=45.0246, stage_scale=0.35
Ep 10: train_total=25.1061, val_total_unw=26.4443, val_total_w=26.4443, select=unweighted, best_sel=24.5686 | set_unw=0.6384, phys_unw=0.5582, budget_unw=39.6975, stage_scale=0.35
Ep 15: train_total=24.6521, val_total_unw=26.6982, val_total_w=26.6982, select=unweighted, best_sel=24.5603 | set_unw=0.6878, phys_unw=0.5723, budget_unw=40.0123, stage_scale=0.35
Ep 20: train_total=24.3349, val_total_unw=25.8691, val_total_w=25.8691, select=unweighted, best_sel=24.5603 | set_unw=0.8254, phys_unw=0.5709, budget_unw=38.5249, stage_scale=0.35
Stage-A transition -> reloaded best from phase_035 (epoch=11, val_total=24.5603)
Ep 25: train_total=22.8355, val_total_unw=24.5671, val_total_w=24.5671, select=unweighted, best_sel=22.5399 | set_unw=0.6349, phys_unw=0.5453, budget_unw=36.8150, stage_scale=0.70
Ep 30: train_total=22.5719, val_total_unw=23.0092, val_total_w=23.0092, select=unweighted, best_sel=22.5399 | set_unw=0.6429, phys_unw=0.5158, budget_unw=34.4060, stage_scale=0.70
Ep 35: train_total=22.3348, val_total_unw=24.3793, val_total_w=24.3793, select=unweighted, best_sel=22.5399 | set_unw=0.6745, phys_unw=0.5487, budget_unw=36.4653, stage_scale=0.70
Ep 40: train_total=22.1517, val_total_unw=22.7779, val_total_w=22.7779, select=unweighted, best_sel=22.5399 | set_unw=0.6491, phys_unw=0.5302, budget_unw=34.0405, stage_scale=0.70
Ep 45: train_total=21.9477, val_total_unw=22.8276, val_total_w=22.8276, select=unweighted, best_sel=22.5399 | set_unw=0.6537, phys_unw=0.5300, budget_unw=34.1101, stage_scale=0.70
Ep 50: train_total=21.7734, val_total_unw=22.4589, val_total_w=22.4589, select=unweighted, best_sel=22.1637 | set_unw=0.6557, phys_unw=0.5289, budget_unw=33.5395, stage_scale=0.70
Ep 55: train_total=21.5909, val_total_unw=23.2122, val_total_w=23.2122, select=unweighted, best_sel=22.1637 | set_unw=0.6548, phys_unw=0.5281, budget_unw=34.7001, stage_scale=0.70
Stage-A transition -> reloaded best from phase_070 (epoch=48, val_total=22.1637)
Ep 60: train_total=21.2517, val_total_unw=23.0586, val_total_w=23.0586, select=unweighted, best_sel=22.1637 | set_unw=0.5445, phys_unw=0.5092, budget_unw=34.6334, stage_scale=1.00
Ep 65: train_total=21.0521, val_total_unw=22.0860, val_total_w=22.0860, select=unweighted, best_sel=22.0860 | set_unw=0.5453, phys_unw=0.5125, budget_unw=33.1359, stage_scale=1.00
Ep 70: train_total=20.7585, val_total_unw=22.3875, val_total_w=22.3875, select=unweighted, best_sel=21.7554 | set_unw=0.5395, phys_unw=0.4924, budget_unw=33.6086, stage_scale=1.00
Ep 75: train_total=20.4247, val_total_unw=22.0575, val_total_w=22.0575, select=unweighted, best_sel=21.7554 | set_unw=0.5418, phys_unw=0.4959, budget_unw=33.0974, stage_scale=1.00
Ep 80: train_total=20.0553, val_total_unw=22.3123, val_total_w=22.3123, select=unweighted, best_sel=21.7554 | set_unw=0.5414, phys_unw=0.4998, budget_unw=33.4900, stage_scale=1.00
Early stopping reconstructor at epoch 84

======================================================================
STEP 3: STAGE B (DUAL PRETRAIN, FROZEN RECONSTRUCTOR)
======================================================================
StageB-DualPretrain ep 5: train_loss=0.3749 (cls=0.3749, rank=0.3038, reco=0.0000, cons=0.1163, delta=0.0000, d_gain=0.0000, d_cost=0.0000, anc_p=0.0000, anc_o=0.0000) | val_auc_unw=0.9186, val_fpr50_unw=0.022618, val_auc_w=nan, val_fpr50_w=nan, val_metric_source=unweighted, select=auc, best_sel=0.918644, unfreeze=frozen, reco_trainable=0, dual_frozen=False, dual_trainable=2812673
StageB-DualPretrain ep 10: train_loss=0.3592 (cls=0.3592, rank=0.3023, reco=0.0000, cons=0.1163, delta=0.0000, d_gain=0.0000, d_cost=0.0000, anc_p=0.0000, anc_o=0.0000) | val_auc_unw=0.9213, val_fpr50_unw=0.020233, val_auc_w=nan, val_fpr50_w=nan, val_metric_source=unweighted, select=auc, best_sel=0.921290, unfreeze=frozen, reco_trainable=0, dual_frozen=False, dual_trainable=2812673
StageB-DualPretrain ep 15: train_loss=0.3522 (cls=0.3522, rank=0.3019, reco=0.0000, cons=0.1163, delta=0.0000, d_gain=0.0000, d_cost=0.0000, anc_p=0.0000, anc_o=0.0000) | val_auc_unw=0.9236, val_fpr50_unw=0.018966, val_auc_w=nan, val_fpr50_w=nan, val_metric_source=unweighted, select=auc, best_sel=0.923556, unfreeze=frozen, reco_trainable=0, dual_frozen=False, dual_trainable=2812673
StageB-DualPretrain ep 20: train_loss=0.3424 (cls=0.3424, rank=0.3012, reco=0.0000, cons=0.1163, delta=0.0000, d_gain=0.0000, d_cost=0.0000, anc_p=0.0000, anc_o=0.0000) | val_auc_unw=0.9236, val_fpr50_unw=0.018837, val_auc_w=nan, val_fpr50_w=nan, val_metric_source=unweighted, select=auc, best_sel=0.925526, unfreeze=frozen, reco_trainable=0, dual_frozen=False, dual_trainable=2812673
StageB-DualPretrain ep 25: train_loss=0.3319 (cls=0.3319, rank=0.3027, reco=0.0000, cons=0.1163, delta=0.0000, d_gain=0.0000, d_cost=0.0000, anc_p=0.0000, anc_o=0.0000) | val_auc_unw=0.9240, val_fpr50_unw=0.019241, val_auc_w=nan, val_fpr50_w=nan, val_metric_source=unweighted, select=auc, best_sel=0.925526, unfreeze=frozen, reco_trainable=0, dual_frozen=False, dual_trainable=2812673
StageB-DualPretrain ep 30: train_loss=0.3213 (cls=0.3213, rank=0.3049, reco=0.0000, cons=0.1163, delta=0.0000, d_gain=0.0000, d_cost=0.0000, anc_p=0.0000, anc_o=0.0000) | val_auc_unw=0.9239, val_fpr50_unw=0.018800, val_auc_w=nan, val_fpr50_w=nan, val_metric_source=unweighted, select=auc, best_sel=0.925526, unfreeze=frozen, reco_trainable=0, dual_frozen=False, dual_trainable=2812673
Early stopping StageB-DualPretrain at epoch 31

======================================================================
STEP 4: STAGE C (JOINT FINETUNE)
======================================================================
StageC-Joint ep 1: train_loss=8.6459 (cls=0.3357, rank=0.3006, reco=20.7562, cons=0.1175, delta=0.1119, d_gain=0.1907, d_cost=0.1009, anc_p=0.0000, anc_o=0.0000) | val_auc_unw=0.9262, val_fpr50_unw=0.017435, val_auc_w=nan, val_fpr50_w=nan, val_metric_source=unweighted, select=auc, best_sel=0.926218, unfreeze=all, reco_trainable=7098018, dual_frozen=False, dual_trainable=2812673
StageC-Joint ep 2: train_loss=8.5882 (cls=0.3329, rank=0.3007, reco=20.6174, cons=0.1175, delta=0.1058, d_gain=0.1902, d_cost=0.0987, anc_p=0.0000, anc_o=0.0000) | val_auc_unw=0.9264, val_fpr50_unw=0.017265, val_auc_w=nan, val_fpr50_w=nan, val_metric_source=unweighted, select=auc, best_sel=0.926410, unfreeze=all, reco_trainable=7098018, dual_frozen=False, dual_trainable=2812673
StageC-Joint ep 3: train_loss=8.5675 (cls=0.3330, rank=0.3022, reco=20.5639, cons=0.1175, delta=0.1016, d_gain=0.1902, d_cost=0.0973, anc_p=0.0000, anc_o=0.0000) | val_auc_unw=0.9267, val_fpr50_unw=0.017248, val_auc_w=nan, val_fpr50_w=nan, val_metric_source=unweighted, select=auc, best_sel=0.926708, unfreeze=all, reco_trainable=7098018, dual_frozen=False, dual_trainable=2812673
StageC-Joint ep 4: train_loss=8.5593 (cls=0.3307, rank=0.3024, reco=20.5476, cons=0.1176, delta=0.0976, d_gain=0.1904, d_cost=0.0960, anc_p=0.0000, anc_o=0.0000) | val_auc_unw=0.9264, val_fpr50_unw=0.017108, val_auc_w=nan, val_fpr50_w=nan, val_metric_source=unweighted, select=auc, best_sel=0.926708, unfreeze=all, reco_trainable=7098018, dual_frozen=False, dual_trainable=2812673
StageC-Joint ep 5: train_loss=8.5501 (cls=0.3308, rank=0.3033, reco=20.5232, cons=0.1175, delta=0.0950, d_gain=0.1905, d_cost=0.0952, anc_p=0.0000, anc_o=0.0000) | val_auc_unw=0.9265, val_fpr50_unw=0.017143, val_auc_w=nan, val_fpr50_w=nan, val_metric_source=unweighted, select=auc, best_sel=0.926708, unfreeze=all, reco_trainable=7098018, dual_frozen=False, dual_trainable=2812673
StageC-Joint ep 6: train_loss=8.5496 (cls=0.3301, rank=0.3032, reco=20.5224, cons=0.1175, delta=0.0924, d_gain=0.1903, d_cost=0.0942, anc_p=0.0000, anc_o=0.0000) | val_auc_unw=0.9266, val_fpr50_unw=0.017043, val_auc_w=nan, val_fpr50_w=nan, val_metric_source=unweighted, select=auc, best_sel=0.926708, unfreeze=all, reco_trainable=7098018, dual_frozen=False, dual_trainable=2812673
StageC-Joint ep 7: train_loss=8.5437 (cls=0.3299, rank=0.3038, reco=20.5070, cons=0.1176, delta=0.0906, d_gain=0.1903, d_cost=0.0936, anc_p=0.0000, anc_o=0.0000) | val_auc_unw=0.9267, val_fpr50_unw=0.017224, val_auc_w=nan, val_fpr50_w=nan, val_metric_source=unweighted, select=auc, best_sel=0.926708, unfreeze=all, reco_trainable=7098018, dual_frozen=False, dual_trainable=2812673
StageC-Joint ep 8: train_loss=8.5340 (cls=0.3291, rank=0.3035, reco=20.4835, cons=0.1176, delta=0.0889, d_gain=0.1902, d_cost=0.0930, anc_p=0.0000, anc_o=0.0000) | val_auc_unw=0.9266, val_fpr50_unw=0.017026, val_auc_w=nan, val_fpr50_w=nan, val_metric_source=unweighted, select=auc, best_sel=0.926708, unfreeze=all, reco_trainable=7098018, dual_frozen=False, dual_trainable=2812673
StageC-Joint ep 9: train_loss=8.5281 (cls=0.3295, rank=0.3038, reco=20.4678, cons=0.1176, delta=0.0872, d_gain=0.1901, d_cost=0.0925, anc_p=0.0000, anc_o=0.0000) | val_auc_unw=0.9266, val_fpr50_unw=0.016985, val_auc_w=nan, val_fpr50_w=nan, val_metric_source=unweighted, select=auc, best_sel=0.926708, unfreeze=all, reco_trainable=7098018, dual_frozen=False, dual_trainable=2812673
StageC-Joint ep 10: train_loss=8.5349 (cls=0.3290, rank=0.3042, reco=20.4861, cons=0.1176, delta=0.0866, d_gain=0.1906, d_cost=0.0924, anc_p=0.0000, anc_o=0.0000) | val_auc_unw=0.9267, val_fpr50_unw=0.017066, val_auc_w=nan, val_fpr50_w=nan, val_metric_source=unweighted, select=auc, best_sel=0.926708, unfreeze=all, reco_trainable=7098018, dual_frozen=False, dual_trainable=2812673
StageC-Joint ep 11: train_loss=8.5147 (cls=0.3291, rank=0.3037, reco=20.4355, cons=0.1176, delta=0.0867, d_gain=0.1900, d_cost=0.0922, anc_p=0.0000, anc_o=0.0000) | val_auc_unw=0.9265, val_fpr50_unw=0.017204, val_auc_w=nan, val_fpr50_w=nan, val_metric_source=unweighted, select=auc, best_sel=0.926708, unfreeze=all, reco_trainable=7098018, dual_frozen=False, dual_trainable=2812673
StageC-Joint ep 12: train_loss=8.5249 (cls=0.3290, rank=0.3047, reco=20.4612, cons=0.1176, delta=0.0869, d_gain=0.1906, d_cost=0.0925, anc_p=0.0000, anc_o=0.0000) | val_auc_unw=0.9265, val_fpr50_unw=0.017152, val_auc_w=nan, val_fpr50_w=nan, val_metric_source=unweighted, select=auc, best_sel=0.926708, unfreeze=all, reco_trainable=7098018, dual_frozen=False, dual_trainable=2812673
StageC-Joint ep 13: train_loss=8.5194 (cls=0.3284, rank=0.3037, reco=20.4493, cons=0.1176, delta=0.0855, d_gain=0.1904, d_cost=0.0920, anc_p=0.0000, anc_o=0.0000) | val_auc_unw=0.9266, val_fpr50_unw=0.017191, val_auc_w=nan, val_fpr50_w=nan, val_metric_source=unweighted, select=auc, best_sel=0.926708, unfreeze=all, reco_trainable=7098018, dual_frozen=False, dual_trainable=2812673
StageC-Joint ep 14: train_loss=8.5127 (cls=0.3284, rank=0.3043, reco=20.4326, cons=0.1175, delta=0.0850, d_gain=0.1904, d_cost=0.0918, anc_p=0.0000, anc_o=0.0000) | val_auc_unw=0.9265, val_fpr50_unw=0.017284, val_auc_w=nan, val_fpr50_w=nan, val_metric_source=unweighted, select=auc, best_sel=0.926708, unfreeze=all, reco_trainable=7098018, dual_frozen=False, dual_trainable=2812673
StageC-Joint ep 15: train_loss=8.5167 (cls=0.3283, rank=0.3049, reco=20.4427, cons=0.1176, delta=0.0855, d_gain=0.1907, d_cost=0.0921, anc_p=0.0000, anc_o=0.0000) | val_auc_unw=0.9267, val_fpr50_unw=0.017423, val_auc_w=nan, val_fpr50_w=nan, val_metric_source=unweighted, select=auc, best_sel=0.926710, unfreeze=all, reco_trainable=7098018, dual_frozen=False, dual_trainable=2812673
StageC-Joint ep 16: train_loss=8.5119 (cls=0.3280, rank=0.3044, reco=20.4314, cons=0.1176, delta=0.0852, d_gain=0.1903, d_cost=0.0918, anc_p=0.0000, anc_o=0.0000) | val_auc_unw=0.9266, val_fpr50_unw=0.017265, val_auc_w=nan, val_fpr50_w=nan, val_metric_source=unweighted, select=auc, best_sel=0.926710, unfreeze=all, reco_trainable=7098018, dual_frozen=False, dual_trainable=2812673
StageC-Joint ep 17: train_loss=8.5084 (cls=0.3273, rank=0.3040, reco=20.4247, cons=0.1175, delta=0.0838, d_gain=0.1903, d_cost=0.0914, anc_p=0.0000, anc_o=0.0000) | val_auc_unw=0.9264, val_fpr50_unw=0.017266, val_auc_w=nan, val_fpr50_w=nan, val_metric_source=unweighted, select=auc, best_sel=0.926710, unfreeze=all, reco_trainable=7098018, dual_frozen=False, dual_trainable=2812673
StageC-Joint ep 18: train_loss=8.5065 (cls=0.3265, rank=0.3042, reco=20.4221, cons=0.1176, delta=0.0830, d_gain=0.1908, d_cost=0.0913, anc_p=0.0000, anc_o=0.0000) | val_auc_unw=0.9266, val_fpr50_unw=0.017465, val_auc_w=nan, val_fpr50_w=nan, val_metric_source=unweighted, select=auc, best_sel=0.926710, unfreeze=all, reco_trainable=7098018, dual_frozen=False, dual_trainable=2812673
StageC-Joint ep 19: train_loss=8.5005 (cls=0.3276, rank=0.3046, reco=20.4043, cons=0.1176, delta=0.0837, d_gain=0.1909, d_cost=0.0915, anc_p=0.0000, anc_o=0.0000) | val_auc_unw=0.9266, val_fpr50_unw=0.017337, val_auc_w=nan, val_fpr50_w=nan, val_metric_source=unweighted, select=auc, best_sel=0.926710, unfreeze=all, reco_trainable=7098018, dual_frozen=False, dual_trainable=2812673
StageC-Joint ep 20: train_loss=8.4967 (cls=0.3265, rank=0.3046, reco=20.3976, cons=0.1175, delta=0.0833, d_gain=0.1910, d_cost=0.0915, anc_p=0.0000, anc_o=0.0000) | val_auc_unw=0.9266, val_fpr50_unw=0.017318, val_auc_w=nan, val_fpr50_w=nan, val_metric_source=unweighted, select=auc, best_sel=0.926710, unfreeze=all, reco_trainable=7098018, dual_frozen=False, dual_trainable=2812673
StageC-Joint ep 21: train_loss=8.5066 (cls=0.3260, rank=0.3039, reco=20.4234, cons=0.1177, delta=0.0827, d_gain=0.1908, d_cost=0.0911, anc_p=0.0000, anc_o=0.0000) | val_auc_unw=0.9266, val_fpr50_unw=0.017195, val_auc_w=nan, val_fpr50_w=nan, val_metric_source=unweighted, select=auc, best_sel=0.926710, unfreeze=all, reco_trainable=7098018, dual_frozen=False, dual_trainable=2812673
StageC-Joint ep 22: train_loss=8.4949 (cls=0.3270, rank=0.3045, reco=20.3917, cons=0.1176, delta=0.0825, d_gain=0.1906, d_cost=0.0910, anc_p=0.0000, anc_o=0.0000) | val_auc_unw=0.9266, val_fpr50_unw=0.017481, val_auc_w=nan, val_fpr50_w=nan, val_metric_source=unweighted, select=auc, best_sel=0.926710, unfreeze=all, reco_trainable=7098018, dual_frozen=False, dual_trainable=2812673
StageC-Joint ep 23: train_loss=8.4940 (cls=0.3263, rank=0.3041, reco=20.3912, cons=0.1176, delta=0.0826, d_gain=0.1907, d_cost=0.0911, anc_p=0.0000, anc_o=0.0000) | val_auc_unw=0.9267, val_fpr50_unw=0.017438, val_auc_w=nan, val_fpr50_w=nan, val_metric_source=unweighted, select=auc, best_sel=0.926710, unfreeze=all, reco_trainable=7098018, dual_frozen=False, dual_trainable=2812673
StageC-Joint ep 24: train_loss=8.5025 (cls=0.3267, rank=0.3039, reco=20.4114, cons=0.1176, delta=0.0823, d_gain=0.1907, d_cost=0.0910, anc_p=0.0000, anc_o=0.0000) | val_auc_unw=0.9263, val_fpr50_unw=0.017343, val_auc_w=nan, val_fpr50_w=nan, val_metric_source=unweighted, select=auc, best_sel=0.926710, unfreeze=all, reco_trainable=7098018, dual_frozen=False, dual_trainable=2812673
StageC-Joint ep 25: train_loss=8.4831 (cls=0.3257, rank=0.3043, reco=20.3654, cons=0.1176, delta=0.0829, d_gain=0.1912, d_cost=0.0914, anc_p=0.0000, anc_o=0.0000) | val_auc_unw=0.9265, val_fpr50_unw=0.017330, val_auc_w=nan, val_fpr50_w=nan, val_metric_source=unweighted, select=auc, best_sel=0.926710, unfreeze=all, reco_trainable=7098018, dual_frozen=False, dual_trainable=2812673
StageC-Joint ep 26: train_loss=8.4970 (cls=0.3261, rank=0.3038, reco=20.3994, cons=0.1175, delta=0.0824, d_gain=0.1909, d_cost=0.0911, anc_p=0.0000, anc_o=0.0000) | val_auc_unw=0.9263, val_fpr50_unw=0.017126, val_auc_w=nan, val_fpr50_w=nan, val_metric_source=unweighted, select=auc, best_sel=0.926710, unfreeze=all, reco_trainable=7098018, dual_frozen=False, dual_trainable=2812673
StageC-Joint ep 27: train_loss=8.4862 (cls=0.3260, rank=0.3046, reco=20.3726, cons=0.1176, delta=0.0818, d_gain=0.1910, d_cost=0.0909, anc_p=0.0000, anc_o=0.0000) | val_auc_unw=0.9264, val_fpr50_unw=0.017409, val_auc_w=nan, val_fpr50_w=nan, val_metric_source=unweighted, select=auc, best_sel=0.926710, unfreeze=all, reco_trainable=7098018, dual_frozen=False, dual_trainable=2812673
StageC-Joint ep 28: train_loss=8.4879 (cls=0.3258, rank=0.3050, reco=20.3775, cons=0.1175, delta=0.0818, d_gain=0.1910, d_cost=0.0909, anc_p=0.0000, anc_o=0.0000) | val_auc_unw=0.9264, val_fpr50_unw=0.017497, val_auc_w=nan, val_fpr50_w=nan, val_metric_source=unweighted, select=auc, best_sel=0.926710, unfreeze=all, reco_trainable=7098018, dual_frozen=False, dual_trainable=2812673
StageC-Joint ep 29: train_loss=8.4910 (cls=0.3258, rank=0.3042, reco=20.3852, cons=0.1176, delta=0.0817, d_gain=0.1910, d_cost=0.0909, anc_p=0.0000, anc_o=0.0000) | val_auc_unw=0.9265, val_fpr50_unw=0.017503, val_auc_w=nan, val_fpr50_w=nan, val_metric_source=unweighted, select=auc, best_sel=0.926710, unfreeze=all, reco_trainable=7098018, dual_frozen=False, dual_trainable=2812673
Early stopping StageC-Joint at epoch 29

======================================================================
STEP 5: RECONSTRUCTION DIAGNOSTICS
======================================================================

Jet pT response/resolution by truth pT bin (test split):
  pT_low - pT_high | N | HLT resp | HLT reso | Corrected resp | Corrected reso
  172739.4 - 504068.9 | 18750 | 0.8681 | 0.1516 | 0.6797 | 0.1120
  504068.9 - 773424.6 | 18750 | 0.8445 | 0.1720 | 0.6131 | 0.1163
  773424.6 - 1093714.0 | 18750 | 0.8330 | 0.1869 | 0.5687 | 0.1156
  1093714.0 - 1365805.0 | 18750 | 0.8218 | 0.2022 | 0.5348 | 0.1174
  1365805.0 - 1711763.0 | 18750 | 0.8203 | 0.2056 | 0.5171 | 0.1161
  1711763.0 - 2155283.2 | 18750 | 0.8155 | 0.2123 | 0.4999 | 0.1183
  2155283.2 - 2633962.7 | 18750 | 0.8110 | 0.2225 | 0.4814 | 0.1207
  2633962.7 - 4355157.0 | 18750 | 0.7996 | 0.2295 | 0.4635 | 0.1224

Constituent-count diagnostics:
  Means: offline=54.297, hlt=29.181, reco=51.629
  MAE vs offline: hlt=25.116, reco=5.312

Budget diagnostics (test split):
  MAE: merge=5.244, eff=0.000, total=5.244
  Bias: merge=-2.157, eff=0.000, total=-2.157

======================================================================
FINAL TEST EVALUATION
======================================================================
Teacher (Offline) AUC: 0.9533
Baseline (HLT)   AUC: 0.9214
Stage2 (PreJoint) AUC: 0.9232
Stage2 (BestValFPR50) AUC: 0.9232
Joint Dual-View  AUC: 0.9249
Joint Dual-View (BestValFPR50) AUC: 0.9249

FPR@30 Teacher/Baseline/Stage2/Joint: 0.002131 / 0.005524 / 0.005127 / 0.004875
FPR@30 Stage2BestFPR / JointBestFPR: 0.005127 / 0.004792
FPR@50 Teacher/Baseline/Stage2/Joint: 0.009940 / 0.021587 / 0.020353 / 0.018882
FPR@50 Stage2BestFPR / JointBestFPR: 0.020353 / 0.018769
Saving val/test score arrays for fusion analysis...
Saved fusion score arrays to: checkpoints/reco_teacher_joint_fusion_6model_150k75k150k/model2_joint_ot_sinkhorn_nophys_noratio/model2_joint_ot_sinkhorn_nophys_noratio_150k75k150k_seed0/fusion_scores_val_test.npz

Saved joint results to: checkpoints/reco_teacher_joint_fusion_6model_150k75k150k/model2_joint_ot_sinkhorn_nophys_noratio/model2_joint_ot_sinkhorn_nophys_noratio_150k75k150k_seed0
Done: checkpoints/reco_teacher_joint_fusion_6model_150k75k150k/model2_joint_ot_sinkhorn_nophys_noratio/model2_joint_ot_sinkhorn_nophys_noratio_150k75k150k_seed0
