============================================================
Model-2 Joint (L_delta=0.00, unsmear hard-cap + asymmetric downshift penalty)
Run: checkpoints/reco_teacher_joint_fusion_6model_150k75k150k/model2_joint_delta000_unsmearcap_downshift/model2_joint_delta000_unsmearcap_downshift_150k75k150k_seed0
Split: train=150000, val=75000, test=150000
Unsmear controls:
  UNSMEAR_LOGPT_CAP=0.25
  UNSMEAR_LOGE_CAP=0.25
  UNSMEAR_DOWNSHIFT_LAMBDA=0.08
  UNSMEAR_DOWNSHIFT_TAU=0.15
  UNSMEAR_UPSHIFT_LAMBDA=0.02
  UNSMEAR_UPSHIFT_TAU=0.15
Reassign behavior: ORIGINAL (not geometry-only)
Reconstructor loss overrides:
  unselected_penalty=0.00
  gen_local_radius=0.00
============================================================
 python offline_reconstructor_joint_dualview_stage2save_auc_norankc_nopriv_unmergeonly_unsmearcap_downshift.py --save_dir checkpoints/reco_teacher_joint_fusion_6model_150k75k150k/model2_joint_delta000_unsmearcap_downshift --run_name model2_joint_delta000_unsmearcap_downshift_150k75k150k_seed0 --n_train_jets 375000 --n_train_split 150000 --n_val_split 75000 --n_test_split 150000 --offset_jets 0 --max_constits 100 --num_workers 6 --seed 0 --selection_metric auc --stageB_lambda_rank 0.0 --stageB_lambda_cons 0.0 --stageC_lr_dual 1e-5 --stageC_lr_reco 5e-6 --lambda_reco 0.4 --lambda_cons 0.06 --stageC_lambda_delta 0.00 --stageC_delta_tau 0.05 --stageC_delta_lambda_fp 3.0 --stageC_delta_warmup_epochs 8 --added_target_scale 0.90 --loss_unselected_penalty 0.00 --loss_gen_local_radius 0.00 --save_fusion_scores --disable_final_kd --device cuda
Device: cuda
Save dir: checkpoints/reco_teacher_joint_fusion_6model_150k75k150k/model2_joint_delta000_unsmearcap_downshift/model2_joint_delta000_unsmearcap_downshift_150k75k150k_seed0
Loading offline constituents...
Generating pseudo-HLT...
Non-priv target setup: added_target_scale=0.900, mean_true_added_raw=25.116, mean_target_added=22.604
Computing features...
Split sizes: Train=150000, Val=75000, Test=150000 (custom_counts=True)
Stage-B train subset: N=150000 / 150000 (frac=1.000, seed=0)

======================================================================
STEP 1: TEACHER + BASELINE
======================================================================
Teacher ep 5: train_auc=0.9439, val_auc=0.9469, val_fpr50=0.012873, best_auc=0.9469, fpr50@best=0.012873
Teacher ep 10: train_auc=0.9509, val_auc=0.9526, val_fpr50=0.010285, best_auc=0.9526, fpr50@best=0.010285
Teacher ep 15: train_auc=0.9549, val_auc=0.9522, val_fpr50=0.011025, best_auc=0.9529, fpr50@best=0.010068
Teacher ep 20: train_auc=0.9577, val_auc=0.9480, val_fpr50=0.013272, best_auc=0.9529, fpr50@best=0.010068
Teacher ep 25: train_auc=0.9610, val_auc=0.9513, val_fpr50=0.010954, best_auc=0.9539, fpr50@best=0.009423
Teacher ep 30: train_auc=0.9652, val_auc=0.9503, val_fpr50=0.011826, best_auc=0.9539, fpr50@best=0.009423
Teacher ep 35: train_auc=0.9696, val_auc=0.9496, val_fpr50=0.011791, best_auc=0.9539, fpr50@best=0.009423
Early stopping Teacher at epoch 37
Baseline ep 5: train_auc=0.9099, val_auc=0.9027, val_fpr50=0.028200, best_auc=0.9096, fpr50@best=0.027649
Baseline ep 10: train_auc=0.9173, val_auc=0.9176, val_fpr50=0.023106, best_auc=0.9185, fpr50@best=0.021131
Baseline ep 15: train_auc=0.9211, val_auc=0.9199, val_fpr50=0.021754, best_auc=0.9207, fpr50@best=0.019859
Baseline ep 20: train_auc=0.9251, val_auc=0.9232, val_fpr50=0.020238, best_auc=0.9232, fpr50@best=0.020238
Baseline ep 25: train_auc=0.9291, val_auc=0.9231, val_fpr50=0.020397, best_auc=0.9232, fpr50@best=0.020238
Baseline ep 30: train_auc=0.9336, val_auc=0.9194, val_fpr50=0.023387, best_auc=0.9235, fpr50@best=0.020215
Baseline ep 35: train_auc=0.9383, val_auc=0.9220, val_fpr50=0.021137, best_auc=0.9235, fpr50@best=0.020215
Baseline ep 40: train_auc=0.9435, val_auc=0.9181, val_fpr50=0.023374, best_auc=0.9235, fpr50@best=0.020215
Early stopping Baseline at epoch 41
StageC weak-delta HLT reference @TPR=0.50: threshold_prob=0.920016, val_auc_hlt=0.9235

======================================================================
STEP 2: STAGE A (RECONSTRUCTOR PRETRAIN)
======================================================================
Ep 5: train_total=26.2772, val_total_unw=28.9873, val_total_w=28.9873, select=unweighted, best_sel=24.5409 | set_unw=0.3982, phys_unw=0.4815, budget_unw=43.5117, fp_mass_unw=0.0209, w_set=1.000, w_budget=0.650, w_pt=0.700, w_local=0.030, stage_scale=0.35
Ep 10: train_total=25.2013, val_total_unw=24.9896, val_total_w=24.9896, select=unweighted, best_sel=24.4013 | set_unw=0.3998, phys_unw=0.4172, budget_unw=37.4377, fp_mass_unw=0.0216, w_set=1.000, w_budget=0.650, w_pt=0.700, w_local=0.030, stage_scale=0.35
Ep 15: train_total=24.7130, val_total_unw=25.8089, val_total_w=25.8089, select=unweighted, best_sel=24.4013 | set_unw=0.3945, phys_unw=0.4487, budget_unw=38.6687, fp_mass_unw=0.0209, w_set=1.000, w_budget=0.650, w_pt=0.700, w_local=0.030, stage_scale=0.35
Ep 20: train_total=24.4530, val_total_unw=26.0010, val_total_w=26.0010, select=unweighted, best_sel=24.3943 | set_unw=0.3910, phys_unw=0.4281, budget_unw=38.9947, fp_mass_unw=0.0197, w_set=1.000, w_budget=0.650, w_pt=0.700, w_local=0.030, stage_scale=0.35
Stage-A transition -> reloaded best from phase_035 (epoch=17, val_total=24.3943)
Ep 25: train_total=22.6439, val_total_unw=23.2999, val_total_w=23.2999, select=unweighted, best_sel=22.1112 | set_unw=0.4038, phys_unw=0.3838, budget_unw=34.8681, fp_mass_unw=0.0210, w_set=1.000, w_budget=0.650, w_pt=0.700, w_local=0.030, stage_scale=0.70
Ep 30: train_total=22.4120, val_total_unw=22.7447, val_total_w=22.7447, select=unweighted, best_sel=22.1112 | set_unw=0.4032, phys_unw=0.3765, budget_unw=34.0228, fp_mass_unw=0.0215, w_set=1.000, w_budget=0.650, w_pt=0.700, w_local=0.030, stage_scale=0.70
Ep 35: train_total=22.2400, val_total_unw=23.6462, val_total_w=23.6462, select=unweighted, best_sel=22.1112 | set_unw=0.4011, phys_unw=0.3959, budget_unw=35.3902, fp_mass_unw=0.0210, w_set=1.000, w_budget=0.650, w_pt=0.700, w_local=0.030, stage_scale=0.70
Ep 40: train_total=22.0677, val_total_unw=22.8138, val_total_w=22.8138, select=unweighted, best_sel=22.1112 | set_unw=0.4022, phys_unw=0.3798, budget_unw=34.1264, fp_mass_unw=0.0211, w_set=1.000, w_budget=0.650, w_pt=0.700, w_local=0.030, stage_scale=0.70
Ep 45: train_total=21.8742, val_total_unw=22.8572, val_total_w=22.8572, select=unweighted, best_sel=22.1112 | set_unw=0.4024, phys_unw=0.3768, budget_unw=34.1966, fp_mass_unw=0.0206, w_set=1.000, w_budget=0.650, w_pt=0.700, w_local=0.030, stage_scale=0.70
Ep 50: train_total=21.6721, val_total_unw=22.2886, val_total_w=22.2886, select=unweighted, best_sel=21.9580 | set_unw=0.4003, phys_unw=0.3665, budget_unw=33.3369, fp_mass_unw=0.0207, w_set=1.000, w_budget=0.650, w_pt=0.700, w_local=0.030, stage_scale=0.70
Ep 55: train_total=21.4722, val_total_unw=22.6695, val_total_w=22.6695, select=unweighted, best_sel=21.9580 | set_unw=0.4010, phys_unw=0.3743, budget_unw=33.9124, fp_mass_unw=0.0206, w_set=1.000, w_budget=0.650, w_pt=0.700, w_local=0.030, stage_scale=0.70
Stage-A transition -> reloaded best from phase_070 (epoch=48, val_total=21.9580)
Ep 60: train_total=21.1549, val_total_unw=22.6865, val_total_w=22.6865, select=unweighted, best_sel=21.9580 | set_unw=0.4025, phys_unw=0.3799, budget_unw=33.9293, fp_mass_unw=0.0211, w_set=1.000, w_budget=0.650, w_pt=0.700, w_local=0.030, stage_scale=1.00
Ep 65: train_total=20.9129, val_total_unw=22.2776, val_total_w=22.2776, select=unweighted, best_sel=21.9580 | set_unw=0.4028, phys_unw=0.3667, budget_unw=33.3145, fp_mass_unw=0.0211, w_set=1.000, w_budget=0.650, w_pt=0.700, w_local=0.030, stage_scale=1.00
Ep 70: train_total=20.6171, val_total_unw=22.5560, val_total_w=22.5560, select=unweighted, best_sel=21.8228 | set_unw=0.4031, phys_unw=0.3661, budget_unw=33.7432, fp_mass_unw=0.0213, w_set=1.000, w_budget=0.650, w_pt=0.700, w_local=0.030, stage_scale=1.00
Ep 75: train_total=20.2777, val_total_unw=22.1260, val_total_w=22.1260, select=unweighted, best_sel=21.8228 | set_unw=0.4036, phys_unw=0.3595, budget_unw=33.0881, fp_mass_unw=0.0214, w_set=1.000, w_budget=0.650, w_pt=0.700, w_local=0.030, stage_scale=1.00
Ep 80: train_total=19.9271, val_total_unw=22.3891, val_total_w=22.3891, select=unweighted, best_sel=21.8228 | set_unw=0.4037, phys_unw=0.3628, budget_unw=33.4892, fp_mass_unw=0.0213, w_set=1.000, w_budget=0.650, w_pt=0.700, w_local=0.030, stage_scale=1.00
Early stopping reconstructor at epoch 84

======================================================================
STEP 3: STAGE B (DUAL PRETRAIN, FROZEN RECONSTRUCTOR)
======================================================================
StageB-DualPretrain ep 5: train_loss=0.3751 (cls=0.3751, rank=0.3042, reco=0.0000, cons=0.1162, delta=0.0000, d_gain=0.0000, d_cost=0.0000, anc_p=0.0000, anc_o=0.0000) | val_auc_unw=0.9147, val_fpr50_unw=0.026445, val_auc_w=nan, val_fpr50_w=nan, val_metric_source=unweighted, select=auc, best_sel=0.914717, unfreeze=frozen, reco_trainable=0, dual_frozen=False, dual_trainable=2812673
StageB-DualPretrain ep 10: train_loss=0.3600 (cls=0.3600, rank=0.3027, reco=0.0000, cons=0.1162, delta=0.0000, d_gain=0.0000, d_cost=0.0000, anc_p=0.0000, anc_o=0.0000) | val_auc_unw=0.9203, val_fpr50_unw=0.020753, val_auc_w=nan, val_fpr50_w=nan, val_metric_source=unweighted, select=auc, best_sel=0.920310, unfreeze=frozen, reco_trainable=0, dual_frozen=False, dual_trainable=2812673
StageB-DualPretrain ep 15: train_loss=0.3519 (cls=0.3519, rank=0.3027, reco=0.0000, cons=0.1162, delta=0.0000, d_gain=0.0000, d_cost=0.0000, anc_p=0.0000, anc_o=0.0000) | val_auc_unw=0.9233, val_fpr50_unw=0.019203, val_auc_w=nan, val_fpr50_w=nan, val_metric_source=unweighted, select=auc, best_sel=0.923287, unfreeze=frozen, reco_trainable=0, dual_frozen=False, dual_trainable=2812673
StageB-DualPretrain ep 20: train_loss=0.3423 (cls=0.3423, rank=0.3018, reco=0.0000, cons=0.1162, delta=0.0000, d_gain=0.0000, d_cost=0.0000, anc_p=0.0000, anc_o=0.0000) | val_auc_unw=0.9229, val_fpr50_unw=0.020713, val_auc_w=nan, val_fpr50_w=nan, val_metric_source=unweighted, select=auc, best_sel=0.924713, unfreeze=frozen, reco_trainable=0, dual_frozen=False, dual_trainable=2812673
StageB-DualPretrain ep 25: train_loss=0.3317 (cls=0.3317, rank=0.3032, reco=0.0000, cons=0.1162, delta=0.0000, d_gain=0.0000, d_cost=0.0000, anc_p=0.0000, anc_o=0.0000) | val_auc_unw=0.9243, val_fpr50_unw=0.019152, val_auc_w=nan, val_fpr50_w=nan, val_metric_source=unweighted, select=auc, best_sel=0.925076, unfreeze=frozen, reco_trainable=0, dual_frozen=False, dual_trainable=2812673
StageB-DualPretrain ep 30: train_loss=0.3210 (cls=0.3210, rank=0.3044, reco=0.0000, cons=0.1162, delta=0.0000, d_gain=0.0000, d_cost=0.0000, anc_p=0.0000, anc_o=0.0000) | val_auc_unw=0.9225, val_fpr50_unw=0.020017, val_auc_w=nan, val_fpr50_w=nan, val_metric_source=unweighted, select=auc, best_sel=0.925076, unfreeze=frozen, reco_trainable=0, dual_frozen=False, dual_trainable=2812673
StageB-DualPretrain ep 35: train_loss=0.3101 (cls=0.3101, rank=0.3072, reco=0.0000, cons=0.1162, delta=0.0000, d_gain=0.0000, d_cost=0.0000, anc_p=0.0000, anc_o=0.0000) | val_auc_unw=0.9226, val_fpr50_unw=0.020328, val_auc_w=nan, val_fpr50_w=nan, val_metric_source=unweighted, select=auc, best_sel=0.925076, unfreeze=frozen, reco_trainable=0, dual_frozen=False, dual_trainable=2812673
Early stopping StageB-DualPretrain at epoch 35

======================================================================
STEP 4: STAGE C (JOINT FINETUNE)
======================================================================
StageC-Joint ep 1: train_loss=8.5660 (cls=0.3284, rank=0.3008, reco=20.5763, cons=0.1176, delta=0.0000, d_gain=0.0000, d_cost=0.0000, anc_p=0.0000, anc_o=0.0000) | val_auc_unw=0.9260, val_fpr50_unw=0.017964, val_auc_w=nan, val_fpr50_w=nan, val_metric_source=unweighted, select=auc, best_sel=0.925950, unfreeze=all, reco_trainable=7098018, dual_frozen=False, dual_trainable=2812673
StageC-Joint ep 2: train_loss=8.5417 (cls=0.3269, rank=0.3028, reco=20.5193, cons=0.1176, delta=0.0000, d_gain=0.0000, d_cost=0.0000, anc_p=0.0000, anc_o=0.0000) | val_auc_unw=0.9265, val_fpr50_unw=0.017830, val_auc_w=nan, val_fpr50_w=nan, val_metric_source=unweighted, select=auc, best_sel=0.926476, unfreeze=all, reco_trainable=7098018, dual_frozen=False, dual_trainable=2812673
StageC-Joint ep 3: train_loss=8.5280 (cls=0.3253, rank=0.3030, reco=20.4890, cons=0.1177, delta=0.0000, d_gain=0.0000, d_cost=0.0000, anc_p=0.0000, anc_o=0.0000) | val_auc_unw=0.9265, val_fpr50_unw=0.018095, val_auc_w=nan, val_fpr50_w=nan, val_metric_source=unweighted, select=auc, best_sel=0.926528, unfreeze=all, reco_trainable=7098018, dual_frozen=False, dual_trainable=2812673
StageC-Joint ep 4: train_loss=8.5141 (cls=0.3244, rank=0.3030, reco=20.4565, cons=0.1176, delta=0.0000, d_gain=0.0000, d_cost=0.0000, anc_p=0.0000, anc_o=0.0000) | val_auc_unw=0.9267, val_fpr50_unw=0.017531, val_auc_w=nan, val_fpr50_w=nan, val_metric_source=unweighted, select=auc, best_sel=0.926658, unfreeze=all, reco_trainable=7098018, dual_frozen=False, dual_trainable=2812673
StageC-Joint ep 5: train_loss=8.5093 (cls=0.3237, rank=0.3031, reco=20.4463, cons=0.1176, delta=0.0000, d_gain=0.0000, d_cost=0.0000, anc_p=0.0000, anc_o=0.0000) | val_auc_unw=0.9265, val_fpr50_unw=0.017740, val_auc_w=nan, val_fpr50_w=nan, val_metric_source=unweighted, select=auc, best_sel=0.926658, unfreeze=all, reco_trainable=7098018, dual_frozen=False, dual_trainable=2812673
StageC-Joint ep 6: train_loss=8.5046 (cls=0.3236, rank=0.3038, reco=20.4346, cons=0.1176, delta=0.0000, d_gain=0.0000, d_cost=0.0000, anc_p=0.0000, anc_o=0.0000) | val_auc_unw=0.9266, val_fpr50_unw=0.018171, val_auc_w=nan, val_fpr50_w=nan, val_metric_source=unweighted, select=auc, best_sel=0.926658, unfreeze=all, reco_trainable=7098018, dual_frozen=False, dual_trainable=2812673
StageC-Joint ep 7: train_loss=8.4909 (cls=0.3231, rank=0.3039, reco=20.4018, cons=0.1176, delta=0.0000, d_gain=0.0000, d_cost=0.0000, anc_p=0.0000, anc_o=0.0000) | val_auc_unw=0.9263, val_fpr50_unw=0.018089, val_auc_w=nan, val_fpr50_w=nan, val_metric_source=unweighted, select=auc, best_sel=0.926658, unfreeze=all, reco_trainable=7098018, dual_frozen=False, dual_trainable=2812673
StageC-Joint ep 8: train_loss=8.4938 (cls=0.3231, rank=0.3042, reco=20.4090, cons=0.1176, delta=0.0000, d_gain=0.0000, d_cost=0.0000, anc_p=0.0000, anc_o=0.0000) | val_auc_unw=0.9261, val_fpr50_unw=0.018063, val_auc_w=nan, val_fpr50_w=nan, val_metric_source=unweighted, select=auc, best_sel=0.926658, unfreeze=all, reco_trainable=7098018, dual_frozen=False, dual_trainable=2812673
StageC-Joint ep 9: train_loss=8.4843 (cls=0.3221, rank=0.3041, reco=20.3878, cons=0.1177, delta=0.0000, d_gain=0.0000, d_cost=0.0000, anc_p=0.0000, anc_o=0.0000) | val_auc_unw=0.9265, val_fpr50_unw=0.017948, val_auc_w=nan, val_fpr50_w=nan, val_metric_source=unweighted, select=auc, best_sel=0.926658, unfreeze=all, reco_trainable=7098018, dual_frozen=False, dual_trainable=2812673
StageC-Joint ep 10: train_loss=8.4838 (cls=0.3219, rank=0.3041, reco=20.3871, cons=0.1176, delta=0.0000, d_gain=0.0000, d_cost=0.0000, anc_p=0.0000, anc_o=0.0000) | val_auc_unw=0.9263, val_fpr50_unw=0.018042, val_auc_w=nan, val_fpr50_w=nan, val_metric_source=unweighted, select=auc, best_sel=0.926658, unfreeze=all, reco_trainable=7098018, dual_frozen=False, dual_trainable=2812673
StageC-Joint ep 11: train_loss=8.4808 (cls=0.3212, rank=0.3052, reco=20.3813, cons=0.1177, delta=0.0000, d_gain=0.0000, d_cost=0.0000, anc_p=0.0000, anc_o=0.0000) | val_auc_unw=0.9264, val_fpr50_unw=0.017748, val_auc_w=nan, val_fpr50_w=nan, val_metric_source=unweighted, select=auc, best_sel=0.926658, unfreeze=all, reco_trainable=7098018, dual_frozen=False, dual_trainable=2812673
StageC-Joint ep 12: train_loss=8.4756 (cls=0.3215, rank=0.3042, reco=20.3675, cons=0.1177, delta=0.0000, d_gain=0.0000, d_cost=0.0000, anc_p=0.0000, anc_o=0.0000) | val_auc_unw=0.9263, val_fpr50_unw=0.017936, val_auc_w=nan, val_fpr50_w=nan, val_metric_source=unweighted, select=auc, best_sel=0.926658, unfreeze=all, reco_trainable=7098018, dual_frozen=False, dual_trainable=2812673
StageC-Joint ep 13: train_loss=8.4745 (cls=0.3220, rank=0.3046, reco=20.3635, cons=0.1177, delta=0.0000, d_gain=0.0000, d_cost=0.0000, anc_p=0.0000, anc_o=0.0000) | val_auc_unw=0.9260, val_fpr50_unw=0.018199, val_auc_w=nan, val_fpr50_w=nan, val_metric_source=unweighted, select=auc, best_sel=0.926658, unfreeze=all, reco_trainable=7098018, dual_frozen=False, dual_trainable=2812673
StageC-Joint ep 14: train_loss=8.4658 (cls=0.3209, rank=0.3050, reco=20.3446, cons=0.1176, delta=0.0000, d_gain=0.0000, d_cost=0.0000, anc_p=0.0000, anc_o=0.0000) | val_auc_unw=0.9264, val_fpr50_unw=0.018014, val_auc_w=nan, val_fpr50_w=nan, val_metric_source=unweighted, select=auc, best_sel=0.926658, unfreeze=all, reco_trainable=7098018, dual_frozen=False, dual_trainable=2812673
StageC-Joint ep 15: train_loss=8.4701 (cls=0.3209, rank=0.3045, reco=20.3552, cons=0.1177, delta=0.0000, d_gain=0.0000, d_cost=0.0000, anc_p=0.0000, anc_o=0.0000) | val_auc_unw=0.9262, val_fpr50_unw=0.018109, val_auc_w=nan, val_fpr50_w=nan, val_metric_source=unweighted, select=auc, best_sel=0.926658, unfreeze=all, reco_trainable=7098018, dual_frozen=False, dual_trainable=2812673
StageC-Joint ep 16: train_loss=8.4714 (cls=0.3204, rank=0.3052, reco=20.3599, cons=0.1176, delta=0.0000, d_gain=0.0000, d_cost=0.0000, anc_p=0.0000, anc_o=0.0000) | val_auc_unw=0.9262, val_fpr50_unw=0.018017, val_auc_w=nan, val_fpr50_w=nan, val_metric_source=unweighted, select=auc, best_sel=0.926658, unfreeze=all, reco_trainable=7098018, dual_frozen=False, dual_trainable=2812673
StageC-Joint ep 17: train_loss=8.4541 (cls=0.3208, rank=0.3042, reco=20.3158, cons=0.1178, delta=0.0000, d_gain=0.0000, d_cost=0.0000, anc_p=0.0000, anc_o=0.0000) | val_auc_unw=0.9261, val_fpr50_unw=0.018177, val_auc_w=nan, val_fpr50_w=nan, val_metric_source=unweighted, select=auc, best_sel=0.926658, unfreeze=all, reco_trainable=7098018, dual_frozen=False, dual_trainable=2812673
StageC-Joint ep 18: train_loss=8.4574 (cls=0.3205, rank=0.3048, reco=20.3244, cons=0.1176, delta=0.0000, d_gain=0.0000, d_cost=0.0000, anc_p=0.0000, anc_o=0.0000) | val_auc_unw=0.9261, val_fpr50_unw=0.018234, val_auc_w=nan, val_fpr50_w=nan, val_metric_source=unweighted, select=auc, best_sel=0.926658, unfreeze=all, reco_trainable=7098018, dual_frozen=False, dual_trainable=2812673
StageC-Joint ep 19: train_loss=8.4561 (cls=0.3194, rank=0.3039, reco=20.3241, cons=0.1177, delta=0.0000, d_gain=0.0000, d_cost=0.0000, anc_p=0.0000, anc_o=0.0000) | val_auc_unw=0.9261, val_fpr50_unw=0.018349, val_auc_w=nan, val_fpr50_w=nan, val_metric_source=unweighted, select=auc, best_sel=0.926658, unfreeze=all, reco_trainable=7098018, dual_frozen=False, dual_trainable=2812673
StageC-Joint ep 20: train_loss=8.4548 (cls=0.3200, rank=0.3047, reco=20.3194, cons=0.1177, delta=0.0000, d_gain=0.0000, d_cost=0.0000, anc_p=0.0000, anc_o=0.0000) | val_auc_unw=0.9257, val_fpr50_unw=0.018989, val_auc_w=nan, val_fpr50_w=nan, val_metric_source=unweighted, select=auc, best_sel=0.926658, unfreeze=all, reco_trainable=7098018, dual_frozen=False, dual_trainable=2812673
StageC-Joint ep 21: train_loss=8.4499 (cls=0.3195, rank=0.3047, reco=20.3083, cons=0.1177, delta=0.0000, d_gain=0.0000, d_cost=0.0000, anc_p=0.0000, anc_o=0.0000) | val_auc_unw=0.9261, val_fpr50_unw=0.018249, val_auc_w=nan, val_fpr50_w=nan, val_metric_source=unweighted, select=auc, best_sel=0.926658, unfreeze=all, reco_trainable=7098018, dual_frozen=False, dual_trainable=2812673
StageC-Joint ep 22: train_loss=8.4509 (cls=0.3194, rank=0.3049, reco=20.3111, cons=0.1176, delta=0.0000, d_gain=0.0000, d_cost=0.0000, anc_p=0.0000, anc_o=0.0000) | val_auc_unw=0.9258, val_fpr50_unw=0.018709, val_auc_w=nan, val_fpr50_w=nan, val_metric_source=unweighted, select=auc, best_sel=0.926658, unfreeze=all, reco_trainable=7098018, dual_frozen=False, dual_trainable=2812673
StageC-Joint ep 23: train_loss=8.4469 (cls=0.3199, rank=0.3054, reco=20.2998, cons=0.1177, delta=0.0000, d_gain=0.0000, d_cost=0.0000, anc_p=0.0000, anc_o=0.0000) | val_auc_unw=0.9258, val_fpr50_unw=0.018455, val_auc_w=nan, val_fpr50_w=nan, val_metric_source=unweighted, select=auc, best_sel=0.926658, unfreeze=all, reco_trainable=7098018, dual_frozen=False, dual_trainable=2812673
StageC-Joint ep 24: train_loss=8.4458 (cls=0.3194, rank=0.3047, reco=20.2982, cons=0.1176, delta=0.0000, d_gain=0.0000, d_cost=0.0000, anc_p=0.0000, anc_o=0.0000) | val_auc_unw=0.9258, val_fpr50_unw=0.018390, val_auc_w=nan, val_fpr50_w=nan, val_metric_source=unweighted, select=auc, best_sel=0.926658, unfreeze=all, reco_trainable=7098018, dual_frozen=False, dual_trainable=2812673
StageC-Joint ep 25: train_loss=8.4499 (cls=0.3197, rank=0.3058, reco=20.3077, cons=0.1176, delta=0.0000, d_gain=0.0000, d_cost=0.0000, anc_p=0.0000, anc_o=0.0000) | val_auc_unw=0.9260, val_fpr50_unw=0.018164, val_auc_w=nan, val_fpr50_w=nan, val_metric_source=unweighted, select=auc, best_sel=0.926658, unfreeze=all, reco_trainable=7098018, dual_frozen=False, dual_trainable=2812673
Early stopping StageC-Joint at epoch 25

======================================================================
STEP 5: RECONSTRUCTION DIAGNOSTICS
======================================================================

Jet pT response/resolution by truth pT bin (test split):
  pT_low - pT_high | N | HLT resp | HLT reso | Corrected resp | Corrected reso
  172739.4 - 504068.9 | 18750 | 0.8681 | 0.1516 | 0.7691 | 0.1278
  504068.9 - 773424.6 | 18750 | 0.8445 | 0.1720 | 0.6966 | 0.1305
  773424.6 - 1093714.0 | 18750 | 0.8330 | 0.1869 | 0.6488 | 0.1314
  1093714.0 - 1365805.0 | 18750 | 0.8218 | 0.2022 | 0.6150 | 0.1367
  1365805.0 - 1711763.0 | 18750 | 0.8203 | 0.2056 | 0.5978 | 0.1362
  1711763.0 - 2155283.2 | 18750 | 0.8155 | 0.2123 | 0.5791 | 0.1392
  2155283.2 - 2633962.7 | 18750 | 0.8110 | 0.2225 | 0.5629 | 0.1443
  2633962.7 - 4355157.0 | 18750 | 0.7996 | 0.2295 | 0.5448 | 0.1471

Constituent-count diagnostics:
  Means: offline=54.297, hlt=29.181, reco=51.641
  MAE vs offline: hlt=25.116, reco=5.297

Budget diagnostics (test split):
  MAE: merge=5.246, eff=0.000, total=5.246
  Bias: merge=-2.122, eff=0.000, total=-2.122

======================================================================
FINAL TEST EVALUATION
======================================================================
Teacher (Offline) AUC: 0.9533
Baseline (HLT)   AUC: 0.9214
Stage2 (PreJoint) AUC: 0.9229
Stage2 (BestValFPR50) AUC: 0.9229
Joint Dual-View  AUC: 0.9244
Joint Dual-View (BestValFPR50) AUC: 0.9244

FPR@30 Teacher/Baseline/Stage2/Joint: 0.002131 / 0.005524 / 0.005062 / 0.004739
FPR@30 Stage2BestFPR / JointBestFPR: 0.005062 / 0.004739
FPR@50 Teacher/Baseline/Stage2/Joint: 0.009940 / 0.021587 / 0.020035 / 0.019190
FPR@50 Stage2BestFPR / JointBestFPR: 0.020035 / 0.019190
Saving val/test score arrays for fusion analysis...
Saved fusion score arrays to: checkpoints/reco_teacher_joint_fusion_6model_150k75k150k/model2_joint_delta000_unsmearcap_downshift/model2_joint_delta000_unsmearcap_downshift_150k75k150k_seed0/fusion_scores_val_test.npz

Saved joint results to: checkpoints/reco_teacher_joint_fusion_6model_150k75k150k/model2_joint_delta000_unsmearcap_downshift/model2_joint_delta000_unsmearcap_downshift_150k75k150k_seed0
Done: checkpoints/reco_teacher_joint_fusion_6model_150k75k150k/model2_joint_delta000_unsmearcap_downshift/model2_joint_delta000_unsmearcap_downshift_150k75k150k_seed0
