============================================================
Model-2 Joint (Chamfer + budget + local only among budget/sparse/local; phys/pt/e OFF)
Run: checkpoints/reco_teacher_joint_fusion_6model_150k75k150k/model2_joint_chamfer_budget_local/model2_joint_chamfer_budget_local_150k75k150k_seed0
Split: train=150000, val=75000, test=150000
============================================================
 python offline_reconstructor_joint_dualview_stage2save_auc_norankc_nopriv_unmergeonly.py --save_dir checkpoints/reco_teacher_joint_fusion_6model_150k75k150k/model2_joint_chamfer_budget_local --run_name model2_joint_chamfer_budget_local_150k75k150k_seed0 --n_train_jets 375000 --n_train_split 150000 --n_val_split 75000 --n_test_split 150000 --offset_jets 0 --max_constits 100 --num_workers 6 --seed 0 --selection_metric auc --stageB_lambda_rank 0.0 --stageB_lambda_cons 0.0 --stageC_lr_dual 1e-5 --stageC_lr_reco 5e-6 --lambda_reco 0.4 --lambda_cons 0.0 --stageC_lambda_delta 0.05 --stageC_delta_tau 0.05 --stageC_delta_lambda_fp 3.0 --stageC_delta_warmup_epochs 8 --added_target_scale 0.90 --loss_set_mode chamfer --loss_w_phys 0.0 --loss_w_pt_ratio 0.0 --loss_w_e_ratio 0.0 --loss_w_budget 0.65 --loss_w_sparse 0.0 --loss_w_local 0.05 --save_fusion_scores --disable_final_kd --device cuda
Device: cuda
Save dir: checkpoints/reco_teacher_joint_fusion_6model_150k75k150k/model2_joint_chamfer_budget_local/model2_joint_chamfer_budget_local_150k75k150k_seed0
Loading offline constituents...
Generating pseudo-HLT...
Non-priv target setup: added_target_scale=0.900, mean_true_added_raw=25.116, mean_target_added=22.604
Computing features...
Split sizes: Train=150000, Val=75000, Test=150000 (custom_counts=True)
Stage-B train subset: N=150000 / 150000 (frac=1.000, seed=0)

======================================================================
STEP 1: TEACHER + BASELINE
======================================================================
Teacher ep 5: train_auc=0.9439, val_auc=0.9469, val_fpr50=0.012873, best_auc=0.9469, fpr50@best=0.012873
Teacher ep 10: train_auc=0.9509, val_auc=0.9526, val_fpr50=0.010285, best_auc=0.9526, fpr50@best=0.010285
Teacher ep 15: train_auc=0.9549, val_auc=0.9522, val_fpr50=0.011025, best_auc=0.9529, fpr50@best=0.010068
Teacher ep 20: train_auc=0.9577, val_auc=0.9480, val_fpr50=0.013272, best_auc=0.9529, fpr50@best=0.010068
Teacher ep 25: train_auc=0.9610, val_auc=0.9513, val_fpr50=0.010954, best_auc=0.9539, fpr50@best=0.009423
Teacher ep 30: train_auc=0.9652, val_auc=0.9503, val_fpr50=0.011826, best_auc=0.9539, fpr50@best=0.009423
Teacher ep 35: train_auc=0.9696, val_auc=0.9496, val_fpr50=0.011791, best_auc=0.9539, fpr50@best=0.009423
Early stopping Teacher at epoch 37
Baseline ep 5: train_auc=0.9099, val_auc=0.9027, val_fpr50=0.028200, best_auc=0.9096, fpr50@best=0.027649
Baseline ep 10: train_auc=0.9173, val_auc=0.9176, val_fpr50=0.023106, best_auc=0.9185, fpr50@best=0.021131
Baseline ep 15: train_auc=0.9211, val_auc=0.9199, val_fpr50=0.021754, best_auc=0.9207, fpr50@best=0.019859
Baseline ep 20: train_auc=0.9251, val_auc=0.9232, val_fpr50=0.020238, best_auc=0.9232, fpr50@best=0.020238
Baseline ep 25: train_auc=0.9291, val_auc=0.9231, val_fpr50=0.020397, best_auc=0.9232, fpr50@best=0.020238
Baseline ep 30: train_auc=0.9336, val_auc=0.9194, val_fpr50=0.023387, best_auc=0.9235, fpr50@best=0.020215
Baseline ep 35: train_auc=0.9383, val_auc=0.9220, val_fpr50=0.021137, best_auc=0.9235, fpr50@best=0.020215
Baseline ep 40: train_auc=0.9435, val_auc=0.9181, val_fpr50=0.023374, best_auc=0.9235, fpr50@best=0.020215
Early stopping Baseline at epoch 41
StageC weak-delta HLT reference @TPR=0.50: threshold_prob=0.920016, val_auc_hlt=0.9235

======================================================================
STEP 2: STAGE A (RECONSTRUCTOR PRETRAIN)
======================================================================
Ep 5: train_total=25.9960, val_total_unw=28.0889, val_total_w=28.0889, select=unweighted, best_sel=24.5441 | set_unw=0.4136, phys_unw=0.6322, budget_unw=42.5764, stage_scale=0.35
Ep 10: train_total=24.9326, val_total_unw=25.2948, val_total_w=25.2948, select=unweighted, best_sel=24.5441 | set_unw=0.3911, phys_unw=0.5897, budget_unw=38.3128, stage_scale=0.35
Ep 15: train_total=24.4356, val_total_unw=24.8512, val_total_w=24.8512, select=unweighted, best_sel=24.3704 | set_unw=0.3786, phys_unw=0.5819, budget_unw=37.6499, stage_scale=0.35
Ep 20: train_total=24.1763, val_total_unw=23.6133, val_total_w=23.6133, select=unweighted, best_sel=23.6133 | set_unw=0.3612, phys_unw=0.5551, budget_unw=35.7722, stage_scale=0.35
Stage-A transition -> reloaded best from phase_035 (epoch=20, val_total=23.6133)
Ep 25: train_total=22.2432, val_total_unw=23.4394, val_total_w=23.4394, select=unweighted, best_sel=21.9314 | set_unw=0.3644, phys_unw=0.5479, budget_unw=35.4998, stage_scale=0.70
Ep 30: train_total=22.0505, val_total_unw=22.6578, val_total_w=22.6578, select=unweighted, best_sel=21.9314 | set_unw=0.3624, phys_unw=0.5513, budget_unw=34.3004, stage_scale=0.70
Ep 35: train_total=21.8694, val_total_unw=22.8969, val_total_w=22.8969, select=unweighted, best_sel=21.9314 | set_unw=0.3633, phys_unw=0.5506, budget_unw=34.6669, stage_scale=0.70
Ep 40: train_total=21.6794, val_total_unw=22.3352, val_total_w=22.3352, select=unweighted, best_sel=21.9314 | set_unw=0.3602, phys_unw=0.5469, budget_unw=33.8075, stage_scale=0.70
Ep 45: train_total=21.4559, val_total_unw=22.5043, val_total_w=22.5043, select=unweighted, best_sel=21.9314 | set_unw=0.3587, phys_unw=0.5442, budget_unw=34.0699, stage_scale=0.70
Ep 50: train_total=21.2545, val_total_unw=22.2303, val_total_w=22.2303, select=unweighted, best_sel=21.9214 | set_unw=0.3556, phys_unw=0.5416, budget_unw=33.6533, stage_scale=0.70
Ep 55: train_total=20.9982, val_total_unw=22.5248, val_total_w=22.5248, select=unweighted, best_sel=21.9214 | set_unw=0.3565, phys_unw=0.5397, budget_unw=34.1049, stage_scale=0.70
Stage-A transition -> reloaded best from phase_070 (epoch=48, val_total=21.9214)
Ep 60: train_total=20.6993, val_total_unw=22.5873, val_total_w=22.5873, select=unweighted, best_sel=21.8488 | set_unw=0.3592, phys_unw=0.5473, budget_unw=34.1971, stage_scale=1.00
Ep 65: train_total=20.4045, val_total_unw=22.5022, val_total_w=22.5022, select=unweighted, best_sel=21.8488 | set_unw=0.3593, phys_unw=0.5482, budget_unw=34.0660, stage_scale=1.00
Ep 70: train_total=20.0530, val_total_unw=22.3367, val_total_w=22.3367, select=unweighted, best_sel=21.8488 | set_unw=0.3546, phys_unw=0.5378, budget_unw=33.8185, stage_scale=1.00
Early stopping reconstructor at epoch 74

======================================================================
STEP 3: STAGE B (DUAL PRETRAIN, FROZEN RECONSTRUCTOR)
======================================================================
StageB-DualPretrain ep 5: train_loss=0.3775 (cls=0.3775, rank=0.3046, reco=0.0000, cons=0.1156, delta=0.0000, d_gain=0.0000, d_cost=0.0000, anc_p=0.0000, anc_o=0.0000) | val_auc_unw=0.9135, val_fpr50_unw=0.024579, val_auc_w=nan, val_fpr50_w=nan, val_metric_source=unweighted, select=auc, best_sel=0.913519, unfreeze=frozen, reco_trainable=0, dual_frozen=False, dual_trainable=2812673
StageB-DualPretrain ep 10: train_loss=0.3612 (cls=0.3612, rank=0.3036, reco=0.0000, cons=0.1156, delta=0.0000, d_gain=0.0000, d_cost=0.0000, anc_p=0.0000, anc_o=0.0000) | val_auc_unw=0.9183, val_fpr50_unw=0.022270, val_auc_w=nan, val_fpr50_w=nan, val_metric_source=unweighted, select=auc, best_sel=0.918866, unfreeze=frozen, reco_trainable=0, dual_frozen=False, dual_trainable=2812673
StageB-DualPretrain ep 15: train_loss=0.3515 (cls=0.3515, rank=0.3026, reco=0.0000, cons=0.1156, delta=0.0000, d_gain=0.0000, d_cost=0.0000, anc_p=0.0000, anc_o=0.0000) | val_auc_unw=0.9240, val_fpr50_unw=0.019214, val_auc_w=nan, val_fpr50_w=nan, val_metric_source=unweighted, select=auc, best_sel=0.924049, unfreeze=frozen, reco_trainable=0, dual_frozen=False, dual_trainable=2812673
StageB-DualPretrain ep 20: train_loss=0.3421 (cls=0.3421, rank=0.3020, reco=0.0000, cons=0.1156, delta=0.0000, d_gain=0.0000, d_cost=0.0000, anc_p=0.0000, anc_o=0.0000) | val_auc_unw=0.9239, val_fpr50_unw=0.018949, val_auc_w=nan, val_fpr50_w=nan, val_metric_source=unweighted, select=auc, best_sel=0.925748, unfreeze=frozen, reco_trainable=0, dual_frozen=False, dual_trainable=2812673
StageB-DualPretrain ep 25: train_loss=0.3331 (cls=0.3331, rank=0.3027, reco=0.0000, cons=0.1156, delta=0.0000, d_gain=0.0000, d_cost=0.0000, anc_p=0.0000, anc_o=0.0000) | val_auc_unw=0.9237, val_fpr50_unw=0.019169, val_auc_w=nan, val_fpr50_w=nan, val_metric_source=unweighted, select=auc, best_sel=0.925748, unfreeze=frozen, reco_trainable=0, dual_frozen=False, dual_trainable=2812673
StageB-DualPretrain ep 30: train_loss=0.3216 (cls=0.3216, rank=0.3038, reco=0.0000, cons=0.1156, delta=0.0000, d_gain=0.0000, d_cost=0.0000, anc_p=0.0000, anc_o=0.0000) | val_auc_unw=0.9247, val_fpr50_unw=0.019396, val_auc_w=nan, val_fpr50_w=nan, val_metric_source=unweighted, select=auc, best_sel=0.925748, unfreeze=frozen, reco_trainable=0, dual_frozen=False, dual_trainable=2812673
Early stopping StageB-DualPretrain at epoch 31

======================================================================
STEP 4: STAGE C (JOINT FINETUNE)
======================================================================
StageC-Joint ep 1: train_loss=8.5925 (cls=0.3358, rank=0.3024, reco=20.6403, cons=0.1176, delta=0.1006, d_gain=0.1896, d_cost=0.0967, anc_p=0.0000, anc_o=0.0000) | val_auc_unw=0.9264, val_fpr50_unw=0.017501, val_auc_w=nan, val_fpr50_w=nan, val_metric_source=unweighted, select=auc, best_sel=0.926352, unfreeze=all, reco_trainable=7098018, dual_frozen=False, dual_trainable=2812673
StageC-Joint ep 2: train_loss=8.5620 (cls=0.3340, rank=0.3025, reco=20.5669, cons=0.1176, delta=0.1005, d_gain=0.1901, d_cost=0.0969, anc_p=0.0000, anc_o=0.0000) | val_auc_unw=0.9268, val_fpr50_unw=0.017521, val_auc_w=nan, val_fpr50_w=nan, val_metric_source=unweighted, select=auc, best_sel=0.926793, unfreeze=all, reco_trainable=7098018, dual_frozen=False, dual_trainable=2812673
StageC-Joint ep 3: train_loss=8.5466 (cls=0.3332, rank=0.3028, reco=20.5289, cons=0.1176, delta=0.0986, d_gain=0.1900, d_cost=0.0962, anc_p=0.0000, anc_o=0.0000) | val_auc_unw=0.9267, val_fpr50_unw=0.017083, val_auc_w=nan, val_fpr50_w=nan, val_metric_source=unweighted, select=auc, best_sel=0.926793, unfreeze=all, reco_trainable=7098018, dual_frozen=False, dual_trainable=2812673
StageC-Joint ep 4: train_loss=8.5316 (cls=0.3319, rank=0.3030, reco=20.4931, cons=0.1175, delta=0.0970, d_gain=0.1904, d_cost=0.0958, anc_p=0.0000, anc_o=0.0000) | val_auc_unw=0.9270, val_fpr50_unw=0.017168, val_auc_w=nan, val_fpr50_w=nan, val_metric_source=unweighted, select=auc, best_sel=0.926982, unfreeze=all, reco_trainable=7098018, dual_frozen=False, dual_trainable=2812673
StageC-Joint ep 5: train_loss=8.5179 (cls=0.3318, rank=0.3031, reco=20.4579, cons=0.1176, delta=0.0943, d_gain=0.1900, d_cost=0.0948, anc_p=0.0000, anc_o=0.0000) | val_auc_unw=0.9267, val_fpr50_unw=0.017208, val_auc_w=nan, val_fpr50_w=nan, val_metric_source=unweighted, select=auc, best_sel=0.926982, unfreeze=all, reco_trainable=7098018, dual_frozen=False, dual_trainable=2812673
StageC-Joint ep 6: train_loss=8.5184 (cls=0.3308, rank=0.3029, reco=20.4603, cons=0.1176, delta=0.0929, d_gain=0.1900, d_cost=0.0943, anc_p=0.0000, anc_o=0.0000) | val_auc_unw=0.9268, val_fpr50_unw=0.017077, val_auc_w=nan, val_fpr50_w=nan, val_metric_source=unweighted, select=auc, best_sel=0.926982, unfreeze=all, reco_trainable=7098018, dual_frozen=False, dual_trainable=2812673
StageC-Joint ep 7: train_loss=8.5080 (cls=0.3305, rank=0.3039, reco=20.4339, cons=0.1176, delta=0.0900, d_gain=0.1899, d_cost=0.0933, anc_p=0.0000, anc_o=0.0000) | val_auc_unw=0.9268, val_fpr50_unw=0.017213, val_auc_w=nan, val_fpr50_w=nan, val_metric_source=unweighted, select=auc, best_sel=0.926982, unfreeze=all, reco_trainable=7098018, dual_frozen=False, dual_trainable=2812673
StageC-Joint ep 8: train_loss=8.4960 (cls=0.3296, rank=0.3047, reco=20.4049, cons=0.1176, delta=0.0890, d_gain=0.1901, d_cost=0.0930, anc_p=0.0000, anc_o=0.0000) | val_auc_unw=0.9267, val_fpr50_unw=0.017124, val_auc_w=nan, val_fpr50_w=nan, val_metric_source=unweighted, select=auc, best_sel=0.926982, unfreeze=all, reco_trainable=7098018, dual_frozen=False, dual_trainable=2812673
StageC-Joint ep 9: train_loss=8.4863 (cls=0.3293, rank=0.3039, reco=20.3815, cons=0.1176, delta=0.0871, d_gain=0.1902, d_cost=0.0924, anc_p=0.0000, anc_o=0.0000) | val_auc_unw=0.9267, val_fpr50_unw=0.017234, val_auc_w=nan, val_fpr50_w=nan, val_metric_source=unweighted, select=auc, best_sel=0.926982, unfreeze=all, reco_trainable=7098018, dual_frozen=False, dual_trainable=2812673
StageC-Joint ep 10: train_loss=8.4950 (cls=0.3292, rank=0.3044, reco=20.4037, cons=0.1176, delta=0.0871, d_gain=0.1904, d_cost=0.0925, anc_p=0.0000, anc_o=0.0000) | val_auc_unw=0.9267, val_fpr50_unw=0.016931, val_auc_w=nan, val_fpr50_w=nan, val_metric_source=unweighted, select=auc, best_sel=0.926982, unfreeze=all, reco_trainable=7098018, dual_frozen=False, dual_trainable=2812673
StageC-Joint ep 11: train_loss=8.4918 (cls=0.3298, rank=0.3048, reco=20.3942, cons=0.1176, delta=0.0867, d_gain=0.1901, d_cost=0.0923, anc_p=0.0000, anc_o=0.0000) | val_auc_unw=0.9269, val_fpr50_unw=0.016966, val_auc_w=nan, val_fpr50_w=nan, val_metric_source=unweighted, select=auc, best_sel=0.926982, unfreeze=all, reco_trainable=7098018, dual_frozen=False, dual_trainable=2812673
StageC-Joint ep 12: train_loss=8.4888 (cls=0.3286, rank=0.3045, reco=20.3896, cons=0.1176, delta=0.0862, d_gain=0.1901, d_cost=0.0921, anc_p=0.0000, anc_o=0.0000) | val_auc_unw=0.9267, val_fpr50_unw=0.017432, val_auc_w=nan, val_fpr50_w=nan, val_metric_source=unweighted, select=auc, best_sel=0.926982, unfreeze=all, reco_trainable=7098018, dual_frozen=False, dual_trainable=2812673
StageC-Joint ep 13: train_loss=8.4865 (cls=0.3295, rank=0.3049, reco=20.3818, cons=0.1176, delta=0.0865, d_gain=0.1904, d_cost=0.0923, anc_p=0.0000, anc_o=0.0000) | val_auc_unw=0.9269, val_fpr50_unw=0.017220, val_auc_w=nan, val_fpr50_w=nan, val_metric_source=unweighted, select=auc, best_sel=0.926982, unfreeze=all, reco_trainable=7098018, dual_frozen=False, dual_trainable=2812673
StageC-Joint ep 14: train_loss=8.4868 (cls=0.3288, rank=0.3042, reco=20.3841, cons=0.1177, delta=0.0858, d_gain=0.1901, d_cost=0.0920, anc_p=0.0000, anc_o=0.0000) | val_auc_unw=0.9267, val_fpr50_unw=0.017354, val_auc_w=nan, val_fpr50_w=nan, val_metric_source=unweighted, select=auc, best_sel=0.926982, unfreeze=all, reco_trainable=7098018, dual_frozen=False, dual_trainable=2812673
StageC-Joint ep 15: train_loss=8.4898 (cls=0.3289, rank=0.3047, reco=20.3914, cons=0.1176, delta=0.0856, d_gain=0.1903, d_cost=0.0920, anc_p=0.0000, anc_o=0.0000) | val_auc_unw=0.9265, val_fpr50_unw=0.017292, val_auc_w=nan, val_fpr50_w=nan, val_metric_source=unweighted, select=auc, best_sel=0.926982, unfreeze=all, reco_trainable=7098018, dual_frozen=False, dual_trainable=2812673
StageC-Joint ep 16: train_loss=8.4707 (cls=0.3280, rank=0.3044, reco=20.3461, cons=0.1176, delta=0.0852, d_gain=0.1905, d_cost=0.0919, anc_p=0.0000, anc_o=0.0000) | val_auc_unw=0.9268, val_fpr50_unw=0.017196, val_auc_w=nan, val_fpr50_w=nan, val_metric_source=unweighted, select=auc, best_sel=0.926982, unfreeze=all, reco_trainable=7098018, dual_frozen=False, dual_trainable=2812673
StageC-Joint ep 17: train_loss=8.4818 (cls=0.3282, rank=0.3046, reco=20.3733, cons=0.1176, delta=0.0850, d_gain=0.1904, d_cost=0.0918, anc_p=0.0000, anc_o=0.0000) | val_auc_unw=0.9267, val_fpr50_unw=0.017409, val_auc_w=nan, val_fpr50_w=nan, val_metric_source=unweighted, select=auc, best_sel=0.926982, unfreeze=all, reco_trainable=7098018, dual_frozen=False, dual_trainable=2812673
StageC-Joint ep 18: train_loss=8.4691 (cls=0.3278, rank=0.3045, reco=20.3426, cons=0.1176, delta=0.0849, d_gain=0.1904, d_cost=0.0918, anc_p=0.0000, anc_o=0.0000) | val_auc_unw=0.9268, val_fpr50_unw=0.017479, val_auc_w=nan, val_fpr50_w=nan, val_metric_source=unweighted, select=auc, best_sel=0.926982, unfreeze=all, reco_trainable=7098018, dual_frozen=False, dual_trainable=2812673
StageC-Joint ep 19: train_loss=8.4709 (cls=0.3282, rank=0.3047, reco=20.3462, cons=0.1176, delta=0.0843, d_gain=0.1904, d_cost=0.0916, anc_p=0.0000, anc_o=0.0000) | val_auc_unw=0.9268, val_fpr50_unw=0.017264, val_auc_w=nan, val_fpr50_w=nan, val_metric_source=unweighted, select=auc, best_sel=0.926982, unfreeze=all, reco_trainable=7098018, dual_frozen=False, dual_trainable=2812673
StageC-Joint ep 20: train_loss=8.4751 (cls=0.3278, rank=0.3051, reco=20.3577, cons=0.1176, delta=0.0844, d_gain=0.1909, d_cost=0.0918, anc_p=0.0000, anc_o=0.0000) | val_auc_unw=0.9268, val_fpr50_unw=0.017110, val_auc_w=nan, val_fpr50_w=nan, val_metric_source=unweighted, select=auc, best_sel=0.926982, unfreeze=all, reco_trainable=7098018, dual_frozen=False, dual_trainable=2812673
StageC-Joint ep 21: train_loss=8.4659 (cls=0.3277, rank=0.3050, reco=20.3352, cons=0.1177, delta=0.0841, d_gain=0.1905, d_cost=0.0915, anc_p=0.0000, anc_o=0.0000) | val_auc_unw=0.9265, val_fpr50_unw=0.017126, val_auc_w=nan, val_fpr50_w=nan, val_metric_source=unweighted, select=auc, best_sel=0.926982, unfreeze=all, reco_trainable=7098018, dual_frozen=False, dual_trainable=2812673
StageC-Joint ep 22: train_loss=8.4693 (cls=0.3278, rank=0.3050, reco=20.3431, cons=0.1176, delta=0.0849, d_gain=0.1906, d_cost=0.0918, anc_p=0.0000, anc_o=0.0000) | val_auc_unw=0.9264, val_fpr50_unw=0.017589, val_auc_w=nan, val_fpr50_w=nan, val_metric_source=unweighted, select=auc, best_sel=0.926982, unfreeze=all, reco_trainable=7098018, dual_frozen=False, dual_trainable=2812673
StageC-Joint ep 23: train_loss=8.4622 (cls=0.3271, rank=0.3041, reco=20.3271, cons=0.1177, delta=0.0840, d_gain=0.1906, d_cost=0.0916, anc_p=0.0000, anc_o=0.0000) | val_auc_unw=0.9266, val_fpr50_unw=0.017395, val_auc_w=nan, val_fpr50_w=nan, val_metric_source=unweighted, select=auc, best_sel=0.926982, unfreeze=all, reco_trainable=7098018, dual_frozen=False, dual_trainable=2812673
StageC-Joint ep 24: train_loss=8.4630 (cls=0.3273, rank=0.3051, reco=20.3290, cons=0.1176, delta=0.0836, d_gain=0.1906, d_cost=0.0914, anc_p=0.0000, anc_o=0.0000) | val_auc_unw=0.9266, val_fpr50_unw=0.017263, val_auc_w=nan, val_fpr50_w=nan, val_metric_source=unweighted, select=auc, best_sel=0.926982, unfreeze=all, reco_trainable=7098018, dual_frozen=False, dual_trainable=2812673
StageC-Joint ep 25: train_loss=8.4575 (cls=0.3267, rank=0.3049, reco=20.3168, cons=0.1177, delta=0.0833, d_gain=0.1910, d_cost=0.0914, anc_p=0.0000, anc_o=0.0000) | val_auc_unw=0.9266, val_fpr50_unw=0.017521, val_auc_w=nan, val_fpr50_w=nan, val_metric_source=unweighted, select=auc, best_sel=0.926982, unfreeze=all, reco_trainable=7098018, dual_frozen=False, dual_trainable=2812673
Early stopping StageC-Joint at epoch 25

======================================================================
STEP 5: RECONSTRUCTION DIAGNOSTICS
======================================================================

Jet pT response/resolution by truth pT bin (test split):
  pT_low - pT_high | N | HLT resp | HLT reso | Corrected resp | Corrected reso
  172739.4 - 504068.9 | 18750 | 0.8681 | 0.1516 | 0.6777 | 0.1266
  504068.9 - 773424.6 | 18750 | 0.8445 | 0.1720 | 0.5926 | 0.1200
  773424.6 - 1093714.0 | 18750 | 0.8330 | 0.1869 | 0.5322 | 0.1120
  1093714.0 - 1365805.0 | 18750 | 0.8218 | 0.2022 | 0.4899 | 0.1096
  1365805.0 - 1711763.0 | 18750 | 0.8203 | 0.2056 | 0.4674 | 0.1059
  1711763.0 - 2155283.2 | 18750 | 0.8155 | 0.2123 | 0.4462 | 0.1060
  2155283.2 - 2633962.7 | 18750 | 0.8110 | 0.2225 | 0.4244 | 0.1068
  2633962.7 - 4355157.0 | 18750 | 0.7996 | 0.2295 | 0.4048 | 0.1064

Constituent-count diagnostics:
  Means: offline=54.297, hlt=29.181, reco=51.197
  MAE vs offline: hlt=25.116, reco=5.450

Budget diagnostics (test split):
  MAE: merge=5.266, eff=0.000, total=5.266
  Bias: merge=-2.339, eff=0.000, total=-2.339

======================================================================
FINAL TEST EVALUATION
======================================================================
Teacher (Offline) AUC: 0.9533
Baseline (HLT)   AUC: 0.9214
Stage2 (PreJoint) AUC: 0.9238
Stage2 (BestValFPR50) AUC: 0.9238
Joint Dual-View  AUC: 0.9248
Joint Dual-View (BestValFPR50) AUC: 0.9245

FPR@30 Teacher/Baseline/Stage2/Joint: 0.002131 / 0.005524 / 0.005304 / 0.005088
FPR@30 Stage2BestFPR / JointBestFPR: 0.005304 / 0.005174
FPR@50 Teacher/Baseline/Stage2/Joint: 0.009940 / 0.021587 / 0.019643 / 0.019271
FPR@50 Stage2BestFPR / JointBestFPR: 0.019643 / 0.019335
Saving val/test score arrays for fusion analysis...
Saved fusion score arrays to: checkpoints/reco_teacher_joint_fusion_6model_150k75k150k/model2_joint_chamfer_budget_local/model2_joint_chamfer_budget_local_150k75k150k_seed0/fusion_scores_val_test.npz

Saved joint results to: checkpoints/reco_teacher_joint_fusion_6model_150k75k150k/model2_joint_chamfer_budget_local/model2_joint_chamfer_budget_local_150k75k150k_seed0
Done: checkpoints/reco_teacher_joint_fusion_6model_150k75k150k/model2_joint_chamfer_budget_local/model2_joint_chamfer_budget_local_150k75k150k_seed0
