============================================================
Model-2 Joint (SetLoss=Hungarian)
Run: checkpoints/reco_teacher_joint_fusion_6model_150k75k150k/model2_joint_hungarian/model2_joint_hungarian_150k75k150k_seed0
Split: train=150000, val=75000, test=150000
============================================================
 python offline_reconstructor_joint_dualview_stage2save_auc_norankc_nopriv_unmergeonly.py --save_dir checkpoints/reco_teacher_joint_fusion_6model_150k75k150k/model2_joint_hungarian --run_name model2_joint_hungarian_150k75k150k_seed0 --n_train_jets 375000 --n_train_split 150000 --n_val_split 75000 --n_test_split 150000 --offset_jets 0 --max_constits 100 --num_workers 6 --seed 0 --selection_metric auc --stageB_lambda_rank 0.0 --stageB_lambda_cons 0.0 --stageC_lr_dual 1e-5 --stageC_lr_reco 5e-6 --lambda_reco 0.4 --lambda_cons 0.06 --stageC_lambda_delta 0.05 --stageC_delta_tau 0.05 --stageC_delta_lambda_fp 3.0 --stageC_delta_warmup_epochs 8 --added_target_scale 0.90 --loss_set_mode hungarian --save_fusion_scores --disable_final_kd --device cuda
Device: cuda
Save dir: checkpoints/reco_teacher_joint_fusion_6model_150k75k150k/model2_joint_hungarian/model2_joint_hungarian_150k75k150k_seed0
Loading offline constituents...
Generating pseudo-HLT...
Non-priv target setup: added_target_scale=0.900, mean_true_added_raw=25.116, mean_target_added=22.604
Computing features...
Split sizes: Train=150000, Val=75000, Test=150000 (custom_counts=True)
Stage-B train subset: N=150000 / 150000 (frac=1.000, seed=0)

======================================================================
STEP 1: TEACHER + BASELINE
======================================================================
Teacher ep 5: train_auc=0.9439, val_auc=0.9469, val_fpr50=0.012873, best_auc=0.9469, fpr50@best=0.012873
Teacher ep 10: train_auc=0.9509, val_auc=0.9526, val_fpr50=0.010285, best_auc=0.9526, fpr50@best=0.010285
Teacher ep 15: train_auc=0.9549, val_auc=0.9522, val_fpr50=0.011025, best_auc=0.9529, fpr50@best=0.010068
Teacher ep 20: train_auc=0.9577, val_auc=0.9480, val_fpr50=0.013272, best_auc=0.9529, fpr50@best=0.010068
Teacher ep 25: train_auc=0.9610, val_auc=0.9513, val_fpr50=0.010954, best_auc=0.9539, fpr50@best=0.009423
Teacher ep 30: train_auc=0.9652, val_auc=0.9503, val_fpr50=0.011826, best_auc=0.9539, fpr50@best=0.009423
Teacher ep 35: train_auc=0.9696, val_auc=0.9496, val_fpr50=0.011791, best_auc=0.9539, fpr50@best=0.009423
Early stopping Teacher at epoch 37
Baseline ep 5: train_auc=0.9099, val_auc=0.9027, val_fpr50=0.028200, best_auc=0.9096, fpr50@best=0.027649
Baseline ep 10: train_auc=0.9173, val_auc=0.9176, val_fpr50=0.023106, best_auc=0.9185, fpr50@best=0.021131
Baseline ep 15: train_auc=0.9211, val_auc=0.9199, val_fpr50=0.021754, best_auc=0.9207, fpr50@best=0.019859
Baseline ep 20: train_auc=0.9251, val_auc=0.9232, val_fpr50=0.020238, best_auc=0.9232, fpr50@best=0.020238
Baseline ep 25: train_auc=0.9291, val_auc=0.9231, val_fpr50=0.020397, best_auc=0.9232, fpr50@best=0.020238
Baseline ep 30: train_auc=0.9336, val_auc=0.9194, val_fpr50=0.023387, best_auc=0.9235, fpr50@best=0.020215
Baseline ep 35: train_auc=0.9383, val_auc=0.9220, val_fpr50=0.021137, best_auc=0.9235, fpr50@best=0.020215
Baseline ep 40: train_auc=0.9435, val_auc=0.9181, val_fpr50=0.023374, best_auc=0.9235, fpr50@best=0.020215
Early stopping Baseline at epoch 41
StageC weak-delta HLT reference @TPR=0.50: threshold_prob=0.920016, val_auc_hlt=0.9235

======================================================================
STEP 2: STAGE A (RECONSTRUCTOR PRETRAIN)
======================================================================
Ep 5: train_total=26.7906, val_total_unw=29.5631, val_total_w=29.5631, select=unweighted, best_sel=25.9423 | set_unw=0.9120, phys_unw=0.4473, budget_unw=43.6433, stage_scale=0.35
Ep 10: train_total=25.7208, val_total_unw=24.9910, val_total_w=24.9910, select=unweighted, best_sel=24.4908 | set_unw=0.9116, phys_unw=0.3864, budget_unw=36.6833, stage_scale=0.35
Ep 15: train_total=25.2235, val_total_unw=27.1332, val_total_w=27.1332, select=unweighted, best_sel=24.4908 | set_unw=0.9180, phys_unw=0.4344, budget_unw=39.9118, stage_scale=0.35
Ep 20: train_total=24.9444, val_total_unw=24.9088, val_total_w=24.9088, select=unweighted, best_sel=24.4908 | set_unw=0.9377, phys_unw=0.3912, budget_unw=36.5110, stage_scale=0.35
Stage-A transition -> reloaded best from phase_035 (epoch=9, val_total=24.4908)
Ep 25: train_total=23.5710, val_total_unw=23.6689, val_total_w=23.6689, select=unweighted, best_sel=23.6689 | set_unw=0.9223, phys_unw=0.3651, budget_unw=34.6545, stage_scale=0.70
Ep 30: train_total=23.2886, val_total_unw=23.0350, val_total_w=23.0350, select=unweighted, best_sel=23.0350 | set_unw=0.9278, phys_unw=0.3586, budget_unw=33.6775, stage_scale=0.70
Ep 35: train_total=23.0171, val_total_unw=24.6407, val_total_w=24.6407, select=unweighted, best_sel=23.0350 | set_unw=0.9206, phys_unw=0.3996, budget_unw=36.1112, stage_scale=0.70
Ep 40: train_total=22.8508, val_total_unw=23.2517, val_total_w=23.2517, select=unweighted, best_sel=23.0350 | set_unw=0.9285, phys_unw=0.3736, budget_unw=33.9934, stage_scale=0.70
Ep 45: train_total=22.6450, val_total_unw=23.3081, val_total_w=23.3081, select=unweighted, best_sel=23.0350 | set_unw=0.9222, phys_unw=0.3703, budget_unw=34.0932, stage_scale=0.70
Ep 50: train_total=22.4720, val_total_unw=23.1963, val_total_w=23.1963, select=unweighted, best_sel=22.8778 | set_unw=0.9179, phys_unw=0.3670, budget_unw=33.9323, stage_scale=0.70
Ep 55: train_total=22.2879, val_total_unw=23.8665, val_total_w=23.8665, select=unweighted, best_sel=22.8778 | set_unw=0.9252, phys_unw=0.3713, budget_unw=34.9461, stage_scale=0.70
Stage-A transition -> reloaded best from phase_070 (epoch=48, val_total=22.8778)
Ep 60: train_total=21.9832, val_total_unw=23.5437, val_total_w=23.5437, select=unweighted, best_sel=22.7276 | set_unw=0.9180, phys_unw=0.3625, budget_unw=34.4708, stage_scale=1.00
Ep 65: train_total=21.8023, val_total_unw=22.9360, val_total_w=22.9360, select=unweighted, best_sel=22.7276 | set_unw=0.9160, phys_unw=0.3595, budget_unw=33.5414, stage_scale=1.00
