============================================================
Model-2 Joint (SetLoss=Chamfer, E-ratio only ON among phys/pt/e)
Run: checkpoints/reco_teacher_joint_fusion_6model_150k75k150k/model2_joint_chamfer_eratioonly/model2_joint_chamfer_eratioonly_150k75k150k_seed0
Split: train=150000, val=75000, test=150000
============================================================
 python offline_reconstructor_joint_dualview_stage2save_auc_norankc_nopriv_unmergeonly.py --save_dir checkpoints/reco_teacher_joint_fusion_6model_150k75k150k/model2_joint_chamfer_eratioonly --run_name model2_joint_chamfer_eratioonly_150k75k150k_seed0 --n_train_jets 375000 --n_train_split 150000 --n_val_split 75000 --n_test_split 150000 --offset_jets 0 --max_constits 100 --num_workers 6 --seed 0 --selection_metric auc --stageB_lambda_rank 0.0 --stageB_lambda_cons 0.0 --stageC_lr_dual 1e-5 --stageC_lr_reco 5e-6 --lambda_reco 0.4 --lambda_cons 0.06 --stageC_lambda_delta 0.05 --stageC_delta_tau 0.05 --stageC_delta_lambda_fp 3.0 --stageC_delta_warmup_epochs 8 --added_target_scale 0.90 --loss_set_mode chamfer --loss_w_phys 0.0 --loss_w_pt_ratio 0.0 --loss_w_e_ratio 0.35 --loss_w_local 0.05 --save_fusion_scores --disable_final_kd --device cuda
Device: cuda
Save dir: checkpoints/reco_teacher_joint_fusion_6model_150k75k150k/model2_joint_chamfer_eratioonly/model2_joint_chamfer_eratioonly_150k75k150k_seed0
Loading offline constituents...
Generating pseudo-HLT...
Non-priv target setup: added_target_scale=0.900, mean_true_added_raw=25.116, mean_target_added=22.604
Computing features...
Split sizes: Train=150000, Val=75000, Test=150000 (custom_counts=True)
Stage-B train subset: N=150000 / 150000 (frac=1.000, seed=0)

======================================================================
STEP 1: TEACHER + BASELINE
======================================================================
Teacher ep 5: train_auc=0.9439, val_auc=0.9469, val_fpr50=0.012873, best_auc=0.9469, fpr50@best=0.012873
Teacher ep 10: train_auc=0.9509, val_auc=0.9526, val_fpr50=0.010285, best_auc=0.9526, fpr50@best=0.010285
Teacher ep 15: train_auc=0.9549, val_auc=0.9522, val_fpr50=0.011025, best_auc=0.9529, fpr50@best=0.010068
Teacher ep 20: train_auc=0.9577, val_auc=0.9480, val_fpr50=0.013272, best_auc=0.9529, fpr50@best=0.010068
Teacher ep 25: train_auc=0.9610, val_auc=0.9513, val_fpr50=0.010954, best_auc=0.9539, fpr50@best=0.009423
Teacher ep 30: train_auc=0.9652, val_auc=0.9503, val_fpr50=0.011826, best_auc=0.9539, fpr50@best=0.009423
Teacher ep 35: train_auc=0.9696, val_auc=0.9496, val_fpr50=0.011791, best_auc=0.9539, fpr50@best=0.009423
Early stopping Teacher at epoch 37
Baseline ep 5: train_auc=0.9099, val_auc=0.9027, val_fpr50=0.028200, best_auc=0.9096, fpr50@best=0.027649
Baseline ep 10: train_auc=0.9173, val_auc=0.9176, val_fpr50=0.023106, best_auc=0.9185, fpr50@best=0.021131
Baseline ep 15: train_auc=0.9211, val_auc=0.9199, val_fpr50=0.021754, best_auc=0.9207, fpr50@best=0.019859
Baseline ep 20: train_auc=0.9251, val_auc=0.9232, val_fpr50=0.020238, best_auc=0.9232, fpr50@best=0.020238
Baseline ep 25: train_auc=0.9291, val_auc=0.9231, val_fpr50=0.020397, best_auc=0.9232, fpr50@best=0.020238
Baseline ep 30: train_auc=0.9336, val_auc=0.9194, val_fpr50=0.023387, best_auc=0.9235, fpr50@best=0.020215
Baseline ep 35: train_auc=0.9383, val_auc=0.9220, val_fpr50=0.021137, best_auc=0.9235, fpr50@best=0.020215
Baseline ep 40: train_auc=0.9435, val_auc=0.9181, val_fpr50=0.023374, best_auc=0.9235, fpr50@best=0.020215
Early stopping Baseline at epoch 41
StageC weak-delta HLT reference @TPR=0.50: threshold_prob=0.920016, val_auc_hlt=0.9235

======================================================================
STEP 2: STAGE A (RECONSTRUCTOR PRETRAIN)
======================================================================
Ep 5: train_total=26.0161, val_total_unw=24.2714, val_total_w=24.2714, select=unweighted, best_sel=24.2714 | set_unw=0.3852, phys_unw=0.5393, budget_unw=36.6608, stage_scale=0.35
Ep 10: train_total=25.0104, val_total_unw=25.3224, val_total_w=25.3224, select=unweighted, best_sel=23.8413 | set_unw=0.3875, phys_unw=0.5635, budget_unw=38.2684, stage_scale=0.35
Ep 15: train_total=24.5526, val_total_unw=25.4448, val_total_w=25.4448, select=unweighted, best_sel=23.8413 | set_unw=0.3831, phys_unw=0.5694, budget_unw=38.4614, stage_scale=0.35
Ep 20: train_total=24.2351, val_total_unw=25.2855, val_total_w=25.2855, select=unweighted, best_sel=23.8413 | set_unw=0.3726, phys_unw=0.5488, budget_unw=38.2387, stage_scale=0.35
Stage-A transition -> reloaded best from phase_035 (epoch=9, val_total=23.8413)
Ep 25: train_total=22.8990, val_total_unw=22.5431, val_total_w=22.5431, select=unweighted, best_sel=22.4812 | set_unw=0.3725, phys_unw=0.5268, budget_unw=34.0259, stage_scale=0.70
Ep 30: train_total=22.5803, val_total_unw=22.2706, val_total_w=22.2706, select=unweighted, best_sel=22.2706 | set_unw=0.3666, phys_unw=0.5153, budget_unw=33.6184, stage_scale=0.70
Ep 35: train_total=22.3336, val_total_unw=23.1005, val_total_w=23.1005, select=unweighted, best_sel=22.2706 | set_unw=0.3701, phys_unw=0.5378, budget_unw=34.8839, stage_scale=0.70
Ep 40: train_total=22.1230, val_total_unw=22.6453, val_total_w=22.6453, select=unweighted, best_sel=22.2706 | set_unw=0.3671, phys_unw=0.5283, budget_unw=34.1905, stage_scale=0.70
Ep 45: train_total=21.9145, val_total_unw=22.7504, val_total_w=22.7504, select=unweighted, best_sel=22.2706 | set_unw=0.3622, phys_unw=0.5195, budget_unw=34.3627, stage_scale=0.70
Ep 50: train_total=21.7459, val_total_unw=22.3625, val_total_w=22.3625, select=unweighted, best_sel=21.8549 | set_unw=0.3592, phys_unw=0.5227, budget_unw=33.7693, stage_scale=0.70
Ep 55: train_total=21.5719, val_total_unw=22.9438, val_total_w=22.9438, select=unweighted, best_sel=21.8549 | set_unw=0.3604, phys_unw=0.5208, budget_unw=34.6621, stage_scale=0.70
Stage-A transition -> reloaded best from phase_070 (epoch=48, val_total=21.8549)
Ep 60: train_total=21.2649, val_total_unw=23.3062, val_total_w=23.3062, select=unweighted, best_sel=21.8493 | set_unw=0.3661, phys_unw=0.5318, budget_unw=35.2082, stage_scale=1.00
Ep 65: train_total=21.0726, val_total_unw=22.0926, val_total_w=22.0926, select=unweighted, best_sel=21.8493 | set_unw=0.3581, phys_unw=0.5164, budget_unw=33.3578, stage_scale=1.00
Ep 70: train_total=20.8095, val_total_unw=22.1063, val_total_w=22.1063, select=unweighted, best_sel=21.7730 | set_unw=0.3552, phys_unw=0.5135, budget_unw=33.3839, stage_scale=1.00
Ep 75: train_total=20.5157, val_total_unw=22.0151, val_total_w=22.0151, select=unweighted, best_sel=21.7730 | set_unw=0.3583, phys_unw=0.5121, budget_unw=33.2393, stage_scale=1.00
Ep 80: train_total=20.1455, val_total_unw=22.1404, val_total_w=22.1404, select=unweighted, best_sel=21.7730 | set_unw=0.3552, phys_unw=0.5072, budget_unw=33.4383, stage_scale=1.00
Ep 85: train_total=19.7800, val_total_unw=22.2721, val_total_w=22.2721, select=unweighted, best_sel=21.7730 | set_unw=0.3568, phys_unw=0.5093, budget_unw=33.6377, stage_scale=1.00
Early stopping reconstructor at epoch 87

======================================================================
STEP 3: STAGE B (DUAL PRETRAIN, FROZEN RECONSTRUCTOR)
======================================================================
StageB-DualPretrain ep 5: train_loss=0.3764 (cls=0.3764, rank=0.3036, reco=0.0000, cons=0.1171, delta=0.0000, d_gain=0.0000, d_cost=0.0000, anc_p=0.0000, anc_o=0.0000) | val_auc_unw=0.9105, val_fpr50_unw=0.024482, val_auc_w=nan, val_fpr50_w=nan, val_metric_source=unweighted, select=auc, best_sel=0.910838, unfreeze=frozen, reco_trainable=0, dual_frozen=False, dual_trainable=2812673
StageB-DualPretrain ep 10: train_loss=0.3616 (cls=0.3616, rank=0.3021, reco=0.0000, cons=0.1171, delta=0.0000, d_gain=0.0000, d_cost=0.0000, anc_p=0.0000, anc_o=0.0000) | val_auc_unw=0.9206, val_fpr50_unw=0.020473, val_auc_w=nan, val_fpr50_w=nan, val_metric_source=unweighted, select=auc, best_sel=0.920623, unfreeze=frozen, reco_trainable=0, dual_frozen=False, dual_trainable=2812673
StageB-DualPretrain ep 15: train_loss=0.3524 (cls=0.3524, rank=0.3026, reco=0.0000, cons=0.1171, delta=0.0000, d_gain=0.0000, d_cost=0.0000, anc_p=0.0000, anc_o=0.0000) | val_auc_unw=0.9191, val_fpr50_unw=0.021216, val_auc_w=nan, val_fpr50_w=nan, val_metric_source=unweighted, select=auc, best_sel=0.922700, unfreeze=frozen, reco_trainable=0, dual_frozen=False, dual_trainable=2812673
StageB-DualPretrain ep 20: train_loss=0.3441 (cls=0.3441, rank=0.3028, reco=0.0000, cons=0.1171, delta=0.0000, d_gain=0.0000, d_cost=0.0000, anc_p=0.0000, anc_o=0.0000) | val_auc_unw=0.9229, val_fpr50_unw=0.019868, val_auc_w=nan, val_fpr50_w=nan, val_metric_source=unweighted, select=auc, best_sel=0.923704, unfreeze=frozen, reco_trainable=0, dual_frozen=False, dual_trainable=2812673
StageB-DualPretrain ep 25: train_loss=0.3343 (cls=0.3343, rank=0.3026, reco=0.0000, cons=0.1171, delta=0.0000, d_gain=0.0000, d_cost=0.0000, anc_p=0.0000, anc_o=0.0000) | val_auc_unw=0.9237, val_fpr50_unw=0.019360, val_auc_w=nan, val_fpr50_w=nan, val_metric_source=unweighted, select=auc, best_sel=0.923704, unfreeze=frozen, reco_trainable=0, dual_frozen=False, dual_trainable=2812673
StageB-DualPretrain ep 30: train_loss=0.3247 (cls=0.3247, rank=0.3045, reco=0.0000, cons=0.1171, delta=0.0000, d_gain=0.0000, d_cost=0.0000, anc_p=0.0000, anc_o=0.0000) | val_auc_unw=0.9220, val_fpr50_unw=0.020331, val_auc_w=nan, val_fpr50_w=nan, val_metric_source=unweighted, select=auc, best_sel=0.924119, unfreeze=frozen, reco_trainable=0, dual_frozen=False, dual_trainable=2812673
StageB-DualPretrain ep 35: train_loss=0.3143 (cls=0.3143, rank=0.3054, reco=0.0000, cons=0.1171, delta=0.0000, d_gain=0.0000, d_cost=0.0000, anc_p=0.0000, anc_o=0.0000) | val_auc_unw=0.9228, val_fpr50_unw=0.020162, val_auc_w=nan, val_fpr50_w=nan, val_metric_source=unweighted, select=auc, best_sel=0.924119, unfreeze=frozen, reco_trainable=0, dual_frozen=False, dual_trainable=2812673
Early stopping StageB-DualPretrain at epoch 38

======================================================================
STEP 4: STAGE C (JOINT FINETUNE)
======================================================================
StageC-Joint ep 1: train_loss=8.5704 (cls=0.3267, rank=0.3024, reco=20.5899, cons=0.1177, delta=0.1028, d_gain=0.1929, d_cost=0.0986, anc_p=0.0000, anc_o=0.0000) | val_auc_unw=0.9248, val_fpr50_unw=0.019113, val_auc_w=nan, val_fpr50_w=nan, val_metric_source=unweighted, select=auc, best_sel=0.924840, unfreeze=all, reco_trainable=7098018, dual_frozen=False, dual_trainable=2812673
StageC-Joint ep 2: train_loss=8.5240 (cls=0.3242, rank=0.3032, reco=20.4789, cons=0.1176, delta=0.0959, d_gain=0.1925, d_cost=0.0961, anc_p=0.0000, anc_o=0.0000) | val_auc_unw=0.9250, val_fpr50_unw=0.018952, val_auc_w=nan, val_fpr50_w=nan, val_metric_source=unweighted, select=auc, best_sel=0.924983, unfreeze=all, reco_trainable=7098018, dual_frozen=False, dual_trainable=2812673
StageC-Joint ep 3: train_loss=8.5099 (cls=0.3239, rank=0.3043, reco=20.4430, cons=0.1176, delta=0.0911, d_gain=0.1923, d_cost=0.0945, anc_p=0.0000, anc_o=0.0000) | val_auc_unw=0.9250, val_fpr50_unw=0.019028, val_auc_w=nan, val_fpr50_w=nan, val_metric_source=unweighted, select=auc, best_sel=0.924984, unfreeze=all, reco_trainable=7098018, dual_frozen=False, dual_trainable=2812673
StageC-Joint ep 4: train_loss=8.5017 (cls=0.3229, rank=0.3047, reco=20.4240, cons=0.1176, delta=0.0880, d_gain=0.1923, d_cost=0.0934, anc_p=0.0000, anc_o=0.0000) | val_auc_unw=0.9249, val_fpr50_unw=0.019055, val_auc_w=nan, val_fpr50_w=nan, val_metric_source=unweighted, select=auc, best_sel=0.924984, unfreeze=all, reco_trainable=7098018, dual_frozen=False, dual_trainable=2812673
StageC-Joint ep 5: train_loss=8.4978 (cls=0.3221, rank=0.3052, reco=20.4148, cons=0.1176, delta=0.0849, d_gain=0.1926, d_cost=0.0925, anc_p=0.0000, anc_o=0.0000) | val_auc_unw=0.9248, val_fpr50_unw=0.019192, val_auc_w=nan, val_fpr50_w=nan, val_metric_source=unweighted, select=auc, best_sel=0.924984, unfreeze=all, reco_trainable=7098018, dual_frozen=False, dual_trainable=2812673
StageC-Joint ep 6: train_loss=8.4922 (cls=0.3220, rank=0.3058, reco=20.3999, cons=0.1176, delta=0.0839, d_gain=0.1924, d_cost=0.0921, anc_p=0.0000, anc_o=0.0000) | val_auc_unw=0.9249, val_fpr50_unw=0.019248, val_auc_w=nan, val_fpr50_w=nan, val_metric_source=unweighted, select=auc, best_sel=0.924984, unfreeze=all, reco_trainable=7098018, dual_frozen=False, dual_trainable=2812673
StageC-Joint ep 7: train_loss=8.4765 (cls=0.3210, rank=0.3054, reco=20.3623, cons=0.1176, delta=0.0795, d_gain=0.1921, d_cost=0.0905, anc_p=0.0000, anc_o=0.0000) | val_auc_unw=0.9246, val_fpr50_unw=0.019472, val_auc_w=nan, val_fpr50_w=nan, val_metric_source=unweighted, select=auc, best_sel=0.924984, unfreeze=all, reco_trainable=7098018, dual_frozen=False, dual_trainable=2812673
StageC-Joint ep 8: train_loss=8.4839 (cls=0.3212, rank=0.3059, reco=20.3792, cons=0.1176, delta=0.0787, d_gain=0.1923, d_cost=0.0903, anc_p=0.0000, anc_o=0.0000) | val_auc_unw=0.9249, val_fpr50_unw=0.019464, val_auc_w=nan, val_fpr50_w=nan, val_metric_source=unweighted, select=auc, best_sel=0.924984, unfreeze=all, reco_trainable=7098018, dual_frozen=False, dual_trainable=2812673
StageC-Joint ep 9: train_loss=8.4641 (cls=0.3213, rank=0.3060, reco=20.3296, cons=0.1177, delta=0.0779, d_gain=0.1923, d_cost=0.0901, anc_p=0.0000, anc_o=0.0000) | val_auc_unw=0.9248, val_fpr50_unw=0.019627, val_auc_w=nan, val_fpr50_w=nan, val_metric_source=unweighted, select=auc, best_sel=0.924984, unfreeze=all, reco_trainable=7098018, dual_frozen=False, dual_trainable=2812673
StageC-Joint ep 10: train_loss=8.4687 (cls=0.3205, rank=0.3058, reco=20.3434, cons=0.1176, delta=0.0771, d_gain=0.1926, d_cost=0.0899, anc_p=0.0000, anc_o=0.0000) | val_auc_unw=0.9248, val_fpr50_unw=0.019741, val_auc_w=nan, val_fpr50_w=nan, val_metric_source=unweighted, select=auc, best_sel=0.924984, unfreeze=all, reco_trainable=7098018, dual_frozen=False, dual_trainable=2812673
StageC-Joint ep 11: train_loss=8.4733 (cls=0.3202, rank=0.3059, reco=20.3556, cons=0.1177, delta=0.0768, d_gain=0.1922, d_cost=0.0897, anc_p=0.0000, anc_o=0.0000) | val_auc_unw=0.9247, val_fpr50_unw=0.019540, val_auc_w=nan, val_fpr50_w=nan, val_metric_source=unweighted, select=auc, best_sel=0.924984, unfreeze=all, reco_trainable=7098018, dual_frozen=False, dual_trainable=2812673
StageC-Joint ep 12: train_loss=8.4642 (cls=0.3198, rank=0.3055, reco=20.3339, cons=0.1176, delta=0.0753, d_gain=0.1923, d_cost=0.0892, anc_p=0.0000, anc_o=0.0000) | val_auc_unw=0.9245, val_fpr50_unw=0.019524, val_auc_w=nan, val_fpr50_w=nan, val_metric_source=unweighted, select=auc, best_sel=0.924984, unfreeze=all, reco_trainable=7098018, dual_frozen=False, dual_trainable=2812673
StageC-Joint ep 13: train_loss=8.4617 (cls=0.3199, rank=0.3059, reco=20.3272, cons=0.1176, delta=0.0761, d_gain=0.1923, d_cost=0.0895, anc_p=0.0000, anc_o=0.0000) | val_auc_unw=0.9246, val_fpr50_unw=0.019729, val_auc_w=nan, val_fpr50_w=nan, val_metric_source=unweighted, select=auc, best_sel=0.924984, unfreeze=all, reco_trainable=7098018, dual_frozen=False, dual_trainable=2812673
StageC-Joint ep 14: train_loss=8.4658 (cls=0.3194, rank=0.3063, reco=20.3389, cons=0.1177, delta=0.0750, d_gain=0.1926, d_cost=0.0892, anc_p=0.0000, anc_o=0.0000) | val_auc_unw=0.9240, val_fpr50_unw=0.019899, val_auc_w=nan, val_fpr50_w=nan, val_metric_source=unweighted, select=auc, best_sel=0.924984, unfreeze=all, reco_trainable=7098018, dual_frozen=False, dual_trainable=2812673
StageC-Joint ep 15: train_loss=8.4575 (cls=0.3202, rank=0.3069, reco=20.3163, cons=0.1177, delta=0.0759, d_gain=0.1926, d_cost=0.0895, anc_p=0.0000, anc_o=0.0000) | val_auc_unw=0.9245, val_fpr50_unw=0.019940, val_auc_w=nan, val_fpr50_w=nan, val_metric_source=unweighted, select=auc, best_sel=0.924984, unfreeze=all, reco_trainable=7098018, dual_frozen=False, dual_trainable=2812673
StageC-Joint ep 16: train_loss=8.4483 (cls=0.3203, rank=0.3062, reco=20.2930, cons=0.1176, delta=0.0763, d_gain=0.1925, d_cost=0.0896, anc_p=0.0000, anc_o=0.0000) | val_auc_unw=0.9240, val_fpr50_unw=0.019881, val_auc_w=nan, val_fpr50_w=nan, val_metric_source=unweighted, select=auc, best_sel=0.924984, unfreeze=all, reco_trainable=7098018, dual_frozen=False, dual_trainable=2812673
StageC-Joint ep 17: train_loss=8.4539 (cls=0.3197, rank=0.3064, reco=20.3085, cons=0.1177, delta=0.0751, d_gain=0.1926, d_cost=0.0892, anc_p=0.0000, anc_o=0.0000) | val_auc_unw=0.9245, val_fpr50_unw=0.019797, val_auc_w=nan, val_fpr50_w=nan, val_metric_source=unweighted, select=auc, best_sel=0.924984, unfreeze=all, reco_trainable=7098018, dual_frozen=False, dual_trainable=2812673
StageC-Joint ep 18: train_loss=8.4482 (cls=0.3197, rank=0.3059, reco=20.2943, cons=0.1176, delta=0.0751, d_gain=0.1926, d_cost=0.0892, anc_p=0.0000, anc_o=0.0000) | val_auc_unw=0.9243, val_fpr50_unw=0.019850, val_auc_w=nan, val_fpr50_w=nan, val_metric_source=unweighted, select=auc, best_sel=0.924984, unfreeze=all, reco_trainable=7098018, dual_frozen=False, dual_trainable=2812673
StageC-Joint ep 19: train_loss=8.4452 (cls=0.3195, rank=0.3060, reco=20.2874, cons=0.1176, delta=0.0743, d_gain=0.1924, d_cost=0.0889, anc_p=0.0000, anc_o=0.0000) | val_auc_unw=0.9245, val_fpr50_unw=0.019863, val_auc_w=nan, val_fpr50_w=nan, val_metric_source=unweighted, select=auc, best_sel=0.924984, unfreeze=all, reco_trainable=7098018, dual_frozen=False, dual_trainable=2812673
StageC-Joint ep 20: train_loss=8.4452 (cls=0.3187, rank=0.3060, reco=20.2893, cons=0.1176, delta=0.0737, d_gain=0.1927, d_cost=0.0888, anc_p=0.0000, anc_o=0.0000) | val_auc_unw=0.9242, val_fpr50_unw=0.019822, val_auc_w=nan, val_fpr50_w=nan, val_metric_source=unweighted, select=auc, best_sel=0.924984, unfreeze=all, reco_trainable=7098018, dual_frozen=False, dual_trainable=2812673
StageC-Joint ep 21: train_loss=8.4460 (cls=0.3184, rank=0.3059, reco=20.2919, cons=0.1177, delta=0.0743, d_gain=0.1928, d_cost=0.0890, anc_p=0.0000, anc_o=0.0000) | val_auc_unw=0.9243, val_fpr50_unw=0.019578, val_auc_w=nan, val_fpr50_w=nan, val_metric_source=unweighted, select=auc, best_sel=0.924984, unfreeze=all, reco_trainable=7098018, dual_frozen=False, dual_trainable=2812673
StageC-Joint ep 22: train_loss=8.4413 (cls=0.3185, rank=0.3061, reco=20.2801, cons=0.1176, delta=0.0737, d_gain=0.1927, d_cost=0.0888, anc_p=0.0000, anc_o=0.0000) | val_auc_unw=0.9240, val_fpr50_unw=0.019760, val_auc_w=nan, val_fpr50_w=nan, val_metric_source=unweighted, select=auc, best_sel=0.924984, unfreeze=all, reco_trainable=7098018, dual_frozen=False, dual_trainable=2812673
StageC-Joint ep 23: train_loss=8.4413 (cls=0.3193, rank=0.3068, reco=20.2780, cons=0.1177, delta=0.0740, d_gain=0.1925, d_cost=0.0888, anc_p=0.0000, anc_o=0.0000) | val_auc_unw=0.9242, val_fpr50_unw=0.019966, val_auc_w=nan, val_fpr50_w=nan, val_metric_source=unweighted, select=auc, best_sel=0.924984, unfreeze=all, reco_trainable=7098018, dual_frozen=False, dual_trainable=2812673
StageC-Joint ep 24: train_loss=8.4306 (cls=0.3188, rank=0.3065, reco=20.2528, cons=0.1177, delta=0.0732, d_gain=0.1928, d_cost=0.0887, anc_p=0.0000, anc_o=0.0000) | val_auc_unw=0.9241, val_fpr50_unw=0.020060, val_auc_w=nan, val_fpr50_w=nan, val_metric_source=unweighted, select=auc, best_sel=0.924984, unfreeze=all, reco_trainable=7098018, dual_frozen=False, dual_trainable=2812673
StageC-Joint ep 25: train_loss=8.4406 (cls=0.3181, rank=0.3059, reco=20.2795, cons=0.1176, delta=0.0734, d_gain=0.1931, d_cost=0.0888, anc_p=0.0000, anc_o=0.0000) | val_auc_unw=0.9241, val_fpr50_unw=0.020127, val_auc_w=nan, val_fpr50_w=nan, val_metric_source=unweighted, select=auc, best_sel=0.924984, unfreeze=all, reco_trainable=7098018, dual_frozen=False, dual_trainable=2812673
Early stopping StageC-Joint at epoch 25

======================================================================
STEP 5: RECONSTRUCTION DIAGNOSTICS
======================================================================

Jet pT response/resolution by truth pT bin (test split):
  pT_low - pT_high | N | HLT resp | HLT reso | Corrected resp | Corrected reso
  172739.4 - 504068.9 | 18750 | 0.8681 | 0.1516 | 0.6964 | 0.1299
  504068.9 - 773424.6 | 18750 | 0.8445 | 0.1720 | 0.6144 | 0.1267
  773424.6 - 1093714.0 | 18750 | 0.8330 | 0.1869 | 0.5563 | 0.1206
  1093714.0 - 1365805.0 | 18750 | 0.8218 | 0.2022 | 0.5153 | 0.1194
  1365805.0 - 1711763.0 | 18750 | 0.8203 | 0.2056 | 0.4948 | 0.1170
  1711763.0 - 2155283.2 | 18750 | 0.8155 | 0.2123 | 0.4751 | 0.1178
  2155283.2 - 2633962.7 | 18750 | 0.8110 | 0.2225 | 0.4542 | 0.1196
  2633962.7 - 4355157.0 | 18750 | 0.7996 | 0.2295 | 0.4366 | 0.1208

Constituent-count diagnostics:
  Means: offline=54.297, hlt=29.181, reco=51.081
  MAE vs offline: hlt=25.116, reco=5.507

Budget diagnostics (test split):
  MAE: merge=5.285, eff=0.000, total=5.285
  Bias: merge=-2.376, eff=0.000, total=-2.376

======================================================================
FINAL TEST EVALUATION
======================================================================
Teacher (Offline) AUC: 0.9533
Baseline (HLT)   AUC: 0.9214
Stage2 (PreJoint) AUC: 0.9222
Stage2 (BestValFPR50) AUC: 0.9223
Joint Dual-View  AUC: 0.9233
Joint Dual-View (BestValFPR50) AUC: 0.9233

FPR@30 Teacher/Baseline/Stage2/Joint: 0.002131 / 0.005524 / 0.005248 / 0.005267
FPR@30 Stage2BestFPR / JointBestFPR: 0.005501 / 0.005168
FPR@50 Teacher/Baseline/Stage2/Joint: 0.009940 / 0.021587 / 0.020500 / 0.019898
FPR@50 Stage2BestFPR / JointBestFPR: 0.021059 / 0.019870
Saving val/test score arrays for fusion analysis...
Saved fusion score arrays to: checkpoints/reco_teacher_joint_fusion_6model_150k75k150k/model2_joint_chamfer_eratioonly/model2_joint_chamfer_eratioonly_150k75k150k_seed0/fusion_scores_val_test.npz

Saved joint results to: checkpoints/reco_teacher_joint_fusion_6model_150k75k150k/model2_joint_chamfer_eratioonly/model2_joint_chamfer_eratioonly_150k75k150k_seed0
Done: checkpoints/reco_teacher_joint_fusion_6model_150k75k150k/model2_joint_chamfer_eratioonly/model2_joint_chamfer_eratioonly_150k75k150k_seed0
