============================================================
Model-2 Joint (SetLoss=Chamfer, Phys only ON among phys/pt/e)
Run: checkpoints/reco_teacher_joint_fusion_6model_150k75k150k/model2_joint_chamfer_physonly/model2_joint_chamfer_physonly_150k75k150k_seed0
Split: train=150000, val=75000, test=150000
============================================================
 python offline_reconstructor_joint_dualview_stage2save_auc_norankc_nopriv_unmergeonly.py --save_dir checkpoints/reco_teacher_joint_fusion_6model_150k75k150k/model2_joint_chamfer_physonly --run_name model2_joint_chamfer_physonly_150k75k150k_seed0 --n_train_jets 375000 --n_train_split 150000 --n_val_split 75000 --n_test_split 150000 --offset_jets 0 --max_constits 100 --num_workers 6 --seed 0 --selection_metric auc --stageB_lambda_rank 0.0 --stageB_lambda_cons 0.0 --stageC_lr_dual 1e-5 --stageC_lr_reco 5e-6 --lambda_reco 0.4 --lambda_cons 0.06 --stageC_lambda_delta 0.05 --stageC_delta_tau 0.05 --stageC_delta_lambda_fp 3.0 --stageC_delta_warmup_epochs 8 --added_target_scale 0.90 --loss_set_mode chamfer --loss_w_phys 0.35 --loss_w_pt_ratio 0.0 --loss_w_e_ratio 0.0 --loss_w_local 0.05 --save_fusion_scores --disable_final_kd --device cuda
Device: cuda
Save dir: checkpoints/reco_teacher_joint_fusion_6model_150k75k150k/model2_joint_chamfer_physonly/model2_joint_chamfer_physonly_150k75k150k_seed0
Loading offline constituents...
Generating pseudo-HLT...
Non-priv target setup: added_target_scale=0.900, mean_true_added_raw=25.116, mean_target_added=22.604
Computing features...
Split sizes: Train=150000, Val=75000, Test=150000 (custom_counts=True)
Stage-B train subset: N=150000 / 150000 (frac=1.000, seed=0)

======================================================================
STEP 1: TEACHER + BASELINE
======================================================================
Teacher ep 5: train_auc=0.9439, val_auc=0.9469, val_fpr50=0.012873, best_auc=0.9469, fpr50@best=0.012873
Teacher ep 10: train_auc=0.9509, val_auc=0.9526, val_fpr50=0.010285, best_auc=0.9526, fpr50@best=0.010285
Teacher ep 15: train_auc=0.9549, val_auc=0.9522, val_fpr50=0.011025, best_auc=0.9529, fpr50@best=0.010068
Teacher ep 20: train_auc=0.9577, val_auc=0.9480, val_fpr50=0.013272, best_auc=0.9529, fpr50@best=0.010068
Teacher ep 25: train_auc=0.9610, val_auc=0.9513, val_fpr50=0.010954, best_auc=0.9539, fpr50@best=0.009423
Teacher ep 30: train_auc=0.9652, val_auc=0.9503, val_fpr50=0.011826, best_auc=0.9539, fpr50@best=0.009423
Teacher ep 35: train_auc=0.9696, val_auc=0.9496, val_fpr50=0.011791, best_auc=0.9539, fpr50@best=0.009423
Early stopping Teacher at epoch 37
Baseline ep 5: train_auc=0.9099, val_auc=0.9027, val_fpr50=0.028200, best_auc=0.9096, fpr50@best=0.027649
Baseline ep 10: train_auc=0.9173, val_auc=0.9176, val_fpr50=0.023106, best_auc=0.9185, fpr50@best=0.021131
Baseline ep 15: train_auc=0.9211, val_auc=0.9199, val_fpr50=0.021754, best_auc=0.9207, fpr50@best=0.019859
Baseline ep 20: train_auc=0.9251, val_auc=0.9232, val_fpr50=0.020238, best_auc=0.9232, fpr50@best=0.020238
Baseline ep 25: train_auc=0.9291, val_auc=0.9231, val_fpr50=0.020397, best_auc=0.9232, fpr50@best=0.020238
Baseline ep 30: train_auc=0.9336, val_auc=0.9194, val_fpr50=0.023387, best_auc=0.9235, fpr50@best=0.020215
Baseline ep 35: train_auc=0.9383, val_auc=0.9220, val_fpr50=0.021137, best_auc=0.9235, fpr50@best=0.020215
Baseline ep 40: train_auc=0.9435, val_auc=0.9181, val_fpr50=0.023374, best_auc=0.9235, fpr50@best=0.020215
Early stopping Baseline at epoch 41
StageC weak-delta HLT reference @TPR=0.50: threshold_prob=0.920016, val_auc_hlt=0.9235

======================================================================
STEP 2: STAGE A (RECONSTRUCTOR PRETRAIN)
======================================================================
Ep 5: train_total=26.2200, val_total_unw=28.3536, val_total_w=28.3536, select=unweighted, best_sel=24.4358 | set_unw=0.4157, phys_unw=0.5872, budget_unw=42.6607, stage_scale=0.35
Ep 10: train_total=25.1082, val_total_unw=25.6464, val_total_w=25.6464, select=unweighted, best_sel=24.4358 | set_unw=0.3951, phys_unw=0.5394, budget_unw=38.5537, stage_scale=0.35
Ep 15: train_total=24.6507, val_total_unw=26.1263, val_total_w=26.1263, select=unweighted, best_sel=24.2177 | set_unw=0.3911, phys_unw=0.5387, budget_unw=39.2988, stage_scale=0.35
Ep 20: train_total=24.3721, val_total_unw=24.3298, val_total_w=24.3298, select=unweighted, best_sel=24.1895 | set_unw=0.3771, phys_unw=0.4831, budget_unw=36.5863, stage_scale=0.35
Stage-A transition -> reloaded best from phase_035 (epoch=17, val_total=24.1895)
Ep 25: train_total=22.5413, val_total_unw=23.4308, val_total_w=23.4308, select=unweighted, best_sel=22.1031 | set_unw=0.3763, phys_unw=0.4909, budget_unw=35.2005, stage_scale=0.70
Ep 30: train_total=22.3369, val_total_unw=22.5702, val_total_w=22.5702, select=unweighted, best_sel=22.0878 | set_unw=0.3691, phys_unw=0.4940, budget_unw=33.8858, stage_scale=0.70
Ep 35: train_total=22.1479, val_total_unw=23.4708, val_total_w=23.4708, select=unweighted, best_sel=22.0878 | set_unw=0.3728, phys_unw=0.4967, budget_unw=35.2644, stage_scale=0.70
Ep 40: train_total=21.9783, val_total_unw=23.0243, val_total_w=23.0243, select=unweighted, best_sel=22.0878 | set_unw=0.3713, phys_unw=0.4951, budget_unw=34.5803, stage_scale=0.70
Ep 45: train_total=21.7645, val_total_unw=22.8474, val_total_w=22.8474, select=unweighted, best_sel=22.0878 | set_unw=0.3678, phys_unw=0.4927, budget_unw=34.3150, stage_scale=0.70
Ep 50: train_total=21.5861, val_total_unw=22.2169, val_total_w=22.2169, select=unweighted, best_sel=21.9403 | set_unw=0.3616, phys_unw=0.4827, budget_unw=33.3599, stage_scale=0.70
Ep 55: train_total=21.3817, val_total_unw=23.1970, val_total_w=23.1970, select=unweighted, best_sel=21.9403 | set_unw=0.3673, phys_unw=0.4880, budget_unw=34.8562, stage_scale=0.70
Stage-A transition -> reloaded best from phase_070 (epoch=48, val_total=21.9403)
Ep 60: train_total=21.0738, val_total_unw=22.5184, val_total_w=22.5184, select=unweighted, best_sel=21.9403 | set_unw=0.3644, phys_unw=0.4882, budget_unw=33.8166, stage_scale=1.00
Ep 65: train_total=20.8264, val_total_unw=22.2955, val_total_w=22.2955, select=unweighted, best_sel=21.9403 | set_unw=0.3650, phys_unw=0.4793, budget_unw=33.4775, stage_scale=1.00
Ep 70: train_total=20.5097, val_total_unw=22.1950, val_total_w=22.1950, select=unweighted, best_sel=21.8264 | set_unw=0.3628, phys_unw=0.4741, budget_unw=33.3290, stage_scale=1.00
Ep 75: train_total=20.1526, val_total_unw=21.9761, val_total_w=21.9761, select=unweighted, best_sel=21.8264 | set_unw=0.3606, phys_unw=0.4669, budget_unw=32.9994, stage_scale=1.00
Ep 80: train_total=19.8052, val_total_unw=22.3338, val_total_w=22.3338, select=unweighted, best_sel=21.8264 | set_unw=0.3616, phys_unw=0.4740, budget_unw=33.5446, stage_scale=1.00
Early stopping reconstructor at epoch 84

======================================================================
STEP 3: STAGE B (DUAL PRETRAIN, FROZEN RECONSTRUCTOR)
======================================================================
StageB-DualPretrain ep 5: train_loss=0.3749 (cls=0.3749, rank=0.3036, reco=0.0000, cons=0.1173, delta=0.0000, d_gain=0.0000, d_cost=0.0000, anc_p=0.0000, anc_o=0.0000) | val_auc_unw=0.9173, val_fpr50_unw=0.024980, val_auc_w=nan, val_fpr50_w=nan, val_metric_source=unweighted, select=auc, best_sel=0.917270, unfreeze=frozen, reco_trainable=0, dual_frozen=False, dual_trainable=2812673
StageB-DualPretrain ep 10: train_loss=0.3601 (cls=0.3601, rank=0.3018, reco=0.0000, cons=0.1173, delta=0.0000, d_gain=0.0000, d_cost=0.0000, anc_p=0.0000, anc_o=0.0000) | val_auc_unw=0.9189, val_fpr50_unw=0.020918, val_auc_w=nan, val_fpr50_w=nan, val_metric_source=unweighted, select=auc, best_sel=0.920908, unfreeze=frozen, reco_trainable=0, dual_frozen=False, dual_trainable=2812673
StageB-DualPretrain ep 15: train_loss=0.3526 (cls=0.3526, rank=0.3020, reco=0.0000, cons=0.1173, delta=0.0000, d_gain=0.0000, d_cost=0.0000, anc_p=0.0000, anc_o=0.0000) | val_auc_unw=0.9232, val_fpr50_unw=0.019434, val_auc_w=nan, val_fpr50_w=nan, val_metric_source=unweighted, select=auc, best_sel=0.923213, unfreeze=frozen, reco_trainable=0, dual_frozen=False, dual_trainable=2812673
StageB-DualPretrain ep 20: train_loss=0.3425 (cls=0.3425, rank=0.3016, reco=0.0000, cons=0.1173, delta=0.0000, d_gain=0.0000, d_cost=0.0000, anc_p=0.0000, anc_o=0.0000) | val_auc_unw=0.9233, val_fpr50_unw=0.019456, val_auc_w=nan, val_fpr50_w=nan, val_metric_source=unweighted, select=auc, best_sel=0.924637, unfreeze=frozen, reco_trainable=0, dual_frozen=False, dual_trainable=2812673
StageB-DualPretrain ep 25: train_loss=0.3317 (cls=0.3317, rank=0.3028, reco=0.0000, cons=0.1173, delta=0.0000, d_gain=0.0000, d_cost=0.0000, anc_p=0.0000, anc_o=0.0000) | val_auc_unw=0.9238, val_fpr50_unw=0.018933, val_auc_w=nan, val_fpr50_w=nan, val_metric_source=unweighted, select=auc, best_sel=0.925015, unfreeze=frozen, reco_trainable=0, dual_frozen=False, dual_trainable=2812673
StageB-DualPretrain ep 30: train_loss=0.3204 (cls=0.3204, rank=0.3053, reco=0.0000, cons=0.1173, delta=0.0000, d_gain=0.0000, d_cost=0.0000, anc_p=0.0000, anc_o=0.0000) | val_auc_unw=0.9241, val_fpr50_unw=0.019542, val_auc_w=nan, val_fpr50_w=nan, val_metric_source=unweighted, select=auc, best_sel=0.925015, unfreeze=frozen, reco_trainable=0, dual_frozen=False, dual_trainable=2812673
StageB-DualPretrain ep 35: train_loss=0.3104 (cls=0.3104, rank=0.3074, reco=0.0000, cons=0.1173, delta=0.0000, d_gain=0.0000, d_cost=0.0000, anc_p=0.0000, anc_o=0.0000) | val_auc_unw=0.9225, val_fpr50_unw=0.020482, val_auc_w=nan, val_fpr50_w=nan, val_metric_source=unweighted, select=auc, best_sel=0.925015, unfreeze=frozen, reco_trainable=0, dual_frozen=False, dual_trainable=2812673
Early stopping StageB-DualPretrain at epoch 35

======================================================================
STEP 4: STAGE C (JOINT FINETUNE)
======================================================================
StageC-Joint ep 1: train_loss=8.5457 (cls=0.3289, rank=0.2999, reco=20.5227, cons=0.1177, delta=0.0993, d_gain=0.1905, d_cost=0.0966, anc_p=0.0000, anc_o=0.0000) | val_auc_unw=0.9258, val_fpr50_unw=0.017823, val_auc_w=nan, val_fpr50_w=nan, val_metric_source=unweighted, select=auc, best_sel=0.925837, unfreeze=all, reco_trainable=7098018, dual_frozen=False, dual_trainable=2812673
StageC-Joint ep 2: train_loss=8.5107 (cls=0.3267, rank=0.3021, reco=20.4394, cons=0.1175, delta=0.0959, d_gain=0.1914, d_cost=0.0958, anc_p=0.0000, anc_o=0.0000) | val_auc_unw=0.9263, val_fpr50_unw=0.017608, val_auc_w=nan, val_fpr50_w=nan, val_metric_source=unweighted, select=auc, best_sel=0.926302, unfreeze=all, reco_trainable=7098018, dual_frozen=False, dual_trainable=2812673
StageC-Joint ep 3: train_loss=8.4893 (cls=0.3255, rank=0.3031, reco=20.3876, cons=0.1177, delta=0.0924, d_gain=0.1915, d_cost=0.0946, anc_p=0.0000, anc_o=0.0000) | val_auc_unw=0.9265, val_fpr50_unw=0.017721, val_auc_w=nan, val_fpr50_w=nan, val_metric_source=unweighted, select=auc, best_sel=0.926457, unfreeze=all, reco_trainable=7098018, dual_frozen=False, dual_trainable=2812673
StageC-Joint ep 4: train_loss=8.4703 (cls=0.3241, rank=0.3033, reco=20.3421, cons=0.1177, delta=0.0889, d_gain=0.1917, d_cost=0.0935, anc_p=0.0000, anc_o=0.0000) | val_auc_unw=0.9264, val_fpr50_unw=0.017611, val_auc_w=nan, val_fpr50_w=nan, val_metric_source=unweighted, select=auc, best_sel=0.926457, unfreeze=all, reco_trainable=7098018, dual_frozen=False, dual_trainable=2812673
StageC-Joint ep 5: train_loss=8.4660 (cls=0.3238, rank=0.3037, reco=20.3311, cons=0.1176, delta=0.0856, d_gain=0.1917, d_cost=0.0924, anc_p=0.0000, anc_o=0.0000) | val_auc_unw=0.9263, val_fpr50_unw=0.017760, val_auc_w=nan, val_fpr50_w=nan, val_metric_source=unweighted, select=auc, best_sel=0.926457, unfreeze=all, reco_trainable=7098018, dual_frozen=False, dual_trainable=2812673
StageC-Joint ep 6: train_loss=8.4569 (cls=0.3234, rank=0.3049, reco=20.3080, cons=0.1177, delta=0.0847, d_gain=0.1921, d_cost=0.0923, anc_p=0.0000, anc_o=0.0000) | val_auc_unw=0.9264, val_fpr50_unw=0.017815, val_auc_w=nan, val_fpr50_w=nan, val_metric_source=unweighted, select=auc, best_sel=0.926457, unfreeze=all, reco_trainable=7098018, dual_frozen=False, dual_trainable=2812673
StageC-Joint ep 7: train_loss=8.4531 (cls=0.3237, rank=0.3040, reco=20.2966, cons=0.1177, delta=0.0833, d_gain=0.1916, d_cost=0.0916, anc_p=0.0000, anc_o=0.0000) | val_auc_unw=0.9261, val_fpr50_unw=0.017953, val_auc_w=nan, val_fpr50_w=nan, val_metric_source=unweighted, select=auc, best_sel=0.926457, unfreeze=all, reco_trainable=7098018, dual_frozen=False, dual_trainable=2812673
StageC-Joint ep 8: train_loss=8.4528 (cls=0.3230, rank=0.3040, reco=20.2967, cons=0.1176, delta=0.0814, d_gain=0.1918, d_cost=0.0911, anc_p=0.0000, anc_o=0.0000) | val_auc_unw=0.9259, val_fpr50_unw=0.018352, val_auc_w=nan, val_fpr50_w=nan, val_metric_source=unweighted, select=auc, best_sel=0.926457, unfreeze=all, reco_trainable=7098018, dual_frozen=False, dual_trainable=2812673
StageC-Joint ep 9: train_loss=8.4477 (cls=0.3226, rank=0.3048, reco=20.2852, cons=0.1176, delta=0.0798, d_gain=0.1915, d_cost=0.0904, anc_p=0.0000, anc_o=0.0000) | val_auc_unw=0.9262, val_fpr50_unw=0.018138, val_auc_w=nan, val_fpr50_w=nan, val_metric_source=unweighted, select=auc, best_sel=0.926457, unfreeze=all, reco_trainable=7098018, dual_frozen=False, dual_trainable=2812673
StageC-Joint ep 10: train_loss=8.4387 (cls=0.3224, rank=0.3052, reco=20.2632, cons=0.1176, delta=0.0793, d_gain=0.1918, d_cost=0.0904, anc_p=0.0000, anc_o=0.0000) | val_auc_unw=0.9261, val_fpr50_unw=0.018353, val_auc_w=nan, val_fpr50_w=nan, val_metric_source=unweighted, select=auc, best_sel=0.926457, unfreeze=all, reco_trainable=7098018, dual_frozen=False, dual_trainable=2812673
StageC-Joint ep 11: train_loss=8.4389 (cls=0.3215, rank=0.3056, reco=20.2660, cons=0.1177, delta=0.0784, d_gain=0.1922, d_cost=0.0902, anc_p=0.0000, anc_o=0.0000) | val_auc_unw=0.9261, val_fpr50_unw=0.018100, val_auc_w=nan, val_fpr50_w=nan, val_metric_source=unweighted, select=auc, best_sel=0.926457, unfreeze=all, reco_trainable=7098018, dual_frozen=False, dual_trainable=2812673
StageC-Joint ep 12: train_loss=8.4414 (cls=0.3219, rank=0.3048, reco=20.2713, cons=0.1177, delta=0.0790, d_gain=0.1919, d_cost=0.0903, anc_p=0.0000, anc_o=0.0000) | val_auc_unw=0.9261, val_fpr50_unw=0.018195, val_auc_w=nan, val_fpr50_w=nan, val_metric_source=unweighted, select=auc, best_sel=0.926457, unfreeze=all, reco_trainable=7098018, dual_frozen=False, dual_trainable=2812673
StageC-Joint ep 13: train_loss=8.4361 (cls=0.3220, rank=0.3049, reco=20.2579, cons=0.1176, delta=0.0776, d_gain=0.1917, d_cost=0.0898, anc_p=0.0000, anc_o=0.0000) | val_auc_unw=0.9259, val_fpr50_unw=0.018352, val_auc_w=nan, val_fpr50_w=nan, val_metric_source=unweighted, select=auc, best_sel=0.926457, unfreeze=all, reco_trainable=7098018, dual_frozen=False, dual_trainable=2812673
StageC-Joint ep 14: train_loss=8.4263 (cls=0.3211, rank=0.3053, reco=20.2359, cons=0.1176, delta=0.0770, d_gain=0.1921, d_cost=0.0897, anc_p=0.0000, anc_o=0.0000) | val_auc_unw=0.9261, val_fpr50_unw=0.018001, val_auc_w=nan, val_fpr50_w=nan, val_metric_source=unweighted, select=auc, best_sel=0.926457, unfreeze=all, reco_trainable=7098018, dual_frozen=False, dual_trainable=2812673
StageC-Joint ep 15: train_loss=8.4294 (cls=0.3211, rank=0.3051, reco=20.2435, cons=0.1177, delta=0.0765, d_gain=0.1922, d_cost=0.0896, anc_p=0.0000, anc_o=0.0000) | val_auc_unw=0.9259, val_fpr50_unw=0.018125, val_auc_w=nan, val_fpr50_w=nan, val_metric_source=unweighted, select=auc, best_sel=0.926457, unfreeze=all, reco_trainable=7098018, dual_frozen=False, dual_trainable=2812673
StageC-Joint ep 16: train_loss=8.4330 (cls=0.3211, rank=0.3048, reco=20.2525, cons=0.1176, delta=0.0769, d_gain=0.1923, d_cost=0.0897, anc_p=0.0000, anc_o=0.0000) | val_auc_unw=0.9259, val_fpr50_unw=0.018076, val_auc_w=nan, val_fpr50_w=nan, val_metric_source=unweighted, select=auc, best_sel=0.926457, unfreeze=all, reco_trainable=7098018, dual_frozen=False, dual_trainable=2812673
StageC-Joint ep 17: train_loss=8.4193 (cls=0.3206, rank=0.3047, reco=20.2194, cons=0.1178, delta=0.0768, d_gain=0.1922, d_cost=0.0897, anc_p=0.0000, anc_o=0.0000) | val_auc_unw=0.9259, val_fpr50_unw=0.018062, val_auc_w=nan, val_fpr50_w=nan, val_metric_source=unweighted, select=auc, best_sel=0.926457, unfreeze=all, reco_trainable=7098018, dual_frozen=False, dual_trainable=2812673
StageC-Joint ep 18: train_loss=8.4189 (cls=0.3211, rank=0.3055, reco=20.2173, cons=0.1177, delta=0.0764, d_gain=0.1919, d_cost=0.0894, anc_p=0.0000, anc_o=0.0000) | val_auc_unw=0.9259, val_fpr50_unw=0.018300, val_auc_w=nan, val_fpr50_w=nan, val_metric_source=unweighted, select=auc, best_sel=0.926457, unfreeze=all, reco_trainable=7098018, dual_frozen=False, dual_trainable=2812673
StageC-Joint ep 19: train_loss=8.4239 (cls=0.3198, rank=0.3052, reco=20.2330, cons=0.1177, delta=0.0760, d_gain=0.1923, d_cost=0.0894, anc_p=0.0000, anc_o=0.0000) | val_auc_unw=0.9260, val_fpr50_unw=0.018438, val_auc_w=nan, val_fpr50_w=nan, val_metric_source=unweighted, select=auc, best_sel=0.926457, unfreeze=all, reco_trainable=7098018, dual_frozen=False, dual_trainable=2812673
StageC-Joint ep 20: train_loss=8.4199 (cls=0.3204, rank=0.3045, reco=20.2215, cons=0.1177, delta=0.0759, d_gain=0.1923, d_cost=0.0894, anc_p=0.0000, anc_o=0.0000) | val_auc_unw=0.9255, val_fpr50_unw=0.018462, val_auc_w=nan, val_fpr50_w=nan, val_metric_source=unweighted, select=auc, best_sel=0.926457, unfreeze=all, reco_trainable=7098018, dual_frozen=False, dual_trainable=2812673
StageC-Joint ep 21: train_loss=8.4109 (cls=0.3201, rank=0.3054, reco=20.1998, cons=0.1177, delta=0.0759, d_gain=0.1924, d_cost=0.0894, anc_p=0.0000, anc_o=0.0000) | val_auc_unw=0.9258, val_fpr50_unw=0.018422, val_auc_w=nan, val_fpr50_w=nan, val_metric_source=unweighted, select=auc, best_sel=0.926457, unfreeze=all, reco_trainable=7098018, dual_frozen=False, dual_trainable=2812673
StageC-Joint ep 22: train_loss=8.4194 (cls=0.3200, rank=0.3052, reco=20.2216, cons=0.1176, delta=0.0760, d_gain=0.1924, d_cost=0.0894, anc_p=0.0000, anc_o=0.0000) | val_auc_unw=0.9256, val_fpr50_unw=0.018503, val_auc_w=nan, val_fpr50_w=nan, val_metric_source=unweighted, select=auc, best_sel=0.926457, unfreeze=all, reco_trainable=7098018, dual_frozen=False, dual_trainable=2812673
StageC-Joint ep 23: train_loss=8.4072 (cls=0.3201, rank=0.3058, reco=20.1908, cons=0.1178, delta=0.0751, d_gain=0.1924, d_cost=0.0892, anc_p=0.0000, anc_o=0.0000) | val_auc_unw=0.9258, val_fpr50_unw=0.018335, val_auc_w=nan, val_fpr50_w=nan, val_metric_source=unweighted, select=auc, best_sel=0.926457, unfreeze=all, reco_trainable=7098018, dual_frozen=False, dual_trainable=2812673
StageC-Joint ep 24: train_loss=8.4046 (cls=0.3194, rank=0.3054, reco=20.1859, cons=0.1176, delta=0.0751, d_gain=0.1926, d_cost=0.0892, anc_p=0.0000, anc_o=0.0000) | val_auc_unw=0.9256, val_fpr50_unw=0.018415, val_auc_w=nan, val_fpr50_w=nan, val_metric_source=unweighted, select=auc, best_sel=0.926457, unfreeze=all, reco_trainable=7098018, dual_frozen=False, dual_trainable=2812673
StageC-Joint ep 25: train_loss=8.4125 (cls=0.3195, rank=0.3058, reco=20.2054, cons=0.1177, delta=0.0743, d_gain=0.1925, d_cost=0.0889, anc_p=0.0000, anc_o=0.0000) | val_auc_unw=0.9257, val_fpr50_unw=0.018494, val_auc_w=nan, val_fpr50_w=nan, val_metric_source=unweighted, select=auc, best_sel=0.926457, unfreeze=all, reco_trainable=7098018, dual_frozen=False, dual_trainable=2812673
Early stopping StageC-Joint at epoch 25

======================================================================
STEP 5: RECONSTRUCTION DIAGNOSTICS
======================================================================

Jet pT response/resolution by truth pT bin (test split):
  pT_low - pT_high | N | HLT resp | HLT reso | Corrected resp | Corrected reso
  172739.4 - 504068.9 | 18750 | 0.8681 | 0.1516 | 0.7305 | 0.1349
  504068.9 - 773424.6 | 18750 | 0.8445 | 0.1720 | 0.6482 | 0.1344
  773424.6 - 1093714.0 | 18750 | 0.8330 | 0.1869 | 0.5899 | 0.1310
  1093714.0 - 1365805.0 | 18750 | 0.8218 | 0.2022 | 0.5489 | 0.1325
  1365805.0 - 1711763.0 | 18750 | 0.8203 | 0.2056 | 0.5304 | 0.1319
  1711763.0 - 2155283.2 | 18750 | 0.8155 | 0.2123 | 0.5119 | 0.1338
  2155283.2 - 2633962.7 | 18750 | 0.8110 | 0.2225 | 0.4927 | 0.1376
  2633962.7 - 4355157.0 | 18750 | 0.7996 | 0.2295 | 0.4768 | 0.1401

Constituent-count diagnostics:
  Means: offline=54.297, hlt=29.181, reco=51.567
  MAE vs offline: hlt=25.116, reco=5.311

Budget diagnostics (test split):
  MAE: merge=5.253, eff=0.000, total=5.253
  Bias: merge=-2.190, eff=0.000, total=-2.190

======================================================================
FINAL TEST EVALUATION
======================================================================
Teacher (Offline) AUC: 0.9533
Baseline (HLT)   AUC: 0.9214
Stage2 (PreJoint) AUC: 0.9229
Stage2 (BestValFPR50) AUC: 0.9223
Joint Dual-View  AUC: 0.9244
Joint Dual-View (BestValFPR50) AUC: 0.9243

FPR@30 Teacher/Baseline/Stage2/Joint: 0.002131 / 0.005524 / 0.005160 / 0.004714
FPR@30 Stage2BestFPR / JointBestFPR: 0.005179 / 0.004777
FPR@50 Teacher/Baseline/Stage2/Joint: 0.009940 / 0.021587 / 0.020811 / 0.019790
FPR@50 Stage2BestFPR / JointBestFPR: 0.020157 / 0.019720
Saving val/test score arrays for fusion analysis...
Saved fusion score arrays to: checkpoints/reco_teacher_joint_fusion_6model_150k75k150k/model2_joint_chamfer_physonly/model2_joint_chamfer_physonly_150k75k150k_seed0/fusion_scores_val_test.npz

Saved joint results to: checkpoints/reco_teacher_joint_fusion_6model_150k75k150k/model2_joint_chamfer_physonly/model2_joint_chamfer_physonly_150k75k150k_seed0
Done: checkpoints/reco_teacher_joint_fusion_6model_150k75k150k/model2_joint_chamfer_physonly/model2_joint_chamfer_physonly_150k75k150k_seed0
