============================================================
Model-2 Joint (Chamfer + budget only among budget/sparse/local; phys/pt/e OFF)
Run: checkpoints/reco_teacher_joint_fusion_6model_150k75k150k/model2_joint_chamfer_budgetonly/model2_joint_chamfer_budgetonly_150k75k150k_seed0
Split: train=150000, val=75000, test=150000
============================================================
 python offline_reconstructor_joint_dualview_stage2save_auc_norankc_nopriv_unmergeonly.py --save_dir checkpoints/reco_teacher_joint_fusion_6model_150k75k150k/model2_joint_chamfer_budgetonly --run_name model2_joint_chamfer_budgetonly_150k75k150k_seed0 --n_train_jets 375000 --n_train_split 150000 --n_val_split 75000 --n_test_split 150000 --offset_jets 0 --max_constits 100 --num_workers 6 --seed 0 --selection_metric auc --stageB_lambda_rank 0.0 --stageB_lambda_cons 0.0 --stageC_lr_dual 1e-5 --stageC_lr_reco 5e-6 --lambda_reco 0.4 --lambda_cons 0.0 --stageC_lambda_delta 0.05 --stageC_delta_tau 0.05 --stageC_delta_lambda_fp 3.0 --stageC_delta_warmup_epochs 8 --added_target_scale 0.90 --loss_set_mode chamfer --loss_w_phys 0.0 --loss_w_pt_ratio 0.0 --loss_w_e_ratio 0.0 --loss_w_budget 0.65 --loss_w_sparse 0.0 --loss_w_local 0.0 --save_fusion_scores --disable_final_kd --device cuda
Device: cuda
Save dir: checkpoints/reco_teacher_joint_fusion_6model_150k75k150k/model2_joint_chamfer_budgetonly/model2_joint_chamfer_budgetonly_150k75k150k_seed0
Loading offline constituents...
Generating pseudo-HLT...
Non-priv target setup: added_target_scale=0.900, mean_true_added_raw=25.116, mean_target_added=22.604
Computing features...
Split sizes: Train=150000, Val=75000, Test=150000 (custom_counts=True)
Stage-B train subset: N=150000 / 150000 (frac=1.000, seed=0)

======================================================================
STEP 1: TEACHER + BASELINE
======================================================================
Teacher ep 5: train_auc=0.9439, val_auc=0.9469, val_fpr50=0.012873, best_auc=0.9469, fpr50@best=0.012873
Teacher ep 10: train_auc=0.9509, val_auc=0.9526, val_fpr50=0.010285, best_auc=0.9526, fpr50@best=0.010285
Teacher ep 15: train_auc=0.9549, val_auc=0.9522, val_fpr50=0.011025, best_auc=0.9529, fpr50@best=0.010068
Teacher ep 20: train_auc=0.9577, val_auc=0.9480, val_fpr50=0.013272, best_auc=0.9529, fpr50@best=0.010068
Teacher ep 25: train_auc=0.9610, val_auc=0.9513, val_fpr50=0.010954, best_auc=0.9539, fpr50@best=0.009423
Teacher ep 30: train_auc=0.9652, val_auc=0.9503, val_fpr50=0.011826, best_auc=0.9539, fpr50@best=0.009423
Teacher ep 35: train_auc=0.9696, val_auc=0.9496, val_fpr50=0.011791, best_auc=0.9539, fpr50@best=0.009423
Early stopping Teacher at epoch 37
Baseline ep 5: train_auc=0.9099, val_auc=0.9027, val_fpr50=0.028200, best_auc=0.9096, fpr50@best=0.027649
Baseline ep 10: train_auc=0.9173, val_auc=0.9176, val_fpr50=0.023106, best_auc=0.9185, fpr50@best=0.021131
Baseline ep 15: train_auc=0.9211, val_auc=0.9199, val_fpr50=0.021754, best_auc=0.9207, fpr50@best=0.019859
Baseline ep 20: train_auc=0.9251, val_auc=0.9232, val_fpr50=0.020238, best_auc=0.9232, fpr50@best=0.020238
Baseline ep 25: train_auc=0.9291, val_auc=0.9231, val_fpr50=0.020397, best_auc=0.9232, fpr50@best=0.020238
Baseline ep 30: train_auc=0.9336, val_auc=0.9194, val_fpr50=0.023387, best_auc=0.9235, fpr50@best=0.020215
Baseline ep 35: train_auc=0.9383, val_auc=0.9220, val_fpr50=0.021137, best_auc=0.9235, fpr50@best=0.020215
Baseline ep 40: train_auc=0.9435, val_auc=0.9181, val_fpr50=0.023374, best_auc=0.9235, fpr50@best=0.020215
Early stopping Baseline at epoch 41
StageC weak-delta HLT reference @TPR=0.50: threshold_prob=0.920016, val_auc_hlt=0.9235

======================================================================
STEP 2: STAGE A (RECONSTRUCTOR PRETRAIN)
======================================================================
Ep 5: train_total=26.0175, val_total_unw=28.8932, val_total_w=28.8932, select=unweighted, best_sel=24.7782 | set_unw=0.4120, phys_unw=0.6339, budget_unw=43.8172, stage_scale=0.35
Ep 10: train_total=24.9412, val_total_unw=25.1302, val_total_w=25.1302, select=unweighted, best_sel=24.7205 | set_unw=0.3885, phys_unw=0.5870, budget_unw=38.0641, stage_scale=0.35
Ep 15: train_total=24.4898, val_total_unw=26.3024, val_total_w=26.3024, select=unweighted, best_sel=24.7205 | set_unw=0.3808, phys_unw=0.5889, budget_unw=39.8794, stage_scale=0.35
Ep 20: train_total=24.2001, val_total_unw=24.0589, val_total_w=24.0589, select=unweighted, best_sel=24.0589 | set_unw=0.3641, phys_unw=0.5582, budget_unw=36.4535, stage_scale=0.35
Stage-A transition -> reloaded best from phase_035 (epoch=20, val_total=24.0589)
Ep 25: train_total=22.2365, val_total_unw=23.4763, val_total_w=23.4763, select=unweighted, best_sel=22.1661 | set_unw=0.3640, phys_unw=0.5585, budget_unw=35.5573, stage_scale=0.70
Ep 30: train_total=22.0486, val_total_unw=22.7005, val_total_w=22.7005, select=unweighted, best_sel=22.1661 | set_unw=0.3635, phys_unw=0.5571, budget_unw=34.3647, stage_scale=0.70
Ep 35: train_total=21.8419, val_total_unw=23.1387, val_total_w=23.1387, select=unweighted, best_sel=22.1661 | set_unw=0.3614, phys_unw=0.5544, budget_unw=35.0420, stage_scale=0.70
Ep 40: train_total=21.6963, val_total_unw=22.6085, val_total_w=22.6085, select=unweighted, best_sel=22.1661 | set_unw=0.3577, phys_unw=0.5526, budget_unw=34.2320, stage_scale=0.70
Ep 45: train_total=21.4790, val_total_unw=22.3468, val_total_w=22.3468, select=unweighted, best_sel=22.1661 | set_unw=0.3549, phys_unw=0.5436, budget_unw=33.8338, stage_scale=0.70
Ep 50: train_total=21.2596, val_total_unw=22.2313, val_total_w=22.2313, select=unweighted, best_sel=21.7532 | set_unw=0.3508, phys_unw=0.5413, budget_unw=33.6622, stage_scale=0.70
Ep 55: train_total=21.0091, val_total_unw=22.5098, val_total_w=22.5098, select=unweighted, best_sel=21.7532 | set_unw=0.3533, phys_unw=0.5405, budget_unw=34.0869, stage_scale=0.70
Stage-A transition -> reloaded best from phase_070 (epoch=48, val_total=21.7532)
Ep 60: train_total=20.7040, val_total_unw=22.3066, val_total_w=22.3066, select=unweighted, best_sel=21.7532 | set_unw=0.3557, phys_unw=0.5428, budget_unw=33.7705, stage_scale=1.00
Ep 65: train_total=20.4330, val_total_unw=22.5039, val_total_w=22.5039, select=unweighted, best_sel=21.7532 | set_unw=0.3546, phys_unw=0.5419, budget_unw=34.0757, stage_scale=1.00
Ep 70: train_total=20.0994, val_total_unw=22.2502, val_total_w=22.2502, select=unweighted, best_sel=21.7532 | set_unw=0.3512, phys_unw=0.5340, budget_unw=33.6908, stage_scale=1.00
Early stopping reconstructor at epoch 73

======================================================================
STEP 3: STAGE B (DUAL PRETRAIN, FROZEN RECONSTRUCTOR)
======================================================================
StageB-DualPretrain ep 5: train_loss=0.3767 (cls=0.3767, rank=0.3045, reco=0.0000, cons=0.1182, delta=0.0000, d_gain=0.0000, d_cost=0.0000, anc_p=0.0000, anc_o=0.0000) | val_auc_unw=0.9166, val_fpr50_unw=0.025285, val_auc_w=nan, val_fpr50_w=nan, val_metric_source=unweighted, select=auc, best_sel=0.916604, unfreeze=frozen, reco_trainable=0, dual_frozen=False, dual_trainable=2812673
StageB-DualPretrain ep 10: train_loss=0.3623 (cls=0.3623, rank=0.3028, reco=0.0000, cons=0.1182, delta=0.0000, d_gain=0.0000, d_cost=0.0000, anc_p=0.0000, anc_o=0.0000) | val_auc_unw=0.9212, val_fpr50_unw=0.020418, val_auc_w=nan, val_fpr50_w=nan, val_metric_source=unweighted, select=auc, best_sel=0.921215, unfreeze=frozen, reco_trainable=0, dual_frozen=False, dual_trainable=2812673
StageB-DualPretrain ep 15: train_loss=0.3509 (cls=0.3509, rank=0.3018, reco=0.0000, cons=0.1182, delta=0.0000, d_gain=0.0000, d_cost=0.0000, anc_p=0.0000, anc_o=0.0000) | val_auc_unw=0.9232, val_fpr50_unw=0.019409, val_auc_w=nan, val_fpr50_w=nan, val_metric_source=unweighted, select=auc, best_sel=0.923239, unfreeze=frozen, reco_trainable=0, dual_frozen=False, dual_trainable=2812673
StageB-DualPretrain ep 20: train_loss=0.3439 (cls=0.3439, rank=0.3026, reco=0.0000, cons=0.1182, delta=0.0000, d_gain=0.0000, d_cost=0.0000, anc_p=0.0000, anc_o=0.0000) | val_auc_unw=0.9246, val_fpr50_unw=0.019259, val_auc_w=nan, val_fpr50_w=nan, val_metric_source=unweighted, select=auc, best_sel=0.924551, unfreeze=frozen, reco_trainable=0, dual_frozen=False, dual_trainable=2812673
StageB-DualPretrain ep 25: train_loss=0.3344 (cls=0.3344, rank=0.3032, reco=0.0000, cons=0.1182, delta=0.0000, d_gain=0.0000, d_cost=0.0000, anc_p=0.0000, anc_o=0.0000) | val_auc_unw=0.9219, val_fpr50_unw=0.019064, val_auc_w=nan, val_fpr50_w=nan, val_metric_source=unweighted, select=auc, best_sel=0.924980, unfreeze=frozen, reco_trainable=0, dual_frozen=False, dual_trainable=2812673
StageB-DualPretrain ep 30: train_loss=0.3254 (cls=0.3254, rank=0.3046, reco=0.0000, cons=0.1182, delta=0.0000, d_gain=0.0000, d_cost=0.0000, anc_p=0.0000, anc_o=0.0000) | val_auc_unw=0.9236, val_fpr50_unw=0.019874, val_auc_w=nan, val_fpr50_w=nan, val_metric_source=unweighted, select=auc, best_sel=0.924980, unfreeze=frozen, reco_trainable=0, dual_frozen=False, dual_trainable=2812673
StageB-DualPretrain ep 35: train_loss=0.3143 (cls=0.3143, rank=0.3065, reco=0.0000, cons=0.1182, delta=0.0000, d_gain=0.0000, d_cost=0.0000, anc_p=0.0000, anc_o=0.0000) | val_auc_unw=0.9230, val_fpr50_unw=0.020214, val_auc_w=nan, val_fpr50_w=nan, val_metric_source=unweighted, select=auc, best_sel=0.924980, unfreeze=frozen, reco_trainable=0, dual_frozen=False, dual_trainable=2812673
Early stopping StageB-DualPretrain at epoch 36

======================================================================
STEP 4: STAGE C (JOINT FINETUNE)
======================================================================
StageC-Joint ep 1: train_loss=8.7330 (cls=0.3299, rank=0.3029, reco=21.0060, cons=0.1186, delta=0.1066, d_gain=0.1925, d_cost=0.0997, anc_p=0.0000, anc_o=0.0000) | val_auc_unw=0.9255, val_fpr50_unw=0.018458, val_auc_w=nan, val_fpr50_w=nan, val_metric_source=unweighted, select=auc, best_sel=0.925541, unfreeze=all, reco_trainable=7098018, dual_frozen=False, dual_trainable=2812673
StageC-Joint ep 2: train_loss=8.6606 (cls=0.3269, rank=0.3025, reco=20.8312, cons=0.1180, delta=0.0994, d_gain=0.1918, d_cost=0.0971, anc_p=0.0000, anc_o=0.0000) | val_auc_unw=0.9258, val_fpr50_unw=0.018600, val_auc_w=nan, val_fpr50_w=nan, val_metric_source=unweighted, select=auc, best_sel=0.925847, unfreeze=all, reco_trainable=7098018, dual_frozen=False, dual_trainable=2812673
StageC-Joint ep 3: train_loss=8.5862 (cls=0.3266, rank=0.3034, reco=20.6448, cons=0.1177, delta=0.0938, d_gain=0.1916, d_cost=0.0951, anc_p=0.0000, anc_o=0.0000) | val_auc_unw=0.9259, val_fpr50_unw=0.018641, val_auc_w=nan, val_fpr50_w=nan, val_metric_source=unweighted, select=auc, best_sel=0.925924, unfreeze=all, reco_trainable=7098018, dual_frozen=False, dual_trainable=2812673
StageC-Joint ep 4: train_loss=8.5435 (cls=0.3258, rank=0.3045, reco=20.5386, cons=0.1176, delta=0.0912, d_gain=0.1919, d_cost=0.0944, anc_p=0.0000, anc_o=0.0000) | val_auc_unw=0.9258, val_fpr50_unw=0.018517, val_auc_w=nan, val_fpr50_w=nan, val_metric_source=unweighted, select=auc, best_sel=0.925924, unfreeze=all, reco_trainable=7098018, dual_frozen=False, dual_trainable=2812673
StageC-Joint ep 5: train_loss=8.5320 (cls=0.3256, rank=0.3054, reco=20.5093, cons=0.1176, delta=0.0882, d_gain=0.1918, d_cost=0.0933, anc_p=0.0000, anc_o=0.0000) | val_auc_unw=0.9258, val_fpr50_unw=0.018335, val_auc_w=nan, val_fpr50_w=nan, val_metric_source=unweighted, select=auc, best_sel=0.925924, unfreeze=all, reco_trainable=7098018, dual_frozen=False, dual_trainable=2812673
StageC-Joint ep 6: train_loss=8.5303 (cls=0.3246, rank=0.3049, reco=20.5059, cons=0.1176, delta=0.0867, d_gain=0.1919, d_cost=0.0929, anc_p=0.0000, anc_o=0.0000) | val_auc_unw=0.9256, val_fpr50_unw=0.018516, val_auc_w=nan, val_fpr50_w=nan, val_metric_source=unweighted, select=auc, best_sel=0.925924, unfreeze=all, reco_trainable=7098018, dual_frozen=False, dual_trainable=2812673
StageC-Joint ep 7: train_loss=8.5320 (cls=0.3249, rank=0.3053, reco=20.5086, cons=0.1176, delta=0.0847, d_gain=0.1916, d_cost=0.0921, anc_p=0.0000, anc_o=0.0000) | val_auc_unw=0.9257, val_fpr50_unw=0.018495, val_auc_w=nan, val_fpr50_w=nan, val_metric_source=unweighted, select=auc, best_sel=0.925924, unfreeze=all, reco_trainable=7098018, dual_frozen=False, dual_trainable=2812673
StageC-Joint ep 8: train_loss=8.5286 (cls=0.3247, rank=0.3047, reco=20.4993, cons=0.1176, delta=0.0832, d_gain=0.1912, d_cost=0.0915, anc_p=0.0000, anc_o=0.0000) | val_auc_unw=0.9257, val_fpr50_unw=0.018759, val_auc_w=nan, val_fpr50_w=nan, val_metric_source=unweighted, select=auc, best_sel=0.925924, unfreeze=all, reco_trainable=7098018, dual_frozen=False, dual_trainable=2812673
StageC-Joint ep 9: train_loss=8.5182 (cls=0.3238, rank=0.3053, reco=20.4757, cons=0.1176, delta=0.0819, d_gain=0.1918, d_cost=0.0912, anc_p=0.0000, anc_o=0.0000) | val_auc_unw=0.9257, val_fpr50_unw=0.018355, val_auc_w=nan, val_fpr50_w=nan, val_metric_source=unweighted, select=auc, best_sel=0.925924, unfreeze=all, reco_trainable=7098018, dual_frozen=False, dual_trainable=2812673
StageC-Joint ep 10: train_loss=8.5212 (cls=0.3233, rank=0.3055, reco=20.4845, cons=0.1176, delta=0.0803, d_gain=0.1916, d_cost=0.0906, anc_p=0.0000, anc_o=0.0000) | val_auc_unw=0.9256, val_fpr50_unw=0.018677, val_auc_w=nan, val_fpr50_w=nan, val_metric_source=unweighted, select=auc, best_sel=0.925924, unfreeze=all, reco_trainable=7098018, dual_frozen=False, dual_trainable=2812673
StageC-Joint ep 11: train_loss=8.5134 (cls=0.3235, rank=0.3058, reco=20.4647, cons=0.1176, delta=0.0802, d_gain=0.1915, d_cost=0.0906, anc_p=0.0000, anc_o=0.0000) | val_auc_unw=0.9253, val_fpr50_unw=0.018854, val_auc_w=nan, val_fpr50_w=nan, val_metric_source=unweighted, select=auc, best_sel=0.925924, unfreeze=all, reco_trainable=7098018, dual_frozen=False, dual_trainable=2812673
StageC-Joint ep 12: train_loss=8.5053 (cls=0.3233, rank=0.3057, reco=20.4451, cons=0.1176, delta=0.0799, d_gain=0.1916, d_cost=0.0905, anc_p=0.0000, anc_o=0.0000) | val_auc_unw=0.9255, val_fpr50_unw=0.018500, val_auc_w=nan, val_fpr50_w=nan, val_metric_source=unweighted, select=auc, best_sel=0.925924, unfreeze=all, reco_trainable=7098018, dual_frozen=False, dual_trainable=2812673
StageC-Joint ep 13: train_loss=8.5091 (cls=0.3233, rank=0.3053, reco=20.4547, cons=0.1176, delta=0.0794, d_gain=0.1918, d_cost=0.0904, anc_p=0.0000, anc_o=0.0000) | val_auc_unw=0.9255, val_fpr50_unw=0.018805, val_auc_w=nan, val_fpr50_w=nan, val_metric_source=unweighted, select=auc, best_sel=0.925924, unfreeze=all, reco_trainable=7098018, dual_frozen=False, dual_trainable=2812673
StageC-Joint ep 14: train_loss=8.4975 (cls=0.3224, rank=0.3052, reco=20.4276, cons=0.1176, delta=0.0792, d_gain=0.1918, d_cost=0.0903, anc_p=0.0000, anc_o=0.0000) | val_auc_unw=0.9256, val_fpr50_unw=0.018673, val_auc_w=nan, val_fpr50_w=nan, val_metric_source=unweighted, select=auc, best_sel=0.925924, unfreeze=all, reco_trainable=7098018, dual_frozen=False, dual_trainable=2812673
StageC-Joint ep 15: train_loss=8.4993 (cls=0.3236, rank=0.3057, reco=20.4295, cons=0.1176, delta=0.0788, d_gain=0.1915, d_cost=0.0901, anc_p=0.0000, anc_o=0.0000) | val_auc_unw=0.9257, val_fpr50_unw=0.018705, val_auc_w=nan, val_fpr50_w=nan, val_metric_source=unweighted, select=auc, best_sel=0.925924, unfreeze=all, reco_trainable=7098018, dual_frozen=False, dual_trainable=2812673
StageC-Joint ep 16: train_loss=8.5018 (cls=0.3224, rank=0.3058, reco=20.4385, cons=0.1176, delta=0.0786, d_gain=0.1921, d_cost=0.0902, anc_p=0.0000, anc_o=0.0000) | val_auc_unw=0.9256, val_fpr50_unw=0.018453, val_auc_w=nan, val_fpr50_w=nan, val_metric_source=unweighted, select=auc, best_sel=0.925924, unfreeze=all, reco_trainable=7098018, dual_frozen=False, dual_trainable=2812673
StageC-Joint ep 17: train_loss=8.4976 (cls=0.3234, rank=0.3050, reco=20.4255, cons=0.1176, delta=0.0796, d_gain=0.1914, d_cost=0.0903, anc_p=0.0000, anc_o=0.0000) | val_auc_unw=0.9252, val_fpr50_unw=0.018753, val_auc_w=nan, val_fpr50_w=nan, val_metric_source=unweighted, select=auc, best_sel=0.925924, unfreeze=all, reco_trainable=7098018, dual_frozen=False, dual_trainable=2812673
StageC-Joint ep 18: train_loss=8.5102 (cls=0.3227, rank=0.3054, reco=20.4590, cons=0.1176, delta=0.0787, d_gain=0.1918, d_cost=0.0902, anc_p=0.0000, anc_o=0.0000) | val_auc_unw=0.9252, val_fpr50_unw=0.018467, val_auc_w=nan, val_fpr50_w=nan, val_metric_source=unweighted, select=auc, best_sel=0.925924, unfreeze=all, reco_trainable=7098018, dual_frozen=False, dual_trainable=2812673
StageC-Joint ep 19: train_loss=8.5021 (cls=0.3217, rank=0.3059, reco=20.4411, cons=0.1177, delta=0.0779, d_gain=0.1920, d_cost=0.0899, anc_p=0.0000, anc_o=0.0000) | val_auc_unw=0.9253, val_fpr50_unw=0.018539, val_auc_w=nan, val_fpr50_w=nan, val_metric_source=unweighted, select=auc, best_sel=0.925924, unfreeze=all, reco_trainable=7098018, dual_frozen=False, dual_trainable=2812673
StageC-Joint ep 20: train_loss=8.4994 (cls=0.3218, rank=0.3055, reco=20.4343, cons=0.1176, delta=0.0772, d_gain=0.1920, d_cost=0.0897, anc_p=0.0000, anc_o=0.0000) | val_auc_unw=0.9252, val_fpr50_unw=0.018471, val_auc_w=nan, val_fpr50_w=nan, val_metric_source=unweighted, select=auc, best_sel=0.925924, unfreeze=all, reco_trainable=7098018, dual_frozen=False, dual_trainable=2812673
StageC-Joint ep 21: train_loss=8.4855 (cls=0.3215, rank=0.3057, reco=20.4003, cons=0.1176, delta=0.0777, d_gain=0.1922, d_cost=0.0899, anc_p=0.0000, anc_o=0.0000) | val_auc_unw=0.9253, val_fpr50_unw=0.018693, val_auc_w=nan, val_fpr50_w=nan, val_metric_source=unweighted, select=auc, best_sel=0.925924, unfreeze=all, reco_trainable=7098018, dual_frozen=False, dual_trainable=2812673
StageC-Joint ep 22: train_loss=8.4902 (cls=0.3222, rank=0.3060, reco=20.4103, cons=0.1176, delta=0.0784, d_gain=0.1921, d_cost=0.0902, anc_p=0.0000, anc_o=0.0000) | val_auc_unw=0.9253, val_fpr50_unw=0.018915, val_auc_w=nan, val_fpr50_w=nan, val_metric_source=unweighted, select=auc, best_sel=0.925924, unfreeze=all, reco_trainable=7098018, dual_frozen=False, dual_trainable=2812673
StageC-Joint ep 23: train_loss=8.4890 (cls=0.3212, rank=0.3051, reco=20.4098, cons=0.1177, delta=0.0764, d_gain=0.1918, d_cost=0.0894, anc_p=0.0000, anc_o=0.0000) | val_auc_unw=0.9250, val_fpr50_unw=0.018774, val_auc_w=nan, val_fpr50_w=nan, val_metric_source=unweighted, select=auc, best_sel=0.925924, unfreeze=all, reco_trainable=7098018, dual_frozen=False, dual_trainable=2812673
StageC-Joint ep 24: train_loss=8.4834 (cls=0.3200, rank=0.3059, reco=20.3992, cons=0.1176, delta=0.0754, d_gain=0.1925, d_cost=0.0893, anc_p=0.0000, anc_o=0.0000) | val_auc_unw=0.9251, val_fpr50_unw=0.018951, val_auc_w=nan, val_fpr50_w=nan, val_metric_source=unweighted, select=auc, best_sel=0.925924, unfreeze=all, reco_trainable=7098018, dual_frozen=False, dual_trainable=2812673
StageC-Joint ep 25: train_loss=8.4887 (cls=0.3209, rank=0.3065, reco=20.4100, cons=0.1177, delta=0.0762, d_gain=0.1924, d_cost=0.0895, anc_p=0.0000, anc_o=0.0000) | val_auc_unw=0.9252, val_fpr50_unw=0.018825, val_auc_w=nan, val_fpr50_w=nan, val_metric_source=unweighted, select=auc, best_sel=0.925924, unfreeze=all, reco_trainable=7098018, dual_frozen=False, dual_trainable=2812673
Early stopping StageC-Joint at epoch 25

======================================================================
STEP 5: RECONSTRUCTION DIAGNOSTICS
======================================================================

Jet pT response/resolution by truth pT bin (test split):
  pT_low - pT_high | N | HLT resp | HLT reso | Corrected resp | Corrected reso
  172739.4 - 504068.9 | 18750 | 0.8681 | 0.1516 | 0.6780 | 0.1262
  504068.9 - 773424.6 | 18750 | 0.8445 | 0.1720 | 0.5923 | 0.1201
  773424.6 - 1093714.0 | 18750 | 0.8330 | 0.1869 | 0.5332 | 0.1131
  1093714.0 - 1365805.0 | 18750 | 0.8218 | 0.2022 | 0.4917 | 0.1107
  1365805.0 - 1711763.0 | 18750 | 0.8203 | 0.2056 | 0.4692 | 0.1068
  1711763.0 - 2155283.2 | 18750 | 0.8155 | 0.2123 | 0.4465 | 0.1058
  2155283.2 - 2633962.7 | 18750 | 0.8110 | 0.2225 | 0.4238 | 0.1056
  2633962.7 - 4355157.0 | 18750 | 0.7996 | 0.2295 | 0.4030 | 0.1048

Constituent-count diagnostics:
  Means: offline=54.297, hlt=29.181, reco=51.492
  MAE vs offline: hlt=25.116, reco=5.376

Budget diagnostics (test split):
  MAE: merge=5.239, eff=0.000, total=5.239
  Bias: merge=-2.250, eff=0.000, total=-2.250

======================================================================
FINAL TEST EVALUATION
======================================================================
Teacher (Offline) AUC: 0.9533
Baseline (HLT)   AUC: 0.9214
Stage2 (PreJoint) AUC: 0.9232
Stage2 (BestValFPR50) AUC: 0.9232
Joint Dual-View  AUC: 0.9240
Joint Dual-View (BestValFPR50) AUC: 0.9238

FPR@30 Teacher/Baseline/Stage2/Joint: 0.002131 / 0.005524 / 0.005088 / 0.004969
FPR@30 Stage2BestFPR / JointBestFPR: 0.005088 / 0.005101
FPR@50 Teacher/Baseline/Stage2/Joint: 0.009940 / 0.021587 / 0.019973 / 0.019764
FPR@50 Stage2BestFPR / JointBestFPR: 0.019973 / 0.019587
Saving val/test score arrays for fusion analysis...
Saved fusion score arrays to: checkpoints/reco_teacher_joint_fusion_6model_150k75k150k/model2_joint_chamfer_budgetonly/model2_joint_chamfer_budgetonly_150k75k150k_seed0/fusion_scores_val_test.npz

Saved joint results to: checkpoints/reco_teacher_joint_fusion_6model_150k75k150k/model2_joint_chamfer_budgetonly/model2_joint_chamfer_budgetonly_150k75k150k_seed0
Done: checkpoints/reco_teacher_joint_fusion_6model_150k75k150k/model2_joint_chamfer_budgetonly/model2_joint_chamfer_budgetonly_150k75k150k_seed0
