============================================================
Model-2 Joint (SetLoss=Hungarian, L_phys=L_pt_ratio=L_e_ratio=0)
Run: checkpoints/reco_teacher_joint_fusion_6model_150k75k150k/model2_joint_hungarian_nophys_noratio/model2_joint_hungarian_nophys_noratio_150k75k150k_seed0
Split: train=150000, val=75000, test=150000
============================================================
 python offline_reconstructor_joint_dualview_stage2save_auc_norankc_nopriv_unmergeonly.py --save_dir checkpoints/reco_teacher_joint_fusion_6model_150k75k150k/model2_joint_hungarian_nophys_noratio --run_name model2_joint_hungarian_nophys_noratio_150k75k150k_seed0 --n_train_jets 375000 --n_train_split 150000 --n_val_split 75000 --n_test_split 150000 --offset_jets 0 --max_constits 100 --num_workers 6 --seed 0 --selection_metric auc --stageB_lambda_rank 0.0 --stageB_lambda_cons 0.0 --stageC_lr_dual 1e-5 --stageC_lr_reco 5e-6 --lambda_reco 0.4 --lambda_cons 0.06 --stageC_lambda_delta 0.05 --stageC_delta_tau 0.05 --stageC_delta_lambda_fp 3.0 --stageC_delta_warmup_epochs 8 --added_target_scale 0.90 --loss_set_mode hungarian --loss_w_phys 0.0 --loss_w_pt_ratio 0.0 --loss_w_e_ratio 0.0 --loss_w_local 0.05 --save_fusion_scores --disable_final_kd --device cuda
Device: cuda
Save dir: checkpoints/reco_teacher_joint_fusion_6model_150k75k150k/model2_joint_hungarian_nophys_noratio/model2_joint_hungarian_nophys_noratio_150k75k150k_seed0
Loading offline constituents...
Generating pseudo-HLT...
Non-priv target setup: added_target_scale=0.900, mean_true_added_raw=25.116, mean_target_added=22.604
Computing features...
Split sizes: Train=150000, Val=75000, Test=150000 (custom_counts=True)
Stage-B train subset: N=150000 / 150000 (frac=1.000, seed=0)

======================================================================
STEP 1: TEACHER + BASELINE
======================================================================
Teacher ep 5: train_auc=0.9439, val_auc=0.9469, val_fpr50=0.012873, best_auc=0.9469, fpr50@best=0.012873
Teacher ep 10: train_auc=0.9509, val_auc=0.9526, val_fpr50=0.010285, best_auc=0.9526, fpr50@best=0.010285
Teacher ep 15: train_auc=0.9549, val_auc=0.9522, val_fpr50=0.011025, best_auc=0.9529, fpr50@best=0.010068
Teacher ep 20: train_auc=0.9577, val_auc=0.9480, val_fpr50=0.013272, best_auc=0.9529, fpr50@best=0.010068
Teacher ep 25: train_auc=0.9610, val_auc=0.9513, val_fpr50=0.010954, best_auc=0.9539, fpr50@best=0.009423
Teacher ep 30: train_auc=0.9652, val_auc=0.9503, val_fpr50=0.011826, best_auc=0.9539, fpr50@best=0.009423
Teacher ep 35: train_auc=0.9696, val_auc=0.9496, val_fpr50=0.011791, best_auc=0.9539, fpr50@best=0.009423
Early stopping Teacher at epoch 37
Baseline ep 5: train_auc=0.9099, val_auc=0.9027, val_fpr50=0.028200, best_auc=0.9096, fpr50@best=0.027649
Baseline ep 10: train_auc=0.9173, val_auc=0.9176, val_fpr50=0.023106, best_auc=0.9185, fpr50@best=0.021131
Baseline ep 15: train_auc=0.9211, val_auc=0.9199, val_fpr50=0.021754, best_auc=0.9207, fpr50@best=0.019859
Baseline ep 20: train_auc=0.9251, val_auc=0.9232, val_fpr50=0.020238, best_auc=0.9232, fpr50@best=0.020238
Baseline ep 25: train_auc=0.9291, val_auc=0.9231, val_fpr50=0.020397, best_auc=0.9232, fpr50@best=0.020238
Baseline ep 30: train_auc=0.9336, val_auc=0.9194, val_fpr50=0.023387, best_auc=0.9235, fpr50@best=0.020215
Baseline ep 35: train_auc=0.9383, val_auc=0.9220, val_fpr50=0.021137, best_auc=0.9235, fpr50@best=0.020215
Baseline ep 40: train_auc=0.9435, val_auc=0.9181, val_fpr50=0.023374, best_auc=0.9235, fpr50@best=0.020215
Early stopping Baseline at epoch 41
StageC weak-delta HLT reference @TPR=0.50: threshold_prob=0.920016, val_auc_hlt=0.9235

======================================================================
STEP 2: STAGE A (RECONSTRUCTOR PRETRAIN)
======================================================================
Ep 5: train_total=26.5457, val_total_unw=30.8810, val_total_w=30.8810, select=unweighted, best_sel=24.8731 | set_unw=0.9260, phys_unw=0.5150, budget_unw=46.0780, stage_scale=0.35
Ep 10: train_total=25.4774, val_total_unw=24.5393, val_total_w=24.5393, select=unweighted, best_sel=24.5393 | set_unw=0.9571, phys_unw=0.4502, budget_unw=36.2713, stage_scale=0.35
Ep 15: train_total=25.0141, val_total_unw=25.9678, val_total_w=25.9678, select=unweighted, best_sel=24.5393 | set_unw=1.0490, phys_unw=0.5023, budget_unw=38.3280, stage_scale=0.35
Ep 20: train_total=24.7168, val_total_unw=24.7041, val_total_w=24.7041, select=unweighted, best_sel=24.5363 | set_unw=1.0584, phys_unw=0.4833, budget_unw=36.3726, stage_scale=0.35
Stage-A transition -> reloaded best from phase_035 (epoch=17, val_total=24.5363)
Ep 25: train_total=22.9261, val_total_unw=24.4202, val_total_w=24.4202, select=unweighted, best_sel=22.5025 | set_unw=0.9193, phys_unw=0.4897, budget_unw=36.1509, stage_scale=0.70
Ep 30: train_total=22.7140, val_total_unw=25.5109, val_total_w=25.5109, select=unweighted, best_sel=22.5025 | set_unw=0.9211, phys_unw=0.5255, budget_unw=37.8267, stage_scale=0.70
Ep 35: train_total=22.5120, val_total_unw=24.2022, val_total_w=24.2022, select=unweighted, best_sel=22.5025 | set_unw=0.9123, phys_unw=0.5173, budget_unw=35.8267, stage_scale=0.70
Ep 40: train_total=22.3551, val_total_unw=23.0974, val_total_w=23.0974, select=unweighted, best_sel=22.5025 | set_unw=0.9062, phys_unw=0.5218, budget_unw=34.1364, stage_scale=0.70
Ep 45: train_total=22.1319, val_total_unw=23.3148, val_total_w=23.3148, select=unweighted, best_sel=22.5025 | set_unw=0.9122, phys_unw=0.5461, budget_unw=34.4618, stage_scale=0.70
Ep 50: train_total=21.9420, val_total_unw=22.9147, val_total_w=22.9147, select=unweighted, best_sel=22.5025 | set_unw=0.8974, phys_unw=0.5297, budget_unw=33.8688, stage_scale=0.70
Ep 55: train_total=21.7387, val_total_unw=23.5535, val_total_w=23.5535, select=unweighted, best_sel=22.5025 | set_unw=0.9010, phys_unw=0.5446, budget_unw=34.8462, stage_scale=0.70
Stage-A transition -> reloaded best from phase_070 (epoch=24, val_total=22.5025)
Ep 60: train_total=22.3743, val_total_unw=23.5916, val_total_w=23.5916, select=unweighted, best_sel=22.5025 | set_unw=0.8947, phys_unw=0.5080, budget_unw=34.9145, stage_scale=1.00
Ep 65: train_total=22.2219, val_total_unw=23.4531, val_total_w=23.4531, select=unweighted, best_sel=22.5025 | set_unw=0.8901, phys_unw=0.5245, budget_unw=34.7085, stage_scale=1.00
Ep 70: train_total=22.0452, val_total_unw=22.5666, val_total_w=22.5666, select=unweighted, best_sel=22.4601 | set_unw=0.8854, phys_unw=0.5161, budget_unw=33.3520, stage_scale=1.00
Ep 75: train_total=21.8161, val_total_unw=23.6246, val_total_w=23.6246, select=unweighted, best_sel=22.4601 | set_unw=0.8807, phys_unw=0.5356, budget_unw=34.9869, stage_scale=1.00
Ep 80: train_total=21.6319, val_total_unw=22.9923, val_total_w=22.9923, select=unweighted, best_sel=22.4601 | set_unw=0.8802, phys_unw=0.5353, budget_unw=34.0150, stage_scale=1.00
Ep 85: train_total=21.3993, val_total_unw=23.1867, val_total_w=23.1867, select=unweighted, best_sel=21.9657 | set_unw=0.8719, phys_unw=0.5478, budget_unw=34.3267, stage_scale=1.00
Ep 90: train_total=21.1116, val_total_unw=22.9377, val_total_w=22.9377, select=unweighted, best_sel=21.9657 | set_unw=0.8726, phys_unw=0.5423, budget_unw=33.9426, stage_scale=1.00

======================================================================
STEP 3: STAGE B (DUAL PRETRAIN, FROZEN RECONSTRUCTOR)
======================================================================
StageB-DualPretrain ep 5: train_loss=0.3771 (cls=0.3771, rank=0.3043, reco=0.0000, cons=0.1158, delta=0.0000, d_gain=0.0000, d_cost=0.0000, anc_p=0.0000, anc_o=0.0000) | val_auc_unw=0.9162, val_fpr50_unw=0.022868, val_auc_w=nan, val_fpr50_w=nan, val_metric_source=unweighted, select=auc, best_sel=0.916173, unfreeze=frozen, reco_trainable=0, dual_frozen=False, dual_trainable=2812673
StageB-DualPretrain ep 10: train_loss=0.3613 (cls=0.3613, rank=0.3020, reco=0.0000, cons=0.1158, delta=0.0000, d_gain=0.0000, d_cost=0.0000, anc_p=0.0000, anc_o=0.0000) | val_auc_unw=0.9219, val_fpr50_unw=0.020490, val_auc_w=nan, val_fpr50_w=nan, val_metric_source=unweighted, select=auc, best_sel=0.921946, unfreeze=frozen, reco_trainable=0, dual_frozen=False, dual_trainable=2812673
StageB-DualPretrain ep 15: train_loss=0.3514 (cls=0.3514, rank=0.3025, reco=0.0000, cons=0.1158, delta=0.0000, d_gain=0.0000, d_cost=0.0000, anc_p=0.0000, anc_o=0.0000) | val_auc_unw=0.9230, val_fpr50_unw=0.019751, val_auc_w=nan, val_fpr50_w=nan, val_metric_source=unweighted, select=auc, best_sel=0.922991, unfreeze=frozen, reco_trainable=0, dual_frozen=False, dual_trainable=2812673
StageB-DualPretrain ep 20: train_loss=0.3435 (cls=0.3435, rank=0.3022, reco=0.0000, cons=0.1158, delta=0.0000, d_gain=0.0000, d_cost=0.0000, anc_p=0.0000, anc_o=0.0000) | val_auc_unw=0.9231, val_fpr50_unw=0.020552, val_auc_w=nan, val_fpr50_w=nan, val_metric_source=unweighted, select=auc, best_sel=0.923478, unfreeze=frozen, reco_trainable=0, dual_frozen=False, dual_trainable=2812673
StageB-DualPretrain ep 25: train_loss=0.3346 (cls=0.3346, rank=0.3028, reco=0.0000, cons=0.1157, delta=0.0000, d_gain=0.0000, d_cost=0.0000, anc_p=0.0000, anc_o=0.0000) | val_auc_unw=0.9231, val_fpr50_unw=0.020981, val_auc_w=nan, val_fpr50_w=nan, val_metric_source=unweighted, select=auc, best_sel=0.925255, unfreeze=frozen, reco_trainable=0, dual_frozen=False, dual_trainable=2812673
StageB-DualPretrain ep 30: train_loss=0.3233 (cls=0.3233, rank=0.3045, reco=0.0000, cons=0.1158, delta=0.0000, d_gain=0.0000, d_cost=0.0000, anc_p=0.0000, anc_o=0.0000) | val_auc_unw=0.9234, val_fpr50_unw=0.019810, val_auc_w=nan, val_fpr50_w=nan, val_metric_source=unweighted, select=auc, best_sel=0.925255, unfreeze=frozen, reco_trainable=0, dual_frozen=False, dual_trainable=2812673
Early stopping StageB-DualPretrain at epoch 33

======================================================================
STEP 4: STAGE C (JOINT FINETUNE)
======================================================================
StageC-Joint ep 1: train_loss=8.8403 (cls=0.3336, rank=0.3014, reco=21.2473, cons=0.1175, delta=0.1035, d_gain=0.1896, d_cost=0.0977, anc_p=0.0000, anc_o=0.0000) | val_auc_unw=0.9263, val_fpr50_unw=0.017929, val_auc_w=nan, val_fpr50_w=nan, val_metric_source=unweighted, select=auc, best_sel=0.926314, unfreeze=all, reco_trainable=7098018, dual_frozen=False, dual_trainable=2812673
StageC-Joint ep 2: train_loss=8.8135 (cls=0.3319, rank=0.3030, reco=21.1831, cons=0.1176, delta=0.1015, d_gain=0.1904, d_cost=0.0973, anc_p=0.0000, anc_o=0.0000) | val_auc_unw=0.9267, val_fpr50_unw=0.018009, val_auc_w=nan, val_fpr50_w=nan, val_metric_source=unweighted, select=auc, best_sel=0.926700, unfreeze=all, reco_trainable=7098018, dual_frozen=False, dual_trainable=2812673
StageC-Joint ep 3: train_loss=8.7928 (cls=0.3316, rank=0.3031, reco=21.1308, cons=0.1175, delta=0.0992, d_gain=0.1900, d_cost=0.0964, anc_p=0.0000, anc_o=0.0000) | val_auc_unw=0.9266, val_fpr50_unw=0.018051, val_auc_w=nan, val_fpr50_w=nan, val_metric_source=unweighted, select=auc, best_sel=0.926700, unfreeze=all, reco_trainable=7098018, dual_frozen=False, dual_trainable=2812673
StageC-Joint ep 4: train_loss=8.7889 (cls=0.3301, rank=0.3043, reco=21.1234, cons=0.1175, delta=0.0961, d_gain=0.1906, d_cost=0.0956, anc_p=0.0000, anc_o=0.0000) | val_auc_unw=0.9267, val_fpr50_unw=0.017865, val_auc_w=nan, val_fpr50_w=nan, val_metric_source=unweighted, select=auc, best_sel=0.926700, unfreeze=all, reco_trainable=7098018, dual_frozen=False, dual_trainable=2812673
StageC-Joint ep 5: train_loss=8.7791 (cls=0.3295, rank=0.3036, reco=21.0991, cons=0.1176, delta=0.0932, d_gain=0.1904, d_cost=0.0945, anc_p=0.0000, anc_o=0.0000) | val_auc_unw=0.9268, val_fpr50_unw=0.017903, val_auc_w=nan, val_fpr50_w=nan, val_metric_source=unweighted, select=auc, best_sel=0.926781, unfreeze=all, reco_trainable=7098018, dual_frozen=False, dual_trainable=2812673
StageC-Joint ep 6: train_loss=8.7685 (cls=0.3292, rank=0.3039, reco=21.0720, cons=0.1174, delta=0.0911, d_gain=0.1904, d_cost=0.0938, anc_p=0.0000, anc_o=0.0000) | val_auc_unw=0.9267, val_fpr50_unw=0.017851, val_auc_w=nan, val_fpr50_w=nan, val_metric_source=unweighted, select=auc, best_sel=0.926781, unfreeze=all, reco_trainable=7098018, dual_frozen=False, dual_trainable=2812673
StageC-Joint ep 7: train_loss=8.7665 (cls=0.3281, rank=0.3046, reco=21.0688, cons=0.1175, delta=0.0888, d_gain=0.1906, d_cost=0.0931, anc_p=0.0000, anc_o=0.0000) | val_auc_unw=0.9268, val_fpr50_unw=0.017886, val_auc_w=nan, val_fpr50_w=nan, val_metric_source=unweighted, select=auc, best_sel=0.926834, unfreeze=all, reco_trainable=7098018, dual_frozen=False, dual_trainable=2812673
StageC-Joint ep 8: train_loss=8.7752 (cls=0.3282, rank=0.3042, reco=21.0890, cons=0.1176, delta=0.0876, d_gain=0.1903, d_cost=0.0926, anc_p=0.0000, anc_o=0.0000) | val_auc_unw=0.9268, val_fpr50_unw=0.018043, val_auc_w=nan, val_fpr50_w=nan, val_metric_source=unweighted, select=auc, best_sel=0.926834, unfreeze=all, reco_trainable=7098018, dual_frozen=False, dual_trainable=2812673
StageC-Joint ep 9: train_loss=8.7618 (cls=0.3281, rank=0.3050, reco=21.0560, cons=0.1175, delta=0.0858, d_gain=0.1903, d_cost=0.0920, anc_p=0.0000, anc_o=0.0000) | val_auc_unw=0.9265, val_fpr50_unw=0.018282, val_auc_w=nan, val_fpr50_w=nan, val_metric_source=unweighted, select=auc, best_sel=0.926834, unfreeze=all, reco_trainable=7098018, dual_frozen=False, dual_trainable=2812673
StageC-Joint ep 10: train_loss=8.7537 (cls=0.3271, rank=0.3051, reco=21.0381, cons=0.1176, delta=0.0848, d_gain=0.1906, d_cost=0.0918, anc_p=0.0000, anc_o=0.0000) | val_auc_unw=0.9268, val_fpr50_unw=0.018107, val_auc_w=nan, val_fpr50_w=nan, val_metric_source=unweighted, select=auc, best_sel=0.926834, unfreeze=all, reco_trainable=7098018, dual_frozen=False, dual_trainable=2812673
StageC-Joint ep 11: train_loss=8.7543 (cls=0.3276, rank=0.3047, reco=21.0385, cons=0.1176, delta=0.0847, d_gain=0.1905, d_cost=0.0917, anc_p=0.0000, anc_o=0.0000) | val_auc_unw=0.9266, val_fpr50_unw=0.018367, val_auc_w=nan, val_fpr50_w=nan, val_metric_source=unweighted, select=auc, best_sel=0.926834, unfreeze=all, reco_trainable=7098018, dual_frozen=False, dual_trainable=2812673
StageC-Joint ep 12: train_loss=8.7567 (cls=0.3266, rank=0.3049, reco=21.0471, cons=0.1175, delta=0.0844, d_gain=0.1909, d_cost=0.0918, anc_p=0.0000, anc_o=0.0000) | val_auc_unw=0.9267, val_fpr50_unw=0.018289, val_auc_w=nan, val_fpr50_w=nan, val_metric_source=unweighted, select=auc, best_sel=0.926834, unfreeze=all, reco_trainable=7098018, dual_frozen=False, dual_trainable=2812673
StageC-Joint ep 13: train_loss=8.7549 (cls=0.3267, rank=0.3045, reco=21.0423, cons=0.1176, delta=0.0841, d_gain=0.1906, d_cost=0.0916, anc_p=0.0000, anc_o=0.0000) | val_auc_unw=0.9268, val_fpr50_unw=0.018225, val_auc_w=nan, val_fpr50_w=nan, val_metric_source=unweighted, select=auc, best_sel=0.926834, unfreeze=all, reco_trainable=7098018, dual_frozen=False, dual_trainable=2812673
StageC-Joint ep 14: train_loss=8.7443 (cls=0.3268, rank=0.3050, reco=21.0156, cons=0.1175, delta=0.0834, d_gain=0.1907, d_cost=0.0914, anc_p=0.0000, anc_o=0.0000) | val_auc_unw=0.9266, val_fpr50_unw=0.018439, val_auc_w=nan, val_fpr50_w=nan, val_metric_source=unweighted, select=auc, best_sel=0.926834, unfreeze=all, reco_trainable=7098018, dual_frozen=False, dual_trainable=2812673
StageC-Joint ep 15: train_loss=8.7457 (cls=0.3267, rank=0.3043, reco=21.0195, cons=0.1176, delta=0.0835, d_gain=0.1906, d_cost=0.0914, anc_p=0.0000, anc_o=0.0000) | val_auc_unw=0.9266, val_fpr50_unw=0.017983, val_auc_w=nan, val_fpr50_w=nan, val_metric_source=unweighted, select=auc, best_sel=0.926834, unfreeze=all, reco_trainable=7098018, dual_frozen=False, dual_trainable=2812673
StageC-Joint ep 16: train_loss=8.7422 (cls=0.3257, rank=0.3050, reco=21.0132, cons=0.1176, delta=0.0825, d_gain=0.1910, d_cost=0.0912, anc_p=0.0000, anc_o=0.0000) | val_auc_unw=0.9263, val_fpr50_unw=0.018314, val_auc_w=nan, val_fpr50_w=nan, val_metric_source=unweighted, select=auc, best_sel=0.926834, unfreeze=all, reco_trainable=7098018, dual_frozen=False, dual_trainable=2812673
StageC-Joint ep 17: train_loss=8.7349 (cls=0.3257, rank=0.3057, reco=20.9949, cons=0.1176, delta=0.0827, d_gain=0.1912, d_cost=0.0913, anc_p=0.0000, anc_o=0.0000) | val_auc_unw=0.9266, val_fpr50_unw=0.018289, val_auc_w=nan, val_fpr50_w=nan, val_metric_source=unweighted, select=auc, best_sel=0.926834, unfreeze=all, reco_trainable=7098018, dual_frozen=False, dual_trainable=2812673
StageC-Joint ep 18: train_loss=8.7451 (cls=0.3255, rank=0.3057, reco=21.0213, cons=0.1175, delta=0.0814, d_gain=0.1911, d_cost=0.0908, anc_p=0.0000, anc_o=0.0000) | val_auc_unw=0.9263, val_fpr50_unw=0.018068, val_auc_w=nan, val_fpr50_w=nan, val_metric_source=unweighted, select=auc, best_sel=0.926834, unfreeze=all, reco_trainable=7098018, dual_frozen=False, dual_trainable=2812673
StageC-Joint ep 19: train_loss=8.7420 (cls=0.3258, rank=0.3055, reco=21.0125, cons=0.1176, delta=0.0818, d_gain=0.1911, d_cost=0.0910, anc_p=0.0000, anc_o=0.0000) | val_auc_unw=0.9263, val_fpr50_unw=0.018351, val_auc_w=nan, val_fpr50_w=nan, val_metric_source=unweighted, select=auc, best_sel=0.926834, unfreeze=all, reco_trainable=7098018, dual_frozen=False, dual_trainable=2812673
StageC-Joint ep 20: train_loss=8.7364 (cls=0.3259, rank=0.3051, reco=20.9981, cons=0.1176, delta=0.0828, d_gain=0.1910, d_cost=0.0913, anc_p=0.0000, anc_o=0.0000) | val_auc_unw=0.9264, val_fpr50_unw=0.018294, val_auc_w=nan, val_fpr50_w=nan, val_metric_source=unweighted, select=auc, best_sel=0.926834, unfreeze=all, reco_trainable=7098018, dual_frozen=False, dual_trainable=2812673
StageC-Joint ep 21: train_loss=8.7328 (cls=0.3248, rank=0.3052, reco=20.9922, cons=0.1176, delta=0.0810, d_gain=0.1912, d_cost=0.0907, anc_p=0.0000, anc_o=0.0000) | val_auc_unw=0.9266, val_fpr50_unw=0.018410, val_auc_w=nan, val_fpr50_w=nan, val_metric_source=unweighted, select=auc, best_sel=0.926834, unfreeze=all, reco_trainable=7098018, dual_frozen=False, dual_trainable=2812673
StageC-Joint ep 22: train_loss=8.7294 (cls=0.3247, rank=0.3055, reco=20.9839, cons=0.1175, delta=0.0808, d_gain=0.1910, d_cost=0.0906, anc_p=0.0000, anc_o=0.0000) | val_auc_unw=0.9266, val_fpr50_unw=0.018222, val_auc_w=nan, val_fpr50_w=nan, val_metric_source=unweighted, select=auc, best_sel=0.926834, unfreeze=all, reco_trainable=7098018, dual_frozen=False, dual_trainable=2812673
StageC-Joint ep 23: train_loss=8.7316 (cls=0.3255, rank=0.3052, reco=20.9872, cons=0.1176, delta=0.0819, d_gain=0.1911, d_cost=0.0910, anc_p=0.0000, anc_o=0.0000) | val_auc_unw=0.9265, val_fpr50_unw=0.018080, val_auc_w=nan, val_fpr50_w=nan, val_metric_source=unweighted, select=auc, best_sel=0.926834, unfreeze=all, reco_trainable=7098018, dual_frozen=False, dual_trainable=2812673
StageC-Joint ep 24: train_loss=8.7262 (cls=0.3245, rank=0.3054, reco=20.9766, cons=0.1175, delta=0.0810, d_gain=0.1913, d_cost=0.0908, anc_p=0.0000, anc_o=0.0000) | val_auc_unw=0.9263, val_fpr50_unw=0.018137, val_auc_w=nan, val_fpr50_w=nan, val_metric_source=unweighted, select=auc, best_sel=0.926834, unfreeze=all, reco_trainable=7098018, dual_frozen=False, dual_trainable=2812673
StageC-Joint ep 25: train_loss=8.7368 (cls=0.3248, rank=0.3052, reco=21.0023, cons=0.1176, delta=0.0812, d_gain=0.1913, d_cost=0.0908, anc_p=0.0000, anc_o=0.0000) | val_auc_unw=0.9264, val_fpr50_unw=0.018390, val_auc_w=nan, val_fpr50_w=nan, val_metric_source=unweighted, select=auc, best_sel=0.926834, unfreeze=all, reco_trainable=7098018, dual_frozen=False, dual_trainable=2812673
Early stopping StageC-Joint at epoch 25

======================================================================
STEP 5: RECONSTRUCTION DIAGNOSTICS
======================================================================

Jet pT response/resolution by truth pT bin (test split):
  pT_low - pT_high | N | HLT resp | HLT reso | Corrected resp | Corrected reso
  172739.4 - 504068.9 | 18750 | 0.8681 | 0.1516 | 0.5416 | 0.1365
  504068.9 - 773424.6 | 18750 | 0.8445 | 0.1720 | 0.4355 | 0.1354
  773424.6 - 1093714.0 | 18750 | 0.8330 | 0.1869 | 0.3749 | 0.1487
  1093714.0 - 1365805.0 | 18750 | 0.8218 | 0.2022 | 0.3498 | 0.1659
  1365805.0 - 1711763.0 | 18750 | 0.8203 | 0.2056 | 0.3415 | 0.1751
  1711763.0 - 2155283.2 | 18750 | 0.8155 | 0.2123 | 0.3478 | 0.1856
  2155283.2 - 2633962.7 | 18750 | 0.8110 | 0.2225 | 0.3706 | 0.1969
  2633962.7 - 4355157.0 | 18750 | 0.7996 | 0.2295 | 0.3826 | 0.2003

Constituent-count diagnostics:
  Means: offline=54.297, hlt=29.181, reco=51.137
  MAE vs offline: hlt=25.116, reco=5.504

Budget diagnostics (test split):
  MAE: merge=5.285, eff=0.000, total=5.285
  Bias: merge=-2.401, eff=0.000, total=-2.401

======================================================================
FINAL TEST EVALUATION
======================================================================
Teacher (Offline) AUC: 0.9533
Baseline (HLT)   AUC: 0.9214
Stage2 (PreJoint) AUC: 0.9235
Stage2 (BestValFPR50) AUC: 0.9235
Joint Dual-View  AUC: 0.9250
Joint Dual-View (BestValFPR50) AUC: 0.9249

FPR@30 Teacher/Baseline/Stage2/Joint: 0.002131 / 0.005524 / 0.004955 / 0.004870
FPR@30 Stage2BestFPR / JointBestFPR: 0.004955 / 0.004995
FPR@50 Teacher/Baseline/Stage2/Joint: 0.009940 / 0.021587 / 0.020121 / 0.018902
FPR@50 Stage2BestFPR / JointBestFPR: 0.020121 / 0.018848
Saving val/test score arrays for fusion analysis...
Saved fusion score arrays to: checkpoints/reco_teacher_joint_fusion_6model_150k75k150k/model2_joint_hungarian_nophys_noratio/model2_joint_hungarian_nophys_noratio_150k75k150k_seed0/fusion_scores_val_test.npz

Saved joint results to: checkpoints/reco_teacher_joint_fusion_6model_150k75k150k/model2_joint_hungarian_nophys_noratio/model2_joint_hungarian_nophys_noratio_150k75k150k_seed0
Done: checkpoints/reco_teacher_joint_fusion_6model_150k75k150k/model2_joint_hungarian_nophys_noratio/model2_joint_hungarian_nophys_noratio_150k75k150k_seed0
