============================================================
Model-2 Joint (SetLoss=Chamfer, L_phys=L_pt_ratio=L_e_ratio=0)
Run: checkpoints/reco_teacher_joint_fusion_6model_150k75k150k/model2_joint_chamfer_nophys_noratio/model2_joint_chamfer_nophys_noratio_150k75k150k_seed0
Split: train=150000, val=75000, test=150000
============================================================
 python offline_reconstructor_joint_dualview_stage2save_auc_norankc_nopriv_unmergeonly.py --save_dir checkpoints/reco_teacher_joint_fusion_6model_150k75k150k/model2_joint_chamfer_nophys_noratio --run_name model2_joint_chamfer_nophys_noratio_150k75k150k_seed0 --n_train_jets 375000 --n_train_split 150000 --n_val_split 75000 --n_test_split 150000 --offset_jets 0 --max_constits 100 --num_workers 6 --seed 0 --selection_metric auc --stageB_lambda_rank 0.0 --stageB_lambda_cons 0.0 --stageC_lr_dual 1e-5 --stageC_lr_reco 5e-6 --lambda_reco 0.4 --lambda_cons 0.06 --stageC_lambda_delta 0.05 --stageC_delta_tau 0.05 --stageC_delta_lambda_fp 3.0 --stageC_delta_warmup_epochs 8 --added_target_scale 0.90 --loss_set_mode chamfer --loss_w_phys 0.0 --loss_w_pt_ratio 0.0 --loss_w_e_ratio 0.0 --loss_w_local 0.05 --save_fusion_scores --disable_final_kd --device cuda
Device: cuda
Save dir: checkpoints/reco_teacher_joint_fusion_6model_150k75k150k/model2_joint_chamfer_nophys_noratio/model2_joint_chamfer_nophys_noratio_150k75k150k_seed0
Loading offline constituents...
Generating pseudo-HLT...
Non-priv target setup: added_target_scale=0.900, mean_true_added_raw=25.116, mean_target_added=22.604
Computing features...
Split sizes: Train=150000, Val=75000, Test=150000 (custom_counts=True)
Stage-B train subset: N=150000 / 150000 (frac=1.000, seed=0)

======================================================================
STEP 1: TEACHER + BASELINE
======================================================================
Teacher ep 5: train_auc=0.9439, val_auc=0.9469, val_fpr50=0.012873, best_auc=0.9469, fpr50@best=0.012873
Teacher ep 10: train_auc=0.9509, val_auc=0.9526, val_fpr50=0.010285, best_auc=0.9526, fpr50@best=0.010285
Teacher ep 15: train_auc=0.9549, val_auc=0.9522, val_fpr50=0.011025, best_auc=0.9529, fpr50@best=0.010068
Teacher ep 20: train_auc=0.9577, val_auc=0.9480, val_fpr50=0.013272, best_auc=0.9529, fpr50@best=0.010068
Teacher ep 25: train_auc=0.9610, val_auc=0.9513, val_fpr50=0.010954, best_auc=0.9539, fpr50@best=0.009423
Teacher ep 30: train_auc=0.9652, val_auc=0.9503, val_fpr50=0.011826, best_auc=0.9539, fpr50@best=0.009423
Teacher ep 35: train_auc=0.9696, val_auc=0.9496, val_fpr50=0.011791, best_auc=0.9539, fpr50@best=0.009423
Early stopping Teacher at epoch 37
Baseline ep 5: train_auc=0.9099, val_auc=0.9027, val_fpr50=0.028200, best_auc=0.9096, fpr50@best=0.027649
Baseline ep 10: train_auc=0.9173, val_auc=0.9176, val_fpr50=0.023106, best_auc=0.9185, fpr50@best=0.021131
Baseline ep 15: train_auc=0.9211, val_auc=0.9199, val_fpr50=0.021754, best_auc=0.9207, fpr50@best=0.019859
Baseline ep 20: train_auc=0.9251, val_auc=0.9232, val_fpr50=0.020238, best_auc=0.9232, fpr50@best=0.020238
Baseline ep 25: train_auc=0.9291, val_auc=0.9231, val_fpr50=0.020397, best_auc=0.9232, fpr50@best=0.020238
Baseline ep 30: train_auc=0.9336, val_auc=0.9194, val_fpr50=0.023387, best_auc=0.9235, fpr50@best=0.020215
Baseline ep 35: train_auc=0.9383, val_auc=0.9220, val_fpr50=0.021137, best_auc=0.9235, fpr50@best=0.020215
Baseline ep 40: train_auc=0.9435, val_auc=0.9181, val_fpr50=0.023374, best_auc=0.9235, fpr50@best=0.020215
Early stopping Baseline at epoch 41
StageC weak-delta HLT reference @TPR=0.50: threshold_prob=0.920016, val_auc_hlt=0.9235

======================================================================
STEP 2: STAGE A (RECONSTRUCTOR PRETRAIN)
======================================================================
Ep 5: train_total=26.0027, val_total_unw=27.7398, val_total_w=27.7398, select=unweighted, best_sel=25.0674 | set_unw=0.4013, phys_unw=0.6194, budget_unw=42.0549, stage_scale=0.35
Ep 10: train_total=24.9343, val_total_unw=24.1629, val_total_w=24.1629, select=unweighted, best_sel=24.1629 | set_unw=0.3728, phys_unw=0.5528, budget_unw=36.5960, stage_scale=0.35
Ep 15: train_total=24.4652, val_total_unw=24.9780, val_total_w=24.9780, select=unweighted, best_sel=24.0755 | set_unw=0.3823, phys_unw=0.5813, budget_unw=37.8359, stage_scale=0.35
Ep 20: train_total=24.1882, val_total_unw=24.8268, val_total_w=24.8268, select=unweighted, best_sel=24.0755 | set_unw=0.3745, phys_unw=0.5733, budget_unw=37.6152, stage_scale=0.35
Stage-A transition -> reloaded best from phase_035 (epoch=11, val_total=24.0755)
Ep 25: train_total=22.6827, val_total_unw=23.4928, val_total_w=23.4928, select=unweighted, best_sel=22.1389 | set_unw=0.3764, phys_unw=0.5566, budget_unw=35.5601, stage_scale=0.70
Ep 30: train_total=22.4312, val_total_unw=22.9731, val_total_w=22.9731, select=unweighted, best_sel=22.1389 | set_unw=0.3755, phys_unw=0.5630, budget_unw=34.7619, stage_scale=0.70
Ep 35: train_total=22.1858, val_total_unw=23.0535, val_total_w=23.0535, select=unweighted, best_sel=22.1389 | set_unw=0.3690, phys_unw=0.5612, budget_unw=34.8957, stage_scale=0.70
Ep 40: train_total=21.9986, val_total_unw=22.4352, val_total_w=22.4352, select=unweighted, best_sel=22.1389 | set_unw=0.3662, phys_unw=0.5491, budget_unw=33.9484, stage_scale=0.70
Ep 45: train_total=21.7918, val_total_unw=22.4034, val_total_w=22.4034, select=unweighted, best_sel=22.1353 | set_unw=0.3609, phys_unw=0.5498, budget_unw=33.9078, stage_scale=0.70
Ep 50: train_total=21.6236, val_total_unw=22.3027, val_total_w=22.3027, select=unweighted, best_sel=21.8681 | set_unw=0.3584, phys_unw=0.5469, budget_unw=33.7566, stage_scale=0.70
Ep 55: train_total=21.4305, val_total_unw=22.6942, val_total_w=22.6942, select=unweighted, best_sel=21.8681 | set_unw=0.3602, phys_unw=0.5453, budget_unw=34.3564, stage_scale=0.70
Stage-A transition -> reloaded best from phase_070 (epoch=48, val_total=21.8681)
Ep 60: train_total=21.1078, val_total_unw=22.4510, val_total_w=22.4510, select=unweighted, best_sel=21.8681 | set_unw=0.3610, phys_unw=0.5452, budget_unw=33.9811, stage_scale=1.00
Ep 65: train_total=20.9257, val_total_unw=22.2647, val_total_w=22.2647, select=unweighted, best_sel=21.8681 | set_unw=0.3596, phys_unw=0.5440, budget_unw=33.6966, stage_scale=1.00
Ep 70: train_total=20.6448, val_total_unw=22.3652, val_total_w=22.3652, select=unweighted, best_sel=21.8301 | set_unw=0.3567, phys_unw=0.5372, budget_unw=33.8555, stage_scale=1.00
Ep 75: train_total=20.3065, val_total_unw=22.0412, val_total_w=22.0412, select=unweighted, best_sel=21.8301 | set_unw=0.3578, phys_unw=0.5418, budget_unw=33.3554, stage_scale=1.00
Ep 80: train_total=19.9593, val_total_unw=22.3273, val_total_w=22.3273, select=unweighted, best_sel=21.8301 | set_unw=0.3551, phys_unw=0.5317, budget_unw=33.7998, stage_scale=1.00
Ep 85: train_total=19.5881, val_total_unw=22.3294, val_total_w=22.3294, select=unweighted, best_sel=21.8301 | set_unw=0.3571, phys_unw=0.5380, budget_unw=33.7999, stage_scale=1.00
Early stopping reconstructor at epoch 86

======================================================================
STEP 3: STAGE B (DUAL PRETRAIN, FROZEN RECONSTRUCTOR)
======================================================================
StageB-DualPretrain ep 5: train_loss=0.3756 (cls=0.3756, rank=0.3047, reco=0.0000, cons=0.1157, delta=0.0000, d_gain=0.0000, d_cost=0.0000, anc_p=0.0000, anc_o=0.0000) | val_auc_unw=0.9171, val_fpr50_unw=0.022664, val_auc_w=nan, val_fpr50_w=nan, val_metric_source=unweighted, select=auc, best_sel=0.917077, unfreeze=frozen, reco_trainable=0
StageB-DualPretrain ep 10: train_loss=0.3616 (cls=0.3616, rank=0.3028, reco=0.0000, cons=0.1158, delta=0.0000, d_gain=0.0000, d_cost=0.0000, anc_p=0.0000, anc_o=0.0000) | val_auc_unw=0.9174, val_fpr50_unw=0.021365, val_auc_w=nan, val_fpr50_w=nan, val_metric_source=unweighted, select=auc, best_sel=0.918836, unfreeze=frozen, reco_trainable=0
StageB-DualPretrain ep 15: train_loss=0.3518 (cls=0.3518, rank=0.3035, reco=0.0000, cons=0.1157, delta=0.0000, d_gain=0.0000, d_cost=0.0000, anc_p=0.0000, anc_o=0.0000) | val_auc_unw=0.9221, val_fpr50_unw=0.019985, val_auc_w=nan, val_fpr50_w=nan, val_metric_source=unweighted, select=auc, best_sel=0.922617, unfreeze=frozen, reco_trainable=0
StageB-DualPretrain ep 20: train_loss=0.3432 (cls=0.3432, rank=0.3029, reco=0.0000, cons=0.1157, delta=0.0000, d_gain=0.0000, d_cost=0.0000, anc_p=0.0000, anc_o=0.0000) | val_auc_unw=0.9163, val_fpr50_unw=0.023492, val_auc_w=nan, val_fpr50_w=nan, val_metric_source=unweighted, select=auc, best_sel=0.924310, unfreeze=frozen, reco_trainable=0
StageB-DualPretrain ep 25: train_loss=0.3334 (cls=0.3334, rank=0.3034, reco=0.0000, cons=0.1157, delta=0.0000, d_gain=0.0000, d_cost=0.0000, anc_p=0.0000, anc_o=0.0000) | val_auc_unw=0.9243, val_fpr50_unw=0.018228, val_auc_w=nan, val_fpr50_w=nan, val_metric_source=unweighted, select=auc, best_sel=0.924310, unfreeze=frozen, reco_trainable=0
StageB-DualPretrain ep 30: train_loss=0.3219 (cls=0.3219, rank=0.3046, reco=0.0000, cons=0.1157, delta=0.0000, d_gain=0.0000, d_cost=0.0000, anc_p=0.0000, anc_o=0.0000) | val_auc_unw=0.9234, val_fpr50_unw=0.019550, val_auc_w=nan, val_fpr50_w=nan, val_metric_source=unweighted, select=auc, best_sel=0.924310, unfreeze=frozen, reco_trainable=0
Early stopping StageB-DualPretrain at epoch 31

======================================================================
STEP 4: STAGE C (JOINT FINETUNE)
======================================================================
StageC-Joint ep 1: train_loss=8.5375 (cls=0.3369, rank=0.3040, reco=20.4822, cons=0.1176, delta=0.1152, d_gain=0.1918, d_cost=0.1023, anc_p=0.0000, anc_o=0.0000) | val_auc_unw=0.9258, val_fpr50_unw=0.017954, val_auc_w=nan, val_fpr50_w=nan, val_metric_source=unweighted, select=auc, best_sel=0.925833, unfreeze=all, reco_trainable=7098018
StageC-Joint ep 2: train_loss=8.5046 (cls=0.3349, rank=0.3025, reco=20.4032, cons=0.1176, delta=0.1071, d_gain=0.1900, d_cost=0.0990, anc_p=0.0000, anc_o=0.0000) | val_auc_unw=0.9262, val_fpr50_unw=0.018011, val_auc_w=nan, val_fpr50_w=nan, val_metric_source=unweighted, select=auc, best_sel=0.926219, unfreeze=all, reco_trainable=7098018
StageC-Joint ep 3: train_loss=8.4769 (cls=0.3331, rank=0.3035, reco=20.3370, cons=0.1176, delta=0.1013, d_gain=0.1900, d_cost=0.0971, anc_p=0.0000, anc_o=0.0000) | val_auc_unw=0.9262, val_fpr50_unw=0.017893, val_auc_w=nan, val_fpr50_w=nan, val_metric_source=unweighted, select=auc, best_sel=0.926219, unfreeze=all, reco_trainable=7098018
StageC-Joint ep 4: train_loss=8.4658 (cls=0.3325, rank=0.3041, reco=20.3094, cons=0.1176, delta=0.0985, d_gain=0.1900, d_cost=0.0962, anc_p=0.0000, anc_o=0.0000) | val_auc_unw=0.9266, val_fpr50_unw=0.017862, val_auc_w=nan, val_fpr50_w=nan, val_metric_source=unweighted, select=auc, best_sel=0.926609, unfreeze=all, reco_trainable=7098018
StageC-Joint ep 5: train_loss=8.4582 (cls=0.3313, rank=0.3041, reco=20.2920, cons=0.1177, delta=0.0961, d_gain=0.1899, d_cost=0.0953, anc_p=0.0000, anc_o=0.0000) | val_auc_unw=0.9264, val_fpr50_unw=0.017876, val_auc_w=nan, val_fpr50_w=nan, val_metric_source=unweighted, select=auc, best_sel=0.926609, unfreeze=all, reco_trainable=7098018
StageC-Joint ep 6: train_loss=8.4552 (cls=0.3315, rank=0.3039, reco=20.2828, cons=0.1176, delta=0.0942, d_gain=0.1898, d_cost=0.0947, anc_p=0.0000, anc_o=0.0000) | val_auc_unw=0.9265, val_fpr50_unw=0.017496, val_auc_w=nan, val_fpr50_w=nan, val_metric_source=unweighted, select=auc, best_sel=0.926609, unfreeze=all, reco_trainable=7098018
StageC-Joint ep 7: train_loss=8.4466 (cls=0.3307, rank=0.3047, reco=20.2622, cons=0.1175, delta=0.0915, d_gain=0.1898, d_cost=0.0938, anc_p=0.0000, anc_o=0.0000) | val_auc_unw=0.9264, val_fpr50_unw=0.017861, val_auc_w=nan, val_fpr50_w=nan, val_metric_source=unweighted, select=auc, best_sel=0.926609, unfreeze=all, reco_trainable=7098018
StageC-Joint ep 8: train_loss=8.4440 (cls=0.3315, rank=0.3053, reco=20.2521, cons=0.1176, delta=0.0909, d_gain=0.1901, d_cost=0.0937, anc_p=0.0000, anc_o=0.0000) | val_auc_unw=0.9265, val_fpr50_unw=0.017710, val_auc_w=nan, val_fpr50_w=nan, val_metric_source=unweighted, select=auc, best_sel=0.926609, unfreeze=all, reco_trainable=7098018
StageC-Joint ep 9: train_loss=8.4329 (cls=0.3315, rank=0.3041, reco=20.2246, cons=0.1176, delta=0.0902, d_gain=0.1894, d_cost=0.0932, anc_p=0.0000, anc_o=0.0000) | val_auc_unw=0.9262, val_fpr50_unw=0.017901, val_auc_w=nan, val_fpr50_w=nan, val_metric_source=unweighted, select=auc, best_sel=0.926609, unfreeze=all, reco_trainable=7098018
StageC-Joint ep 10: train_loss=8.4414 (cls=0.3301, rank=0.3049, reco=20.2494, cons=0.1176, delta=0.0892, d_gain=0.1900, d_cost=0.0931, anc_p=0.0000, anc_o=0.0000) | val_auc_unw=0.9261, val_fpr50_unw=0.017754, val_auc_w=nan, val_fpr50_w=nan, val_metric_source=unweighted, select=auc, best_sel=0.926609, unfreeze=all, reco_trainable=7098018
StageC-Joint ep 11: train_loss=8.4312 (cls=0.3304, rank=0.3049, reco=20.2232, cons=0.1176, delta=0.0884, d_gain=0.1899, d_cost=0.0927, anc_p=0.0000, anc_o=0.0000) | val_auc_unw=0.9264, val_fpr50_unw=0.017745, val_auc_w=nan, val_fpr50_w=nan, val_metric_source=unweighted, select=auc, best_sel=0.926609, unfreeze=all, reco_trainable=7098018
StageC-Joint ep 12: train_loss=8.4284 (cls=0.3305, rank=0.3047, reco=20.2161, cons=0.1176, delta=0.0877, d_gain=0.1897, d_cost=0.0925, anc_p=0.0000, anc_o=0.0000) | val_auc_unw=0.9264, val_fpr50_unw=0.017773, val_auc_w=nan, val_fpr50_w=nan, val_metric_source=unweighted, select=auc, best_sel=0.926609, unfreeze=all, reco_trainable=7098018
StageC-Joint ep 13: train_loss=8.4259 (cls=0.3293, rank=0.3043, reco=20.2130, cons=0.1177, delta=0.0872, d_gain=0.1902, d_cost=0.0925, anc_p=0.0000, anc_o=0.0000) | val_auc_unw=0.9264, val_fpr50_unw=0.017412, val_auc_w=nan, val_fpr50_w=nan, val_metric_source=unweighted, select=auc, best_sel=0.926609, unfreeze=all, reco_trainable=7098018
StageC-Joint ep 14: train_loss=8.4279 (cls=0.3294, rank=0.3051, reco=20.2175, cons=0.1177, delta=0.0877, d_gain=0.1900, d_cost=0.0926, anc_p=0.0000, anc_o=0.0000) | val_auc_unw=0.9262, val_fpr50_unw=0.017688, val_auc_w=nan, val_fpr50_w=nan, val_metric_source=unweighted, select=auc, best_sel=0.926609, unfreeze=all, reco_trainable=7098018
StageC-Joint ep 15: train_loss=8.4190 (cls=0.3293, rank=0.3052, reco=20.1960, cons=0.1176, delta=0.0858, d_gain=0.1898, d_cost=0.0919, anc_p=0.0000, anc_o=0.0000) | val_auc_unw=0.9262, val_fpr50_unw=0.018001, val_auc_w=nan, val_fpr50_w=nan, val_metric_source=unweighted, select=auc, best_sel=0.926609, unfreeze=all, reco_trainable=7098018
StageC-Joint ep 16: train_loss=8.4173 (cls=0.3285, rank=0.3052, reco=20.1937, cons=0.1176, delta=0.0856, d_gain=0.1903, d_cost=0.0920, anc_p=0.0000, anc_o=0.0000) | val_auc_unw=0.9262, val_fpr50_unw=0.017596, val_auc_w=nan, val_fpr50_w=nan, val_metric_source=unweighted, select=auc, best_sel=0.926609, unfreeze=all, reco_trainable=7098018
StageC-Joint ep 17: train_loss=8.4110 (cls=0.3286, rank=0.3046, reco=20.1777, cons=0.1177, delta=0.0854, d_gain=0.1902, d_cost=0.0919, anc_p=0.0000, anc_o=0.0000) | val_auc_unw=0.9263, val_fpr50_unw=0.017700, val_auc_w=nan, val_fpr50_w=nan, val_metric_source=unweighted, select=auc, best_sel=0.926609, unfreeze=all, reco_trainable=7098018
StageC-Joint ep 18: train_loss=8.4123 (cls=0.3277, rank=0.3050, reco=20.1834, cons=0.1176, delta=0.0849, d_gain=0.1908, d_cost=0.0919, anc_p=0.0000, anc_o=0.0000) | val_auc_unw=0.9263, val_fpr50_unw=0.017777, val_auc_w=nan, val_fpr50_w=nan, val_metric_source=unweighted, select=auc, best_sel=0.926609, unfreeze=all, reco_trainable=7098018
StageC-Joint ep 19: train_loss=8.4142 (cls=0.3283, rank=0.3048, reco=20.1865, cons=0.1177, delta=0.0854, d_gain=0.1901, d_cost=0.0918, anc_p=0.0000, anc_o=0.0000) | val_auc_unw=0.9262, val_fpr50_unw=0.018093, val_auc_w=nan, val_fpr50_w=nan, val_metric_source=unweighted, select=auc, best_sel=0.926609, unfreeze=all, reco_trainable=7098018
StageC-Joint ep 20: train_loss=8.4066 (cls=0.3274, rank=0.3048, reco=20.1699, cons=0.1177, delta=0.0839, d_gain=0.1903, d_cost=0.0914, anc_p=0.0000, anc_o=0.0000) | val_auc_unw=0.9261, val_fpr50_unw=0.017703, val_auc_w=nan, val_fpr50_w=nan, val_metric_source=unweighted, select=auc, best_sel=0.926609, unfreeze=all, reco_trainable=7098018
StageC-Joint ep 21: train_loss=8.4167 (cls=0.3279, rank=0.3046, reco=20.1937, cons=0.1177, delta=0.0851, d_gain=0.1904, d_cost=0.0918, anc_p=0.0000, anc_o=0.0000) | val_auc_unw=0.9262, val_fpr50_unw=0.017467, val_auc_w=nan, val_fpr50_w=nan, val_metric_source=unweighted, select=auc, best_sel=0.926609, unfreeze=all, reco_trainable=7098018
StageC-Joint ep 22: train_loss=8.4087 (cls=0.3270, rank=0.3043, reco=20.1760, cons=0.1176, delta=0.0840, d_gain=0.1907, d_cost=0.0916, anc_p=0.0000, anc_o=0.0000) | val_auc_unw=0.9257, val_fpr50_unw=0.018010, val_auc_w=nan, val_fpr50_w=nan, val_metric_source=unweighted, select=auc, best_sel=0.926609, unfreeze=all, reco_trainable=7098018
StageC-Joint ep 23: train_loss=8.3992 (cls=0.3277, rank=0.3056, reco=20.1507, cons=0.1177, delta=0.0844, d_gain=0.1906, d_cost=0.0917, anc_p=0.0000, anc_o=0.0000) | val_auc_unw=0.9261, val_fpr50_unw=0.017713, val_auc_w=nan, val_fpr50_w=nan, val_metric_source=unweighted, select=auc, best_sel=0.926609, unfreeze=all, reco_trainable=7098018
StageC-Joint ep 24: train_loss=8.3947 (cls=0.3272, rank=0.3046, reco=20.1405, cons=0.1176, delta=0.0842, d_gain=0.1906, d_cost=0.0916, anc_p=0.0000, anc_o=0.0000) | val_auc_unw=0.9258, val_fpr50_unw=0.017834, val_auc_w=nan, val_fpr50_w=nan, val_metric_source=unweighted, select=auc, best_sel=0.926609, unfreeze=all, reco_trainable=7098018
StageC-Joint ep 25: train_loss=8.4047 (cls=0.3279, rank=0.3055, reco=20.1638, cons=0.1177, delta=0.0843, d_gain=0.1906, d_cost=0.0916, anc_p=0.0000, anc_o=0.0000) | val_auc_unw=0.9260, val_fpr50_unw=0.017840, val_auc_w=nan, val_fpr50_w=nan, val_metric_source=unweighted, select=auc, best_sel=0.926609, unfreeze=all, reco_trainable=7098018
Early stopping StageC-Joint at epoch 25

======================================================================
STEP 5: RECONSTRUCTION DIAGNOSTICS
======================================================================

Jet pT response/resolution by truth pT bin (test split):
  pT_low - pT_high | N | HLT resp | HLT reso | Corrected resp | Corrected reso
  172739.4 - 504068.9 | 18750 | 0.8681 | 0.1516 | 0.6779 | 0.1284
  504068.9 - 773424.6 | 18750 | 0.8445 | 0.1720 | 0.5923 | 0.1208
  773424.6 - 1093714.0 | 18750 | 0.8330 | 0.1869 | 0.5335 | 0.1134
  1093714.0 - 1365805.0 | 18750 | 0.8218 | 0.2022 | 0.4917 | 0.1112
  1365805.0 - 1711763.0 | 18750 | 0.8203 | 0.2056 | 0.4698 | 0.1077
  1711763.0 - 2155283.2 | 18750 | 0.8155 | 0.2123 | 0.4485 | 0.1075
  2155283.2 - 2633962.7 | 18750 | 0.8110 | 0.2225 | 0.4266 | 0.1077
  2633962.7 - 4355157.0 | 18750 | 0.7996 | 0.2295 | 0.4065 | 0.1071

Constituent-count diagnostics:
  Means: offline=54.297, hlt=29.181, reco=51.461
  MAE vs offline: hlt=25.116, reco=5.372

Budget diagnostics (test split):
  MAE: merge=5.252, eff=0.000, total=5.252
  Bias: merge=-2.211, eff=0.000, total=-2.211

======================================================================
FINAL TEST EVALUATION
======================================================================
Teacher (Offline) AUC: 0.9533
Baseline (HLT)   AUC: 0.9214
Stage2 (PreJoint) AUC: 0.9229
Stage2 (BestValFPR50) AUC: 0.9230
Joint Dual-View  AUC: 0.9249
Joint Dual-View (BestValFPR50) AUC: 0.9248

FPR@30 Teacher/Baseline/Stage2/Joint: 0.002131 / 0.005524 / 0.005448 / 0.004795
FPR@30 Stage2BestFPR / JointBestFPR: 0.005102 / 0.005059
FPR@50 Teacher/Baseline/Stage2/Joint: 0.009940 / 0.021587 / 0.020818 / 0.019261
FPR@50 Stage2BestFPR / JointBestFPR: 0.020343 / 0.019085
Saving val/test score arrays for fusion analysis...
Saved fusion score arrays to: checkpoints/reco_teacher_joint_fusion_6model_150k75k150k/model2_joint_chamfer_nophys_noratio/model2_joint_chamfer_nophys_noratio_150k75k150k_seed0/fusion_scores_val_test.npz

Saved joint results to: checkpoints/reco_teacher_joint_fusion_6model_150k75k150k/model2_joint_chamfer_nophys_noratio/model2_joint_chamfer_nophys_noratio_150k75k150k_seed0
Done: checkpoints/reco_teacher_joint_fusion_6model_150k75k150k/model2_joint_chamfer_nophys_noratio/model2_joint_chamfer_nophys_noratio_150k75k150k_seed0
