============================================================
Model-2 Joint (SetLoss=Chamfer only; all other reco loss terms OFF)
Run: checkpoints/reco_teacher_joint_fusion_6model_150k75k150k/model2_joint_chamfer_setonly/model2_joint_chamfer_setonly_150k75k150k_seed0
Split: train=150000, val=75000, test=150000
============================================================
 python offline_reconstructor_joint_dualview_stage2save_auc_norankc_nopriv_unmergeonly.py --save_dir checkpoints/reco_teacher_joint_fusion_6model_150k75k150k/model2_joint_chamfer_setonly --run_name model2_joint_chamfer_setonly_150k75k150k_seed0 --n_train_jets 375000 --n_train_split 150000 --n_val_split 75000 --n_test_split 150000 --offset_jets 0 --max_constits 100 --num_workers 6 --seed 0 --selection_metric auc --stageB_lambda_rank 0.0 --stageB_lambda_cons 0.0 --stageC_lr_dual 1e-5 --stageC_lr_reco 5e-6 --lambda_reco 0.4 --lambda_cons 0.0 --stageC_lambda_delta 0.05 --stageC_delta_tau 0.05 --stageC_delta_lambda_fp 3.0 --stageC_delta_warmup_epochs 8 --added_target_scale 0.90 --loss_set_mode chamfer --loss_w_phys 0.0 --loss_w_pt_ratio 0.0 --loss_w_e_ratio 0.0 --loss_w_budget 0.0 --loss_w_sparse 0.0 --loss_w_local 0.0 --save_fusion_scores --disable_final_kd --device cuda
Device: cuda
Save dir: checkpoints/reco_teacher_joint_fusion_6model_150k75k150k/model2_joint_chamfer_setonly/model2_joint_chamfer_setonly_150k75k150k_seed0
Loading offline constituents...
Generating pseudo-HLT...
Non-priv target setup: added_target_scale=0.900, mean_true_added_raw=25.116, mean_target_added=22.604
Computing features...
Split sizes: Train=150000, Val=75000, Test=150000 (custom_counts=True)
Stage-B train subset: N=150000 / 150000 (frac=1.000, seed=0)

======================================================================
STEP 1: TEACHER + BASELINE
======================================================================
Teacher ep 5: train_auc=0.9439, val_auc=0.9469, val_fpr50=0.012873, best_auc=0.9469, fpr50@best=0.012873
Teacher ep 10: train_auc=0.9509, val_auc=0.9526, val_fpr50=0.010285, best_auc=0.9526, fpr50@best=0.010285
Teacher ep 15: train_auc=0.9549, val_auc=0.9522, val_fpr50=0.011025, best_auc=0.9529, fpr50@best=0.010068
Teacher ep 20: train_auc=0.9577, val_auc=0.9480, val_fpr50=0.013272, best_auc=0.9529, fpr50@best=0.010068
Teacher ep 25: train_auc=0.9610, val_auc=0.9513, val_fpr50=0.010954, best_auc=0.9539, fpr50@best=0.009423
Teacher ep 30: train_auc=0.9652, val_auc=0.9503, val_fpr50=0.011826, best_auc=0.9539, fpr50@best=0.009423
Teacher ep 35: train_auc=0.9696, val_auc=0.9496, val_fpr50=0.011791, best_auc=0.9539, fpr50@best=0.009423
Early stopping Teacher at epoch 37
Baseline ep 5: train_auc=0.9099, val_auc=0.9027, val_fpr50=0.028200, best_auc=0.9096, fpr50@best=0.027649
Baseline ep 10: train_auc=0.9173, val_auc=0.9176, val_fpr50=0.023106, best_auc=0.9185, fpr50@best=0.021131
Baseline ep 15: train_auc=0.9211, val_auc=0.9199, val_fpr50=0.021754, best_auc=0.9207, fpr50@best=0.019859
Baseline ep 20: train_auc=0.9251, val_auc=0.9232, val_fpr50=0.020238, best_auc=0.9232, fpr50@best=0.020238
Baseline ep 25: train_auc=0.9291, val_auc=0.9231, val_fpr50=0.020397, best_auc=0.9232, fpr50@best=0.020238
Baseline ep 30: train_auc=0.9336, val_auc=0.9194, val_fpr50=0.023387, best_auc=0.9235, fpr50@best=0.020215
Baseline ep 35: train_auc=0.9383, val_auc=0.9220, val_fpr50=0.021137, best_auc=0.9235, fpr50@best=0.020215
Baseline ep 40: train_auc=0.9435, val_auc=0.9181, val_fpr50=0.023374, best_auc=0.9235, fpr50@best=0.020215
Early stopping Baseline at epoch 41
StageC weak-delta HLT reference @TPR=0.50: threshold_prob=0.920016, val_auc_hlt=0.9235

======================================================================
STEP 2: STAGE A (RECONSTRUCTOR PRETRAIN)
======================================================================
Ep 5: train_total=0.3437, val_total_unw=0.3425, val_total_w=0.3425, select=unweighted, best_sel=0.3389 | set_unw=0.3425, phys_unw=0.5431, budget_unw=311.0796, stage_scale=0.35
Ep 10: train_total=0.3362, val_total_unw=0.3317, val_total_w=0.3317, select=unweighted, best_sel=0.3317 | set_unw=0.3317, phys_unw=0.5424, budget_unw=540.0330, stage_scale=0.35
Ep 15: train_total=0.3184, val_total_unw=0.3165, val_total_w=0.3165, select=unweighted, best_sel=0.3155 | set_unw=0.3165, phys_unw=0.5460, budget_unw=462.9701, stage_scale=0.35
Ep 20: train_total=0.3149, val_total_unw=0.3148, val_total_w=0.3148, select=unweighted, best_sel=0.3145 | set_unw=0.3148, phys_unw=0.5559, budget_unw=401.6696, stage_scale=0.35
Stage-A transition -> reloaded best from phase_035 (epoch=17, val_total=0.3145)
Ep 25: train_total=0.3129, val_total_unw=0.3103, val_total_w=0.3103, select=unweighted, best_sel=0.3096 | set_unw=0.3103, phys_unw=0.5431, budget_unw=1648.2599, stage_scale=0.70
Ep 30: train_total=0.3086, val_total_unw=0.3039, val_total_w=0.3039, select=unweighted, best_sel=0.3039 | set_unw=0.3039, phys_unw=0.5630, budget_unw=2148.4731, stage_scale=0.70
Ep 35: train_total=0.3056, val_total_unw=0.3014, val_total_w=0.3014, select=unweighted, best_sel=0.3014 | set_unw=0.3014, phys_unw=0.5639, budget_unw=3462.0460, stage_scale=0.70
Ep 40: train_total=0.3024, val_total_unw=0.2978, val_total_w=0.2978, select=unweighted, best_sel=0.2978 | set_unw=0.2978, phys_unw=0.5585, budget_unw=2958.6882, stage_scale=0.70
Ep 45: train_total=0.3004, val_total_unw=0.2970, val_total_w=0.2970, select=unweighted, best_sel=0.2970 | set_unw=0.2970, phys_unw=0.5858, budget_unw=3403.6587, stage_scale=0.70
Ep 50: train_total=0.2988, val_total_unw=0.2950, val_total_w=0.2950, select=unweighted, best_sel=0.2950 | set_unw=0.2950, phys_unw=0.5715, budget_unw=3320.4925, stage_scale=0.70
Ep 55: train_total=0.2973, val_total_unw=0.2944, val_total_w=0.2944, select=unweighted, best_sel=0.2932 | set_unw=0.2944, phys_unw=0.5809, budget_unw=3525.0817, stage_scale=0.70
Stage-A transition -> reloaded best from phase_070 (epoch=53, val_total=0.2932)
Ep 60: train_total=0.2967, val_total_unw=0.2923, val_total_w=0.2923, select=unweighted, best_sel=0.2917 | set_unw=0.2923, phys_unw=0.5746, budget_unw=3726.8023, stage_scale=1.00
Ep 65: train_total=0.2953, val_total_unw=0.2923, val_total_w=0.2923, select=unweighted, best_sel=0.2914 | set_unw=0.2923, phys_unw=0.5842, budget_unw=4050.5885, stage_scale=1.00
Ep 70: train_total=0.2941, val_total_unw=0.2903, val_total_w=0.2903, select=unweighted, best_sel=0.2898 | set_unw=0.2903, phys_unw=0.5778, budget_unw=4091.2594, stage_scale=1.00
Ep 75: train_total=0.2933, val_total_unw=0.2894, val_total_w=0.2894, select=unweighted, best_sel=0.2894 | set_unw=0.2894, phys_unw=0.5790, budget_unw=4215.3434, stage_scale=1.00
Ep 80: train_total=0.2924, val_total_unw=0.2885, val_total_w=0.2885, select=unweighted, best_sel=0.2885 | set_unw=0.2885, phys_unw=0.5822, budget_unw=4196.5213, stage_scale=1.00
Ep 85: train_total=0.2919, val_total_unw=0.2882, val_total_w=0.2882, select=unweighted, best_sel=0.2882 | set_unw=0.2882, phys_unw=0.5773, budget_unw=4181.5455, stage_scale=1.00
Ep 90: train_total=0.2918, val_total_unw=0.2880, val_total_w=0.2880, select=unweighted, best_sel=0.2880 | set_unw=0.2880, phys_unw=0.5821, budget_unw=4176.3953, stage_scale=1.00

======================================================================
STEP 3: STAGE B (DUAL PRETRAIN, FROZEN RECONSTRUCTOR)
======================================================================
StageB-DualPretrain ep 5: train_loss=0.3773 (cls=0.3773, rank=0.3040, reco=0.0000, cons=0.1201, delta=0.0000, d_gain=0.0000, d_cost=0.0000, anc_p=0.0000, anc_o=0.0000) | val_auc_unw=0.9155, val_fpr50_unw=0.024295, val_auc_w=nan, val_fpr50_w=nan, val_metric_source=unweighted, select=auc, best_sel=0.915524, unfreeze=frozen, reco_trainable=0, dual_frozen=False, dual_trainable=2812673
StageB-DualPretrain ep 10: train_loss=0.3622 (cls=0.3622, rank=0.3028, reco=0.0000, cons=0.1201, delta=0.0000, d_gain=0.0000, d_cost=0.0000, anc_p=0.0000, anc_o=0.0000) | val_auc_unw=0.9203, val_fpr50_unw=0.020979, val_auc_w=nan, val_fpr50_w=nan, val_metric_source=unweighted, select=auc, best_sel=0.921030, unfreeze=frozen, reco_trainable=0, dual_frozen=False, dual_trainable=2812673
StageB-DualPretrain ep 15: train_loss=0.3523 (cls=0.3523, rank=0.3027, reco=0.0000, cons=0.1201, delta=0.0000, d_gain=0.0000, d_cost=0.0000, anc_p=0.0000, anc_o=0.0000) | val_auc_unw=0.9225, val_fpr50_unw=0.020571, val_auc_w=nan, val_fpr50_w=nan, val_metric_source=unweighted, select=auc, best_sel=0.922547, unfreeze=frozen, reco_trainable=0, dual_frozen=False, dual_trainable=2812673
StageB-DualPretrain ep 20: train_loss=0.3438 (cls=0.3438, rank=0.3022, reco=0.0000, cons=0.1201, delta=0.0000, d_gain=0.0000, d_cost=0.0000, anc_p=0.0000, anc_o=0.0000) | val_auc_unw=0.9227, val_fpr50_unw=0.020212, val_auc_w=nan, val_fpr50_w=nan, val_metric_source=unweighted, select=auc, best_sel=0.922671, unfreeze=frozen, reco_trainable=0, dual_frozen=False, dual_trainable=2812673
StageB-DualPretrain ep 25: train_loss=0.3350 (cls=0.3350, rank=0.3027, reco=0.0000, cons=0.1201, delta=0.0000, d_gain=0.0000, d_cost=0.0000, anc_p=0.0000, anc_o=0.0000) | val_auc_unw=0.9221, val_fpr50_unw=0.020775, val_auc_w=nan, val_fpr50_w=nan, val_metric_source=unweighted, select=auc, best_sel=0.924351, unfreeze=frozen, reco_trainable=0, dual_frozen=False, dual_trainable=2812673
StageB-DualPretrain ep 30: train_loss=0.3234 (cls=0.3234, rank=0.3047, reco=0.0000, cons=0.1201, delta=0.0000, d_gain=0.0000, d_cost=0.0000, anc_p=0.0000, anc_o=0.0000) | val_auc_unw=0.9219, val_fpr50_unw=0.021103, val_auc_w=nan, val_fpr50_w=nan, val_metric_source=unweighted, select=auc, best_sel=0.924351, unfreeze=frozen, reco_trainable=0, dual_frozen=False, dual_trainable=2812673
StageB-DualPretrain ep 35: train_loss=0.3132 (cls=0.3132, rank=0.3062, reco=0.0000, cons=0.1201, delta=0.0000, d_gain=0.0000, d_cost=0.0000, anc_p=0.0000, anc_o=0.0000) | val_auc_unw=0.9223, val_fpr50_unw=0.020030, val_auc_w=nan, val_fpr50_w=nan, val_metric_source=unweighted, select=auc, best_sel=0.924351, unfreeze=frozen, reco_trainable=0, dual_frozen=False, dual_trainable=2812673
Early stopping StageB-DualPretrain at epoch 36

======================================================================
STEP 4: STAGE C (JOINT FINETUNE)
======================================================================
StageC-Joint ep 1: train_loss=0.4466 (cls=0.3293, rank=0.3009, reco=0.2917, cons=0.1197, delta=0.1039, d_gain=0.1919, d_cost=0.0986, anc_p=0.0000, anc_o=0.0000) | val_auc_unw=0.9249, val_fpr50_unw=0.019234, val_auc_w=nan, val_fpr50_w=nan, val_metric_source=unweighted, select=auc, best_sel=0.924867, unfreeze=all, reco_trainable=7098018, dual_frozen=False, dual_trainable=2812673
StageC-Joint ep 2: train_loss=0.4440 (cls=0.3261, rank=0.3017, reco=0.2918, cons=0.1200, delta=0.0958, d_gain=0.1915, d_cost=0.0958, anc_p=0.0000, anc_o=0.0000) | val_auc_unw=0.9252, val_fpr50_unw=0.018775, val_auc_w=nan, val_fpr50_w=nan, val_metric_source=unweighted, select=auc, best_sel=0.925192, unfreeze=all, reco_trainable=7098018, dual_frozen=False, dual_trainable=2812673
StageC-Joint ep 3: train_loss=0.4441 (cls=0.3257, rank=0.3032, reco=0.2916, cons=0.1209, delta=0.0923, d_gain=0.1914, d_cost=0.0946, anc_p=0.0000, anc_o=0.0000) | val_auc_unw=0.9252, val_fpr50_unw=0.018736, val_auc_w=nan, val_fpr50_w=nan, val_metric_source=unweighted, select=auc, best_sel=0.925192, unfreeze=all, reco_trainable=7098018, dual_frozen=False, dual_trainable=2812673
StageC-Joint ep 4: train_loss=0.4439 (cls=0.3250, rank=0.3037, reco=0.2917, cons=0.1209, delta=0.0896, d_gain=0.1918, d_cost=0.0938, anc_p=0.0000, anc_o=0.0000) | val_auc_unw=0.9252, val_fpr50_unw=0.019015, val_auc_w=nan, val_fpr50_w=nan, val_metric_source=unweighted, select=auc, best_sel=0.925222, unfreeze=all, reco_trainable=7098018, dual_frozen=False, dual_trainable=2812673
StageC-Joint ep 5: train_loss=0.4440 (cls=0.3245, rank=0.3046, reco=0.2917, cons=0.1212, delta=0.0879, d_gain=0.1915, d_cost=0.0931, anc_p=0.0000, anc_o=0.0000) | val_auc_unw=0.9251, val_fpr50_unw=0.019296, val_auc_w=nan, val_fpr50_w=nan, val_metric_source=unweighted, select=auc, best_sel=0.925222, unfreeze=all, reco_trainable=7098018, dual_frozen=False, dual_trainable=2812673
StageC-Joint ep 6: train_loss=0.4444 (cls=0.3245, rank=0.3048, reco=0.2918, cons=0.1217, delta=0.0848, d_gain=0.1913, d_cost=0.0920, anc_p=0.0000, anc_o=0.0000) | val_auc_unw=0.9248, val_fpr50_unw=0.018648, val_auc_w=nan, val_fpr50_w=nan, val_metric_source=unweighted, select=auc, best_sel=0.925222, unfreeze=all, reco_trainable=7098018, dual_frozen=False, dual_trainable=2812673
StageC-Joint ep 7: train_loss=0.4432 (cls=0.3229, rank=0.3047, reco=0.2917, cons=0.1225, delta=0.0829, d_gain=0.1918, d_cost=0.0916, anc_p=0.0000, anc_o=0.0000) | val_auc_unw=0.9251, val_fpr50_unw=0.018700, val_auc_w=nan, val_fpr50_w=nan, val_metric_source=unweighted, select=auc, best_sel=0.925222, unfreeze=all, reco_trainable=7098018, dual_frozen=False, dual_trainable=2812673
StageC-Joint ep 8: train_loss=0.4437 (cls=0.3230, rank=0.3055, reco=0.2917, cons=0.1219, delta=0.0806, d_gain=0.1915, d_cost=0.0907, anc_p=0.0000, anc_o=0.0000) | val_auc_unw=0.9250, val_fpr50_unw=0.018894, val_auc_w=nan, val_fpr50_w=nan, val_metric_source=unweighted, select=auc, best_sel=0.925222, unfreeze=all, reco_trainable=7098018, dual_frozen=False, dual_trainable=2812673
StageC-Joint ep 9: train_loss=0.4430 (cls=0.3223, rank=0.3054, reco=0.2917, cons=0.1222, delta=0.0799, d_gain=0.1920, d_cost=0.0906, anc_p=0.0000, anc_o=0.0000) | val_auc_unw=0.9250, val_fpr50_unw=0.018735, val_auc_w=nan, val_fpr50_w=nan, val_metric_source=unweighted, select=auc, best_sel=0.925222, unfreeze=all, reco_trainable=7098018, dual_frozen=False, dual_trainable=2812673
StageC-Joint ep 10: train_loss=0.4435 (cls=0.3228, rank=0.3053, reco=0.2917, cons=0.1223, delta=0.0795, d_gain=0.1914, d_cost=0.0903, anc_p=0.0000, anc_o=0.0000) | val_auc_unw=0.9250, val_fpr50_unw=0.019205, val_auc_w=nan, val_fpr50_w=nan, val_metric_source=unweighted, select=auc, best_sel=0.925222, unfreeze=all, reco_trainable=7098018, dual_frozen=False, dual_trainable=2812673
StageC-Joint ep 11: train_loss=0.4434 (cls=0.3228, rank=0.3058, reco=0.2917, cons=0.1226, delta=0.0787, d_gain=0.1916, d_cost=0.0901, anc_p=0.0000, anc_o=0.0000) | val_auc_unw=0.9248, val_fpr50_unw=0.019050, val_auc_w=nan, val_fpr50_w=nan, val_metric_source=unweighted, select=auc, best_sel=0.925222, unfreeze=all, reco_trainable=7098018, dual_frozen=False, dual_trainable=2812673
StageC-Joint ep 12: train_loss=0.4430 (cls=0.3224, rank=0.3057, reco=0.2917, cons=0.1225, delta=0.0786, d_gain=0.1917, d_cost=0.0901, anc_p=0.0000, anc_o=0.0000) | val_auc_unw=0.9248, val_fpr50_unw=0.018693, val_auc_w=nan, val_fpr50_w=nan, val_metric_source=unweighted, select=auc, best_sel=0.925222, unfreeze=all, reco_trainable=7098018, dual_frozen=False, dual_trainable=2812673
StageC-Joint ep 13: train_loss=0.4428 (cls=0.3223, rank=0.3059, reco=0.2917, cons=0.1222, delta=0.0783, d_gain=0.1919, d_cost=0.0901, anc_p=0.0000, anc_o=0.0000) | val_auc_unw=0.9245, val_fpr50_unw=0.018860, val_auc_w=nan, val_fpr50_w=nan, val_metric_source=unweighted, select=auc, best_sel=0.925222, unfreeze=all, reco_trainable=7098018, dual_frozen=False, dual_trainable=2812673
StageC-Joint ep 14: train_loss=0.4423 (cls=0.3217, rank=0.3064, reco=0.2917, cons=0.1221, delta=0.0781, d_gain=0.1921, d_cost=0.0901, anc_p=0.0000, anc_o=0.0000) | val_auc_unw=0.9247, val_fpr50_unw=0.019258, val_auc_w=nan, val_fpr50_w=nan, val_metric_source=unweighted, select=auc, best_sel=0.925222, unfreeze=all, reco_trainable=7098018, dual_frozen=False, dual_trainable=2812673
StageC-Joint ep 15: train_loss=0.4422 (cls=0.3216, rank=0.3058, reco=0.2917, cons=0.1218, delta=0.0780, d_gain=0.1920, d_cost=0.0900, anc_p=0.0000, anc_o=0.0000) | val_auc_unw=0.9245, val_fpr50_unw=0.018927, val_auc_w=nan, val_fpr50_w=nan, val_metric_source=unweighted, select=auc, best_sel=0.925222, unfreeze=all, reco_trainable=7098018, dual_frozen=False, dual_trainable=2812673
StageC-Joint ep 16: train_loss=0.4423 (cls=0.3217, rank=0.3065, reco=0.2918, cons=0.1215, delta=0.0772, d_gain=0.1919, d_cost=0.0897, anc_p=0.0000, anc_o=0.0000) | val_auc_unw=0.9246, val_fpr50_unw=0.019075, val_auc_w=nan, val_fpr50_w=nan, val_metric_source=unweighted, select=auc, best_sel=0.925222, unfreeze=all, reco_trainable=7098018, dual_frozen=False, dual_trainable=2812673
StageC-Joint ep 17: train_loss=0.4416 (cls=0.3211, rank=0.3063, reco=0.2917, cons=0.1218, delta=0.0773, d_gain=0.1920, d_cost=0.0898, anc_p=0.0000, anc_o=0.0000) | val_auc_unw=0.9246, val_fpr50_unw=0.019102, val_auc_w=nan, val_fpr50_w=nan, val_metric_source=unweighted, select=auc, best_sel=0.925222, unfreeze=all, reco_trainable=7098018, dual_frozen=False, dual_trainable=2812673
StageC-Joint ep 18: train_loss=0.4427 (cls=0.3221, rank=0.3060, reco=0.2917, cons=0.1213, delta=0.0772, d_gain=0.1918, d_cost=0.0897, anc_p=0.0000, anc_o=0.0000) | val_auc_unw=0.9248, val_fpr50_unw=0.018847, val_auc_w=nan, val_fpr50_w=nan, val_metric_source=unweighted, select=auc, best_sel=0.925222, unfreeze=all, reco_trainable=7098018, dual_frozen=False, dual_trainable=2812673
StageC-Joint ep 19: train_loss=0.4408 (cls=0.3203, rank=0.3058, reco=0.2918, cons=0.1221, delta=0.0759, d_gain=0.1921, d_cost=0.0893, anc_p=0.0000, anc_o=0.0000) | val_auc_unw=0.9246, val_fpr50_unw=0.019153, val_auc_w=nan, val_fpr50_w=nan, val_metric_source=unweighted, select=auc, best_sel=0.925222, unfreeze=all, reco_trainable=7098018, dual_frozen=False, dual_trainable=2812673
StageC-Joint ep 20: train_loss=0.4411 (cls=0.3206, rank=0.3064, reco=0.2918, cons=0.1223, delta=0.0769, d_gain=0.1921, d_cost=0.0897, anc_p=0.0000, anc_o=0.0000) | val_auc_unw=0.9246, val_fpr50_unw=0.018896, val_auc_w=nan, val_fpr50_w=nan, val_metric_source=unweighted, select=auc, best_sel=0.925222, unfreeze=all, reco_trainable=7098018, dual_frozen=False, dual_trainable=2812673
StageC-Joint ep 21: train_loss=0.4412 (cls=0.3207, rank=0.3063, reco=0.2917, cons=0.1219, delta=0.0766, d_gain=0.1924, d_cost=0.0897, anc_p=0.0000, anc_o=0.0000) | val_auc_unw=0.9245, val_fpr50_unw=0.018856, val_auc_w=nan, val_fpr50_w=nan, val_metric_source=unweighted, select=auc, best_sel=0.925222, unfreeze=all, reco_trainable=7098018, dual_frozen=False, dual_trainable=2812673
StageC-Joint ep 22: train_loss=0.4413 (cls=0.3208, rank=0.3064, reco=0.2917, cons=0.1217, delta=0.0760, d_gain=0.1922, d_cost=0.0894, anc_p=0.0000, anc_o=0.0000) | val_auc_unw=0.9244, val_fpr50_unw=0.019248, val_auc_w=nan, val_fpr50_w=nan, val_metric_source=unweighted, select=auc, best_sel=0.925222, unfreeze=all, reco_trainable=7098018, dual_frozen=False, dual_trainable=2812673
StageC-Joint ep 23: train_loss=0.4407 (cls=0.3202, rank=0.3062, reco=0.2917, cons=0.1214, delta=0.0752, d_gain=0.1920, d_cost=0.0891, anc_p=0.0000, anc_o=0.0000) | val_auc_unw=0.9244, val_fpr50_unw=0.019054, val_auc_w=nan, val_fpr50_w=nan, val_metric_source=unweighted, select=auc, best_sel=0.925222, unfreeze=all, reco_trainable=7098018, dual_frozen=False, dual_trainable=2812673
StageC-Joint ep 24: train_loss=0.4406 (cls=0.3202, rank=0.3064, reco=0.2917, cons=0.1218, delta=0.0756, d_gain=0.1925, d_cost=0.0894, anc_p=0.0000, anc_o=0.0000) | val_auc_unw=0.9243, val_fpr50_unw=0.019006, val_auc_w=nan, val_fpr50_w=nan, val_metric_source=unweighted, select=auc, best_sel=0.925222, unfreeze=all, reco_trainable=7098018, dual_frozen=False, dual_trainable=2812673
StageC-Joint ep 25: train_loss=0.4402 (cls=0.3198, rank=0.3062, reco=0.2917, cons=0.1221, delta=0.0753, d_gain=0.1924, d_cost=0.0892, anc_p=0.0000, anc_o=0.0000) | val_auc_unw=0.9243, val_fpr50_unw=0.019168, val_auc_w=nan, val_fpr50_w=nan, val_metric_source=unweighted, select=auc, best_sel=0.925222, unfreeze=all, reco_trainable=7098018, dual_frozen=False, dual_trainable=2812673
Early stopping StageC-Joint at epoch 25

======================================================================
STEP 5: RECONSTRUCTION DIAGNOSTICS
======================================================================

Jet pT response/resolution by truth pT bin (test split):
  pT_low - pT_high | N | HLT resp | HLT reso | Corrected resp | Corrected reso
  172739.4 - 504068.9 | 18750 | 0.8681 | 0.1516 | 0.0188 | 0.0275
  504068.9 - 773424.6 | 18750 | 0.8445 | 0.1720 | 0.0155 | 0.0311
  773424.6 - 1093714.0 | 18750 | 0.8330 | 0.1869 | 0.0156 | 0.0382
  1093714.0 - 1365805.0 | 18750 | 0.8218 | 0.2022 | 0.0158 | 0.0419
  1365805.0 - 1711763.0 | 18750 | 0.8203 | 0.2056 | 0.0153 | 0.0427
  1711763.0 - 2155283.2 | 18750 | 0.8155 | 0.2123 | 0.0141 | 0.0410
  2155283.2 - 2633962.7 | 18750 | 0.8110 | 0.2225 | 0.0154 | 0.0448
  2633962.7 - 4355157.0 | 18750 | 0.7996 | 0.2295 | 0.0143 | 0.0434

Constituent-count diagnostics:
  Means: offline=54.297, hlt=29.181, reco=1.000
  MAE vs offline: hlt=25.116, reco=53.297

Budget diagnostics (test split):
  MAE: merge=1368.735, eff=0.000, total=1368.735
  Bias: merge=1368.717, eff=0.000, total=1368.717

======================================================================
FINAL TEST EVALUATION
======================================================================
Teacher (Offline) AUC: 0.9533
Baseline (HLT)   AUC: 0.9214
Stage2 (PreJoint) AUC: 0.9228
Stage2 (BestValFPR50) AUC: 0.9221
Joint Dual-View  AUC: 0.9236
Joint Dual-View (BestValFPR50) AUC: 0.9234

FPR@30 Teacher/Baseline/Stage2/Joint: 0.002131 / 0.005524 / 0.005501 / 0.005268
FPR@30 Stage2BestFPR / JointBestFPR: 0.005514 / 0.005395
FPR@50 Teacher/Baseline/Stage2/Joint: 0.009940 / 0.021587 / 0.020635 / 0.019795
FPR@50 Stage2BestFPR / JointBestFPR: 0.020870 / 0.020031
Saving val/test score arrays for fusion analysis...
Saved fusion score arrays to: checkpoints/reco_teacher_joint_fusion_6model_150k75k150k/model2_joint_chamfer_setonly/model2_joint_chamfer_setonly_150k75k150k_seed0/fusion_scores_val_test.npz

Saved joint results to: checkpoints/reco_teacher_joint_fusion_6model_150k75k150k/model2_joint_chamfer_setonly/model2_joint_chamfer_setonly_150k75k150k_seed0
Done: checkpoints/reco_teacher_joint_fusion_6model_150k75k150k/model2_joint_chamfer_setonly/model2_joint_chamfer_setonly_150k75k150k_seed0
