============================================================
Model-2 Joint (Chamfer + budget + local(0.10) + pt_ratio; unselected/local-radius set to 0)
Run: checkpoints/reco_teacher_joint_fusion_6model_150k75k150k/model2_joint_chamfer_budget_local_ptratio_unselected0_localr0_wlocal010/model2_joint_chamfer_budget_local_ptratio_unselected0_localr0_wlocal010_150k75k150k_seed0
Split: train=150000, val=75000, test=150000
============================================================
 python offline_reconstructor_joint_dualview_stage2save_auc_norankc_nopriv_unmergeonly.py --save_dir checkpoints/reco_teacher_joint_fusion_6model_150k75k150k/model2_joint_chamfer_budget_local_ptratio_unselected0_localr0_wlocal010 --run_name model2_joint_chamfer_budget_local_ptratio_unselected0_localr0_wlocal010_150k75k150k_seed0 --n_train_jets 375000 --n_train_split 150000 --n_val_split 75000 --n_test_split 150000 --offset_jets 0 --max_constits 100 --num_workers 6 --seed 0 --selection_metric auc --stageB_lambda_rank 0.0 --stageB_lambda_cons 0.0 --stageC_lr_dual 1e-5 --stageC_lr_reco 5e-6 --lambda_reco 0.4 --lambda_cons 0.0 --stageC_lambda_delta 0.05 --stageC_delta_tau 0.05 --stageC_delta_lambda_fp 3.0 --stageC_delta_warmup_epochs 8 --added_target_scale 0.90 --loss_set_mode chamfer --loss_w_phys 0.0 --loss_w_pt_ratio 0.70 --loss_w_e_ratio 0.0 --loss_w_budget 0.65 --loss_w_sparse 0.0 --loss_w_local 0.10 --loss_unselected_penalty 0.0 --loss_gen_local_radius 0.0 --save_fusion_scores --disable_final_kd --device cuda
Device: cuda
Save dir: checkpoints/reco_teacher_joint_fusion_6model_150k75k150k/model2_joint_chamfer_budget_local_ptratio_unselected0_localr0_wlocal010/model2_joint_chamfer_budget_local_ptratio_unselected0_localr0_wlocal010_150k75k150k_seed0
Loading offline constituents...
Generating pseudo-HLT...
Non-priv target setup: added_target_scale=0.900, mean_true_added_raw=25.116, mean_target_added=22.604
Computing features...
Split sizes: Train=150000, Val=75000, Test=150000 (custom_counts=True)
Stage-B train subset: N=150000 / 150000 (frac=1.000, seed=0)

======================================================================
STEP 1: TEACHER + BASELINE
======================================================================
Teacher ep 5: train_auc=0.9439, val_auc=0.9469, val_fpr50=0.012873, best_auc=0.9469, fpr50@best=0.012873
Teacher ep 10: train_auc=0.9509, val_auc=0.9526, val_fpr50=0.010285, best_auc=0.9526, fpr50@best=0.010285
Teacher ep 15: train_auc=0.9549, val_auc=0.9522, val_fpr50=0.011025, best_auc=0.9529, fpr50@best=0.010068
Teacher ep 20: train_auc=0.9577, val_auc=0.9480, val_fpr50=0.013272, best_auc=0.9529, fpr50@best=0.010068
Teacher ep 25: train_auc=0.9610, val_auc=0.9513, val_fpr50=0.010954, best_auc=0.9539, fpr50@best=0.009423
Teacher ep 30: train_auc=0.9652, val_auc=0.9503, val_fpr50=0.011826, best_auc=0.9539, fpr50@best=0.009423
Teacher ep 35: train_auc=0.9696, val_auc=0.9496, val_fpr50=0.011791, best_auc=0.9539, fpr50@best=0.009423
Early stopping Teacher at epoch 37
Baseline ep 5: train_auc=0.9099, val_auc=0.9027, val_fpr50=0.028200, best_auc=0.9096, fpr50@best=0.027649
Baseline ep 10: train_auc=0.9173, val_auc=0.9176, val_fpr50=0.023106, best_auc=0.9185, fpr50@best=0.021131
Baseline ep 15: train_auc=0.9211, val_auc=0.9199, val_fpr50=0.021754, best_auc=0.9207, fpr50@best=0.019859
Baseline ep 20: train_auc=0.9251, val_auc=0.9232, val_fpr50=0.020238, best_auc=0.9232, fpr50@best=0.020238
Baseline ep 25: train_auc=0.9291, val_auc=0.9231, val_fpr50=0.020397, best_auc=0.9232, fpr50@best=0.020238
Baseline ep 30: train_auc=0.9336, val_auc=0.9194, val_fpr50=0.023387, best_auc=0.9235, fpr50@best=0.020215
Baseline ep 35: train_auc=0.9383, val_auc=0.9220, val_fpr50=0.021137, best_auc=0.9235, fpr50@best=0.020215
Baseline ep 40: train_auc=0.9435, val_auc=0.9181, val_fpr50=0.023374, best_auc=0.9235, fpr50@best=0.020215
Early stopping Baseline at epoch 41
StageC weak-delta HLT reference @TPR=0.50: threshold_prob=0.920016, val_auc_hlt=0.9235

======================================================================
STEP 2: STAGE A (RECONSTRUCTOR PRETRAIN)
======================================================================
Ep 5: train_total=26.0803, val_total_unw=28.3958, val_total_w=28.3958, select=unweighted, best_sel=24.5429 | set_unw=0.3348, phys_unw=0.5803, budget_unw=42.9795, fp_mass_unw=0.0153, w_set=1.000, w_budget=0.650, w_pt=0.700, w_local=0.100, stage_scale=0.35
Ep 10: train_total=24.9376, val_total_unw=25.5263, val_total_w=25.5263, select=unweighted, best_sel=24.5272 | set_unw=0.3334, phys_unw=0.5541, budget_unw=38.5843, fp_mass_unw=0.0151, w_set=1.000, w_budget=0.650, w_pt=0.700, w_local=0.100, stage_scale=0.35
Ep 15: train_total=24.5040, val_total_unw=25.6570, val_total_w=25.6570, select=unweighted, best_sel=24.0050 | set_unw=0.3338, phys_unw=0.5362, budget_unw=38.7948, fp_mass_unw=0.0137, w_set=1.000, w_budget=0.650, w_pt=0.700, w_local=0.100, stage_scale=0.35
Ep 20: train_total=24.2561, val_total_unw=24.2002, val_total_w=24.2002, select=unweighted, best_sel=24.0050 | set_unw=0.3365, phys_unw=0.4976, budget_unw=36.5701, fp_mass_unw=0.0135, w_set=1.000, w_budget=0.650, w_pt=0.700, w_local=0.100, stage_scale=0.35
Stage-A transition -> reloaded best from phase_035 (epoch=11, val_total=24.0050)
Ep 25: train_total=22.7350, val_total_unw=23.2595, val_total_w=23.2595, select=unweighted, best_sel=22.1356 | set_unw=0.3300, phys_unw=0.4996, budget_unw=35.1316, fp_mass_unw=0.0127, w_set=1.000, w_budget=0.650, w_pt=0.700, w_local=0.100, stage_scale=0.70
Ep 30: train_total=22.4708, val_total_unw=22.4078, val_total_w=22.4078, select=unweighted, best_sel=22.1356 | set_unw=0.3299, phys_unw=0.5029, budget_unw=33.8192, fp_mass_unw=0.0128, w_set=1.000, w_budget=0.650, w_pt=0.700, w_local=0.100, stage_scale=0.70
Ep 35: train_total=22.2348, val_total_unw=23.2616, val_total_w=23.2616, select=unweighted, best_sel=22.1356 | set_unw=0.3247, phys_unw=0.5102, budget_unw=35.1369, fp_mass_unw=0.0119, w_set=1.000, w_budget=0.650, w_pt=0.700, w_local=0.100, stage_scale=0.70
Ep 40: train_total=22.0649, val_total_unw=22.9465, val_total_w=22.9465, select=unweighted, best_sel=22.1356 | set_unw=0.3201, phys_unw=0.5186, budget_unw=34.6548, fp_mass_unw=0.0116, w_set=1.000, w_budget=0.650, w_pt=0.700, w_local=0.100, stage_scale=0.70
Ep 45: train_total=21.8705, val_total_unw=22.4945, val_total_w=22.4945, select=unweighted, best_sel=22.1356 | set_unw=0.3236, phys_unw=0.4969, budget_unw=33.9665, fp_mass_unw=0.0116, w_set=1.000, w_budget=0.650, w_pt=0.700, w_local=0.100, stage_scale=0.70
Ep 50: train_total=21.6994, val_total_unw=22.1900, val_total_w=22.1900, select=unweighted, best_sel=21.8353 | set_unw=0.3210, phys_unw=0.4959, budget_unw=33.5020, fp_mass_unw=0.0115, w_set=1.000, w_budget=0.650, w_pt=0.700, w_local=0.100, stage_scale=0.70
Ep 55: train_total=21.5409, val_total_unw=23.0234, val_total_w=23.0234, select=unweighted, best_sel=21.8353 | set_unw=0.3211, phys_unw=0.4966, budget_unw=34.7831, fp_mass_unw=0.0112, w_set=1.000, w_budget=0.650, w_pt=0.700, w_local=0.100, stage_scale=0.70
Stage-A transition -> reloaded best from phase_070 (epoch=48, val_total=21.8353)
Ep 60: train_total=21.2016, val_total_unw=22.9713, val_total_w=22.9713, select=unweighted, best_sel=21.8353 | set_unw=0.3188, phys_unw=0.5036, budget_unw=34.7030, fp_mass_unw=0.0107, w_set=1.000, w_budget=0.650, w_pt=0.700, w_local=0.100, stage_scale=1.00
Ep 65: train_total=21.0226, val_total_unw=22.0766, val_total_w=22.0766, select=unweighted, best_sel=21.8353 | set_unw=0.3183, phys_unw=0.4912, budget_unw=33.3338, fp_mass_unw=0.0107, w_set=1.000, w_budget=0.650, w_pt=0.700, w_local=0.100, stage_scale=1.00
Ep 70: train_total=20.7582, val_total_unw=22.1959, val_total_w=22.1959, select=unweighted, best_sel=21.7107 | set_unw=0.3198, phys_unw=0.4842, budget_unw=33.5185, fp_mass_unw=0.0111, w_set=1.000, w_budget=0.650, w_pt=0.700, w_local=0.100, stage_scale=1.00
Ep 75: train_total=20.4563, val_total_unw=21.8741, val_total_w=21.8741, select=unweighted, best_sel=21.7107 | set_unw=0.3193, phys_unw=0.4834, budget_unw=33.0247, fp_mass_unw=0.0108, w_set=1.000, w_budget=0.650, w_pt=0.700, w_local=0.100, stage_scale=1.00
Ep 80: train_total=20.1181, val_total_unw=22.2591, val_total_w=22.2591, select=unweighted, best_sel=21.7107 | set_unw=0.3194, phys_unw=0.4853, budget_unw=33.6162, fp_mass_unw=0.0108, w_set=1.000, w_budget=0.650, w_pt=0.700, w_local=0.100, stage_scale=1.00
Early stopping reconstructor at epoch 84

======================================================================
STEP 3: STAGE B (DUAL PRETRAIN, FROZEN RECONSTRUCTOR)
======================================================================
StageB-DualPretrain ep 5: train_loss=0.3755 (cls=0.3755, rank=0.3044, reco=0.0000, cons=0.1169, delta=0.0000, d_gain=0.0000, d_cost=0.0000, anc_p=0.0000, anc_o=0.0000) | val_auc_unw=0.9156, val_fpr50_unw=0.025510, val_auc_w=nan, val_fpr50_w=nan, val_metric_source=unweighted, select=auc, best_sel=0.915645, unfreeze=frozen, reco_trainable=0, dual_frozen=False, dual_trainable=2812673
StageB-DualPretrain ep 10: train_loss=0.3600 (cls=0.3600, rank=0.3024, reco=0.0000, cons=0.1169, delta=0.0000, d_gain=0.0000, d_cost=0.0000, anc_p=0.0000, anc_o=0.0000) | val_auc_unw=0.9209, val_fpr50_unw=0.020319, val_auc_w=nan, val_fpr50_w=nan, val_metric_source=unweighted, select=auc, best_sel=0.920860, unfreeze=frozen, reco_trainable=0, dual_frozen=False, dual_trainable=2812673
StageB-DualPretrain ep 15: train_loss=0.3531 (cls=0.3531, rank=0.3020, reco=0.0000, cons=0.1169, delta=0.0000, d_gain=0.0000, d_cost=0.0000, anc_p=0.0000, anc_o=0.0000) | val_auc_unw=0.9217, val_fpr50_unw=0.020609, val_auc_w=nan, val_fpr50_w=nan, val_metric_source=unweighted, select=auc, best_sel=0.922591, unfreeze=frozen, reco_trainable=0, dual_frozen=False, dual_trainable=2812673
StageB-DualPretrain ep 20: train_loss=0.3432 (cls=0.3432, rank=0.3018, reco=0.0000, cons=0.1169, delta=0.0000, d_gain=0.0000, d_cost=0.0000, anc_p=0.0000, anc_o=0.0000) | val_auc_unw=0.9237, val_fpr50_unw=0.019079, val_auc_w=nan, val_fpr50_w=nan, val_metric_source=unweighted, select=auc, best_sel=0.925688, unfreeze=frozen, reco_trainable=0, dual_frozen=False, dual_trainable=2812673
StageB-DualPretrain ep 25: train_loss=0.3328 (cls=0.3328, rank=0.3034, reco=0.0000, cons=0.1169, delta=0.0000, d_gain=0.0000, d_cost=0.0000, anc_p=0.0000, anc_o=0.0000) | val_auc_unw=0.9225, val_fpr50_unw=0.020702, val_auc_w=nan, val_fpr50_w=nan, val_metric_source=unweighted, select=auc, best_sel=0.925688, unfreeze=frozen, reco_trainable=0, dual_frozen=False, dual_trainable=2812673
StageB-DualPretrain ep 30: train_loss=0.3221 (cls=0.3221, rank=0.3050, reco=0.0000, cons=0.1169, delta=0.0000, d_gain=0.0000, d_cost=0.0000, anc_p=0.0000, anc_o=0.0000) | val_auc_unw=0.9230, val_fpr50_unw=0.020109, val_auc_w=nan, val_fpr50_w=nan, val_metric_source=unweighted, select=auc, best_sel=0.925688, unfreeze=frozen, reco_trainable=0, dual_frozen=False, dual_trainable=2812673
Early stopping StageB-DualPretrain at epoch 31

======================================================================
STEP 4: STAGE C (JOINT FINETUNE)
======================================================================
StageC-Joint ep 1: train_loss=8.6105 (cls=0.3356, rank=0.3003, reco=20.6856, cons=0.1177, delta=0.1106, d_gain=0.1899, d_cost=0.1002, anc_p=0.0000, anc_o=0.0000) | val_auc_unw=0.9259, val_fpr50_unw=0.018008, val_auc_w=nan, val_fpr50_w=nan, val_metric_source=unweighted, select=auc, best_sel=0.925896, unfreeze=all, reco_trainable=7098018, dual_frozen=False, dual_trainable=2812673
StageC-Joint ep 2: train_loss=8.5719 (cls=0.3331, rank=0.3014, reco=20.5936, cons=0.1176, delta=0.1056, d_gain=0.1900, d_cost=0.0985, anc_p=0.0000, anc_o=0.0000) | val_auc_unw=0.9261, val_fpr50_unw=0.018090, val_auc_w=nan, val_fpr50_w=nan, val_metric_source=unweighted, select=auc, best_sel=0.926088, unfreeze=all, reco_trainable=7098018, dual_frozen=False, dual_trainable=2812673
StageC-Joint ep 3: train_loss=8.5521 (cls=0.3334, rank=0.3029, reco=20.5419, cons=0.1176, delta=0.1022, d_gain=0.1901, d_cost=0.0974, anc_p=0.0000, anc_o=0.0000) | val_auc_unw=0.9265, val_fpr50_unw=0.018159, val_auc_w=nan, val_fpr50_w=nan, val_metric_source=unweighted, select=auc, best_sel=0.926502, unfreeze=all, reco_trainable=7098018, dual_frozen=False, dual_trainable=2812673
StageC-Joint ep 4: train_loss=8.5496 (cls=0.3317, rank=0.3029, reco=20.5387, cons=0.1176, delta=0.0987, d_gain=0.1901, d_cost=0.0963, anc_p=0.0000, anc_o=0.0000) | val_auc_unw=0.9262, val_fpr50_unw=0.018322, val_auc_w=nan, val_fpr50_w=nan, val_metric_source=unweighted, select=auc, best_sel=0.926502, unfreeze=all, reco_trainable=7098018, dual_frozen=False, dual_trainable=2812673
StageC-Joint ep 5: train_loss=8.5420 (cls=0.3315, rank=0.3033, reco=20.5188, cons=0.1176, delta=0.0960, d_gain=0.1903, d_cost=0.0954, anc_p=0.0000, anc_o=0.0000) | val_auc_unw=0.9263, val_fpr50_unw=0.018121, val_auc_w=nan, val_fpr50_w=nan, val_metric_source=unweighted, select=auc, best_sel=0.926502, unfreeze=all, reco_trainable=7098018, dual_frozen=False, dual_trainable=2812673
StageC-Joint ep 6: train_loss=8.5363 (cls=0.3309, rank=0.3033, reco=20.5048, cons=0.1176, delta=0.0938, d_gain=0.1899, d_cost=0.0946, anc_p=0.0000, anc_o=0.0000) | val_auc_unw=0.9265, val_fpr50_unw=0.018022, val_auc_w=nan, val_fpr50_w=nan, val_metric_source=unweighted, select=auc, best_sel=0.926502, unfreeze=all, reco_trainable=7098018, dual_frozen=False, dual_trainable=2812673
StageC-Joint ep 7: train_loss=8.5358 (cls=0.3304, rank=0.3039, reco=20.5033, cons=0.1176, delta=0.0918, d_gain=0.1901, d_cost=0.0940, anc_p=0.0000, anc_o=0.0000) | val_auc_unw=0.9264, val_fpr50_unw=0.018231, val_auc_w=nan, val_fpr50_w=nan, val_metric_source=unweighted, select=auc, best_sel=0.926502, unfreeze=all, reco_trainable=7098018, dual_frozen=False, dual_trainable=2812673
StageC-Joint ep 8: train_loss=8.5322 (cls=0.3298, rank=0.3037, reco=20.4947, cons=0.1176, delta=0.0902, d_gain=0.1899, d_cost=0.0934, anc_p=0.0000, anc_o=0.0000) | val_auc_unw=0.9265, val_fpr50_unw=0.018262, val_auc_w=nan, val_fpr50_w=nan, val_metric_source=unweighted, select=auc, best_sel=0.926548, unfreeze=all, reco_trainable=7098018, dual_frozen=False, dual_trainable=2812673
StageC-Joint ep 9: train_loss=8.5245 (cls=0.3301, rank=0.3041, reco=20.4751, cons=0.1176, delta=0.0886, d_gain=0.1898, d_cost=0.0928, anc_p=0.0000, anc_o=0.0000) | val_auc_unw=0.9265, val_fpr50_unw=0.018274, val_auc_w=nan, val_fpr50_w=nan, val_metric_source=unweighted, select=auc, best_sel=0.926548, unfreeze=all, reco_trainable=7098018, dual_frozen=False, dual_trainable=2812673
StageC-Joint ep 10: train_loss=8.5239 (cls=0.3295, rank=0.3044, reco=20.4750, cons=0.1177, delta=0.0875, d_gain=0.1905, d_cost=0.0927, anc_p=0.0000, anc_o=0.0000) | val_auc_unw=0.9266, val_fpr50_unw=0.018081, val_auc_w=nan, val_fpr50_w=nan, val_metric_source=unweighted, select=auc, best_sel=0.926571, unfreeze=all, reco_trainable=7098018, dual_frozen=False, dual_trainable=2812673
StageC-Joint ep 11: train_loss=8.5093 (cls=0.3296, rank=0.3042, reco=20.4383, cons=0.1176, delta=0.0876, d_gain=0.1898, d_cost=0.0925, anc_p=0.0000, anc_o=0.0000) | val_auc_unw=0.9262, val_fpr50_unw=0.018198, val_auc_w=nan, val_fpr50_w=nan, val_metric_source=unweighted, select=auc, best_sel=0.926571, unfreeze=all, reco_trainable=7098018, dual_frozen=False, dual_trainable=2812673
StageC-Joint ep 12: train_loss=8.5136 (cls=0.3293, rank=0.3037, reco=20.4497, cons=0.1176, delta=0.0874, d_gain=0.1903, d_cost=0.0926, anc_p=0.0000, anc_o=0.0000) | val_auc_unw=0.9262, val_fpr50_unw=0.018422, val_auc_w=nan, val_fpr50_w=nan, val_metric_source=unweighted, select=auc, best_sel=0.926571, unfreeze=all, reco_trainable=7098018, dual_frozen=False, dual_trainable=2812673
StageC-Joint ep 13: train_loss=8.5064 (cls=0.3292, rank=0.3039, reco=20.4323, cons=0.1177, delta=0.0868, d_gain=0.1901, d_cost=0.0923, anc_p=0.0000, anc_o=0.0000) | val_auc_unw=0.9264, val_fpr50_unw=0.018250, val_auc_w=nan, val_fpr50_w=nan, val_metric_source=unweighted, select=auc, best_sel=0.926571, unfreeze=all, reco_trainable=7098018, dual_frozen=False, dual_trainable=2812673
StageC-Joint ep 14: train_loss=8.5062 (cls=0.3290, rank=0.3039, reco=20.4323, cons=0.1176, delta=0.0863, d_gain=0.1901, d_cost=0.0921, anc_p=0.0000, anc_o=0.0000) | val_auc_unw=0.9262, val_fpr50_unw=0.018380, val_auc_w=nan, val_fpr50_w=nan, val_metric_source=unweighted, select=auc, best_sel=0.926571, unfreeze=all, reco_trainable=7098018, dual_frozen=False, dual_trainable=2812673
StageC-Joint ep 15: train_loss=8.5036 (cls=0.3286, rank=0.3049, reco=20.4267, cons=0.1176, delta=0.0859, d_gain=0.1904, d_cost=0.0921, anc_p=0.0000, anc_o=0.0000) | val_auc_unw=0.9264, val_fpr50_unw=0.018022, val_auc_w=nan, val_fpr50_w=nan, val_metric_source=unweighted, select=auc, best_sel=0.926571, unfreeze=all, reco_trainable=7098018, dual_frozen=False, dual_trainable=2812673
StageC-Joint ep 16: train_loss=8.5086 (cls=0.3286, rank=0.3042, reco=20.4391, cons=0.1177, delta=0.0864, d_gain=0.1902, d_cost=0.0922, anc_p=0.0000, anc_o=0.0000) | val_auc_unw=0.9263, val_fpr50_unw=0.018436, val_auc_w=nan, val_fpr50_w=nan, val_metric_source=unweighted, select=auc, best_sel=0.926571, unfreeze=all, reco_trainable=7098018, dual_frozen=False, dual_trainable=2812673
StageC-Joint ep 17: train_loss=8.5004 (cls=0.3283, rank=0.3040, reco=20.4196, cons=0.1176, delta=0.0851, d_gain=0.1900, d_cost=0.0917, anc_p=0.0000, anc_o=0.0000) | val_auc_unw=0.9262, val_fpr50_unw=0.018442, val_auc_w=nan, val_fpr50_w=nan, val_metric_source=unweighted, select=auc, best_sel=0.926571, unfreeze=all, reco_trainable=7098018, dual_frozen=False, dual_trainable=2812673
StageC-Joint ep 18: train_loss=8.4996 (cls=0.3272, rank=0.3042, reco=20.4207, cons=0.1176, delta=0.0842, d_gain=0.1904, d_cost=0.0915, anc_p=0.0000, anc_o=0.0000) | val_auc_unw=0.9264, val_fpr50_unw=0.018144, val_auc_w=nan, val_fpr50_w=nan, val_metric_source=unweighted, select=auc, best_sel=0.926571, unfreeze=all, reco_trainable=7098018, dual_frozen=False, dual_trainable=2812673
StageC-Joint ep 19: train_loss=8.4960 (cls=0.3281, rank=0.3045, reco=20.4092, cons=0.1177, delta=0.0847, d_gain=0.1904, d_cost=0.0917, anc_p=0.0000, anc_o=0.0000) | val_auc_unw=0.9263, val_fpr50_unw=0.018195, val_auc_w=nan, val_fpr50_w=nan, val_metric_source=unweighted, select=auc, best_sel=0.926571, unfreeze=all, reco_trainable=7098018, dual_frozen=False, dual_trainable=2812673
StageC-Joint ep 20: train_loss=8.4841 (cls=0.3271, rank=0.3042, reco=20.3821, cons=0.1176, delta=0.0841, d_gain=0.1909, d_cost=0.0917, anc_p=0.0000, anc_o=0.0000) | val_auc_unw=0.9264, val_fpr50_unw=0.018241, val_auc_w=nan, val_fpr50_w=nan, val_metric_source=unweighted, select=auc, best_sel=0.926571, unfreeze=all, reco_trainable=7098018, dual_frozen=False, dual_trainable=2812673
StageC-Joint ep 21: train_loss=8.4995 (cls=0.3267, rank=0.3041, reco=20.4217, cons=0.1178, delta=0.0837, d_gain=0.1905, d_cost=0.0914, anc_p=0.0000, anc_o=0.0000) | val_auc_unw=0.9263, val_fpr50_unw=0.018213, val_auc_w=nan, val_fpr50_w=nan, val_metric_source=unweighted, select=auc, best_sel=0.926571, unfreeze=all, reco_trainable=7098018, dual_frozen=False, dual_trainable=2812673
StageC-Joint ep 22: train_loss=8.4841 (cls=0.3278, rank=0.3047, reco=20.3803, cons=0.1177, delta=0.0837, d_gain=0.1904, d_cost=0.0914, anc_p=0.0000, anc_o=0.0000) | val_auc_unw=0.9263, val_fpr50_unw=0.018443, val_auc_w=nan, val_fpr50_w=nan, val_metric_source=unweighted, select=auc, best_sel=0.926571, unfreeze=all, reco_trainable=7098018, dual_frozen=False, dual_trainable=2812673
StageC-Joint ep 23: train_loss=8.4902 (cls=0.3270, rank=0.3041, reco=20.3974, cons=0.1177, delta=0.0839, d_gain=0.1905, d_cost=0.0915, anc_p=0.0000, anc_o=0.0000) | val_auc_unw=0.9264, val_fpr50_unw=0.018177, val_auc_w=nan, val_fpr50_w=nan, val_metric_source=unweighted, select=auc, best_sel=0.926571, unfreeze=all, reco_trainable=7098018, dual_frozen=False, dual_trainable=2812673
StageC-Joint ep 24: train_loss=8.4925 (cls=0.3270, rank=0.3044, reco=20.4034, cons=0.1177, delta=0.0834, d_gain=0.1906, d_cost=0.0913, anc_p=0.0000, anc_o=0.0000) | val_auc_unw=0.9259, val_fpr50_unw=0.018294, val_auc_w=nan, val_fpr50_w=nan, val_metric_source=unweighted, select=auc, best_sel=0.926571, unfreeze=all, reco_trainable=7098018, dual_frozen=False, dual_trainable=2812673
StageC-Joint ep 25: train_loss=8.4846 (cls=0.3265, rank=0.3050, reco=20.3849, cons=0.1177, delta=0.0836, d_gain=0.1909, d_cost=0.0915, anc_p=0.0000, anc_o=0.0000) | val_auc_unw=0.9263, val_fpr50_unw=0.017969, val_auc_w=nan, val_fpr50_w=nan, val_metric_source=unweighted, select=auc, best_sel=0.926571, unfreeze=all, reco_trainable=7098018, dual_frozen=False, dual_trainable=2812673
Early stopping StageC-Joint at epoch 25

======================================================================
STEP 5: RECONSTRUCTION DIAGNOSTICS
======================================================================

Jet pT response/resolution by truth pT bin (test split):
  pT_low - pT_high | N | HLT resp | HLT reso | Corrected resp | Corrected reso
  172739.4 - 504068.9 | 18750 | 0.8681 | 0.1516 | 0.7295 | 0.1328
  504068.9 - 773424.6 | 18750 | 0.8445 | 0.1720 | 0.6461 | 0.1322
  773424.6 - 1093714.0 | 18750 | 0.8330 | 0.1869 | 0.5889 | 0.1291
  1093714.0 - 1365805.0 | 18750 | 0.8218 | 0.2022 | 0.5487 | 0.1307
  1365805.0 - 1711763.0 | 18750 | 0.8203 | 0.2056 | 0.5308 | 0.1304
  1711763.0 - 2155283.2 | 18750 | 0.8155 | 0.2123 | 0.5133 | 0.1327
  2155283.2 - 2633962.7 | 18750 | 0.8110 | 0.2225 | 0.4941 | 0.1366
  2633962.7 - 4355157.0 | 18750 | 0.7996 | 0.2295 | 0.4783 | 0.1391

Constituent-count diagnostics:
  Means: offline=54.297, hlt=29.181, reco=51.560
  MAE vs offline: hlt=25.116, reco=5.328

Budget diagnostics (test split):
  MAE: merge=5.241, eff=0.000, total=5.241
  Bias: merge=-2.218, eff=0.000, total=-2.218

======================================================================
FINAL TEST EVALUATION
======================================================================
Teacher (Offline) AUC: 0.9533
Baseline (HLT)   AUC: 0.9214
Stage2 (PreJoint) AUC: 0.9237
Stage2 (BestValFPR50) AUC: 0.9237
Joint Dual-View  AUC: 0.9249
Joint Dual-View (BestValFPR50) AUC: 0.9246

FPR@30 Teacher/Baseline/Stage2/Joint: 0.002131 / 0.005524 / 0.005357 / 0.004875
FPR@30 Stage2BestFPR / JointBestFPR: 0.005357 / 0.004890
FPR@50 Teacher/Baseline/Stage2/Joint: 0.009940 / 0.021587 / 0.019692 / 0.018841
FPR@50 Stage2BestFPR / JointBestFPR: 0.019692 / 0.018839
Saving val/test score arrays for fusion analysis...
Saved fusion score arrays to: checkpoints/reco_teacher_joint_fusion_6model_150k75k150k/model2_joint_chamfer_budget_local_ptratio_unselected0_localr0_wlocal010/model2_joint_chamfer_budget_local_ptratio_unselected0_localr0_wlocal010_150k75k150k_seed0/fusion_scores_val_test.npz

Saved joint results to: checkpoints/reco_teacher_joint_fusion_6model_150k75k150k/model2_joint_chamfer_budget_local_ptratio_unselected0_localr0_wlocal010/model2_joint_chamfer_budget_local_ptratio_unselected0_localr0_wlocal010_150k75k150k_seed0
Done: checkpoints/reco_teacher_joint_fusion_6model_150k75k150k/model2_joint_chamfer_budget_local_ptratio_unselected0_localr0_wlocal010/model2_joint_chamfer_budget_local_ptratio_unselected0_localr0_wlocal010_150k75k150k_seed0
