============================================================
Model-2 Joint (Combo: Hungarian + Chamfer, L_phys=L_pt_ratio=L_e_ratio=0)
Run: checkpoints/reco_teacher_joint_fusion_6model_150k75k150k/model2_joint_hungarian_chamfer_nophys_noratio/model2_joint_hungarian_chamfer_nophys_noratio_150k75k150k_seed0
Split: train=150000, val=75000, test=150000
============================================================
 python offline_reconstructor_joint_dualview_stage2save_auc_norankc_nopriv_unmergeonly.py --save_dir checkpoints/reco_teacher_joint_fusion_6model_150k75k150k/model2_joint_hungarian_chamfer_nophys_noratio --run_name model2_joint_hungarian_chamfer_nophys_noratio_150k75k150k_seed0 --n_train_jets 375000 --n_train_split 150000 --n_val_split 75000 --n_test_split 150000 --offset_jets 0 --max_constits 100 --num_workers 6 --seed 0 --selection_metric auc --stageB_lambda_rank 0.0 --stageB_lambda_cons 0.0 --stageC_lr_dual 1e-5 --stageC_lr_reco 5e-6 --lambda_reco 0.4 --lambda_cons 0.06 --stageC_lambda_delta 0.05 --stageC_delta_tau 0.05 --stageC_delta_lambda_fp 3.0 --stageC_delta_warmup_epochs 8 --added_target_scale 0.90 --loss_set_mode combo --loss_set_combo_w_chamfer 1.0 --loss_set_combo_w_sinkhorn 0.0 --loss_set_combo_w_ot 0.0 --loss_set_combo_w_hungarian 1.0 --loss_set_sinkhorn_eps 0.08 --loss_set_sinkhorn_iters 25 --loss_set_ot_eps 0.02 --loss_set_ot_iters 50 --loss_w_phys 0.0 --loss_w_pt_ratio 0.0 --loss_w_e_ratio 0.0 --loss_w_local 0.05 --save_fusion_scores --disable_final_kd --device cuda
Device: cuda
Save dir: checkpoints/reco_teacher_joint_fusion_6model_150k75k150k/model2_joint_hungarian_chamfer_nophys_noratio/model2_joint_hungarian_chamfer_nophys_noratio_150k75k150k_seed0
Loading offline constituents...
Generating pseudo-HLT...
Non-priv target setup: added_target_scale=0.900, mean_true_added_raw=25.116, mean_target_added=22.604
Computing features...
Split sizes: Train=150000, Val=75000, Test=150000 (custom_counts=True)
Stage-B train subset: N=150000 / 150000 (frac=1.000, seed=0)

======================================================================
STEP 1: TEACHER + BASELINE
======================================================================
Teacher ep 5: train_auc=0.9440, val_auc=0.9452, val_fpr50=0.012872, best_auc=0.9452, fpr50@best=0.012872
Teacher ep 10: train_auc=0.9508, val_auc=0.9526, val_fpr50=0.010339, best_auc=0.9526, fpr50@best=0.010339
Teacher ep 15: train_auc=0.9546, val_auc=0.9531, val_fpr50=0.010596, best_auc=0.9531, fpr50@best=0.010596
Teacher ep 20: train_auc=0.9580, val_auc=0.9481, val_fpr50=0.013080, best_auc=0.9531, fpr50@best=0.010596
Teacher ep 25: train_auc=0.9611, val_auc=0.9513, val_fpr50=0.011204, best_auc=0.9533, fpr50@best=0.010321
Teacher ep 30: train_auc=0.9655, val_auc=0.9500, val_fpr50=0.012562, best_auc=0.9533, fpr50@best=0.010321
Teacher ep 35: train_auc=0.9703, val_auc=0.9496, val_fpr50=0.011569, best_auc=0.9533, fpr50@best=0.010321
Early stopping Teacher at epoch 37
Baseline ep 5: train_auc=0.9094, val_auc=0.8948, val_fpr50=0.032946, best_auc=0.9088, fpr50@best=0.028321
Baseline ep 10: train_auc=0.9175, val_auc=0.9175, val_fpr50=0.022875, best_auc=0.9203, fpr50@best=0.020761
Baseline ep 15: train_auc=0.9218, val_auc=0.9201, val_fpr50=0.020573, best_auc=0.9218, fpr50@best=0.020293
Baseline ep 20: train_auc=0.9252, val_auc=0.9219, val_fpr50=0.021363, best_auc=0.9225, fpr50@best=0.019666
Baseline ep 25: train_auc=0.9289, val_auc=0.9231, val_fpr50=0.020517, best_auc=0.9231, fpr50@best=0.020517
Baseline ep 30: train_auc=0.9337, val_auc=0.9208, val_fpr50=0.022613, best_auc=0.9243, fpr50@best=0.019289
Baseline ep 35: train_auc=0.9383, val_auc=0.9202, val_fpr50=0.021379, best_auc=0.9243, fpr50@best=0.019289
Baseline ep 40: train_auc=0.9436, val_auc=0.9190, val_fpr50=0.022797, best_auc=0.9243, fpr50@best=0.019289
Early stopping Baseline at epoch 43
StageC weak-delta HLT reference @TPR=0.50: threshold_prob=0.902878, val_auc_hlt=0.9243

======================================================================
STEP 2: STAGE A (RECONSTRUCTOR PRETRAIN)
======================================================================
Ep 5: train_total=26.2870, val_total_unw=25.3677, val_total_w=25.3677, select=unweighted, best_sel=25.3487 | set_unw=0.7006, phys_unw=0.5201, budget_unw=37.9445, stage_scale=0.35
Ep 10: train_total=25.2111, val_total_unw=30.4500, val_total_w=30.4500, select=unweighted, best_sel=24.8188 | set_unw=0.7083, phys_unw=0.5676, budget_unw=45.7527, stage_scale=0.35
Ep 15: train_total=24.7625, val_total_unw=24.5289, val_total_w=24.5289, select=unweighted, best_sel=24.5289 | set_unw=0.6955, phys_unw=0.5202, budget_unw=36.6630, stage_scale=0.35
Ep 20: train_total=24.4564, val_total_unw=25.3184, val_total_w=25.3184, select=unweighted, best_sel=24.5289 | set_unw=0.7107, phys_unw=0.5381, budget_unw=37.8541, stage_scale=0.35
Stage-A transition -> reloaded best from phase_035 (epoch=15, val_total=24.5289)
Ep 25: train_total=22.7947, val_total_unw=23.2902, val_total_w=23.2902, select=unweighted, best_sel=23.2292 | set_unw=0.6838, phys_unw=0.5072, budget_unw=34.7750, stage_scale=0.70
Ep 30: train_total=22.5081, val_total_unw=24.8967, val_total_w=24.8967, select=unweighted, best_sel=23.1955 | set_unw=0.6947, phys_unw=0.5450, budget_unw=37.2303, stage_scale=0.70
Ep 35: train_total=22.3886, val_total_unw=23.3740, val_total_w=23.3740, select=unweighted, best_sel=22.9952 | set_unw=0.6886, phys_unw=0.5257, budget_unw=34.8968, stage_scale=0.70
Ep 40: train_total=22.1910, val_total_unw=22.7932, val_total_w=22.7932, select=unweighted, best_sel=22.7932 | set_unw=0.6853, phys_unw=0.5196, budget_unw=34.0084, stage_scale=0.70
Ep 45: train_total=22.0238, val_total_unw=22.9154, val_total_w=22.9154, select=unweighted, best_sel=22.5860 | set_unw=0.6743, phys_unw=0.5234, budget_unw=34.2133, stage_scale=0.70
Ep 50: train_total=21.8601, val_total_unw=23.4092, val_total_w=23.4092, select=unweighted, best_sel=22.2669 | set_unw=0.6845, phys_unw=0.5343, budget_unw=34.9573, stage_scale=0.70
Ep 55: train_total=21.6698, val_total_unw=23.0698, val_total_w=23.0698, select=unweighted, best_sel=22.2336 | set_unw=0.6860, phys_unw=0.5321, budget_unw=34.4328, stage_scale=0.70
Stage-A transition -> reloaded best from phase_070 (epoch=52, val_total=22.2336)
Ep 60: train_total=21.2013, val_total_unw=23.7605, val_total_w=23.7605, select=unweighted, best_sel=22.2146 | set_unw=0.6559, phys_unw=0.5322, budget_unw=35.5418, stage_scale=1.00
Ep 65: train_total=20.9800, val_total_unw=23.0982, val_total_w=23.0982, select=unweighted, best_sel=22.2146 | set_unw=0.6539, phys_unw=0.5167, budget_unw=34.5261, stage_scale=1.00
Ep 70: train_total=20.7244, val_total_unw=22.4072, val_total_w=22.4072, select=unweighted, best_sel=22.0847 | set_unw=0.6519, phys_unw=0.5091, budget_unw=33.4660, stage_scale=1.00
Ep 75: train_total=20.4351, val_total_unw=22.5273, val_total_w=22.5273, select=unweighted, best_sel=22.0847 | set_unw=0.6521, phys_unw=0.5111, budget_unw=33.6504, stage_scale=1.00
Ep 80: train_total=20.1864, val_total_unw=22.7157, val_total_w=22.7157, select=unweighted, best_sel=22.0847 | set_unw=0.6529, phys_unw=0.5114, budget_unw=33.9390, stage_scale=1.00
Ep 85: train_total=19.9837, val_total_unw=22.5468, val_total_w=22.5468, select=unweighted, best_sel=22.0847 | set_unw=0.6523, phys_unw=0.5127, budget_unw=33.6801, stage_scale=1.00
Early stopping reconstructor at epoch 85

======================================================================
STEP 3: STAGE B (DUAL PRETRAIN, FROZEN RECONSTRUCTOR)
======================================================================
StageB-DualPretrain ep 5: train_loss=0.3779 (cls=0.3779, rank=0.3032, reco=0.0000, cons=0.1186, delta=0.0000, d_gain=0.0000, d_cost=0.0000, anc_p=0.0000, anc_o=0.0000) | val_auc_unw=0.9119, val_fpr50_unw=0.024625, val_auc_w=nan, val_fpr50_w=nan, val_metric_source=unweighted, select=auc, best_sel=0.911942, unfreeze=frozen, reco_trainable=0, dual_frozen=False, dual_trainable=2812673
StageB-DualPretrain ep 10: train_loss=0.3622 (cls=0.3622, rank=0.3028, reco=0.0000, cons=0.1186, delta=0.0000, d_gain=0.0000, d_cost=0.0000, anc_p=0.0000, anc_o=0.0000) | val_auc_unw=0.9209, val_fpr50_unw=0.020071, val_auc_w=nan, val_fpr50_w=nan, val_metric_source=unweighted, select=auc, best_sel=0.920921, unfreeze=frozen, reco_trainable=0, dual_frozen=False, dual_trainable=2812673
StageB-DualPretrain ep 15: train_loss=0.3530 (cls=0.3530, rank=0.3020, reco=0.0000, cons=0.1186, delta=0.0000, d_gain=0.0000, d_cost=0.0000, anc_p=0.0000, anc_o=0.0000) | val_auc_unw=0.9224, val_fpr50_unw=0.019075, val_auc_w=nan, val_fpr50_w=nan, val_metric_source=unweighted, select=auc, best_sel=0.922858, unfreeze=frozen, reco_trainable=0, dual_frozen=False, dual_trainable=2812673
StageB-DualPretrain ep 20: train_loss=0.3429 (cls=0.3429, rank=0.3022, reco=0.0000, cons=0.1187, delta=0.0000, d_gain=0.0000, d_cost=0.0000, anc_p=0.0000, anc_o=0.0000) | val_auc_unw=0.9228, val_fpr50_unw=0.020386, val_auc_w=nan, val_fpr50_w=nan, val_metric_source=unweighted, select=auc, best_sel=0.924212, unfreeze=frozen, reco_trainable=0, dual_frozen=False, dual_trainable=2812673
StageB-DualPretrain ep 25: train_loss=0.3333 (cls=0.3333, rank=0.3025, reco=0.0000, cons=0.1186, delta=0.0000, d_gain=0.0000, d_cost=0.0000, anc_p=0.0000, anc_o=0.0000) | val_auc_unw=0.9246, val_fpr50_unw=0.018708, val_auc_w=nan, val_fpr50_w=nan, val_metric_source=unweighted, select=auc, best_sel=0.924627, unfreeze=frozen, reco_trainable=0, dual_frozen=False, dual_trainable=2812673
StageB-DualPretrain ep 30: train_loss=0.3225 (cls=0.3225, rank=0.3049, reco=0.0000, cons=0.1186, delta=0.0000, d_gain=0.0000, d_cost=0.0000, anc_p=0.0000, anc_o=0.0000) | val_auc_unw=0.9220, val_fpr50_unw=0.019348, val_auc_w=nan, val_fpr50_w=nan, val_metric_source=unweighted, select=auc, best_sel=0.924627, unfreeze=frozen, reco_trainable=0, dual_frozen=False, dual_trainable=2812673
StageB-DualPretrain ep 35: train_loss=0.3120 (cls=0.3120, rank=0.3068, reco=0.0000, cons=0.1186, delta=0.0000, d_gain=0.0000, d_cost=0.0000, anc_p=0.0000, anc_o=0.0000) | val_auc_unw=0.9227, val_fpr50_unw=0.019846, val_auc_w=nan, val_fpr50_w=nan, val_metric_source=unweighted, select=auc, best_sel=0.924627, unfreeze=frozen, reco_trainable=0, dual_frozen=False, dual_trainable=2812673
Early stopping StageB-DualPretrain at epoch 37

======================================================================
STEP 4: STAGE C (JOINT FINETUNE)
======================================================================
StageC-Joint ep 1: train_loss=8.5984 (cls=0.3266, rank=0.3046, reco=20.6601, cons=0.1179, delta=0.1067, d_gain=0.1856, d_cost=0.0974, anc_p=0.0000, anc_o=0.0000) | val_auc_unw=0.9252, val_fpr50_unw=0.018803, val_auc_w=nan, val_fpr50_w=nan, val_metric_source=unweighted, select=auc, best_sel=0.925158, unfreeze=all, reco_trainable=7098018, dual_frozen=False, dual_trainable=2812673
StageC-Joint ep 2: train_loss=8.5695 (cls=0.3245, rank=0.3047, reco=20.5916, cons=0.1176, delta=0.1034, d_gain=0.1855, d_cost=0.0963, anc_p=0.0000, anc_o=0.0000) | val_auc_unw=0.9248, val_fpr50_unw=0.018771, val_auc_w=nan, val_fpr50_w=nan, val_metric_source=unweighted, select=auc, best_sel=0.925158, unfreeze=all, reco_trainable=7098018, dual_frozen=False, dual_trainable=2812673
StageC-Joint ep 3: train_loss=8.5607 (cls=0.3231, rank=0.3052, reco=20.5718, cons=0.1176, delta=0.0991, d_gain=0.1860, d_cost=0.0950, anc_p=0.0000, anc_o=0.0000) | val_auc_unw=0.9248, val_fpr50_unw=0.018724, val_auc_w=nan, val_fpr50_w=nan, val_metric_source=unweighted, select=auc, best_sel=0.925158, unfreeze=all, reco_trainable=7098018, dual_frozen=False, dual_trainable=2812673
StageC-Joint ep 4: train_loss=8.5455 (cls=0.3230, rank=0.3058, reco=20.5326, cons=0.1177, delta=0.0958, d_gain=0.1856, d_cost=0.0938, anc_p=0.0000, anc_o=0.0000) | val_auc_unw=0.9252, val_fpr50_unw=0.018985, val_auc_w=nan, val_fpr50_w=nan, val_metric_source=unweighted, select=auc, best_sel=0.925161, unfreeze=all, reco_trainable=7098018, dual_frozen=False, dual_trainable=2812673
StageC-Joint ep 5: train_loss=8.5431 (cls=0.3231, rank=0.3052, reco=20.5251, cons=0.1176, delta=0.0942, d_gain=0.1857, d_cost=0.0933, anc_p=0.0000, anc_o=0.0000) | val_auc_unw=0.9248, val_fpr50_unw=0.018776, val_auc_w=nan, val_fpr50_w=nan, val_metric_source=unweighted, select=auc, best_sel=0.925161, unfreeze=all, reco_trainable=7098018, dual_frozen=False, dual_trainable=2812673
StageC-Joint ep 6: train_loss=8.5361 (cls=0.3219, rank=0.3068, reco=20.5093, cons=0.1177, delta=0.0916, d_gain=0.1858, d_cost=0.0925, anc_p=0.0000, anc_o=0.0000) | val_auc_unw=0.9249, val_fpr50_unw=0.018823, val_auc_w=nan, val_fpr50_w=nan, val_metric_source=unweighted, select=auc, best_sel=0.925161, unfreeze=all, reco_trainable=7098018, dual_frozen=False, dual_trainable=2812673
StageC-Joint ep 7: train_loss=8.5303 (cls=0.3219, rank=0.3054, reco=20.4934, cons=0.1177, delta=0.0907, d_gain=0.1855, d_cost=0.0921, anc_p=0.0000, anc_o=0.0000) | val_auc_unw=0.9247, val_fpr50_unw=0.019162, val_auc_w=nan, val_fpr50_w=nan, val_metric_source=unweighted, select=auc, best_sel=0.925161, unfreeze=all, reco_trainable=7098018, dual_frozen=False, dual_trainable=2812673
StageC-Joint ep 8: train_loss=8.5247 (cls=0.3212, rank=0.3059, reco=20.4803, cons=0.1176, delta=0.0875, d_gain=0.1853, d_cost=0.0910, anc_p=0.0000, anc_o=0.0000) | val_auc_unw=0.9247, val_fpr50_unw=0.018979, val_auc_w=nan, val_fpr50_w=nan, val_metric_source=unweighted, select=auc, best_sel=0.925161, unfreeze=all, reco_trainable=7098018, dual_frozen=False, dual_trainable=2812673
StageC-Joint ep 9: train_loss=8.5201 (cls=0.3208, rank=0.3061, reco=20.4697, cons=0.1177, delta=0.0861, d_gain=0.1857, d_cost=0.0906, anc_p=0.0000, anc_o=0.0000) | val_auc_unw=0.9249, val_fpr50_unw=0.019020, val_auc_w=nan, val_fpr50_w=nan, val_metric_source=unweighted, select=auc, best_sel=0.925161, unfreeze=all, reco_trainable=7098018, dual_frozen=False, dual_trainable=2812673
StageC-Joint ep 10: train_loss=8.5215 (cls=0.3206, rank=0.3063, reco=20.4740, cons=0.1177, delta=0.0854, d_gain=0.1856, d_cost=0.0903, anc_p=0.0000, anc_o=0.0000) | val_auc_unw=0.9247, val_fpr50_unw=0.019325, val_auc_w=nan, val_fpr50_w=nan, val_metric_source=unweighted, select=auc, best_sel=0.925161, unfreeze=all, reco_trainable=7098018, dual_frozen=False, dual_trainable=2812673
StageC-Joint ep 11: train_loss=8.5138 (cls=0.3202, rank=0.3056, reco=20.4556, cons=0.1176, delta=0.0860, d_gain=0.1858, d_cost=0.0906, anc_p=0.0000, anc_o=0.0000) | val_auc_unw=0.9246, val_fpr50_unw=0.019146, val_auc_w=nan, val_fpr50_w=nan, val_metric_source=unweighted, select=auc, best_sel=0.925161, unfreeze=all, reco_trainable=7098018, dual_frozen=False, dual_trainable=2812673
StageC-Joint ep 12: train_loss=8.5191 (cls=0.3199, rank=0.3059, reco=20.4696, cons=0.1178, delta=0.0851, d_gain=0.1856, d_cost=0.0902, anc_p=0.0000, anc_o=0.0000) | val_auc_unw=0.9247, val_fpr50_unw=0.019271, val_auc_w=nan, val_fpr50_w=nan, val_metric_source=unweighted, select=auc, best_sel=0.925161, unfreeze=all, reco_trainable=7098018, dual_frozen=False, dual_trainable=2812673
StageC-Joint ep 13: train_loss=8.5065 (cls=0.3196, rank=0.3056, reco=20.4394, cons=0.1177, delta=0.0836, d_gain=0.1857, d_cost=0.0898, anc_p=0.0000, anc_o=0.0000) | val_auc_unw=0.9244, val_fpr50_unw=0.019320, val_auc_w=nan, val_fpr50_w=nan, val_metric_source=unweighted, select=auc, best_sel=0.925161, unfreeze=all, reco_trainable=7098018, dual_frozen=False, dual_trainable=2812673
StageC-Joint ep 14: train_loss=8.5062 (cls=0.3194, rank=0.3064, reco=20.4386, cons=0.1176, delta=0.0846, d_gain=0.1858, d_cost=0.0901, anc_p=0.0000, anc_o=0.0000) | val_auc_unw=0.9244, val_fpr50_unw=0.019455, val_auc_w=nan, val_fpr50_w=nan, val_metric_source=unweighted, select=auc, best_sel=0.925161, unfreeze=all, reco_trainable=7098018, dual_frozen=False, dual_trainable=2812673
StageC-Joint ep 15: train_loss=8.5053 (cls=0.3197, rank=0.3061, reco=20.4358, cons=0.1177, delta=0.0840, d_gain=0.1859, d_cost=0.0900, anc_p=0.0000, anc_o=0.0000) | val_auc_unw=0.9240, val_fpr50_unw=0.019411, val_auc_w=nan, val_fpr50_w=nan, val_metric_source=unweighted, select=auc, best_sel=0.925161, unfreeze=all, reco_trainable=7098018, dual_frozen=False, dual_trainable=2812673
StageC-Joint ep 16: train_loss=8.5006 (cls=0.3198, rank=0.3064, reco=20.4238, cons=0.1177, delta=0.0845, d_gain=0.1859, d_cost=0.0901, anc_p=0.0000, anc_o=0.0000) | val_auc_unw=0.9245, val_fpr50_unw=0.019571, val_auc_w=nan, val_fpr50_w=nan, val_metric_source=unweighted, select=auc, best_sel=0.925161, unfreeze=all, reco_trainable=7098018, dual_frozen=False, dual_trainable=2812673
StageC-Joint ep 17: train_loss=8.5048 (cls=0.3189, rank=0.3060, reco=20.4368, cons=0.1176, delta=0.0831, d_gain=0.1860, d_cost=0.0897, anc_p=0.0000, anc_o=0.0000) | val_auc_unw=0.9242, val_fpr50_unw=0.019265, val_auc_w=nan, val_fpr50_w=nan, val_metric_source=unweighted, select=auc, best_sel=0.925161, unfreeze=all, reco_trainable=7098018, dual_frozen=False, dual_trainable=2812673
StageC-Joint ep 18: train_loss=8.5021 (cls=0.3187, rank=0.3061, reco=20.4306, cons=0.1177, delta=0.0829, d_gain=0.1859, d_cost=0.0896, anc_p=0.0000, anc_o=0.0000) | val_auc_unw=0.9242, val_fpr50_unw=0.020000, val_auc_w=nan, val_fpr50_w=nan, val_metric_source=unweighted, select=auc, best_sel=0.925161, unfreeze=all, reco_trainable=7098018, dual_frozen=False, dual_trainable=2812673
StageC-Joint ep 19: train_loss=8.5035 (cls=0.3189, rank=0.3061, reco=20.4334, cons=0.1176, delta=0.0831, d_gain=0.1861, d_cost=0.0897, anc_p=0.0000, anc_o=0.0000) | val_auc_unw=0.9242, val_fpr50_unw=0.019634, val_auc_w=nan, val_fpr50_w=nan, val_metric_source=unweighted, select=auc, best_sel=0.925161, unfreeze=all, reco_trainable=7098018, dual_frozen=False, dual_trainable=2812673
StageC-Joint ep 20: train_loss=8.4957 (cls=0.3186, rank=0.3065, reco=20.4147, cons=0.1177, delta=0.0825, d_gain=0.1861, d_cost=0.0895, anc_p=0.0000, anc_o=0.0000) | val_auc_unw=0.9243, val_fpr50_unw=0.019590, val_auc_w=nan, val_fpr50_w=nan, val_metric_source=unweighted, select=auc, best_sel=0.925161, unfreeze=all, reco_trainable=7098018, dual_frozen=False, dual_trainable=2812673
StageC-Joint ep 21: train_loss=8.4948 (cls=0.3181, rank=0.3066, reco=20.4139, cons=0.1177, delta=0.0820, d_gain=0.1862, d_cost=0.0894, anc_p=0.0000, anc_o=0.0000) | val_auc_unw=0.9241, val_fpr50_unw=0.019719, val_auc_w=nan, val_fpr50_w=nan, val_metric_source=unweighted, select=auc, best_sel=0.925161, unfreeze=all, reco_trainable=7098018, dual_frozen=False, dual_trainable=2812673
StageC-Joint ep 22: train_loss=8.5036 (cls=0.3184, rank=0.3062, reco=20.4351, cons=0.1177, delta=0.0827, d_gain=0.1860, d_cost=0.0896, anc_p=0.0000, anc_o=0.0000) | val_auc_unw=0.9243, val_fpr50_unw=0.019738, val_auc_w=nan, val_fpr50_w=nan, val_metric_source=unweighted, select=auc, best_sel=0.925161, unfreeze=all, reco_trainable=7098018, dual_frozen=False, dual_trainable=2812673
StageC-Joint ep 23: train_loss=8.4872 (cls=0.3170, rank=0.3055, reco=20.3977, cons=0.1176, delta=0.0815, d_gain=0.1864, d_cost=0.0893, anc_p=0.0000, anc_o=0.0000) | val_auc_unw=0.9240, val_fpr50_unw=0.019536, val_auc_w=nan, val_fpr50_w=nan, val_metric_source=unweighted, select=auc, best_sel=0.925161, unfreeze=all, reco_trainable=7098018, dual_frozen=False, dual_trainable=2812673
StageC-Joint ep 24: train_loss=8.4813 (cls=0.3186, rank=0.3067, reco=20.3791, cons=0.1177, delta=0.0814, d_gain=0.1861, d_cost=0.0892, anc_p=0.0000, anc_o=0.0000) | val_auc_unw=0.9242, val_fpr50_unw=0.019791, val_auc_w=nan, val_fpr50_w=nan, val_metric_source=unweighted, select=auc, best_sel=0.925161, unfreeze=all, reco_trainable=7098018, dual_frozen=False, dual_trainable=2812673
StageC-Joint ep 25: train_loss=8.4909 (cls=0.3181, rank=0.3067, reco=20.4041, cons=0.1177, delta=0.0816, d_gain=0.1860, d_cost=0.0892, anc_p=0.0000, anc_o=0.0000) | val_auc_unw=0.9242, val_fpr50_unw=0.019732, val_auc_w=nan, val_fpr50_w=nan, val_metric_source=unweighted, select=auc, best_sel=0.925161, unfreeze=all, reco_trainable=7098018, dual_frozen=False, dual_trainable=2812673
Early stopping StageC-Joint at epoch 25

======================================================================
STEP 5: RECONSTRUCTION DIAGNOSTICS
======================================================================

Jet pT response/resolution by truth pT bin (test split):
  pT_low - pT_high | N | HLT resp | HLT reso | Corrected resp | Corrected reso
  172739.4 - 504068.9 | 18750 | 0.8681 | 0.1516 | 0.6678 | 0.1244
  504068.9 - 773424.6 | 18750 | 0.8445 | 0.1720 | 0.5845 | 0.1230
  773424.6 - 1093714.0 | 18750 | 0.8330 | 0.1869 | 0.5365 | 0.1210
  1093714.0 - 1365805.0 | 18750 | 0.8218 | 0.2022 | 0.5067 | 0.1221
  1365805.0 - 1711763.0 | 18750 | 0.8203 | 0.2056 | 0.4937 | 0.1221
  1711763.0 - 2155283.2 | 18750 | 0.8155 | 0.2123 | 0.4819 | 0.1235
  2155283.2 - 2633962.7 | 18750 | 0.8110 | 0.2225 | 0.4689 | 0.1255
  2633962.7 - 4355157.0 | 18750 | 0.7996 | 0.2295 | 0.4514 | 0.1251

Constituent-count diagnostics:
  Means: offline=54.297, hlt=29.181, reco=51.174
  MAE vs offline: hlt=25.116, reco=5.474

Budget diagnostics (test split):
  MAE: merge=5.278, eff=0.000, total=5.278
  Bias: merge=-2.238, eff=0.000, total=-2.238

======================================================================
FINAL TEST EVALUATION
======================================================================
Teacher (Offline) AUC: 0.9529
Baseline (HLT)   AUC: 0.9226
Stage2 (PreJoint) AUC: 0.9224
Stage2 (BestValFPR50) AUC: 0.9224
Joint Dual-View  AUC: 0.9231
Joint Dual-View (BestValFPR50) AUC: 0.9228

FPR@30 Teacher/Baseline/Stage2/Joint: 0.002224 / 0.005384 / 0.005355 / 0.005261
FPR@30 Stage2BestFPR / JointBestFPR: 0.005355 / 0.005341
FPR@50 Teacher/Baseline/Stage2/Joint: 0.009959 / 0.020448 / 0.020075 / 0.019933
FPR@50 Stage2BestFPR / JointBestFPR: 0.020075 / 0.019900
Saving val/test score arrays for fusion analysis...
Saved fusion score arrays to: checkpoints/reco_teacher_joint_fusion_6model_150k75k150k/model2_joint_hungarian_chamfer_nophys_noratio/model2_joint_hungarian_chamfer_nophys_noratio_150k75k150k_seed0/fusion_scores_val_test.npz

Saved joint results to: checkpoints/reco_teacher_joint_fusion_6model_150k75k150k/model2_joint_hungarian_chamfer_nophys_noratio/model2_joint_hungarian_chamfer_nophys_noratio_150k75k150k_seed0
Done: checkpoints/reco_teacher_joint_fusion_6model_150k75k150k/model2_joint_hungarian_chamfer_nophys_noratio/model2_joint_hungarian_chamfer_nophys_noratio_150k75k150k_seed0
