============================================================
Model-2 Joint (Chamfer + local only among budget/sparse/local; phys/pt/e OFF)
Run: checkpoints/reco_teacher_joint_fusion_6model_150k75k150k/model2_joint_chamfer_localonly/model2_joint_chamfer_localonly_150k75k150k_seed0
Split: train=150000, val=75000, test=150000
============================================================
 python offline_reconstructor_joint_dualview_stage2save_auc_norankc_nopriv_unmergeonly.py --save_dir checkpoints/reco_teacher_joint_fusion_6model_150k75k150k/model2_joint_chamfer_localonly --run_name model2_joint_chamfer_localonly_150k75k150k_seed0 --n_train_jets 375000 --n_train_split 150000 --n_val_split 75000 --n_test_split 150000 --offset_jets 0 --max_constits 100 --num_workers 6 --seed 0 --selection_metric auc --stageB_lambda_rank 0.0 --stageB_lambda_cons 0.0 --stageC_lr_dual 1e-5 --stageC_lr_reco 5e-6 --lambda_reco 0.4 --lambda_cons 0.0 --stageC_lambda_delta 0.05 --stageC_delta_tau 0.05 --stageC_delta_lambda_fp 3.0 --stageC_delta_warmup_epochs 8 --added_target_scale 0.90 --loss_set_mode chamfer --loss_w_phys 0.0 --loss_w_pt_ratio 0.0 --loss_w_e_ratio 0.0 --loss_w_budget 0.0 --loss_w_sparse 0.0 --loss_w_local 0.05 --save_fusion_scores --disable_final_kd --device cuda
Device: cuda
Save dir: checkpoints/reco_teacher_joint_fusion_6model_150k75k150k/model2_joint_chamfer_localonly/model2_joint_chamfer_localonly_150k75k150k_seed0
Loading offline constituents...
Generating pseudo-HLT...
Non-priv target setup: added_target_scale=0.900, mean_true_added_raw=25.116, mean_target_added=22.604
Computing features...
Split sizes: Train=150000, Val=75000, Test=150000 (custom_counts=True)
Stage-B train subset: N=150000 / 150000 (frac=1.000, seed=0)

======================================================================
STEP 1: TEACHER + BASELINE
======================================================================
Teacher ep 5: train_auc=0.9439, val_auc=0.9469, val_fpr50=0.012873, best_auc=0.9469, fpr50@best=0.012873
Teacher ep 10: train_auc=0.9509, val_auc=0.9526, val_fpr50=0.010285, best_auc=0.9526, fpr50@best=0.010285
Teacher ep 15: train_auc=0.9549, val_auc=0.9522, val_fpr50=0.011025, best_auc=0.9529, fpr50@best=0.010068
Teacher ep 20: train_auc=0.9577, val_auc=0.9480, val_fpr50=0.013272, best_auc=0.9529, fpr50@best=0.010068
Teacher ep 25: train_auc=0.9610, val_auc=0.9513, val_fpr50=0.010954, best_auc=0.9539, fpr50@best=0.009423
Teacher ep 30: train_auc=0.9652, val_auc=0.9503, val_fpr50=0.011826, best_auc=0.9539, fpr50@best=0.009423
Teacher ep 35: train_auc=0.9696, val_auc=0.9496, val_fpr50=0.011791, best_auc=0.9539, fpr50@best=0.009423
Early stopping Teacher at epoch 37
Baseline ep 5: train_auc=0.9099, val_auc=0.9027, val_fpr50=0.028200, best_auc=0.9096, fpr50@best=0.027649
Baseline ep 10: train_auc=0.9173, val_auc=0.9176, val_fpr50=0.023106, best_auc=0.9185, fpr50@best=0.021131
Baseline ep 15: train_auc=0.9211, val_auc=0.9199, val_fpr50=0.021754, best_auc=0.9207, fpr50@best=0.019859
Baseline ep 20: train_auc=0.9251, val_auc=0.9232, val_fpr50=0.020238, best_auc=0.9232, fpr50@best=0.020238
Baseline ep 25: train_auc=0.9291, val_auc=0.9231, val_fpr50=0.020397, best_auc=0.9232, fpr50@best=0.020238
Baseline ep 30: train_auc=0.9336, val_auc=0.9194, val_fpr50=0.023387, best_auc=0.9235, fpr50@best=0.020215
Baseline ep 35: train_auc=0.9383, val_auc=0.9220, val_fpr50=0.021137, best_auc=0.9235, fpr50@best=0.020215
Baseline ep 40: train_auc=0.9435, val_auc=0.9181, val_fpr50=0.023374, best_auc=0.9235, fpr50@best=0.020215
Early stopping Baseline at epoch 41
StageC weak-delta HLT reference @TPR=0.50: threshold_prob=0.920016, val_auc_hlt=0.9235

======================================================================
STEP 2: STAGE A (RECONSTRUCTOR PRETRAIN)
======================================================================
Ep 5: train_total=0.3353, val_total_unw=0.3378, val_total_w=0.3378, select=unweighted, best_sel=0.3345 | set_unw=0.3350, phys_unw=0.5483, budget_unw=302.2984, stage_scale=0.35
Ep 10: train_total=0.3288, val_total_unw=0.3270, val_total_w=0.3270, select=unweighted, best_sel=0.3270 | set_unw=0.3235, phys_unw=0.5185, budget_unw=926.6131, stage_scale=0.35
Ep 15: train_total=0.3254, val_total_unw=0.3253, val_total_w=0.3253, select=unweighted, best_sel=0.3253 | set_unw=0.3216, phys_unw=0.5365, budget_unw=756.7293, stage_scale=0.35
Ep 20: train_total=0.3237, val_total_unw=0.3239, val_total_w=0.3239, select=unweighted, best_sel=0.3239 | set_unw=0.3210, phys_unw=0.5377, budget_unw=647.4933, stage_scale=0.35
Stage-A transition -> reloaded best from phase_035 (epoch=20, val_total=0.3239)
Ep 25: train_total=0.3198, val_total_unw=0.3189, val_total_w=0.3189, select=unweighted, best_sel=0.3189 | set_unw=0.3158, phys_unw=0.5192, budget_unw=1162.2614, stage_scale=0.70
Ep 30: train_total=0.3195, val_total_unw=0.3172, val_total_w=0.3172, select=unweighted, best_sel=0.3169 | set_unw=0.3144, phys_unw=0.5248, budget_unw=3134.9693, stage_scale=0.70
Ep 35: train_total=0.3176, val_total_unw=0.3168, val_total_w=0.3168, select=unweighted, best_sel=0.3168 | set_unw=0.3139, phys_unw=0.5236, budget_unw=4921.4454, stage_scale=0.70
Ep 40: train_total=0.3163, val_total_unw=0.3150, val_total_w=0.3150, select=unweighted, best_sel=0.3143 | set_unw=0.3124, phys_unw=0.5255, budget_unw=4921.0741, stage_scale=0.70
Ep 45: train_total=0.3147, val_total_unw=0.3131, val_total_w=0.3131, select=unweighted, best_sel=0.3131 | set_unw=0.3102, phys_unw=0.5317, budget_unw=4623.9787, stage_scale=0.70
Ep 50: train_total=0.3133, val_total_unw=0.3119, val_total_w=0.3119, select=unweighted, best_sel=0.3119 | set_unw=0.3092, phys_unw=0.5258, budget_unw=4679.0133, stage_scale=0.70
Ep 55: train_total=0.3124, val_total_unw=0.3114, val_total_w=0.3114, select=unweighted, best_sel=0.3112 | set_unw=0.3086, phys_unw=0.5396, budget_unw=4532.1366, stage_scale=0.70
Stage-A transition -> reloaded best from phase_070 (epoch=54, val_total=0.3112)
Ep 60: train_total=0.3101, val_total_unw=0.3078, val_total_w=0.3078, select=unweighted, best_sel=0.3078 | set_unw=0.3051, phys_unw=0.5373, budget_unw=4405.1545, stage_scale=1.00
Ep 65: train_total=0.3091, val_total_unw=0.3071, val_total_w=0.3071, select=unweighted, best_sel=0.3071 | set_unw=0.3045, phys_unw=0.5541, budget_unw=4170.8546, stage_scale=1.00
Ep 70: train_total=0.3084, val_total_unw=0.3059, val_total_w=0.3059, select=unweighted, best_sel=0.3059 | set_unw=0.3031, phys_unw=0.5359, budget_unw=4283.7545, stage_scale=1.00
Ep 75: train_total=0.3077, val_total_unw=0.3054, val_total_w=0.3054, select=unweighted, best_sel=0.3053 | set_unw=0.3028, phys_unw=0.5471, budget_unw=4249.4239, stage_scale=1.00
Ep 80: train_total=0.3072, val_total_unw=0.3048, val_total_w=0.3048, select=unweighted, best_sel=0.3048 | set_unw=0.3021, phys_unw=0.5386, budget_unw=4231.4430, stage_scale=1.00
Ep 85: train_total=0.3068, val_total_unw=0.3045, val_total_w=0.3045, select=unweighted, best_sel=0.3044 | set_unw=0.3018, phys_unw=0.5373, budget_unw=4263.4672, stage_scale=1.00
Ep 90: train_total=0.3067, val_total_unw=0.3043, val_total_w=0.3043, select=unweighted, best_sel=0.3043 | set_unw=0.3017, phys_unw=0.5400, budget_unw=4251.5963, stage_scale=1.00

======================================================================
STEP 3: STAGE B (DUAL PRETRAIN, FROZEN RECONSTRUCTOR)
======================================================================
StageB-DualPretrain ep 5: train_loss=0.3780 (cls=0.3780, rank=0.3045, reco=0.0000, cons=0.1187, delta=0.0000, d_gain=0.0000, d_cost=0.0000, anc_p=0.0000, anc_o=0.0000) | val_auc_unw=0.9174, val_fpr50_unw=0.022842, val_auc_w=nan, val_fpr50_w=nan, val_metric_source=unweighted, select=auc, best_sel=0.917372, unfreeze=frozen, reco_trainable=0, dual_frozen=False, dual_trainable=2812673
StageB-DualPretrain ep 10: train_loss=0.3625 (cls=0.3625, rank=0.3025, reco=0.0000, cons=0.1187, delta=0.0000, d_gain=0.0000, d_cost=0.0000, anc_p=0.0000, anc_o=0.0000) | val_auc_unw=0.9188, val_fpr50_unw=0.021993, val_auc_w=nan, val_fpr50_w=nan, val_metric_source=unweighted, select=auc, best_sel=0.919008, unfreeze=frozen, reco_trainable=0, dual_frozen=False, dual_trainable=2812673
StageB-DualPretrain ep 15: train_loss=0.3533 (cls=0.3533, rank=0.3035, reco=0.0000, cons=0.1187, delta=0.0000, d_gain=0.0000, d_cost=0.0000, anc_p=0.0000, anc_o=0.0000) | val_auc_unw=0.9233, val_fpr50_unw=0.020276, val_auc_w=nan, val_fpr50_w=nan, val_metric_source=unweighted, select=auc, best_sel=0.923334, unfreeze=frozen, reco_trainable=0, dual_frozen=False, dual_trainable=2812673
StageB-DualPretrain ep 20: train_loss=0.3448 (cls=0.3448, rank=0.3027, reco=0.0000, cons=0.1187, delta=0.0000, d_gain=0.0000, d_cost=0.0000, anc_p=0.0000, anc_o=0.0000) | val_auc_unw=0.9238, val_fpr50_unw=0.019794, val_auc_w=nan, val_fpr50_w=nan, val_metric_source=unweighted, select=auc, best_sel=0.923750, unfreeze=frozen, reco_trainable=0, dual_frozen=False, dual_trainable=2812673
StageB-DualPretrain ep 25: train_loss=0.3365 (cls=0.3365, rank=0.3029, reco=0.0000, cons=0.1187, delta=0.0000, d_gain=0.0000, d_cost=0.0000, anc_p=0.0000, anc_o=0.0000) | val_auc_unw=0.9243, val_fpr50_unw=0.019434, val_auc_w=nan, val_fpr50_w=nan, val_metric_source=unweighted, select=auc, best_sel=0.925119, unfreeze=frozen, reco_trainable=0, dual_frozen=False, dual_trainable=2812673
StageB-DualPretrain ep 30: train_loss=0.3253 (cls=0.3253, rank=0.3045, reco=0.0000, cons=0.1187, delta=0.0000, d_gain=0.0000, d_cost=0.0000, anc_p=0.0000, anc_o=0.0000) | val_auc_unw=0.9236, val_fpr50_unw=0.019825, val_auc_w=nan, val_fpr50_w=nan, val_metric_source=unweighted, select=auc, best_sel=0.925119, unfreeze=frozen, reco_trainable=0, dual_frozen=False, dual_trainable=2812673
StageB-DualPretrain ep 35: train_loss=0.3160 (cls=0.3160, rank=0.3061, reco=0.0000, cons=0.1187, delta=0.0000, d_gain=0.0000, d_cost=0.0000, anc_p=0.0000, anc_o=0.0000) | val_auc_unw=0.9238, val_fpr50_unw=0.019330, val_auc_w=nan, val_fpr50_w=nan, val_metric_source=unweighted, select=auc, best_sel=0.925119, unfreeze=frozen, reco_trainable=0, dual_frozen=False, dual_trainable=2812673
Early stopping StageB-DualPretrain at epoch 35

======================================================================
STEP 4: STAGE C (JOINT FINETUNE)
======================================================================
StageC-Joint ep 1: train_loss=0.4564 (cls=0.3330, rank=0.3013, reco=0.3067, cons=0.1167, delta=0.1148, d_gain=0.1925, d_cost=0.1024, anc_p=0.0000, anc_o=0.0000) | val_auc_unw=0.9255, val_fpr50_unw=0.018607, val_auc_w=nan, val_fpr50_w=nan, val_metric_source=unweighted, select=auc, best_sel=0.925537, unfreeze=all, reco_trainable=7098018, dual_frozen=False, dual_trainable=2812673
StageC-Joint ep 2: train_loss=0.4544 (cls=0.3304, rank=0.3019, reco=0.3067, cons=0.1170, delta=0.1043, d_gain=0.1911, d_cost=0.0985, anc_p=0.0000, anc_o=0.0000) | val_auc_unw=0.9258, val_fpr50_unw=0.018242, val_auc_w=nan, val_fpr50_w=nan, val_metric_source=unweighted, select=auc, best_sel=0.925795, unfreeze=all, reco_trainable=7098018, dual_frozen=False, dual_trainable=2812673
StageC-Joint ep 3: train_loss=0.4533 (cls=0.3288, rank=0.3028, reco=0.3067, cons=0.1170, delta=0.0974, d_gain=0.1910, d_cost=0.0961, anc_p=0.0000, anc_o=0.0000) | val_auc_unw=0.9260, val_fpr50_unw=0.018252, val_auc_w=nan, val_fpr50_w=nan, val_metric_source=unweighted, select=auc, best_sel=0.926006, unfreeze=all, reco_trainable=7098018, dual_frozen=False, dual_trainable=2812673
StageC-Joint ep 4: train_loss=0.4536 (cls=0.3285, rank=0.3047, reco=0.3067, cons=0.1176, delta=0.0946, d_gain=0.1911, d_cost=0.0952, anc_p=0.0000, anc_o=0.0000) | val_auc_unw=0.9259, val_fpr50_unw=0.018398, val_auc_w=nan, val_fpr50_w=nan, val_metric_source=unweighted, select=auc, best_sel=0.926006, unfreeze=all, reco_trainable=7098018, dual_frozen=False, dual_trainable=2812673
StageC-Joint ep 5: train_loss=0.4533 (cls=0.3278, rank=0.3050, reco=0.3067, cons=0.1183, delta=0.0919, d_gain=0.1912, d_cost=0.0944, anc_p=0.0000, anc_o=0.0000) | val_auc_unw=0.9261, val_fpr50_unw=0.018316, val_auc_w=nan, val_fpr50_w=nan, val_metric_source=unweighted, select=auc, best_sel=0.926064, unfreeze=all, reco_trainable=7098018, dual_frozen=False, dual_trainable=2812673
StageC-Joint ep 6: train_loss=0.4540 (cls=0.3279, rank=0.3046, reco=0.3068, cons=0.1188, delta=0.0908, d_gain=0.1907, d_cost=0.0938, anc_p=0.0000, anc_o=0.0000) | val_auc_unw=0.9260, val_fpr50_unw=0.018367, val_auc_w=nan, val_fpr50_w=nan, val_metric_source=unweighted, select=auc, best_sel=0.926064, unfreeze=all, reco_trainable=7098018, dual_frozen=False, dual_trainable=2812673
StageC-Joint ep 7: train_loss=0.4541 (cls=0.3276, rank=0.3051, reco=0.3067, cons=0.1181, delta=0.0876, d_gain=0.1906, d_cost=0.0927, anc_p=0.0000, anc_o=0.0000) | val_auc_unw=0.9257, val_fpr50_unw=0.018380, val_auc_w=nan, val_fpr50_w=nan, val_metric_source=unweighted, select=auc, best_sel=0.926064, unfreeze=all, reco_trainable=7098018, dual_frozen=False, dual_trainable=2812673
StageC-Joint ep 8: train_loss=0.4533 (cls=0.3263, rank=0.3051, reco=0.3067, cons=0.1168, delta=0.0855, d_gain=0.1910, d_cost=0.0921, anc_p=0.0000, anc_o=0.0000) | val_auc_unw=0.9260, val_fpr50_unw=0.018512, val_auc_w=nan, val_fpr50_w=nan, val_metric_source=unweighted, select=auc, best_sel=0.926064, unfreeze=all, reco_trainable=7098018, dual_frozen=False, dual_trainable=2812673
StageC-Joint ep 9: train_loss=0.4535 (cls=0.3266, rank=0.3052, reco=0.3067, cons=0.1181, delta=0.0842, d_gain=0.1907, d_cost=0.0916, anc_p=0.0000, anc_o=0.0000) | val_auc_unw=0.9260, val_fpr50_unw=0.018293, val_auc_w=nan, val_fpr50_w=nan, val_metric_source=unweighted, select=auc, best_sel=0.926064, unfreeze=all, reco_trainable=7098018, dual_frozen=False, dual_trainable=2812673
StageC-Joint ep 10: train_loss=0.4531 (cls=0.3262, rank=0.3058, reco=0.3067, cons=0.1192, delta=0.0839, d_gain=0.1912, d_cost=0.0917, anc_p=0.0000, anc_o=0.0000) | val_auc_unw=0.9260, val_fpr50_unw=0.018404, val_auc_w=nan, val_fpr50_w=nan, val_metric_source=unweighted, select=auc, best_sel=0.926064, unfreeze=all, reco_trainable=7098018, dual_frozen=False, dual_trainable=2812673
StageC-Joint ep 11: train_loss=0.4528 (cls=0.3259, rank=0.3052, reco=0.3067, cons=0.1184, delta=0.0833, d_gain=0.1909, d_cost=0.0914, anc_p=0.0000, anc_o=0.0000) | val_auc_unw=0.9258, val_fpr50_unw=0.018319, val_auc_w=nan, val_fpr50_w=nan, val_metric_source=unweighted, select=auc, best_sel=0.926064, unfreeze=all, reco_trainable=7098018, dual_frozen=False, dual_trainable=2812673
StageC-Joint ep 12: train_loss=0.4531 (cls=0.3263, rank=0.3059, reco=0.3067, cons=0.1167, delta=0.0824, d_gain=0.1909, d_cost=0.0911, anc_p=0.0000, anc_o=0.0000) | val_auc_unw=0.9258, val_fpr50_unw=0.018622, val_auc_w=nan, val_fpr50_w=nan, val_metric_source=unweighted, select=auc, best_sel=0.926064, unfreeze=all, reco_trainable=7098018, dual_frozen=False, dual_trainable=2812673
StageC-Joint ep 13: train_loss=0.4523 (cls=0.3254, rank=0.3057, reco=0.3068, cons=0.1166, delta=0.0825, d_gain=0.1912, d_cost=0.0913, anc_p=0.0000, anc_o=0.0000) | val_auc_unw=0.9257, val_fpr50_unw=0.018605, val_auc_w=nan, val_fpr50_w=nan, val_metric_source=unweighted, select=auc, best_sel=0.926064, unfreeze=all, reco_trainable=7098018, dual_frozen=False, dual_trainable=2812673
StageC-Joint ep 14: train_loss=0.4534 (cls=0.3266, rank=0.3059, reco=0.3067, cons=0.1172, delta=0.0827, d_gain=0.1909, d_cost=0.0912, anc_p=0.0000, anc_o=0.0000) | val_auc_unw=0.9255, val_fpr50_unw=0.018459, val_auc_w=nan, val_fpr50_w=nan, val_metric_source=unweighted, select=auc, best_sel=0.926064, unfreeze=all, reco_trainable=7098018, dual_frozen=False, dual_trainable=2812673
StageC-Joint ep 15: train_loss=0.4519 (cls=0.3251, rank=0.3053, reco=0.3068, cons=0.1180, delta=0.0820, d_gain=0.1914, d_cost=0.0912, anc_p=0.0000, anc_o=0.0000) | val_auc_unw=0.9257, val_fpr50_unw=0.018864, val_auc_w=nan, val_fpr50_w=nan, val_metric_source=unweighted, select=auc, best_sel=0.926064, unfreeze=all, reco_trainable=7098018, dual_frozen=False, dual_trainable=2812673
StageC-Joint ep 16: train_loss=0.4523 (cls=0.3254, rank=0.3055, reco=0.3069, cons=0.1164, delta=0.0819, d_gain=0.1910, d_cost=0.0910, anc_p=0.0000, anc_o=0.0000) | val_auc_unw=0.9255, val_fpr50_unw=0.018731, val_auc_w=nan, val_fpr50_w=nan, val_metric_source=unweighted, select=auc, best_sel=0.926064, unfreeze=all, reco_trainable=7098018, dual_frozen=False, dual_trainable=2812673
StageC-Joint ep 17: train_loss=0.4520 (cls=0.3252, rank=0.3056, reco=0.3068, cons=0.1167, delta=0.0810, d_gain=0.1912, d_cost=0.0907, anc_p=0.0000, anc_o=0.0000) | val_auc_unw=0.9255, val_fpr50_unw=0.018788, val_auc_w=nan, val_fpr50_w=nan, val_metric_source=unweighted, select=auc, best_sel=0.926064, unfreeze=all, reco_trainable=7098018, dual_frozen=False, dual_trainable=2812673
StageC-Joint ep 18: train_loss=0.4516 (cls=0.3248, rank=0.3055, reco=0.3069, cons=0.1165, delta=0.0812, d_gain=0.1912, d_cost=0.0908, anc_p=0.0000, anc_o=0.0000) | val_auc_unw=0.9256, val_fpr50_unw=0.018632, val_auc_w=nan, val_fpr50_w=nan, val_metric_source=unweighted, select=auc, best_sel=0.926064, unfreeze=all, reco_trainable=7098018, dual_frozen=False, dual_trainable=2812673
StageC-Joint ep 19: train_loss=0.4511 (cls=0.3244, rank=0.3058, reco=0.3069, cons=0.1169, delta=0.0802, d_gain=0.1913, d_cost=0.0905, anc_p=0.0000, anc_o=0.0000) | val_auc_unw=0.9257, val_fpr50_unw=0.018720, val_auc_w=nan, val_fpr50_w=nan, val_metric_source=unweighted, select=auc, best_sel=0.926064, unfreeze=all, reco_trainable=7098018, dual_frozen=False, dual_trainable=2812673
StageC-Joint ep 20: train_loss=0.4510 (cls=0.3243, rank=0.3058, reco=0.3068, cons=0.1190, delta=0.0801, d_gain=0.1913, d_cost=0.0905, anc_p=0.0000, anc_o=0.0000) | val_auc_unw=0.9255, val_fpr50_unw=0.018892, val_auc_w=nan, val_fpr50_w=nan, val_metric_source=unweighted, select=auc, best_sel=0.926064, unfreeze=all, reco_trainable=7098018, dual_frozen=False, dual_trainable=2812673
StageC-Joint ep 21: train_loss=0.4507 (cls=0.3239, rank=0.3063, reco=0.3068, cons=0.1187, delta=0.0804, d_gain=0.1916, d_cost=0.0907, anc_p=0.0000, anc_o=0.0000) | val_auc_unw=0.9256, val_fpr50_unw=0.018741, val_auc_w=nan, val_fpr50_w=nan, val_metric_source=unweighted, select=auc, best_sel=0.926064, unfreeze=all, reco_trainable=7098018, dual_frozen=False, dual_trainable=2812673
StageC-Joint ep 22: train_loss=0.4504 (cls=0.3237, rank=0.3055, reco=0.3068, cons=0.1192, delta=0.0799, d_gain=0.1916, d_cost=0.0905, anc_p=0.0000, anc_o=0.0000) | val_auc_unw=0.9255, val_fpr50_unw=0.018673, val_auc_w=nan, val_fpr50_w=nan, val_metric_source=unweighted, select=auc, best_sel=0.926064, unfreeze=all, reco_trainable=7098018, dual_frozen=False, dual_trainable=2812673
StageC-Joint ep 23: train_loss=0.4516 (cls=0.3248, rank=0.3062, reco=0.3068, cons=0.1199, delta=0.0802, d_gain=0.1912, d_cost=0.0905, anc_p=0.0000, anc_o=0.0000) | val_auc_unw=0.9255, val_fpr50_unw=0.018930, val_auc_w=nan, val_fpr50_w=nan, val_metric_source=unweighted, select=auc, best_sel=0.926064, unfreeze=all, reco_trainable=7098018, dual_frozen=False, dual_trainable=2812673
StageC-Joint ep 24: train_loss=0.4501 (cls=0.3235, rank=0.3061, reco=0.3068, cons=0.1196, delta=0.0792, d_gain=0.1914, d_cost=0.0902, anc_p=0.0000, anc_o=0.0000) | val_auc_unw=0.9255, val_fpr50_unw=0.018836, val_auc_w=nan, val_fpr50_w=nan, val_metric_source=unweighted, select=auc, best_sel=0.926064, unfreeze=all, reco_trainable=7098018, dual_frozen=False, dual_trainable=2812673
StageC-Joint ep 25: train_loss=0.4507 (cls=0.3240, rank=0.3059, reco=0.3068, cons=0.1190, delta=0.0796, d_gain=0.1916, d_cost=0.0904, anc_p=0.0000, anc_o=0.0000) | val_auc_unw=0.9255, val_fpr50_unw=0.019008, val_auc_w=nan, val_fpr50_w=nan, val_metric_source=unweighted, select=auc, best_sel=0.926064, unfreeze=all, reco_trainable=7098018, dual_frozen=False, dual_trainable=2812673
Early stopping StageC-Joint at epoch 25

======================================================================
STEP 5: RECONSTRUCTION DIAGNOSTICS
======================================================================

Jet pT response/resolution by truth pT bin (test split):
  pT_low - pT_high | N | HLT resp | HLT reso | Corrected resp | Corrected reso
  172739.4 - 504068.9 | 18750 | 0.8681 | 0.1516 | 0.0288 | 0.0385
  504068.9 - 773424.6 | 18750 | 0.8445 | 0.1720 | 0.0215 | 0.0376
  773424.6 - 1093714.0 | 18750 | 0.8330 | 0.1869 | 0.0185 | 0.0409
  1093714.0 - 1365805.0 | 18750 | 0.8218 | 0.2022 | 0.0172 | 0.0433
  1365805.0 - 1711763.0 | 18750 | 0.8203 | 0.2056 | 0.0167 | 0.0455
  1711763.0 - 2155283.2 | 18750 | 0.8155 | 0.2123 | 0.0159 | 0.0457
  2155283.2 - 2633962.7 | 18750 | 0.8110 | 0.2225 | 0.0175 | 0.0513
  2633962.7 - 4355157.0 | 18750 | 0.7996 | 0.2295 | 0.0169 | 0.0513

Constituent-count diagnostics:
  Means: offline=54.297, hlt=29.181, reco=1.000
  MAE vs offline: hlt=25.116, reco=53.297

Budget diagnostics (test split):
  MAE: merge=1381.950, eff=0.000, total=1381.950
  Bias: merge=1381.950, eff=0.000, total=1381.950

======================================================================
FINAL TEST EVALUATION
======================================================================
Teacher (Offline) AUC: 0.9533
Baseline (HLT)   AUC: 0.9214
Stage2 (PreJoint) AUC: 0.9231
Stage2 (BestValFPR50) AUC: 0.9228
Joint Dual-View  AUC: 0.9243
Joint Dual-View (BestValFPR50) AUC: 0.9241

FPR@30 Teacher/Baseline/Stage2/Joint: 0.002131 / 0.005524 / 0.004998 / 0.004982
FPR@30 Stage2BestFPR / JointBestFPR: 0.005115 / 0.004862
FPR@50 Teacher/Baseline/Stage2/Joint: 0.009940 / 0.021587 / 0.020263 / 0.019565
FPR@50 Stage2BestFPR / JointBestFPR: 0.020249 / 0.019692
Saving val/test score arrays for fusion analysis...
Saved fusion score arrays to: checkpoints/reco_teacher_joint_fusion_6model_150k75k150k/model2_joint_chamfer_localonly/model2_joint_chamfer_localonly_150k75k150k_seed0/fusion_scores_val_test.npz

Saved joint results to: checkpoints/reco_teacher_joint_fusion_6model_150k75k150k/model2_joint_chamfer_localonly/model2_joint_chamfer_localonly_150k75k150k_seed0
Done: checkpoints/reco_teacher_joint_fusion_6model_150k75k150k/model2_joint_chamfer_localonly/model2_joint_chamfer_localonly_150k75k150k_seed0
