============================================================
Model-2 Joint (SetLoss=Chamfer, L_phys=0, L_e_ratio=0, L_pt_ratio=1.0)
Run: checkpoints/reco_teacher_joint_fusion_6model_150k75k150k/model2_joint_chamfer_ptratio085/model2_joint_chamfer_ptratio085_150k75k150k_seed0
Split: train=150000, val=75000, test=150000
============================================================
 python offline_reconstructor_joint_dualview_stage2save_auc_norankc_nopriv_unmergeonly.py --save_dir checkpoints/reco_teacher_joint_fusion_6model_150k75k150k/model2_joint_chamfer_ptratio085 --run_name model2_joint_chamfer_ptratio085_150k75k150k_seed0 --n_train_jets 375000 --n_train_split 150000 --n_val_split 75000 --n_test_split 150000 --offset_jets 0 --max_constits 100 --num_workers 6 --seed 0 --selection_metric auc --stageB_lambda_rank 0.0 --stageB_lambda_cons 0.0 --stageC_lr_dual 1e-5 --stageC_lr_reco 5e-6 --lambda_reco 0.4 --lambda_cons 0.06 --stageC_lambda_delta 0.05 --stageC_delta_tau 0.05 --stageC_delta_lambda_fp 3.0 --stageC_delta_warmup_epochs 8 --added_target_scale 0.90 --loss_set_mode chamfer --loss_w_phys 0.0 --loss_w_pt_ratio 1.0 --loss_w_e_ratio 0.0 --loss_w_local 0.05 --save_fusion_scores --disable_final_kd --device cuda
Device: cuda
Save dir: checkpoints/reco_teacher_joint_fusion_6model_150k75k150k/model2_joint_chamfer_ptratio085/model2_joint_chamfer_ptratio085_150k75k150k_seed0
Loading offline constituents...
Generating pseudo-HLT...
Non-priv target setup: added_target_scale=0.900, mean_true_added_raw=25.116, mean_target_added=22.604
Computing features...
Split sizes: Train=150000, Val=75000, Test=150000 (custom_counts=True)
Stage-B train subset: N=150000 / 150000 (frac=1.000, seed=0)

======================================================================
STEP 1: TEACHER + BASELINE
======================================================================
Teacher ep 5: train_auc=0.9439, val_auc=0.9469, val_fpr50=0.012873, best_auc=0.9469, fpr50@best=0.012873
Teacher ep 10: train_auc=0.9509, val_auc=0.9526, val_fpr50=0.010285, best_auc=0.9526, fpr50@best=0.010285
Teacher ep 15: train_auc=0.9549, val_auc=0.9522, val_fpr50=0.011025, best_auc=0.9529, fpr50@best=0.010068
Teacher ep 20: train_auc=0.9577, val_auc=0.9480, val_fpr50=0.013272, best_auc=0.9529, fpr50@best=0.010068
Teacher ep 25: train_auc=0.9610, val_auc=0.9513, val_fpr50=0.010954, best_auc=0.9539, fpr50@best=0.009423
Teacher ep 30: train_auc=0.9652, val_auc=0.9503, val_fpr50=0.011826, best_auc=0.9539, fpr50@best=0.009423
Teacher ep 35: train_auc=0.9696, val_auc=0.9496, val_fpr50=0.011791, best_auc=0.9539, fpr50@best=0.009423
Early stopping Teacher at epoch 37
Baseline ep 5: train_auc=0.9099, val_auc=0.9027, val_fpr50=0.028200, best_auc=0.9096, fpr50@best=0.027649
Baseline ep 10: train_auc=0.9173, val_auc=0.9176, val_fpr50=0.023106, best_auc=0.9185, fpr50@best=0.021131
Baseline ep 15: train_auc=0.9211, val_auc=0.9199, val_fpr50=0.021754, best_auc=0.9207, fpr50@best=0.019859
Baseline ep 20: train_auc=0.9251, val_auc=0.9232, val_fpr50=0.020238, best_auc=0.9232, fpr50@best=0.020238
Baseline ep 25: train_auc=0.9291, val_auc=0.9231, val_fpr50=0.020397, best_auc=0.9232, fpr50@best=0.020238
Baseline ep 30: train_auc=0.9336, val_auc=0.9194, val_fpr50=0.023387, best_auc=0.9235, fpr50@best=0.020215
Baseline ep 35: train_auc=0.9383, val_auc=0.9220, val_fpr50=0.021137, best_auc=0.9235, fpr50@best=0.020215
Baseline ep 40: train_auc=0.9435, val_auc=0.9181, val_fpr50=0.023374, best_auc=0.9235, fpr50@best=0.020215
Early stopping Baseline at epoch 41
StageC weak-delta HLT reference @TPR=0.50: threshold_prob=0.920016, val_auc_hlt=0.9235

======================================================================
STEP 2: STAGE A (RECONSTRUCTOR PRETRAIN)
======================================================================
Ep 5: train_total=26.1688, val_total_unw=31.1252, val_total_w=31.1252, select=unweighted, best_sel=24.5540 | set_unw=0.4261, phys_unw=0.5337, budget_unw=46.9917, stage_scale=0.35
Ep 10: train_total=25.1023, val_total_unw=25.8639, val_total_w=25.8639, select=unweighted, best_sel=24.5540 | set_unw=0.4080, phys_unw=0.5012, budget_unw=38.9532, stage_scale=0.35
Ep 15: train_total=24.6101, val_total_unw=25.9185, val_total_w=25.9185, select=unweighted, best_sel=24.5540 | set_unw=0.4013, phys_unw=0.5092, budget_unw=39.0414, stage_scale=0.35
Ep 20: train_total=24.3272, val_total_unw=24.7863, val_total_w=24.7863, select=unweighted, best_sel=24.5540 | set_unw=0.3949, phys_unw=0.4667, budget_unw=37.3397, stage_scale=0.35
Stage-A transition -> reloaded best from phase_035 (epoch=4, val_total=24.5540)
Ep 25: train_total=23.4597, val_total_unw=23.2732, val_total_w=23.2732, select=unweighted, best_sel=22.6220 | set_unw=0.3994, phys_unw=0.4530, budget_unw=35.0137, stage_scale=0.70
Ep 30: train_total=22.9863, val_total_unw=23.1519, val_total_w=23.1519, select=unweighted, best_sel=22.6220 | set_unw=0.3946, phys_unw=0.4651, budget_unw=34.8257, stage_scale=0.70
Ep 35: train_total=22.6446, val_total_unw=24.2865, val_total_w=24.2865, select=unweighted, best_sel=22.6220 | set_unw=0.4018, phys_unw=0.4940, budget_unw=36.5412, stage_scale=0.70
Ep 40: train_total=22.4223, val_total_unw=23.2109, val_total_w=23.2109, select=unweighted, best_sel=22.6220 | set_unw=0.3930, phys_unw=0.4745, budget_unw=34.9136, stage_scale=0.70
Ep 45: train_total=22.1983, val_total_unw=22.8640, val_total_w=22.8640, select=unweighted, best_sel=22.2769 | set_unw=0.3890, phys_unw=0.4516, budget_unw=34.4019, stage_scale=0.70
Ep 50: train_total=22.0291, val_total_unw=22.5806, val_total_w=22.5806, select=unweighted, best_sel=21.9914 | set_unw=0.3835, phys_unw=0.4667, budget_unw=33.9639, stage_scale=0.70
Ep 55: train_total=21.8516, val_total_unw=22.7402, val_total_w=22.7402, select=unweighted, best_sel=21.9914 | set_unw=0.3859, phys_unw=0.4598, budget_unw=34.2100, stage_scale=0.70
Stage-A transition -> reloaded best from phase_070 (epoch=48, val_total=21.9914)
Ep 60: train_total=21.5389, val_total_unw=23.3824, val_total_w=23.3824, select=unweighted, best_sel=21.9914 | set_unw=0.3836, phys_unw=0.4776, budget_unw=35.1890, stage_scale=1.00
Ep 65: train_total=21.4002, val_total_unw=22.4092, val_total_w=22.4092, select=unweighted, best_sel=21.9914 | set_unw=0.3801, phys_unw=0.4586, budget_unw=33.7101, stage_scale=1.00
Ep 70: train_total=21.1732, val_total_unw=22.2281, val_total_w=22.2281, select=unweighted, best_sel=21.7519 | set_unw=0.3775, phys_unw=0.4497, budget_unw=33.4420, stage_scale=1.00
Ep 75: train_total=20.9347, val_total_unw=22.0265, val_total_w=22.0265, select=unweighted, best_sel=21.7519 | set_unw=0.3751, phys_unw=0.4487, budget_unw=33.1360, stage_scale=1.00
Ep 80: train_total=20.6532, val_total_unw=22.1552, val_total_w=22.1552, select=unweighted, best_sel=21.7519 | set_unw=0.3764, phys_unw=0.4474, budget_unw=33.3329, stage_scale=1.00
Ep 85: train_total=20.3182, val_total_unw=22.3218, val_total_w=22.3218, select=unweighted, best_sel=21.7519 | set_unw=0.3776, phys_unw=0.4543, budget_unw=33.5821, stage_scale=1.00
Early stopping reconstructor at epoch 87

======================================================================
STEP 3: STAGE B (DUAL PRETRAIN, FROZEN RECONSTRUCTOR)
======================================================================
StageB-DualPretrain ep 5: train_loss=0.3770 (cls=0.3770, rank=0.3043, reco=0.0000, cons=0.1173, delta=0.0000, d_gain=0.0000, d_cost=0.0000, anc_p=0.0000, anc_o=0.0000) | val_auc_unw=0.8984, val_fpr50_unw=0.029733, val_auc_w=nan, val_fpr50_w=nan, val_metric_source=unweighted, select=auc, best_sel=0.910299, unfreeze=frozen, reco_trainable=0, dual_frozen=False, dual_trainable=2812673
StageB-DualPretrain ep 10: train_loss=0.3615 (cls=0.3615, rank=0.3024, reco=0.0000, cons=0.1173, delta=0.0000, d_gain=0.0000, d_cost=0.0000, anc_p=0.0000, anc_o=0.0000) | val_auc_unw=0.9190, val_fpr50_unw=0.021409, val_auc_w=nan, val_fpr50_w=nan, val_metric_source=unweighted, select=auc, best_sel=0.919037, unfreeze=frozen, reco_trainable=0, dual_frozen=False, dual_trainable=2812673
StageB-DualPretrain ep 15: train_loss=0.3522 (cls=0.3522, rank=0.3028, reco=0.0000, cons=0.1173, delta=0.0000, d_gain=0.0000, d_cost=0.0000, anc_p=0.0000, anc_o=0.0000) | val_auc_unw=0.9218, val_fpr50_unw=0.020143, val_auc_w=nan, val_fpr50_w=nan, val_metric_source=unweighted, select=auc, best_sel=0.921821, unfreeze=frozen, reco_trainable=0, dual_frozen=False, dual_trainable=2812673
StageB-DualPretrain ep 20: train_loss=0.3442 (cls=0.3442, rank=0.3020, reco=0.0000, cons=0.1173, delta=0.0000, d_gain=0.0000, d_cost=0.0000, anc_p=0.0000, anc_o=0.0000) | val_auc_unw=0.9225, val_fpr50_unw=0.019834, val_auc_w=nan, val_fpr50_w=nan, val_metric_source=unweighted, select=auc, best_sel=0.923992, unfreeze=frozen, reco_trainable=0, dual_frozen=False, dual_trainable=2812673
StageB-DualPretrain ep 25: train_loss=0.3347 (cls=0.3347, rank=0.3025, reco=0.0000, cons=0.1173, delta=0.0000, d_gain=0.0000, d_cost=0.0000, anc_p=0.0000, anc_o=0.0000) | val_auc_unw=0.9240, val_fpr50_unw=0.019434, val_auc_w=nan, val_fpr50_w=nan, val_metric_source=unweighted, select=auc, best_sel=0.923995, unfreeze=frozen, reco_trainable=0, dual_frozen=False, dual_trainable=2812673
StageB-DualPretrain ep 30: train_loss=0.3254 (cls=0.3254, rank=0.3042, reco=0.0000, cons=0.1173, delta=0.0000, d_gain=0.0000, d_cost=0.0000, anc_p=0.0000, anc_o=0.0000) | val_auc_unw=0.9226, val_fpr50_unw=0.019561, val_auc_w=nan, val_fpr50_w=nan, val_metric_source=unweighted, select=auc, best_sel=0.924382, unfreeze=frozen, reco_trainable=0, dual_frozen=False, dual_trainable=2812673
StageB-DualPretrain ep 35: train_loss=0.3153 (cls=0.3153, rank=0.3059, reco=0.0000, cons=0.1173, delta=0.0000, d_gain=0.0000, d_cost=0.0000, anc_p=0.0000, anc_o=0.0000) | val_auc_unw=0.9225, val_fpr50_unw=0.020123, val_auc_w=nan, val_fpr50_w=nan, val_metric_source=unweighted, select=auc, best_sel=0.924382, unfreeze=frozen, reco_trainable=0, dual_frozen=False, dual_trainable=2812673
Early stopping StageB-DualPretrain at epoch 38

======================================================================
STEP 4: STAGE C (JOINT FINETUNE)
======================================================================
StageC-Joint ep 1: train_loss=8.7175 (cls=0.3270, rank=0.3027, reco=20.9571, cons=0.1177, delta=0.1038, d_gain=0.1932, d_cost=0.0990, anc_p=0.0000, anc_o=0.0000) | val_auc_unw=0.9248, val_fpr50_unw=0.018623, val_auc_w=nan, val_fpr50_w=nan, val_metric_source=unweighted, select=auc, best_sel=0.924814, unfreeze=all, reco_trainable=7098018, dual_frozen=False, dual_trainable=2812673
StageC-Joint ep 2: train_loss=8.6765 (cls=0.3249, rank=0.3030, reco=20.8584, cons=0.1175, delta=0.0963, d_gain=0.1924, d_cost=0.0962, anc_p=0.0000, anc_o=0.0000) | val_auc_unw=0.9250, val_fpr50_unw=0.018511, val_auc_w=nan, val_fpr50_w=nan, val_metric_source=unweighted, select=auc, best_sel=0.924985, unfreeze=all, reco_trainable=7098018, dual_frozen=False, dual_trainable=2812673
StageC-Joint ep 3: train_loss=8.6538 (cls=0.3242, rank=0.3038, reco=20.8020, cons=0.1176, delta=0.0909, d_gain=0.1922, d_cost=0.0944, anc_p=0.0000, anc_o=0.0000) | val_auc_unw=0.9250, val_fpr50_unw=0.018670, val_auc_w=nan, val_fpr50_w=nan, val_metric_source=unweighted, select=auc, best_sel=0.924985, unfreeze=all, reco_trainable=7098018, dual_frozen=False, dual_trainable=2812673
StageC-Joint ep 4: train_loss=8.6493 (cls=0.3228, rank=0.3045, reco=20.7933, cons=0.1175, delta=0.0874, d_gain=0.1922, d_cost=0.0932, anc_p=0.0000, anc_o=0.0000) | val_auc_unw=0.9248, val_fpr50_unw=0.018633, val_auc_w=nan, val_fpr50_w=nan, val_metric_source=unweighted, select=auc, best_sel=0.924985, unfreeze=all, reco_trainable=7098018, dual_frozen=False, dual_trainable=2812673
StageC-Joint ep 5: train_loss=8.6404 (cls=0.3221, rank=0.3054, reco=20.7717, cons=0.1175, delta=0.0845, d_gain=0.1925, d_cost=0.0924, anc_p=0.0000, anc_o=0.0000) | val_auc_unw=0.9249, val_fpr50_unw=0.018634, val_auc_w=nan, val_fpr50_w=nan, val_metric_source=unweighted, select=auc, best_sel=0.924985, unfreeze=all, reco_trainable=7098018, dual_frozen=False, dual_trainable=2812673
StageC-Joint ep 6: train_loss=8.6363 (cls=0.3220, rank=0.3053, reco=20.7603, cons=0.1176, delta=0.0838, d_gain=0.1923, d_cost=0.0920, anc_p=0.0000, anc_o=0.0000) | val_auc_unw=0.9249, val_fpr50_unw=0.018824, val_auc_w=nan, val_fpr50_w=nan, val_metric_source=unweighted, select=auc, best_sel=0.924985, unfreeze=all, reco_trainable=7098018, dual_frozen=False, dual_trainable=2812673
StageC-Joint ep 7: train_loss=8.6278 (cls=0.3221, rank=0.3059, reco=20.7379, cons=0.1175, delta=0.0802, d_gain=0.1920, d_cost=0.0907, anc_p=0.0000, anc_o=0.0000) | val_auc_unw=0.9246, val_fpr50_unw=0.018722, val_auc_w=nan, val_fpr50_w=nan, val_metric_source=unweighted, select=auc, best_sel=0.924985, unfreeze=all, reco_trainable=7098018, dual_frozen=False, dual_trainable=2812673
StageC-Joint ep 8: train_loss=8.6311 (cls=0.3213, rank=0.3060, reco=20.7472, cons=0.1175, delta=0.0790, d_gain=0.1924, d_cost=0.0905, anc_p=0.0000, anc_o=0.0000) | val_auc_unw=0.9249, val_fpr50_unw=0.018688, val_auc_w=nan, val_fpr50_w=nan, val_metric_source=unweighted, select=auc, best_sel=0.924985, unfreeze=all, reco_trainable=7098018, dual_frozen=False, dual_trainable=2812673
StageC-Joint ep 9: train_loss=8.6141 (cls=0.3214, rank=0.3059, reco=20.7042, cons=0.1176, delta=0.0780, d_gain=0.1921, d_cost=0.0900, anc_p=0.0000, anc_o=0.0000) | val_auc_unw=0.9248, val_fpr50_unw=0.018888, val_auc_w=nan, val_fpr50_w=nan, val_metric_source=unweighted, select=auc, best_sel=0.924985, unfreeze=all, reco_trainable=7098018, dual_frozen=False, dual_trainable=2812673
StageC-Joint ep 10: train_loss=8.6193 (cls=0.3205, rank=0.3058, reco=20.7197, cons=0.1175, delta=0.0771, d_gain=0.1925, d_cost=0.0899, anc_p=0.0000, anc_o=0.0000) | val_auc_unw=0.9248, val_fpr50_unw=0.018789, val_auc_w=nan, val_fpr50_w=nan, val_metric_source=unweighted, select=auc, best_sel=0.924985, unfreeze=all, reco_trainable=7098018, dual_frozen=False, dual_trainable=2812673
StageC-Joint ep 11: train_loss=8.6259 (cls=0.3203, rank=0.3055, reco=20.7368, cons=0.1176, delta=0.0763, d_gain=0.1921, d_cost=0.0895, anc_p=0.0000, anc_o=0.0000) | val_auc_unw=0.9246, val_fpr50_unw=0.018864, val_auc_w=nan, val_fpr50_w=nan, val_metric_source=unweighted, select=auc, best_sel=0.924985, unfreeze=all, reco_trainable=7098018, dual_frozen=False, dual_trainable=2812673
StageC-Joint ep 12: train_loss=8.6156 (cls=0.3203, rank=0.3060, reco=20.7111, cons=0.1175, delta=0.0754, d_gain=0.1923, d_cost=0.0892, anc_p=0.0000, anc_o=0.0000) | val_auc_unw=0.9246, val_fpr50_unw=0.018841, val_auc_w=nan, val_fpr50_w=nan, val_metric_source=unweighted, select=auc, best_sel=0.924985, unfreeze=all, reco_trainable=7098018, dual_frozen=False, dual_trainable=2812673
StageC-Joint ep 13: train_loss=8.6158 (cls=0.3201, rank=0.3059, reco=20.7120, cons=0.1176, delta=0.0760, d_gain=0.1923, d_cost=0.0894, anc_p=0.0000, anc_o=0.0000) | val_auc_unw=0.9244, val_fpr50_unw=0.019050, val_auc_w=nan, val_fpr50_w=nan, val_metric_source=unweighted, select=auc, best_sel=0.924985, unfreeze=all, reco_trainable=7098018, dual_frozen=False, dual_trainable=2812673
StageC-Joint ep 14: train_loss=8.6160 (cls=0.3197, rank=0.3059, reco=20.7138, cons=0.1176, delta=0.0757, d_gain=0.1926, d_cost=0.0894, anc_p=0.0000, anc_o=0.0000) | val_auc_unw=0.9241, val_fpr50_unw=0.019366, val_auc_w=nan, val_fpr50_w=nan, val_metric_source=unweighted, select=auc, best_sel=0.924985, unfreeze=all, reco_trainable=7098018, dual_frozen=False, dual_trainable=2812673
StageC-Joint ep 15: train_loss=8.6094 (cls=0.3206, rank=0.3073, reco=20.6947, cons=0.1175, delta=0.0764, d_gain=0.1925, d_cost=0.0896, anc_p=0.0000, anc_o=0.0000) | val_auc_unw=0.9246, val_fpr50_unw=0.019251, val_auc_w=nan, val_fpr50_w=nan, val_metric_source=unweighted, select=auc, best_sel=0.924985, unfreeze=all, reco_trainable=7098018, dual_frozen=False, dual_trainable=2812673
StageC-Joint ep 16: train_loss=8.6065 (cls=0.3202, rank=0.3063, reco=20.6885, cons=0.1175, delta=0.0761, d_gain=0.1925, d_cost=0.0895, anc_p=0.0000, anc_o=0.0000) | val_auc_unw=0.9242, val_fpr50_unw=0.019380, val_auc_w=nan, val_fpr50_w=nan, val_metric_source=unweighted, select=auc, best_sel=0.924985, unfreeze=all, reco_trainable=7098018, dual_frozen=False, dual_trainable=2812673
StageC-Joint ep 17: train_loss=8.6083 (cls=0.3197, rank=0.3066, reco=20.6945, cons=0.1176, delta=0.0748, d_gain=0.1926, d_cost=0.0891, anc_p=0.0000, anc_o=0.0000) | val_auc_unw=0.9244, val_fpr50_unw=0.019339, val_auc_w=nan, val_fpr50_w=nan, val_metric_source=unweighted, select=auc, best_sel=0.924985, unfreeze=all, reco_trainable=7098018, dual_frozen=False, dual_trainable=2812673
StageC-Joint ep 18: train_loss=8.5975 (cls=0.3196, rank=0.3058, reco=20.6678, cons=0.1176, delta=0.0750, d_gain=0.1925, d_cost=0.0892, anc_p=0.0000, anc_o=0.0000) | val_auc_unw=0.9242, val_fpr50_unw=0.019324, val_auc_w=nan, val_fpr50_w=nan, val_metric_source=unweighted, select=auc, best_sel=0.924985, unfreeze=all, reco_trainable=7098018, dual_frozen=False, dual_trainable=2812673
StageC-Joint ep 19: train_loss=8.5996 (cls=0.3199, rank=0.3064, reco=20.6723, cons=0.1175, delta=0.0744, d_gain=0.1923, d_cost=0.0889, anc_p=0.0000, anc_o=0.0000) | val_auc_unw=0.9244, val_fpr50_unw=0.019278, val_auc_w=nan, val_fpr50_w=nan, val_metric_source=unweighted, select=auc, best_sel=0.924985, unfreeze=all, reco_trainable=7098018, dual_frozen=False, dual_trainable=2812673
StageC-Joint ep 20: train_loss=8.5940 (cls=0.3188, rank=0.3066, reco=20.6613, cons=0.1175, delta=0.0738, d_gain=0.1926, d_cost=0.0888, anc_p=0.0000, anc_o=0.0000) | val_auc_unw=0.9243, val_fpr50_unw=0.019410, val_auc_w=nan, val_fpr50_w=nan, val_metric_source=unweighted, select=auc, best_sel=0.924985, unfreeze=all, reco_trainable=7098018, dual_frozen=False, dual_trainable=2812673
StageC-Joint ep 21: train_loss=8.5951 (cls=0.3190, rank=0.3063, reco=20.6633, cons=0.1176, delta=0.0745, d_gain=0.1928, d_cost=0.0891, anc_p=0.0000, anc_o=0.0000) | val_auc_unw=0.9243, val_fpr50_unw=0.019143, val_auc_w=nan, val_fpr50_w=nan, val_metric_source=unweighted, select=auc, best_sel=0.924985, unfreeze=all, reco_trainable=7098018, dual_frozen=False, dual_trainable=2812673
StageC-Joint ep 22: train_loss=8.5900 (cls=0.3185, rank=0.3065, reco=20.6520, cons=0.1175, delta=0.0738, d_gain=0.1929, d_cost=0.0889, anc_p=0.0000, anc_o=0.0000) | val_auc_unw=0.9241, val_fpr50_unw=0.019152, val_auc_w=nan, val_fpr50_w=nan, val_metric_source=unweighted, select=auc, best_sel=0.924985, unfreeze=all, reco_trainable=7098018, dual_frozen=False, dual_trainable=2812673
StageC-Joint ep 23: train_loss=8.5985 (cls=0.3192, rank=0.3061, reco=20.6713, cons=0.1176, delta=0.0738, d_gain=0.1925, d_cost=0.0888, anc_p=0.0000, anc_o=0.0000) | val_auc_unw=0.9240, val_fpr50_unw=0.019518, val_auc_w=nan, val_fpr50_w=nan, val_metric_source=unweighted, select=auc, best_sel=0.924985, unfreeze=all, reco_trainable=7098018, dual_frozen=False, dual_trainable=2812673
StageC-Joint ep 24: train_loss=8.5878 (cls=0.3188, rank=0.3057, reco=20.6455, cons=0.1176, delta=0.0736, d_gain=0.1926, d_cost=0.0887, anc_p=0.0000, anc_o=0.0000) | val_auc_unw=0.9242, val_fpr50_unw=0.019436, val_auc_w=nan, val_fpr50_w=nan, val_metric_source=unweighted, select=auc, best_sel=0.924985, unfreeze=all, reco_trainable=7098018, dual_frozen=False, dual_trainable=2812673
StageC-Joint ep 25: train_loss=8.5919 (cls=0.3182, rank=0.3066, reco=20.6576, cons=0.1175, delta=0.0735, d_gain=0.1931, d_cost=0.0889, anc_p=0.0000, anc_o=0.0000) | val_auc_unw=0.9240, val_fpr50_unw=0.019282, val_auc_w=nan, val_fpr50_w=nan, val_metric_source=unweighted, select=auc, best_sel=0.924985, unfreeze=all, reco_trainable=7098018, dual_frozen=False, dual_trainable=2812673
Early stopping StageC-Joint at epoch 25

======================================================================
STEP 5: RECONSTRUCTION DIAGNOSTICS
======================================================================

Jet pT response/resolution by truth pT bin (test split):
  pT_low - pT_high | N | HLT resp | HLT reso | Corrected resp | Corrected reso
  172739.4 - 504068.9 | 18750 | 0.8681 | 0.1516 | 0.7430 | 0.1255
  504068.9 - 773424.6 | 18750 | 0.8445 | 0.1720 | 0.6666 | 0.1289
  773424.6 - 1093714.0 | 18750 | 0.8330 | 0.1869 | 0.6173 | 0.1295
  1093714.0 - 1365805.0 | 18750 | 0.8218 | 0.2022 | 0.5822 | 0.1340
  1365805.0 - 1711763.0 | 18750 | 0.8203 | 0.2056 | 0.5651 | 0.1329
  1711763.0 - 2155283.2 | 18750 | 0.8155 | 0.2123 | 0.5461 | 0.1352
  2155283.2 - 2633962.7 | 18750 | 0.8110 | 0.2225 | 0.5284 | 0.1396
  2633962.7 - 4355157.0 | 18750 | 0.7996 | 0.2295 | 0.5112 | 0.1419

Constituent-count diagnostics:
  Means: offline=54.297, hlt=29.181, reco=51.515
  MAE vs offline: hlt=25.116, reco=5.354

Budget diagnostics (test split):
  MAE: merge=5.223, eff=0.000, total=5.223
  Bias: merge=-2.182, eff=0.000, total=-2.182

======================================================================
FINAL TEST EVALUATION
======================================================================
Teacher (Offline) AUC: 0.9533
Baseline (HLT)   AUC: 0.9214
Stage2 (PreJoint) AUC: 0.9227
Stage2 (BestValFPR50) AUC: 0.9227
Joint Dual-View  AUC: 0.9235
Joint Dual-View (BestValFPR50) AUC: 0.9235

FPR@30 Teacher/Baseline/Stage2/Joint: 0.002131 / 0.005524 / 0.005208 / 0.005064
FPR@30 Stage2BestFPR / JointBestFPR: 0.005208 / 0.005064
FPR@50 Teacher/Baseline/Stage2/Joint: 0.009940 / 0.021587 / 0.019882 / 0.019472
FPR@50 Stage2BestFPR / JointBestFPR: 0.019882 / 0.019472
Saving val/test score arrays for fusion analysis...
Saved fusion score arrays to: checkpoints/reco_teacher_joint_fusion_6model_150k75k150k/model2_joint_chamfer_ptratio085/model2_joint_chamfer_ptratio085_150k75k150k_seed0/fusion_scores_val_test.npz

Saved joint results to: checkpoints/reco_teacher_joint_fusion_6model_150k75k150k/model2_joint_chamfer_ptratio085/model2_joint_chamfer_ptratio085_150k75k150k_seed0
Done: checkpoints/reco_teacher_joint_fusion_6model_150k75k150k/model2_joint_chamfer_ptratio085/model2_joint_chamfer_ptratio085_150k75k150k_seed0
