============================================================
Model-2 Stage-C continuation from pre-joint checkpoints
Run: checkpoints/reco_teacher_joint_fusion_6model_150k75k150k/model2_joint_delta/model2_joint_delta005_stagec_prog_unfreeze_150k75k150k_seed0
Base pre-joint run: checkpoints/reco_teacher_joint_fusion_6model_150k75k150k/model2_joint_delta/model2_joint_delta005_150k75k150k_seed0
Reconstructor ckpt: checkpoints/reco_teacher_joint_fusion_6model_150k75k150k/model2_joint_delta/model2_joint_delta005_150k75k150k_seed0/offline_reconstructor_stage2.pt
Dual ckpt: checkpoints/reco_teacher_joint_fusion_6model_150k75k150k/model2_joint_delta/model2_joint_delta005_150k75k150k_seed0/dual_joint_stage2.pt
============================================================
 python offline_reconstructor_joint_dualview_stage2save_auc_norankc_nopriv_unmergeonly.py --save_dir checkpoints/reco_teacher_joint_fusion_6model_150k75k150k/model2_joint_delta --run_name model2_joint_delta005_stagec_prog_unfreeze_150k75k150k_seed0 --n_train_jets 375000 --n_train_split 150000 --n_val_split 75000 --n_test_split 150000 --offset_jets 0 --max_constits 100 --num_workers 6 --seed 0 --selection_metric auc --stageA_epochs 0 --stageA_patience 1 --stageB_epochs 0 --stageB_patience 1 --stageB_min_epochs 0 --stageC_init_reco_ckpt checkpoints/reco_teacher_joint_fusion_6model_150k75k150k/model2_joint_delta/model2_joint_delta005_150k75k150k_seed0/offline_reconstructor_stage2.pt --stageC_init_dual_ckpt checkpoints/reco_teacher_joint_fusion_6model_150k75k150k/model2_joint_delta/model2_joint_delta005_150k75k150k_seed0/dual_joint_stage2.pt --stageC_progressive_unfreeze --stageC_unfreeze_phase1_epochs 3 --stageC_unfreeze_phase2_epochs 7 --stageC_unfreeze_last_n_encoder_layers 2 --stageC_lambda_param_anchor 0.02 --stageC_lambda_output_anchor 0.02 --stageC_anchor_decay 0.97 --stageC_lr_dual 1e-5 --stageC_lr_reco 5e-6 --lambda_reco 0.4 --lambda_cons 0.06 --stageC_lambda_delta 0.05 --stageC_delta_tau 0.05 --stageC_delta_lambda_fp 3.0 --stageC_delta_warmup_epochs 8 --added_target_scale 0.90 --save_fusion_scores --disable_final_kd --device cuda
Device: cuda
Save dir: checkpoints/reco_teacher_joint_fusion_6model_150k75k150k/model2_joint_delta/model2_joint_delta005_stagec_prog_unfreeze_150k75k150k_seed0
Loading offline constituents...
Generating pseudo-HLT...
Non-priv target setup: added_target_scale=0.900, mean_true_added_raw=25.116, mean_target_added=22.604
Computing features...
Split sizes: Train=150000, Val=75000, Test=150000 (custom_counts=True)
Stage-B train subset: N=150000 / 150000 (frac=1.000, seed=0)

======================================================================
STEP 1: TEACHER + BASELINE
======================================================================
Teacher ep 5: train_auc=0.9439, val_auc=0.9469, val_fpr50=0.012873, best_auc=0.9469, fpr50@best=0.012873
Teacher ep 10: train_auc=0.9509, val_auc=0.9526, val_fpr50=0.010285, best_auc=0.9526, fpr50@best=0.010285
Teacher ep 15: train_auc=0.9549, val_auc=0.9522, val_fpr50=0.011025, best_auc=0.9529, fpr50@best=0.010068
Teacher ep 20: train_auc=0.9577, val_auc=0.9480, val_fpr50=0.013272, best_auc=0.9529, fpr50@best=0.010068
Teacher ep 25: train_auc=0.9610, val_auc=0.9513, val_fpr50=0.010954, best_auc=0.9539, fpr50@best=0.009423
Teacher ep 30: train_auc=0.9652, val_auc=0.9503, val_fpr50=0.011826, best_auc=0.9539, fpr50@best=0.009423
Teacher ep 35: train_auc=0.9696, val_auc=0.9496, val_fpr50=0.011791, best_auc=0.9539, fpr50@best=0.009423
Early stopping Teacher at epoch 37
Baseline ep 5: train_auc=0.9099, val_auc=0.9027, val_fpr50=0.028200, best_auc=0.9096, fpr50@best=0.027649
Baseline ep 10: train_auc=0.9173, val_auc=0.9176, val_fpr50=0.023106, best_auc=0.9185, fpr50@best=0.021131
Baseline ep 15: train_auc=0.9211, val_auc=0.9199, val_fpr50=0.021754, best_auc=0.9207, fpr50@best=0.019859
Baseline ep 20: train_auc=0.9251, val_auc=0.9232, val_fpr50=0.020238, best_auc=0.9232, fpr50@best=0.020238
Baseline ep 25: train_auc=0.9291, val_auc=0.9231, val_fpr50=0.020397, best_auc=0.9232, fpr50@best=0.020238
Baseline ep 30: train_auc=0.9336, val_auc=0.9194, val_fpr50=0.023387, best_auc=0.9235, fpr50@best=0.020215
Baseline ep 35: train_auc=0.9383, val_auc=0.9220, val_fpr50=0.021137, best_auc=0.9235, fpr50@best=0.020215
Baseline ep 40: train_auc=0.9435, val_auc=0.9181, val_fpr50=0.023374, best_auc=0.9235, fpr50@best=0.020215
Early stopping Baseline at epoch 41
StageC weak-delta HLT reference @TPR=0.50: threshold_prob=0.920016, val_auc_hlt=0.9235

======================================================================
STEP 2: STAGE A (RECONSTRUCTOR PRETRAIN)
======================================================================

======================================================================
STEP 3: STAGE B (DUAL PRETRAIN, FROZEN RECONSTRUCTOR)
======================================================================
Loaded Stage-C init reconstructor checkpoint: checkpoints/reco_teacher_joint_fusion_6model_150k75k150k/model2_joint_delta/model2_joint_delta005_150k75k150k_seed0/offline_reconstructor_stage2.pt
Loaded Stage-C init dual checkpoint: checkpoints/reco_teacher_joint_fusion_6model_150k75k150k/model2_joint_delta/model2_joint_delta005_150k75k150k_seed0/dual_joint_stage2.pt

======================================================================
STEP 4: STAGE C (JOINT FINETUNE)
======================================================================
StageC-Joint ep 1: train_loss=8.6688 (cls=0.3312, rank=0.3005, reco=20.4655, cons=0.1196, delta=0.1091, d_gain=0.1926, d_cost=0.1006, anc_p=0.0000, anc_o=7.1816) | val_auc_unw=0.9263, val_fpr50_unw=0.018575, val_auc_w=nan, val_fpr50_w=nan, val_metric_source=unweighted, select=auc, best_sel=0.926336, unfreeze=heads, reco_trainable=764058
StageC-Joint ep 2: train_loss=8.5941 (cls=0.3276, rank=0.3010, reco=20.2998, cons=0.1182, delta=0.1002, d_gain=0.1920, d_cost=0.0974, anc_p=0.0000, anc_o=7.1257) | val_auc_unw=0.9265, val_fpr50_unw=0.018427, val_auc_w=nan, val_fpr50_w=nan, val_metric_source=unweighted, select=auc, best_sel=0.926548, unfreeze=heads, reco_trainable=764058
StageC-Joint ep 3: train_loss=8.5880 (cls=0.3271, rank=0.3027, reco=20.2944, cons=0.1179, delta=0.0948, d_gain=0.1915, d_cost=0.0954, anc_p=0.0000, anc_o=7.1350) | val_auc_unw=0.9262, val_fpr50_unw=0.018209, val_auc_w=nan, val_fpr50_w=nan, val_metric_source=unweighted, select=auc, best_sel=0.926548, unfreeze=heads, reco_trainable=764058
StageC-Joint ep 4: train_loss=8.5743 (cls=0.3262, rank=0.3032, reco=20.2714, cons=0.1178, delta=0.0925, d_gain=0.1918, d_cost=0.0948, anc_p=0.0000, anc_o=7.1294) | val_auc_unw=0.9265, val_fpr50_unw=0.017820, val_auc_w=nan, val_fpr50_w=nan, val_metric_source=unweighted, select=auc, best_sel=0.926548, unfreeze=lastk, reco_trainable=2343578
StageC-Joint ep 5: train_loss=8.5555 (cls=0.3254, rank=0.3040, reco=20.2346, cons=0.1177, delta=0.0886, d_gain=0.1912, d_cost=0.0933, anc_p=0.0000, anc_o=7.1420) | val_auc_unw=0.9265, val_fpr50_unw=0.017929, val_auc_w=nan, val_fpr50_w=nan, val_metric_source=unweighted, select=auc, best_sel=0.926548, unfreeze=lastk, reco_trainable=2343578
StageC-Joint ep 6: train_loss=8.5627 (cls=0.3253, rank=0.3039, reco=20.2596, cons=0.1177, delta=0.0872, d_gain=0.1915, d_cost=0.0929, anc_p=0.0000, anc_o=7.1754) | val_auc_unw=0.9263, val_fpr50_unw=0.018245, val_auc_w=nan, val_fpr50_w=nan, val_metric_source=unweighted, select=auc, best_sel=0.926548, unfreeze=lastk, reco_trainable=2343578
StageC-Joint ep 7: train_loss=8.5552 (cls=0.3249, rank=0.3047, reco=20.2534, cons=0.1177, delta=0.0850, d_gain=0.1916, d_cost=0.0922, anc_p=0.0000, anc_o=7.0919) | val_auc_unw=0.9264, val_fpr50_unw=0.018309, val_auc_w=nan, val_fpr50_w=nan, val_metric_source=unweighted, select=auc, best_sel=0.926548, unfreeze=lastk, reco_trainable=2343578
StageC-Joint ep 8: train_loss=8.5309 (cls=0.3252, rank=0.3049, reco=20.1989, cons=0.1177, delta=0.0830, d_gain=0.1909, d_cost=0.0913, anc_p=0.0000, anc_o=7.1155) | val_auc_unw=0.9263, val_fpr50_unw=0.018410, val_auc_w=nan, val_fpr50_w=nan, val_metric_source=unweighted, select=auc, best_sel=0.926548, unfreeze=all, reco_trainable=7098018
StageC-Joint ep 9: train_loss=8.5065 (cls=0.3249, rank=0.3057, reco=20.1469, cons=0.1177, delta=0.0835, d_gain=0.1916, d_cost=0.0917, anc_p=0.0000, anc_o=7.1145) | val_auc_unw=0.9263, val_fpr50_unw=0.018403, val_auc_w=nan, val_fpr50_w=nan, val_metric_source=unweighted, select=auc, best_sel=0.926548, unfreeze=all, reco_trainable=7098018
StageC-Joint ep 10: train_loss=8.4961 (cls=0.3238, rank=0.3045, reco=20.1293, cons=0.1178, delta=0.0823, d_gain=0.1915, d_cost=0.0913, anc_p=0.0000, anc_o=7.1938) | val_auc_unw=0.9263, val_fpr50_unw=0.018597, val_auc_w=nan, val_fpr50_w=nan, val_metric_source=unweighted, select=auc, best_sel=0.926548, unfreeze=all, reco_trainable=7098018
StageC-Joint ep 11: train_loss=8.4834 (cls=0.3236, rank=0.3054, reco=20.1063, cons=0.1176, delta=0.0800, d_gain=0.1915, d_cost=0.0905, anc_p=0.0000, anc_o=7.2012) | val_auc_unw=0.9260, val_fpr50_unw=0.018356, val_auc_w=nan, val_fpr50_w=nan, val_metric_source=unweighted, select=auc, best_sel=0.926548, unfreeze=all, reco_trainable=7098018
StageC-Joint ep 12: train_loss=8.4775 (cls=0.3234, rank=0.3050, reco=20.0971, cons=0.1177, delta=0.0800, d_gain=0.1915, d_cost=0.0905, anc_p=0.0000, anc_o=7.2819) | val_auc_unw=0.9262, val_fpr50_unw=0.018695, val_auc_w=nan, val_fpr50_w=nan, val_metric_source=unweighted, select=auc, best_sel=0.926548, unfreeze=all, reco_trainable=7098018
StageC-Joint ep 13: train_loss=8.4671 (cls=0.3234, rank=0.3047, reco=20.0767, cons=0.1177, delta=0.0800, d_gain=0.1918, d_cost=0.0906, anc_p=0.0000, anc_o=7.3482) | val_auc_unw=0.9263, val_fpr50_unw=0.018423, val_auc_w=nan, val_fpr50_w=nan, val_metric_source=unweighted, select=auc, best_sel=0.926548, unfreeze=all, reco_trainable=7098018
StageC-Joint ep 14: train_loss=8.4604 (cls=0.3236, rank=0.3042, reco=20.0682, cons=0.1177, delta=0.0804, d_gain=0.1913, d_cost=0.0906, anc_p=0.0000, anc_o=7.3116) | val_auc_unw=0.9265, val_fpr50_unw=0.018603, val_auc_w=nan, val_fpr50_w=nan, val_metric_source=unweighted, select=auc, best_sel=0.926548, unfreeze=all, reco_trainable=7098018
StageC-Joint ep 15: train_loss=8.4562 (cls=0.3230, rank=0.3042, reco=20.0616, cons=0.1177, delta=0.0788, d_gain=0.1915, d_cost=0.0901, anc_p=0.0000, anc_o=7.4761) | val_auc_unw=0.9262, val_fpr50_unw=0.018396, val_auc_w=nan, val_fpr50_w=nan, val_metric_source=unweighted, select=auc, best_sel=0.926548, unfreeze=all, reco_trainable=7098018
StageC-Joint ep 16: train_loss=8.4428 (cls=0.3225, rank=0.3051, reco=20.0382, cons=0.1177, delta=0.0797, d_gain=0.1918, d_cost=0.0905, anc_p=0.0000, anc_o=7.4216) | val_auc_unw=0.9263, val_fpr50_unw=0.018763, val_auc_w=nan, val_fpr50_w=nan, val_metric_source=unweighted, select=auc, best_sel=0.926548, unfreeze=all, reco_trainable=7098018
StageC-Joint ep 17: train_loss=8.4356 (cls=0.3222, rank=0.3054, reco=20.0287, cons=0.1177, delta=0.0792, d_gain=0.1923, d_cost=0.0905, anc_p=0.0000, anc_o=7.3970) | val_auc_unw=0.9260, val_fpr50_unw=0.018365, val_auc_w=nan, val_fpr50_w=nan, val_metric_source=unweighted, select=auc, best_sel=0.926548, unfreeze=all, reco_trainable=7098018
StageC-Joint ep 18: train_loss=8.4398 (cls=0.3226, rank=0.3059, reco=20.0447, cons=0.1177, delta=0.0785, d_gain=0.1917, d_cost=0.0900, anc_p=0.0000, anc_o=7.4109) | val_auc_unw=0.9260, val_fpr50_unw=0.018629, val_auc_w=nan, val_fpr50_w=nan, val_metric_source=unweighted, select=auc, best_sel=0.926548, unfreeze=all, reco_trainable=7098018
StageC-Joint ep 19: train_loss=8.4325 (cls=0.3228, rank=0.3056, reco=20.0310, cons=0.1177, delta=0.0787, d_gain=0.1915, d_cost=0.0901, anc_p=0.0000, anc_o=7.4636) | val_auc_unw=0.9262, val_fpr50_unw=0.018601, val_auc_w=nan, val_fpr50_w=nan, val_metric_source=unweighted, select=auc, best_sel=0.926548, unfreeze=all, reco_trainable=7098018
StageC-Joint ep 20: train_loss=8.4201 (cls=0.3222, rank=0.3050, reco=20.0062, cons=0.1177, delta=0.0784, d_gain=0.1918, d_cost=0.0901, anc_p=0.0000, anc_o=7.5339) | val_auc_unw=0.9260, val_fpr50_unw=0.018782, val_auc_w=nan, val_fpr50_w=nan, val_metric_source=unweighted, select=auc, best_sel=0.926548, unfreeze=all, reco_trainable=7098018
StageC-Joint ep 21: train_loss=8.4159 (cls=0.3222, rank=0.3052, reco=20.0034, cons=0.1177, delta=0.0786, d_gain=0.1919, d_cost=0.0902, anc_p=0.0000, anc_o=7.4776) | val_auc_unw=0.9260, val_fpr50_unw=0.018632, val_auc_w=nan, val_fpr50_w=nan, val_metric_source=unweighted, select=auc, best_sel=0.926548, unfreeze=all, reco_trainable=7098018
StageC-Joint ep 22: train_loss=8.4134 (cls=0.3226, rank=0.3048, reco=20.0017, cons=0.1177, delta=0.0789, d_gain=0.1917, d_cost=0.0902, anc_p=0.0000, anc_o=7.4960) | val_auc_unw=0.9261, val_fpr50_unw=0.018797, val_auc_w=nan, val_fpr50_w=nan, val_metric_source=unweighted, select=auc, best_sel=0.926548, unfreeze=all, reco_trainable=7098018
StageC-Joint ep 23: train_loss=8.4085 (cls=0.3211, rank=0.3048, reco=19.9971, cons=0.1178, delta=0.0776, d_gain=0.1922, d_cost=0.0899, anc_p=0.0000, anc_o=7.5816) | val_auc_unw=0.9257, val_fpr50_unw=0.018455, val_auc_w=nan, val_fpr50_w=nan, val_metric_source=unweighted, select=auc, best_sel=0.926548, unfreeze=all, reco_trainable=7098018
StageC-Joint ep 24: train_loss=8.4131 (cls=0.3215, rank=0.3054, reco=20.0136, cons=0.1177, delta=0.0778, d_gain=0.1922, d_cost=0.0900, anc_p=0.0000, anc_o=7.5734) | val_auc_unw=0.9259, val_fpr50_unw=0.018784, val_auc_w=nan, val_fpr50_w=nan, val_metric_source=unweighted, select=auc, best_sel=0.926548, unfreeze=all, reco_trainable=7098018
StageC-Joint ep 25: train_loss=8.4000 (cls=0.3222, rank=0.3049, reco=19.9823, cons=0.1177, delta=0.0778, d_gain=0.1919, d_cost=0.0899, anc_p=0.0000, anc_o=7.6798) | val_auc_unw=0.9259, val_fpr50_unw=0.018525, val_auc_w=nan, val_fpr50_w=nan, val_metric_source=unweighted, select=auc, best_sel=0.926548, unfreeze=all, reco_trainable=7098018
Early stopping StageC-Joint at epoch 25

======================================================================
STEP 5: RECONSTRUCTION DIAGNOSTICS
======================================================================

Jet pT response/resolution by truth pT bin (test split):
  pT_low - pT_high | N | HLT resp | HLT reso | Corrected resp | Corrected reso
  172739.4 - 504068.9 | 18750 | 0.8681 | 0.1516 | 0.7681 | 0.1270
  504068.9 - 773424.6 | 18750 | 0.8445 | 0.1720 | 0.6964 | 0.1310
  773424.6 - 1093714.0 | 18750 | 0.8330 | 0.1869 | 0.6485 | 0.1319
  1093714.0 - 1365805.0 | 18750 | 0.8218 | 0.2022 | 0.6140 | 0.1369
  1365805.0 - 1711763.0 | 18750 | 0.8203 | 0.2056 | 0.5960 | 0.1360
  1711763.0 - 2155283.2 | 18750 | 0.8155 | 0.2123 | 0.5765 | 0.1386
  2155283.2 - 2633962.7 | 18750 | 0.8110 | 0.2225 | 0.5600 | 0.1434
  2633962.7 - 4355157.0 | 18750 | 0.7996 | 0.2295 | 0.5417 | 0.1461

Constituent-count diagnostics:
  Means: offline=54.297, hlt=29.181, reco=51.823
  MAE vs offline: hlt=25.116, reco=5.182

Budget diagnostics (test split):
  MAE: merge=5.231, eff=0.000, total=5.231
  Bias: merge=-2.004, eff=0.000, total=-2.004

======================================================================
FINAL TEST EVALUATION
======================================================================
Teacher (Offline) AUC: 0.9533
Baseline (HLT)   AUC: 0.9214
Stage2 (PreJoint) AUC: 0.9228
Joint Dual-View  AUC: 0.9245
Joint Dual-View (BestValFPR50) AUC: 0.9246

FPR@30 Teacher/Baseline/Stage2/Joint: 0.002131 / 0.005524 / 0.004903 / 0.004666
FPR@30 Stage2BestFPR / JointBestFPR: nan / 0.004604
FPR@50 Teacher/Baseline/Stage2/Joint: 0.009940 / 0.021587 / 0.019864 / 0.018514
FPR@50 Stage2BestFPR / JointBestFPR: nan / 0.018495
Saving val/test score arrays for fusion analysis...
Saved fusion score arrays to: checkpoints/reco_teacher_joint_fusion_6model_150k75k150k/model2_joint_delta/model2_joint_delta005_stagec_prog_unfreeze_150k75k150k_seed0/fusion_scores_val_test.npz

Saved joint results to: checkpoints/reco_teacher_joint_fusion_6model_150k75k150k/model2_joint_delta/model2_joint_delta005_stagec_prog_unfreeze_150k75k150k_seed0
Done: checkpoints/reco_teacher_joint_fusion_6model_150k75k150k/model2_joint_delta/model2_joint_delta005_stagec_prog_unfreeze_150k75k150k_seed0
