============================================================
Model-2 Joint (SetLoss=Sinkhorn only; all other reco loss terms OFF)
Run: checkpoints/reco_teacher_joint_fusion_6model_150k75k150k/model2_joint_sinkhorn_setonly/model2_joint_sinkhorn_setonly_150k75k150k_seed0
Split: train=150000, val=75000, test=150000
============================================================
 python offline_reconstructor_joint_dualview_stage2save_auc_norankc_nopriv_unmergeonly.py --save_dir checkpoints/reco_teacher_joint_fusion_6model_150k75k150k/model2_joint_sinkhorn_setonly --run_name model2_joint_sinkhorn_setonly_150k75k150k_seed0 --n_train_jets 375000 --n_train_split 150000 --n_val_split 75000 --n_test_split 150000 --offset_jets 0 --max_constits 100 --num_workers 6 --seed 0 --selection_metric auc --stageB_lambda_rank 0.0 --stageB_lambda_cons 0.0 --stageC_lr_dual 1e-5 --stageC_lr_reco 5e-6 --lambda_reco 0.4 --lambda_cons 0.0 --stageC_lambda_delta 0.05 --stageC_delta_tau 0.05 --stageC_delta_lambda_fp 3.0 --stageC_delta_warmup_epochs 8 --added_target_scale 0.90 --loss_set_mode sinkhorn --loss_set_sinkhorn_eps 0.08 --loss_set_sinkhorn_iters 25 --loss_w_phys 0.0 --loss_w_pt_ratio 0.0 --loss_w_e_ratio 0.0 --loss_w_budget 0.0 --loss_w_sparse 0.0 --loss_w_local 0.0 --save_fusion_scores --disable_final_kd --device cuda
Device: cuda
Save dir: checkpoints/reco_teacher_joint_fusion_6model_150k75k150k/model2_joint_sinkhorn_setonly/model2_joint_sinkhorn_setonly_150k75k150k_seed0
Loading offline constituents...
Generating pseudo-HLT...
Non-priv target setup: added_target_scale=0.900, mean_true_added_raw=25.116, mean_target_added=22.604
Computing features...
Split sizes: Train=150000, Val=75000, Test=150000 (custom_counts=True)
Stage-B train subset: N=150000 / 150000 (frac=1.000, seed=0)

======================================================================
STEP 1: TEACHER + BASELINE
======================================================================
Teacher ep 5: train_auc=0.9439, val_auc=0.9469, val_fpr50=0.012873, best_auc=0.9469, fpr50@best=0.012873
Teacher ep 10: train_auc=0.9509, val_auc=0.9526, val_fpr50=0.010285, best_auc=0.9526, fpr50@best=0.010285
Teacher ep 15: train_auc=0.9549, val_auc=0.9522, val_fpr50=0.011025, best_auc=0.9529, fpr50@best=0.010068
Teacher ep 20: train_auc=0.9577, val_auc=0.9480, val_fpr50=0.013272, best_auc=0.9529, fpr50@best=0.010068
Teacher ep 25: train_auc=0.9610, val_auc=0.9513, val_fpr50=0.010954, best_auc=0.9539, fpr50@best=0.009423
Teacher ep 30: train_auc=0.9652, val_auc=0.9503, val_fpr50=0.011826, best_auc=0.9539, fpr50@best=0.009423
Teacher ep 35: train_auc=0.9696, val_auc=0.9496, val_fpr50=0.011791, best_auc=0.9539, fpr50@best=0.009423
Early stopping Teacher at epoch 37
Baseline ep 5: train_auc=0.9099, val_auc=0.9027, val_fpr50=0.028200, best_auc=0.9096, fpr50@best=0.027649
Baseline ep 10: train_auc=0.9173, val_auc=0.9176, val_fpr50=0.023106, best_auc=0.9185, fpr50@best=0.021131
Baseline ep 15: train_auc=0.9211, val_auc=0.9199, val_fpr50=0.021754, best_auc=0.9207, fpr50@best=0.019859
Baseline ep 20: train_auc=0.9251, val_auc=0.9232, val_fpr50=0.020238, best_auc=0.9232, fpr50@best=0.020238
Baseline ep 25: train_auc=0.9291, val_auc=0.9231, val_fpr50=0.020397, best_auc=0.9232, fpr50@best=0.020238
Baseline ep 30: train_auc=0.9336, val_auc=0.9194, val_fpr50=0.023387, best_auc=0.9235, fpr50@best=0.020215
Baseline ep 35: train_auc=0.9383, val_auc=0.9220, val_fpr50=0.021137, best_auc=0.9235, fpr50@best=0.020215
Baseline ep 40: train_auc=0.9435, val_auc=0.9181, val_fpr50=0.023374, best_auc=0.9235, fpr50@best=0.020215
Early stopping Baseline at epoch 41
StageC weak-delta HLT reference @TPR=0.50: threshold_prob=0.920016, val_auc_hlt=0.9235

======================================================================
STEP 2: STAGE A (RECONSTRUCTOR PRETRAIN)
======================================================================
Ep 5: train_total=0.3048, val_total_unw=0.3922, val_total_w=0.3922, select=unweighted, best_sel=0.3670 | set_unw=0.3922, phys_unw=0.6414, budget_unw=136.0261, stage_scale=0.35
Ep 10: train_total=0.2920, val_total_unw=0.4689, val_total_w=0.4689, select=unweighted, best_sel=0.3670 | set_unw=0.4689, phys_unw=0.6690, budget_unw=133.0034, stage_scale=0.35
Ep 15: train_total=0.2873, val_total_unw=0.5623, val_total_w=0.5623, select=unweighted, best_sel=0.3670 | set_unw=0.5623, phys_unw=0.6909, budget_unw=122.3181, stage_scale=0.35
Ep 20: train_total=0.2825, val_total_unw=0.5684, val_total_w=0.5684, select=unweighted, best_sel=0.3670 | set_unw=0.5684, phys_unw=0.6969, budget_unw=140.8146, stage_scale=0.35
Stage-A transition -> reloaded best from phase_035 (epoch=2, val_total=0.3670)
Ep 25: train_total=0.2975, val_total_unw=0.3166, val_total_w=0.3166, select=unweighted, best_sel=0.3138 | set_unw=0.3166, phys_unw=0.7692, budget_unw=179.3697, stage_scale=0.70
Ep 30: train_total=0.2903, val_total_unw=0.3275, val_total_w=0.3275, select=unweighted, best_sel=0.3129 | set_unw=0.3275, phys_unw=0.7581, budget_unw=185.8531, stage_scale=0.70
Ep 35: train_total=0.2863, val_total_unw=0.3147, val_total_w=0.3147, select=unweighted, best_sel=0.3129 | set_unw=0.3147, phys_unw=0.7522, budget_unw=166.0656, stage_scale=0.70
Ep 40: train_total=0.2828, val_total_unw=0.3303, val_total_w=0.3303, select=unweighted, best_sel=0.3129 | set_unw=0.3303, phys_unw=0.7635, budget_unw=155.8546, stage_scale=0.70
Ep 45: train_total=0.2784, val_total_unw=0.3341, val_total_w=0.3341, select=unweighted, best_sel=0.3129 | set_unw=0.3341, phys_unw=0.7632, budget_unw=149.2619, stage_scale=0.70
Ep 50: train_total=0.2755, val_total_unw=0.3287, val_total_w=0.3287, select=unweighted, best_sel=0.3129 | set_unw=0.3287, phys_unw=0.7683, budget_unw=146.2835, stage_scale=0.70
Ep 55: train_total=0.2727, val_total_unw=0.3322, val_total_w=0.3322, select=unweighted, best_sel=0.3129 | set_unw=0.3322, phys_unw=0.7773, budget_unw=145.3008, stage_scale=0.70
Stage-A transition -> reloaded best from phase_070 (epoch=26, val_total=0.3129)
Ep 60: train_total=0.2894, val_total_unw=0.2881, val_total_w=0.2881, select=unweighted, best_sel=0.2869 | set_unw=0.2881, phys_unw=0.8028, budget_unw=161.5974, stage_scale=1.00
Ep 65: train_total=0.2858, val_total_unw=0.2845, val_total_w=0.2845, select=unweighted, best_sel=0.2839 | set_unw=0.2845, phys_unw=0.8204, budget_unw=152.7832, stage_scale=1.00
Ep 70: train_total=0.2823, val_total_unw=0.2813, val_total_w=0.2813, select=unweighted, best_sel=0.2813 | set_unw=0.2813, phys_unw=0.8125, budget_unw=296.3124, stage_scale=1.00
Ep 75: train_total=0.2780, val_total_unw=0.2796, val_total_w=0.2796, select=unweighted, best_sel=0.2784 | set_unw=0.2796, phys_unw=0.8176, budget_unw=276.1980, stage_scale=1.00
Ep 80: train_total=0.2753, val_total_unw=0.2774, val_total_w=0.2774, select=unweighted, best_sel=0.2771 | set_unw=0.2774, phys_unw=0.8233, budget_unw=268.9174, stage_scale=1.00
Ep 85: train_total=0.2723, val_total_unw=0.2774, val_total_w=0.2774, select=unweighted, best_sel=0.2766 | set_unw=0.2774, phys_unw=0.8241, budget_unw=270.1306, stage_scale=1.00
Ep 90: train_total=0.2691, val_total_unw=0.2777, val_total_w=0.2777, select=unweighted, best_sel=0.2760 | set_unw=0.2777, phys_unw=0.8170, budget_unw=260.9936, stage_scale=1.00

======================================================================
STEP 3: STAGE B (DUAL PRETRAIN, FROZEN RECONSTRUCTOR)
======================================================================
StageB-DualPretrain ep 5: train_loss=0.3766 (cls=0.3766, rank=0.3040, reco=0.0000, cons=0.0379, delta=0.0000, d_gain=0.0000, d_cost=0.0000, anc_p=0.0000, anc_o=0.0000) | val_auc_unw=0.9168, val_fpr50_unw=0.023324, val_auc_w=nan, val_fpr50_w=nan, val_metric_source=unweighted, select=auc, best_sel=0.916754, unfreeze=frozen, reco_trainable=0, dual_frozen=False, dual_trainable=2812673
StageB-DualPretrain ep 10: train_loss=0.3606 (cls=0.3606, rank=0.3029, reco=0.0000, cons=0.0379, delta=0.0000, d_gain=0.0000, d_cost=0.0000, anc_p=0.0000, anc_o=0.0000) | val_auc_unw=0.9207, val_fpr50_unw=0.021095, val_auc_w=nan, val_fpr50_w=nan, val_metric_source=unweighted, select=auc, best_sel=0.920730, unfreeze=frozen, reco_trainable=0, dual_frozen=False, dual_trainable=2812673
StageB-DualPretrain ep 15: train_loss=0.3516 (cls=0.3516, rank=0.3030, reco=0.0000, cons=0.0379, delta=0.0000, d_gain=0.0000, d_cost=0.0000, anc_p=0.0000, anc_o=0.0000) | val_auc_unw=0.9227, val_fpr50_unw=0.019640, val_auc_w=nan, val_fpr50_w=nan, val_metric_source=unweighted, select=auc, best_sel=0.922723, unfreeze=frozen, reco_trainable=0, dual_frozen=False, dual_trainable=2812673
StageB-DualPretrain ep 20: train_loss=0.3428 (cls=0.3428, rank=0.3028, reco=0.0000, cons=0.0379, delta=0.0000, d_gain=0.0000, d_cost=0.0000, anc_p=0.0000, anc_o=0.0000) | val_auc_unw=0.9236, val_fpr50_unw=0.019621, val_auc_w=nan, val_fpr50_w=nan, val_metric_source=unweighted, select=auc, best_sel=0.923573, unfreeze=frozen, reco_trainable=0, dual_frozen=False, dual_trainable=2812673
StageB-DualPretrain ep 25: train_loss=0.3343 (cls=0.3343, rank=0.3033, reco=0.0000, cons=0.0379, delta=0.0000, d_gain=0.0000, d_cost=0.0000, anc_p=0.0000, anc_o=0.0000) | val_auc_unw=0.9236, val_fpr50_unw=0.019936, val_auc_w=nan, val_fpr50_w=nan, val_metric_source=unweighted, select=auc, best_sel=0.924955, unfreeze=frozen, reco_trainable=0, dual_frozen=False, dual_trainable=2812673
StageB-DualPretrain ep 30: train_loss=0.3215 (cls=0.3215, rank=0.3043, reco=0.0000, cons=0.0379, delta=0.0000, d_gain=0.0000, d_cost=0.0000, anc_p=0.0000, anc_o=0.0000) | val_auc_unw=0.9226, val_fpr50_unw=0.019421, val_auc_w=nan, val_fpr50_w=nan, val_metric_source=unweighted, select=auc, best_sel=0.924955, unfreeze=frozen, reco_trainable=0, dual_frozen=False, dual_trainable=2812673
StageB-DualPretrain ep 35: train_loss=0.3112 (cls=0.3112, rank=0.3066, reco=0.0000, cons=0.0379, delta=0.0000, d_gain=0.0000, d_cost=0.0000, anc_p=0.0000, anc_o=0.0000) | val_auc_unw=0.9222, val_fpr50_unw=0.019900, val_auc_w=nan, val_fpr50_w=nan, val_metric_source=unweighted, select=auc, best_sel=0.924955, unfreeze=frozen, reco_trainable=0, dual_frozen=False, dual_trainable=2812673
Early stopping StageB-DualPretrain at epoch 35

======================================================================
STEP 4: STAGE C (JOINT FINETUNE)
======================================================================
StageC-Joint ep 1: train_loss=0.4378 (cls=0.3302, rank=0.3016, reco=0.2674, cons=0.0379, delta=0.1089, d_gain=0.1927, d_cost=0.1005, anc_p=0.0000, anc_o=0.0000) | val_auc_unw=0.9254, val_fpr50_unw=0.017879, val_auc_w=nan, val_fpr50_w=nan, val_metric_source=unweighted, select=auc, best_sel=0.925370, unfreeze=all, reco_trainable=7098018, dual_frozen=False, dual_trainable=2812673
StageC-Joint ep 2: train_loss=0.4357 (cls=0.3278, rank=0.3031, reco=0.2665, cons=0.0381, delta=0.1002, d_gain=0.1917, d_cost=0.0973, anc_p=0.0000, anc_o=0.0000) | val_auc_unw=0.9256, val_fpr50_unw=0.017869, val_auc_w=nan, val_fpr50_w=nan, val_metric_source=unweighted, select=auc, best_sel=0.925595, unfreeze=all, reco_trainable=7098018, dual_frozen=False, dual_trainable=2812673
StageC-Joint ep 3: train_loss=0.4345 (cls=0.3263, rank=0.3032, reco=0.2660, cons=0.0381, delta=0.0938, d_gain=0.1915, d_cost=0.0951, anc_p=0.0000, anc_o=0.0000) | val_auc_unw=0.9258, val_fpr50_unw=0.017691, val_auc_w=nan, val_fpr50_w=nan, val_metric_source=unweighted, select=auc, best_sel=0.925842, unfreeze=all, reco_trainable=7098018, dual_frozen=False, dual_trainable=2812673
StageC-Joint ep 4: train_loss=0.4340 (cls=0.3255, rank=0.3050, reco=0.2656, cons=0.0381, delta=0.0903, d_gain=0.1917, d_cost=0.0940, anc_p=0.0000, anc_o=0.0000) | val_auc_unw=0.9258, val_fpr50_unw=0.017850, val_auc_w=nan, val_fpr50_w=nan, val_metric_source=unweighted, select=auc, best_sel=0.925842, unfreeze=all, reco_trainable=7098018, dual_frozen=False, dual_trainable=2812673
StageC-Joint ep 5: train_loss=0.4342 (cls=0.3254, rank=0.3053, reco=0.2653, cons=0.0384, delta=0.0883, d_gain=0.1919, d_cost=0.0934, anc_p=0.0000, anc_o=0.0000) | val_auc_unw=0.9260, val_fpr50_unw=0.017879, val_auc_w=nan, val_fpr50_w=nan, val_metric_source=unweighted, select=auc, best_sel=0.925968, unfreeze=all, reco_trainable=7098018, dual_frozen=False, dual_trainable=2812673
StageC-Joint ep 6: train_loss=0.4341 (cls=0.3247, rank=0.3053, reco=0.2652, cons=0.0386, delta=0.0867, d_gain=0.1916, d_cost=0.0928, anc_p=0.0000, anc_o=0.0000) | val_auc_unw=0.9259, val_fpr50_unw=0.017762, val_auc_w=nan, val_fpr50_w=nan, val_metric_source=unweighted, select=auc, best_sel=0.925968, unfreeze=all, reco_trainable=7098018, dual_frozen=False, dual_trainable=2812673
StageC-Joint ep 7: train_loss=0.4340 (cls=0.3244, rank=0.3060, reco=0.2651, cons=0.0387, delta=0.0832, d_gain=0.1913, d_cost=0.0915, anc_p=0.0000, anc_o=0.0000) | val_auc_unw=0.9257, val_fpr50_unw=0.018147, val_auc_w=nan, val_fpr50_w=nan, val_metric_source=unweighted, select=auc, best_sel=0.925968, unfreeze=all, reco_trainable=7098018, dual_frozen=False, dual_trainable=2812673
StageC-Joint ep 8: train_loss=0.4329 (cls=0.3229, rank=0.3053, reco=0.2651, cons=0.0386, delta=0.0811, d_gain=0.1918, d_cost=0.0909, anc_p=0.0000, anc_o=0.0000) | val_auc_unw=0.9259, val_fpr50_unw=0.018014, val_auc_w=nan, val_fpr50_w=nan, val_metric_source=unweighted, select=auc, best_sel=0.925968, unfreeze=all, reco_trainable=7098018, dual_frozen=False, dual_trainable=2812673
StageC-Joint ep 9: train_loss=0.4338 (cls=0.3239, rank=0.3056, reco=0.2649, cons=0.0387, delta=0.0802, d_gain=0.1915, d_cost=0.0906, anc_p=0.0000, anc_o=0.0000) | val_auc_unw=0.9257, val_fpr50_unw=0.018026, val_auc_w=nan, val_fpr50_w=nan, val_metric_source=unweighted, select=auc, best_sel=0.925968, unfreeze=all, reco_trainable=7098018, dual_frozen=False, dual_trainable=2812673
StageC-Joint ep 10: train_loss=0.4327 (cls=0.3228, rank=0.3064, reco=0.2648, cons=0.0388, delta=0.0798, d_gain=0.1920, d_cost=0.0906, anc_p=0.0000, anc_o=0.0000) | val_auc_unw=0.9258, val_fpr50_unw=0.017965, val_auc_w=nan, val_fpr50_w=nan, val_metric_source=unweighted, select=auc, best_sel=0.925968, unfreeze=all, reco_trainable=7098018, dual_frozen=False, dual_trainable=2812673
StageC-Joint ep 11: train_loss=0.4328 (cls=0.3230, rank=0.3053, reco=0.2647, cons=0.0388, delta=0.0793, d_gain=0.1916, d_cost=0.0903, anc_p=0.0000, anc_o=0.0000) | val_auc_unw=0.9257, val_fpr50_unw=0.018107, val_auc_w=nan, val_fpr50_w=nan, val_metric_source=unweighted, select=auc, best_sel=0.925968, unfreeze=all, reco_trainable=7098018, dual_frozen=False, dual_trainable=2812673
StageC-Joint ep 12: train_loss=0.4326 (cls=0.3229, rank=0.3060, reco=0.2647, cons=0.0386, delta=0.0782, d_gain=0.1917, d_cost=0.0900, anc_p=0.0000, anc_o=0.0000) | val_auc_unw=0.9256, val_fpr50_unw=0.017872, val_auc_w=nan, val_fpr50_w=nan, val_metric_source=unweighted, select=auc, best_sel=0.925968, unfreeze=all, reco_trainable=7098018, dual_frozen=False, dual_trainable=2812673
StageC-Joint ep 13: train_loss=0.4313 (cls=0.3215, rank=0.3062, reco=0.2647, cons=0.0386, delta=0.0780, d_gain=0.1920, d_cost=0.0900, anc_p=0.0000, anc_o=0.0000) | val_auc_unw=0.9255, val_fpr50_unw=0.017991, val_auc_w=nan, val_fpr50_w=nan, val_metric_source=unweighted, select=auc, best_sel=0.925968, unfreeze=all, reco_trainable=7098018, dual_frozen=False, dual_trainable=2812673
StageC-Joint ep 14: train_loss=0.4319 (cls=0.3222, rank=0.3066, reco=0.2646, cons=0.0386, delta=0.0777, d_gain=0.1918, d_cost=0.0898, anc_p=0.0000, anc_o=0.0000) | val_auc_unw=0.9253, val_fpr50_unw=0.018193, val_auc_w=nan, val_fpr50_w=nan, val_metric_source=unweighted, select=auc, best_sel=0.925968, unfreeze=all, reco_trainable=7098018, dual_frozen=False, dual_trainable=2812673
StageC-Joint ep 15: train_loss=0.4311 (cls=0.3214, rank=0.3067, reco=0.2647, cons=0.0386, delta=0.0774, d_gain=0.1923, d_cost=0.0899, anc_p=0.0000, anc_o=0.0000) | val_auc_unw=0.9255, val_fpr50_unw=0.017978, val_auc_w=nan, val_fpr50_w=nan, val_metric_source=unweighted, select=auc, best_sel=0.925968, unfreeze=all, reco_trainable=7098018, dual_frozen=False, dual_trainable=2812673
StageC-Joint ep 16: train_loss=0.4311 (cls=0.3214, rank=0.3063, reco=0.2646, cons=0.0385, delta=0.0769, d_gain=0.1921, d_cost=0.0897, anc_p=0.0000, anc_o=0.0000) | val_auc_unw=0.9253, val_fpr50_unw=0.018249, val_auc_w=nan, val_fpr50_w=nan, val_metric_source=unweighted, select=auc, best_sel=0.925968, unfreeze=all, reco_trainable=7098018, dual_frozen=False, dual_trainable=2812673
StageC-Joint ep 17: train_loss=0.4306 (cls=0.3209, rank=0.3064, reco=0.2645, cons=0.0387, delta=0.0763, d_gain=0.1923, d_cost=0.0895, anc_p=0.0000, anc_o=0.0000) | val_auc_unw=0.9253, val_fpr50_unw=0.018420, val_auc_w=nan, val_fpr50_w=nan, val_metric_source=unweighted, select=auc, best_sel=0.925968, unfreeze=all, reco_trainable=7098018, dual_frozen=False, dual_trainable=2812673
StageC-Joint ep 18: train_loss=0.4304 (cls=0.3207, rank=0.3058, reco=0.2645, cons=0.0386, delta=0.0764, d_gain=0.1923, d_cost=0.0896, anc_p=0.0000, anc_o=0.0000) | val_auc_unw=0.9252, val_fpr50_unw=0.018212, val_auc_w=nan, val_fpr50_w=nan, val_metric_source=unweighted, select=auc, best_sel=0.925968, unfreeze=all, reco_trainable=7098018, dual_frozen=False, dual_trainable=2812673
StageC-Joint ep 19: train_loss=0.4300 (cls=0.3204, rank=0.3066, reco=0.2646, cons=0.0386, delta=0.0752, d_gain=0.1923, d_cost=0.0892, anc_p=0.0000, anc_o=0.0000) | val_auc_unw=0.9254, val_fpr50_unw=0.017999, val_auc_w=nan, val_fpr50_w=nan, val_metric_source=unweighted, select=auc, best_sel=0.925968, unfreeze=all, reco_trainable=7098018, dual_frozen=False, dual_trainable=2812673
StageC-Joint ep 20: train_loss=0.4294 (cls=0.3198, rank=0.3066, reco=0.2646, cons=0.0386, delta=0.0747, d_gain=0.1925, d_cost=0.0891, anc_p=0.0000, anc_o=0.0000) | val_auc_unw=0.9254, val_fpr50_unw=0.018305, val_auc_w=nan, val_fpr50_w=nan, val_metric_source=unweighted, select=auc, best_sel=0.925968, unfreeze=all, reco_trainable=7098018, dual_frozen=False, dual_trainable=2812673
StageC-Joint ep 21: train_loss=0.4294 (cls=0.3199, rank=0.3072, reco=0.2645, cons=0.0385, delta=0.0753, d_gain=0.1928, d_cost=0.0894, anc_p=0.0000, anc_o=0.0000) | val_auc_unw=0.9254, val_fpr50_unw=0.018419, val_auc_w=nan, val_fpr50_w=nan, val_metric_source=unweighted, select=auc, best_sel=0.925968, unfreeze=all, reco_trainable=7098018, dual_frozen=False, dual_trainable=2812673
StageC-Joint ep 22: train_loss=0.4291 (cls=0.3195, rank=0.3059, reco=0.2644, cons=0.0384, delta=0.0751, d_gain=0.1927, d_cost=0.0893, anc_p=0.0000, anc_o=0.0000) | val_auc_unw=0.9252, val_fpr50_unw=0.018309, val_auc_w=nan, val_fpr50_w=nan, val_metric_source=unweighted, select=auc, best_sel=0.925968, unfreeze=all, reco_trainable=7098018, dual_frozen=False, dual_trainable=2812673
StageC-Joint ep 23: train_loss=0.4299 (cls=0.3204, rank=0.3065, reco=0.2644, cons=0.0385, delta=0.0749, d_gain=0.1923, d_cost=0.0891, anc_p=0.0000, anc_o=0.0000) | val_auc_unw=0.9253, val_fpr50_unw=0.018429, val_auc_w=nan, val_fpr50_w=nan, val_metric_source=unweighted, select=auc, best_sel=0.925968, unfreeze=all, reco_trainable=7098018, dual_frozen=False, dual_trainable=2812673
StageC-Joint ep 24: train_loss=0.4283 (cls=0.3189, rank=0.3064, reco=0.2644, cons=0.0386, delta=0.0734, d_gain=0.1925, d_cost=0.0886, anc_p=0.0000, anc_o=0.0000) | val_auc_unw=0.9252, val_fpr50_unw=0.018673, val_auc_w=nan, val_fpr50_w=nan, val_metric_source=unweighted, select=auc, best_sel=0.925968, unfreeze=all, reco_trainable=7098018, dual_frozen=False, dual_trainable=2812673
StageC-Joint ep 25: train_loss=0.4291 (cls=0.3196, rank=0.3070, reco=0.2644, cons=0.0385, delta=0.0741, d_gain=0.1929, d_cost=0.0890, anc_p=0.0000, anc_o=0.0000) | val_auc_unw=0.9253, val_fpr50_unw=0.018450, val_auc_w=nan, val_fpr50_w=nan, val_metric_source=unweighted, select=auc, best_sel=0.925968, unfreeze=all, reco_trainable=7098018, dual_frozen=False, dual_trainable=2812673
Early stopping StageC-Joint at epoch 25

======================================================================
STEP 5: RECONSTRUCTION DIAGNOSTICS
======================================================================

Jet pT response/resolution by truth pT bin (test split):
  pT_low - pT_high | N | HLT resp | HLT reso | Corrected resp | Corrected reso
  172739.4 - 504068.9 | 18750 | 0.8681 | 0.1516 | 0.0394 | 0.0307
  504068.9 - 773424.6 | 18750 | 0.8445 | 0.1720 | 0.0393 | 0.0309
  773424.6 - 1093714.0 | 18750 | 0.8330 | 0.1869 | 0.0393 | 0.0330
  1093714.0 - 1365805.0 | 18750 | 0.8218 | 0.2022 | 0.0373 | 0.0339
  1365805.0 - 1711763.0 | 18750 | 0.8203 | 0.2056 | 0.0365 | 0.0348
  1711763.0 - 2155283.2 | 18750 | 0.8155 | 0.2123 | 0.0361 | 0.0368
  2155283.2 - 2633962.7 | 18750 | 0.8110 | 0.2225 | 0.0361 | 0.0396
  2633962.7 - 4355157.0 | 18750 | 0.7996 | 0.2295 | 0.0359 | 0.0418

Constituent-count diagnostics:
  Means: offline=54.297, hlt=29.181, reco=1.000
  MAE vs offline: hlt=25.116, reco=53.297

Budget diagnostics (test split):
  MAE: merge=45.441, eff=0.000, total=45.441
  Bias: merge=45.441, eff=0.000, total=45.441

======================================================================
FINAL TEST EVALUATION
======================================================================
Teacher (Offline) AUC: 0.9533
Baseline (HLT)   AUC: 0.9214
Stage2 (PreJoint) AUC: 0.9228
Stage2 (BestValFPR50) AUC: 0.9228
Joint Dual-View  AUC: 0.9240
Joint Dual-View (BestValFPR50) AUC: 0.9239

FPR@30 Teacher/Baseline/Stage2/Joint: 0.002131 / 0.005524 / 0.005115 / 0.004862
FPR@30 Stage2BestFPR / JointBestFPR: 0.005115 / 0.004831
FPR@50 Teacher/Baseline/Stage2/Joint: 0.009940 / 0.021587 / 0.020839 / 0.019451
FPR@50 Stage2BestFPR / JointBestFPR: 0.020839 / 0.019403
Saving val/test score arrays for fusion analysis...
Saved fusion score arrays to: checkpoints/reco_teacher_joint_fusion_6model_150k75k150k/model2_joint_sinkhorn_setonly/model2_joint_sinkhorn_setonly_150k75k150k_seed0/fusion_scores_val_test.npz

Saved joint results to: checkpoints/reco_teacher_joint_fusion_6model_150k75k150k/model2_joint_sinkhorn_setonly/model2_joint_sinkhorn_setonly_150k75k150k_seed0
Done: checkpoints/reco_teacher_joint_fusion_6model_150k75k150k/model2_joint_sinkhorn_setonly/model2_joint_sinkhorn_setonly_150k75k150k_seed0
