============================================================
Model-2 Joint (SetLoss=Chamfer, pT-ratio only ON among phys/pt/e)
Run: checkpoints/reco_teacher_joint_fusion_6model_150k75k150k/model2_joint_chamfer_ptratioonly/model2_joint_chamfer_ptratioonly_150k75k150k_seed0
Split: train=150000, val=75000, test=150000
============================================================
 python offline_reconstructor_joint_dualview_stage2save_auc_norankc_nopriv_unmergeonly.py --save_dir checkpoints/reco_teacher_joint_fusion_6model_150k75k150k/model2_joint_chamfer_ptratioonly --run_name model2_joint_chamfer_ptratioonly_150k75k150k_seed0 --n_train_jets 375000 --n_train_split 150000 --n_val_split 75000 --n_test_split 150000 --offset_jets 0 --max_constits 100 --num_workers 6 --seed 0 --selection_metric auc --stageB_lambda_rank 0.0 --stageB_lambda_cons 0.0 --stageC_lr_dual 1e-5 --stageC_lr_reco 5e-6 --lambda_reco 0.4 --lambda_cons 0.06 --stageC_lambda_delta 0.05 --stageC_delta_tau 0.05 --stageC_delta_lambda_fp 3.0 --stageC_delta_warmup_epochs 8 --added_target_scale 0.90 --loss_set_mode chamfer --loss_w_phys 0.0 --loss_w_pt_ratio 0.70 --loss_w_e_ratio 0.0 --loss_w_local 0.05 --save_fusion_scores --disable_final_kd --device cuda
Device: cuda
Save dir: checkpoints/reco_teacher_joint_fusion_6model_150k75k150k/model2_joint_chamfer_ptratioonly/model2_joint_chamfer_ptratioonly_150k75k150k_seed0
Loading offline constituents...
Generating pseudo-HLT...
Non-priv target setup: added_target_scale=0.900, mean_true_added_raw=25.116, mean_target_added=22.604
Computing features...
Split sizes: Train=150000, Val=75000, Test=150000 (custom_counts=True)
Stage-B train subset: N=150000 / 150000 (frac=1.000, seed=0)

======================================================================
STEP 1: TEACHER + BASELINE
======================================================================
Teacher ep 5: train_auc=0.9439, val_auc=0.9469, val_fpr50=0.012873, best_auc=0.9469, fpr50@best=0.012873
Teacher ep 10: train_auc=0.9509, val_auc=0.9526, val_fpr50=0.010285, best_auc=0.9526, fpr50@best=0.010285
Teacher ep 15: train_auc=0.9549, val_auc=0.9522, val_fpr50=0.011025, best_auc=0.9529, fpr50@best=0.010068
Teacher ep 20: train_auc=0.9577, val_auc=0.9480, val_fpr50=0.013272, best_auc=0.9529, fpr50@best=0.010068
Teacher ep 25: train_auc=0.9610, val_auc=0.9513, val_fpr50=0.010954, best_auc=0.9539, fpr50@best=0.009423
Teacher ep 30: train_auc=0.9652, val_auc=0.9503, val_fpr50=0.011826, best_auc=0.9539, fpr50@best=0.009423
Teacher ep 35: train_auc=0.9696, val_auc=0.9496, val_fpr50=0.011791, best_auc=0.9539, fpr50@best=0.009423
Early stopping Teacher at epoch 37
Baseline ep 5: train_auc=0.9099, val_auc=0.9027, val_fpr50=0.028200, best_auc=0.9096, fpr50@best=0.027649
Baseline ep 10: train_auc=0.9173, val_auc=0.9176, val_fpr50=0.023106, best_auc=0.9185, fpr50@best=0.021131
Baseline ep 15: train_auc=0.9211, val_auc=0.9199, val_fpr50=0.021754, best_auc=0.9207, fpr50@best=0.019859
Baseline ep 20: train_auc=0.9251, val_auc=0.9232, val_fpr50=0.020238, best_auc=0.9232, fpr50@best=0.020238
Baseline ep 25: train_auc=0.9291, val_auc=0.9231, val_fpr50=0.020397, best_auc=0.9232, fpr50@best=0.020238
Baseline ep 30: train_auc=0.9336, val_auc=0.9194, val_fpr50=0.023387, best_auc=0.9235, fpr50@best=0.020215
Baseline ep 35: train_auc=0.9383, val_auc=0.9220, val_fpr50=0.021137, best_auc=0.9235, fpr50@best=0.020215
Baseline ep 40: train_auc=0.9435, val_auc=0.9181, val_fpr50=0.023374, best_auc=0.9235, fpr50@best=0.020215
Early stopping Baseline at epoch 41
StageC weak-delta HLT reference @TPR=0.50: threshold_prob=0.920016, val_auc_hlt=0.9235

======================================================================
STEP 2: STAGE A (RECONSTRUCTOR PRETRAIN)
======================================================================
Ep 5: train_total=26.1631, val_total_unw=28.4917, val_total_w=28.4917, select=unweighted, best_sel=24.6914 | set_unw=0.4094, phys_unw=0.5604, budget_unw=43.0221, stage_scale=0.35
Ep 10: train_total=24.9842, val_total_unw=26.0555, val_total_w=26.0555, select=unweighted, best_sel=24.5109 | set_unw=0.3969, phys_unw=0.5452, budget_unw=39.3023, stage_scale=0.35
Ep 15: train_total=24.5518, val_total_unw=24.9780, val_total_w=24.9780, select=unweighted, best_sel=24.0696 | set_unw=0.3863, phys_unw=0.5251, budget_unw=37.6718, stage_scale=0.35
Ep 20: train_total=24.3014, val_total_unw=24.0779, val_total_w=24.0779, select=unweighted, best_sel=24.0696 | set_unw=0.3769, phys_unw=0.4836, budget_unw=36.3238, stage_scale=0.35
Stage-A transition -> reloaded best from phase_035 (epoch=11, val_total=24.0696)
Ep 25: train_total=22.7838, val_total_unw=25.2652, val_total_w=25.2652, select=unweighted, best_sel=22.2293 | set_unw=0.3885, phys_unw=0.5389, budget_unw=38.1019, stage_scale=0.70
Ep 30: train_total=22.5249, val_total_unw=22.5907, val_total_w=22.5907, select=unweighted, best_sel=22.2293 | set_unw=0.3706, phys_unw=0.4913, budget_unw=34.0405, stage_scale=0.70
Ep 35: train_total=22.2698, val_total_unw=24.0525, val_total_w=24.0525, select=unweighted, best_sel=22.2293 | set_unw=0.3769, phys_unw=0.5125, budget_unw=36.2681, stage_scale=0.70
Ep 40: train_total=22.0879, val_total_unw=22.9657, val_total_w=22.9657, select=unweighted, best_sel=22.2293 | set_unw=0.3746, phys_unw=0.4984, budget_unw=34.6079, stage_scale=0.70
Ep 45: train_total=21.8779, val_total_unw=22.7855, val_total_w=22.7855, select=unweighted, best_sel=22.1762 | set_unw=0.3684, phys_unw=0.4915, budget_unw=34.3443, stage_scale=0.70
Ep 50: train_total=21.7276, val_total_unw=22.3249, val_total_w=22.3249, select=unweighted, best_sel=21.8897 | set_unw=0.3644, phys_unw=0.4973, budget_unw=33.6383, stage_scale=0.70
Ep 55: train_total=21.5464, val_total_unw=23.0531, val_total_w=23.0531, select=unweighted, best_sel=21.8897 | set_unw=0.3637, phys_unw=0.4928, budget_unw=34.7614, stage_scale=0.70
Stage-A transition -> reloaded best from phase_070 (epoch=48, val_total=21.8897)
Ep 60: train_total=21.1997, val_total_unw=22.5917, val_total_w=22.5917, select=unweighted, best_sel=21.8897 | set_unw=0.3671, phys_unw=0.5022, budget_unw=34.0418, stage_scale=1.00
Ep 65: train_total=21.0355, val_total_unw=22.3468, val_total_w=22.3468, select=unweighted, best_sel=21.8897 | set_unw=0.3642, phys_unw=0.4937, budget_unw=33.6736, stage_scale=1.00
Ep 70: train_total=20.7414, val_total_unw=22.2001, val_total_w=22.2001, select=unweighted, best_sel=21.7768 | set_unw=0.3615, phys_unw=0.4854, budget_unw=33.4567, stage_scale=1.00
Ep 75: train_total=20.4236, val_total_unw=22.1031, val_total_w=22.1031, select=unweighted, best_sel=21.7768 | set_unw=0.3602, phys_unw=0.4851, budget_unw=33.3094, stage_scale=1.00
Ep 80: train_total=20.1161, val_total_unw=22.2633, val_total_w=22.2633, select=unweighted, best_sel=21.7768 | set_unw=0.3611, phys_unw=0.4801, budget_unw=33.5570, stage_scale=1.00
Early stopping reconstructor at epoch 84

======================================================================
STEP 3: STAGE B (DUAL PRETRAIN, FROZEN RECONSTRUCTOR)
======================================================================
StageB-DualPretrain ep 5: train_loss=0.3751 (cls=0.3751, rank=0.3039, reco=0.0000, cons=0.1168, delta=0.0000, d_gain=0.0000, d_cost=0.0000, anc_p=0.0000, anc_o=0.0000) | val_auc_unw=0.9171, val_fpr50_unw=0.025055, val_auc_w=nan, val_fpr50_w=nan, val_metric_source=unweighted, select=auc, best_sel=0.917083, unfreeze=frozen, reco_trainable=0, dual_frozen=False, dual_trainable=2812673
StageB-DualPretrain ep 10: train_loss=0.3603 (cls=0.3603, rank=0.3021, reco=0.0000, cons=0.1168, delta=0.0000, d_gain=0.0000, d_cost=0.0000, anc_p=0.0000, anc_o=0.0000) | val_auc_unw=0.9206, val_fpr50_unw=0.019947, val_auc_w=nan, val_fpr50_w=nan, val_metric_source=unweighted, select=auc, best_sel=0.920567, unfreeze=frozen, reco_trainable=0, dual_frozen=False, dual_trainable=2812673
StageB-DualPretrain ep 15: train_loss=0.3523 (cls=0.3523, rank=0.3032, reco=0.0000, cons=0.1168, delta=0.0000, d_gain=0.0000, d_cost=0.0000, anc_p=0.0000, anc_o=0.0000) | val_auc_unw=0.9230, val_fpr50_unw=0.019205, val_auc_w=nan, val_fpr50_w=nan, val_metric_source=unweighted, select=auc, best_sel=0.923033, unfreeze=frozen, reco_trainable=0, dual_frozen=False, dual_trainable=2812673
StageB-DualPretrain ep 20: train_loss=0.3430 (cls=0.3430, rank=0.3021, reco=0.0000, cons=0.1168, delta=0.0000, d_gain=0.0000, d_cost=0.0000, anc_p=0.0000, anc_o=0.0000) | val_auc_unw=0.9234, val_fpr50_unw=0.019329, val_auc_w=nan, val_fpr50_w=nan, val_metric_source=unweighted, select=auc, best_sel=0.924796, unfreeze=frozen, reco_trainable=0, dual_frozen=False, dual_trainable=2812673
StageB-DualPretrain ep 25: train_loss=0.3323 (cls=0.3323, rank=0.3027, reco=0.0000, cons=0.1168, delta=0.0000, d_gain=0.0000, d_cost=0.0000, anc_p=0.0000, anc_o=0.0000) | val_auc_unw=0.9234, val_fpr50_unw=0.019469, val_auc_w=nan, val_fpr50_w=nan, val_metric_source=unweighted, select=auc, best_sel=0.925118, unfreeze=frozen, reco_trainable=0, dual_frozen=False, dual_trainable=2812673
StageB-DualPretrain ep 30: train_loss=0.3214 (cls=0.3214, rank=0.3051, reco=0.0000, cons=0.1168, delta=0.0000, d_gain=0.0000, d_cost=0.0000, anc_p=0.0000, anc_o=0.0000) | val_auc_unw=0.9233, val_fpr50_unw=0.019334, val_auc_w=nan, val_fpr50_w=nan, val_metric_source=unweighted, select=auc, best_sel=0.925118, unfreeze=frozen, reco_trainable=0, dual_frozen=False, dual_trainable=2812673
StageB-DualPretrain ep 35: train_loss=0.3119 (cls=0.3119, rank=0.3070, reco=0.0000, cons=0.1168, delta=0.0000, d_gain=0.0000, d_cost=0.0000, anc_p=0.0000, anc_o=0.0000) | val_auc_unw=0.9229, val_fpr50_unw=0.019663, val_auc_w=nan, val_fpr50_w=nan, val_metric_source=unweighted, select=auc, best_sel=0.925118, unfreeze=frozen, reco_trainable=0, dual_frozen=False, dual_trainable=2812673
Early stopping StageB-DualPretrain at epoch 35

======================================================================
STEP 4: STAGE C (JOINT FINETUNE)
======================================================================
StageC-Joint ep 1: train_loss=8.6255 (cls=0.3294, rank=0.2997, reco=20.7211, cons=0.1177, delta=0.0982, d_gain=0.1898, d_cost=0.0960, anc_p=0.0000, anc_o=0.0000) | val_auc_unw=0.9258, val_fpr50_unw=0.018595, val_auc_w=nan, val_fpr50_w=nan, val_metric_source=unweighted, select=auc, best_sel=0.925811, unfreeze=all, reco_trainable=7098018, dual_frozen=False, dual_trainable=2812673
StageC-Joint ep 2: train_loss=8.5847 (cls=0.3278, rank=0.3017, reco=20.6215, cons=0.1176, delta=0.0966, d_gain=0.1908, d_cost=0.0958, anc_p=0.0000, anc_o=0.0000) | val_auc_unw=0.9263, val_fpr50_unw=0.018413, val_auc_w=nan, val_fpr50_w=nan, val_metric_source=unweighted, select=auc, best_sel=0.926315, unfreeze=all, reco_trainable=7098018, dual_frozen=False, dual_trainable=2812673
StageC-Joint ep 3: train_loss=8.5626 (cls=0.3261, rank=0.3029, reco=20.5693, cons=0.1176, delta=0.0932, d_gain=0.1913, d_cost=0.0948, anc_p=0.0000, anc_o=0.0000) | val_auc_unw=0.9265, val_fpr50_unw=0.018300, val_auc_w=nan, val_fpr50_w=nan, val_metric_source=unweighted, select=auc, best_sel=0.926528, unfreeze=all, reco_trainable=7098018, dual_frozen=False, dual_trainable=2812673
StageC-Joint ep 4: train_loss=8.5467 (cls=0.3247, rank=0.3032, reco=20.5319, cons=0.1176, delta=0.0900, d_gain=0.1915, d_cost=0.0938, anc_p=0.0000, anc_o=0.0000) | val_auc_unw=0.9266, val_fpr50_unw=0.018023, val_auc_w=nan, val_fpr50_w=nan, val_metric_source=unweighted, select=auc, best_sel=0.926552, unfreeze=all, reco_trainable=7098018, dual_frozen=False, dual_trainable=2812673
StageC-Joint ep 5: train_loss=8.5441 (cls=0.3243, rank=0.3042, reco=20.5251, cons=0.1176, delta=0.0865, d_gain=0.1915, d_cost=0.0926, anc_p=0.0000, anc_o=0.0000) | val_auc_unw=0.9264, val_fpr50_unw=0.018089, val_auc_w=nan, val_fpr50_w=nan, val_metric_source=unweighted, select=auc, best_sel=0.926552, unfreeze=all, reco_trainable=7098018, dual_frozen=False, dual_trainable=2812673
StageC-Joint ep 6: train_loss=8.5385 (cls=0.3244, rank=0.3045, reco=20.5094, cons=0.1176, delta=0.0858, d_gain=0.1918, d_cost=0.0925, anc_p=0.0000, anc_o=0.0000) | val_auc_unw=0.9264, val_fpr50_unw=0.018232, val_auc_w=nan, val_fpr50_w=nan, val_metric_source=unweighted, select=auc, best_sel=0.926552, unfreeze=all, reco_trainable=7098018, dual_frozen=False, dual_trainable=2812673
StageC-Joint ep 7: train_loss=8.5260 (cls=0.3238, rank=0.3039, reco=20.4787, cons=0.1176, delta=0.0837, d_gain=0.1914, d_cost=0.0917, anc_p=0.0000, anc_o=0.0000) | val_auc_unw=0.9260, val_fpr50_unw=0.018390, val_auc_w=nan, val_fpr50_w=nan, val_metric_source=unweighted, select=auc, best_sel=0.926552, unfreeze=all, reco_trainable=7098018, dual_frozen=False, dual_trainable=2812673
StageC-Joint ep 8: train_loss=8.5260 (cls=0.3234, rank=0.3049, reco=20.4786, cons=0.1176, delta=0.0821, d_gain=0.1917, d_cost=0.0913, anc_p=0.0000, anc_o=0.0000) | val_auc_unw=0.9259, val_fpr50_unw=0.018530, val_auc_w=nan, val_fpr50_w=nan, val_metric_source=unweighted, select=auc, best_sel=0.926552, unfreeze=all, reco_trainable=7098018, dual_frozen=False, dual_trainable=2812673
StageC-Joint ep 9: train_loss=8.5188 (cls=0.3232, rank=0.3045, reco=20.4614, cons=0.1177, delta=0.0801, d_gain=0.1913, d_cost=0.0905, anc_p=0.0000, anc_o=0.0000) | val_auc_unw=0.9263, val_fpr50_unw=0.018342, val_auc_w=nan, val_fpr50_w=nan, val_metric_source=unweighted, select=auc, best_sel=0.926552, unfreeze=all, reco_trainable=7098018, dual_frozen=False, dual_trainable=2812673
StageC-Joint ep 10: train_loss=8.5176 (cls=0.3229, rank=0.3047, reco=20.4591, cons=0.1176, delta=0.0800, d_gain=0.1914, d_cost=0.0905, anc_p=0.0000, anc_o=0.0000) | val_auc_unw=0.9262, val_fpr50_unw=0.018353, val_auc_w=nan, val_fpr50_w=nan, val_metric_source=unweighted, select=auc, best_sel=0.926552, unfreeze=all, reco_trainable=7098018, dual_frozen=False, dual_trainable=2812673
StageC-Joint ep 11: train_loss=8.5084 (cls=0.3224, rank=0.3054, reco=20.4375, cons=0.1176, delta=0.0792, d_gain=0.1920, d_cost=0.0904, anc_p=0.0000, anc_o=0.0000) | val_auc_unw=0.9262, val_fpr50_unw=0.018511, val_auc_w=nan, val_fpr50_w=nan, val_metric_source=unweighted, select=auc, best_sel=0.926552, unfreeze=all, reco_trainable=7098018, dual_frozen=False, dual_trainable=2812673
StageC-Joint ep 12: train_loss=8.5103 (cls=0.3225, rank=0.3047, reco=20.4417, cons=0.1176, delta=0.0798, d_gain=0.1917, d_cost=0.0905, anc_p=0.0000, anc_o=0.0000) | val_auc_unw=0.9261, val_fpr50_unw=0.018484, val_auc_w=nan, val_fpr50_w=nan, val_metric_source=unweighted, select=auc, best_sel=0.926552, unfreeze=all, reco_trainable=7098018, dual_frozen=False, dual_trainable=2812673
StageC-Joint ep 13: train_loss=8.5067 (cls=0.3226, rank=0.3044, reco=20.4327, cons=0.1176, delta=0.0783, d_gain=0.1915, d_cost=0.0899, anc_p=0.0000, anc_o=0.0000) | val_auc_unw=0.9259, val_fpr50_unw=0.018349, val_auc_w=nan, val_fpr50_w=nan, val_metric_source=unweighted, select=auc, best_sel=0.926552, unfreeze=all, reco_trainable=7098018, dual_frozen=False, dual_trainable=2812673
StageC-Joint ep 14: train_loss=8.4996 (cls=0.3217, rank=0.3054, reco=20.4173, cons=0.1176, delta=0.0779, d_gain=0.1918, d_cost=0.0899, anc_p=0.0000, anc_o=0.0000) | val_auc_unw=0.9262, val_fpr50_unw=0.018351, val_auc_w=nan, val_fpr50_w=nan, val_metric_source=unweighted, select=auc, best_sel=0.926552, unfreeze=all, reco_trainable=7098018, dual_frozen=False, dual_trainable=2812673
StageC-Joint ep 15: train_loss=8.5061 (cls=0.3216, rank=0.3054, reco=20.4340, cons=0.1177, delta=0.0772, d_gain=0.1920, d_cost=0.0898, anc_p=0.0000, anc_o=0.0000) | val_auc_unw=0.9261, val_fpr50_unw=0.018454, val_auc_w=nan, val_fpr50_w=nan, val_metric_source=unweighted, select=auc, best_sel=0.926552, unfreeze=all, reco_trainable=7098018, dual_frozen=False, dual_trainable=2812673
StageC-Joint ep 16: train_loss=8.5040 (cls=0.3213, rank=0.3052, reco=20.4295, cons=0.1176, delta=0.0776, d_gain=0.1923, d_cost=0.0900, anc_p=0.0000, anc_o=0.0000) | val_auc_unw=0.9261, val_fpr50_unw=0.018495, val_auc_w=nan, val_fpr50_w=nan, val_metric_source=unweighted, select=auc, best_sel=0.926552, unfreeze=all, reco_trainable=7098018, dual_frozen=False, dual_trainable=2812673
StageC-Joint ep 17: train_loss=8.4948 (cls=0.3211, rank=0.3046, reco=20.4068, cons=0.1177, delta=0.0775, d_gain=0.1919, d_cost=0.0898, anc_p=0.0000, anc_o=0.0000) | val_auc_unw=0.9260, val_fpr50_unw=0.018248, val_auc_w=nan, val_fpr50_w=nan, val_metric_source=unweighted, select=auc, best_sel=0.926552, unfreeze=all, reco_trainable=7098018, dual_frozen=False, dual_trainable=2812673
StageC-Joint ep 18: train_loss=8.4949 (cls=0.3214, rank=0.3049, reco=20.4064, cons=0.1177, delta=0.0767, d_gain=0.1918, d_cost=0.0895, anc_p=0.0000, anc_o=0.0000) | val_auc_unw=0.9260, val_fpr50_unw=0.018426, val_auc_w=nan, val_fpr50_w=nan, val_metric_source=unweighted, select=auc, best_sel=0.926552, unfreeze=all, reco_trainable=7098018, dual_frozen=False, dual_trainable=2812673
StageC-Joint ep 19: train_loss=8.4944 (cls=0.3207, rank=0.3048, reco=20.4070, cons=0.1177, delta=0.0767, d_gain=0.1920, d_cost=0.0896, anc_p=0.0000, anc_o=0.0000) | val_auc_unw=0.9260, val_fpr50_unw=0.018343, val_auc_w=nan, val_fpr50_w=nan, val_metric_source=unweighted, select=auc, best_sel=0.926552, unfreeze=all, reco_trainable=7098018, dual_frozen=False, dual_trainable=2812673
StageC-Joint ep 20: train_loss=8.4951 (cls=0.3209, rank=0.3051, reco=20.4084, cons=0.1176, delta=0.0760, d_gain=0.1921, d_cost=0.0893, anc_p=0.0000, anc_o=0.0000) | val_auc_unw=0.9256, val_fpr50_unw=0.018496, val_auc_w=nan, val_fpr50_w=nan, val_metric_source=unweighted, select=auc, best_sel=0.926552, unfreeze=all, reco_trainable=7098018, dual_frozen=False, dual_trainable=2812673
StageC-Joint ep 21: train_loss=8.4891 (cls=0.3207, rank=0.3056, reco=20.3939, cons=0.1177, delta=0.0765, d_gain=0.1923, d_cost=0.0896, anc_p=0.0000, anc_o=0.0000) | val_auc_unw=0.9259, val_fpr50_unw=0.018582, val_auc_w=nan, val_fpr50_w=nan, val_metric_source=unweighted, select=auc, best_sel=0.926552, unfreeze=all, reco_trainable=7098018, dual_frozen=False, dual_trainable=2812673
StageC-Joint ep 22: train_loss=8.4882 (cls=0.3202, rank=0.3047, reco=20.3930, cons=0.1176, delta=0.0763, d_gain=0.1923, d_cost=0.0895, anc_p=0.0000, anc_o=0.0000) | val_auc_unw=0.9255, val_fpr50_unw=0.018276, val_auc_w=nan, val_fpr50_w=nan, val_metric_source=unweighted, select=auc, best_sel=0.926552, unfreeze=all, reco_trainable=7098018, dual_frozen=False, dual_trainable=2812673
StageC-Joint ep 23: train_loss=8.4836 (cls=0.3209, rank=0.3060, reco=20.3796, cons=0.1177, delta=0.0758, d_gain=0.1922, d_cost=0.0893, anc_p=0.0000, anc_o=0.0000) | val_auc_unw=0.9259, val_fpr50_unw=0.018543, val_auc_w=nan, val_fpr50_w=nan, val_metric_source=unweighted, select=auc, best_sel=0.926552, unfreeze=all, reco_trainable=7098018, dual_frozen=False, dual_trainable=2812673
StageC-Joint ep 24: train_loss=8.4863 (cls=0.3198, rank=0.3053, reco=20.3893, cons=0.1176, delta=0.0754, d_gain=0.1925, d_cost=0.0893, anc_p=0.0000, anc_o=0.0000) | val_auc_unw=0.9257, val_fpr50_unw=0.018459, val_auc_w=nan, val_fpr50_w=nan, val_metric_source=unweighted, select=auc, best_sel=0.926552, unfreeze=all, reco_trainable=7098018, dual_frozen=False, dual_trainable=2812673
StageC-Joint ep 25: train_loss=8.4842 (cls=0.3197, rank=0.3058, reco=20.3842, cons=0.1176, delta=0.0747, d_gain=0.1924, d_cost=0.0890, anc_p=0.0000, anc_o=0.0000) | val_auc_unw=0.9258, val_fpr50_unw=0.018690, val_auc_w=nan, val_fpr50_w=nan, val_metric_source=unweighted, select=auc, best_sel=0.926552, unfreeze=all, reco_trainable=7098018, dual_frozen=False, dual_trainable=2812673
Early stopping StageC-Joint at epoch 25

======================================================================
STEP 5: RECONSTRUCTION DIAGNOSTICS
======================================================================

Jet pT response/resolution by truth pT bin (test split):
  pT_low - pT_high | N | HLT resp | HLT reso | Corrected resp | Corrected reso
  172739.4 - 504068.9 | 18750 | 0.8681 | 0.1516 | 0.7186 | 0.1314
  504068.9 - 773424.6 | 18750 | 0.8445 | 0.1720 | 0.6363 | 0.1304
  773424.6 - 1093714.0 | 18750 | 0.8330 | 0.1869 | 0.5798 | 0.1268
  1093714.0 - 1365805.0 | 18750 | 0.8218 | 0.2022 | 0.5404 | 0.1284
  1365805.0 - 1711763.0 | 18750 | 0.8203 | 0.2056 | 0.5226 | 0.1280
  1711763.0 - 2155283.2 | 18750 | 0.8155 | 0.2123 | 0.5047 | 0.1301
  2155283.2 - 2633962.7 | 18750 | 0.8110 | 0.2225 | 0.4855 | 0.1338
  2633962.7 - 4355157.0 | 18750 | 0.7996 | 0.2295 | 0.4690 | 0.1361

Constituent-count diagnostics:
  Means: offline=54.297, hlt=29.181, reco=51.436
  MAE vs offline: hlt=25.116, reco=5.367

Budget diagnostics (test split):
  MAE: merge=5.235, eff=0.000, total=5.235
  Bias: merge=-2.220, eff=0.000, total=-2.220

======================================================================
FINAL TEST EVALUATION
======================================================================
Teacher (Offline) AUC: 0.9533
Baseline (HLT)   AUC: 0.9214
Stage2 (PreJoint) AUC: 0.9230
Stage2 (BestValFPR50) AUC: 0.9225
Joint Dual-View  AUC: 0.9247
Joint Dual-View (BestValFPR50) AUC: 0.9247

FPR@30 Teacher/Baseline/Stage2/Joint: 0.002131 / 0.005524 / 0.005018 / 0.004928
FPR@30 Stage2BestFPR / JointBestFPR: 0.005275 / 0.004928
FPR@50 Teacher/Baseline/Stage2/Joint: 0.009940 / 0.021587 / 0.020474 / 0.019251
FPR@50 Stage2BestFPR / JointBestFPR: 0.019648 / 0.019251
Saving val/test score arrays for fusion analysis...
Saved fusion score arrays to: checkpoints/reco_teacher_joint_fusion_6model_150k75k150k/model2_joint_chamfer_ptratioonly/model2_joint_chamfer_ptratioonly_150k75k150k_seed0/fusion_scores_val_test.npz

Saved joint results to: checkpoints/reco_teacher_joint_fusion_6model_150k75k150k/model2_joint_chamfer_ptratioonly/model2_joint_chamfer_ptratioonly_150k75k150k_seed0
Done: checkpoints/reco_teacher_joint_fusion_6model_150k75k150k/model2_joint_chamfer_ptratioonly/model2_joint_chamfer_ptratioonly_150k75k150k_seed0
