============================================================
M2 Oracle-Route Posthoc Hard-Route Analysis
Run dir:  checkpoints/reco_teacher_joint_fusion_6model_150k75k150k/model2_oracle_route_gate_moe/model2_oracle_route_gate_moe_150k75k150k_seed0
Scores:   checkpoints/reco_teacher_joint_fusion_6model_150k75k150k/model2_oracle_route_gate_moe/model2_oracle_route_gate_moe_150k75k150k_seed0/router_gate_scores_val_test.npz
Objective:fpr50
Directions:both
Threshold grid:2001
Out dir:  checkpoints/reco_teacher_joint_fusion_6model_150k75k150k/model2_oracle_route_gate_moe/model2_oracle_route_gate_moe_150k75k150k_seed0/router_gate_posthoc_hardroute
============================================================
 python analyze_m2_oracle_route_gate_posthoc_hardroute.py --run_dir checkpoints/reco_teacher_joint_fusion_6model_150k75k150k/model2_oracle_route_gate_moe/model2_oracle_route_gate_moe_150k75k150k_seed0 --scores_npz checkpoints/reco_teacher_joint_fusion_6model_150k75k150k/model2_oracle_route_gate_moe/model2_oracle_route_gate_moe_150k75k150k_seed0/router_gate_scores_val_test.npz --objective fpr50 --directions both --num_thresholds 2001 --topk_sweep_rows 200 --out_dir checkpoints/reco_teacher_joint_fusion_6model_150k75k150k/model2_oracle_route_gate_moe/model2_oracle_route_gate_moe_150k75k150k_seed0/router_gate_posthoc_hardroute --report_json checkpoints/reco_teacher_joint_fusion_6model_150k75k150k/model2_oracle_route_gate_moe/model2_oracle_route_gate_moe_150k75k150k_seed0/router_gate_posthoc_hardroute/hardroute_posthoc_report.json
========================================================================
Posthoc Hard-Route Analysis
========================================================================
Run dir: /home/ryreu/atlas/PracticeTagging/checkpoints/reco_teacher_joint_fusion_6model_150k75k150k/model2_oracle_route_gate_moe/model2_oracle_route_gate_moe_150k75k150k_seed0
Scores: /home/ryreu/atlas/PracticeTagging/checkpoints/reco_teacher_joint_fusion_6model_150k75k150k/model2_oracle_route_gate_moe/model2_oracle_route_gate_moe_150k75k150k_seed0/router_gate_scores_val_test.npz
Selected: direction=<= threshold=0.37690439
Val  route_frac=0.3825 | AUC=0.924928 FPR30=0.003889 FPR50=0.017423
Test route_frac=0.3825 | AUC=0.922775 FPR30=0.004822 FPR50=0.019341

Test baselines: HLT AUC=0.921389 FPR50=0.021592 | Joint AUC=0.924969 FPR50=0.018914 | SoftFused AUC=0.925370 FPR50=0.019154

Saved report: /home/ryreu/atlas/PracticeTagging/checkpoints/reco_teacher_joint_fusion_6model_150k75k150k/model2_oracle_route_gate_moe/model2_oracle_route_gate_moe_150k75k150k_seed0/router_gate_posthoc_hardroute/hardroute_posthoc_report.json
Saved sweep CSV: /home/ryreu/atlas/PracticeTagging/checkpoints/reco_teacher_joint_fusion_6model_150k75k150k/model2_oracle_route_gate_moe/model2_oracle_route_gate_moe_150k75k150k_seed0/router_gate_posthoc_hardroute/hardroute_threshold_sweep_val.csv

Done. Outputs:
  checkpoints/reco_teacher_joint_fusion_6model_150k75k150k/model2_oracle_route_gate_moe/model2_oracle_route_gate_moe_150k75k150k_seed0/router_gate_posthoc_hardroute/hardroute_posthoc_report.json
  checkpoints/reco_teacher_joint_fusion_6model_150k75k150k/model2_oracle_route_gate_moe/model2_oracle_route_gate_moe_150k75k150k_seed0/router_gate_posthoc_hardroute/hardroute_threshold_sweep_val.csv
