============================================================
M2 Oracle-Route Gate MoE (HLT vs Joint)
Run dir: checkpoints/reco_teacher_joint_fusion_6model_150k75k150k/model2_joint_hungarian_nophys_noratio/model2_joint_hungarian_nophys_noratio_150k75k150k_seed0
Save dir: checkpoints/reco_teacher_joint_fusion_6model_150k75k150k/model2_oracle_route_gate_moe/model2_oracle_route_gate_moe_150k75k150k_seed0
Split: train/val/test = 150000/75000/150000
PhaseA/PhaseB epochs: 8/8
Corruptions: pt_noise:0.04,eta_phi_jitter:0.03,dropout:0.07,merge:0.12,global_scale:0.04
============================================================
 python train_m2_oracle_route_gate_moe.py --run_dir checkpoints/reco_teacher_joint_fusion_6model_150k75k150k/model2_joint_hungarian_nophys_noratio/model2_joint_hungarian_nophys_noratio_150k75k150k_seed0 --train_path ./data --n_train_jets 375000 --n_train_split 150000 --n_val_split 75000 --n_test_split 150000 --offset_jets 0 --max_constits 100 --save_dir checkpoints/reco_teacher_joint_fusion_6model_150k75k150k/model2_oracle_route_gate_moe --run_name model2_oracle_route_gate_moe_150k75k150k_seed0 --seed 0 --hlt_seed 0 --device cuda --num_workers 6 --batch_size 512 --selection_metric auc --phaseA_epochs 8 --phaseB_epochs 8 --phaseA_lr_gate 1e-3 --phaseB_lr_gate 5e-4 --phaseB_lr_reco 5e-6 --phaseB_unfreeze_last_n_encoder_layers 2 --lambda_cls 1.0 --lambda_route 0.7 --lambda_reco_anchor 2e-4 --lambda_gate_balance 0.0 --gate_target_usage -1.0 --gate_hidden 256 --gate_dropout 0.10 --cost_alpha_neg 4.0 --cost_tau 0.02 --corrected_weight_floor 1e-4 --corruptions pt_noise:0.04\,eta_phi_jitter:0.03\,dropout:0.07\,merge:0.12\,global_scale:0.04 --save_fusion_scores
Device: cuda
Save dir: /home/ryreu/atlas/PracticeTagging/checkpoints/reco_teacher_joint_fusion_6model_150k75k150k/model2_oracle_route_gate_moe/model2_oracle_route_gate_moe_150k75k150k_seed0
Loading offline constituents...
Generating pseudo-HLT...
Computing HLT features...
Using split from /home/ryreu/atlas/PracticeTagging/checkpoints/reco_teacher_joint_fusion_6model_150k75k150k/model2_joint_hungarian_nophys_noratio/model2_joint_hungarian_nophys_noratio_150k75k150k_seed0/data_splits.npz -> train/val/test: 150000/75000/150000
Precomputing train thresholds/conformal refs...
Thresholds @TPR30/50 HLT: 0.979018/0.924544 | Joint: 0.977879/0.925989
Gate input dim: 664
A_gate_only ep1: train_loss=0.6616 | val_auc_fused=0.9268, val_fpr50_fused=0.018781, val_gate_mean=0.530
A_gate_only ep2: train_loss=0.6106 | val_auc_fused=0.9270, val_fpr50_fused=0.018542, val_gate_mean=0.596
A_gate_only ep3: train_loss=0.5956 | val_auc_fused=0.9270, val_fpr50_fused=0.018142, val_gate_mean=0.543
A_gate_only ep4: train_loss=0.5831 | val_auc_fused=0.9270, val_fpr50_fused=0.017663, val_gate_mean=0.553
A_gate_only ep5: train_loss=0.5750 | val_auc_fused=0.9270, val_fpr50_fused=0.017982, val_gate_mean=0.535
A_gate_only ep6: train_loss=0.5684 | val_auc_fused=0.9271, val_fpr50_fused=0.017956, val_gate_mean=0.524
A_gate_only ep7: train_loss=0.5652 | val_auc_fused=0.9270, val_fpr50_fused=0.018009, val_gate_mean=0.544
A_gate_only ep8: train_loss=0.5631 | val_auc_fused=0.9271, val_fpr50_fused=0.017876, val_gate_mean=0.545
B_reco_unfreeze ep1: train_loss=0.5558 | val_auc_fused=0.9271, val_fpr50_fused=0.017822, val_gate_mean=0.550
B_reco_unfreeze ep2: train_loss=0.5526 | val_auc_fused=0.9271, val_fpr50_fused=0.017982, val_gate_mean=0.561
B_reco_unfreeze ep3: train_loss=0.5533 | val_auc_fused=0.9270, val_fpr50_fused=0.018222, val_gate_mean=0.543
B_reco_unfreeze ep4: train_loss=0.5514 | val_auc_fused=0.9272, val_fpr50_fused=0.017956, val_gate_mean=0.541
B_reco_unfreeze ep5: train_loss=0.5488 | val_auc_fused=0.9271, val_fpr50_fused=0.017929, val_gate_mean=0.529
B_reco_unfreeze ep6: train_loss=0.5483 | val_auc_fused=0.9270, val_fpr50_fused=0.018062, val_gate_mean=0.539
B_reco_unfreeze ep7: train_loss=0.5457 | val_auc_fused=0.9271, val_fpr50_fused=0.018089, val_gate_mean=0.515
B_reco_unfreeze ep8: train_loss=0.5454 | val_auc_fused=0.9272, val_fpr50_fused=0.017982, val_gate_mean=0.527
Loaded best checkpoint from phase=B_reco_unfreeze epoch=4

======================================================================
FINAL TEST EVALUATION (Router Gate MoE)
======================================================================
HLT   AUC: 0.9214 | FPR30=0.005528 | FPR50=0.021592
Joint AUC: 0.9250 | FPR30=0.004928 | FPR50=0.018914
Fused AUC: 0.9254 | FPR30=0.004968 | FPR50=0.019154
Gate mean(test): 0.5402
Saved results to: /home/ryreu/atlas/PracticeTagging/checkpoints/reco_teacher_joint_fusion_6model_150k75k150k/model2_oracle_route_gate_moe/model2_oracle_route_gate_moe_150k75k150k_seed0
