============================================================
M2 Oracle-Study Marginal Signal Diagnostic
Variant:      E
Run dir:      checkpoints/reco_teacher_joint_fusion_6model_150k75k150k/model2_joint_delta005_fulltrain_prog_unfreeze_oracle_study/model2_joint_delta005_fulltrain_prog_unfreeze_oracle_E_150k75k150k_seed0
Split:        test
Target TPRs:  0.30,0.50
Out dir:      checkpoints/reco_teacher_joint_fusion_6model_150k75k150k/model2_joint_delta005_fulltrain_prog_unfreeze_oracle_study/model2_joint_delta005_fulltrain_prog_unfreeze_oracle_E_150k75k150k_seed0/marginal_signal
============================================================
 python analyze_m2_joint_baseline_marginal_signal.py --run_dir checkpoints/reco_teacher_joint_fusion_6model_150k75k150k/model2_joint_delta005_fulltrain_prog_unfreeze_oracle_study/model2_joint_delta005_fulltrain_prog_unfreeze_oracle_E_150k75k150k_seed0 --split test --target_tprs 0.30\,0.50 --n_conf_bins 10 --n_disagree_bins 10 --gate_c 0.2 --out_dir checkpoints/reco_teacher_joint_fusion_6model_150k75k150k/model2_joint_delta005_fulltrain_prog_unfreeze_oracle_study/model2_joint_delta005_fulltrain_prog_unfreeze_oracle_E_150k75k150k_seed0/marginal_signal --report_json checkpoints/reco_teacher_joint_fusion_6model_150k75k150k/model2_joint_delta005_fulltrain_prog_unfreeze_oracle_study/model2_joint_delta005_fulltrain_prog_unfreeze_oracle_E_150k75k150k_seed0/marginal_signal/test_marginal_signal_report_oracle_E.json --save_per_jet_npz
============================================================
Marginal Signal Report
============================================================
scores_npz: /home/ryreu/atlas/PracticeTagging/checkpoints/reco_teacher_joint_fusion_6model_150k75k150k/model2_joint_delta005_fulltrain_prog_unfreeze_oracle_study/model2_joint_delta005_fulltrain_prog_unfreeze_oracle_E_150k75k150k_seed0/fusion_scores_val_test.npz
split: test
n_jets: 150000
help/hurt/tie frac: 0.5866 / 0.4134 / 0.0000
mean delta BCE (joint-hlt): -0.000413 (help mean=0.101559, hurt mean=0.143095)
[hlt] AUC=0.921389
  FPR@TPR30: 0.005528
  FPR@TPR50: 0.021592
[joint] AUC=0.923235
  FPR@TPR30: 0.005115
  FPR@TPR50: 0.019727
[oracle_best_of_two] AUC=0.945289
  FPR@TPR30: 0.002304
  FPR@TPR50: 0.010376
[learned_gate_hard] AUC=0.923353
  FPR@TPR30: 0.005488
  FPR@TPR50: 0.020353
[learned_gate_softmix] AUC=0.924122
  FPR@TPR30: 0.004862
  FPR@TPR50: 0.019900
Saved:
  /home/ryreu/atlas/PracticeTagging/checkpoints/reco_teacher_joint_fusion_6model_150k75k150k/model2_joint_delta005_fulltrain_prog_unfreeze_oracle_study/model2_joint_delta005_fulltrain_prog_unfreeze_oracle_E_150k75k150k_seed0/marginal_signal/test_marginal_signal_report_oracle_E.json
  /home/ryreu/atlas/PracticeTagging/checkpoints/reco_teacher_joint_fusion_6model_150k75k150k/model2_joint_delta005_fulltrain_prog_unfreeze_oracle_study/model2_joint_delta005_fulltrain_prog_unfreeze_oracle_E_150k75k150k_seed0/marginal_signal/test_by_hlt_confidence.csv
  /home/ryreu/atlas/PracticeTagging/checkpoints/reco_teacher_joint_fusion_6model_150k75k150k/model2_joint_delta005_fulltrain_prog_unfreeze_oracle_study/model2_joint_delta005_fulltrain_prog_unfreeze_oracle_E_150k75k150k_seed0/marginal_signal/test_by_hlt_joint_disagreement.csv

Done. Outputs:
  checkpoints/reco_teacher_joint_fusion_6model_150k75k150k/model2_joint_delta005_fulltrain_prog_unfreeze_oracle_study/model2_joint_delta005_fulltrain_prog_unfreeze_oracle_E_150k75k150k_seed0/marginal_signal/test_marginal_signal_report_oracle_E.json
  checkpoints/reco_teacher_joint_fusion_6model_150k75k150k/model2_joint_delta005_fulltrain_prog_unfreeze_oracle_study/model2_joint_delta005_fulltrain_prog_unfreeze_oracle_E_150k75k150k_seed0/marginal_signal/test_by_hlt_confidence.csv
  checkpoints/reco_teacher_joint_fusion_6model_150k75k150k/model2_joint_delta005_fulltrain_prog_unfreeze_oracle_study/model2_joint_delta005_fulltrain_prog_unfreeze_oracle_E_150k75k150k_seed0/marginal_signal/test_by_hlt_joint_disagreement.csv
  checkpoints/reco_teacher_joint_fusion_6model_150k75k150k/model2_joint_delta005_fulltrain_prog_unfreeze_oracle_study/model2_joint_delta005_fulltrain_prog_unfreeze_oracle_E_150k75k150k_seed0/marginal_signal/test_marginal_signal_perjet.npz
