============================================================
Model-2 oracle study A/B/C/D/E (ptclamp baseline, normal clamp)
Variant: C
Run: checkpoints/reco_teacher_joint_fusion_6model_150k75k150k/model2_joint_delta005_fulltrain_prog_unfreeze_oracle_study/model2_joint_delta005_fulltrain_prog_unfreeze_oracle_C_150k75k150k_seed0
============================================================
 python offline_reconstructor_joint_dualview_stage2save_auc_norankc_nopriv_unmergeonly_oracle_study.py --save_dir checkpoints/reco_teacher_joint_fusion_6model_150k75k150k/model2_joint_delta005_fulltrain_prog_unfreeze_oracle_study --run_name model2_joint_delta005_fulltrain_prog_unfreeze_oracle_C_150k75k150k_seed0 --n_train_jets 375000 --n_train_split 150000 --n_val_split 75000 --n_test_split 150000 --offset_jets 0 --max_constits 100 --num_workers 6 --seed 0 --selection_metric auc --stageC_progressive_unfreeze --stageC_unfreeze_phase1_epochs 3 --stageC_unfreeze_phase2_epochs 7 --stageC_unfreeze_last_n_encoder_layers 2 --stageC_lambda_param_anchor 0.02 --stageC_lambda_output_anchor 0.02 --stageC_anchor_decay 0.97 --stageC_lr_dual 1e-5 --stageC_lr_reco 5e-6 --lambda_reco 0.4 --lambda_cons 0.06 --loss_unselected_penalty 0.0 --loss_gen_local_radius 0.0 --stageC_lambda_delta 0.05 --stageC_delta_tau 0.05 --stageC_delta_lambda_fp 3.0 --stageC_delta_warmup_epochs 8 --added_target_scale 0.90 --oracle_study_variant C --oracle_unsmear_keep_thresh 0.03 --oracle_w_action 0.15 --oracle_w_tok 0.20 --oracle_w_split 0.20 --save_fusion_scores --disable_final_kd --device cuda
Device: cuda
Save dir: checkpoints/reco_teacher_joint_fusion_6model_150k75k150k/model2_joint_delta005_fulltrain_prog_unfreeze_oracle_study/model2_joint_delta005_fulltrain_prog_unfreeze_oracle_C_150k75k150k_seed0
Loading offline constituents...
Generating pseudo-HLT...
Oracle-study target setup (unmerge-only): variant=C, added_target_scale=0.900, mean_true_added_raw=25.116, mean_target_added=22.604
Computing features...
Split sizes: Train=150000, Val=75000, Test=150000 (custom_counts=True)
Stage-B train subset: N=150000 / 150000 (frac=1.000, seed=0)

======================================================================
STEP 1: TEACHER + BASELINE
======================================================================
Teacher ep 5: train_auc=0.9439, val_auc=0.9469, val_fpr50=0.012873, best_auc=0.9469, fpr50@best=0.012873
Teacher ep 10: train_auc=0.9509, val_auc=0.9526, val_fpr50=0.010285, best_auc=0.9526, fpr50@best=0.010285
Teacher ep 15: train_auc=0.9549, val_auc=0.9522, val_fpr50=0.011025, best_auc=0.9529, fpr50@best=0.010068
Teacher ep 20: train_auc=0.9577, val_auc=0.9480, val_fpr50=0.013272, best_auc=0.9529, fpr50@best=0.010068
Teacher ep 25: train_auc=0.9610, val_auc=0.9513, val_fpr50=0.010954, best_auc=0.9539, fpr50@best=0.009423
Teacher ep 30: train_auc=0.9652, val_auc=0.9503, val_fpr50=0.011826, best_auc=0.9539, fpr50@best=0.009423
Teacher ep 35: train_auc=0.9696, val_auc=0.9496, val_fpr50=0.011791, best_auc=0.9539, fpr50@best=0.009423
Early stopping Teacher at epoch 37
Baseline ep 5: train_auc=0.9099, val_auc=0.9027, val_fpr50=0.028200, best_auc=0.9096, fpr50@best=0.027649
Baseline ep 10: train_auc=0.9173, val_auc=0.9176, val_fpr50=0.023106, best_auc=0.9185, fpr50@best=0.021131
Baseline ep 15: train_auc=0.9211, val_auc=0.9199, val_fpr50=0.021754, best_auc=0.9207, fpr50@best=0.019859
Baseline ep 20: train_auc=0.9251, val_auc=0.9232, val_fpr50=0.020238, best_auc=0.9232, fpr50@best=0.020238
Baseline ep 25: train_auc=0.9291, val_auc=0.9231, val_fpr50=0.020397, best_auc=0.9232, fpr50@best=0.020238
Baseline ep 30: train_auc=0.9336, val_auc=0.9194, val_fpr50=0.023387, best_auc=0.9235, fpr50@best=0.020215
Baseline ep 35: train_auc=0.9383, val_auc=0.9220, val_fpr50=0.021137, best_auc=0.9235, fpr50@best=0.020215
Baseline ep 40: train_auc=0.9435, val_auc=0.9181, val_fpr50=0.023374, best_auc=0.9235, fpr50@best=0.020215
Early stopping Baseline at epoch 41
StageC weak-delta HLT reference @TPR=0.50: threshold_prob=0.920016, val_auc_hlt=0.9235

======================================================================
STEP 2: STAGE A (RECONSTRUCTOR PRETRAIN)
======================================================================
Ep 5: train_total=4303.2957, val_total_unw=4257.0178, val_total_w=4257.0178, select=unweighted, best_sel=4257.0178 | set_unw=0.4522, phys_unw=0.4574, budget_unw=40.2833, fp_mass_unw=0.0240, w_set=1.000, w_budget=0.650, w_pt=0.700, w_local=0.030, stage_scale=0.35
Ep 10: train_total=4282.7933, val_total_unw=4251.5327, val_total_w=4251.5327, select=unweighted, best_sel=4248.5736 | set_unw=0.4537, phys_unw=0.4409, budget_unw=37.7458, fp_mass_unw=0.0254, w_set=1.000, w_budget=0.650, w_pt=0.700, w_local=0.030, stage_scale=0.35
Ep 15: train_total=4273.9056, val_total_unw=4240.8907, val_total_w=4240.8907, select=unweighted, best_sel=4240.8907 | set_unw=0.4478, phys_unw=0.4407, budget_unw=36.7029, fp_mass_unw=0.0238, w_set=1.000, w_budget=0.650, w_pt=0.700, w_local=0.030, stage_scale=0.35
Ep 20: train_total=4268.2267, val_total_unw=4240.1469, val_total_w=4240.1469, select=unweighted, best_sel=4238.2686 | set_unw=0.4522, phys_unw=0.4406, budget_unw=37.2049, fp_mass_unw=0.0250, w_set=1.000, w_budget=0.650, w_pt=0.700, w_local=0.030, stage_scale=0.35
Stage-A transition -> reloaded best from phase_035 (epoch=19, val_total=4238.2686)
Ep 25: train_total=4263.6140, val_total_unw=4237.4993, val_total_w=4237.4993, select=unweighted, best_sel=4236.0969 | set_unw=0.4637, phys_unw=0.4142, budget_unw=34.0594, fp_mass_unw=0.0273, w_set=1.000, w_budget=0.650, w_pt=0.700, w_local=0.030, stage_scale=0.70
Ep 30: train_total=4259.1421, val_total_unw=4234.9555, val_total_w=4234.9555, select=unweighted, best_sel=4234.7941 | set_unw=0.4588, phys_unw=0.4136, budget_unw=33.8496, fp_mass_unw=0.0262, w_set=1.000, w_budget=0.650, w_pt=0.700, w_local=0.030, stage_scale=0.70
Ep 35: train_total=4255.6366, val_total_unw=4235.1302, val_total_w=4235.1302, select=unweighted, best_sel=4234.0440 | set_unw=0.4625, phys_unw=0.4055, budget_unw=34.9854, fp_mass_unw=0.0266, w_set=1.000, w_budget=0.650, w_pt=0.700, w_local=0.030, stage_scale=0.70
Ep 40: train_total=4251.1989, val_total_unw=4231.2527, val_total_w=4231.2527, select=unweighted, best_sel=4231.2527 | set_unw=0.4625, phys_unw=0.3983, budget_unw=34.1092, fp_mass_unw=0.0265, w_set=1.000, w_budget=0.650, w_pt=0.700, w_local=0.030, stage_scale=0.70
Ep 45: train_total=4247.0550, val_total_unw=4232.7969, val_total_w=4232.7969, select=unweighted, best_sel=4231.0999 | set_unw=0.4593, phys_unw=0.4205, budget_unw=33.7008, fp_mass_unw=0.0256, w_set=1.000, w_budget=0.650, w_pt=0.700, w_local=0.030, stage_scale=0.70
Ep 50: train_total=4239.5847, val_total_unw=4239.0673, val_total_w=4239.0673, select=unweighted, best_sel=4231.0999 | set_unw=0.4613, phys_unw=0.3992, budget_unw=35.2721, fp_mass_unw=0.0258, w_set=1.000, w_budget=0.650, w_pt=0.700, w_local=0.030, stage_scale=0.70
Ep 55: train_total=4234.4409, val_total_unw=4234.2315, val_total_w=4234.2315, select=unweighted, best_sel=4231.0999 | set_unw=0.4619, phys_unw=0.4097, budget_unw=33.9561, fp_mass_unw=0.0263, w_set=1.000, w_budget=0.650, w_pt=0.700, w_local=0.030, stage_scale=0.70
Stage-A transition -> reloaded best from phase_070 (epoch=42, val_total=4231.0999)
Ep 60: train_total=4243.6801, val_total_unw=4235.4307, val_total_w=4235.4307, select=unweighted, best_sel=4231.0999 | set_unw=0.4626, phys_unw=0.4120, budget_unw=33.8989, fp_mass_unw=0.0260, w_set=1.000, w_budget=0.650, w_pt=0.700, w_local=0.030, stage_scale=1.00
Ep 65: train_total=4237.5109, val_total_unw=4235.3074, val_total_w=4235.3074, select=unweighted, best_sel=4231.0999 | set_unw=0.4631, phys_unw=0.3990, budget_unw=33.2719, fp_mass_unw=0.0264, w_set=1.000, w_budget=0.650, w_pt=0.700, w_local=0.030, stage_scale=1.00
Ep 70: train_total=4232.4554, val_total_unw=4232.0256, val_total_w=4232.0256, select=unweighted, best_sel=4230.0972 | set_unw=0.4633, phys_unw=0.3924, budget_unw=33.3329, fp_mass_unw=0.0262, w_set=1.000, w_budget=0.650, w_pt=0.700, w_local=0.030, stage_scale=1.00
Ep 75: train_total=4226.7396, val_total_unw=4236.2872, val_total_w=4236.2872, select=unweighted, best_sel=4230.0972 | set_unw=0.4640, phys_unw=0.3928, budget_unw=33.4475, fp_mass_unw=0.0262, w_set=1.000, w_budget=0.650, w_pt=0.700, w_local=0.030, stage_scale=1.00
Ep 80: train_total=4219.9288, val_total_unw=4235.3316, val_total_w=4235.3316, select=unweighted, best_sel=4230.0972 | set_unw=0.4626, phys_unw=0.3932, budget_unw=32.8779, fp_mass_unw=0.0259, w_set=1.000, w_budget=0.650, w_pt=0.700, w_local=0.030, stage_scale=1.00
Ep 85: train_total=4214.0078, val_total_unw=4236.9824, val_total_w=4236.9824, select=unweighted, best_sel=4230.0972 | set_unw=0.4636, phys_unw=0.3986, budget_unw=32.7991, fp_mass_unw=0.0261, w_set=1.000, w_budget=0.650, w_pt=0.700, w_local=0.030, stage_scale=1.00
Early stopping reconstructor at epoch 85

======================================================================
STEP 3: STAGE B (DUAL PRETRAIN, FROZEN RECONSTRUCTOR)
======================================================================
StageB-DualPretrain ep 5: train_loss=0.3779 (cls=0.3779, rank=0.3039, reco=0.0000, cons=0.1193, delta=0.0000, d_gain=0.0000, d_cost=0.0000, anc_p=0.0000, anc_o=0.0000) | val_auc_unw=0.9128, val_fpr50_unw=0.024970, val_auc_w=nan, val_fpr50_w=nan, val_metric_source=unweighted, select=auc, best_sel=0.914066, unfreeze=frozen, reco_trainable=0, dual_frozen=False, dual_trainable=2812673
StageB-DualPretrain ep 10: train_loss=0.3616 (cls=0.3616, rank=0.3032, reco=0.0000, cons=0.1193, delta=0.0000, d_gain=0.0000, d_cost=0.0000, anc_p=0.0000, anc_o=0.0000) | val_auc_unw=0.9209, val_fpr50_unw=0.021975, val_auc_w=nan, val_fpr50_w=nan, val_metric_source=unweighted, select=auc, best_sel=0.920871, unfreeze=frozen, reco_trainable=0, dual_frozen=False, dual_trainable=2812673
StageB-DualPretrain ep 15: train_loss=0.3520 (cls=0.3520, rank=0.3024, reco=0.0000, cons=0.1193, delta=0.0000, d_gain=0.0000, d_cost=0.0000, anc_p=0.0000, anc_o=0.0000) | val_auc_unw=0.9206, val_fpr50_unw=0.020290, val_auc_w=nan, val_fpr50_w=nan, val_metric_source=unweighted, select=auc, best_sel=0.922674, unfreeze=frozen, reco_trainable=0, dual_frozen=False, dual_trainable=2812673
StageB-DualPretrain ep 20: train_loss=0.3434 (cls=0.3434, rank=0.3027, reco=0.0000, cons=0.1193, delta=0.0000, d_gain=0.0000, d_cost=0.0000, anc_p=0.0000, anc_o=0.0000) | val_auc_unw=0.9239, val_fpr50_unw=0.019564, val_auc_w=nan, val_fpr50_w=nan, val_metric_source=unweighted, select=auc, best_sel=0.923991, unfreeze=frozen, reco_trainable=0, dual_frozen=False, dual_trainable=2812673
StageB-DualPretrain ep 25: train_loss=0.3340 (cls=0.3340, rank=0.3022, reco=0.0000, cons=0.1193, delta=0.0000, d_gain=0.0000, d_cost=0.0000, anc_p=0.0000, anc_o=0.0000) | val_auc_unw=0.9242, val_fpr50_unw=0.019424, val_auc_w=nan, val_fpr50_w=nan, val_metric_source=unweighted, select=auc, best_sel=0.924213, unfreeze=frozen, reco_trainable=0, dual_frozen=False, dual_trainable=2812673
StageB-DualPretrain ep 30: train_loss=0.3242 (cls=0.3242, rank=0.3046, reco=0.0000, cons=0.1193, delta=0.0000, d_gain=0.0000, d_cost=0.0000, anc_p=0.0000, anc_o=0.0000) | val_auc_unw=0.9221, val_fpr50_unw=0.019897, val_auc_w=nan, val_fpr50_w=nan, val_metric_source=unweighted, select=auc, best_sel=0.924284, unfreeze=frozen, reco_trainable=0, dual_frozen=False, dual_trainable=2812673
StageB-DualPretrain ep 35: train_loss=0.3131 (cls=0.3131, rank=0.3061, reco=0.0000, cons=0.1193, delta=0.0000, d_gain=0.0000, d_cost=0.0000, anc_p=0.0000, anc_o=0.0000) | val_auc_unw=0.9221, val_fpr50_unw=0.020551, val_auc_w=nan, val_fpr50_w=nan, val_metric_source=unweighted, select=auc, best_sel=0.924284, unfreeze=frozen, reco_trainable=0, dual_frozen=False, dual_trainable=2812673
Early stopping StageB-DualPretrain at epoch 39

======================================================================
STEP 4: STAGE C (JOINT FINETUNE)
======================================================================
StageC-Joint ep 1: train_loss=1693.9370 (cls=0.3232, rank=0.3025, reco=4233.2467, cons=0.1174, delta=0.0948, d_gain=0.1925, d_cost=0.0958, anc_p=0.0000, anc_o=15.3728) | val_auc_unw=0.9250, val_fpr50_unw=0.018582, val_auc_w=nan, val_fpr50_w=nan, val_metric_source=unweighted, select=auc, best_sel=0.925049, unfreeze=heads, reco_trainable=764058, dual_frozen=False, dual_trainable=2812673
StageC-Joint ep 2: train_loss=1693.7657 (cls=0.3212, rank=0.3033, reco=4232.8544, cons=0.1171, delta=0.0905, d_gain=0.1927, d_cost=0.0944, anc_p=0.0000, anc_o=15.1815) | val_auc_unw=0.9250, val_fpr50_unw=0.018829, val_auc_w=nan, val_fpr50_w=nan, val_metric_source=unweighted, select=auc, best_sel=0.925049, unfreeze=heads, reco_trainable=764058, dual_frozen=False, dual_trainable=2812673
StageC-Joint ep 3: train_loss=1693.5514 (cls=0.3204, rank=0.3040, reco=4232.3575, cons=0.1170, delta=0.0866, d_gain=0.1931, d_cost=0.0932, anc_p=0.0000, anc_o=14.8396) | val_auc_unw=0.9247, val_fpr50_unw=0.018631, val_auc_w=nan, val_fpr50_w=nan, val_metric_source=unweighted, select=auc, best_sel=0.925049, unfreeze=heads, reco_trainable=764058, dual_frozen=False, dual_trainable=2812673
StageC-Joint ep 4: train_loss=1692.9343 (cls=0.3198, rank=0.3042, reco=4230.8366, cons=0.1172, delta=0.0835, d_gain=0.1929, d_cost=0.0921, anc_p=0.0000, anc_o=14.8286) | val_auc_unw=0.9249, val_fpr50_unw=0.018488, val_auc_w=nan, val_fpr50_w=nan, val_metric_source=unweighted, select=auc, best_sel=0.925049, unfreeze=lastk, reco_trainable=2343578, dual_frozen=False, dual_trainable=2812673
StageC-Joint ep 5: train_loss=1693.1304 (cls=0.3198, rank=0.3047, reco=4231.3521, cons=0.1170, delta=0.0810, d_gain=0.1928, d_cost=0.0913, anc_p=0.0000, anc_o=14.6955) | val_auc_unw=0.9248, val_fpr50_unw=0.018830, val_auc_w=nan, val_fpr50_w=nan, val_metric_source=unweighted, select=auc, best_sel=0.925049, unfreeze=lastk, reco_trainable=2343578, dual_frozen=False, dual_trainable=2812673
StageC-Joint ep 6: train_loss=1693.0935 (cls=0.3185, rank=0.3055, reco=4231.2848, cons=0.1172, delta=0.0784, d_gain=0.1931, d_cost=0.0905, anc_p=0.0000, anc_o=14.6210) | val_auc_unw=0.9249, val_fpr50_unw=0.018526, val_auc_w=nan, val_fpr50_w=nan, val_metric_source=unweighted, select=auc, best_sel=0.925049, unfreeze=lastk, reco_trainable=2343578, dual_frozen=False, dual_trainable=2812673
StageC-Joint ep 7: train_loss=1692.9344 (cls=0.3187, rank=0.3061, reco=4230.9136, cons=0.1172, delta=0.0776, d_gain=0.1929, d_cost=0.0902, anc_p=0.0000, anc_o=14.3954) | val_auc_unw=0.9247, val_fpr50_unw=0.018858, val_auc_w=nan, val_fpr50_w=nan, val_metric_source=unweighted, select=auc, best_sel=0.925049, unfreeze=lastk, reco_trainable=2343578, dual_frozen=False, dual_trainable=2812673
StageC-Joint ep 8: train_loss=1692.7297 (cls=0.3182, rank=0.3062, reco=4230.4159, cons=0.1170, delta=0.0742, d_gain=0.1927, d_cost=0.0890, anc_p=0.0000, anc_o=14.5030) | val_auc_unw=0.9244, val_fpr50_unw=0.018834, val_auc_w=nan, val_fpr50_w=nan, val_metric_source=unweighted, select=auc, best_sel=0.925049, unfreeze=all, reco_trainable=7098018, dual_frozen=False, dual_trainable=2812673
StageC-Joint ep 9: train_loss=1691.8609 (cls=0.3181, rank=0.3063, reco=4228.2659, cons=0.1170, delta=0.0740, d_gain=0.1930, d_cost=0.0890, anc_p=0.0000, anc_o=14.4013) | val_auc_unw=0.9248, val_fpr50_unw=0.018718, val_auc_w=nan, val_fpr50_w=nan, val_metric_source=unweighted, select=auc, best_sel=0.925049, unfreeze=all, reco_trainable=7098018, dual_frozen=False, dual_trainable=2812673
StageC-Joint ep 10: train_loss=1691.7900 (cls=0.3180, rank=0.3067, reco=4228.1089, cons=0.1173, delta=0.0733, d_gain=0.1931, d_cost=0.0888, anc_p=0.0000, anc_o=14.3197) | val_auc_unw=0.9247, val_fpr50_unw=0.018824, val_auc_w=nan, val_fpr50_w=nan, val_metric_source=unweighted, select=auc, best_sel=0.925049, unfreeze=all, reco_trainable=7098018, dual_frozen=False, dual_trainable=2812673
StageC-Joint ep 11: train_loss=1691.7867 (cls=0.3173, rank=0.3055, reco=4228.1197, cons=0.1171, delta=0.0733, d_gain=0.1933, d_cost=0.0889, anc_p=0.0000, anc_o=14.2924) | val_auc_unw=0.9247, val_fpr50_unw=0.018647, val_auc_w=nan, val_fpr50_w=nan, val_metric_source=unweighted, select=auc, best_sel=0.925049, unfreeze=all, reco_trainable=7098018, dual_frozen=False, dual_trainable=2812673
StageC-Joint ep 12: train_loss=1691.3967 (cls=0.3172, rank=0.3064, reco=4227.1673, cons=0.1172, delta=0.0727, d_gain=0.1930, d_cost=0.0886, anc_p=0.0000, anc_o=14.1093) | val_auc_unw=0.9243, val_fpr50_unw=0.018659, val_auc_w=nan, val_fpr50_w=nan, val_metric_source=unweighted, select=auc, best_sel=0.925049, unfreeze=all, reco_trainable=7098018, dual_frozen=False, dual_trainable=2812673
StageC-Joint ep 13: train_loss=1691.4426 (cls=0.3166, rank=0.3067, reco=4227.2969, cons=0.1173, delta=0.0713, d_gain=0.1932, d_cost=0.0882, anc_p=0.0000, anc_o=14.1762) | val_auc_unw=0.9244, val_fpr50_unw=0.019109, val_auc_w=nan, val_fpr50_w=nan, val_metric_source=unweighted, select=auc, best_sel=0.925049, unfreeze=all, reco_trainable=7098018, dual_frozen=False, dual_trainable=2812673
StageC-Joint ep 14: train_loss=1691.3961 (cls=0.3162, rank=0.3062, reco=4227.2007, cons=0.1171, delta=0.0710, d_gain=0.1932, d_cost=0.0881, anc_p=0.0000, anc_o=14.0434) | val_auc_unw=0.9244, val_fpr50_unw=0.018838, val_auc_w=nan, val_fpr50_w=nan, val_metric_source=unweighted, select=auc, best_sel=0.925049, unfreeze=all, reco_trainable=7098018, dual_frozen=False, dual_trainable=2812673
StageC-Joint ep 15: train_loss=1691.2023 (cls=0.3176, rank=0.3063, reco=4226.7234, cons=0.1171, delta=0.0717, d_gain=0.1931, d_cost=0.0883, anc_p=0.0000, anc_o=14.1438) | val_auc_unw=0.9241, val_fpr50_unw=0.019555, val_auc_w=nan, val_fpr50_w=nan, val_metric_source=unweighted, select=auc, best_sel=0.925049, unfreeze=all, reco_trainable=7098018, dual_frozen=False, dual_trainable=2812673
StageC-Joint ep 16: train_loss=1691.6941 (cls=0.3164, rank=0.3064, reco=4227.9714, cons=0.1172, delta=0.0718, d_gain=0.1934, d_cost=0.0884, anc_p=0.0000, anc_o=14.0884) | val_auc_unw=0.9245, val_fpr50_unw=0.018936, val_auc_w=nan, val_fpr50_w=nan, val_metric_source=unweighted, select=auc, best_sel=0.925049, unfreeze=all, reco_trainable=7098018, dual_frozen=False, dual_trainable=2812673
StageC-Joint ep 17: train_loss=1690.4268 (cls=0.3164, rank=0.3059, reco=4224.8153, cons=0.1171, delta=0.0711, d_gain=0.1932, d_cost=0.0881, anc_p=0.0000, anc_o=14.1360) | val_auc_unw=0.9240, val_fpr50_unw=0.018826, val_auc_w=nan, val_fpr50_w=nan, val_metric_source=unweighted, select=auc, best_sel=0.925049, unfreeze=all, reco_trainable=7098018, dual_frozen=False, dual_trainable=2812673
StageC-Joint ep 18: train_loss=1690.6373 (cls=0.3162, rank=0.3072, reco=4225.3598, cons=0.1171, delta=0.0704, d_gain=0.1935, d_cost=0.0880, anc_p=0.0000, anc_o=13.9870) | val_auc_unw=0.9241, val_fpr50_unw=0.019161, val_auc_w=nan, val_fpr50_w=nan, val_metric_source=unweighted, select=auc, best_sel=0.925049, unfreeze=all, reco_trainable=7098018, dual_frozen=False, dual_trainable=2812673
StageC-Joint ep 19: train_loss=1690.7225 (cls=0.3158, rank=0.3066, reco=4225.5854, cons=0.1173, delta=0.0703, d_gain=0.1937, d_cost=0.0880, anc_p=0.0001, anc_o=14.0133) | val_auc_unw=0.9241, val_fpr50_unw=0.019005, val_auc_w=nan, val_fpr50_w=nan, val_metric_source=unweighted, select=auc, best_sel=0.925049, unfreeze=all, reco_trainable=7098018, dual_frozen=False, dual_trainable=2812673
StageC-Joint ep 20: train_loss=1690.4226 (cls=0.3164, rank=0.3065, reco=4224.8440, cons=0.1171, delta=0.0706, d_gain=0.1934, d_cost=0.0880, anc_p=0.0001, anc_o=14.0971) | val_auc_unw=0.9242, val_fpr50_unw=0.018986, val_auc_w=nan, val_fpr50_w=nan, val_metric_source=unweighted, select=auc, best_sel=0.925049, unfreeze=all, reco_trainable=7098018, dual_frozen=False, dual_trainable=2812673
StageC-Joint ep 21: train_loss=1690.7791 (cls=0.3153, rank=0.3064, reco=4225.7494, cons=0.1172, delta=0.0700, d_gain=0.1935, d_cost=0.0878, anc_p=0.0001, anc_o=14.1142) | val_auc_unw=0.9240, val_fpr50_unw=0.019399, val_auc_w=nan, val_fpr50_w=nan, val_metric_source=unweighted, select=auc, best_sel=0.925049, unfreeze=all, reco_trainable=7098018, dual_frozen=False, dual_trainable=2812673
StageC-Joint ep 22: train_loss=1690.8401 (cls=0.3156, rank=0.3074, reco=4225.9141, cons=0.1171, delta=0.0703, d_gain=0.1935, d_cost=0.0880, anc_p=0.0001, anc_o=14.0600) | val_auc_unw=0.9240, val_fpr50_unw=0.019151, val_auc_w=nan, val_fpr50_w=nan, val_metric_source=unweighted, select=auc, best_sel=0.925049, unfreeze=all, reco_trainable=7098018, dual_frozen=False, dual_trainable=2812673
StageC-Joint ep 23: train_loss=1690.8846 (cls=0.3151, rank=0.3065, reco=4226.0378, cons=0.1171, delta=0.0697, d_gain=0.1935, d_cost=0.0877, anc_p=0.0001, anc_o=14.0525) | val_auc_unw=0.9238, val_fpr50_unw=0.019176, val_auc_w=nan, val_fpr50_w=nan, val_metric_source=unweighted, select=auc, best_sel=0.925049, unfreeze=all, reco_trainable=7098018, dual_frozen=False, dual_trainable=2812673
StageC-Joint ep 24: train_loss=1690.6428 (cls=0.3165, rank=0.3067, reco=4225.4400, cons=0.1171, delta=0.0698, d_gain=0.1932, d_cost=0.0877, anc_p=0.0001, anc_o=14.0798) | val_auc_unw=0.9241, val_fpr50_unw=0.019497, val_auc_w=nan, val_fpr50_w=nan, val_metric_source=unweighted, select=auc, best_sel=0.925049, unfreeze=all, reco_trainable=7098018, dual_frozen=False, dual_trainable=2812673
StageC-Joint ep 25: train_loss=1690.1105 (cls=0.3152, rank=0.3064, reco=4224.1251, cons=0.1172, delta=0.0694, d_gain=0.1933, d_cost=0.0876, anc_p=0.0001, anc_o=13.9907) | val_auc_unw=0.9239, val_fpr50_unw=0.019502, val_auc_w=nan, val_fpr50_w=nan, val_metric_source=unweighted, select=auc, best_sel=0.925049, unfreeze=all, reco_trainable=7098018, dual_frozen=False, dual_trainable=2812673
Early stopping StageC-Joint at epoch 25

======================================================================
STEP 5: RECONSTRUCTION DIAGNOSTICS
======================================================================

Jet pT response/resolution by truth pT bin (test split):
  pT_low - pT_high | N | HLT resp | HLT reso | Corrected resp | Corrected reso
  172739.4 - 504068.9 | 18750 | 0.8681 | 0.1516 | 0.7148 | 0.1271
  504068.9 - 773424.6 | 18750 | 0.8445 | 0.1720 | 0.6347 | 0.1223
  773424.6 - 1093714.0 | 18750 | 0.8330 | 0.1869 | 0.5813 | 0.1208
  1093714.0 - 1365805.0 | 18750 | 0.8218 | 0.2022 | 0.5446 | 0.1231
  1365805.0 - 1711763.0 | 18750 | 0.8203 | 0.2056 | 0.5244 | 0.1214
  1711763.0 - 2155283.2 | 18750 | 0.8155 | 0.2123 | 0.5034 | 0.1230
  2155283.2 - 2633962.7 | 18750 | 0.8110 | 0.2225 | 0.4841 | 0.1258
  2633962.7 - 4355157.0 | 18750 | 0.7996 | 0.2295 | 0.4639 | 0.1273

Constituent-count diagnostics:
  Means: offline=54.297, hlt=29.181, reco=54.831
  MAE vs offline: hlt=25.116, reco=5.289

Budget diagnostics (test split):
  MAE: merge=5.213, eff=0.000, total=5.213
  Bias: merge=-0.939, eff=0.000, total=-0.939

======================================================================
FINAL TEST EVALUATION
======================================================================
Teacher (Offline) AUC: 0.9533
Baseline (HLT)   AUC: 0.9214
Stage2 (PreJoint) AUC: 0.9225
Stage2 (BestValFPR50) AUC: 0.9217
Joint Dual-View  AUC: 0.9233
Joint Dual-View (BestValFPR50) AUC: 0.9231

FPR@30 Teacher/Baseline/Stage2/Joint: 0.002131 / 0.005524 / 0.005275 / 0.005214
FPR@30 Stage2BestFPR / JointBestFPR: 0.005264 / 0.005170
FPR@50 Teacher/Baseline/Stage2/Joint: 0.009940 / 0.021587 / 0.020768 / 0.020146
FPR@50 Stage2BestFPR / JointBestFPR: 0.020302 / 0.020195
Saving val/test score arrays for fusion analysis...
Saved fusion score arrays to: checkpoints/reco_teacher_joint_fusion_6model_150k75k150k/model2_joint_delta005_fulltrain_prog_unfreeze_oracle_study/model2_joint_delta005_fulltrain_prog_unfreeze_oracle_C_150k75k150k_seed0/fusion_scores_val_test.npz

Saved joint results to: checkpoints/reco_teacher_joint_fusion_6model_150k75k150k/model2_joint_delta005_fulltrain_prog_unfreeze_oracle_study/model2_joint_delta005_fulltrain_prog_unfreeze_oracle_C_150k75k150k_seed0
Done: checkpoints/reco_teacher_joint_fusion_6model_150k75k150k/model2_joint_delta005_fulltrain_prog_unfreeze_oracle_study/model2_joint_delta005_fulltrain_prog_unfreeze_oracle_C_150k75k150k_seed0
