============================================================
Model-2 oracle study A/B/C/D/E (ptclamp baseline, normal clamp)
Variant: A
Run: checkpoints/reco_teacher_joint_fusion_6model_150k75k150k/model2_joint_delta005_fulltrain_prog_unfreeze_oracle_study/model2_joint_delta005_fulltrain_prog_unfreeze_oracle_A_150k75k150k_seed0
============================================================
 python offline_reconstructor_joint_dualview_stage2save_auc_norankc_nopriv_unmergeonly_oracle_study.py --save_dir checkpoints/reco_teacher_joint_fusion_6model_150k75k150k/model2_joint_delta005_fulltrain_prog_unfreeze_oracle_study --run_name model2_joint_delta005_fulltrain_prog_unfreeze_oracle_A_150k75k150k_seed0 --n_train_jets 375000 --n_train_split 150000 --n_val_split 75000 --n_test_split 150000 --offset_jets 0 --max_constits 100 --num_workers 6 --seed 0 --selection_metric auc --stageC_progressive_unfreeze --stageC_unfreeze_phase1_epochs 3 --stageC_unfreeze_phase2_epochs 7 --stageC_unfreeze_last_n_encoder_layers 2 --stageC_lambda_param_anchor 0.02 --stageC_lambda_output_anchor 0.02 --stageC_anchor_decay 0.97 --stageC_lr_dual 1e-5 --stageC_lr_reco 5e-6 --lambda_reco 0.4 --lambda_cons 0.06 --loss_unselected_penalty 0.0 --loss_gen_local_radius 0.0 --stageC_lambda_delta 0.05 --stageC_delta_tau 0.05 --stageC_delta_lambda_fp 3.0 --stageC_delta_warmup_epochs 8 --added_target_scale 0.90 --oracle_study_variant A --oracle_unsmear_keep_thresh 0.03 --oracle_w_action 0.15 --oracle_w_tok 0.20 --oracle_w_split 0.20 --save_fusion_scores --disable_final_kd --device cuda --oracle_eval_interventions_for_A
Device: cuda
Save dir: checkpoints/reco_teacher_joint_fusion_6model_150k75k150k/model2_joint_delta005_fulltrain_prog_unfreeze_oracle_study/model2_joint_delta005_fulltrain_prog_unfreeze_oracle_A_150k75k150k_seed0
Loading offline constituents...
Generating pseudo-HLT...
Oracle-study target setup (unmerge-only): variant=A, added_target_scale=0.900, mean_true_added_raw=25.116, mean_target_added=22.604
Computing features...
Split sizes: Train=150000, Val=75000, Test=150000 (custom_counts=True)
Stage-B train subset: N=150000 / 150000 (frac=1.000, seed=0)

======================================================================
STEP 1: TEACHER + BASELINE
======================================================================
Teacher ep 5: train_auc=0.9439, val_auc=0.9469, val_fpr50=0.012873, best_auc=0.9469, fpr50@best=0.012873
Teacher ep 10: train_auc=0.9509, val_auc=0.9526, val_fpr50=0.010285, best_auc=0.9526, fpr50@best=0.010285
Teacher ep 15: train_auc=0.9549, val_auc=0.9522, val_fpr50=0.011025, best_auc=0.9529, fpr50@best=0.010068
Teacher ep 20: train_auc=0.9577, val_auc=0.9480, val_fpr50=0.013272, best_auc=0.9529, fpr50@best=0.010068
Teacher ep 25: train_auc=0.9610, val_auc=0.9513, val_fpr50=0.010954, best_auc=0.9539, fpr50@best=0.009423
Teacher ep 30: train_auc=0.9652, val_auc=0.9503, val_fpr50=0.011826, best_auc=0.9539, fpr50@best=0.009423
Teacher ep 35: train_auc=0.9696, val_auc=0.9496, val_fpr50=0.011791, best_auc=0.9539, fpr50@best=0.009423
Early stopping Teacher at epoch 37
Baseline ep 5: train_auc=0.9099, val_auc=0.9027, val_fpr50=0.028200, best_auc=0.9096, fpr50@best=0.027649
Baseline ep 10: train_auc=0.9173, val_auc=0.9176, val_fpr50=0.023106, best_auc=0.9185, fpr50@best=0.021131
Baseline ep 15: train_auc=0.9211, val_auc=0.9199, val_fpr50=0.021754, best_auc=0.9207, fpr50@best=0.019859
Baseline ep 20: train_auc=0.9251, val_auc=0.9232, val_fpr50=0.020238, best_auc=0.9232, fpr50@best=0.020238
Baseline ep 25: train_auc=0.9291, val_auc=0.9231, val_fpr50=0.020397, best_auc=0.9232, fpr50@best=0.020238
Baseline ep 30: train_auc=0.9336, val_auc=0.9194, val_fpr50=0.023387, best_auc=0.9235, fpr50@best=0.020215
Baseline ep 35: train_auc=0.9383, val_auc=0.9220, val_fpr50=0.021137, best_auc=0.9235, fpr50@best=0.020215
Baseline ep 40: train_auc=0.9435, val_auc=0.9181, val_fpr50=0.023374, best_auc=0.9235, fpr50@best=0.020215
Early stopping Baseline at epoch 41
StageC weak-delta HLT reference @TPR=0.50: threshold_prob=0.920016, val_auc_hlt=0.9235

======================================================================
STEP 2: STAGE A (RECONSTRUCTOR PRETRAIN)
======================================================================
Ep 5: train_total=26.3091, val_total_unw=29.4730, val_total_w=29.4730, select=unweighted, best_sel=24.8802 | set_unw=0.3637, phys_unw=0.5027, budget_unw=44.2897, fp_mass_unw=0.0159, w_set=1.000, w_budget=0.650, w_pt=0.700, w_local=0.030, stage_scale=0.35
Ep 10: train_total=25.1583, val_total_unw=26.1058, val_total_w=26.1058, select=unweighted, best_sel=24.8802 | set_unw=0.3630, phys_unw=0.4708, budget_unw=39.1531, fp_mass_unw=0.0167, w_set=1.000, w_budget=0.650, w_pt=0.700, w_local=0.030, stage_scale=0.35
Ep 15: train_total=24.7115, val_total_unw=26.7114, val_total_w=26.7114, select=unweighted, best_sel=24.4730 | set_unw=0.3556, phys_unw=0.4769, budget_unw=40.0887, fp_mass_unw=0.0151, w_set=1.000, w_budget=0.650, w_pt=0.700, w_local=0.030, stage_scale=0.35
Ep 20: train_total=24.4113, val_total_unw=24.3399, val_total_w=24.3399, select=unweighted, best_sel=24.3399 | set_unw=0.3626, phys_unw=0.4256, budget_unw=36.4891, fp_mass_unw=0.0158, w_set=1.000, w_budget=0.650, w_pt=0.700, w_local=0.030, stage_scale=0.35
Stage-A transition -> reloaded best from phase_035 (epoch=20, val_total=24.3399)
Ep 25: train_total=22.4708, val_total_unw=23.5367, val_total_w=23.5367, select=unweighted, best_sel=22.1190 | set_unw=0.3604, phys_unw=0.4210, budget_unw=35.2610, fp_mass_unw=0.0151, w_set=1.000, w_budget=0.650, w_pt=0.700, w_local=0.030, stage_scale=0.70
Ep 30: train_total=22.2569, val_total_unw=22.5303, val_total_w=22.5303, select=unweighted, best_sel=22.1190 | set_unw=0.3598, phys_unw=0.4051, budget_unw=33.7320, fp_mass_unw=0.0154, w_set=1.000, w_budget=0.650, w_pt=0.700, w_local=0.030, stage_scale=0.70
Ep 35: train_total=22.0758, val_total_unw=23.1428, val_total_w=23.1428, select=unweighted, best_sel=22.1190 | set_unw=0.3577, phys_unw=0.4206, budget_unw=34.6589, fp_mass_unw=0.0151, w_set=1.000, w_budget=0.650, w_pt=0.700, w_local=0.030, stage_scale=0.70
Ep 40: train_total=21.9217, val_total_unw=22.5433, val_total_w=22.5433, select=unweighted, best_sel=22.1190 | set_unw=0.3572, phys_unw=0.4091, budget_unw=33.7513, fp_mass_unw=0.0149, w_set=1.000, w_budget=0.650, w_pt=0.700, w_local=0.030, stage_scale=0.70
Ep 45: train_total=21.7030, val_total_unw=22.8740, val_total_w=22.8740, select=unweighted, best_sel=22.1190 | set_unw=0.3588, phys_unw=0.4089, budget_unw=34.2575, fp_mass_unw=0.0148, w_set=1.000, w_budget=0.650, w_pt=0.700, w_local=0.030, stage_scale=0.70
Ep 50: train_total=21.4851, val_total_unw=22.3744, val_total_w=22.3744, select=unweighted, best_sel=21.9851 | set_unw=0.3589, phys_unw=0.3997, budget_unw=33.4991, fp_mass_unw=0.0151, w_set=1.000, w_budget=0.650, w_pt=0.700, w_local=0.030, stage_scale=0.70
Ep 55: train_total=21.2398, val_total_unw=22.7717, val_total_w=22.7717, select=unweighted, best_sel=21.9851 | set_unw=0.3592, phys_unw=0.4051, budget_unw=34.1031, fp_mass_unw=0.0151, w_set=1.000, w_budget=0.650, w_pt=0.700, w_local=0.030, stage_scale=0.70
Stage-A transition -> reloaded best from phase_070 (epoch=48, val_total=21.9851)
Ep 60: train_total=20.9453, val_total_unw=22.5745, val_total_w=22.5745, select=unweighted, best_sel=21.9851 | set_unw=0.3569, phys_unw=0.4108, budget_unw=33.7967, fp_mass_unw=0.0145, w_set=1.000, w_budget=0.650, w_pt=0.700, w_local=0.030, stage_scale=1.00
Ep 65: train_total=20.6626, val_total_unw=22.3686, val_total_w=22.3686, select=unweighted, best_sel=21.9851 | set_unw=0.3578, phys_unw=0.4054, budget_unw=33.4846, fp_mass_unw=0.0147, w_set=1.000, w_budget=0.650, w_pt=0.700, w_local=0.030, stage_scale=1.00
Ep 70: train_total=20.3213, val_total_unw=22.4769, val_total_w=22.4769, select=unweighted, best_sel=21.9851 | set_unw=0.3563, phys_unw=0.4040, budget_unw=33.6556, fp_mass_unw=0.0148, w_set=1.000, w_budget=0.650, w_pt=0.700, w_local=0.030, stage_scale=1.00
Early stopping reconstructor at epoch 73

======================================================================
STEP 3: STAGE B (DUAL PRETRAIN, FROZEN RECONSTRUCTOR)
======================================================================
StageB-DualPretrain ep 5: train_loss=0.3771 (cls=0.3771, rank=0.3046, reco=0.0000, cons=0.1171, delta=0.0000, d_gain=0.0000, d_cost=0.0000, anc_p=0.0000, anc_o=0.0000) | val_auc_unw=0.9144, val_fpr50_unw=0.026911, val_auc_w=nan, val_fpr50_w=nan, val_metric_source=unweighted, select=auc, best_sel=0.914359, unfreeze=frozen, reco_trainable=0, dual_frozen=False, dual_trainable=2812673
StageB-DualPretrain ep 10: train_loss=0.3626 (cls=0.3626, rank=0.3034, reco=0.0000, cons=0.1171, delta=0.0000, d_gain=0.0000, d_cost=0.0000, anc_p=0.0000, anc_o=0.0000) | val_auc_unw=0.9200, val_fpr50_unw=0.023077, val_auc_w=nan, val_fpr50_w=nan, val_metric_source=unweighted, select=auc, best_sel=0.920518, unfreeze=frozen, reco_trainable=0, dual_frozen=False, dual_trainable=2812673
StageB-DualPretrain ep 15: train_loss=0.3514 (cls=0.3514, rank=0.3021, reco=0.0000, cons=0.1171, delta=0.0000, d_gain=0.0000, d_cost=0.0000, anc_p=0.0000, anc_o=0.0000) | val_auc_unw=0.9229, val_fpr50_unw=0.018912, val_auc_w=nan, val_fpr50_w=nan, val_metric_source=unweighted, select=auc, best_sel=0.922931, unfreeze=frozen, reco_trainable=0, dual_frozen=False, dual_trainable=2812673
StageB-DualPretrain ep 20: train_loss=0.3450 (cls=0.3450, rank=0.3024, reco=0.0000, cons=0.1171, delta=0.0000, d_gain=0.0000, d_cost=0.0000, anc_p=0.0000, anc_o=0.0000) | val_auc_unw=0.9246, val_fpr50_unw=0.018881, val_auc_w=nan, val_fpr50_w=nan, val_metric_source=unweighted, select=auc, best_sel=0.924604, unfreeze=frozen, reco_trainable=0, dual_frozen=False, dual_trainable=2812673
StageB-DualPretrain ep 25: train_loss=0.3351 (cls=0.3351, rank=0.3034, reco=0.0000, cons=0.1171, delta=0.0000, d_gain=0.0000, d_cost=0.0000, anc_p=0.0000, anc_o=0.0000) | val_auc_unw=0.9237, val_fpr50_unw=0.019033, val_auc_w=nan, val_fpr50_w=nan, val_metric_source=unweighted, select=auc, best_sel=0.924837, unfreeze=frozen, reco_trainable=0, dual_frozen=False, dual_trainable=2812673
StageB-DualPretrain ep 30: train_loss=0.3253 (cls=0.3253, rank=0.3041, reco=0.0000, cons=0.1171, delta=0.0000, d_gain=0.0000, d_cost=0.0000, anc_p=0.0000, anc_o=0.0000) | val_auc_unw=0.9238, val_fpr50_unw=0.018524, val_auc_w=nan, val_fpr50_w=nan, val_metric_source=unweighted, select=auc, best_sel=0.925425, unfreeze=frozen, reco_trainable=0, dual_frozen=False, dual_trainable=2812673
StageB-DualPretrain ep 35: train_loss=0.3143 (cls=0.3143, rank=0.3056, reco=0.0000, cons=0.1171, delta=0.0000, d_gain=0.0000, d_cost=0.0000, anc_p=0.0000, anc_o=0.0000) | val_auc_unw=0.9233, val_fpr50_unw=0.019019, val_auc_w=nan, val_fpr50_w=nan, val_metric_source=unweighted, select=auc, best_sel=0.925425, unfreeze=frozen, reco_trainable=0, dual_frozen=False, dual_trainable=2812673
StageB-DualPretrain ep 40: train_loss=0.3069 (cls=0.3069, rank=0.3074, reco=0.0000, cons=0.1171, delta=0.0000, d_gain=0.0000, d_cost=0.0000, anc_p=0.0000, anc_o=0.0000) | val_auc_unw=0.9223, val_fpr50_unw=0.019179, val_auc_w=nan, val_fpr50_w=nan, val_metric_source=unweighted, select=auc, best_sel=0.925425, unfreeze=frozen, reco_trainable=0, dual_frozen=False, dual_trainable=2812673
Early stopping StageB-DualPretrain at epoch 40

======================================================================
STEP 4: STAGE C (JOINT FINETUNE)
======================================================================
StageC-Joint ep 1: train_loss=9.0309 (cls=0.3222, rank=0.3028, reco=21.4481, cons=0.1195, delta=0.0940, d_gain=0.1930, d_cost=0.0957, anc_p=0.0000, anc_o=6.0843) | val_auc_unw=0.9251, val_fpr50_unw=0.018409, val_auc_w=nan, val_fpr50_w=nan, val_metric_source=unweighted, select=auc, best_sel=0.925148, unfreeze=heads, reco_trainable=764058, dual_frozen=False, dual_trainable=2812673
StageC-Joint ep 2: train_loss=8.9682 (cls=0.3200, rank=0.3038, reco=21.3019, cons=0.1189, delta=0.0900, d_gain=0.1931, d_cost=0.0943, anc_p=0.0000, anc_o=6.1465) | val_auc_unw=0.9251, val_fpr50_unw=0.018602, val_auc_w=nan, val_fpr50_w=nan, val_metric_source=unweighted, select=auc, best_sel=0.925148, unfreeze=heads, reco_trainable=764058, dual_frozen=False, dual_trainable=2812673
StageC-Joint ep 3: train_loss=8.9150 (cls=0.3204, rank=0.3052, reco=21.1780, cons=0.1185, delta=0.0869, d_gain=0.1930, d_cost=0.0933, anc_p=0.0000, anc_o=6.0920) | val_auc_unw=0.9252, val_fpr50_unw=0.018549, val_auc_w=nan, val_fpr50_w=nan, val_metric_source=unweighted, select=auc, best_sel=0.925186, unfreeze=heads, reco_trainable=764058, dual_frozen=False, dual_trainable=2812673
StageC-Joint ep 4: train_loss=8.8499 (cls=0.3191, rank=0.3054, reco=21.0260, cons=0.1180, delta=0.0838, d_gain=0.1930, d_cost=0.0923, anc_p=0.0000, anc_o=6.0957) | val_auc_unw=0.9251, val_fpr50_unw=0.018544, val_auc_w=nan, val_fpr50_w=nan, val_metric_source=unweighted, select=auc, best_sel=0.925186, unfreeze=lastk, reco_trainable=2343578, dual_frozen=False, dual_trainable=2812673
StageC-Joint ep 5: train_loss=8.8232 (cls=0.3189, rank=0.3054, reco=20.9699, cons=0.1177, delta=0.0811, d_gain=0.1934, d_cost=0.0915, anc_p=0.0000, anc_o=6.0267) | val_auc_unw=0.9252, val_fpr50_unw=0.018689, val_auc_w=nan, val_fpr50_w=nan, val_metric_source=unweighted, select=auc, best_sel=0.925244, unfreeze=lastk, reco_trainable=2343578, dual_frozen=False, dual_trainable=2812673
StageC-Joint ep 6: train_loss=8.8129 (cls=0.3181, rank=0.3057, reco=20.9509, cons=0.1176, delta=0.0791, d_gain=0.1932, d_cost=0.0908, anc_p=0.0000, anc_o=6.0824) | val_auc_unw=0.9250, val_fpr50_unw=0.018491, val_auc_w=nan, val_fpr50_w=nan, val_metric_source=unweighted, select=auc, best_sel=0.925244, unfreeze=lastk, reco_trainable=2343578, dual_frozen=False, dual_trainable=2812673
StageC-Joint ep 7: train_loss=8.8088 (cls=0.3193, rank=0.3057, reco=20.9433, cons=0.1176, delta=0.0776, d_gain=0.1927, d_cost=0.0901, anc_p=0.0001, anc_o=6.1047) | val_auc_unw=0.9248, val_fpr50_unw=0.018555, val_auc_w=nan, val_fpr50_w=nan, val_metric_source=unweighted, select=auc, best_sel=0.925244, unfreeze=lastk, reco_trainable=2343578, dual_frozen=False, dual_trainable=2812673
StageC-Joint ep 8: train_loss=8.7729 (cls=0.3173, rank=0.3063, reco=20.8756, cons=0.1175, delta=0.0754, d_gain=0.1930, d_cost=0.0895, anc_p=0.0001, anc_o=5.8538) | val_auc_unw=0.9251, val_fpr50_unw=0.018192, val_auc_w=nan, val_fpr50_w=nan, val_metric_source=unweighted, select=auc, best_sel=0.925244, unfreeze=all, reco_trainable=7098018, dual_frozen=False, dual_trainable=2812673
StageC-Joint ep 9: train_loss=8.7387 (cls=0.3179, rank=0.3065, reco=20.7935, cons=0.1175, delta=0.0748, d_gain=0.1929, d_cost=0.0892, anc_p=0.0001, anc_o=5.9073) | val_auc_unw=0.9250, val_fpr50_unw=0.018369, val_auc_w=nan, val_fpr50_w=nan, val_metric_source=unweighted, select=auc, best_sel=0.925244, unfreeze=all, reco_trainable=7098018, dual_frozen=False, dual_trainable=2812673
StageC-Joint ep 10: train_loss=8.7317 (cls=0.3172, rank=0.3064, reco=20.7847, cons=0.1175, delta=0.0735, d_gain=0.1930, d_cost=0.0888, anc_p=0.0001, anc_o=5.9159) | val_auc_unw=0.9249, val_fpr50_unw=0.018369, val_auc_w=nan, val_fpr50_w=nan, val_metric_source=unweighted, select=auc, best_sel=0.925244, unfreeze=all, reco_trainable=7098018, dual_frozen=False, dual_trainable=2812673
StageC-Joint ep 11: train_loss=8.7126 (cls=0.3173, rank=0.3067, reco=20.7460, cons=0.1175, delta=0.0727, d_gain=0.1930, d_cost=0.0886, anc_p=0.0001, anc_o=5.8436) | val_auc_unw=0.9248, val_fpr50_unw=0.018786, val_auc_w=nan, val_fpr50_w=nan, val_metric_source=unweighted, select=auc, best_sel=0.925244, unfreeze=all, reco_trainable=7098018, dual_frozen=False, dual_trainable=2812673
StageC-Joint ep 12: train_loss=8.7104 (cls=0.3167, rank=0.3063, reco=20.7453, cons=0.1175, delta=0.0728, d_gain=0.1935, d_cost=0.0888, anc_p=0.0001, anc_o=5.9322) | val_auc_unw=0.9247, val_fpr50_unw=0.018486, val_auc_w=nan, val_fpr50_w=nan, val_metric_source=unweighted, select=auc, best_sel=0.925244, unfreeze=all, reco_trainable=7098018, dual_frozen=False, dual_trainable=2812673
StageC-Joint ep 13: train_loss=8.7073 (cls=0.3173, rank=0.3067, reco=20.7453, cons=0.1175, delta=0.0728, d_gain=0.1931, d_cost=0.0886, anc_p=0.0001, anc_o=5.8450) | val_auc_unw=0.9245, val_fpr50_unw=0.018512, val_auc_w=nan, val_fpr50_w=nan, val_metric_source=unweighted, select=auc, best_sel=0.925244, unfreeze=all, reco_trainable=7098018, dual_frozen=False, dual_trainable=2812673
StageC-Joint ep 14: train_loss=8.7026 (cls=0.3173, rank=0.3061, reco=20.7392, cons=0.1175, delta=0.0729, d_gain=0.1932, d_cost=0.0887, anc_p=0.0001, anc_o=5.8657) | val_auc_unw=0.9244, val_fpr50_unw=0.018389, val_auc_w=nan, val_fpr50_w=nan, val_metric_source=unweighted, select=auc, best_sel=0.925244, unfreeze=all, reco_trainable=7098018, dual_frozen=False, dual_trainable=2812673
StageC-Joint ep 15: train_loss=8.6868 (cls=0.3164, rank=0.3058, reco=20.7025, cons=0.1176, delta=0.0722, d_gain=0.1932, d_cost=0.0885, anc_p=0.0001, anc_o=6.0308) | val_auc_unw=0.9246, val_fpr50_unw=0.018635, val_auc_w=nan, val_fpr50_w=nan, val_metric_source=unweighted, select=auc, best_sel=0.925244, unfreeze=all, reco_trainable=7098018, dual_frozen=False, dual_trainable=2812673
StageC-Joint ep 16: train_loss=8.6909 (cls=0.3168, rank=0.3069, reco=20.7171, cons=0.1175, delta=0.0717, d_gain=0.1930, d_cost=0.0882, anc_p=0.0001, anc_o=6.0451) | val_auc_unw=0.9245, val_fpr50_unw=0.018378, val_auc_w=nan, val_fpr50_w=nan, val_metric_source=unweighted, select=auc, best_sel=0.925244, unfreeze=all, reco_trainable=7098018, dual_frozen=False, dual_trainable=2812673
StageC-Joint ep 17: train_loss=8.6846 (cls=0.3161, rank=0.3069, reco=20.7110, cons=0.1176, delta=0.0715, d_gain=0.1935, d_cost=0.0884, anc_p=0.0001, anc_o=5.9855) | val_auc_unw=0.9246, val_fpr50_unw=0.018315, val_auc_w=nan, val_fpr50_w=nan, val_metric_source=unweighted, select=auc, best_sel=0.925244, unfreeze=all, reco_trainable=7098018, dual_frozen=False, dual_trainable=2812673
StageC-Joint ep 18: train_loss=8.6780 (cls=0.3167, rank=0.3063, reco=20.6964, cons=0.1176, delta=0.0721, d_gain=0.1933, d_cost=0.0885, anc_p=0.0001, anc_o=6.0485) | val_auc_unw=0.9245, val_fpr50_unw=0.018595, val_auc_w=nan, val_fpr50_w=nan, val_metric_source=unweighted, select=auc, best_sel=0.925244, unfreeze=all, reco_trainable=7098018, dual_frozen=False, dual_trainable=2812673
StageC-Joint ep 19: train_loss=8.6791 (cls=0.3164, rank=0.3071, reco=20.7079, cons=0.1176, delta=0.0707, d_gain=0.1932, d_cost=0.0879, anc_p=0.0001, anc_o=5.9716) | val_auc_unw=0.9244, val_fpr50_unw=0.018644, val_auc_w=nan, val_fpr50_w=nan, val_metric_source=unweighted, select=auc, best_sel=0.925244, unfreeze=all, reco_trainable=7098018, dual_frozen=False, dual_trainable=2812673
StageC-Joint ep 20: train_loss=8.6601 (cls=0.3149, rank=0.3065, reco=20.6685, cons=0.1176, delta=0.0694, d_gain=0.1938, d_cost=0.0877, anc_p=0.0001, anc_o=5.9953) | val_auc_unw=0.9245, val_fpr50_unw=0.018580, val_auc_w=nan, val_fpr50_w=nan, val_metric_source=unweighted, select=auc, best_sel=0.925244, unfreeze=all, reco_trainable=7098018, dual_frozen=False, dual_trainable=2812673
StageC-Joint ep 21: train_loss=8.6629 (cls=0.3151, rank=0.3066, reco=20.6783, cons=0.1177, delta=0.0692, d_gain=0.1935, d_cost=0.0876, anc_p=0.0001, anc_o=6.0602) | val_auc_unw=0.9245, val_fpr50_unw=0.018523, val_auc_w=nan, val_fpr50_w=nan, val_metric_source=unweighted, select=auc, best_sel=0.925244, unfreeze=all, reco_trainable=7098018, dual_frozen=False, dual_trainable=2812673
StageC-Joint ep 22: train_loss=8.6601 (cls=0.3145, rank=0.3074, reco=20.6795, cons=0.1175, delta=0.0699, d_gain=0.1942, d_cost=0.0880, anc_p=0.0001, anc_o=5.9940) | val_auc_unw=0.9245, val_fpr50_unw=0.018394, val_auc_w=nan, val_fpr50_w=nan, val_metric_source=unweighted, select=auc, best_sel=0.925244, unfreeze=all, reco_trainable=7098018, dual_frozen=False, dual_trainable=2812673
StageC-Joint ep 23: train_loss=8.6585 (cls=0.3154, rank=0.3066, reco=20.6786, cons=0.1177, delta=0.0698, d_gain=0.1936, d_cost=0.0878, anc_p=0.0001, anc_o=5.9742) | val_auc_unw=0.9244, val_fpr50_unw=0.018473, val_auc_w=nan, val_fpr50_w=nan, val_metric_source=unweighted, select=auc, best_sel=0.925244, unfreeze=all, reco_trainable=7098018, dual_frozen=False, dual_trainable=2812673
StageC-Joint ep 24: train_loss=8.6468 (cls=0.3151, rank=0.3065, reco=20.6529, cons=0.1176, delta=0.0689, d_gain=0.1934, d_cost=0.0875, anc_p=0.0001, anc_o=6.0489) | val_auc_unw=0.9244, val_fpr50_unw=0.018600, val_auc_w=nan, val_fpr50_w=nan, val_metric_source=unweighted, select=auc, best_sel=0.925244, unfreeze=all, reco_trainable=7098018, dual_frozen=False, dual_trainable=2812673
StageC-Joint ep 25: train_loss=8.6479 (cls=0.3143, rank=0.3065, reco=20.6626, cons=0.1176, delta=0.0695, d_gain=0.1937, d_cost=0.0877, anc_p=0.0001, anc_o=6.0248) | val_auc_unw=0.9243, val_fpr50_unw=0.018572, val_auc_w=nan, val_fpr50_w=nan, val_metric_source=unweighted, select=auc, best_sel=0.925244, unfreeze=all, reco_trainable=7098018, dual_frozen=False, dual_trainable=2812673
Early stopping StageC-Joint at epoch 25

======================================================================
STEP 5: RECONSTRUCTION DIAGNOSTICS
======================================================================

Jet pT response/resolution by truth pT bin (test split):
  pT_low - pT_high | N | HLT resp | HLT reso | Corrected resp | Corrected reso
  172739.4 - 504068.9 | 18750 | 0.8681 | 0.1516 | 0.7739 | 0.1279
  504068.9 - 773424.6 | 18750 | 0.8445 | 0.1720 | 0.7009 | 0.1313
  773424.6 - 1093714.0 | 18750 | 0.8330 | 0.1869 | 0.6517 | 0.1316
  1093714.0 - 1365805.0 | 18750 | 0.8218 | 0.2022 | 0.6174 | 0.1368
  1365805.0 - 1711763.0 | 18750 | 0.8203 | 0.2056 | 0.5997 | 0.1361
  1711763.0 - 2155283.2 | 18750 | 0.8155 | 0.2123 | 0.5805 | 0.1390
  2155283.2 - 2633962.7 | 18750 | 0.8110 | 0.2225 | 0.5639 | 0.1441
  2633962.7 - 4355157.0 | 18750 | 0.7996 | 0.2295 | 0.5453 | 0.1470

Constituent-count diagnostics:
  Means: offline=54.297, hlt=29.181, reco=51.755
  MAE vs offline: hlt=25.116, reco=5.272

Budget diagnostics (test split):
  MAE: merge=5.213, eff=0.000, total=5.213
  Bias: merge=-2.154, eff=0.000, total=-2.154

======================================================================
FINAL TEST EVALUATION
======================================================================
Teacher (Offline) AUC: 0.9533
Baseline (HLT)   AUC: 0.9214
Stage2 (PreJoint) AUC: 0.9237
Stage2 (BestValFPR50) AUC: 0.9227
Joint Dual-View  AUC: 0.9235
Joint Dual-View (BestValFPR50) AUC: 0.9234

FPR@30 Teacher/Baseline/Stage2/Joint: 0.002131 / 0.005524 / 0.005432 / 0.005341
FPR@30 Stage2BestFPR / JointBestFPR: 0.005383 / 0.005122
FPR@50 Teacher/Baseline/Stage2/Joint: 0.009940 / 0.021587 / 0.019853 / 0.020082
FPR@50 Stage2BestFPR / JointBestFPR: 0.020366 / 0.020279
Oracle intervention diagnostics on A model:
  AUC[C/D/E]: 0.8456 / 0.9043 / 0.8593
  FPR@50[C/D/E]: 0.103913 / 0.033995 / 0.084797
Saving val/test score arrays for fusion analysis...
Saved fusion score arrays to: checkpoints/reco_teacher_joint_fusion_6model_150k75k150k/model2_joint_delta005_fulltrain_prog_unfreeze_oracle_study/model2_joint_delta005_fulltrain_prog_unfreeze_oracle_A_150k75k150k_seed0/fusion_scores_val_test.npz

Saved joint results to: checkpoints/reco_teacher_joint_fusion_6model_150k75k150k/model2_joint_delta005_fulltrain_prog_unfreeze_oracle_study/model2_joint_delta005_fulltrain_prog_unfreeze_oracle_A_150k75k150k_seed0
Done: checkpoints/reco_teacher_joint_fusion_6model_150k75k150k/model2_joint_delta005_fulltrain_prog_unfreeze_oracle_study/model2_joint_delta005_fulltrain_prog_unfreeze_oracle_A_150k75k150k_seed0
