============================================================
Model-2 oracle study A/B/C/D/E (ptclamp baseline, normal clamp)
Variant: D
Run: checkpoints/reco_teacher_joint_fusion_6model_150k75k150k/model2_joint_delta005_fulltrain_prog_unfreeze_oracle_study/model2_joint_delta005_fulltrain_prog_unfreeze_oracle_D_150k75k150k_seed0
============================================================
 python offline_reconstructor_joint_dualview_stage2save_auc_norankc_nopriv_unmergeonly_oracle_study.py --save_dir checkpoints/reco_teacher_joint_fusion_6model_150k75k150k/model2_joint_delta005_fulltrain_prog_unfreeze_oracle_study --run_name model2_joint_delta005_fulltrain_prog_unfreeze_oracle_D_150k75k150k_seed0 --n_train_jets 375000 --n_train_split 150000 --n_val_split 75000 --n_test_split 150000 --offset_jets 0 --max_constits 100 --num_workers 6 --seed 0 --selection_metric auc --stageC_progressive_unfreeze --stageC_unfreeze_phase1_epochs 3 --stageC_unfreeze_phase2_epochs 7 --stageC_unfreeze_last_n_encoder_layers 2 --stageC_lambda_param_anchor 0.02 --stageC_lambda_output_anchor 0.02 --stageC_anchor_decay 0.97 --stageC_lr_dual 1e-5 --stageC_lr_reco 5e-6 --lambda_reco 0.4 --lambda_cons 0.06 --loss_unselected_penalty 0.0 --loss_gen_local_radius 0.0 --stageC_lambda_delta 0.05 --stageC_delta_tau 0.05 --stageC_delta_lambda_fp 3.0 --stageC_delta_warmup_epochs 8 --added_target_scale 0.90 --oracle_study_variant D --oracle_unsmear_keep_thresh 0.03 --oracle_w_action 0.15 --oracle_w_tok 0.20 --oracle_w_split 0.20 --save_fusion_scores --disable_final_kd --device cuda
Device: cuda
Save dir: checkpoints/reco_teacher_joint_fusion_6model_150k75k150k/model2_joint_delta005_fulltrain_prog_unfreeze_oracle_study/model2_joint_delta005_fulltrain_prog_unfreeze_oracle_D_150k75k150k_seed0
Loading offline constituents...
Generating pseudo-HLT...
Oracle-study target setup (unmerge-only): variant=D, added_target_scale=0.900, mean_true_added_raw=25.116, mean_target_added=22.604
Computing features...
Split sizes: Train=150000, Val=75000, Test=150000 (custom_counts=True)
Stage-B train subset: N=150000 / 150000 (frac=1.000, seed=0)

======================================================================
STEP 1: TEACHER + BASELINE
======================================================================
Teacher ep 5: train_auc=0.9439, val_auc=0.9469, val_fpr50=0.012873, best_auc=0.9469, fpr50@best=0.012873
Teacher ep 10: train_auc=0.9509, val_auc=0.9526, val_fpr50=0.010285, best_auc=0.9526, fpr50@best=0.010285
Teacher ep 15: train_auc=0.9549, val_auc=0.9522, val_fpr50=0.011025, best_auc=0.9529, fpr50@best=0.010068
Teacher ep 20: train_auc=0.9577, val_auc=0.9480, val_fpr50=0.013272, best_auc=0.9529, fpr50@best=0.010068
Teacher ep 25: train_auc=0.9610, val_auc=0.9513, val_fpr50=0.010954, best_auc=0.9539, fpr50@best=0.009423
Teacher ep 30: train_auc=0.9652, val_auc=0.9503, val_fpr50=0.011826, best_auc=0.9539, fpr50@best=0.009423
Teacher ep 35: train_auc=0.9696, val_auc=0.9496, val_fpr50=0.011791, best_auc=0.9539, fpr50@best=0.009423
Early stopping Teacher at epoch 37
Baseline ep 5: train_auc=0.9099, val_auc=0.9027, val_fpr50=0.028200, best_auc=0.9096, fpr50@best=0.027649
Baseline ep 10: train_auc=0.9173, val_auc=0.9176, val_fpr50=0.023106, best_auc=0.9185, fpr50@best=0.021131
Baseline ep 15: train_auc=0.9211, val_auc=0.9199, val_fpr50=0.021754, best_auc=0.9207, fpr50@best=0.019859
Baseline ep 20: train_auc=0.9251, val_auc=0.9232, val_fpr50=0.020238, best_auc=0.9232, fpr50@best=0.020238
Baseline ep 25: train_auc=0.9291, val_auc=0.9231, val_fpr50=0.020397, best_auc=0.9232, fpr50@best=0.020238
Baseline ep 30: train_auc=0.9336, val_auc=0.9194, val_fpr50=0.023387, best_auc=0.9235, fpr50@best=0.020215
Baseline ep 35: train_auc=0.9383, val_auc=0.9220, val_fpr50=0.021137, best_auc=0.9235, fpr50@best=0.020215
Baseline ep 40: train_auc=0.9435, val_auc=0.9181, val_fpr50=0.023374, best_auc=0.9235, fpr50@best=0.020215
Early stopping Baseline at epoch 41
StageC weak-delta HLT reference @TPR=0.50: threshold_prob=0.920016, val_auc_hlt=0.9235

======================================================================
STEP 2: STAGE A (RECONSTRUCTOR PRETRAIN)
======================================================================
Ep 5: train_total=3509.0984, val_total_unw=3515.2553, val_total_w=3515.2553, select=unweighted, best_sel=3477.9590 | set_unw=0.4520, phys_unw=0.4989, budget_unw=39.9328, fp_mass_unw=0.0260, w_set=1.000, w_budget=0.650, w_pt=0.700, w_local=0.030, stage_scale=0.35
Ep 10: train_total=3665.4767, val_total_unw=3945.4899, val_total_w=3945.4899, select=unweighted, best_sel=3477.9590 | set_unw=0.4567, phys_unw=0.4834, budget_unw=37.4697, fp_mass_unw=0.0262, w_set=1.000, w_budget=0.650, w_pt=0.700, w_local=0.030, stage_scale=0.35
Ep 15: train_total=3615.4781, val_total_unw=3772.6873, val_total_w=3772.6873, select=unweighted, best_sel=3477.9590 | set_unw=0.4490, phys_unw=0.4776, budget_unw=36.5718, fp_mass_unw=0.0252, w_set=1.000, w_budget=0.650, w_pt=0.700, w_local=0.030, stage_scale=0.35
Ep 20: train_total=3561.8351, val_total_unw=3284.0739, val_total_w=3284.0739, select=unweighted, best_sel=3284.0739 | set_unw=0.4667, phys_unw=0.4923, budget_unw=38.4645, fp_mass_unw=0.0269, w_set=1.000, w_budget=0.650, w_pt=0.700, w_local=0.030, stage_scale=0.35
Stage-A transition -> reloaded best from phase_035 (epoch=20, val_total=3284.0739)
Ep 25: train_total=1999.3652, val_total_unw=1985.0082, val_total_w=1985.0082, select=unweighted, best_sel=1984.4619 | set_unw=0.4151, phys_unw=0.4015, budget_unw=34.7807, fp_mass_unw=0.0254, w_set=1.000, w_budget=0.650, w_pt=0.700, w_local=0.030, stage_scale=0.70
Ep 30: train_total=1998.2433, val_total_unw=1984.3649, val_total_w=1984.3649, select=unweighted, best_sel=1983.9476 | set_unw=0.4289, phys_unw=0.3687, budget_unw=33.8043, fp_mass_unw=0.0258, w_set=1.000, w_budget=0.650, w_pt=0.700, w_local=0.030, stage_scale=0.70
Ep 35: train_total=1997.6094, val_total_unw=1984.6279, val_total_w=1984.6279, select=unweighted, best_sel=1983.9476 | set_unw=0.4191, phys_unw=0.3843, budget_unw=34.2144, fp_mass_unw=0.0254, w_set=1.000, w_budget=0.650, w_pt=0.700, w_local=0.030, stage_scale=0.70
Ep 40: train_total=1997.7106, val_total_unw=1984.0136, val_total_w=1984.0136, select=unweighted, best_sel=1983.9476 | set_unw=0.4188, phys_unw=0.3740, budget_unw=33.2764, fp_mass_unw=0.0257, w_set=1.000, w_budget=0.650, w_pt=0.700, w_local=0.030, stage_scale=0.70
Ep 45: train_total=1997.3470, val_total_unw=1984.0376, val_total_w=1984.0376, select=unweighted, best_sel=1983.9476 | set_unw=0.4179, phys_unw=0.3789, budget_unw=33.2714, fp_mass_unw=0.0249, w_set=1.000, w_budget=0.650, w_pt=0.700, w_local=0.030, stage_scale=0.70
Ep 50: train_total=1996.7552, val_total_unw=1984.1048, val_total_w=1984.1048, select=unweighted, best_sel=1983.6745 | set_unw=0.4164, phys_unw=0.3716, budget_unw=33.3285, fp_mass_unw=0.0246, w_set=1.000, w_budget=0.650, w_pt=0.700, w_local=0.030, stage_scale=0.70
Ep 55: train_total=1996.8008, val_total_unw=1984.2843, val_total_w=1984.2843, select=unweighted, best_sel=1983.6745 | set_unw=0.4161, phys_unw=0.3793, budget_unw=33.6864, fp_mass_unw=0.0243, w_set=1.000, w_budget=0.650, w_pt=0.700, w_local=0.030, stage_scale=0.70
Stage-A transition -> reloaded best from phase_070 (epoch=48, val_total=1983.6745)
Ep 60: train_total=1996.5352, val_total_unw=1984.2494, val_total_w=1984.2494, select=unweighted, best_sel=1983.6745 | set_unw=0.4200, phys_unw=0.3788, budget_unw=33.6021, fp_mass_unw=0.0252, w_set=1.000, w_budget=0.650, w_pt=0.700, w_local=0.030, stage_scale=1.00
Ep 65: train_total=1996.1106, val_total_unw=1983.6996, val_total_w=1983.6996, select=unweighted, best_sel=1983.6745 | set_unw=0.4200, phys_unw=0.3675, budget_unw=32.7629, fp_mass_unw=0.0250, w_set=1.000, w_budget=0.650, w_pt=0.700, w_local=0.030, stage_scale=1.00
Ep 70: train_total=1996.2905, val_total_unw=1983.9087, val_total_w=1983.9087, select=unweighted, best_sel=1983.5471 | set_unw=0.4197, phys_unw=0.3652, budget_unw=33.0893, fp_mass_unw=0.0250, w_set=1.000, w_budget=0.650, w_pt=0.700, w_local=0.030, stage_scale=1.00
Ep 75: train_total=1996.2575, val_total_unw=1983.7359, val_total_w=1983.7359, select=unweighted, best_sel=1983.5471 | set_unw=0.4196, phys_unw=0.3610, budget_unw=32.8240, fp_mass_unw=0.0248, w_set=1.000, w_budget=0.650, w_pt=0.700, w_local=0.030, stage_scale=1.00
Ep 80: train_total=1995.8633, val_total_unw=1983.9844, val_total_w=1983.9844, select=unweighted, best_sel=1983.5471 | set_unw=0.4191, phys_unw=0.3645, budget_unw=33.2044, fp_mass_unw=0.0247, w_set=1.000, w_budget=0.650, w_pt=0.700, w_local=0.030, stage_scale=1.00
Ep 85: train_total=1995.3557, val_total_unw=1983.8109, val_total_w=1983.8109, select=unweighted, best_sel=1983.5471 | set_unw=0.4192, phys_unw=0.3591, budget_unw=32.9394, fp_mass_unw=0.0248, w_set=1.000, w_budget=0.650, w_pt=0.700, w_local=0.030, stage_scale=1.00
Early stopping reconstructor at epoch 86

======================================================================
STEP 3: STAGE B (DUAL PRETRAIN, FROZEN RECONSTRUCTOR)
======================================================================
StageB-DualPretrain ep 5: train_loss=0.3755 (cls=0.3755, rank=0.3044, reco=0.0000, cons=0.1175, delta=0.0000, d_gain=0.0000, d_cost=0.0000, anc_p=0.0000, anc_o=0.0000) | val_auc_unw=0.9142, val_fpr50_unw=0.025262, val_auc_w=nan, val_fpr50_w=nan, val_metric_source=unweighted, select=auc, best_sel=0.914392, unfreeze=frozen, reco_trainable=0, dual_frozen=False, dual_trainable=2812673
StageB-DualPretrain ep 10: train_loss=0.3603 (cls=0.3603, rank=0.3022, reco=0.0000, cons=0.1175, delta=0.0000, d_gain=0.0000, d_cost=0.0000, anc_p=0.0000, anc_o=0.0000) | val_auc_unw=0.9194, val_fpr50_unw=0.020825, val_auc_w=nan, val_fpr50_w=nan, val_metric_source=unweighted, select=auc, best_sel=0.920419, unfreeze=frozen, reco_trainable=0, dual_frozen=False, dual_trainable=2812673
StageB-DualPretrain ep 15: train_loss=0.3506 (cls=0.3506, rank=0.3038, reco=0.0000, cons=0.1175, delta=0.0000, d_gain=0.0000, d_cost=0.0000, anc_p=0.0000, anc_o=0.0000) | val_auc_unw=0.9206, val_fpr50_unw=0.019969, val_auc_w=nan, val_fpr50_w=nan, val_metric_source=unweighted, select=auc, best_sel=0.922445, unfreeze=frozen, reco_trainable=0, dual_frozen=False, dual_trainable=2812673
StageB-DualPretrain ep 20: train_loss=0.3413 (cls=0.3413, rank=0.3025, reco=0.0000, cons=0.1175, delta=0.0000, d_gain=0.0000, d_cost=0.0000, anc_p=0.0000, anc_o=0.0000) | val_auc_unw=0.9212, val_fpr50_unw=0.020130, val_auc_w=nan, val_fpr50_w=nan, val_metric_source=unweighted, select=auc, best_sel=0.925172, unfreeze=frozen, reco_trainable=0, dual_frozen=False, dual_trainable=2812673
StageB-DualPretrain ep 25: train_loss=0.3316 (cls=0.3316, rank=0.3038, reco=0.0000, cons=0.1175, delta=0.0000, d_gain=0.0000, d_cost=0.0000, anc_p=0.0000, anc_o=0.0000) | val_auc_unw=0.9245, val_fpr50_unw=0.019075, val_auc_w=nan, val_fpr50_w=nan, val_metric_source=unweighted, select=auc, best_sel=0.925172, unfreeze=frozen, reco_trainable=0, dual_frozen=False, dual_trainable=2812673
StageB-DualPretrain ep 30: train_loss=0.3205 (cls=0.3205, rank=0.3047, reco=0.0000, cons=0.1175, delta=0.0000, d_gain=0.0000, d_cost=0.0000, anc_p=0.0000, anc_o=0.0000) | val_auc_unw=0.9237, val_fpr50_unw=0.019548, val_auc_w=nan, val_fpr50_w=nan, val_metric_source=unweighted, select=auc, best_sel=0.925172, unfreeze=frozen, reco_trainable=0, dual_frozen=False, dual_trainable=2812673
Early stopping StageB-DualPretrain at epoch 31

======================================================================
STEP 4: STAGE C (JOINT FINETUNE)
======================================================================
StageC-Joint ep 1: train_loss=798.6408 (cls=0.3353, rank=0.3026, reco=1995.3956, cons=0.1178, delta=0.1129, d_gain=0.1916, d_cost=0.1015, anc_p=0.0000, anc_o=6.9764) | val_auc_unw=0.9263, val_fpr50_unw=0.018168, val_auc_w=nan, val_fpr50_w=nan, val_metric_source=unweighted, select=auc, best_sel=0.926304, unfreeze=heads, reco_trainable=764058, dual_frozen=False, dual_trainable=2812673
StageC-Joint ep 2: train_loss=799.2766 (cls=0.3330, rank=0.3019, reco=1996.9915, cons=0.1177, delta=0.1046, d_gain=0.1901, d_cost=0.0982, anc_p=0.0000, anc_o=7.1461) | val_auc_unw=0.9266, val_fpr50_unw=0.017885, val_auc_w=nan, val_fpr50_w=nan, val_metric_source=unweighted, select=auc, best_sel=0.926571, unfreeze=heads, reco_trainable=764058, dual_frozen=False, dual_trainable=2812673
StageC-Joint ep 3: train_loss=799.2053 (cls=0.3322, rank=0.3037, reco=1996.8280, cons=0.1177, delta=0.0999, d_gain=0.1902, d_cost=0.0967, anc_p=0.0000, anc_o=7.0671) | val_auc_unw=0.9265, val_fpr50_unw=0.018170, val_auc_w=nan, val_fpr50_w=nan, val_metric_source=unweighted, select=auc, best_sel=0.926571, unfreeze=heads, reco_trainable=764058, dual_frozen=False, dual_trainable=2812673
StageC-Joint ep 4: train_loss=799.3503 (cls=0.3309, rank=0.3041, reco=1997.2050, cons=0.1176, delta=0.0966, d_gain=0.1903, d_cost=0.0956, anc_p=0.0000, anc_o=7.0055) | val_auc_unw=0.9268, val_fpr50_unw=0.017736, val_auc_w=nan, val_fpr50_w=nan, val_metric_source=unweighted, select=auc, best_sel=0.926827, unfreeze=lastk, reco_trainable=2343578, dual_frozen=False, dual_trainable=2812673
StageC-Joint ep 5: train_loss=798.4172 (cls=0.3305, rank=0.3036, reco=1994.8785, cons=0.1177, delta=0.0940, d_gain=0.1903, d_cost=0.0948, anc_p=0.0000, anc_o=7.0787) | val_auc_unw=0.9268, val_fpr50_unw=0.017755, val_auc_w=nan, val_fpr50_w=nan, val_metric_source=unweighted, select=auc, best_sel=0.926845, unfreeze=lastk, reco_trainable=2343578, dual_frozen=False, dual_trainable=2812673
StageC-Joint ep 6: train_loss=798.2953 (cls=0.3304, rank=0.3039, reco=1994.5857, cons=0.1177, delta=0.0922, d_gain=0.1901, d_cost=0.0941, anc_p=0.0000, anc_o=6.9928) | val_auc_unw=0.9268, val_fpr50_unw=0.017684, val_auc_w=nan, val_fpr50_w=nan, val_metric_source=unweighted, select=auc, best_sel=0.926845, unfreeze=lastk, reco_trainable=2343578, dual_frozen=False, dual_trainable=2812673
StageC-Joint ep 7: train_loss=798.7133 (cls=0.3294, rank=0.3046, reco=1995.6358, cons=0.1176, delta=0.0898, d_gain=0.1901, d_cost=0.0933, anc_p=0.0000, anc_o=7.1216) | val_auc_unw=0.9269, val_fpr50_unw=0.017585, val_auc_w=nan, val_fpr50_w=nan, val_metric_source=unweighted, select=auc, best_sel=0.926876, unfreeze=lastk, reco_trainable=2343578, dual_frozen=False, dual_trainable=2812673
StageC-Joint ep 8: train_loss=799.0548 (cls=0.3294, rank=0.3052, reco=1996.4930, cons=0.1176, delta=0.0887, d_gain=0.1906, d_cost=0.0931, anc_p=0.0000, anc_o=7.2216) | val_auc_unw=0.9268, val_fpr50_unw=0.017668, val_auc_w=nan, val_fpr50_w=nan, val_metric_source=unweighted, select=auc, best_sel=0.926876, unfreeze=all, reco_trainable=7098018, dual_frozen=False, dual_trainable=2812673
StageC-Joint ep 9: train_loss=798.9277 (cls=0.3296, rank=0.3047, reco=1996.1842, cons=0.1177, delta=0.0880, d_gain=0.1899, d_cost=0.0926, anc_p=0.0000, anc_o=7.1999) | val_auc_unw=0.9265, val_fpr50_unw=0.018056, val_auc_w=nan, val_fpr50_w=nan, val_metric_source=unweighted, select=auc, best_sel=0.926876, unfreeze=all, reco_trainable=7098018, dual_frozen=False, dual_trainable=2812673
StageC-Joint ep 10: train_loss=799.0005 (cls=0.3286, rank=0.3053, reco=1996.3786, cons=0.1177, delta=0.0867, d_gain=0.1905, d_cost=0.0924, anc_p=0.0000, anc_o=7.1709) | val_auc_unw=0.9263, val_fpr50_unw=0.017816, val_auc_w=nan, val_fpr50_w=nan, val_metric_source=unweighted, select=auc, best_sel=0.926876, unfreeze=all, reco_trainable=7098018, dual_frozen=False, dual_trainable=2812673
StageC-Joint ep 11: train_loss=797.8896 (cls=0.3293, rank=0.3054, reco=1993.6040, cons=0.1177, delta=0.0864, d_gain=0.1900, d_cost=0.0922, anc_p=0.0000, anc_o=7.2800) | val_auc_unw=0.9267, val_fpr50_unw=0.017732, val_auc_w=nan, val_fpr50_w=nan, val_metric_source=unweighted, select=auc, best_sel=0.926876, unfreeze=all, reco_trainable=7098018, dual_frozen=False, dual_trainable=2812673
StageC-Joint ep 12: train_loss=798.5113 (cls=0.3291, rank=0.3053, reco=1995.1678, cons=0.1176, delta=0.0859, d_gain=0.1901, d_cost=0.0920, anc_p=0.0000, anc_o=7.2451) | val_auc_unw=0.9266, val_fpr50_unw=0.017932, val_auc_w=nan, val_fpr50_w=nan, val_metric_source=unweighted, select=auc, best_sel=0.926876, unfreeze=all, reco_trainable=7098018, dual_frozen=False, dual_trainable=2812673
StageC-Joint ep 13: train_loss=798.8799 (cls=0.3283, rank=0.3054, reco=1996.0943, cons=0.1177, delta=0.0858, d_gain=0.1905, d_cost=0.0921, anc_p=0.0000, anc_o=7.3902) | val_auc_unw=0.9267, val_fpr50_unw=0.017703, val_auc_w=nan, val_fpr50_w=nan, val_metric_source=unweighted, select=auc, best_sel=0.926876, unfreeze=all, reco_trainable=7098018, dual_frozen=False, dual_trainable=2812673
StageC-Joint ep 14: train_loss=799.0501 (cls=0.3283, rank=0.3049, reco=1996.5289, cons=0.1176, delta=0.0856, d_gain=0.1904, d_cost=0.0920, anc_p=0.0000, anc_o=7.3471) | val_auc_unw=0.9267, val_fpr50_unw=0.017824, val_auc_w=nan, val_fpr50_w=nan, val_metric_source=unweighted, select=auc, best_sel=0.926876, unfreeze=all, reco_trainable=7098018, dual_frozen=False, dual_trainable=2812673
StageC-Joint ep 15: train_loss=798.7155 (cls=0.3277, rank=0.3048, reco=1995.7024, cons=0.1176, delta=0.0837, d_gain=0.1904, d_cost=0.0914, anc_p=0.0000, anc_o=7.3213) | val_auc_unw=0.9265, val_fpr50_unw=0.017785, val_auc_w=nan, val_fpr50_w=nan, val_metric_source=unweighted, select=auc, best_sel=0.926876, unfreeze=all, reco_trainable=7098018, dual_frozen=False, dual_trainable=2812673
StageC-Joint ep 16: train_loss=798.6192 (cls=0.3266, rank=0.3052, reco=1995.4713, cons=0.1176, delta=0.0835, d_gain=0.1909, d_cost=0.0915, anc_p=0.0000, anc_o=7.3270) | val_auc_unw=0.9266, val_fpr50_unw=0.017798, val_auc_w=nan, val_fpr50_w=nan, val_metric_source=unweighted, select=auc, best_sel=0.926876, unfreeze=all, reco_trainable=7098018, dual_frozen=False, dual_trainable=2812673
StageC-Joint ep 17: train_loss=799.0144 (cls=0.3269, rank=0.3059, reco=1996.4648, cons=0.1177, delta=0.0835, d_gain=0.1908, d_cost=0.0914, anc_p=0.0000, anc_o=7.3455) | val_auc_unw=0.9265, val_fpr50_unw=0.018059, val_auc_w=nan, val_fpr50_w=nan, val_metric_source=unweighted, select=auc, best_sel=0.926876, unfreeze=all, reco_trainable=7098018, dual_frozen=False, dual_trainable=2812673
StageC-Joint ep 18: train_loss=798.9571 (cls=0.3274, rank=0.3060, reco=1996.3273, cons=0.1177, delta=0.0839, d_gain=0.1911, d_cost=0.0917, anc_p=0.0000, anc_o=7.3454) | val_auc_unw=0.9265, val_fpr50_unw=0.018013, val_auc_w=nan, val_fpr50_w=nan, val_metric_source=unweighted, select=auc, best_sel=0.926876, unfreeze=all, reco_trainable=7098018, dual_frozen=False, dual_trainable=2812673
StageC-Joint ep 19: train_loss=798.8237 (cls=0.3268, rank=0.3044, reco=1996.0012, cons=0.1178, delta=0.0836, d_gain=0.1906, d_cost=0.0914, anc_p=0.0000, anc_o=7.3709) | val_auc_unw=0.9265, val_fpr50_unw=0.017872, val_auc_w=nan, val_fpr50_w=nan, val_metric_source=unweighted, select=auc, best_sel=0.926876, unfreeze=all, reco_trainable=7098018, dual_frozen=False, dual_trainable=2812673
StageC-Joint ep 20: train_loss=798.7575 (cls=0.3273, rank=0.3053, reco=1995.8423, cons=0.1176, delta=0.0829, d_gain=0.1905, d_cost=0.0911, anc_p=0.0000, anc_o=7.3168) | val_auc_unw=0.9265, val_fpr50_unw=0.017640, val_auc_w=nan, val_fpr50_w=nan, val_metric_source=unweighted, select=auc, best_sel=0.926876, unfreeze=all, reco_trainable=7098018, dual_frozen=False, dual_trainable=2812673
StageC-Joint ep 21: train_loss=798.8181 (cls=0.3264, rank=0.3048, reco=1995.9969, cons=0.1176, delta=0.0834, d_gain=0.1909, d_cost=0.0914, anc_p=0.0000, anc_o=7.5130) | val_auc_unw=0.9264, val_fpr50_unw=0.018022, val_auc_w=nan, val_fpr50_w=nan, val_metric_source=unweighted, select=auc, best_sel=0.926876, unfreeze=all, reco_trainable=7098018, dual_frozen=False, dual_trainable=2812673
StageC-Joint ep 22: train_loss=799.0694 (cls=0.3268, rank=0.3051, reco=1996.6306, cons=0.1177, delta=0.0831, d_gain=0.1909, d_cost=0.0913, anc_p=0.0000, anc_o=7.4972) | val_auc_unw=0.9261, val_fpr50_unw=0.018174, val_auc_w=nan, val_fpr50_w=nan, val_metric_source=unweighted, select=auc, best_sel=0.926876, unfreeze=all, reco_trainable=7098018, dual_frozen=False, dual_trainable=2812673
StageC-Joint ep 23: train_loss=799.0425 (cls=0.3263, rank=0.3054, reco=1996.5699, cons=0.1177, delta=0.0828, d_gain=0.1911, d_cost=0.0913, anc_p=0.0000, anc_o=7.5251) | val_auc_unw=0.9264, val_fpr50_unw=0.017983, val_auc_w=nan, val_fpr50_w=nan, val_metric_source=unweighted, select=auc, best_sel=0.926876, unfreeze=all, reco_trainable=7098018, dual_frozen=False, dual_trainable=2812673
StageC-Joint ep 24: train_loss=798.7857 (cls=0.3259, rank=0.3052, reco=1995.9356, cons=0.1176, delta=0.0825, d_gain=0.1909, d_cost=0.0911, anc_p=0.0000, anc_o=7.4889) | val_auc_unw=0.9262, val_fpr50_unw=0.017870, val_auc_w=nan, val_fpr50_w=nan, val_metric_source=unweighted, select=auc, best_sel=0.926876, unfreeze=all, reco_trainable=7098018, dual_frozen=False, dual_trainable=2812673
StageC-Joint ep 25: train_loss=798.8357 (cls=0.3268, rank=0.3059, reco=1996.0626, cons=0.1177, delta=0.0828, d_gain=0.1907, d_cost=0.0912, anc_p=0.0000, anc_o=7.5461) | val_auc_unw=0.9262, val_fpr50_unw=0.018049, val_auc_w=nan, val_fpr50_w=nan, val_metric_source=unweighted, select=auc, best_sel=0.926876, unfreeze=all, reco_trainable=7098018, dual_frozen=False, dual_trainable=2812673
Early stopping StageC-Joint at epoch 25

======================================================================
STEP 5: RECONSTRUCTION DIAGNOSTICS
======================================================================

Jet pT response/resolution by truth pT bin (test split):
  pT_low - pT_high | N | HLT resp | HLT reso | Corrected resp | Corrected reso
  172739.4 - 504068.9 | 18750 | 0.8681 | 0.1516 | 0.7636 | 0.1294
  504068.9 - 773424.6 | 18750 | 0.8445 | 0.1720 | 0.6949 | 0.1320
  773424.6 - 1093714.0 | 18750 | 0.8330 | 0.1869 | 0.6494 | 0.1327
  1093714.0 - 1365805.0 | 18750 | 0.8218 | 0.2022 | 0.6161 | 0.1379
  1365805.0 - 1711763.0 | 18750 | 0.8203 | 0.2056 | 0.5995 | 0.1373
  1711763.0 - 2155283.2 | 18750 | 0.8155 | 0.2123 | 0.5814 | 0.1404
  2155283.2 - 2633962.7 | 18750 | 0.8110 | 0.2225 | 0.5652 | 0.1455
  2633962.7 - 4355157.0 | 18750 | 0.7996 | 0.2295 | 0.5472 | 0.1486

Constituent-count diagnostics:
  Means: offline=54.297, hlt=29.181, reco=52.182
  MAE vs offline: hlt=25.116, reco=5.161

Budget diagnostics (test split):
  MAE: merge=5.131, eff=0.000, total=5.131
  Bias: merge=-1.653, eff=0.000, total=-1.653

======================================================================
FINAL TEST EVALUATION
======================================================================
Teacher (Offline) AUC: 0.9533
Baseline (HLT)   AUC: 0.9214
Stage2 (PreJoint) AUC: 0.9230
Stage2 (BestValFPR50) AUC: 0.9230
Joint Dual-View  AUC: 0.9248
Joint Dual-View (BestValFPR50) AUC: 0.9248

FPR@30 Teacher/Baseline/Stage2/Joint: 0.002131 / 0.005524 / 0.005020 / 0.004862
FPR@30 Stage2BestFPR / JointBestFPR: 0.005020 / 0.004862
FPR@50 Teacher/Baseline/Stage2/Joint: 0.009940 / 0.021587 / 0.019891 / 0.019331
FPR@50 Stage2BestFPR / JointBestFPR: 0.019891 / 0.019331
Saving val/test score arrays for fusion analysis...
Saved fusion score arrays to: checkpoints/reco_teacher_joint_fusion_6model_150k75k150k/model2_joint_delta005_fulltrain_prog_unfreeze_oracle_study/model2_joint_delta005_fulltrain_prog_unfreeze_oracle_D_150k75k150k_seed0/fusion_scores_val_test.npz

Saved joint results to: checkpoints/reco_teacher_joint_fusion_6model_150k75k150k/model2_joint_delta005_fulltrain_prog_unfreeze_oracle_study/model2_joint_delta005_fulltrain_prog_unfreeze_oracle_D_150k75k150k_seed0
Done: checkpoints/reco_teacher_joint_fusion_6model_150k75k150k/model2_joint_delta005_fulltrain_prog_unfreeze_oracle_study/model2_joint_delta005_fulltrain_prog_unfreeze_oracle_D_150k75k150k_seed0
