============================================================
M2 Teacher Signal Probe (Hungarian run, 200k analysis + 200k test)
Run dir:    checkpoints/reco_teacher_joint_fusion_6model_150k75k150k/model2_joint_hungarian_nophys_noratio/model2_joint_hungarian_nophys_noratio_150k75k150k_seed0
Out dir:    checkpoints/reco_teacher_joint_fusion_6model_150k75k150k/model2_joint_hungarian_nophys_noratio/model2_joint_hungarian_nophys_noratio_150k75k150k_seed0/teacher_signal_probe_200k200k
Teacher ckpt: checkpoints/reco_teacher_joint_fusion_6model_150k75k150k/model2_joint_hungarian_nophys_noratio/model2_joint_hungarian_nophys_noratio_150k75k150k_seed0/teacher.pt
Data split: offset=375000, analysis=200000, test=200000
Feature profile: core
Corruptions: pt_noise:0.03,pt_noise:0.06,eta_phi_jitter:0.02,eta_phi_jitter:0.05,dropout:0.05,dropout:0.10,merge:0.10,merge:0.20,global_scale:0.03
============================================================
 python analyze_m2_teacher_signal_probe.py --run_dir checkpoints/reco_teacher_joint_fusion_6model_150k75k150k/model2_joint_hungarian_nophys_noratio/model2_joint_hungarian_nophys_noratio_150k75k150k_seed0 --train_path ./data --router_offset_jets 375000 --router_n_analysis 200000 --router_n_test 200000 --ref_offset_jets 0 --ref_n_jets 375000 --max_constits 100 --seed 0 --hlt_seed 0 --batch_size 512 --device cuda --corrected_weight_floor 1e-4 --corruptions pt_noise:0.03\,pt_noise:0.06\,eta_phi_jitter:0.02\,eta_phi_jitter:0.05\,dropout:0.05\,dropout:0.10\,merge:0.10\,merge:0.20\,global_scale:0.03 --feature_profile core --router_cal_frac 0.2 --cost_alpha_neg 4.0 --cost_tau 0.02 --out_dir checkpoints/reco_teacher_joint_fusion_6model_150k75k150k/model2_joint_hungarian_nophys_noratio/model2_joint_hungarian_nophys_noratio_150k75k150k_seed0/teacher_signal_probe_200k200k --report_json checkpoints/reco_teacher_joint_fusion_6model_150k75k150k/model2_joint_hungarian_nophys_noratio/model2_joint_hungarian_nophys_noratio_150k75k150k_seed0/teacher_signal_probe_200k200k/teacher_signal_probe_report.json
[corruption] kind=pt_noise severity=0.0300
[corruption] kind=pt_noise severity=0.0600
[corruption] kind=eta_phi_jitter severity=0.0200
[corruption] kind=eta_phi_jitter severity=0.0500
[corruption] kind=dropout severity=0.0500
[corruption] kind=dropout severity=0.1000
[corruption] kind=merge severity=0.1000
[corruption] kind=merge severity=0.2000
[corruption] kind=global_scale severity=0.0300
========================================================================
Teacher Signal Probe
========================================================================
Run dir: /home/ryreu/atlas/PracticeTagging/checkpoints/reco_teacher_joint_fusion_6model_150k75k150k/model2_joint_hungarian_nophys_noratio/model2_joint_hungarian_nophys_noratio_150k75k150k_seed0
Out dir: /home/ryreu/atlas/PracticeTagging/checkpoints/reco_teacher_joint_fusion_6model_150k75k150k/model2_joint_hungarian_nophys_noratio/model2_joint_hungarian_nophys_noratio_150k75k150k_seed0/teacher_signal_probe_200k200k
Teacher ckpt: /home/ryreu/atlas/PracticeTagging/checkpoints/reco_teacher_joint_fusion_6model_150k75k150k/model2_joint_hungarian_nophys_noratio/model2_joint_hungarian_nophys_noratio_150k75k150k_seed0/teacher.pt
Feature profile: core
N analysis/test: 200000 / 200000
Teacher signals ranked: 84
Corruptions: 9

Comparators on held-out test:
  hlt      AUC=0.920606 FPR30=0.005557 FPR50=0.022020
  joint    AUC=0.923739 FPR30=0.004869 FPR50=0.019735
  oracle   AUC=0.944016 FPR30=0.002035 FPR50=0.010626

Best single teacher signal hard-route on held-out test:
  teacher_reco_mean_delta_entropy (<= 8.07474e-06) AUC=0.923695 FPR30=0.004889 FPR50=0.019675 route_frac=0.9812

Saved report: /home/ryreu/atlas/PracticeTagging/checkpoints/reco_teacher_joint_fusion_6model_150k75k150k/model2_joint_hungarian_nophys_noratio/model2_joint_hungarian_nophys_noratio_150k75k150k_seed0/teacher_signal_probe_200k200k/teacher_signal_probe_report.json
Saved signal-rank CSV: /home/ryreu/atlas/PracticeTagging/checkpoints/reco_teacher_joint_fusion_6model_150k75k150k/model2_joint_hungarian_nophys_noratio/model2_joint_hungarian_nophys_noratio_150k75k150k_seed0/teacher_signal_probe_200k200k/teacher_signal_rank_fit.csv

Done. Outputs:
  checkpoints/reco_teacher_joint_fusion_6model_150k75k150k/model2_joint_hungarian_nophys_noratio/model2_joint_hungarian_nophys_noratio_150k75k150k_seed0/teacher_signal_probe_200k200k/teacher_signal_probe_report.json
  checkpoints/reco_teacher_joint_fusion_6model_150k75k150k/model2_joint_hungarian_nophys_noratio/model2_joint_hungarian_nophys_noratio_150k75k150k_seed0/teacher_signal_probe_200k200k/teacher_signal_rank_fit.csv
