Wrote extended fusion json: /home/ryreu/atlas/PracticeTagging/checkpoints/reco_teacher_joint_fusion_6model_150k75k150k/model2_joint_delta/model2_joint_delta005_150k75k150k_seed0/fusion_hlt_joint31_all_stackers_rolling55.json
Total models_order: 55
============================================================
55-Model Bin-Gated Fusion (Val-Selected, Precomputed 1M Pool)
Extended fusion json:  checkpoints/reco_teacher_joint_fusion_6model_150k75k150k/model2_joint_delta/model2_joint_delta005_150k75k150k_seed0/fusion_hlt_joint31_all_stackers_rolling55.json
Precomputed npz:       checkpoints/reco_teacher_joint_fusion_6model_150k75k150k/model2_joint_delta/model2_joint_delta005_150k75k150k_seed0/precomputed_devpool_1000000/precomputed_scores_devpool.npz
Precomputed manifest:  checkpoints/reco_teacher_joint_fusion_6model_150k75k150k/model2_joint_delta/model2_joint_delta005_150k75k150k_seed0/precomputed_devpool_1000000/precomputed_scores_manifest.json
TPRs:                  0.50,0.30
Anchor:                joint_delta
Selection:             valsel (router_cal_frac=0.40)
Calibration:           iso
Dev pool size/off:     1000000/0
Global/Bin max_add:    6/3
w_step:                0.01
Bin edges:             0.0,0.8,0.9,1.0 with dist cuts (0.0384,0.06285,0.07386)
Out dir:               checkpoints/reco_teacher_joint_fusion_6model_150k75k150k/model2_joint_delta/model2_joint_delta005_150k75k150k_seed0/bin_gated_fusion_55_valsel_1m
Heartbeat:             every 5 minutes
============================================================
 python -u analyze_hlt_joint55_bin_gated_precomputed.py --precomputed_scores_npz checkpoints/reco_teacher_joint_fusion_6model_150k75k150k/model2_joint_delta/model2_joint_delta005_150k75k150k_seed0/precomputed_devpool_1000000/precomputed_scores_devpool.npz --precomputed_manifest_json checkpoints/reco_teacher_joint_fusion_6model_150k75k150k/model2_joint_delta/model2_joint_delta005_150k75k150k_seed0/precomputed_devpool_1000000/precomputed_scores_manifest.json --fusion_json checkpoints/reco_teacher_joint_fusion_6model_150k75k150k/model2_joint_delta/model2_joint_delta005_150k75k150k_seed0/fusion_hlt_joint31_all_stackers_rolling55.json --target_tprs 0.50\,0.30 --anchor_model joint_delta --selection_mode valsel --router_cal_frac 0.40 --seed 0 --calibration iso --score_band_edges 0.0\,0.8\,0.9\,1.0 --dist_near_cut 0.0384 --dist_mid_low 0.06285 --dist_mid_high 0.07386 --global_max_add 6 --bin_max_add 3 --w_step 0.01 --min_bin_fit 1200 --min_global_improve 1e-6 --min_bin_improve 5e-6 --dev_pool_size 1000000 --dev_pool_offset 0 --out_dir checkpoints/reco_teacher_joint_fusion_6model_150k75k150k/model2_joint_delta/model2_joint_delta005_150k75k150k_seed0/bin_gated_fusion_55_valsel_1m
========================================================================================
55-Model Bin-Gated Fusion (Precomputed Dev Pool)
========================================================================================
Scores npz:       /home/ryreu/atlas/PracticeTagging/checkpoints/reco_teacher_joint_fusion_6model_150k75k150k/model2_joint_delta/model2_joint_delta005_150k75k150k_seed0/precomputed_devpool_1000000/precomputed_scores_devpool.npz
Manifest json:    /home/ryreu/atlas/PracticeTagging/checkpoints/reco_teacher_joint_fusion_6model_150k75k150k/model2_joint_delta/model2_joint_delta005_150k75k150k_seed0/precomputed_devpool_1000000/precomputed_scores_manifest.json
Fusion json(meta):/home/ryreu/atlas/PracticeTagging/checkpoints/reco_teacher_joint_fusion_6model_150k75k150k/model2_joint_delta/model2_joint_delta005_150k75k150k_seed0/fusion_hlt_joint31_all_stackers_rolling55.json
Out dir:          /home/ryreu/atlas/PracticeTagging/checkpoints/reco_teacher_joint_fusion_6model_150k75k150k/model2_joint_delta/model2_joint_delta005_150k75k150k_seed0/bin_gated_fusion_55_valsel_1m
Models used:      55 / 55
Anchor:           joint_delta
TPRs:             0.500,0.300
Selection:        valsel (fit=1000000 ref=1000000)
Calibration:      iso
Dev pool:         offset=0 size=1000000 avail=1000000
Greedy settings:  global_max_add=6 bin_max_add=3 w_step=0.01
Rough eval budget: w_grid=99 global/tpr≈32,076 bin/tpr≈147,015 total≈358,182
========================================================================================

>>> TPR=0.500 | candidates=55 | elapsed=00:00:02
    Building raw fit/ref/test maps...
    Calibrating candidate score streams...
      calibrated  8/55 in 00:00:03
      calibrated 16/55 in 00:00:06
      calibrated 24/55 in 00:00:10
      calibrated 32/55 in 00:00:13
      calibrated 40/55 in 00:00:16
      calibrated 48/55 in 00:00:20
      calibrated 55/55 in 00:00:22
    Stage 1/2: global greedy blend...
[heartbeat] 2026-04-25 16:10:52 elapsed=00:05:00 still running
[heartbeat] 2026-04-25 16:15:52 elapsed=00:10:00 still running
[heartbeat] 2026-04-25 16:20:52 elapsed=00:15:00 still running
[heartbeat] 2026-04-25 16:25:52 elapsed=00:20:00 still running
[heartbeat] 2026-04-25 16:30:52 elapsed=00:25:00 still running
[heartbeat] 2026-04-25 16:35:52 elapsed=00:30:00 still running
[heartbeat] 2026-04-25 16:40:54 elapsed=00:35:02 still running
[heartbeat] 2026-04-25 16:45:54 elapsed=00:40:02 still running
[heartbeat] 2026-04-25 16:50:54 elapsed=00:45:02 still running
[heartbeat] 2026-04-25 16:55:54 elapsed=00:50:02 still running
[heartbeat] 2026-04-25 17:00:54 elapsed=00:55:02 still running
[heartbeat] 2026-04-25 17:05:54 elapsed=01:00:02 still running
[heartbeat] 2026-04-25 17:11:01 elapsed=01:05:09 still running
[heartbeat] 2026-04-25 17:16:12 elapsed=01:10:20 still running
[heartbeat] 2026-04-25 17:21:12 elapsed=01:15:20 still running
[heartbeat] 2026-04-25 17:26:37 elapsed=01:20:45 still running
[heartbeat] 2026-04-25 17:31:37 elapsed=01:25:45 still running
[heartbeat] 2026-04-25 17:36:37 elapsed=01:30:45 still running
[heartbeat] 2026-04-25 17:41:37 elapsed=01:35:45 still running
[heartbeat] 2026-04-25 17:46:37 elapsed=01:40:45 still running
[heartbeat] 2026-04-25 17:51:37 elapsed=01:45:45 still running
[heartbeat] 2026-04-25 17:56:37 elapsed=01:50:45 still running
[heartbeat] 2026-04-25 18:01:37 elapsed=01:55:45 still running
[heartbeat] 2026-04-25 18:06:52 elapsed=02:01:00 still running
[heartbeat] 2026-04-25 18:11:52 elapsed=02:06:00 still running
      done global in 02:05:00
    Stage 2/2: bin-local updates...
[heartbeat] 2026-04-25 18:16:52 elapsed=02:11:00 still running
[heartbeat] 2026-04-25 18:21:52 elapsed=02:16:00 still running
[heartbeat] 2026-04-25 18:26:52 elapsed=02:21:00 still running
[heartbeat] 2026-04-25 18:32:01 elapsed=02:26:09 still running
[heartbeat] 2026-04-25 18:37:01 elapsed=02:31:09 still running
[heartbeat] 2026-04-25 18:42:01 elapsed=02:36:09 still running
[heartbeat] 2026-04-25 18:47:01 elapsed=02:41:09 still running
[heartbeat] 2026-04-25 18:52:01 elapsed=02:46:09 still running
[heartbeat] 2026-04-25 18:57:01 elapsed=02:51:09 still running
[heartbeat] 2026-04-25 19:02:01 elapsed=02:56:09 still running
[heartbeat] 2026-04-25 19:07:01 elapsed=03:01:09 still running
[heartbeat] 2026-04-25 19:12:01 elapsed=03:06:09 still running
[heartbeat] 2026-04-25 19:17:01 elapsed=03:11:09 still running
[heartbeat] 2026-04-25 19:22:01 elapsed=03:16:09 still running
[heartbeat] 2026-04-25 19:27:01 elapsed=03:21:09 still running
[heartbeat] 2026-04-25 19:32:11 elapsed=03:26:19 still running
[heartbeat] 2026-04-25 19:37:11 elapsed=03:31:19 still running
[heartbeat] 2026-04-25 19:42:11 elapsed=03:36:19 still running
[heartbeat] 2026-04-25 19:47:11 elapsed=03:41:19 still running
[heartbeat] 2026-04-25 19:52:11 elapsed=03:46:19 still running
[heartbeat] 2026-04-25 19:57:11 elapsed=03:51:19 still running
[heartbeat] 2026-04-25 20:02:11 elapsed=03:56:19 still running
[heartbeat] 2026-04-25 20:07:12 elapsed=04:01:20 still running
[heartbeat] 2026-04-25 20:12:12 elapsed=04:06:20 still running
[heartbeat] 2026-04-25 20:17:12 elapsed=04:11:20 still running
[heartbeat] 2026-04-25 20:22:20 elapsed=04:16:28 still running
[heartbeat] 2026-04-25 20:27:20 elapsed=04:21:28 still running
[heartbeat] 2026-04-25 20:32:20 elapsed=04:26:28 still running
[heartbeat] 2026-04-25 20:37:20 elapsed=04:31:28 still running
[heartbeat] 2026-04-25 20:42:20 elapsed=04:36:28 still running
[heartbeat] 2026-04-25 20:47:20 elapsed=04:41:28 still running
[heartbeat] 2026-04-25 20:52:21 elapsed=04:46:29 still running
[heartbeat] 2026-04-25 20:57:21 elapsed=04:51:29 still running
[heartbeat] 2026-04-25 21:02:21 elapsed=04:56:29 still running
[heartbeat] 2026-04-25 21:07:21 elapsed=05:01:29 still running
[heartbeat] 2026-04-25 21:12:21 elapsed=05:06:29 still running
[heartbeat] 2026-04-25 21:17:21 elapsed=05:11:29 still running
[heartbeat] 2026-04-25 21:22:21 elapsed=05:16:29 still running
[heartbeat] 2026-04-25 21:27:21 elapsed=05:21:29 still running
[heartbeat] 2026-04-25 21:32:21 elapsed=05:26:29 still running
[heartbeat] 2026-04-25 21:37:21 elapsed=05:31:29 still running
[heartbeat] 2026-04-25 21:42:21 elapsed=05:36:29 still running
[heartbeat] 2026-04-25 21:47:21 elapsed=05:41:29 still running
[heartbeat] 2026-04-25 21:52:21 elapsed=05:46:29 still running
[heartbeat] 2026-04-25 21:57:21 elapsed=05:51:29 still running
[heartbeat] 2026-04-25 22:02:21 elapsed=05:56:29 still running
[heartbeat] 2026-04-25 22:07:21 elapsed=06:01:29 still running
[heartbeat] 2026-04-25 22:12:21 elapsed=06:06:29 still running
[heartbeat] 2026-04-25 22:17:21 elapsed=06:11:29 still running
[heartbeat] 2026-04-25 22:22:21 elapsed=06:16:29 still running
[heartbeat] 2026-04-25 22:27:21 elapsed=06:21:29 still running
[heartbeat] 2026-04-25 22:32:21 elapsed=06:26:29 still running
[heartbeat] 2026-04-25 22:37:21 elapsed=06:31:29 still running
[heartbeat] 2026-04-25 22:42:21 elapsed=06:36:29 still running
[heartbeat] 2026-04-25 22:47:21 elapsed=06:41:29 still running
[heartbeat] 2026-04-25 22:52:21 elapsed=06:46:29 still running
[heartbeat] 2026-04-25 22:57:21 elapsed=06:51:29 still running
[heartbeat] 2026-04-25 23:02:21 elapsed=06:56:29 still running
[heartbeat] 2026-04-25 23:07:21 elapsed=07:01:29 still running
[heartbeat] 2026-04-25 23:12:21 elapsed=07:06:29 still running
[heartbeat] 2026-04-25 23:17:21 elapsed=07:11:29 still running
[heartbeat] 2026-04-25 23:22:21 elapsed=07:16:29 still running
[heartbeat] 2026-04-25 23:27:21 elapsed=07:21:29 still running
[heartbeat] 2026-04-25 23:32:21 elapsed=07:26:29 still running
[heartbeat] 2026-04-25 23:37:21 elapsed=07:31:29 still running
[heartbeat] 2026-04-25 23:42:21 elapsed=07:36:29 still running
[heartbeat] 2026-04-25 23:47:21 elapsed=07:41:29 still running
[heartbeat] 2026-04-25 23:52:21 elapsed=07:46:29 still running
[heartbeat] 2026-04-25 23:57:21 elapsed=07:51:29 still running
[heartbeat] 2026-04-26 00:02:21 elapsed=07:56:29 still running
[heartbeat] 2026-04-26 00:07:21 elapsed=08:01:29 still running
[heartbeat] 2026-04-26 00:12:21 elapsed=08:06:29 still running
[heartbeat] 2026-04-26 00:17:21 elapsed=08:11:29 still running
[heartbeat] 2026-04-26 00:22:21 elapsed=08:16:29 still running
[heartbeat] 2026-04-26 00:27:21 elapsed=08:21:29 still running
[heartbeat] 2026-04-26 00:32:21 elapsed=08:26:29 still running
[heartbeat] 2026-04-26 00:37:21 elapsed=08:31:29 still running
[heartbeat] 2026-04-26 00:42:21 elapsed=08:36:29 still running
[heartbeat] 2026-04-26 00:47:21 elapsed=08:41:29 still running
[heartbeat] 2026-04-26 00:52:21 elapsed=08:46:29 still running
[heartbeat] 2026-04-26 00:57:21 elapsed=08:51:29 still running
[heartbeat] 2026-04-26 01:02:21 elapsed=08:56:29 still running
[heartbeat] 2026-04-26 01:07:21 elapsed=09:01:29 still running
[heartbeat] 2026-04-26 01:12:21 elapsed=09:06:29 still running
[heartbeat] 2026-04-26 01:17:21 elapsed=09:11:29 still running
[heartbeat] 2026-04-26 01:22:21 elapsed=09:16:29 still running
      done bin-local in 07:12:20
    Finished TPR=0.500 in 09:17:46

>>> TPR=0.300 | candidates=55 | elapsed=09:17:48
    Building raw fit/ref/test maps...
    Calibrating candidate score streams...
      calibrated  8/55 in 00:00:02
      calibrated 16/55 in 00:00:05
      calibrated 24/55 in 00:00:08
      calibrated 32/55 in 00:00:11
      calibrated 40/55 in 00:00:14
      calibrated 48/55 in 00:00:17
      calibrated 55/55 in 00:00:20
    Stage 1/2: global greedy blend...
[heartbeat] 2026-04-26 01:27:21 elapsed=09:21:29 still running
[heartbeat] 2026-04-26 01:32:21 elapsed=09:26:29 still running
[heartbeat] 2026-04-26 01:37:21 elapsed=09:31:29 still running
[heartbeat] 2026-04-26 01:42:21 elapsed=09:36:29 still running
[heartbeat] 2026-04-26 01:47:21 elapsed=09:41:29 still running
[heartbeat] 2026-04-26 01:52:21 elapsed=09:46:29 still running
[heartbeat] 2026-04-26 01:57:21 elapsed=09:51:29 still running
[heartbeat] 2026-04-26 02:02:22 elapsed=09:56:30 still running
[heartbeat] 2026-04-26 02:07:22 elapsed=10:01:30 still running
[heartbeat] 2026-04-26 02:12:22 elapsed=10:06:30 still running
[heartbeat] 2026-04-26 02:17:22 elapsed=10:11:30 still running
[heartbeat] 2026-04-26 02:22:22 elapsed=10:16:30 still running
[heartbeat] 2026-04-26 02:27:22 elapsed=10:21:30 still running
[heartbeat] 2026-04-26 02:32:22 elapsed=10:26:30 still running
[heartbeat] 2026-04-26 02:37:22 elapsed=10:31:30 still running
[heartbeat] 2026-04-26 02:42:22 elapsed=10:36:30 still running
[heartbeat] 2026-04-26 02:47:22 elapsed=10:41:30 still running
[heartbeat] 2026-04-26 02:52:22 elapsed=10:46:30 still running
[heartbeat] 2026-04-26 02:57:22 elapsed=10:51:30 still running
[heartbeat] 2026-04-26 03:02:22 elapsed=10:56:30 still running
[heartbeat] 2026-04-26 03:07:22 elapsed=11:01:30 still running
[heartbeat] 2026-04-26 03:12:22 elapsed=11:06:30 still running
[heartbeat] 2026-04-26 03:17:22 elapsed=11:11:30 still running
[heartbeat] 2026-04-26 03:22:22 elapsed=11:16:30 still running
      done global in 01:59:39
    Stage 2/2: bin-local updates...
[heartbeat] 2026-04-26 03:27:22 elapsed=11:21:30 still running
[heartbeat] 2026-04-26 03:32:22 elapsed=11:26:30 still running
[heartbeat] 2026-04-26 03:37:22 elapsed=11:31:30 still running
[heartbeat] 2026-04-26 03:42:22 elapsed=11:36:30 still running
[heartbeat] 2026-04-26 03:47:22 elapsed=11:41:30 still running
[heartbeat] 2026-04-26 03:52:22 elapsed=11:46:30 still running
[heartbeat] 2026-04-26 03:57:22 elapsed=11:51:30 still running
[heartbeat] 2026-04-26 04:02:22 elapsed=11:56:30 still running
[heartbeat] 2026-04-26 04:07:22 elapsed=12:01:30 still running
[heartbeat] 2026-04-26 04:12:22 elapsed=12:06:30 still running
[heartbeat] 2026-04-26 04:17:22 elapsed=12:11:30 still running
[heartbeat] 2026-04-26 04:22:22 elapsed=12:16:30 still running
[heartbeat] 2026-04-26 04:27:22 elapsed=12:21:30 still running
[heartbeat] 2026-04-26 04:32:22 elapsed=12:26:30 still running
[heartbeat] 2026-04-26 04:37:22 elapsed=12:31:30 still running
[heartbeat] 2026-04-26 04:42:23 elapsed=12:36:31 still running
[heartbeat] 2026-04-26 04:47:23 elapsed=12:41:31 still running
[heartbeat] 2026-04-26 04:52:23 elapsed=12:46:31 still running
[heartbeat] 2026-04-26 04:57:23 elapsed=12:51:31 still running
[heartbeat] 2026-04-26 05:02:23 elapsed=12:56:31 still running
[heartbeat] 2026-04-26 05:07:23 elapsed=13:01:31 still running
[heartbeat] 2026-04-26 05:12:23 elapsed=13:06:31 still running
[heartbeat] 2026-04-26 05:17:23 elapsed=13:11:31 still running
[heartbeat] 2026-04-26 05:22:23 elapsed=13:16:31 still running
[heartbeat] 2026-04-26 05:27:23 elapsed=13:21:31 still running
[heartbeat] 2026-04-26 05:32:23 elapsed=13:26:31 still running
[heartbeat] 2026-04-26 05:37:23 elapsed=13:31:31 still running
[heartbeat] 2026-04-26 05:42:23 elapsed=13:36:31 still running
[heartbeat] 2026-04-26 05:47:24 elapsed=13:41:32 still running
[heartbeat] 2026-04-26 05:52:24 elapsed=13:46:32 still running
[heartbeat] 2026-04-26 05:57:24 elapsed=13:51:32 still running
[heartbeat] 2026-04-26 06:02:24 elapsed=13:56:32 still running
      done bin-local in 02:38:53
    Finished TPR=0.300 in 04:38:54

========================================================================================
55-Model Bin-Gated Fusion (Precomputed) complete
========================================================================================
Total elapsed: 13:56:44

TPR=0.500 best methods:
  anchor           AUC_test=0.924567 FPR_test=0.018528 (cal=0.018793)
  global_blend     AUC_test=0.927554 FPR_test=0.019594 (cal=0.017057)
  bin_gated_blend  AUC_test=0.927184 FPR_test=0.019873 (cal=0.016807)
  hlt              AUC_test=0.921389 FPR_test=0.021419 (cal=0.021016)
  [timing] elapsed=09:17:46

TPR=0.300 best methods:
  bin_gated_blend  AUC_test=0.926982 FPR_test=0.004542 (cal=0.003915)
  global_blend     AUC_test=0.927080 FPR_test=0.004582 (cal=0.003929)
  anchor           AUC_test=0.924567 FPR_test=0.004622 (cal=0.004623)
  hlt              AUC_test=0.921389 FPR_test=0.005461 (cal=0.005320)
  [timing] elapsed=04:38:54

Saved report: /home/ryreu/atlas/PracticeTagging/checkpoints/reco_teacher_joint_fusion_6model_150k75k150k/model2_joint_delta/model2_joint_delta005_150k75k150k_seed0/bin_gated_fusion_55_valsel_1m/atlas55_bingated_report.json
Saved summary: /home/ryreu/atlas/PracticeTagging/checkpoints/reco_teacher_joint_fusion_6model_150k75k150k/model2_joint_delta/model2_joint_delta005_150k75k150k_seed0/bin_gated_fusion_55_valsel_1m/atlas55_bingated_summary.csv
Saved updates: /home/ryreu/atlas/PracticeTagging/checkpoints/reco_teacher_joint_fusion_6model_150k75k150k/model2_joint_delta/model2_joint_delta005_150k75k150k_seed0/bin_gated_fusion_55_valsel_1m/atlas55_bingated_update_log.csv
Saved scores: /home/ryreu/atlas/PracticeTagging/checkpoints/reco_teacher_joint_fusion_6model_150k75k150k/model2_joint_delta/model2_joint_delta005_150k75k150k_seed0/bin_gated_fusion_55_valsel_1m/atlas55_bingated_scores.npz
