============================================================
31-Model Bin-Gated Fusion (Val-Selected)
Fusion json: checkpoints/reco_teacher_joint_fusion_6model_150k75k150k/model2_joint_delta/model2_joint_delta005_150k75k150k_seed0/fusion_hlt_joint31_all_stackers.json
TPRs:        0.50,0.30
Anchor:      joint_delta
Selection:   valsel
Calibration: iso
Out dir:     checkpoints/reco_teacher_joint_fusion_6model_150k75k150k/model2_joint_delta/model2_joint_delta005_150k75k150k_seed0/bin_gated_fusion_31_valsel
Cand@0.5:    joint_delta,dual_m15_offdrop_mid,concat_corrected,hlt,dual_m17_antioverlap,dual_m16_topk60,offdrop_high
Cand@0.3:    joint_delta,joint_s01,corrected_s01,offdrop_mid,dual_m12_noscale,dual_m16_topk60,dual_m15_offdrop_high,joint_delta020
============================================================
 python analyze_hlt_joint31_bin_gated_fusion.py --fusion_json checkpoints/reco_teacher_joint_fusion_6model_150k75k150k/model2_joint_delta/model2_joint_delta005_150k75k150k_seed0/fusion_hlt_joint31_all_stackers.json --target_tprs 0.50\,0.30 --anchor_model joint_delta --selection_mode valsel --candidate_models_tpr50 joint_delta\,dual_m15_offdrop_mid\,concat_corrected\,hlt\,dual_m17_antioverlap\,dual_m16_topk60\,offdrop_high --candidate_models_tpr30 joint_delta\,joint_s01\,corrected_s01\,offdrop_mid\,dual_m12_noscale\,dual_m16_topk60\,dual_m15_offdrop_high\,joint_delta020 --router_cal_frac 0.40 --seed 0 --calibration iso --score_band_edges 0.0\,0.8\,0.9\,1.0 --dist_near_cut 0.0384 --dist_mid_low 0.06285 --dist_mid_high 0.07386 --global_max_add 6 --bin_max_add 3 --w_step 0.01 --min_bin_fit 1200 --min_global_improve 1e-6 --min_bin_improve 5e-6 --out_dir checkpoints/reco_teacher_joint_fusion_6model_150k75k150k/model2_joint_delta/model2_joint_delta005_150k75k150k_seed0/bin_gated_fusion_31_valsel
========================================================================
31-Model Bin-Gated Fusion
========================================================================
Fusion json: /home/ryreu/atlas/PracticeTagging/checkpoints/reco_teacher_joint_fusion_6model_150k75k150k/model2_joint_delta/model2_joint_delta005_150k75k150k_seed0/fusion_hlt_joint31_all_stackers.json
Out dir:     /home/ryreu/atlas/PracticeTagging/checkpoints/reco_teacher_joint_fusion_6model_150k75k150k/model2_joint_delta/model2_joint_delta005_150k75k150k_seed0/bin_gated_fusion_31_valsel
Anchor:      joint_delta
TPRs:        0.500,0.300
Selection:   valsel
Calibration: iso
Split fit/ref: 75000 / 75000

TPR=0.500 best methods (by test FPR then AUC):
  teacher          AUC_test=0.953322 FPR_test=0.010336 (cal=0.009431)
  bin_gated_blend  AUC_test=0.927163 FPR_test=0.016916 (cal=0.015372)
  global_blend     AUC_test=0.927164 FPR_test=0.016983 (cal=0.015425)
  anchor           AUC_test=0.924567 FPR_test=0.018382 (cal=0.018222)
  hlt              AUC_test=0.921389 FPR_test=0.020939 (cal=0.020220)

TPR=0.300 best methods (by test FPR then AUC):
  teacher          AUC_test=0.953322 FPR_test=0.002251 (cal=0.002264)
  global_blend     AUC_test=0.927059 FPR_test=0.004316 (cal=0.003090)
  bin_gated_blend  AUC_test=0.927080 FPR_test=0.004329 (cal=0.003064)
  anchor           AUC_test=0.924567 FPR_test=0.004569 (cal=0.004262)
  hlt              AUC_test=0.921389 FPR_test=0.005488 (cal=0.005008)

Saved report: /home/ryreu/atlas/PracticeTagging/checkpoints/reco_teacher_joint_fusion_6model_150k75k150k/model2_joint_delta/model2_joint_delta005_150k75k150k_seed0/bin_gated_fusion_31_valsel/bin_gated_report.json
Saved summary: /home/ryreu/atlas/PracticeTagging/checkpoints/reco_teacher_joint_fusion_6model_150k75k150k/model2_joint_delta/model2_joint_delta005_150k75k150k_seed0/bin_gated_fusion_31_valsel/bin_gated_summary.csv
Saved updates: /home/ryreu/atlas/PracticeTagging/checkpoints/reco_teacher_joint_fusion_6model_150k75k150k/model2_joint_delta/model2_joint_delta005_150k75k150k_seed0/bin_gated_fusion_31_valsel/bin_gated_update_log.csv
Saved scores: /home/ryreu/atlas/PracticeTagging/checkpoints/reco_teacher_joint_fusion_6model_150k75k150k/model2_joint_delta/model2_joint_delta005_150k75k150k_seed0/bin_gated_fusion_31_valsel/bin_gated_scores.npz
