============================================================
Model-12 dual-reco dualview no_scale (weighted)
Run: checkpoints/reco_teacher_joint_fusion_6model_150k75k150k/model12_dualreco_dualview_feat_noscale_weighted_150k150k300k/model12_dualreco_dualview_feat_noscale_weighted_150k150k300k_seed0
Train path: ./data/train_quarter.h5
Split: train=150000, val=150000, test=300000, n_train_jets=600000
============================================================
 python train_m9_dualreco_dualview_offdrop.py --train_path ./data/train_quarter.h5 --use_train_weights --save_dir checkpoints/reco_teacher_joint_fusion_6model_150k75k150k/model12_dualreco_dualview_feat_noscale_weighted_150k150k300k --run_name model12_dualreco_dualview_feat_noscale_weighted_150k150k300k_seed0 --n_train_jets 600000 --n_train_split 150000 --n_val_split 150000 --n_test_split 300000 --offset_jets 0 --max_constits 100 --num_workers 6 --seed 0 --target_mode feature_ablation --target_feature_ablation no_scale --stageA_epochs 90 --stageA_patience 18 --stageA_kd_temp 2.5 --stageA_lambda_kd 1.0 --stageA_lambda_emb 1.2 --stageA_lambda_tok 0.6 --stageA_lambda_phys 0.2 --stageA_lambda_budget_hinge 0.03 --stageA_budget_eps 0.015 --stageA_budget_weight_floor 1e-4 --stageA_target_tpr 0.50 --stageA_lambda_delta 0.00 --stageA_delta_tau 0.05 --stageA_delta_lambda_fp 3.0 --stageA_loss_norm_ema_decay 0.98 --stageA_loss_norm_eps 1e-6 --added_target_scale 0.90 --target_drop_prob_max 0.0 --target_drop_num_banks 1 --target_drop_bank_cycle_epochs 1 --recoB_epochs 90 --recoB_patience 18 --recoB_lr 3e-4 --recoB_weight_decay 1e-4 --recoB_warmup_epochs 5 --recoB_stage1_epochs 20 --recoB_stage2_epochs 55 --recoB_min_full_scale_epochs 5 --recoB_ratio_count_under_lambda 1.0 --recoB_ratio_count_over_lambda 0.15 --recoB_ratio_count_over_margin_base 4.0 --recoB_ratio_count_over_margin_scale 10.0 --recoB_ratio_count_over_ratio_gamma 0.85 --recoB_ratio_count_over_lambda_floor 0.03 --recoB_ratio_count_eps 0.015 --corrected_weight_floor 0.03 --reco_eval_batch_size 256 --select_metric auc --dual_frozen_epochs 45 --dual_frozen_patience 12 --dual_frozen_batch_size 256 --dual_frozen_lr 3e-4 --dual_frozen_weight_decay 1e-4 --dual_frozen_warmup_epochs 5 --dual_frozen_lambda_rank 0.2 --dual_frozen_rank_tau 0.05 --dual_joint_epochs 12 --dual_joint_patience 6 --dual_joint_batch_size 128 --dual_joint_lr_dual 1e-4 --dual_joint_lr_reco_a 2e-6 --dual_joint_lr_reco_b 2e-6 --dual_joint_weight_decay 1e-4 --dual_joint_warmup_epochs 3 --dual_joint_lambda_rank 0.2 --dual_joint_rank_tau 0.05 --dual_joint_lambda_anchor_a 0.02 --dual_joint_lambda_anchor_b 0.02 --report_target_tpr 0.50 --device cuda
Device: cuda
Save dir: checkpoints/reco_teacher_joint_fusion_6model_150k75k150k/model12_dualreco_dualview_feat_noscale_weighted_150k150k300k/model12_dualreco_dualview_feat_noscale_weighted_150k150k300k_seed0
Loading offline constituents...
Info: using 'weights' from data/train_quarter.h5 as training weights.
Generating pseudo-HLT...
Target mode=feature_ablation, mode=no_scale (HLT input remains full).
Non-priv rho split setup: rho=0.900, mean_true_added_raw(target)=25.090, mean_target_merge=22.581, mean_target_eff=2.509
Computing features...
Split sizes: Train=150000, Val=150000, Test=300000 (custom_counts=True)

======================================================================
STEP 1: TEACHER + BASELINE
======================================================================
Baseline ep 5: train_auc=0.8957, val_auc=0.8564, val_fpr50=0.058605, best_auc=0.8760, fpr50@best=0.052599
Baseline ep 10: train_auc=0.9106, val_auc=0.8847, val_fpr50=0.041941, best_auc=0.8916, fpr50@best=0.034053
Baseline ep 15: train_auc=0.9205, val_auc=0.8909, val_fpr50=0.036375, best_auc=0.8961, fpr50@best=0.034640
Baseline ep 20: train_auc=0.9297, val_auc=0.8884, val_fpr50=0.036125, best_auc=0.8961, fpr50@best=0.034640
Baseline ep 25: train_auc=0.9375, val_auc=0.8893, val_fpr50=0.035740, best_auc=0.8961, fpr50@best=0.034640
Early stopping Baseline at epoch 29
StageA delta HLT reference @TPR=0.50: threshold_prob=0.784724, val_tpr=0.499973, val_fpr=0.043389
Teacher ep 5: train_auc=0.8302, val_auc=0.8011, val_fpr50=0.133173, best_auc=0.8011, fpr50@best=0.133173
Teacher ep 10: train_auc=0.8503, val_auc=0.8161, val_fpr50=0.117737, best_auc=0.8180, fpr50@best=0.112594
Teacher ep 15: train_auc=0.8653, val_auc=0.8184, val_fpr50=0.119244, best_auc=0.8184, fpr50@best=0.119244
Teacher ep 20: train_auc=0.8767, val_auc=0.8171, val_fpr50=0.116798, best_auc=0.8197, fpr50@best=0.114785
Teacher ep 25: train_auc=0.8924, val_auc=0.8145, val_fpr50=0.122530, best_auc=0.8197, fpr50@best=0.114785
Teacher ep 30: train_auc=0.9109, val_auc=0.8102, val_fpr50=0.121417, best_auc=0.8197, fpr50@best=0.114785
Early stopping Teacher at epoch 32

======================================================================
STEP 2: TRAIN RECO-A (TEACHER-GUIDED STAGE-A)
======================================================================
----------------------------------------------------------------------
Stage-A curriculum: phase_035 | epochs [1,20] | stage_scale=0.35
----------------------------------------------------------------------
Ep 5 [phase_035]: train_total=3.0297, val_total=4.7147, train_teacher_auc=0.6961, val_teacher_auc=0.5660, val_teacher_fpr50=0.404849, best_global_auc=0.6093 | kd=4.2626, emb=0.0682, tok=3.8657, phys=0.3357, budget_hinge=33972.5332, delta=0.0000, delta_gain=0.0000, delta_cost=0.0000, stage_scale=0.35
