============================================================
Model-22v2 Seq2Seq Next-Token (Full Physics + Geometry)
Run:   checkpoints/reco_teacher_joint_fusion_6model_150k75k150k/model22_joint_seq2seq_nexttoken_v2/model22v2_seq2seq_full_50k20k100k_seed0
Split: train=50000, val=20000, test=100000
Jets:  n_train_jets=170000, offset=0, max_constits=100
============================================================
 python offline_reconstructor_joint_dualview_seq2seq_nexttoken_v2.py --save_dir checkpoints/reco_teacher_joint_fusion_6model_150k75k150k/model22_joint_seq2seq_nexttoken_v2 --run_name model22v2_seq2seq_full_50k20k100k_seed0 --n_train_jets 170000 --n_train_split 50000 --n_val_split 20000 --n_test_split 100000 --offset_jets 0 --max_constits 100 --num_workers 1 --seed 0 --reco_epochs 180 --reco_batch_size 128 --reco_lr 1.8e-4 --reco_patience 35 --reco_min_epochs 60 --reco_huber_delta 0.10 --beam_size 6 --beam_len_sigma 1.20 --beam_temperature 0.85 --use_coord_residual_param --enable_scale_sensitive_weighting --scale_pt_power 0.85 --scale_weight_cap 6.0 --angle_pt_power 1.0 --loss_w_ar 1.0 --loss_w_set 1.0 --loss_w_eos 0.20 --loss_w_count 0.20 --loss_w_ptr_entropy 0.0015 --loss_w_angle 0.18 --loss_w_jetpt 0.30 --loss_w_jete 0.08 --loss_w_4vec 0.10 --physics_warmup_epochs 20 --response_n_bins 20 --response_min_count 200 --save_fusion_scores --device cuda
Device: cuda
Save dir: checkpoints/reco_teacher_joint_fusion_6model_150k75k150k/model22_joint_seq2seq_nexttoken_v2/model22v2_seq2seq_full_50k20k100k_seed0
Loading offline constituents...
Generating pseudo-HLT...
Computing features...
Split sizes: Train=50000, Val=20000, Test=100000

========================================================================
STEP 1: TEACHER (Offline)
========================================================================
Teacher ep 5: train_auc=0.9278, val_auc=0.8964, val_fpr50=0.044963, best_auc=0.9129
Teacher ep 10: train_auc=0.9449, val_auc=0.9417, val_fpr50=0.018129, best_auc=0.9427
Teacher ep 15: train_auc=0.9496, val_auc=0.9446, val_fpr50=0.014445, best_auc=0.9462
Teacher ep 20: train_auc=0.9546, val_auc=0.9457, val_fpr50=0.015392, best_auc=0.9471
Teacher ep 25: train_auc=0.9600, val_auc=0.9456, val_fpr50=0.014956, best_auc=0.9474
Teacher ep 30: train_auc=0.9650, val_auc=0.9416, val_fpr50=0.018254, best_auc=0.9474
Teacher ep 35: train_auc=0.9718, val_auc=0.9395, val_fpr50=0.016467, best_auc=0.9474
Teacher ep 40: train_auc=0.9780, val_auc=0.9337, val_fpr50=0.018665, best_auc=0.9474
Early stopping Teacher at epoch 41

========================================================================
STEP 2: BASELINE (HLT)
========================================================================
HLT ep 5: train_auc=0.8854, val_auc=0.8728, val_fpr50=0.059302, best_auc=0.8728
HLT ep 10: train_auc=0.9082, val_auc=0.9124, val_fpr50=0.026459, best_auc=0.9145
HLT ep 15: train_auc=0.9160, val_auc=0.9104, val_fpr50=0.026110, best_auc=0.9152
HLT ep 20: train_auc=0.9213, val_auc=0.9144, val_fpr50=0.024414, best_auc=0.9152
HLT ep 25: train_auc=0.9276, val_auc=0.9154, val_fpr50=0.022746, best_auc=0.9154
HLT ep 30: train_auc=0.9337, val_auc=0.9088, val_fpr50=0.028368, best_auc=0.9154
HLT ep 35: train_auc=0.9416, val_auc=0.9079, val_fpr50=0.026989, best_auc=0.9154
HLT ep 40: train_auc=0.9502, val_auc=0.9041, val_fpr50=0.031191, best_auc=0.9154
Early stopping HLT at epoch 43

========================================================================
STEP 3: SEQ2SEQ RECONSTRUCTOR (Continuous AR + Beam Length)
========================================================================
Reco ep 001 | phys=0.050 | train total=4.32092 ar=1.05310 set=0.85533 eos=0.06777 cnt=11.96030 ang=0.08204 jpt=0.16206 je=0.16231 j4=0.53068 bset=0.85533 div=0.00000 | val total=3.59277 ar=0.98143 set=0.77356 eos=0.05664 cnt=9.09084 ang=0.07312 jpt=0.17425 je=0.17354 j4=0.74178 bset=0.77356 div=0.00000
Reco ep 002 | phys=0.100 | train total=2.68378 ar=0.80015 set=0.61612 eos=0.04962 cnt=6.24662 ang=0.07894 jpt=0.08287 je=0.08287 j4=0.33978 bset=0.61612 div=0.00000 | val total=2.90264 ar=0.99412 set=0.80124 eos=0.05074 cnt=5.40380 ang=0.07391 jpt=0.17900 je=0.17837 j4=0.76487 bset=0.80124 div=0.00000
Reco ep 004 | phys=0.200 | train total=2.38859 ar=0.71215 set=0.56000 eos=0.04797 cnt=5.46328 ang=0.07850 jpt=0.06853 je=0.06858 j4=0.29111 bset=0.56000 div=0.00000 | val total=2.25726 ar=0.65488 set=0.51241 eos=0.03285 cnt=5.33174 ang=0.07309 jpt=0.08736 je=0.08731 j4=0.35633 bset=0.51241 div=0.00000
Reco ep 006 | phys=0.300 | train total=2.26769 ar=0.65757 set=0.52315 eos=0.04045 cnt=5.29896 ang=0.07791 jpt=0.05910 je=0.05916 j4=0.25784 bset=0.52315 div=0.00000 | val total=2.21295 ar=0.61087 set=0.49503 eos=0.03428 cnt=5.42131 ang=0.07403 jpt=0.05127 je=0.05133 j4=0.18235 bset=0.49503 div=0.00000
Reco ep 008 | phys=0.400 | train total=2.19578 ar=0.63159 set=0.49822 eos=0.03771 cnt=5.15851 ang=0.07689 jpt=0.06323 je=0.06333 j4=0.27754 bset=0.49822 div=0.00000 | val total=2.23843 ar=0.60930 set=0.51814 eos=0.03400 cnt=5.38845 ang=0.07012 jpt=0.05758 je=0.05734 j4=0.29866 bset=0.51814 div=0.00000
Reco ep 010 | phys=0.500 | train total=2.06705 ar=0.58932 set=0.44130 eos=0.03414 cnt=5.00367 ang=0.07469 jpt=0.05110 je=0.05119 j4=0.23651 bset=0.44130 div=0.00000 | val total=2.01888 ar=0.52932 set=0.43083 eos=0.03354 cnt=5.12082 ang=0.07040 jpt=0.04657 je=0.04644 j4=0.23730 bset=0.43083 div=0.00000
Reco ep 012 | phys=0.600 | train total=2.02835 ar=0.57432 set=0.42188 eos=0.03276 cnt=4.96414 ang=0.07343 jpt=0.04779 je=0.04786 j4=0.22166 bset=0.42188 div=0.00000 | val total=2.09374 ar=0.56409 set=0.46373 eos=0.03587 cnt=5.11374 ang=0.06826 jpt=0.05001 je=0.04978 j4=0.27107 bset=0.46373 div=0.00000
Reco ep 014 | phys=0.700 | train total=2.01991 ar=0.56914 set=0.41603 eos=0.03355 cnt=4.95342 ang=0.07325 jpt=0.04555 je=0.04560 j4=0.21906 bset=0.41603 div=0.00000 | val total=2.18540 ar=0.68748 set=0.48021 eos=0.03162 cnt=4.77154 ang=0.06852 jpt=0.07364 je=0.07324 j4=0.39861 bset=0.48021 div=0.00000
Reco ep 016 | phys=0.800 | train total=1.98791 ar=0.55149 set=0.41885 eos=0.03128 cnt=4.84503 ang=0.07236 jpt=0.04520 je=0.04527 j4=0.21826 bset=0.41885 div=0.00000 | val total=2.09162 ar=0.54476 set=0.40574 eos=0.02632 cnt=5.40864 ang=0.06876 jpt=0.05890 je=0.05847 j4=0.31851 bset=0.40574 div=0.00000
Reco ep 018 | phys=0.900 | train total=1.96386 ar=0.53485 set=0.41243 eos=0.03041 cnt=4.81198 ang=0.07150 jpt=0.04577 je=0.04582 j4=0.22381 bset=0.41243 div=0.00000 | val total=1.93437 ar=0.51925 set=0.39320 eos=0.02599 cnt=4.84046 ang=0.06812 jpt=0.04383 je=0.04357 j4=0.24188 bset=0.39320 div=0.00000
Reco ep 020 | phys=1.000 | train total=1.95100 ar=0.52596 set=0.40438 eos=0.03084 cnt=4.81469 ang=0.07132 jpt=0.04347 je=0.04352 j4=0.21514 bset=0.40438 div=0.00000 | val total=2.02431 ar=0.47332 set=0.38591 eos=0.02537 cnt=5.49265 ang=0.06594 jpt=0.05129 je=0.05089 j4=0.29141 bset=0.38591 div=0.00000
Reco ep 022 | phys=1.000 | train total=1.93121 ar=0.51246 set=0.40109 eos=0.03212 cnt=4.80389 ang=0.07076 jpt=0.04126 je=0.04125 j4=0.21314 bset=0.40109 div=0.00000 | val total=1.93219 ar=0.50785 set=0.38327 eos=0.02467 cnt=4.90073 ang=0.06757 jpt=0.04305 je=0.04265 j4=0.26680 bset=0.38327 div=0.00000
Reco ep 024 | phys=1.000 | train total=1.89054 ar=0.48698 set=0.39305 eos=0.02875 cnt=4.78247 ang=0.07013 jpt=0.03692 je=0.03691 j4=0.20839 bset=0.39305 div=0.00000 | val total=2.02747 ar=0.49495 set=0.38665 eos=0.02492 cnt=5.44099 ang=0.06655 jpt=0.03725 je=0.03672 j4=0.25651 bset=0.38665 div=0.00000
Reco ep 026 | phys=1.000 | train total=1.85691 ar=0.46665 set=0.39232 eos=0.02894 cnt=4.73005 ang=0.06961 jpt=0.03311 je=0.03312 j4=0.20211 bset=0.39232 div=0.00000 | val total=2.00707 ar=0.51557 set=0.38601 eos=0.02393 cnt=5.16708 ang=0.06679 jpt=0.05306 je=0.05239 j4=0.34170 bset=0.38601 div=0.00000
Reco ep 028 | phys=1.000 | train total=1.84270 ar=0.45175 set=0.39350 eos=0.02867 cnt=4.73327 ang=0.06916 jpt=0.03119 je=0.03120 j4=0.19927 bset=0.39350 div=0.00000 | val total=1.86601 ar=0.44753 set=0.36234 eos=0.02581 cnt=5.00824 ang=0.06732 jpt=0.03120 je=0.03064 j4=0.24469 bset=0.36234 div=0.00000
Reco ep 030 | phys=1.000 | train total=1.82479 ar=0.43980 set=0.38982 eos=0.02910 cnt=4.72710 ang=0.06852 jpt=0.02936 je=0.02934 j4=0.19585 bset=0.38982 div=0.00000 | val total=1.93887 ar=0.40935 set=0.37491 eos=0.02399 cnt=5.51166 ang=0.06619 jpt=0.02919 je=0.02875 j4=0.23613 bset=0.37491 div=0.00000
Reco ep 032 | phys=1.000 | train total=1.81398 ar=0.43505 set=0.38694 eos=0.02775 cnt=4.71889 ang=0.06864 jpt=0.02719 je=0.02714 j4=0.19142 bset=0.38694 div=0.00000 | val total=1.76390 ar=0.36726 set=0.37439 eos=0.02398 cnt=4.89658 ang=0.06594 jpt=0.02201 je=0.02193 j4=0.16954 bset=0.37439 div=0.00000
Reco ep 034 | phys=1.000 | train total=1.81318 ar=0.43572 set=0.38679 eos=0.02907 cnt=4.71161 ang=0.06893 jpt=0.02664 je=0.02658 j4=0.19196 bset=0.38679 div=0.00000 | val total=1.82256 ar=0.36287 set=0.37892 eos=0.02592 cnt=5.18724 ang=0.06560 jpt=0.01975 je=0.01955 j4=0.17865 bset=0.37892 div=0.00000
Reco ep 036 | phys=1.000 | train total=1.80079 ar=0.43107 set=0.38314 eos=0.02881 cnt=4.69405 ang=0.06977 jpt=0.02588 je=0.02585 j4=0.18865 bset=0.38314 div=0.00000 | val total=2.01953 ar=0.46530 set=0.36191 eos=0.02406 cnt=5.66944 ang=0.07040 jpt=0.03578 je=0.03536 j4=0.26727 bset=0.36191 div=0.00000
Reco ep 038 | phys=1.000 | train total=1.77980 ar=0.41405 set=0.38379 eos=0.02711 cnt=4.67917 ang=0.06880 jpt=0.02369 je=0.02363 j4=0.18544 bset=0.38379 div=0.00000 | val total=1.75461 ar=0.38396 set=0.35879 eos=0.02312 cnt=4.83946 ang=0.06693 jpt=0.02072 je=0.02053 j4=0.18623 bset=0.35879 div=0.00000
Reco ep 040 | phys=1.000 | train total=1.76291 ar=0.40140 set=0.38369 eos=0.02661 cnt=4.66044 ang=0.06801 jpt=0.02345 je=0.02340 j4=0.18427 bset=0.38369 div=0.00000 | val total=1.75858 ar=0.39888 set=0.36390 eos=0.02283 cnt=4.76588 ang=0.06706 jpt=0.02052 je=0.02055 j4=0.17247 bset=0.36390 div=0.00000
Reco ep 042 | phys=1.000 | train total=1.77271 ar=0.40917 set=0.38517 eos=0.02658 cnt=4.66311 ang=0.06840 jpt=0.02333 je=0.02326 j4=0.18415 bset=0.38517 div=0.00000 | val total=1.74612 ar=0.37043 set=0.35408 eos=0.02434 cnt=4.86565 ang=0.06559 jpt=0.02439 je=0.02403 j4=0.21580 bset=0.35408 div=0.00000
Reco ep 044 | phys=1.000 | train total=1.79986 ar=0.41887 set=0.39855 eos=0.03046 cnt=4.67893 ang=0.06885 jpt=0.02334 je=0.02326 j4=0.18525 bset=0.39855 div=0.00000 | val total=1.78697 ar=0.38751 set=0.38883 eos=0.02941 cnt=4.80930 ang=0.06567 jpt=0.02427 je=0.02395 j4=0.21038 bset=0.38883 div=0.00000
Reco ep 046 | phys=1.000 | train total=1.75360 ar=0.39474 set=0.38644 eos=0.02650 cnt=4.63630 ang=0.06752 jpt=0.02268 je=0.02261 j4=0.18238 bset=0.38644 div=0.00000 | val total=1.71764 ar=0.36839 set=0.36535 eos=0.02279 cnt=4.68699 ang=0.06595 jpt=0.02342 je=0.02317 j4=0.20309 bset=0.36535 div=0.00000
Reco ep 048 | phys=1.000 | train total=1.79126 ar=0.42566 set=0.38810 eos=0.02768 cnt=4.66030 ang=0.06957 jpt=0.02260 je=0.02255 j4=0.18079 bset=0.38810 div=0.00000 | val total=1.68758 ar=0.34132 set=0.37595 eos=0.02281 cnt=4.64311 ang=0.06517 jpt=0.02210 je=0.02209 j4=0.16058 bset=0.37595 div=0.00000
Reco ep 050 | phys=1.000 | train total=1.76343 ar=0.40549 set=0.38402 eos=0.02662 cnt=4.64849 ang=0.06882 jpt=0.02123 je=0.02118 j4=0.17710 bset=0.38402 div=0.00000 | val total=1.89072 ar=0.39841 set=0.38546 eos=0.02554 cnt=5.31658 ang=0.06641 jpt=0.02013 je=0.01992 j4=0.18029 bset=0.38546 div=0.00000
Reco ep 052 | phys=1.000 | train total=1.75662 ar=0.38999 set=0.39433 eos=0.02674 cnt=4.64010 ang=0.06746 jpt=0.02112 je=0.02102 j4=0.17949 bset=0.39433 div=0.00000 | val total=1.84739 ar=0.42598 set=0.39882 eos=0.03001 cnt=4.84700 ang=0.06480 jpt=0.02874 je=0.02821 j4=0.23710 bset=0.39882 div=0.00000
Reco ep 054 | phys=1.000 | train total=1.74984 ar=0.38708 set=0.39662 eos=0.02575 cnt=4.61430 ang=0.06779 jpt=0.02017 je=0.02007 j4=0.17467 bset=0.39662 div=0.00000 | val total=1.76414 ar=0.36062 set=0.41224 eos=0.02510 cnt=4.72299 ang=0.06494 jpt=0.02384 je=0.02354 j4=0.19958 bset=0.41224 div=0.00000
Reco ep 056 | phys=1.000 | train total=1.75173 ar=0.38668 set=0.39564 eos=0.02574 cnt=4.62962 ang=0.06764 jpt=0.02043 je=0.02035 j4=0.17625 bset=0.39564 div=0.00000 | val total=1.69893 ar=0.33710 set=0.39164 eos=0.02184 cnt=4.63354 ang=0.06446 jpt=0.02065 je=0.02057 j4=0.18677 bset=0.39164 div=0.00000
Reco ep 058 | phys=1.000 | train total=1.75265 ar=0.38659 set=0.40231 eos=0.02604 cnt=4.60285 ang=0.06736 jpt=0.01998 je=0.01992 j4=0.17414 bset=0.40231 div=0.00000 | val total=1.82309 ar=0.38034 set=0.39575 eos=0.02600 cnt=4.97103 ang=0.06458 jpt=0.02989 je=0.02958 j4=0.23728 bset=0.39575 div=0.00000
Reco ep 060 | phys=1.000 | train total=1.78912 ar=0.42424 set=0.39329 eos=0.02765 cnt=4.63058 ang=0.06981 jpt=0.02261 je=0.02256 j4=0.18176 bset=0.39329 div=0.00000 | val total=1.78043 ar=0.35711 set=0.37465 eos=0.02463 cnt=5.01728 ang=0.06566 jpt=0.02114 je=0.02094 j4=0.19644 bset=0.37465 div=0.00000
Reco ep 062 | phys=1.000 | train total=1.74047 ar=0.37336 set=0.40389 eos=0.02693 cnt=4.60087 ang=0.06711 jpt=0.01943 je=0.01934 j4=0.17370 bset=0.40389 div=0.00000 | val total=1.73554 ar=0.32366 set=0.39474 eos=0.02269 cnt=4.88001 ang=0.06361 jpt=0.01759 je=0.01742 j4=0.17405 bset=0.39474 div=0.00000
Reco ep 064 | phys=1.000 | train total=1.71243 ar=0.36623 set=0.39301 eos=0.02580 cnt=4.55156 ang=0.06662 jpt=0.01957 je=0.01949 j4=0.17449 bset=0.39301 div=0.00000 | val total=1.66268 ar=0.31436 set=0.37440 eos=0.02095 cnt=4.66649 ang=0.06427 jpt=0.01836 je=0.01823 j4=0.16979 bset=0.37440 div=0.00000
Reco ep 066 | phys=1.000 | train total=1.69686 ar=0.36265 set=0.38362 eos=0.02425 cnt=4.54378 ang=0.06682 jpt=0.01878 je=0.01871 j4=0.16978 bset=0.38362 div=0.00000 | val total=1.78384 ar=0.34699 set=0.36199 eos=0.02371 cnt=5.14475 ang=0.06498 jpt=0.02169 je=0.02151 j4=0.20408 bset=0.36199 div=0.00000
Reco ep 068 | phys=1.000 | train total=1.71720 ar=0.37977 set=0.38060 eos=0.02578 cnt=4.56862 ang=0.06775 jpt=0.01984 je=0.01977 j4=0.17457 bset=0.38060 div=0.00000 | val total=1.80075 ar=0.33209 set=0.37512 eos=0.02131 cnt=5.25302 ang=0.06397 jpt=0.01953 je=0.01928 j4=0.18772 bset=0.37512 div=0.00000
Reco ep 070 | phys=1.000 | train total=1.71226 ar=0.37186 set=0.38690 eos=0.02511 cnt=4.55262 ang=0.06715 jpt=0.01982 je=0.01975 j4=0.17559 bset=0.38690 div=0.00000 | val total=1.66998 ar=0.31773 set=0.36342 eos=0.02192 cnt=4.73483 ang=0.06488 jpt=0.01923 je=0.01897 j4=0.17677 bset=0.36342 div=0.00000
Reco ep 072 | phys=1.000 | train total=1.71127 ar=0.36740 set=0.38292 eos=0.02459 cnt=4.59332 ang=0.06714 jpt=0.01903 je=0.01896 j4=0.17267 bset=0.38292 div=0.00000 | val total=1.74500 ar=0.34465 set=0.37491 eos=0.02097 cnt=4.91036 ang=0.06582 jpt=0.02235 je=0.02227 j4=0.18154 bset=0.37491 div=0.00000
Reco ep 074 | phys=1.000 | train total=1.73884 ar=0.38015 set=0.39511 eos=0.02569 cnt=4.60115 ang=0.06784 jpt=0.02035 je=0.02027 j4=0.17540 bset=0.39511 div=0.00000 | val total=1.67612 ar=0.30388 set=0.38504 eos=0.02125 cnt=4.73750 ang=0.06387 jpt=0.01677 je=0.01664 j4=0.16683 bset=0.38504 div=0.00000
Reco ep 076 | phys=1.000 | train total=1.71322 ar=0.37081 set=0.38919 eos=0.02477 cnt=4.54810 ang=0.06698 jpt=0.02130 je=0.02126 j4=0.17705 bset=0.38919 div=0.00000 | val total=1.71725 ar=0.34083 set=0.36191 eos=0.02277 cnt=4.84389 ang=0.06531 jpt=0.02258 je=0.02230 j4=0.19986 bset=0.36191 div=0.00000
Reco ep 078 | phys=1.000 | train total=1.69935 ar=0.37324 set=0.38081 eos=0.02315 cnt=4.51196 ang=0.06741 jpt=0.02100 je=0.02094 j4=0.17369 bset=0.38081 div=0.00000 | val total=1.68685 ar=0.35079 set=0.36197 eos=0.02156 cnt=4.68141 ang=0.06565 jpt=0.01660 je=0.01658 j4=0.14620 bset=0.36197 div=0.00000
Reco ep 080 | phys=1.000 | train total=1.68579 ar=0.36189 set=0.37401 eos=0.02354 cnt=4.54130 ang=0.06725 jpt=0.01844 je=0.01835 j4=0.17064 bset=0.37401 div=0.00000 | val total=1.75162 ar=0.32440 set=0.37359 eos=0.02074 cnt=5.08437 ang=0.06444 jpt=0.01471 je=0.01468 j4=0.14534 bset=0.37359 div=0.00000
Reco ep 082 | phys=1.000 | train total=1.70045 ar=0.38275 set=0.37454 eos=0.02414 cnt=4.50195 ang=0.06839 jpt=0.01972 je=0.01962 j4=0.17450 bset=0.37454 div=0.00000 | val total=1.68898 ar=0.33638 set=0.35778 eos=0.02101 cnt=4.76636 ang=0.06607 jpt=0.01918 je=0.01909 j4=0.17369 bset=0.35778 div=0.00000
Reco ep 084 | phys=1.000 | train total=1.70340 ar=0.36976 set=0.38428 eos=0.02350 cnt=4.53523 ang=0.06866 jpt=0.01927 je=0.01919 j4=0.17194 bset=0.38428 div=0.00000 | val total=1.69662 ar=0.32782 set=0.36429 eos=0.02104 cnt=4.80244 ang=0.06487 jpt=0.02128 je=0.02111 j4=0.19188 bset=0.36429 div=0.00000
Reco ep 086 | phys=1.000 | train total=1.67264 ar=0.34562 set=0.38918 eos=0.02317 cnt=4.48365 ang=0.06628 jpt=0.01808 je=0.01800 j4=0.16815 bset=0.38918 div=0.00000 | val total=1.75751 ar=0.29777 set=0.39720 eos=0.02018 cnt=5.13201 ang=0.06345 jpt=0.01388 je=0.01383 j4=0.14423 bset=0.39720 div=0.00000
Reco ep 088 | phys=1.000 | train total=1.70154 ar=0.37217 set=0.39298 eos=0.02247 cnt=4.47689 ang=0.06737 jpt=0.01969 je=0.01970 j4=0.16063 bset=0.39298 div=0.00000 | val total=1.72396 ar=0.37318 set=0.35813 eos=0.01911 cnt=4.73424 ang=0.06668 jpt=0.02319 je=0.02289 j4=0.20473 bset=0.35813 div=0.00000
Reco ep 090 | phys=1.000 | train total=1.69069 ar=0.35727 set=0.38566 eos=0.02324 cnt=4.53050 ang=0.06778 jpt=0.01934 je=0.01929 j4=0.16686 bset=0.38566 div=0.00000 | val total=1.79818 ar=0.38483 set=0.38510 eos=0.02222 cnt=4.93608 ang=0.06777 jpt=0.01847 je=0.01841 j4=0.16621 bset=0.38510 div=0.00000
Reco ep 092 | phys=1.000 | train total=1.68072 ar=0.37445 set=0.37160 eos=0.02304 cnt=4.46667 ang=0.06922 jpt=0.01941 je=0.01939 j4=0.16222 bset=0.37160 div=0.00000 | val total=1.70576 ar=0.31233 set=0.36049 eos=0.01930 cnt=4.96332 ang=0.06544 jpt=0.01802 je=0.01785 j4=0.17021 bset=0.36049 div=0.00000
Reco ep 094 | phys=1.000 | train total=1.67681 ar=0.36012 set=0.37692 eos=0.02336 cnt=4.49207 ang=0.06812 jpt=0.01875 je=0.01866 j4=0.16662 bset=0.37692 div=0.00000 | val total=1.75908 ar=0.31891 set=0.37777 eos=0.02249 cnt=5.11908 ang=0.06622 jpt=0.01721 je=0.01726 j4=0.14858 bset=0.37777 div=0.00000
Reco ep 096 | phys=1.000 | train total=1.70939 ar=0.37923 set=0.39072 eos=0.02555 cnt=4.48068 ang=0.06788 jpt=0.01996 je=0.01988 j4=0.17722 bset=0.39072 div=0.00000 | val total=1.68080 ar=0.31579 set=0.39172 eos=0.02109 cnt=4.68367 ang=0.06403 jpt=0.01451 je=0.01448 j4=0.14528 bset=0.39172 div=0.00000
Reco ep 098 | phys=1.000 | train total=1.66720 ar=0.34606 set=0.38749 eos=0.02306 cnt=4.46300 ang=0.06708 jpt=0.01810 je=0.01800 j4=0.16769 bset=0.38749 div=0.00000 | val total=1.69940 ar=0.32651 set=0.36402 eos=0.01923 cnt=4.85493 ang=0.06701 jpt=0.01596 je=0.01597 j4=0.15221 bset=0.36402 div=0.00000
Early stopping reconstructor at epoch 99
Best reconstructor val metrics:
  val_total: 1.662677
  val_ar: 0.314360
  val_set: 0.374404
  val_eos: 0.020948
  val_count: 4.666491
  val_angle: 0.064274
  val_jetpt: 0.018358
  val_jete: 0.018229
  val_fourvec: 0.169788
Building reconstructed dataset...

========================================================================
STEP 5: TAGGERS ON RECONSTRUCTED VIEW
========================================================================
RecoOnly ep 5: train_auc=0.8635, val_auc=0.8625, val_fpr50=0.061777, best_auc=0.8653
RecoOnly ep 10: train_auc=0.8807, val_auc=0.8825, val_fpr50=0.045330, best_auc=0.8825
RecoOnly ep 15: train_auc=0.8898, val_auc=0.8769, val_fpr50=0.049245, best_auc=0.8855
RecoOnly ep 20: train_auc=0.8953, val_auc=0.8854, val_fpr50=0.043556, best_auc=0.8878
RecoOnly ep 25: train_auc=0.9019, val_auc=0.8883, val_fpr50=0.042244, best_auc=0.8894
RecoOnly ep 30: train_auc=0.9094, val_auc=0.8831, val_fpr50=0.043641, best_auc=0.8894
RecoOnly ep 35: train_auc=0.9202, val_auc=0.8769, val_fpr50=0.052319, best_auc=0.8894
RecoOnly ep 40: train_auc=0.9289, val_auc=0.8716, val_fpr50=0.058130, best_auc=0.8894
Early stopping RecoOnly at epoch 41
DualView ep 5: train_auc=0.8876, val_auc=0.8982, val_fpr50=0.039372, best_auc=0.8982
DualView ep 10: train_auc=0.9085, val_auc=0.9079, val_fpr50=0.027309, best_auc=0.9141
DualView ep 15: train_auc=0.9148, val_auc=0.9100, val_fpr50=0.025999, best_auc=0.9160
DualView ep 20: train_auc=0.9217, val_auc=0.9092, val_fpr50=0.028037, best_auc=0.9160
DualView ep 25: train_auc=0.9261, val_auc=0.9138, val_fpr50=0.026839, best_auc=0.9165
DualView ep 30: train_auc=0.9338, val_auc=0.9064, val_fpr50=0.031786, best_auc=0.9165
DualView ep 35: train_auc=0.9400, val_auc=0.9092, val_fpr50=0.028406, best_auc=0.9165
DualView ep 40: train_auc=0.9500, val_auc=0.9005, val_fpr50=0.029999, best_auc=0.9165
Early stopping DualView at epoch 40
DualView+Conf ep 5: train_auc=0.8927, val_auc=0.8932, val_fpr50=0.046693, best_auc=0.8932
DualView+Conf ep 10: train_auc=0.9098, val_auc=0.9162, val_fpr50=0.024101, best_auc=0.9162
DualView+Conf ep 15: train_auc=0.9167, val_auc=0.9143, val_fpr50=0.025930, best_auc=0.9162
DualView+Conf ep 20: train_auc=0.9213, val_auc=0.9160, val_fpr50=0.023830, best_auc=0.9170
DualView+Conf ep 25: train_auc=0.9265, val_auc=0.9119, val_fpr50=0.027763, best_auc=0.9174
DualView+Conf ep 30: train_auc=0.9317, val_auc=0.9120, val_fpr50=0.028071, best_auc=0.9174
DualView+Conf ep 35: train_auc=0.9392, val_auc=0.9128, val_fpr50=0.026555, best_auc=0.9174
DualView+Conf ep 40: train_auc=0.9460, val_auc=0.9052, val_fpr50=0.031171, best_auc=0.9174
Early stopping DualView+Conf at epoch 42

========================================================================
FINAL TEST EVALUATION
========================================================================
Teacher (Offline) AUC: 0.947009
Baseline (HLT)   AUC: 0.912979
RecoOnly         AUC: 0.885593
DualView         AUC: 0.913142
DualView+Conf    AUC: 0.913692

FPR@30
  Teacher/HLT/RecoOnly/Dual/Dual+Conf: 0.003620 / 0.007421 / 0.013420 / 0.006628 / 0.006523
FPR@50
  Teacher/HLT/RecoOnly/Dual/Dual+Conf: 0.014303 / 0.025849 / 0.041884 / 0.026603 / 0.025854

Jet pT response (test, vs offline truth):
  HLT  mean/std: 0.828682 / 0.198368 | Reco mean/std: 1.143485 / 0.314137
Saved fusion score arrays to: checkpoints/reco_teacher_joint_fusion_6model_150k75k150k/model22_joint_seq2seq_nexttoken_v2/model22v2_seq2seq_full_50k20k100k_seed0/fusion_scores_val_test.npz

Saved results to: checkpoints/reco_teacher_joint_fusion_6model_150k75k150k/model22_joint_seq2seq_nexttoken_v2/model22v2_seq2seq_full_50k20k100k_seed0
Done: checkpoints/reco_teacher_joint_fusion_6model_150k75k150k/model22_joint_seq2seq_nexttoken_v2/model22v2_seq2seq_full_50k20k100k_seed0
