============================================================
Model-22v2 Seq2Seq Next-Token (Physics-Global Focus)
Run:   checkpoints/reco_teacher_joint_fusion_6model_150k75k150k/model22_joint_seq2seq_nexttoken_v2/model22v2_seq2seq_phys_50k20k100k_seed0
Split: train=50000, val=20000, test=100000
Jets:  n_train_jets=170000, offset=0, max_constits=100
============================================================
 python offline_reconstructor_joint_dualview_seq2seq_nexttoken_v2.py --save_dir checkpoints/reco_teacher_joint_fusion_6model_150k75k150k/model22_joint_seq2seq_nexttoken_v2 --run_name model22v2_seq2seq_phys_50k20k100k_seed0 --n_train_jets 170000 --n_train_split 50000 --n_val_split 20000 --n_test_split 100000 --offset_jets 0 --max_constits 100 --num_workers 1 --seed 0 --reco_epochs 180 --reco_batch_size 128 --reco_lr 1.8e-4 --reco_patience 35 --reco_min_epochs 60 --reco_huber_delta 0.10 --beam_size 6 --beam_len_sigma 1.20 --beam_temperature 0.85 --loss_w_ar 1.0 --loss_w_set 1.0 --loss_w_eos 0.20 --loss_w_count 0.20 --loss_w_ptr_entropy 0.0015 --loss_w_angle 0.00 --loss_w_jetpt 0.45 --loss_w_jete 0.12 --loss_w_4vec 0.18 --physics_warmup_epochs 24 --response_n_bins 20 --response_min_count 200 --save_fusion_scores --device cuda
Device: cuda
Save dir: checkpoints/reco_teacher_joint_fusion_6model_150k75k150k/model22_joint_seq2seq_nexttoken_v2/model22v2_seq2seq_phys_50k20k100k_seed0
Loading offline constituents...
Generating pseudo-HLT...
Computing features...
Split sizes: Train=50000, Val=20000, Test=100000

========================================================================
STEP 1: TEACHER (Offline)
========================================================================
Teacher ep 5: train_auc=0.9278, val_auc=0.8964, val_fpr50=0.044963, best_auc=0.9129
Teacher ep 10: train_auc=0.9449, val_auc=0.9417, val_fpr50=0.018129, best_auc=0.9427
Teacher ep 15: train_auc=0.9496, val_auc=0.9446, val_fpr50=0.014445, best_auc=0.9462
Teacher ep 20: train_auc=0.9546, val_auc=0.9457, val_fpr50=0.015392, best_auc=0.9471
Teacher ep 25: train_auc=0.9600, val_auc=0.9456, val_fpr50=0.014956, best_auc=0.9474
Teacher ep 30: train_auc=0.9650, val_auc=0.9416, val_fpr50=0.018254, best_auc=0.9474
Teacher ep 35: train_auc=0.9718, val_auc=0.9395, val_fpr50=0.016467, best_auc=0.9474
Teacher ep 40: train_auc=0.9780, val_auc=0.9337, val_fpr50=0.018665, best_auc=0.9474
Early stopping Teacher at epoch 41

========================================================================
STEP 2: BASELINE (HLT)
========================================================================
HLT ep 5: train_auc=0.8854, val_auc=0.8728, val_fpr50=0.059302, best_auc=0.8728
HLT ep 10: train_auc=0.9082, val_auc=0.9124, val_fpr50=0.026459, best_auc=0.9145
HLT ep 15: train_auc=0.9160, val_auc=0.9104, val_fpr50=0.026110, best_auc=0.9152
HLT ep 20: train_auc=0.9213, val_auc=0.9144, val_fpr50=0.024414, best_auc=0.9152
HLT ep 25: train_auc=0.9276, val_auc=0.9154, val_fpr50=0.022746, best_auc=0.9154
HLT ep 30: train_auc=0.9337, val_auc=0.9088, val_fpr50=0.028368, best_auc=0.9154
HLT ep 35: train_auc=0.9416, val_auc=0.9079, val_fpr50=0.026989, best_auc=0.9154
HLT ep 40: train_auc=0.9502, val_auc=0.9041, val_fpr50=0.031191, best_auc=0.9154
Early stopping HLT at epoch 43

========================================================================
STEP 3: SEQ2SEQ RECONSTRUCTOR (Continuous AR + Beam Length)
========================================================================
Reco ep 001 | phys=0.042 | train total=4.43548 ar=1.26050 set=0.84057 eos=0.11734 cnt=11.51379 ang=0.07860 jpt=0.18678 je=0.18727 j4=0.45100 bset=0.84057 div=0.00000 | val total=2.92711 ar=0.75961 set=0.63689 eos=0.04262 cnt=7.58448 ang=0.07143 jpt=0.10582 je=0.10608 j4=0.26710 bset=0.63689 div=0.00000
Reco ep 002 | phys=0.083 | train total=2.73546 ar=0.87292 set=0.59627 eos=0.03901 cnt=6.25261 ang=0.07388 jpt=0.07203 je=0.07221 j4=0.26937 bset=0.59627 div=0.00000 | val total=2.83902 ar=0.89208 set=0.64511 eos=0.04220 cnt=6.39806 ang=0.06482 jpt=0.10652 je=0.10608 j4=0.51388 bset=0.64511 div=0.00000
Reco ep 004 | phys=0.167 | train total=2.26842 ar=0.68142 set=0.50853 eos=0.03340 cnt=5.29550 ang=0.06802 jpt=0.05279 je=0.05290 j4=0.22422 bset=0.50853 div=0.00000 | val total=2.08476 ar=0.57201 set=0.49745 eos=0.02826 cnt=4.98353 ang=0.06312 jpt=0.04919 je=0.04905 j4=0.23416 bset=0.49745 div=0.00000
Reco ep 006 | phys=0.250 | train total=2.14465 ar=0.61311 set=0.48257 eos=0.03056 cnt=5.12933 ang=0.06663 jpt=0.04780 je=0.04791 j4=0.20194 bset=0.48257 div=0.00000 | val total=2.19845 ar=0.66367 set=0.47467 eos=0.02393 cnt=5.17318 ang=0.06267 jpt=0.05075 je=0.05053 j4=0.27082 bset=0.47467 div=0.00000
Reco ep 008 | phys=0.333 | train total=1.99800 ar=0.55105 set=0.43170 eos=0.02740 cnt=4.94171 ang=0.06562 jpt=0.04483 je=0.04494 j4=0.19547 bset=0.43170 div=0.00000 | val total=2.88089 ar=1.13572 set=0.58678 eos=0.04347 cnt=5.56621 ang=0.06253 jpt=0.06756 je=0.06733 j4=0.36934 bset=0.58678 div=0.00000
Reco ep 010 | phys=0.417 | train total=1.95197 ar=0.50969 set=0.41947 eos=0.02622 cnt=4.96030 ang=0.06562 jpt=0.04227 je=0.04239 j4=0.19087 bset=0.41947 div=0.00000 | val total=2.62813 ar=1.04552 set=0.52267 eos=0.03117 cnt=5.10455 ang=0.06314 jpt=0.04689 je=0.04664 j4=0.27121 bset=0.52267 div=0.00000
Reco ep 012 | phys=0.500 | train total=1.93551 ar=0.49672 set=0.40898 eos=0.02727 cnt=4.97418 ang=0.06547 jpt=0.04098 je=0.04112 j4=0.18557 bset=0.40898 div=0.00000 | val total=2.51789 ar=1.00269 set=0.45321 eos=0.02667 cnt=5.04186 ang=0.06275 jpt=0.05713 je=0.05682 j4=0.34125 bset=0.45321 div=0.00000
Reco ep 014 | phys=0.583 | train total=1.87424 ar=0.45771 set=0.40234 eos=0.02316 cnt=4.88694 ang=0.06517 jpt=0.03753 je=0.03769 j4=0.17676 bset=0.40234 div=0.00000 | val total=2.18873 ar=0.69737 set=0.39902 eos=0.02968 cnt=5.23763 ang=0.06269 jpt=0.04048 je=0.04025 j4=0.23055 bset=0.39902 div=0.00000
Reco ep 016 | phys=0.667 | train total=1.86582 ar=0.46008 set=0.39926 eos=0.02427 cnt=4.82727 ang=0.06521 jpt=0.03685 je=0.03699 j4=0.17555 bset=0.39926 div=0.00000 | val total=2.31845 ar=0.78428 set=0.40602 eos=0.02228 cnt=5.33279 ang=0.06313 jpt=0.05089 je=0.05058 j4=0.30473 bset=0.40602 div=0.00000
Reco ep 018 | phys=0.750 | train total=1.87229 ar=0.45915 set=0.39495 eos=0.02335 cnt=4.86349 ang=0.06522 jpt=0.03680 je=0.03695 j4=0.17800 bset=0.39495 div=0.00000 | val total=1.97790 ar=0.53597 set=0.38279 eos=0.02222 cnt=5.04543 ang=0.06248 jpt=0.03668 je=0.03652 j4=0.21319 bset=0.38279 div=0.00000
Reco ep 020 | phys=0.833 | train total=1.83652 ar=0.42604 set=0.39197 eos=0.02319 cnt=4.85624 ang=0.06530 jpt=0.03376 je=0.03397 j4=0.17012 bset=0.39197 div=0.00000 | val total=2.30677 ar=0.83555 set=0.39680 eos=0.01977 cnt=4.99465 ang=0.06370 jpt=0.04828 je=0.04789 j4=0.31646 bset=0.39680 div=0.00000
Reco ep 022 | phys=0.917 | train total=1.80222 ar=0.41059 set=0.38247 eos=0.02207 cnt=4.80311 ang=0.06507 jpt=0.02938 je=0.02956 j4=0.16806 bset=0.38247 div=0.00000 | val total=2.14532 ar=0.66169 set=0.37748 eos=0.01923 cnt=5.06497 ang=0.06360 jpt=0.05571 je=0.05575 j4=0.35793 bset=0.37748 div=0.00000
Reco ep 024 | phys=1.000 | train total=1.77934 ar=0.39120 set=0.38216 eos=0.02197 cnt=4.77751 ang=0.06485 jpt=0.02718 je=0.02731 j4=0.16409 bset=0.38216 div=0.00000 | val total=2.42123 ar=0.90130 set=0.39639 eos=0.02394 cnt=5.20352 ang=0.06516 jpt=0.04123 je=0.04108 j4=0.29716 bset=0.39639 div=0.00000
Reco ep 026 | phys=1.000 | train total=1.78083 ar=0.39439 set=0.37803 eos=0.02250 cnt=4.80122 ang=0.06494 jpt=0.02362 je=0.02382 j4=0.16205 bset=0.37803 div=0.00000 | val total=2.18571 ar=0.67889 set=0.37848 eos=0.01900 cnt=5.29807 ang=0.06380 jpt=0.03173 je=0.03189 j4=0.25371 bset=0.37848 div=0.00000
Reco ep 028 | phys=1.000 | train total=1.77399 ar=0.38161 set=0.39671 eos=0.02230 cnt=4.74827 ang=0.06422 jpt=0.02107 je=0.02134 j4=0.15765 bset=0.39671 div=0.00000 | val total=2.49416 ar=0.94762 set=0.42379 eos=0.02063 cnt=5.09865 ang=0.06329 jpt=0.05576 je=0.05546 j4=0.36583 bset=0.42379 div=0.00000
Reco ep 030 | phys=1.000 | train total=1.75640 ar=0.38358 set=0.37746 eos=0.02113 cnt=4.74745 ang=0.06467 jpt=0.02138 je=0.02167 j4=0.15775 bset=0.37746 div=0.00000 | val total=1.85171 ar=0.47382 set=0.36525 eos=0.01798 cnt=4.80252 ang=0.06254 jpt=0.02085 je=0.02076 j4=0.19750 bset=0.36525 div=0.00000
Reco ep 032 | phys=1.000 | train total=1.73844 ar=0.37119 set=0.37358 eos=0.02328 cnt=4.74706 ang=0.06479 jpt=0.01938 je=0.01965 j4=0.15286 bset=0.37358 div=0.00000 | val total=2.21727 ar=0.76604 set=0.37655 eos=0.01983 cnt=4.98544 ang=0.06392 jpt=0.03658 je=0.03670 j4=0.28694 bset=0.37655 div=0.00000
Reco ep 034 | phys=1.000 | train total=1.73001 ar=0.36645 set=0.37372 eos=0.02283 cnt=4.73074 ang=0.06474 jpt=0.01929 je=0.01956 j4=0.15053 bset=0.37372 div=0.00000 | val total=2.06361 ar=0.60934 set=0.35838 eos=0.01808 cnt=5.17435 ang=0.06334 jpt=0.02553 je=0.02606 j4=0.23171 bset=0.35838 div=0.00000
Reco ep 036 | phys=1.000 | train total=1.72138 ar=0.35899 set=0.38365 eos=0.02158 cnt=4.67732 ang=0.06413 jpt=0.01847 je=0.01875 j4=0.15174 bset=0.38365 div=0.00000 | val total=1.73977 ar=0.36689 set=0.35473 eos=0.01868 cnt=4.85803 ang=0.06203 jpt=0.01786 je=0.01808 j4=0.17480 bset=0.35473 div=0.00000
Reco ep 038 | phys=1.000 | train total=1.72146 ar=0.36812 set=0.36815 eos=0.02184 cnt=4.71138 ang=0.06493 jpt=0.01834 je=0.01861 j4=0.15058 bset=0.36815 div=0.00000 | val total=2.22256 ar=0.75879 set=0.37426 eos=0.01795 cnt=5.02847 ang=0.06451 jpt=0.04127 je=0.04117 j4=0.30944 bset=0.37426 div=0.00000
Reco ep 040 | phys=1.000 | train total=1.70360 ar=0.35786 set=0.36616 eos=0.02273 cnt=4.69266 ang=0.06487 jpt=0.01662 je=0.01692 j4=0.14470 bset=0.36616 div=0.00000 | val total=1.95861 ar=0.42345 set=0.36261 eos=0.02701 cnt=5.56538 ang=0.06309 jpt=0.02359 je=0.02371 j4=0.21959 bset=0.36261 div=0.00000
Reco ep 042 | phys=1.000 | train total=1.69136 ar=0.35743 set=0.36587 eos=0.02223 cnt=4.63759 ang=0.06479 jpt=0.01596 je=0.01624 j4=0.14429 bset=0.36587 div=0.00000 | val total=1.74514 ar=0.33806 set=0.33789 eos=0.01829 cnt=5.11280 ang=0.06315 jpt=0.01748 je=0.01801 j4=0.17768 bset=0.33789 div=0.00000
Reco ep 044 | phys=1.000 | train total=1.71097 ar=0.37253 set=0.36919 eos=0.02398 cnt=4.63671 ang=0.06540 jpt=0.01704 je=0.01737 j4=0.14678 bset=0.36919 div=0.00000 | val total=2.02562 ar=0.59962 set=0.36950 eos=0.02102 cnt=4.89417 ang=0.06370 jpt=0.03634 je=0.03617 j4=0.28746 bset=0.36950 div=0.00000
Reco ep 046 | phys=1.000 | train total=1.67447 ar=0.35034 set=0.36297 eos=0.02160 cnt=4.60564 ang=0.06495 jpt=0.01564 je=0.01595 j4=0.14357 bset=0.36297 div=0.00000 | val total=2.04135 ar=0.64093 set=0.37771 eos=0.01894 cnt=4.72328 ang=0.06426 jpt=0.03724 je=0.03739 j4=0.28893 bset=0.37771 div=0.00000
Reco ep 048 | phys=1.000 | train total=1.67131 ar=0.34573 set=0.36343 eos=0.02069 cnt=4.61487 ang=0.06480 jpt=0.01516 je=0.01546 j4=0.14133 bset=0.36343 div=0.00000 | val total=2.15851 ar=0.69359 set=0.36785 eos=0.01815 cnt=4.92998 ang=0.06427 jpt=0.06234 je=0.06208 j4=0.39420 bset=0.36785 div=0.00000
Reco ep 050 | phys=1.000 | train total=1.65596 ar=0.33657 set=0.36690 eos=0.02166 cnt=4.56925 ang=0.06439 jpt=0.01443 je=0.01476 j4=0.13916 bset=0.36690 div=0.00000 | val total=1.96787 ar=0.57006 set=0.38675 eos=0.02032 cnt=4.74932 ang=0.06289 jpt=0.02493 je=0.02489 j4=0.23181 bset=0.38675 div=0.00000
Reco ep 052 | phys=1.000 | train total=1.64495 ar=0.33210 set=0.35853 eos=0.02023 cnt=4.58445 ang=0.06464 jpt=0.01364 je=0.01397 j4=0.13697 bset=0.35853 div=0.00000 | val total=2.03878 ar=0.60078 set=0.36297 eos=0.02098 cnt=5.03112 ang=0.06349 jpt=0.03024 je=0.03003 j4=0.25772 bset=0.36297 div=0.00000
Reco ep 054 | phys=1.000 | train total=1.65447 ar=0.34611 set=0.36065 eos=0.02198 cnt=4.54259 ang=0.06479 jpt=0.01464 je=0.01500 j4=0.14148 bset=0.36065 div=0.00000 | val total=1.93988 ar=0.59327 set=0.35677 eos=0.01758 cnt=4.65947 ang=0.06305 jpt=0.02385 je=0.02367 j4=0.22156 bset=0.35677 div=0.00000
Reco ep 056 | phys=1.000 | train total=1.64310 ar=0.33477 set=0.36563 eos=0.02082 cnt=4.52063 ang=0.06453 jpt=0.01440 je=0.01475 j4=0.14018 bset=0.36563 div=0.00000 | val total=1.88608 ar=0.48857 set=0.36138 eos=0.01857 cnt=4.94838 ang=0.06213 jpt=0.01627 je=0.01644 j4=0.17981 bset=0.36138 div=0.00000
Reco ep 058 | phys=1.000 | train total=1.65135 ar=0.33528 set=0.37310 eos=0.02218 cnt=4.52326 ang=0.06431 jpt=0.01410 je=0.01442 j4=0.13803 bset=0.37310 div=0.00000 | val total=2.03654 ar=0.61366 set=0.37159 eos=0.01962 cnt=4.81669 ang=0.06355 jpt=0.04340 je=0.04338 j4=0.32388 bset=0.37159 div=0.00000
Reco ep 060 | phys=1.000 | train total=1.63278 ar=0.32364 set=0.37063 eos=0.02096 cnt=4.50587 ang=0.06415 jpt=0.01335 je=0.01369 j4=0.13623 bset=0.37063 div=0.00000 | val total=1.71815 ar=0.28076 set=0.37036 eos=0.01820 cnt=5.12747 ang=0.06163 jpt=0.01461 je=0.01557 j4=0.15724 bset=0.37036 div=0.00000
Reco ep 062 | phys=1.000 | train total=1.63199 ar=0.32829 set=0.36513 eos=0.02153 cnt=4.50691 ang=0.06444 jpt=0.01310 je=0.01345 j4=0.13561 bset=0.36513 div=0.00000 | val total=1.84609 ar=0.46563 set=0.34971 eos=0.02042 cnt=4.93781 ang=0.06318 jpt=0.01479 je=0.01508 j4=0.16493 bset=0.34971 div=0.00000
Reco ep 064 | phys=1.000 | train total=1.63602 ar=0.31881 set=0.37899 eos=0.02057 cnt=4.50841 ang=0.06378 jpt=0.01263 je=0.01297 j4=0.13380 bset=0.37899 div=0.00000 | val total=1.69638 ar=0.35101 set=0.36349 eos=0.01713 cnt=4.64960 ang=0.06175 jpt=0.02001 je=0.02051 j4=0.19900 bset=0.36349 div=0.00000
Reco ep 066 | phys=1.000 | train total=1.59457 ar=0.28742 set=0.38445 eos=0.01792 cnt=4.43942 ang=0.06281 jpt=0.01160 je=0.01195 j4=0.12973 bset=0.38445 div=0.00000 | val total=1.85117 ar=0.41605 set=0.36626 eos=0.01624 cnt=5.09668 ang=0.06238 jpt=0.01827 je=0.01862 j4=0.19211 bset=0.36626 div=0.00000
Reco ep 068 | phys=1.000 | train total=1.58043 ar=0.27896 set=0.38060 eos=0.01693 cnt=4.43656 ang=0.06257 jpt=0.01082 je=0.01121 j4=0.12638 bset=0.38060 div=0.00000 | val total=1.90300 ar=0.51392 set=0.36854 eos=0.01605 cnt=4.80665 ang=0.06169 jpt=0.02371 je=0.02416 j4=0.22888 bset=0.36854 div=0.00000
Reco ep 070 | phys=1.000 | train total=1.57972 ar=0.28261 set=0.37980 eos=0.01724 cnt=4.41483 ang=0.06263 jpt=0.01121 je=0.01163 j4=0.12901 bset=0.37980 div=0.00000 | val total=1.64880 ar=0.31720 set=0.35583 eos=0.01528 cnt=4.72050 ang=0.06121 jpt=0.00889 je=0.00925 j4=0.12370 bset=0.35583 div=0.00000
Reco ep 072 | phys=1.000 | train total=1.56460 ar=0.28029 set=0.37538 eos=0.01716 cnt=4.37502 ang=0.06261 jpt=0.01093 je=0.01134 j4=0.12786 bset=0.37538 div=0.00000 | val total=1.77062 ar=0.34256 set=0.35466 eos=0.02351 cnt=5.11058 ang=0.06226 jpt=0.01864 je=0.01885 j4=0.19313 bset=0.35466 div=0.00000
Reco ep 074 | phys=1.000 | train total=1.57194 ar=0.29459 set=0.37555 eos=0.02017 cnt=4.33539 ang=0.06326 jpt=0.01122 je=0.01162 j4=0.12841 bset=0.37555 div=0.00000 | val total=1.69979 ar=0.30761 set=0.36215 eos=0.01697 cnt=5.01147 ang=0.06164 jpt=0.00693 je=0.00715 j4=0.10646 bset=0.36215 div=0.00000
Reco ep 076 | phys=1.000 | train total=1.55707 ar=0.27527 set=0.37610 eos=0.01650 cnt=4.35961 ang=0.06257 jpt=0.01091 je=0.01128 j4=0.12765 bset=0.37610 div=0.00000 | val total=1.72057 ar=0.36572 set=0.35463 eos=0.01515 cnt=4.80613 ang=0.06117 jpt=0.01244 je=0.01269 j4=0.15326 bset=0.35463 div=0.00000
Reco ep 078 | phys=1.000 | train total=1.54181 ar=0.27687 set=0.37556 eos=0.01701 cnt=4.27913 ang=0.06268 jpt=0.01077 je=0.01116 j4=0.12640 bset=0.37556 div=0.00000 | val total=1.87064 ar=0.43712 set=0.36414 eos=0.01429 cnt=5.10124 ang=0.06214 jpt=0.01789 je=0.01810 j4=0.19349 bset=0.36414 div=0.00000
Reco ep 080 | phys=1.000 | train total=1.53318 ar=0.27109 set=0.37313 eos=0.01631 cnt=4.27806 ang=0.06270 jpt=0.01067 je=0.01106 j4=0.12623 bset=0.37313 div=0.00000 | val total=1.66500 ar=0.31943 set=0.34522 eos=0.01409 cnt=4.80574 ang=0.06091 jpt=0.01245 je=0.01288 j4=0.15540 bset=0.34522 div=0.00000
Reco ep 082 | phys=1.000 | train total=1.53371 ar=0.26963 set=0.37374 eos=0.01655 cnt=4.28692 ang=0.06251 jpt=0.01036 je=0.01077 j4=0.12482 bset=0.37374 div=0.00000 | val total=1.69453 ar=0.30659 set=0.35082 eos=0.01396 cnt=4.98205 ang=0.06133 jpt=0.01344 je=0.01398 j4=0.16098 bset=0.35082 div=0.00000
Reco ep 084 | phys=1.000 | train total=1.51117 ar=0.26802 set=0.37094 eos=0.01622 cnt=4.19576 ang=0.06256 jpt=0.01036 je=0.01077 j4=0.12573 bset=0.37094 div=0.00000 | val total=1.71711 ar=0.33782 set=0.35564 eos=0.01410 cnt=4.86566 ang=0.06149 jpt=0.01904 je=0.01920 j4=0.19783 bset=0.35564 div=0.00000
Reco ep 086 | phys=1.000 | train total=1.51783 ar=0.27515 set=0.37162 eos=0.01635 cnt=4.18617 ang=0.06281 jpt=0.01144 je=0.01179 j4=0.12659 bset=0.37162 div=0.00000 | val total=1.62597 ar=0.27467 set=0.34783 eos=0.01689 cnt=4.78880 ang=0.06203 jpt=0.02463 je=0.02468 j4=0.15017 bset=0.34783 div=0.00000
Reco ep 088 | phys=1.000 | train total=1.50059 ar=0.26695 set=0.36999 eos=0.01623 cnt=4.15671 ang=0.06269 jpt=0.01002 je=0.01042 j4=0.12277 bset=0.36999 div=0.00000 | val total=1.70238 ar=0.35976 set=0.34501 eos=0.01618 cnt=4.76580 ang=0.06176 jpt=0.01532 je=0.01610 j4=0.17343 bset=0.34501 div=0.00000
Reco ep 090 | phys=1.000 | train total=1.53965 ar=0.30162 set=0.36590 eos=0.02232 cnt=4.18533 ang=0.06365 jpt=0.01117 je=0.01155 j4=0.12863 bset=0.36590 div=0.00000 | val total=1.63567 ar=0.28053 set=0.34449 eos=0.01611 cnt=4.85628 ang=0.06107 jpt=0.01303 je=0.01361 j4=0.15262 bset=0.34449 div=0.00000
Reco ep 092 | phys=1.000 | train total=1.50548 ar=0.29382 set=0.35697 eos=0.02030 cnt=4.10273 ang=0.06385 jpt=0.01077 je=0.01115 j4=0.12703 bset=0.35697 div=0.00000 | val total=1.69551 ar=0.31985 set=0.33739 eos=0.01646 cnt=4.97067 ang=0.06196 jpt=0.01591 je=0.01628 j4=0.17008 bset=0.33739 div=0.00000
Reco ep 094 | phys=1.000 | train total=1.49784 ar=0.29633 set=0.35058 eos=0.02049 cnt=4.08636 ang=0.06394 jpt=0.01046 je=0.01082 j4=0.12539 bset=0.35058 div=0.00000 | val total=1.64373 ar=0.28611 set=0.32382 eos=0.02008 cnt=4.97441 ang=0.06197 jpt=0.01199 je=0.01244 j4=0.14979 bset=0.32382 div=0.00000
Reco ep 096 | phys=1.000 | train total=1.48965 ar=0.27673 set=0.36952 eos=0.01847 cnt=4.04511 ang=0.06337 jpt=0.01140 je=0.01179 j4=0.12795 bset=0.36952 div=0.00000 | val total=1.63252 ar=0.26411 set=0.34145 eos=0.01776 cnt=4.94271 ang=0.06140 jpt=0.01205 je=0.01246 j4=0.14871 bset=0.34145 div=0.00000
Reco ep 098 | phys=1.000 | train total=1.46810 ar=0.26864 set=0.36932 eos=0.01651 cnt=3.98329 ang=0.06312 jpt=0.01079 je=0.01109 j4=0.12673 bset=0.36932 div=0.00000 | val total=1.76103 ar=0.36079 set=0.35029 eos=0.01457 cnt=5.04585 ang=0.06162 jpt=0.01340 je=0.01382 j4=0.16082 bset=0.35029 div=0.00000
Reco ep 100 | phys=1.000 | train total=1.44908 ar=0.26977 set=0.36904 eos=0.01785 cnt=3.88548 ang=0.06291 jpt=0.01026 je=0.01066 j4=0.12515 bset=0.36904 div=0.00000 | val total=1.71099 ar=0.30438 set=0.34103 eos=0.01569 cnt=5.13431 ang=0.06169 jpt=0.01240 je=0.01284 j4=0.15145 bset=0.34103 div=0.00000
Reco ep 102 | phys=1.000 | train total=1.45441 ar=0.28189 set=0.36143 eos=0.02036 cnt=3.88776 ang=0.06372 jpt=0.01031 je=0.01067 j4=0.12454 bset=0.36143 div=0.00000 | val total=1.69682 ar=0.28749 set=0.33621 eos=0.01876 cnt=5.18532 ang=0.06255 jpt=0.01119 je=0.01172 j4=0.13721 bset=0.33621 div=0.00000
Reco ep 104 | phys=1.000 | train total=1.44616 ar=0.27121 set=0.36779 eos=0.01887 cnt=3.86779 ang=0.06321 jpt=0.01048 je=0.01088 j4=0.12577 bset=0.36779 div=0.00000 | val total=1.71604 ar=0.32268 set=0.34217 eos=0.01664 cnt=5.06774 ang=0.06178 jpt=0.01204 je=0.01245 j4=0.14549 bset=0.34217 div=0.00000
Reco ep 106 | phys=1.000 | train total=1.41857 ar=0.26389 set=0.36555 eos=0.01635 cnt=3.78405 ang=0.06273 jpt=0.00989 je=0.01027 j4=0.12299 bset=0.36555 div=0.00000 | val total=1.69122 ar=0.31125 set=0.34243 eos=0.01521 cnt=5.01868 ang=0.06182 jpt=0.01001 je=0.01035 j4=0.13206 bset=0.34243 div=0.00000
Reco ep 108 | phys=1.000 | train total=1.41897 ar=0.28138 set=0.35903 eos=0.01867 cnt=3.72000 ang=0.06377 jpt=0.01143 je=0.01174 j4=0.12858 bset=0.35903 div=0.00000 | val total=1.75458 ar=0.32010 set=0.32894 eos=0.01700 cnt=5.29940 ang=0.06312 jpt=0.01679 je=0.01719 j4=0.17545 bset=0.32894 div=0.00000
Reco ep 110 | phys=1.000 | train total=1.44231 ar=0.30494 set=0.35360 eos=0.02229 cnt=3.74222 ang=0.06450 jpt=0.01145 je=0.01176 j4=0.12949 bset=0.35360 div=0.00000 | val total=1.66510 ar=0.26785 set=0.34261 eos=0.01748 cnt=5.08786 ang=0.06214 jpt=0.01158 je=0.01209 j4=0.14338 bset=0.34261 div=0.00000
Reco ep 112 | phys=1.000 | train total=1.39225 ar=0.26466 set=0.36261 eos=0.01652 cnt=3.65709 ang=0.06318 jpt=0.01115 je=0.01150 j4=0.12600 bset=0.36261 div=0.00000 | val total=1.72564 ar=0.32313 set=0.33819 eos=0.01497 cnt=5.10127 ang=0.06196 jpt=0.01596 je=0.01684 j4=0.17028 bset=0.33819 div=0.00000
Reco ep 114 | phys=1.000 | train total=1.38277 ar=0.27246 set=0.35522 eos=0.01827 cnt=3.60622 ang=0.06365 jpt=0.01149 je=0.01171 j4=0.12483 bset=0.35522 div=0.00000 | val total=1.77694 ar=0.33771 set=0.32908 eos=0.01841 cnt=5.38156 ang=0.06376 jpt=0.01025 je=0.01039 j4=0.12823 bset=0.32908 div=0.00000
Reco ep 116 | phys=1.000 | train total=1.36940 ar=0.26850 set=0.36074 eos=0.01773 cnt=3.53404 ang=0.06330 jpt=0.01067 je=0.01099 j4=0.12489 bset=0.36074 div=0.00000 | val total=1.72386 ar=0.29286 set=0.33804 eos=0.01573 cnt=5.28086 ang=0.06224 jpt=0.01171 je=0.01204 j4=0.14282 bset=0.33804 div=0.00000
Reco ep 118 | phys=1.000 | train total=1.34724 ar=0.26350 set=0.35697 eos=0.01717 cnt=3.47307 ang=0.06322 jpt=0.00970 je=0.01006 j4=0.12192 bset=0.35697 div=0.00000 | val total=1.65625 ar=0.25386 set=0.32283 eos=0.01598 cnt=5.23013 ang=0.06252 jpt=0.01018 je=0.01070 j4=0.12931 bset=0.32283 div=0.00000
Reco ep 120 | phys=1.000 | train total=1.34042 ar=0.27841 set=0.34514 eos=0.01905 cnt=3.42258 ang=0.06408 jpt=0.00969 je=0.01004 j4=0.12171 bset=0.34514 div=0.00000 | val total=1.66601 ar=0.25222 set=0.33993 eos=0.01813 cnt=5.22345 ang=0.06255 jpt=0.00795 je=0.00818 j4=0.11018 bset=0.33993 div=0.00000
Reco ep 122 | phys=1.000 | train total=1.32257 ar=0.27223 set=0.34687 eos=0.01786 cnt=3.35659 ang=0.06368 jpt=0.00971 je=0.01006 j4=0.12170 bset=0.34687 div=0.00000 | val total=1.65448 ar=0.26067 set=0.31726 eos=0.01589 cnt=5.22274 ang=0.06206 jpt=0.00920 je=0.00957 j4=0.12425 bset=0.31726 div=0.00000
Reco ep 124 | phys=1.000 | train total=1.30512 ar=0.27560 set=0.34042 eos=0.01877 cnt=3.28463 ang=0.06384 jpt=0.00960 je=0.00997 j4=0.12140 bset=0.34042 div=0.00000 | val total=1.66488 ar=0.27469 set=0.30653 eos=0.02399 cnt=5.24089 ang=0.06298 jpt=0.01018 je=0.01075 j4=0.13192 bset=0.30653 div=0.00000
Reco ep 126 | phys=1.000 | train total=1.29811 ar=0.26434 set=0.35604 eos=0.01714 cnt=3.22604 ang=0.06325 jpt=0.00995 je=0.01035 j4=0.12332 bset=0.35604 div=0.00000 | val total=1.74513 ar=0.29012 set=0.32042 eos=0.01532 cnt=5.49209 ang=0.06221 jpt=0.01126 je=0.01179 j4=0.14131 bset=0.32042 div=0.00000
Reco ep 128 | phys=1.000 | train total=1.28910 ar=0.26695 set=0.34945 eos=0.01692 cnt=3.19957 ang=0.06390 jpt=0.01034 je=0.01065 j4=0.12384 bset=0.34945 div=0.00000 | val total=1.66059 ar=0.25932 set=0.31268 eos=0.01551 cnt=5.28134 ang=0.06338 jpt=0.01047 je=0.01063 j4=0.12266 bset=0.31268 div=0.00000
Reco ep 130 | phys=1.000 | train total=1.27802 ar=0.27663 set=0.33980 eos=0.01941 cnt=3.14443 ang=0.06407 jpt=0.00989 je=0.01023 j4=0.12260 bset=0.33980 div=0.00000 | val total=1.67651 ar=0.26714 set=0.32527 eos=0.01716 cnt=5.27007 ang=0.06287 jpt=0.00869 je=0.00896 j4=0.11405 bset=0.32527 div=0.00000
Reco ep 132 | phys=1.000 | train total=1.25583 ar=0.27288 set=0.34196 eos=0.01864 cnt=3.03956 ang=0.06388 jpt=0.01045 je=0.01073 j4=0.12360 bset=0.34196 div=0.00000 | val total=1.64444 ar=0.24621 set=0.32004 eos=0.01797 cnt=5.24184 ang=0.06255 jpt=0.00822 je=0.00843 j4=0.11316 bset=0.32004 div=0.00000
Reco ep 134 | phys=1.000 | train total=1.24935 ar=0.27384 set=0.33881 eos=0.01916 cnt=3.01417 ang=0.06431 jpt=0.01079 je=0.01112 j4=0.12642 bset=0.33881 div=0.00000 | val total=1.86175 ar=0.37074 set=0.33075 eos=0.02237 cnt=5.58943 ang=0.06398 jpt=0.01378 je=0.01419 j4=0.16052 bset=0.33075 div=0.00000
Reco ep 136 | phys=1.000 | train total=1.24324 ar=0.27767 set=0.34033 eos=0.01964 cnt=2.96322 ang=0.06433 jpt=0.00994 je=0.01023 j4=0.12162 bset=0.34033 div=0.00000 | val total=1.67514 ar=0.25500 set=0.31891 eos=0.01673 cnt=5.35942 ang=0.06297 jpt=0.00854 je=0.00876 j4=0.11080 bset=0.31891 div=0.00000
Reco ep 138 | phys=1.000 | train total=1.24345 ar=0.28163 set=0.33704 eos=0.01835 cnt=2.95732 ang=0.06509 jpt=0.01077 je=0.01102 j4=0.12485 bset=0.33704 div=0.00000 | val total=1.70683 ar=0.24798 set=0.32236 eos=0.01626 cnt=5.52883 ang=0.06334 jpt=0.00901 je=0.00936 j4=0.11794 bset=0.32236 div=0.00000
Reco ep 140 | phys=1.000 | train total=1.21429 ar=0.27509 set=0.33803 eos=0.01890 cnt=2.84269 ang=0.06450 jpt=0.01004 je=0.01035 j4=0.12248 bset=0.33803 div=0.00000 | val total=1.72057 ar=0.26793 set=0.31144 eos=0.02124 cnt=5.51771 ang=0.06317 jpt=0.01154 je=0.01184 j4=0.14249 bset=0.31144 div=0.00000
Early stopping reconstructor at epoch 140
Best reconstructor val metrics:
  val_total: 1.620310
  val_ar: 0.228394
  val_set: 0.344716
  val_eos: 0.014934
  val_count: 5.081737
  val_angle: 0.061160
  val_jetpt: 0.008733
  val_jete: 0.009073
  val_fourvec: 0.120097
Building reconstructed dataset...

========================================================================
STEP 5: TAGGERS ON RECONSTRUCTED VIEW
========================================================================
RecoOnly ep 5: train_auc=0.8707, val_auc=0.8722, val_fpr50=0.053685, best_auc=0.8722
RecoOnly ep 10: train_auc=0.8911, val_auc=0.8858, val_fpr50=0.043698, best_auc=0.8927
RecoOnly ep 15: train_auc=0.8977, val_auc=0.8932, val_fpr50=0.036517, best_auc=0.8952
RecoOnly ep 20: train_auc=0.9056, val_auc=0.8947, val_fpr50=0.037419, best_auc=0.8952
RecoOnly ep 25: train_auc=0.9118, val_auc=0.8909, val_fpr50=0.039810, best_auc=0.8952
RecoOnly ep 30: train_auc=0.9214, val_auc=0.8854, val_fpr50=0.041886, best_auc=0.8952
Early stopping RecoOnly at epoch 32
DualView ep 5: train_auc=0.8882, val_auc=0.8763, val_fpr50=0.051621, best_auc=0.8927
DualView ep 10: train_auc=0.9084, val_auc=0.9096, val_fpr50=0.026098, best_auc=0.9096
DualView ep 15: train_auc=0.9164, val_auc=0.9105, val_fpr50=0.026979, best_auc=0.9140
DualView ep 20: train_auc=0.9218, val_auc=0.9129, val_fpr50=0.025960, best_auc=0.9140
DualView ep 25: train_auc=0.9275, val_auc=0.9065, val_fpr50=0.030347, best_auc=0.9140
DualView ep 30: train_auc=0.9339, val_auc=0.9112, val_fpr50=0.024721, best_auc=0.9140
Early stopping DualView at epoch 32
DualView+Conf ep 5: train_auc=0.8940, val_auc=0.8975, val_fpr50=0.034007, best_auc=0.8975
DualView+Conf ep 10: train_auc=0.9110, val_auc=0.9088, val_fpr50=0.029709, best_auc=0.9114
DualView+Conf ep 15: train_auc=0.9168, val_auc=0.9084, val_fpr50=0.026330, best_auc=0.9144
DualView+Conf ep 20: train_auc=0.9212, val_auc=0.9127, val_fpr50=0.026547, best_auc=0.9144
DualView+Conf ep 25: train_auc=0.9279, val_auc=0.9139, val_fpr50=0.024963, best_auc=0.9145
DualView+Conf ep 30: train_auc=0.9340, val_auc=0.9091, val_fpr50=0.028626, best_auc=0.9145
DualView+Conf ep 35: train_auc=0.9405, val_auc=0.9044, val_fpr50=0.030474, best_auc=0.9145
DualView+Conf ep 40: train_auc=0.9477, val_auc=0.9057, val_fpr50=0.029505, best_auc=0.9145
Early stopping DualView+Conf at epoch 42

========================================================================
FINAL TEST EVALUATION
========================================================================
Teacher (Offline) AUC: 0.947009
Baseline (HLT)   AUC: 0.912979
RecoOnly         AUC: 0.891880
DualView         AUC: 0.911675
DualView+Conf    AUC: 0.912492

FPR@30
  Teacher/HLT/RecoOnly/Dual/Dual+Conf: 0.003620 / 0.007421 / 0.012082 / 0.008379 / 0.007221
FPR@50
  Teacher/HLT/RecoOnly/Dual/Dual+Conf: 0.014303 / 0.025849 / 0.037757 / 0.028427 / 0.026436

Jet pT response (test, vs offline truth):
  HLT  mean/std: 0.828682 / 0.198368 | Reco mean/std: 1.128767 / 0.316373
Saved fusion score arrays to: checkpoints/reco_teacher_joint_fusion_6model_150k75k150k/model22_joint_seq2seq_nexttoken_v2/model22v2_seq2seq_phys_50k20k100k_seed0/fusion_scores_val_test.npz

Saved results to: checkpoints/reco_teacher_joint_fusion_6model_150k75k150k/model22_joint_seq2seq_nexttoken_v2/model22v2_seq2seq_phys_50k20k100k_seed0
Done: checkpoints/reco_teacher_joint_fusion_6model_150k75k150k/model22_joint_seq2seq_nexttoken_v2/model22v2_seq2seq_phys_50k20k100k_seed0
