============================================================
Model-22v2 Seq2Seq Next-Token (Full + Hungarian Set Loss)
Run:   checkpoints/reco_teacher_joint_fusion_6model_150k75k150k/model22_joint_seq2seq_nexttoken_v2/model22v2_seq2seq_full_hungarian_50k20k100k_seed0
Split: train=50000, val=20000, test=100000
Jets:  n_train_jets=170000, offset=0, max_constits=100
============================================================
 python offline_reconstructor_joint_dualview_seq2seq_nexttoken_v2.py --save_dir checkpoints/reco_teacher_joint_fusion_6model_150k75k150k/model22_joint_seq2seq_nexttoken_v2 --run_name model22v2_seq2seq_full_hungarian_50k20k100k_seed0 --n_train_jets 170000 --n_train_split 50000 --n_val_split 20000 --n_test_split 100000 --offset_jets 0 --max_constits 100 --num_workers 1 --seed 0 --reco_epochs 180 --reco_batch_size 96 --reco_lr 1.8e-4 --reco_patience 35 --reco_min_epochs 60 --reco_huber_delta 0.10 --beam_size 6 --beam_len_sigma 1.20 --beam_temperature 0.85 --use_coord_residual_param --enable_scale_sensitive_weighting --scale_pt_power 0.85 --scale_weight_cap 6.0 --angle_pt_power 1.0 --loss_w_ar 1.0 --loss_w_set 1.0 --set_loss_mode hungarian --set_unmatched_penalty 0.35 --loss_w_eos 0.20 --loss_w_count 0.20 --loss_w_ptr_entropy 0.0015 --loss_w_angle 0.18 --loss_w_jetpt 0.30 --loss_w_jete 0.08 --loss_w_4vec 0.10 --physics_warmup_epochs 20 --response_n_bins 20 --response_min_count 200 --save_fusion_scores --device cuda
Device: cuda
Save dir: checkpoints/reco_teacher_joint_fusion_6model_150k75k150k/model22_joint_seq2seq_nexttoken_v2/model22v2_seq2seq_full_hungarian_50k20k100k_seed0
Loading offline constituents...
Generating pseudo-HLT...
Computing features...
Split sizes: Train=50000, Val=20000, Test=100000

========================================================================
STEP 1: TEACHER (Offline)
========================================================================
Teacher ep 5: train_auc=0.9278, val_auc=0.8964, val_fpr50=0.044963, best_auc=0.9129
Teacher ep 10: train_auc=0.9449, val_auc=0.9417, val_fpr50=0.018129, best_auc=0.9427
Teacher ep 15: train_auc=0.9496, val_auc=0.9446, val_fpr50=0.014445, best_auc=0.9462
Teacher ep 20: train_auc=0.9546, val_auc=0.9457, val_fpr50=0.015392, best_auc=0.9471
Teacher ep 25: train_auc=0.9600, val_auc=0.9456, val_fpr50=0.014956, best_auc=0.9474
Teacher ep 30: train_auc=0.9650, val_auc=0.9416, val_fpr50=0.018254, best_auc=0.9474
Teacher ep 35: train_auc=0.9718, val_auc=0.9395, val_fpr50=0.016467, best_auc=0.9474
Teacher ep 40: train_auc=0.9780, val_auc=0.9337, val_fpr50=0.018665, best_auc=0.9474
Early stopping Teacher at epoch 41

========================================================================
STEP 2: BASELINE (HLT)
========================================================================
HLT ep 5: train_auc=0.8854, val_auc=0.8728, val_fpr50=0.059302, best_auc=0.8728
HLT ep 10: train_auc=0.9082, val_auc=0.9124, val_fpr50=0.026459, best_auc=0.9145
HLT ep 15: train_auc=0.9160, val_auc=0.9104, val_fpr50=0.026110, best_auc=0.9152
HLT ep 20: train_auc=0.9213, val_auc=0.9144, val_fpr50=0.024414, best_auc=0.9152
HLT ep 25: train_auc=0.9276, val_auc=0.9154, val_fpr50=0.022746, best_auc=0.9154
HLT ep 30: train_auc=0.9337, val_auc=0.9088, val_fpr50=0.028368, best_auc=0.9154
HLT ep 35: train_auc=0.9416, val_auc=0.9079, val_fpr50=0.026989, best_auc=0.9154
HLT ep 40: train_auc=0.9502, val_auc=0.9041, val_fpr50=0.031191, best_auc=0.9154
Early stopping HLT at epoch 43

========================================================================
STEP 3: SEQ2SEQ RECONSTRUCTOR (Continuous AR + Beam Length)
========================================================================
Reco ep 001 | phys=0.050 | train total=4.46175 ar=1.00898 set=1.34491 eos=0.08198 cnt=10.42836 ang=0.08400 jpt=0.14304 je=0.13950 j4=0.43590 bset=1.34491 div=0.00000 | val total=3.22309 ar=0.59961 set=0.96969 eos=0.06070 cnt=8.19143 ang=0.07565 jpt=0.05696 je=0.05678 j4=0.27483 bset=0.96969 div=0.00000
Reco ep 002 | phys=0.100 | train total=2.84207 ar=0.69285 set=0.96187 eos=0.04704 cnt=5.85648 ang=0.08044 jpt=0.06318 je=0.06328 j4=0.26909 bset=0.96187 div=0.00000 | val total=2.97130 ar=0.70838 set=1.12568 eos=0.03973 cnt=5.59096 ang=0.07340 jpt=0.11213 je=0.11177 j4=0.53247 bset=1.12568 div=0.00000
Reco ep 004 | phys=0.200 | train total=2.57286 ar=0.64651 set=0.84930 eos=0.04169 cnt=5.28013 ang=0.08095 jpt=0.05862 je=0.05883 j4=0.26091 bset=0.84930 div=0.00000 | val total=2.70094 ar=0.62422 set=0.83970 eos=0.04394 cnt=6.05226 ang=0.07500 jpt=0.08388 je=0.08373 j4=0.42687 bset=0.83970 div=0.00000
Reco ep 006 | phys=0.300 | train total=2.48054 ar=0.62694 set=0.80777 eos=0.03703 cnt=5.10119 ang=0.08201 jpt=0.05576 je=0.05586 j4=0.24409 bset=0.80777 div=0.00000 | val total=2.57363 ar=0.55082 set=0.77409 eos=0.04996 cnt=6.10247 ang=0.07642 jpt=0.05237 je=0.05227 j4=0.26720 bset=0.77409 div=0.00000
Reco ep 008 | phys=0.400 | train total=2.41580 ar=0.62105 set=0.75807 eos=0.03186 cnt=5.03344 ang=0.08343 jpt=0.05332 je=0.05337 j4=0.23583 bset=0.75807 div=0.00000 | val total=2.49843 ar=0.61963 set=0.85570 eos=0.03016 cnt=4.98407 ang=0.08136 jpt=0.04046 je=0.04033 j4=0.20334 bset=0.85570 div=0.00000
Reco ep 010 | phys=0.500 | train total=2.37774 ar=0.60347 set=0.73980 eos=0.03088 cnt=4.99679 ang=0.08291 jpt=0.05081 je=0.05091 j4=0.23530 bset=0.73980 div=0.00000 | val total=2.97761 ar=0.75517 set=1.07253 eos=0.03285 cnt=5.50059 ang=0.08115 jpt=0.07837 je=0.07825 j4=0.41881 bset=1.07253 div=0.00000
Reco ep 012 | phys=0.600 | train total=2.37169 ar=0.59911 set=0.73198 eos=0.03214 cnt=5.01150 ang=0.08235 jpt=0.04496 je=0.04504 j4=0.21133 bset=0.73198 div=0.00000 | val total=2.41105 ar=0.58877 set=0.75146 eos=0.02825 cnt=5.10468 ang=0.08043 jpt=0.06510 je=0.06484 j4=0.34392 bset=0.75146 div=0.00000
Reco ep 014 | phys=0.700 | train total=2.34488 ar=0.59437 set=0.70568 eos=0.02954 cnt=5.00299 ang=0.08270 jpt=0.04713 je=0.04724 j4=0.21898 bset=0.70568 div=0.00000 | val total=2.57703 ar=0.66835 set=0.89247 eos=0.02264 cnt=4.81986 ang=0.07867 jpt=0.05705 je=0.05680 j4=0.32247 bset=0.89247 div=0.00000
Reco ep 016 | phys=0.800 | train total=2.33630 ar=0.58869 set=0.70271 eos=0.02886 cnt=4.97840 ang=0.08185 jpt=0.04488 je=0.04497 j4=0.22473 bset=0.70271 div=0.00000 | val total=2.69101 ar=0.69106 set=0.90847 eos=0.03608 cnt=5.06735 ang=0.07850 jpt=0.08087 je=0.08064 j4=0.43584 bset=0.90847 div=0.00000
Reco ep 018 | phys=0.900 | train total=2.28887 ar=0.56999 set=0.68124 eos=0.02909 cnt=4.92276 ang=0.08279 jpt=0.04324 je=0.04333 j4=0.21154 bset=0.68124 div=0.00000 | val total=2.65970 ar=0.61923 set=0.87201 eos=0.02769 cnt=5.56450 ang=0.08123 jpt=0.04520 je=0.04498 j4=0.23742 bset=0.87201 div=0.00000
Reco ep 020 | phys=1.000 | train total=2.33682 ar=0.58978 set=0.70163 eos=0.03192 cnt=4.91887 ang=0.08332 jpt=0.04682 je=0.04690 j4=0.22444 bset=0.70163 div=0.00000 | val total=2.33416 ar=0.57654 set=0.71396 eos=0.02879 cnt=4.90078 ang=0.07917 jpt=0.04775 je=0.04758 j4=0.25333 bset=0.71396 div=0.00000
Reco ep 022 | phys=1.000 | train total=2.30269 ar=0.58464 set=0.67626 eos=0.02838 cnt=4.89271 ang=0.08272 jpt=0.04896 je=0.04898 j4=0.24059 bset=0.67626 div=0.00000 | val total=2.42685 ar=0.60265 set=0.76320 eos=0.02525 cnt=4.94601 ang=0.07859 jpt=0.05540 je=0.05512 j4=0.31535 bset=0.76320 div=0.00000
Reco ep 024 | phys=1.000 | train total=2.28749 ar=0.56955 set=0.67415 eos=0.02980 cnt=4.92751 ang=0.08277 jpt=0.04231 je=0.04240 j4=0.21323 bset=0.67415 div=0.00000 | val total=2.24173 ar=0.49561 set=0.64419 eos=0.02307 cnt=5.21028 ang=0.07976 jpt=0.04467 je=0.04457 j4=0.23915 bset=0.64419 div=0.00000
Reco ep 026 | phys=1.000 | train total=2.27626 ar=0.56808 set=0.67384 eos=0.02891 cnt=4.87791 ang=0.08254 jpt=0.04269 je=0.04280 j4=0.21876 bset=0.67384 div=0.00000 | val total=2.89592 ar=0.73226 set=1.08346 eos=0.02348 cnt=4.98037 ang=0.07700 jpt=0.06989 je=0.06956 j4=0.39025 bset=1.08346 div=0.00000
Reco ep 028 | phys=1.000 | train total=2.27675 ar=0.57648 set=0.67155 eos=0.02935 cnt=4.85206 ang=0.08330 jpt=0.04283 je=0.04291 j4=0.21153 bset=0.67155 div=0.00000 | val total=2.95743 ar=0.75680 set=1.14536 eos=0.04796 cnt=4.74096 ang=0.07955 jpt=0.09228 je=0.09203 j4=0.48108 bset=1.14536 div=0.00000
Reco ep 030 | phys=1.000 | train total=2.30745 ar=0.58714 set=0.69337 eos=0.02975 cnt=4.83005 ang=0.08211 jpt=0.04578 je=0.04586 j4=0.22795 bset=0.69337 div=0.00000 | val total=2.84356 ar=0.76216 set=0.97682 eos=0.03342 cnt=5.18293 ang=0.07993 jpt=0.04928 je=0.04907 j4=0.28205 bset=0.97682 div=0.00000
Reco ep 032 | phys=1.000 | train total=2.32827 ar=0.60213 set=0.68961 eos=0.03113 cnt=4.85639 ang=0.08339 jpt=0.05176 je=0.05184 j4=0.24324 bset=0.68961 div=0.00000 | val total=2.21961 ar=0.48443 set=0.57260 eos=0.02528 cnt=5.48074 ang=0.08074 jpt=0.05329 je=0.05326 j4=0.26580 bset=0.57260 div=0.00000
Reco ep 034 | phys=1.000 | train total=2.28158 ar=0.57090 set=0.67163 eos=0.02816 cnt=4.88650 ang=0.08305 jpt=0.04823 je=0.04834 j4=0.22827 bset=0.67163 div=0.00000 | val total=2.61388 ar=0.63948 set=0.85537 eos=0.02391 cnt=5.19685 ang=0.07923 jpt=0.06609 je=0.06594 j4=0.35506 bset=0.85537 div=0.00000
Reco ep 036 | phys=1.000 | train total=2.37638 ar=0.61572 set=0.72608 eos=0.03245 cnt=4.84979 ang=0.08350 jpt=0.05136 je=0.05149 j4=0.23569 bset=0.72608 div=0.00000 | val total=2.28867 ar=0.53188 set=0.67637 eos=0.02812 cnt=5.09449 ang=0.07785 jpt=0.04667 je=0.04660 j4=0.24145 bset=0.67637 div=0.00000
Reco ep 038 | phys=1.000 | train total=2.34301 ar=0.59484 set=0.70621 eos=0.03055 cnt=4.86086 ang=0.08306 jpt=0.05647 je=0.05654 j4=0.27246 bset=0.70621 div=0.00000 | val total=2.35952 ar=0.53309 set=0.67572 eos=0.02254 cnt=5.43705 ang=0.07736 jpt=0.04844 je=0.04823 j4=0.26475 bset=0.67572 div=0.00000
Reco ep 040 | phys=1.000 | train total=2.33667 ar=0.61529 set=0.68960 eos=0.02954 cnt=4.88523 ang=0.08612 jpt=0.03966 je=0.03984 j4=0.18227 bset=0.68960 div=0.00000 | val total=2.30218 ar=0.55933 set=0.71322 eos=0.03655 cnt=4.79880 ang=0.08003 jpt=0.04999 je=0.04976 j4=0.29175 bset=0.71322 div=0.00000
Reco ep 042 | phys=1.000 | train total=2.29165 ar=0.57820 set=0.68631 eos=0.02956 cnt=4.84386 ang=0.08400 jpt=0.04234 je=0.04244 j4=0.21236 bset=0.68631 div=0.00000 | val total=2.26651 ar=0.54536 set=0.68316 eos=0.02380 cnt=4.86857 ang=0.07719 jpt=0.04855 je=0.04836 j4=0.27187 bset=0.68316 div=0.00000
Reco ep 044 | phys=1.000 | train total=2.34724 ar=0.60652 set=0.71607 eos=0.03058 cnt=4.82042 ang=0.08197 jpt=0.04652 je=0.04662 j4=0.22006 bset=0.71607 div=0.00000 | val total=2.26002 ar=0.54385 set=0.66436 eos=0.03035 cnt=4.91525 ang=0.07987 jpt=0.05142 je=0.05132 j4=0.28776 bset=0.66436 div=0.00000
Reco ep 046 | phys=1.000 | train total=2.32714 ar=0.59595 set=0.70080 eos=0.02646 cnt=4.85167 ang=0.08258 jpt=0.04685 je=0.04695 j4=0.22086 bset=0.70080 div=0.00000 | val total=2.38831 ar=0.60295 set=0.77046 eos=0.02358 cnt=4.69397 ang=0.08026 jpt=0.05940 je=0.05927 j4=0.34369 bset=0.77046 div=0.00000
Reco ep 048 | phys=1.000 | train total=2.34905 ar=0.59867 set=0.72434 eos=0.02942 cnt=4.83214 ang=0.08327 jpt=0.04517 je=0.04528 j4=0.21556 bset=0.72434 div=0.00000 | val total=2.32674 ar=0.57231 set=0.74483 eos=0.02304 cnt=4.74998 ang=0.07830 jpt=0.04406 je=0.04388 j4=0.24170 bset=0.74483 div=0.00000
Reco ep 050 | phys=1.000 | train total=2.37156 ar=0.61191 set=0.72358 eos=0.03128 cnt=4.87593 ang=0.08695 jpt=0.04592 je=0.04608 j4=0.21508 bset=0.72358 div=0.00000 | val total=2.49949 ar=0.59893 set=0.75865 eos=0.02408 cnt=5.42387 ang=0.09743 jpt=0.04521 je=0.04522 j4=0.17605 bset=0.75865 div=0.00000
Reco ep 052 | phys=1.000 | train total=2.34777 ar=0.59595 set=0.72167 eos=0.03170 cnt=4.85927 ang=0.08227 jpt=0.04225 je=0.04235 j4=0.21078 bset=0.72167 div=0.00000 | val total=3.34937 ar=0.89909 set=1.18033 eos=0.02758 cnt=5.65462 ang=0.07771 jpt=0.14268 je=0.14244 j4=0.65313 bset=1.18033 div=0.00000
Reco ep 054 | phys=1.000 | train total=2.45268 ar=0.64259 set=0.76919 eos=0.03069 cnt=4.88815 ang=0.08422 jpt=0.04844 je=0.04862 j4=0.23550 bset=0.76919 div=0.00000 | val total=2.37044 ar=0.56240 set=0.71628 eos=0.02284 cnt=5.19456 ang=0.08296 jpt=0.03916 je=0.03908 j4=0.18460 bset=0.71628 div=0.00000
Reco ep 056 | phys=1.000 | train total=2.54861 ar=0.70072 set=0.78299 eos=0.02955 cnt=4.90760 ang=0.08736 jpt=0.09073 je=0.09085 j4=0.27249 bset=0.78299 div=0.00000 | val total=2.80824 ar=0.71744 set=1.01984 eos=0.02217 cnt=4.94612 ang=0.08325 jpt=0.06973 je=0.06979 j4=0.35811 bset=1.01984 div=0.00000
Reco ep 058 | phys=1.000 | train total=2.52534 ar=0.68126 set=0.79575 eos=0.02895 cnt=4.87843 ang=0.08429 jpt=0.06546 je=0.06549 j4=0.26802 bset=0.79575 div=0.00000 | val total=2.88352 ar=0.75015 set=1.05187 eos=0.04848 cnt=5.04573 ang=0.07966 jpt=0.05280 je=0.05265 j4=0.28262 bset=1.05187 div=0.00000
Reco ep 060 | phys=1.000 | train total=2.42483 ar=0.63081 set=0.76158 eos=0.02884 cnt=4.83992 ang=0.08498 jpt=0.05194 je=0.05209 j4=0.23639 bset=0.76158 div=0.00000 | val total=2.86855 ar=0.72688 set=1.01231 eos=0.02496 cnt=5.13234 ang=0.08028 jpt=0.09714 je=0.09707 j4=0.46547 bset=1.01231 div=0.00000
Reco ep 062 | phys=1.000 | train total=2.45376 ar=0.64926 set=0.77624 eos=0.03312 cnt=4.82940 ang=0.08456 jpt=0.04944 je=0.04962 j4=0.21737 bset=0.77624 div=0.00000 | val total=2.39083 ar=0.57561 set=0.70406 eos=0.03344 cnt=5.26033 ang=0.08478 jpt=0.04899 je=0.04895 j4=0.18539 bset=0.70406 div=0.00000
Reco ep 064 | phys=1.000 | train total=2.65838 ar=0.74477 set=0.85957 eos=0.03216 cnt=4.86513 ang=0.08743 jpt=0.08327 je=0.08351 j4=0.27182 bset=0.85957 div=0.00000 | val total=2.79405 ar=0.82336 set=0.92071 eos=0.03016 cnt=4.83414 ang=0.08740 jpt=0.09177 je=0.09181 j4=0.26510 bset=0.92071 div=0.00000
Reco ep 066 | phys=1.000 | train total=2.50168 ar=0.67520 set=0.80016 eos=0.02953 cnt=4.82059 ang=0.08235 jpt=0.04988 je=0.05010 j4=0.22491 bset=0.80016 div=0.00000 | val total=2.48797 ar=0.61468 set=0.77129 eos=0.02466 cnt=5.23875 ang=0.08325 jpt=0.04595 je=0.04599 j4=0.16869 bset=0.77129 div=0.00000
Early stopping reconstructor at epoch 67
Best reconstructor val metrics:
  val_total: 2.219610
  val_ar: 0.484427
  val_set: 0.572600
  val_eos: 0.025280
  val_count: 5.480736
  val_angle: 0.080745
  val_jetpt: 0.053289
  val_jete: 0.053258
  val_fourvec: 0.265801
Building reconstructed dataset...

========================================================================
STEP 5: TAGGERS ON RECONSTRUCTED VIEW
========================================================================
RecoOnly ep 5: train_auc=0.8754, val_auc=0.8785, val_fpr50=0.045761, best_auc=0.8785
RecoOnly ep 10: train_auc=0.8950, val_auc=0.8925, val_fpr50=0.035590, best_auc=0.8925
RecoOnly ep 15: train_auc=0.9034, val_auc=0.8957, val_fpr50=0.038965, best_auc=0.9002
RecoOnly ep 20: train_auc=0.9113, val_auc=0.8962, val_fpr50=0.038582, best_auc=0.9002
RecoOnly ep 25: train_auc=0.9201, val_auc=0.8943, val_fpr50=0.039227, best_auc=0.9002
RecoOnly ep 30: train_auc=0.9315, val_auc=0.8864, val_fpr50=0.046833, best_auc=0.9002
Early stopping RecoOnly at epoch 32
DualView ep 5: train_auc=0.8904, val_auc=0.9026, val_fpr50=0.030580, best_auc=0.9026
DualView ep 10: train_auc=0.9085, val_auc=0.9107, val_fpr50=0.026783, best_auc=0.9107
DualView ep 15: train_auc=0.9169, val_auc=0.9118, val_fpr50=0.024474, best_auc=0.9147
DualView ep 20: train_auc=0.9223, val_auc=0.9141, val_fpr50=0.024844, best_auc=0.9147
DualView ep 25: train_auc=0.9281, val_auc=0.9103, val_fpr50=0.025605, best_auc=0.9147
DualView ep 30: train_auc=0.9361, val_auc=0.9056, val_fpr50=0.030559, best_auc=0.9147
Early stopping DualView at epoch 31
DualView+Conf ep 5: train_auc=0.8876, val_auc=0.8738, val_fpr50=0.063878, best_auc=0.8851
DualView+Conf ep 10: train_auc=0.9081, val_auc=0.9123, val_fpr50=0.025810, best_auc=0.9123
DualView+Conf ep 15: train_auc=0.9162, val_auc=0.9128, val_fpr50=0.026916, best_auc=0.9128
DualView+Conf ep 20: train_auc=0.9230, val_auc=0.9116, val_fpr50=0.025168, best_auc=0.9133
DualView+Conf ep 25: train_auc=0.9283, val_auc=0.9126, val_fpr50=0.027165, best_auc=0.9133
DualView+Conf ep 30: train_auc=0.9365, val_auc=0.9062, val_fpr50=0.030035, best_auc=0.9133
DualView+Conf ep 35: train_auc=0.9462, val_auc=0.9027, val_fpr50=0.030554, best_auc=0.9133
Early stopping DualView+Conf at epoch 35

========================================================================
FINAL TEST EVALUATION
========================================================================
Teacher (Offline) AUC: 0.947009
Baseline (HLT)   AUC: 0.912979
RecoOnly         AUC: 0.897575
DualView         AUC: 0.911959
DualView+Conf    AUC: 0.911262

FPR@30
  Teacher/HLT/RecoOnly/Dual/Dual+Conf: 0.003620 / 0.007421 / 0.009510 / 0.007416 / 0.006683
FPR@50
  Teacher/HLT/RecoOnly/Dual/Dual+Conf: 0.014303 / 0.025849 / 0.034033 / 0.026937 / 0.026585

Jet pT response (test, vs offline truth):
  HLT  mean/std: 0.828682 / 0.198368 | Reco mean/std: 1.284942 / 0.449914
Saved fusion score arrays to: checkpoints/reco_teacher_joint_fusion_6model_150k75k150k/model22_joint_seq2seq_nexttoken_v2/model22v2_seq2seq_full_hungarian_50k20k100k_seed0/fusion_scores_val_test.npz

Saved results to: checkpoints/reco_teacher_joint_fusion_6model_150k75k150k/model22_joint_seq2seq_nexttoken_v2/model22v2_seq2seq_full_hungarian_50k20k100k_seed0
Done: checkpoints/reco_teacher_joint_fusion_6model_150k75k150k/model22_joint_seq2seq_nexttoken_v2/model22v2_seq2seq_full_hungarian_50k20k100k_seed0
