/home/ryreu/miniconda3/envs/atlas_kd/lib/python3.10/site-packages/torch/nn/modules/transformer.py:379: UserWarning: enable_nested_tensor is True, but self.use_nested_tensor is False because encoder_layer.norm_first was True
  warnings.warn(
/home/ryreu/miniconda3/envs/atlas_kd/lib/python3.10/site-packages/torch/nn/modules/transformer.py:379: UserWarning: enable_nested_tensor is True, but self.use_nested_tensor is False because encoder_layer.norm_first was True
  warnings.warn(
/home/ryreu/miniconda3/envs/atlas_kd/lib/python3.10/site-packages/torch/nn/modules/transformer.py:379: UserWarning: enable_nested_tensor is True, but self.use_nested_tensor is False because encoder_layer.norm_first was True
  warnings.warn(
Traceback (most recent call last):
  File "/home/ryreu/atlas/PracticeTagging/offline_reconstructor_joint_dualview_seq2seq_nexttoken_m23_multihyp.py", line 12, in <module>
    main()
  File "/home/ryreu/atlas/PracticeTagging/offline_reconstructor_joint_dualview_seq2seq_nexttoken_v2.py", line 2303, in main
    set_loss_mode=str(args.set_loss_mode),
  File "/home/ryreu/atlas/PracticeTagging/offline_reconstructor_joint_dualview_seq2seq_nexttoken_v2.py", line 1854, in train_selector_model
    logits = selector(xb)
  File "/home/ryreu/miniconda3/envs/atlas_kd/lib/python3.10/site-packages/torch/_tensor.py", line 581, in backward
    torch.autograd.backward(
  File "/home/ryreu/miniconda3/envs/atlas_kd/lib/python3.10/site-packages/torch/autograd/__init__.py", line 347, in backward
    _engine_run_backward(
  File "/home/ryreu/miniconda3/envs/atlas_kd/lib/python3.10/site-packages/torch/autograd/graph.py", line 825, in _engine_run_backward
    return Variable._execution_engine.run_backward(  # Calls into the C++ engine to run the backward pass
RuntimeError: one of the variables needed for gradient computation has been modified by an inplace operation: [torch.cuda.FloatTensor [512, 6]], which is output 0 of ReluBackward0, is at version 1; expected version 0 instead. Hint: enable anomaly detection to find the operation that failed to compute its gradient, with torch.autograd.set_detect_anomaly(True).
