============================================================
Model-23 MultiHyp K=6 (winner=hybrid)
Run:   checkpoints/reco_teacher_joint_fusion_6model_150k75k150k/model23_multihyp_k6/model23_multihyp_k6_hybrid_50k20k100k_seed0
Split: train=50000, val=20000, test=100000
============================================================
 python offline_reconstructor_joint_dualview_seq2seq_nexttoken_m23_multihyp.py --save_dir checkpoints/reco_teacher_joint_fusion_6model_150k75k150k/model23_multihyp_k6 --run_name model23_multihyp_k6_hybrid_50k20k100k_seed0 --n_train_jets 170000 --n_train_split 50000 --n_val_split 20000 --n_test_split 100000 --offset_jets 0 --max_constits 100 --num_workers 1 --seed 0 --reco_epochs 140 --reco_batch_size 96 --reco_lr 1.8e-4 --reco_patience 28 --reco_min_epochs 40 --reco_huber_delta 0.10 --num_hypotheses 6 --winner_mode hybrid --winner_hybrid_alpha 1.0 --winner_hybrid_beta 0.5 --joint_epochs 12 --joint_lr 1.2e-4 --joint_patience 6 --selector_epochs 45 --selector_lr 2e-3 --selector_patience 8 --selector_rank_weight 0.20 --selector_rank_margin 0.25 --use_coord_residual_param --enable_scale_sensitive_weighting --scale_pt_power 0.85 --scale_weight_cap 6.0 --angle_pt_power 1.0 --loss_w_ar 1.0 --loss_w_set 1.0 --set_loss_mode chamfer --set_unmatched_penalty 0.35 --loss_w_best_set 2.8 --loss_w_diversity 0.10 --loss_w_eos 0.20 --loss_w_count 0.20 --loss_w_ptr_entropy 0.0015 --loss_w_angle 0.18 --loss_w_jetpt 0.30 --loss_w_jete 0.08 --loss_w_4vec 0.10 --physics_warmup_epochs 20 --response_n_bins 20 --response_min_count 200 --save_fusion_scores --device cuda
Device: cuda
Save dir: checkpoints/reco_teacher_joint_fusion_6model_150k75k150k/model23_multihyp_k6/model23_multihyp_k6_hybrid_50k20k100k_seed0
Loading offline constituents...
Generating pseudo-HLT...
Computing features...
Split sizes: Train=50000, Val=20000, Test=100000

========================================================================
STEP 1: TEACHER (Offline)
========================================================================
Teacher ep 5: train_auc=0.9278, val_auc=0.8964, val_fpr50=0.044963, best_auc=0.9129
Teacher ep 10: train_auc=0.9449, val_auc=0.9417, val_fpr50=0.018129, best_auc=0.9427
Teacher ep 15: train_auc=0.9496, val_auc=0.9446, val_fpr50=0.014445, best_auc=0.9462
Teacher ep 20: train_auc=0.9546, val_auc=0.9457, val_fpr50=0.015392, best_auc=0.9471
Teacher ep 25: train_auc=0.9600, val_auc=0.9456, val_fpr50=0.014956, best_auc=0.9474
Teacher ep 30: train_auc=0.9650, val_auc=0.9416, val_fpr50=0.018254, best_auc=0.9474
Teacher ep 35: train_auc=0.9718, val_auc=0.9395, val_fpr50=0.016467, best_auc=0.9474
Teacher ep 40: train_auc=0.9780, val_auc=0.9337, val_fpr50=0.018665, best_auc=0.9474
Early stopping Teacher at epoch 41

========================================================================
STEP 2: BASELINE (HLT)
========================================================================
HLT ep 5: train_auc=0.8854, val_auc=0.8728, val_fpr50=0.059302, best_auc=0.8728
HLT ep 10: train_auc=0.9082, val_auc=0.9124, val_fpr50=0.026459, best_auc=0.9145
HLT ep 15: train_auc=0.9160, val_auc=0.9104, val_fpr50=0.026110, best_auc=0.9152
HLT ep 20: train_auc=0.9213, val_auc=0.9144, val_fpr50=0.024414, best_auc=0.9152
HLT ep 25: train_auc=0.9276, val_auc=0.9154, val_fpr50=0.022746, best_auc=0.9154
HLT ep 30: train_auc=0.9337, val_auc=0.9088, val_fpr50=0.028368, best_auc=0.9154
HLT ep 35: train_auc=0.9416, val_auc=0.9079, val_fpr50=0.026989, best_auc=0.9154
HLT ep 40: train_auc=0.9502, val_auc=0.9041, val_fpr50=0.031191, best_auc=0.9154
Early stopping HLT at epoch 43

========================================================================
STEP 3: SEQ2SEQ RECONSTRUCTOR (Continuous AR + Beam Length)
========================================================================
Reco ep 001 | phys=0.050 | train total=6.36268 ar=1.06828 set=0.86103 eos=0.06751 cnt=14.09370 ang=0.21587 jpt=0.15468 je=0.15817 j4=0.52726 bset=0.84692 div=0.82665 | val total=3.73500 ar=0.81420 set=0.65006 eos=0.03610 cnt=5.57092 ang=0.08808 jpt=0.11369 je=0.11550 j4=0.56934 bset=0.61580 div=0.68409
Reco ep 002 | phys=0.100 | train total=3.32133 ar=0.65699 set=0.52086 eos=0.03712 cnt=5.98225 ang=0.09094 jpt=0.06909 je=0.06956 j4=0.27925 bset=0.49577 div=0.64512 | val total=3.07151 ar=0.55779 set=0.50784 eos=0.04093 cnt=5.45452 ang=0.07269 jpt=0.05758 je=0.05719 j4=0.30401 bset=0.48010 div=0.62889
Reco ep 004 | phys=0.200 | train total=2.96466 ar=0.56219 set=0.47653 eos=0.03288 cnt=5.30815 ang=0.07729 jpt=0.05247 je=0.05280 j4=0.23609 bset=0.44962 div=0.62919 | val total=3.11957 ar=0.61252 set=0.57218 eos=0.03861 cnt=5.01711 ang=0.06778 jpt=0.04766 je=0.04836 j4=0.27156 bset=0.50650 div=0.64964
Reco ep 006 | phys=0.300 | train total=2.81214 ar=0.52287 set=0.45310 eos=0.02986 cnt=5.05413 ang=0.07515 jpt=0.04579 je=0.04610 j4=0.21563 bset=0.42575 div=0.63695 | val total=2.86843 ar=0.61988 set=0.44632 eos=0.03111 cnt=4.98060 ang=0.06802 jpt=0.06951 je=0.06908 j4=0.38686 bset=0.41421 div=0.62163
Reco ep 008 | phys=0.400 | train total=2.77212 ar=0.50535 set=0.44630 eos=0.02794 cnt=5.02865 ang=0.07367 jpt=0.04360 je=0.04381 j4=0.21147 bset=0.41791 div=0.64148 | val total=2.78234 ar=0.44347 set=0.42010 eos=0.02117 cnt=5.65507 ang=0.07157 jpt=0.03459 je=0.03449 j4=0.21205 bset=0.39880 div=0.67217
Reco ep 010 | phys=0.500 | train total=2.75106 ar=0.49562 set=0.44279 eos=0.02618 cnt=4.99352 ang=0.07221 jpt=0.04276 je=0.04303 j4=0.20528 bset=0.41469 div=0.64799 | val total=2.70558 ar=0.43570 set=0.41832 eos=0.02116 cnt=5.30883 ang=0.06919 jpt=0.03839 je=0.03799 j4=0.22830 bset=0.39739 div=0.65486
Reco ep 012 | phys=0.600 | train total=2.69672 ar=0.46815 set=0.43512 eos=0.02570 cnt=4.90691 ang=0.07159 jpt=0.03771 je=0.03797 j4=0.19830 bset=0.40976 div=0.65794 | val total=2.83078 ar=0.59790 set=0.44586 eos=0.01979 cnt=4.94942 ang=0.06544 jpt=0.04959 je=0.04900 j4=0.30030 bset=0.40517 div=0.67500
Reco ep 014 | phys=0.700 | train total=2.67937 ar=0.45047 set=0.43125 eos=0.02502 cnt=4.92688 ang=0.07209 jpt=0.03499 je=0.03519 j4=0.19177 bset=0.40703 div=0.66421 | val total=2.62040 ar=0.39728 set=0.41437 eos=0.03448 cnt=5.04409 ang=0.06693 jpt=0.03332 je=0.03319 j4=0.22650 bset=0.39377 div=0.70967
Reco ep 016 | phys=0.800 | train total=2.61607 ar=0.42470 set=0.41965 eos=0.02436 cnt=4.85015 ang=0.07079 jpt=0.03048 je=0.03062 j4=0.17894 bset=0.39765 div=0.68793 | val total=2.70110 ar=0.50926 set=0.40604 eos=0.02009 cnt=4.92351 ang=0.06492 jpt=0.03754 je=0.03716 j4=0.26656 bset=0.38835 div=0.73045
Reco ep 018 | phys=0.900 | train total=2.58891 ar=0.41348 set=0.41243 eos=0.02217 cnt=4.81843 ang=0.07015 jpt=0.03088 je=0.03110 j4=0.18453 bset=0.39209 div=0.70438 | val total=2.60714 ar=0.43189 set=0.39291 eos=0.01910 cnt=5.10986 ang=0.07134 jpt=0.03042 je=0.02995 j4=0.22170 bset=0.36976 div=0.71641
Reco ep 020 | phys=1.000 | train total=2.58501 ar=0.40062 set=0.41439 eos=0.02375 cnt=4.84062 ang=0.07158 jpt=0.02705 je=0.02722 j4=0.17206 bset=0.39274 div=0.71049 | val total=2.54672 ar=0.40836 set=0.38894 eos=0.01894 cnt=4.83972 ang=0.06532 jpt=0.03064 je=0.03036 j4=0.23509 bset=0.37282 div=0.75400
Reco ep 022 | phys=1.000 | train total=2.52661 ar=0.38705 set=0.40457 eos=0.02127 cnt=4.74375 ang=0.07106 jpt=0.02437 je=0.02451 j4=0.16496 bset=0.38406 div=0.72311 | val total=2.53781 ar=0.37798 set=0.37092 eos=0.01795 cnt=5.30739 ang=0.06949 jpt=0.02813 je=0.02779 j4=0.22834 bset=0.34813 div=0.73623
Reco ep 024 | phys=1.000 | train total=2.53891 ar=0.38811 set=0.40769 eos=0.02256 cnt=4.75691 ang=0.07128 jpt=0.02357 je=0.02372 j4=0.16434 bset=0.38722 div=0.72116 | val total=2.43070 ar=0.35038 set=0.37053 eos=0.01885 cnt=4.88164 ang=0.06666 jpt=0.02139 je=0.02127 j4=0.18887 bset=0.35236 div=0.74265
Reco ep 026 | phys=1.000 | train total=2.47817 ar=0.37047 set=0.39499 eos=0.02160 cnt=4.73288 ang=0.07091 jpt=0.02032 je=0.02041 j4=0.15602 bset=0.37428 div=0.72405 | val total=2.48284 ar=0.35307 set=0.37003 eos=0.02128 cnt=5.15203 ang=0.06983 jpt=0.01296 je=0.01310 j4=0.13066 bset=0.35230 div=0.77736
Reco ep 028 | phys=1.000 | train total=2.49698 ar=0.38315 set=0.39972 eos=0.02132 cnt=4.72293 ang=0.07164 jpt=0.02071 je=0.02080 j4=0.15913 bset=0.37726 div=0.71669 | val total=2.35896 ar=0.32649 set=0.36460 eos=0.02080 cnt=4.83703 ang=0.06684 jpt=0.01767 je=0.01759 j4=0.16119 bset=0.34121 div=0.70288
Reco ep 030 | phys=1.000 | train total=2.44152 ar=0.36050 set=0.38576 eos=0.02031 cnt=4.73594 ang=0.07051 jpt=0.01944 je=0.01956 j4=0.15146 bset=0.36450 div=0.73703 | val total=2.42136 ar=0.33974 set=0.36328 eos=0.02184 cnt=5.05222 ang=0.06661 jpt=0.01598 je=0.01606 j4=0.12260 bset=0.34234 div=0.77665
Reco ep 032 | phys=1.000 | train total=2.50904 ar=0.39424 set=0.40155 eos=0.02047 cnt=4.71955 ang=0.07293 jpt=0.02313 je=0.02324 j4=0.16262 bset=0.37759 div=0.71107 | val total=2.61851 ar=0.48993 set=0.39896 eos=0.02166 cnt=4.88418 ang=0.06821 jpt=0.03940 je=0.03904 j4=0.28330 bset=0.36441 div=0.71243
Reco ep 034 | phys=1.000 | train total=2.45678 ar=0.37159 set=0.39002 eos=0.02009 cnt=4.70821 ang=0.07262 jpt=0.02201 je=0.02213 j4=0.15889 bset=0.36760 div=0.72691 | val total=2.45543 ar=0.39523 set=0.36291 eos=0.02039 cnt=4.90578 ang=0.06650 jpt=0.02513 je=0.02485 j4=0.20193 bset=0.34172 div=0.76181
Reco ep 036 | phys=1.000 | train total=2.48832 ar=0.38026 set=0.39456 eos=0.02121 cnt=4.76258 ang=0.07192 jpt=0.02058 je=0.02065 j4=0.15910 bset=0.37257 div=0.71239 | val total=2.35185 ar=0.37594 set=0.35327 eos=0.01776 cnt=4.67184 ang=0.06630 jpt=0.02407 je=0.02374 j4=0.21101 bset=0.32886 div=0.74809
Reco ep 038 | phys=1.000 | train total=2.44987 ar=0.36682 set=0.39004 eos=0.02125 cnt=4.71224 ang=0.07170 jpt=0.01981 je=0.01989 j4=0.15467 bset=0.36745 div=0.71455 | val total=2.40831 ar=0.37585 set=0.36328 eos=0.02016 cnt=4.90308 ang=0.07206 jpt=0.01704 je=0.01688 j4=0.16837 bset=0.33518 div=0.72954
Reco ep 040 | phys=1.000 | train total=2.40719 ar=0.35880 set=0.37976 eos=0.02012 cnt=4.67141 ang=0.07242 jpt=0.01939 je=0.01945 j4=0.15306 bset=0.35795 div=0.71995 | val total=2.33380 ar=0.30820 set=0.34243 eos=0.01738 cnt=5.07009 ang=0.06761 jpt=0.01506 je=0.01506 j4=0.12976 bset=0.32246 div=0.74192
Reco ep 042 | phys=1.000 | train total=2.42572 ar=0.36025 set=0.38312 eos=0.02015 cnt=4.72940 ang=0.07230 jpt=0.01910 je=0.01914 j4=0.15327 bset=0.36054 div=0.70322 | val total=2.42379 ar=0.42233 set=0.37123 eos=0.01840 cnt=4.75258 ang=0.06713 jpt=0.02657 je=0.02644 j4=0.22135 bset=0.33259 div=0.71607
Reco ep 044 | phys=1.000 | train total=2.45003 ar=0.36881 set=0.39097 eos=0.02171 cnt=4.68589 ang=0.07193 jpt=0.02014 je=0.02016 j4=0.15679 bset=0.36968 div=0.68218 | val total=2.40685 ar=0.34691 set=0.36608 eos=0.02500 cnt=5.02225 ang=0.06815 jpt=0.01617 je=0.01594 j4=0.15243 bset=0.33808 div=0.70117
Reco ep 046 | phys=1.000 | train total=2.50649 ar=0.38636 set=0.40563 eos=0.02129 cnt=4.68920 ang=0.07147 jpt=0.02192 je=0.02203 j4=0.16484 bset=0.38289 div=0.68182 | val total=2.43241 ar=0.39283 set=0.36934 eos=0.01820 cnt=4.85466 ang=0.06609 jpt=0.02758 je=0.02744 j4=0.21355 bset=0.34009 div=0.68950
Reco ep 048 | phys=1.000 | train total=2.45008 ar=0.37436 set=0.38993 eos=0.01996 cnt=4.69000 ang=0.07327 jpt=0.02085 je=0.02092 j4=0.16060 bset=0.36722 div=0.68248 | val total=2.28289 ar=0.32969 set=0.33619 eos=0.01802 cnt=4.96464 ang=0.06760 jpt=0.01543 je=0.01537 j4=0.15254 bset=0.30463 div=0.70351
Reco ep 050 | phys=1.000 | train total=2.57743 ar=0.43555 set=0.41518 eos=0.02041 cnt=4.70924 ang=0.07436 jpt=0.02814 je=0.02821 j4=0.18234 bset=0.38848 div=0.65837 | val total=2.56546 ar=0.39227 set=0.40664 eos=0.01861 cnt=4.94997 ang=0.06638 jpt=0.02174 je=0.02217 j4=0.15614 bset=0.38493 div=0.65778
Reco ep 052 | phys=1.000 | train total=2.48027 ar=0.37404 set=0.39365 eos=0.02007 cnt=4.79480 ang=0.07469 jpt=0.02226 je=0.02227 j4=0.16199 bset=0.37014 div=0.68720 | val total=2.47941 ar=0.32120 set=0.38064 eos=0.01957 cnt=5.23034 ang=0.06804 jpt=0.01450 je=0.01449 j4=0.13121 bset=0.35950 div=0.70656
Reco ep 054 | phys=1.000 | train total=2.47860 ar=0.37841 set=0.39595 eos=0.02027 cnt=4.75376 ang=0.07399 jpt=0.02259 je=0.02264 j4=0.16150 bset=0.37147 div=0.67169 | val total=2.30433 ar=0.31015 set=0.33335 eos=0.01704 cnt=5.04955 ang=0.07118 jpt=0.01698 je=0.01692 j4=0.14063 bset=0.31257 div=0.72290
Reco ep 056 | phys=1.000 | train total=2.64427 ar=0.44205 set=0.42988 eos=0.02351 cnt=4.83545 ang=0.07511 jpt=0.02556 je=0.02562 j4=0.17178 bset=0.40183 div=0.64859 | val total=2.68201 ar=0.47634 set=0.39152 eos=0.01948 cnt=5.35516 ang=0.06973 jpt=0.03209 je=0.03185 j4=0.24819 bset=0.36120 div=0.69811
Reco ep 058 | phys=1.000 | train total=2.84772 ar=0.52305 set=0.46807 eos=0.02618 cnt=4.86104 ang=0.07773 jpt=0.04541 je=0.04567 j4=0.22047 bset=0.43938 div=0.63626 | val total=2.84828 ar=0.41011 set=0.42065 eos=0.02785 cnt=6.09916 ang=0.06952 jpt=0.02520 je=0.02493 j4=0.19505 bset=0.39464 div=0.66158
Reco ep 060 | phys=1.000 | train total=2.55565 ar=0.39963 set=0.40761 eos=0.02130 cnt=4.84279 ang=0.07458 jpt=0.02494 je=0.02502 j4=0.16870 bset=0.38420 div=0.67648 | val total=2.46385 ar=0.36183 set=0.37490 eos=0.02238 cnt=5.16446 ang=0.06688 jpt=0.01857 je=0.01840 j4=0.14045 bset=0.34458 div=0.66686
Reco ep 062 | phys=1.000 | train total=2.53844 ar=0.39307 set=0.40348 eos=0.02074 cnt=4.87718 ang=0.07479 jpt=0.02418 je=0.02426 j4=0.16504 bset=0.37828 div=0.67437 | val total=2.59997 ar=0.44108 set=0.38005 eos=0.01983 cnt=5.57414 ang=0.07132 jpt=0.03333 je=0.03301 j4=0.24038 bset=0.32878 div=0.69988
Reco ep 064 | phys=1.000 | train total=2.53488 ar=0.39440 set=0.40326 eos=0.02040 cnt=4.87274 ang=0.07491 jpt=0.02793 je=0.02799 j4=0.17275 bset=0.37612 div=0.67330 | val total=2.34213 ar=0.33285 set=0.36138 eos=0.01869 cnt=4.82501 ang=0.06969 jpt=0.01866 je=0.01883 j4=0.12487 bset=0.33569 div=0.68448
Reco ep 066 | phys=1.000 | train total=2.59375 ar=0.42599 set=0.41482 eos=0.02052 cnt=4.84037 ang=0.07729 jpt=0.03164 je=0.03166 j4=0.17678 bset=0.38755 div=0.66824 | val total=2.32921 ar=0.36163 set=0.35507 eos=0.01899 cnt=4.73644 ang=0.07123 jpt=0.02633 je=0.02594 j4=0.21844 bset=0.32217 div=0.69751
Reco ep 068 | phys=1.000 | train total=2.93555 ar=0.57157 set=0.47445 eos=0.02610 cnt=4.88709 ang=0.07931 jpt=0.05507 je=0.05517 j4=0.25072 bset=0.44803 div=0.66555 | val total=2.60430 ar=0.43846 set=0.40765 eos=0.02099 cnt=4.88826 ang=0.07307 jpt=0.03203 je=0.03198 j4=0.18340 bset=0.38303 div=0.67815
Reco ep 070 | phys=1.000 | train total=2.66647 ar=0.43848 set=0.42867 eos=0.02165 cnt=4.89193 ang=0.07554 jpt=0.03002 je=0.03007 j4=0.18519 bset=0.40503 div=0.67645 | val total=2.56024 ar=0.37373 set=0.37994 eos=0.01980 cnt=5.55810 ang=0.06858 jpt=0.01913 je=0.01887 j4=0.15514 bset=0.34492 div=0.70041
Reco ep 072 | phys=1.000 | train total=2.63062 ar=0.43992 set=0.41681 eos=0.02209 cnt=4.86280 ang=0.07536 jpt=0.03505 je=0.03512 j4=0.19523 bset=0.39244 div=0.68477 | val total=2.50714 ar=0.40501 set=0.38621 eos=0.01954 cnt=5.01745 ang=0.06904 jpt=0.02399 je=0.02411 j4=0.17787 bset=0.35223 div=0.69147
Reco ep 074 | phys=1.000 | train total=2.57035 ar=0.40733 set=0.40712 eos=0.02082 cnt=4.91511 ang=0.07497 jpt=0.02885 je=0.02896 j4=0.17880 bset=0.38059 div=0.67840 | val total=2.52838 ar=0.39553 set=0.36682 eos=0.01856 cnt=5.37848 ang=0.07290 jpt=0.03557 je=0.03575 j4=0.24761 bset=0.33275 div=0.70328
Reco ep 076 | phys=1.000 | train total=2.79782 ar=0.46316 set=0.45695 eos=0.02367 cnt=4.96710 ang=0.07944 jpt=0.03598 je=0.03584 j4=0.21002 bset=0.43508 div=0.69301 | val total=2.64493 ar=0.42882 set=0.42020 eos=0.02141 cnt=5.07797 ang=0.07099 jpt=0.02831 je=0.02798 j4=0.21777 bset=0.38580 div=0.70702
Early stopping reconstructor at epoch 76
Best reconstructor val metrics:
  val_total: 2.282885
  val_ar: 0.329691
  val_set: 0.336191
  val_eos: 0.018017
  val_count: 4.964643
  val_angle: 0.067601
  val_jetpt: 0.015432
  val_jete: 0.015366
  val_fourvec: 0.152544

========================================================================
STEP 3B: JOINT-LIKE REFINEMENT (Tag-Aware Winner Guidance)
========================================================================
Reco ep 001 | phys=0.050 | train total=2.33231 ar=0.34838 set=0.37454 eos=0.01906 cnt=4.65504 ang=0.07199 jpt=0.01843 je=0.01851 j4=0.15062 bset=0.34933 div=0.69188 | val total=2.29441 ar=0.34950 set=0.34325 eos=0.01749 cnt=4.95750 ang=0.06928 jpt=0.01918 je=0.01909 j4=0.17490 bset=0.31313 div=0.71207
Reco ep 002 | phys=0.100 | train total=2.37601 ar=0.35946 set=0.38540 eos=0.02177 cnt=4.65187 ang=0.07238 jpt=0.01964 je=0.01968 j4=0.15872 bset=0.36079 div=0.67918 | val total=2.35546 ar=0.34913 set=0.35402 eos=0.03169 cnt=5.02518 ang=0.06915 jpt=0.01704 je=0.01694 j4=0.16673 bset=0.32834 div=0.71964
Reco ep 004 | phys=0.200 | train total=2.42589 ar=0.38657 set=0.39305 eos=0.02061 cnt=4.63269 ang=0.07398 jpt=0.02513 je=0.02513 j4=0.16852 bset=0.36790 div=0.70559 | val total=2.34382 ar=0.34652 set=0.34331 eos=0.01798 cnt=5.10793 ang=0.06830 jpt=0.02324 je=0.02305 j4=0.20521 bset=0.31725 div=0.75440
Reco ep 006 | phys=0.300 | train total=2.39416 ar=0.36783 set=0.39510 eos=0.01983 cnt=4.65213 ang=0.07560 jpt=0.02299 je=0.02303 j4=0.16992 bset=0.36076 div=0.69961 | val total=2.19523 ar=0.32395 set=0.32641 eos=0.01769 cnt=4.78318 ang=0.06986 jpt=0.01866 je=0.01833 j4=0.17464 bset=0.29533 div=0.73006
Reco ep 008 | phys=0.400 | train total=2.33275 ar=0.35461 set=0.39043 eos=0.01922 cnt=4.62088 ang=0.07759 jpt=0.02041 je=0.02041 j4=0.16520 bset=0.34460 div=0.69909 | val total=2.30800 ar=0.33384 set=0.33435 eos=0.01756 cnt=5.32797 ang=0.07020 jpt=0.01808 je=0.01794 j4=0.16157 bset=0.29176 div=0.73833
Reco ep 010 | phys=0.500 | train total=2.49646 ar=0.40551 set=0.40908 eos=0.01996 cnt=4.67873 ang=0.07570 jpt=0.02997 je=0.03001 j4=0.19090 bset=0.37805 div=0.70554 | val total=2.22213 ar=0.32674 set=0.35459 eos=0.02441 cnt=4.79296 ang=0.07256 jpt=0.01862 je=0.01848 j4=0.16672 bset=0.30196 div=0.67955
Reco ep 012 | phys=0.600 | train total=2.32971 ar=0.34485 set=0.38719 eos=0.01897 cnt=4.63477 ang=0.07747 jpt=0.01895 je=0.01895 j4=0.15542 bset=0.34360 div=0.69979 | val total=2.18145 ar=0.31930 set=0.33668 eos=0.01677 cnt=4.71573 ang=0.07306 jpt=0.02333 je=0.02319 j4=0.20114 bset=0.29262 div=0.71008
Best joint-like reconstructor val metrics:
  val_total: 2.181452
  val_ar: 0.319305
  val_set: 0.336677
  val_eos: 0.016767
  val_count: 4.715729
  val_angle: 0.073055
  val_jetpt: 0.023327
  val_jete: 0.023188
  val_fourvec: 0.201140
Building reconstructed dataset...

========================================================================
STEP 4: MULTI-HYP SELECTOR (K-Way)
========================================================================
