============================================================
Model-23 MultiHyp K=6 (winner=reco)
Run:   checkpoints/reco_teacher_joint_fusion_6model_150k75k150k/model23_multihyp_k6/model23_multihyp_k6_reco_50k20k100k_seed0
Split: train=50000, val=20000, test=100000
============================================================
 python offline_reconstructor_joint_dualview_seq2seq_nexttoken_m23_multihyp.py --save_dir checkpoints/reco_teacher_joint_fusion_6model_150k75k150k/model23_multihyp_k6 --run_name model23_multihyp_k6_reco_50k20k100k_seed0 --n_train_jets 170000 --n_train_split 50000 --n_val_split 20000 --n_test_split 100000 --offset_jets 0 --max_constits 100 --num_workers 1 --seed 0 --reco_epochs 140 --reco_batch_size 96 --reco_lr 1.8e-4 --reco_patience 28 --reco_min_epochs 40 --reco_huber_delta 0.10 --num_hypotheses 6 --winner_mode reco --joint_epochs 12 --joint_lr 1.2e-4 --joint_patience 6 --selector_epochs 45 --selector_lr 2e-3 --selector_patience 8 --selector_rank_weight 0.20 --selector_rank_margin 0.25 --use_coord_residual_param --enable_scale_sensitive_weighting --scale_pt_power 0.85 --scale_weight_cap 6.0 --angle_pt_power 1.0 --loss_w_ar 1.0 --loss_w_set 1.0 --set_loss_mode chamfer --set_unmatched_penalty 0.35 --loss_w_best_set 2.8 --loss_w_diversity 0.10 --loss_w_eos 0.20 --loss_w_count 0.20 --loss_w_ptr_entropy 0.0015 --loss_w_angle 0.18 --loss_w_jetpt 0.30 --loss_w_jete 0.08 --loss_w_4vec 0.10 --physics_warmup_epochs 20 --response_n_bins 20 --response_min_count 200 --save_fusion_scores --device cuda
Device: cuda
Save dir: checkpoints/reco_teacher_joint_fusion_6model_150k75k150k/model23_multihyp_k6/model23_multihyp_k6_reco_50k20k100k_seed0
Loading offline constituents...
Generating pseudo-HLT...
Computing features...
Split sizes: Train=50000, Val=20000, Test=100000

========================================================================
STEP 1: TEACHER (Offline)
========================================================================
Teacher ep 5: train_auc=0.9278, val_auc=0.8964, val_fpr50=0.044963, best_auc=0.9129
Teacher ep 10: train_auc=0.9449, val_auc=0.9417, val_fpr50=0.018129, best_auc=0.9427
Teacher ep 15: train_auc=0.9496, val_auc=0.9446, val_fpr50=0.014445, best_auc=0.9462
Teacher ep 20: train_auc=0.9546, val_auc=0.9457, val_fpr50=0.015392, best_auc=0.9471
Teacher ep 25: train_auc=0.9600, val_auc=0.9456, val_fpr50=0.014956, best_auc=0.9474
Teacher ep 30: train_auc=0.9650, val_auc=0.9416, val_fpr50=0.018254, best_auc=0.9474
Teacher ep 35: train_auc=0.9718, val_auc=0.9395, val_fpr50=0.016467, best_auc=0.9474
Teacher ep 40: train_auc=0.9780, val_auc=0.9337, val_fpr50=0.018665, best_auc=0.9474
Early stopping Teacher at epoch 41

========================================================================
STEP 2: BASELINE (HLT)
========================================================================
HLT ep 5: train_auc=0.8854, val_auc=0.8728, val_fpr50=0.059302, best_auc=0.8728
HLT ep 10: train_auc=0.9082, val_auc=0.9124, val_fpr50=0.026459, best_auc=0.9145
HLT ep 15: train_auc=0.9160, val_auc=0.9104, val_fpr50=0.026110, best_auc=0.9152
HLT ep 20: train_auc=0.9213, val_auc=0.9144, val_fpr50=0.024414, best_auc=0.9152
HLT ep 25: train_auc=0.9276, val_auc=0.9154, val_fpr50=0.022746, best_auc=0.9154
HLT ep 30: train_auc=0.9337, val_auc=0.9088, val_fpr50=0.028368, best_auc=0.9154
HLT ep 35: train_auc=0.9416, val_auc=0.9079, val_fpr50=0.026989, best_auc=0.9154
HLT ep 40: train_auc=0.9502, val_auc=0.9041, val_fpr50=0.031191, best_auc=0.9154
Early stopping HLT at epoch 43

========================================================================
STEP 3: SEQ2SEQ RECONSTRUCTOR (Continuous AR + Beam Length)
========================================================================
Reco ep 001 | phys=0.050 | train total=6.43541 ar=1.06420 set=0.85691 eos=0.06305 cnt=14.33982 ang=0.21705 jpt=0.15463 je=0.15716 j4=0.51246 bset=0.85691 div=0.83104 | val total=3.78735 ar=0.63058 set=0.66607 eos=0.03915 cnt=6.05586 ang=0.08129 jpt=0.05713 je=0.06177 j4=0.34185 bset=0.66607 div=0.67744
Reco ep 002 | phys=0.100 | train total=3.33155 ar=0.64164 set=0.50021 eos=0.03797 cnt=6.06263 ang=0.08687 jpt=0.06353 je=0.06412 j4=0.26578 bset=0.50021 div=0.61413 | val total=3.59001 ar=0.57789 set=0.50831 eos=0.03604 cnt=7.58537 ang=0.07174 jpt=0.07250 je=0.07396 j4=0.26119 bset=0.50831 div=0.57001
Reco ep 004 | phys=0.200 | train total=2.96937 ar=0.56080 set=0.45137 eos=0.03318 cnt=5.36504 ang=0.07653 jpt=0.05155 je=0.05195 j4=0.22793 bset=0.45137 div=0.52952 | val total=2.76755 ar=0.47150 set=0.41624 eos=0.03036 cnt=5.31414 ang=0.06954 jpt=0.04243 je=0.04249 j4=0.19649 bset=0.41624 div=0.51072
Reco ep 006 | phys=0.300 | train total=2.94203 ar=0.57641 set=0.44268 eos=0.03277 cnt=5.26884 ang=0.07435 jpt=0.05738 je=0.05766 j4=0.24221 bset=0.44268 div=0.47339 | val total=2.86982 ar=0.62853 set=0.42656 eos=0.02466 cnt=4.86436 ang=0.07707 jpt=0.06460 je=0.06492 j4=0.37118 bset=0.42656 div=0.45692
Reco ep 008 | phys=0.400 | train total=2.93170 ar=0.58487 set=0.43893 eos=0.03162 cnt=5.22014 ang=0.07336 jpt=0.05885 je=0.05916 j4=0.25581 bset=0.43893 div=0.42406 | val total=3.27712 ar=0.87074 set=0.46171 eos=0.03205 cnt=5.10577 ang=0.06806 jpt=0.10989 je=0.10907 j4=0.54319 bset=0.46171 div=0.42003
Reco ep 010 | phys=0.500 | train total=2.86171 ar=0.56166 set=0.43395 eos=0.02950 cnt=5.04979 ang=0.07407 jpt=0.05498 je=0.05526 j4=0.24660 bset=0.43395 div=0.39171 | val total=2.78961 ar=0.49248 set=0.41025 eos=0.02425 cnt=5.36559 ang=0.06836 jpt=0.05863 je=0.05847 j4=0.23307 bset=0.41025 div=0.41170
Reco ep 012 | phys=0.600 | train total=2.82326 ar=0.56279 set=0.42776 eos=0.02863 cnt=4.91591 ang=0.07275 jpt=0.05353 je=0.05382 j4=0.24199 bset=0.42776 div=0.38868 | val total=2.75889 ar=0.55292 set=0.41194 eos=0.02231 cnt=4.85652 ang=0.06727 jpt=0.05065 je=0.05035 j4=0.30812 bset=0.41194 div=0.39066
Reco ep 014 | phys=0.700 | train total=2.77871 ar=0.52148 set=0.42229 eos=0.02758 cnt=4.96504 ang=0.07265 jpt=0.04755 je=0.04773 j4=0.22204 bset=0.42229 div=0.38645 | val total=2.65973 ar=0.44628 set=0.40133 eos=0.02165 cnt=5.06067 ang=0.06929 jpt=0.04017 je=0.04026 j4=0.18496 bset=0.40133 div=0.40528
Reco ep 016 | phys=0.800 | train total=2.73395 ar=0.51742 set=0.41545 eos=0.02703 cnt=4.81574 ang=0.07166 jpt=0.04710 je=0.04730 j4=0.22573 bset=0.41545 div=0.41706 | val total=2.77088 ar=0.54472 set=0.41028 eos=0.02524 cnt=4.87456 ang=0.06681 jpt=0.05452 je=0.05382 j4=0.32577 bset=0.41028 div=0.44842
Reco ep 018 | phys=0.900 | train total=2.71465 ar=0.49828 set=0.41295 eos=0.02596 cnt=4.83203 ang=0.07146 jpt=0.04447 je=0.04464 j4=0.21642 bset=0.41295 div=0.41935 | val total=2.61707 ar=0.45275 set=0.38969 eos=0.02288 cnt=4.93909 ang=0.06603 jpt=0.03729 je=0.03759 j4=0.16700 bset=0.38969 div=0.41976
Reco ep 020 | phys=1.000 | train total=2.71251 ar=0.49239 set=0.41185 eos=0.02419 cnt=4.82177 ang=0.07224 jpt=0.04593 je=0.04617 j4=0.22031 bset=0.41185 div=0.45023 | val total=2.67217 ar=0.49460 set=0.38946 eos=0.02173 cnt=4.95075 ang=0.06563 jpt=0.04387 je=0.04431 j4=0.17457 bset=0.38946 div=0.46370
Reco ep 022 | phys=1.000 | train total=2.65809 ar=0.47253 set=0.40314 eos=0.02343 cnt=4.77688 ang=0.07123 jpt=0.04232 je=0.04247 j4=0.21014 bset=0.40314 div=0.46563 | val total=2.70569 ar=0.47129 set=0.40630 eos=0.01977 cnt=4.92311 ang=0.07041 jpt=0.04428 je=0.04420 j4=0.26777 bset=0.40630 div=0.51680
Reco ep 024 | phys=1.000 | train total=2.66070 ar=0.46603 set=0.40515 eos=0.02289 cnt=4.79073 ang=0.07308 jpt=0.04117 je=0.04136 j4=0.20338 bset=0.40515 div=0.48221 | val total=2.58092 ar=0.41047 set=0.39726 eos=0.01927 cnt=4.79993 ang=0.06649 jpt=0.03631 je=0.03636 j4=0.17825 bset=0.39726 div=0.50527
Reco ep 026 | phys=1.000 | train total=2.63577 ar=0.45722 set=0.40145 eos=0.02231 cnt=4.75342 ang=0.07226 jpt=0.04059 je=0.04078 j4=0.21050 bset=0.40145 div=0.49704 | val total=2.53275 ar=0.40691 set=0.37147 eos=0.01778 cnt=4.93294 ang=0.06623 jpt=0.03978 je=0.03978 j4=0.16824 bset=0.37147 div=0.51594
Reco ep 028 | phys=1.000 | train total=2.57343 ar=0.42853 set=0.39070 eos=0.02129 cnt=4.73817 ang=0.07122 jpt=0.03560 je=0.03578 j4=0.19577 bset=0.39070 div=0.52959 | val total=2.46625 ar=0.36393 set=0.36606 eos=0.01910 cnt=4.90170 ang=0.06787 jpt=0.02856 je=0.02848 j4=0.19043 bset=0.36606 div=0.50915
Reco ep 030 | phys=1.000 | train total=2.49001 ar=0.37488 set=0.38084 eos=0.02007 cnt=4.74833 ang=0.07148 jpt=0.02645 je=0.02652 j4=0.16427 bset=0.38084 div=0.55617 | val total=2.41121 ar=0.33554 set=0.36283 eos=0.01730 cnt=4.81971 ang=0.07091 jpt=0.02321 je=0.02314 j4=0.15206 bset=0.36283 div=0.55401
Reco ep 032 | phys=1.000 | train total=2.64335 ar=0.45701 set=0.38839 eos=0.25342 cnt=4.72237 ang=0.07438 jpt=0.04809 je=0.04805 j4=0.21136 bset=0.38839 div=0.50774 | val total=2.91811 ar=0.54465 set=0.44840 eos=0.02571 cnt=5.03567 ang=0.07626 jpt=0.04949 je=0.05020 j4=0.26444 bset=0.44840 div=0.46545
Reco ep 034 | phys=1.000 | train total=2.49571 ar=0.39374 set=0.38201 eos=0.02136 cnt=4.71860 ang=0.07297 jpt=0.02965 je=0.02975 j4=0.17689 bset=0.38201 div=0.42169 | val total=2.34340 ar=0.33454 set=0.34559 eos=0.01859 cnt=4.84370 ang=0.06812 jpt=0.02072 je=0.02061 j4=0.15571 bset=0.34559 div=0.32942
Reco ep 036 | phys=1.000 | train total=2.40736 ar=0.34964 set=0.37131 eos=0.01956 cnt=4.75938 ang=0.07230 jpt=0.02093 je=0.02097 j4=0.15442 bset=0.37131 div=0.25738 | val total=2.25233 ar=0.29894 set=0.33061 eos=0.01888 cnt=4.86110 ang=0.06717 jpt=0.01504 je=0.01502 j4=0.12207 bset=0.33061 div=0.21619
Reco ep 038 | phys=1.000 | train total=2.51323 ar=0.39943 set=0.38979 eos=0.02076 cnt=4.75654 ang=0.07504 jpt=0.02699 je=0.02714 j4=0.17144 bset=0.38979 div=0.25928 | val total=2.33042 ar=0.32261 set=0.34905 eos=0.01911 cnt=4.84757 ang=0.07017 jpt=0.02046 je=0.02036 j4=0.16695 bset=0.34905 div=0.19914
Reco ep 040 | phys=1.000 | train total=2.39110 ar=0.35725 set=0.36924 eos=0.01938 cnt=4.70506 ang=0.07349 jpt=0.02169 je=0.02171 j4=0.15213 bset=0.36924 div=0.18346 | val total=2.38372 ar=0.34710 set=0.33938 eos=0.01895 cnt=5.15335 ang=0.06981 jpt=0.02041 je=0.02066 j4=0.13368 bset=0.33938 div=0.18115
Reco ep 042 | phys=1.000 | train total=2.39224 ar=0.35583 set=0.36916 eos=0.01953 cnt=4.72869 ang=0.07219 jpt=0.02082 je=0.02084 j4=0.15434 bset=0.36916 div=0.16722 | val total=2.31611 ar=0.30434 set=0.33301 eos=0.01717 cnt=5.13054 ang=0.06746 jpt=0.01734 je=0.01718 j4=0.14946 bset=0.33301 div=0.16053
Reco ep 044 | phys=1.000 | train total=2.39165 ar=0.35122 set=0.36680 eos=0.01913 cnt=4.78282 ang=0.07224 jpt=0.02298 je=0.02303 j4=0.14870 bset=0.36680 div=0.16357 | val total=2.22776 ar=0.31842 set=0.31148 eos=0.01681 cnt=4.92971 ang=0.06773 jpt=0.01772 je=0.01774 j4=0.13184 bset=0.31148 div=0.15737
Reco ep 046 | phys=1.000 | train total=2.50076 ar=0.40363 set=0.38686 eos=0.02130 cnt=4.72224 ang=0.07397 jpt=0.02801 je=0.02807 j4=0.17463 bset=0.38686 div=0.23756 | val total=2.26484 ar=0.31618 set=0.33695 eos=0.01836 cnt=4.74460 ang=0.06884 jpt=0.02124 je=0.02119 j4=0.12918 bset=0.33695 div=0.19216
Reco ep 048 | phys=1.000 | train total=2.45455 ar=0.38466 set=0.37486 eos=0.01988 cnt=4.78389 ang=0.07316 jpt=0.02887 je=0.02891 j4=0.17783 bset=0.37486 div=0.17583 | val total=2.30138 ar=0.31502 set=0.32642 eos=0.01696 cnt=5.10556 ang=0.06922 jpt=0.01789 je=0.01792 j4=0.12267 bset=0.32642 div=0.16315
Reco ep 050 | phys=1.000 | train total=2.40818 ar=0.36884 set=0.36704 eos=0.01942 cnt=4.76495 ang=0.07350 jpt=0.02368 je=0.02370 j4=0.16326 bset=0.36704 div=0.16185 | val total=2.29687 ar=0.33790 set=0.32468 eos=0.01871 cnt=4.98768 ang=0.07005 jpt=0.01721 je=0.01720 j4=0.13816 bset=0.32468 div=0.15619
Reco ep 052 | phys=1.000 | train total=2.45294 ar=0.37858 set=0.37553 eos=0.01970 cnt=4.80037 ang=0.07395 jpt=0.02842 je=0.02847 j4=0.16102 bset=0.37553 div=0.18620 | val total=2.57948 ar=0.46745 set=0.36749 eos=0.02099 cnt=4.98424 ang=0.07046 jpt=0.05535 je=0.05569 j4=0.22145 bset=0.36749 div=0.26099
Reco ep 054 | phys=1.000 | train total=2.44982 ar=0.37928 set=0.37304 eos=0.01966 cnt=4.83074 ang=0.07302 jpt=0.02588 je=0.02595 j4=0.16060 bset=0.37304 div=0.16883 | val total=2.29790 ar=0.34241 set=0.31816 eos=0.01782 cnt=5.03028 ang=0.06804 jpt=0.02148 je=0.02125 j4=0.17466 bset=0.31816 div=0.17139
Reco ep 056 | phys=1.000 | train total=2.40492 ar=0.35202 set=0.36896 eos=0.01962 cnt=4.81699 ang=0.07235 jpt=0.02176 je=0.02179 j4=0.15047 bset=0.36896 div=0.16128 | val total=2.22966 ar=0.31103 set=0.31474 eos=0.01759 cnt=4.94426 ang=0.06893 jpt=0.01515 je=0.01506 j4=0.11952 bset=0.31474 div=0.14877
Reco ep 058 | phys=1.000 | train total=2.41297 ar=0.35827 set=0.37030 eos=0.02034 cnt=4.79551 ang=0.07263 jpt=0.02070 je=0.02070 j4=0.15328 bset=0.37030 div=0.18424 | val total=2.82033 ar=0.45811 set=0.40304 eos=0.02006 cnt=5.69725 ang=0.07183 jpt=0.02968 je=0.02989 j4=0.20952 bset=0.40304 div=0.45036
Reco ep 060 | phys=1.000 | train total=2.39081 ar=0.34744 set=0.36557 eos=0.01970 cnt=4.82603 ang=0.07326 jpt=0.01903 je=0.01908 j4=0.14953 bset=0.36557 div=0.15227 | val total=2.47499 ar=0.38343 set=0.36379 eos=0.01753 cnt=5.05944 ang=0.07174 jpt=0.02394 je=0.02374 j4=0.19516 bset=0.36379 div=0.16023
Reco ep 062 | phys=1.000 | train total=2.73919 ar=0.45721 set=0.42920 eos=0.02232 cnt=4.98604 ang=0.07701 jpt=0.05439 je=0.05442 j4=0.21036 bset=0.42920 div=0.22962 | val total=2.35387 ar=0.36357 set=0.33468 eos=0.01887 cnt=4.98457 ang=0.07070 jpt=0.02612 je=0.02604 j4=0.14803 bset=0.33468 div=0.15061
Reco ep 064 | phys=1.000 | train total=2.47238 ar=0.37178 set=0.38091 eos=0.02049 cnt=4.86026 ang=0.07432 jpt=0.02676 je=0.02675 j4=0.17223 bset=0.38091 div=0.17135 | val total=2.25348 ar=0.31762 set=0.32754 eos=0.01833 cnt=4.80515 ang=0.07175 jpt=0.01961 je=0.01934 j4=0.15453 bset=0.32754 div=0.18235
Reco ep 066 | phys=1.000 | train total=2.94830 ar=0.58099 set=0.46069 eos=0.03060 cnt=4.83995 ang=0.07747 jpt=0.05780 je=0.05788 j4=0.26986 bset=0.46069 div=0.40356 | val total=2.81562 ar=0.42454 set=0.41427 eos=0.02076 cnt=5.59229 ang=0.07483 jpt=0.05315 je=0.05329 j4=0.32997 bset=0.41427 div=0.41841
Reco ep 068 | phys=1.000 | train total=2.80106 ar=0.48201 set=0.44618 eos=0.02328 cnt=4.88705 ang=0.08158 jpt=0.04507 je=0.04517 j4=0.23126 bset=0.44618 div=0.32735 | val total=2.48195 ar=0.39564 set=0.36954 eos=0.01895 cnt=4.79677 ang=0.07501 jpt=0.03059 je=0.03047 j4=0.18048 bset=0.36954 div=0.45284
Reco ep 070 | phys=1.000 | train total=2.50139 ar=0.38061 set=0.38697 eos=0.02082 cnt=4.87854 ang=0.07466 jpt=0.02366 je=0.02371 j4=0.16302 bset=0.38697 div=0.18653 | val total=2.50235 ar=0.34254 set=0.38151 eos=0.01778 cnt=5.18331 ang=0.06822 jpt=0.02030 je=0.02033 j4=0.13578 bset=0.38151 div=0.17790
Reco ep 072 | phys=1.000 | train total=2.36669 ar=0.33771 set=0.36357 eos=0.02006 cnt=4.78623 ang=0.07206 jpt=0.01814 je=0.01816 j4=0.14390 bset=0.36357 div=0.15465 | val total=2.32109 ar=0.34794 set=0.33488 eos=0.01791 cnt=4.87828 ang=0.06945 jpt=0.02300 je=0.02285 j4=0.19735 bset=0.33488 div=0.15264
Reco ep 074 | phys=1.000 | train total=2.40913 ar=0.34477 set=0.37319 eos=0.02009 cnt=4.82293 ang=0.07315 jpt=0.01851 je=0.01858 j4=0.14668 bset=0.37319 div=0.15960 | val total=2.43720 ar=0.32303 set=0.35360 eos=0.01810 cnt=5.34214 ang=0.07102 jpt=0.01795 je=0.01803 j4=0.12758 bset=0.35360 div=0.19659
Reco ep 076 | phys=1.000 | train total=2.49449 ar=0.38444 set=0.38404 eos=0.02121 cnt=4.86891 ang=0.07446 jpt=0.02514 je=0.02524 j4=0.15932 bset=0.38404 div=0.17827 | val total=2.96520 ar=0.59229 set=0.41786 eos=0.01864 cnt=4.94178 ang=0.07346 jpt=0.22723 je=0.22946 j4=0.93148 bset=0.41786 div=0.17901
Early stopping reconstructor at epoch 77
Best reconstructor val metrics:
  val_total: 2.182412
  val_ar: 0.303510
  val_set: 0.305069
  val_eos: 0.017022
  val_count: 4.864458
  val_angle: 0.069399
  val_jetpt: 0.016578
  val_jete: 0.016459
  val_fourvec: 0.141565

========================================================================
STEP 3B: JOINT-LIKE REFINEMENT (Tag-Aware Winner Guidance)
========================================================================
Reco ep 001 | phys=0.050 | train total=2.33216 ar=0.35271 set=0.36236 eos=0.01907 cnt=4.71616 ang=0.07300 jpt=0.02224 je=0.02226 j4=0.15765 bset=0.36236 div=0.15900 | val total=2.16817 ar=0.32222 set=0.30939 eos=0.01663 cnt=4.79179 ang=0.07027 jpt=0.02311 je=0.02294 j4=0.18354 bset=0.30939 div=0.15964
Reco ep 002 | phys=0.100 | train total=2.32070 ar=0.35762 set=0.35731 eos=0.01855 cnt=4.69708 ang=0.07291 jpt=0.02241 je=0.02236 j4=0.16212 bset=0.35731 div=0.15671 | val total=2.38322 ar=0.38875 set=0.34295 eos=0.01623 cnt=5.04878 ang=0.06957 jpt=0.03421 je=0.03379 j4=0.24358 bset=0.34295 div=0.16187
Reco ep 004 | phys=0.200 | train total=2.32314 ar=0.34445 set=0.36030 eos=0.01869 cnt=4.71766 ang=0.07301 jpt=0.01926 je=0.01928 j4=0.15337 bset=0.36030 div=0.15391 | val total=2.27491 ar=0.32768 set=0.33675 eos=0.01942 cnt=4.89386 ang=0.06983 jpt=0.01750 je=0.01753 j4=0.12556 bset=0.33675 div=0.15277
Reco ep 006 | phys=0.300 | train total=2.27749 ar=0.33288 set=0.34894 eos=0.01861 cnt=4.68868 ang=0.07263 jpt=0.01856 je=0.01861 j4=0.14381 bset=0.34894 div=0.15762 | val total=2.24090 ar=0.29304 set=0.29726 eos=0.01839 cnt=5.43195 ang=0.06920 jpt=0.01571 je=0.01568 j4=0.13237 bset=0.29726 div=0.15933
Reco ep 008 | phys=0.400 | train total=2.31775 ar=0.35065 set=0.35680 eos=0.01920 cnt=4.66334 ang=0.07228 jpt=0.02144 je=0.02148 j4=0.15371 bset=0.35680 div=0.16921 | val total=2.31438 ar=0.37128 set=0.33433 eos=0.01752 cnt=4.83926 ang=0.06937 jpt=0.02707 je=0.02695 j4=0.20120 bset=0.33433 div=0.18436
Reco ep 010 | phys=0.500 | train total=2.42543 ar=0.35164 set=0.38901 eos=0.01940 cnt=4.73440 ang=0.07401 jpt=0.01900 je=0.01905 j4=0.15261 bset=0.38901 div=0.15876 | val total=2.19870 ar=0.33162 set=0.30755 eos=0.01666 cnt=4.84146 ang=0.06905 jpt=0.01936 je=0.01913 j4=0.17982 bset=0.30755 div=0.15417
Early stopping reconstructor at epoch 11
Best joint-like reconstructor val metrics:
  val_total: 2.131869
  val_ar: 0.297306
  val_set: 0.307164
  val_eos: 0.017420
  val_count: 4.738902
  val_angle: 0.070295
  val_jetpt: 0.015753
  val_jete: 0.015666
  val_fourvec: 0.121547
Building reconstructed dataset...

========================================================================
STEP 4: MULTI-HYP SELECTOR (K-Way)
========================================================================
