============================================================
Model-25 K=1 StrictTF+Sched+FreeRun
Run:   checkpoints/reco_teacher_joint_fusion_6model_150k75k150k/model25_strictsched/model25_k1_strictsched_50k20k100k_seed0
Split: train=30000, val=10000, test=100000
============================================================
 python offline_reconstructor_joint_dualview_seq2seq_nexttoken_m25_strictsched.py --save_dir checkpoints/reco_teacher_joint_fusion_6model_150k75k150k/model25_strictsched --run_name model25_k1_strictsched_50k20k100k_seed0 --n_train_jets 140000 --n_train_split 30000 --n_val_split 10000 --n_test_split 100000 --offset_jets 0 --max_constits 100 --num_workers 1 --seed 0 --reco_epochs 175 --reco_batch_size 112 --reco_lr 1.8e-4 --reco_patience 30 --reco_min_epochs 45 --reco_huber_delta 0.12 --beam_size 4 --beam_len_sigma 1.35 --beam_temperature 0.9 --num_hypotheses 1 --joint_epochs 0 --set_loss_mode hungarian --ar_use_hungarian_target --loss_w_ar 1.0 --loss_w_set 1.0 --loss_w_eos 0.20 --loss_w_count 0.20 --loss_w_ptr_entropy 0.002 --loss_w_conf_rank 0.20 --loss_w_conf_prefix 0.12 --conf_margin 0.06 --conf_prefix_tau 16.0 --loss_w_jetpt 0.08 --loss_w_4vec 0.03 --loss_w_jete 0.00 --loss_w_angle 0.00 --physics_warmup_epochs 12 --phase1_end_epoch 15 --phase2_end_epoch 75 --phase3_end_epoch 127 --phase2_alpha_fr_end 0.70 --phase3_alpha_fr_end 0.95 --phase4_alpha_fr 0.95 --phase2_ss_end 0.60 --phase3_ss_end 0.90 --phase4_ss 0.90 --phase2_free_run_every_n 2 --phase3_free_run_every_n 1 --phase4_free_run_every_n 1 --phase_lr_decay 0.80 --save_fusion_scores --device cuda
Device: cuda
Save dir: checkpoints/reco_teacher_joint_fusion_6model_150k75k150k/model25_strictsched/model25_k1_strictsched_50k20k100k_seed0
Loading offline constituents...
Generating pseudo-HLT...
Computing features...
Split sizes: Train=30000, Val=10000, Test=100000

========================================================================
STEP 1: TEACHER (Offline)
========================================================================
Teacher ep 5: train_auc=0.9139, val_auc=0.9072, val_fpr50=0.050382, best_auc=0.9183
Teacher ep 10: train_auc=0.9401, val_auc=0.9419, val_fpr50=0.018898, best_auc=0.9419
Teacher ep 15: train_auc=0.9474, val_auc=0.9394, val_fpr50=0.017403, best_auc=0.9439
Teacher ep 20: train_auc=0.9536, val_auc=0.9322, val_fpr50=0.023334, best_auc=0.9439
Teacher ep 25: train_auc=0.9592, val_auc=0.9391, val_fpr50=0.021210, best_auc=0.9439
Teacher ep 30: train_auc=0.9653, val_auc=0.9391, val_fpr50=0.024647, best_auc=0.9439
Early stopping Teacher at epoch 31

========================================================================
STEP 2: BASELINE (HLT)
========================================================================
HLT ep 5: train_auc=0.8794, val_auc=0.8800, val_fpr50=0.041981, best_auc=0.8800
HLT ep 10: train_auc=0.9058, val_auc=0.9052, val_fpr50=0.027617, best_auc=0.9099
HLT ep 15: train_auc=0.9153, val_auc=0.9095, val_fpr50=0.030771, best_auc=0.9116
HLT ep 20: train_auc=0.9220, val_auc=0.9126, val_fpr50=0.026299, best_auc=0.9126
HLT ep 25: train_auc=0.9300, val_auc=0.9042, val_fpr50=0.030700, best_auc=0.9128
HLT ep 30: train_auc=0.9371, val_auc=0.9015, val_fpr50=0.031349, best_auc=0.9128
HLT ep 35: train_auc=0.9449, val_auc=0.9000, val_fpr50=0.035977, best_auc=0.9128
HLT ep 40: train_auc=0.9550, val_auc=0.8933, val_fpr50=0.038562, best_auc=0.9128
Early stopping HLT at epoch 41

========================================================================
STEP 3: SEQ2SEQ RECONSTRUCTOR (Continuous AR + Beam Length)
========================================================================
Entering phase 1 (stabilize) at epoch 1
Reco ep 001 | t=00:05:03 eta=14:40:15 | phase=1:stabilize phys=0.083 tf=strict ss=0.00 mixFR=0.00@0 | train total=7.78581 ar=2.29549 set=2.52492 eos=0.13124 cnt=13.28181 ang=0.08673 jpt=0.95156 je=0.95068 j4=0.72324 crk=0.33260 cpre=1.73342 bset=2.52492 div=0.00000 fr=0.00000 | valTF total=6.30287 ar=2.27524 set=2.51380 eos=0.05002 cnt=6.53587 ang=0.08132 jpt=0.96537 je=0.96896 j4=0.72698 crk=0.04391 cpre=1.49655 bset=2.51380 div=0.00000 | valFR total=6.60579 ar=2.27522 set=2.51379 eos=1.56425 cnt=6.53587 ang=0.08132 jpt=0.96536 je=0.96896 j4=0.72698 crk=0.04399 cpre=1.49727 bset=2.51379 div=0.00000
Reco ep 002 | t=00:05:00 eta=14:30:30 | phase=1:stabilize phys=0.167 tf=strict ss=0.00 mixFR=0.00@0 | train total=6.39384 ar=2.29360 set=2.52868 eos=0.06714 cnt=6.79782 ang=0.08814 jpt=1.01510 je=1.01675 j4=0.73852 crk=0.04917 cpre=1.42907 bset=2.52868 div=0.00000 fr=0.00000 | valTF total=6.36596 ar=2.26753 set=2.50981 eos=0.08354 cnt=6.86488 ang=0.08458 jpt=1.04580 je=1.04743 j4=0.74795 crk=0.02244 cpre=1.47284 bset=2.50981 div=0.00000 | valFR total=6.80556 ar=2.26751 set=2.50978 eos=2.28143 cnt=6.86488 ang=0.08458 jpt=1.04579 je=1.04743 j4=0.74795 crk=0.02259 cpre=1.47312 bset=2.50978 div=0.00000
Reco ep 003 | t=00:04:59 eta=14:23:02 | phase=1:stabilize phys=0.250 tf=strict ss=0.00 mixFR=0.00@0 | train total=6.30353 ar=2.27606 set=2.50933 eos=0.07751 cnt=6.51719 ang=0.08073 jpt=0.97735 je=0.97872 j4=0.73102 crk=0.02559 cpre=1.40867 bset=2.50933 div=0.00000 fr=0.00000 | valTF total=6.49431 ar=2.12604 set=2.64801 eos=0.15550 cnt=6.81545 ang=0.09629 jpt=1.11983 je=1.11988 j4=1.32666 crk=0.06143 cpre=2.34459 bset=2.64801 div=0.00000 | valFR total=7.55140 ar=2.15347 set=2.68879 eos=5.07522 cnt=6.81545 ang=0.09624 jpt=1.14850 je=1.14839 j4=1.29973 crk=0.06203 cpre=2.38171 bset=2.68879 div=0.00000
Reco ep 004 | t=00:04:56 eta=14:14:39 | phase=1:stabilize phys=0.333 tf=strict ss=0.00 mixFR=0.00@0 | train total=4.52130 ar=1.40164 set=1.63053 eos=0.12208 cnt=6.26626 ang=0.07311 jpt=0.35604 je=0.35656 j4=0.62196 crk=0.12430 cpre=1.42366 bset=1.63053 div=0.00000 fr=0.00000 | valTF total=4.71686 ar=1.41985 set=1.75691 eos=0.10799 cnt=6.27581 ang=0.06765 jpt=0.27712 je=0.27754 j4=0.78976 crk=0.06357 cpre=1.96020 bset=1.75691 div=0.00000 | valFR total=5.36096 ar=1.42703 set=1.75685 eos=3.28894 cnt=6.27581 ang=0.06765 jpt=0.28328 je=0.28371 j4=0.77521 crk=0.06358 cpre=1.96655 bset=1.75685 div=0.00000
Reco ep 005 | t=00:04:59 eta=14:09:19 | phase=1:stabilize phys=0.417 tf=strict ss=0.00 mixFR=0.00@0 | train total=3.52376 ar=0.96662 set=1.16658 eos=0.07744 cnt=6.10194 ang=0.06413 jpt=0.10793 je=0.10817 j4=0.34092 crk=0.08557 cpre=1.08063 bset=1.16658 div=0.00000 fr=0.00000 | valTF total=4.21752 ar=1.31709 set=1.57908 eos=0.08404 cnt=5.42789 ang=0.05696 jpt=0.09814 je=0.09740 j4=0.47556 crk=0.07181 cpre=1.62751 bset=1.57908 div=0.00000 | valFR total=4.73377 ar=1.31940 set=1.58141 eos=2.64202 cnt=5.42789 ang=0.05696 jpt=0.09783 je=0.09709 j4=0.47467 crk=0.07170 cpre=1.62782 bset=1.58141 div=0.00000
Reco ep 006 | t=00:04:52 eta=14:00:59 | phase=1:stabilize phys=0.500 tf=strict ss=0.00 mixFR=0.00@0 | train total=3.23694 ar=0.84957 set=1.04970 eos=0.06967 cnt=5.89546 ang=0.06255 jpt=0.10164 je=0.10157 j4=0.36409 crk=0.08296 cpre=0.98735 bset=1.04970 div=0.00000 fr=0.00000 | valTF total=3.90693 ar=0.89619 set=1.07397 eos=0.06419 cnt=8.94774 ang=0.06186 jpt=0.07004 je=0.06958 j4=0.28347 crk=0.05821 cpre=0.96357 bset=1.07397 div=0.00000 | valFR total=4.36629 ar=0.89941 set=1.07763 eos=2.32466 cnt=8.94774 ang=0.06186 jpt=0.07006 je=0.06963 j4=0.28354 crk=0.05824 cpre=0.96666 bset=1.07763 div=0.00000
Reco ep 007 | t=00:04:53 eta=13:53:55 | phase=1:stabilize phys=0.583 tf=strict ss=0.00 mixFR=0.00@0 | train total=3.48317 ar=0.89663 set=1.11130 eos=0.07303 cnt=6.54084 ang=0.06399 jpt=0.14668 je=0.14676 j4=0.38173 crk=0.06808 cpre=1.04401 bset=1.11130 div=0.00000 fr=0.00000 | valTF total=3.91469 ar=1.16283 set=1.31963 eos=0.06000 cnt=6.29220 ang=0.06506 jpt=0.15770 je=0.15813 j4=0.37107 crk=0.05929 cpre=1.13356 bset=1.31963 div=0.00000 | valFR total=4.27085 ar=1.16472 set=1.32266 eos=1.81346 cnt=6.29220 ang=0.06512 jpt=0.15913 je=0.15964 j4=0.37222 crk=0.05936 cpre=1.13731 bset=1.32266 div=0.00000
Reco ep 008 | t=00:04:51 eta=13:46:54 | phase=1:stabilize phys=0.667 tf=strict ss=0.00 mixFR=0.00@0 | train total=3.36302 ar=0.89541 set=1.10002 eos=0.07538 cnt=5.98036 ang=0.06170 jpt=0.14791 je=0.14805 j4=0.41518 crk=0.07937 cpre=1.03606 bset=1.10002 div=0.00000 fr=0.00000 | valTF total=3.34689 ar=0.93071 set=1.11642 eos=0.08171 cnt=5.62651 ang=0.06302 jpt=0.09915 je=0.09948 j4=0.26350 crk=0.10748 cpre=1.05011 bset=1.11642 div=0.00000 | valFR total=3.96650 ar=0.92954 set=1.11570 eos=3.18970 cnt=5.62651 ang=0.06299 jpt=0.09894 je=0.09929 j4=0.26326 crk=0.10737 cpre=1.04963 bset=1.11570 div=0.00000
Reco ep 009 | t=00:04:50 eta=13:39:52 | phase=1:stabilize phys=0.750 tf=strict ss=0.00 mixFR=0.00@0 | train total=3.21917 ar=0.83593 set=1.04357 eos=0.07091 cnt=5.88947 ang=0.06215 jpt=0.09707 je=0.09712 j4=0.32028 crk=0.07432 cpre=0.99726 bset=1.04357 div=0.00000 fr=0.00000 | valTF total=3.50461 ar=0.72812 set=0.94062 eos=0.05455 cnt=8.41421 ang=0.06132 jpt=0.07694 je=0.07674 j4=0.36908 crk=0.05703 cpre=0.98116 bset=0.94062 div=0.00000 | valFR total=3.83992 ar=0.74040 set=0.95447 eos=1.59365 cnt=8.41421 ang=0.06128 jpt=0.07754 je=0.07736 j4=0.37119 crk=0.05721 cpre=0.99140 bset=0.95447 div=0.00000
Reco ep 010 | t=00:04:51 eta=13:33:29 | phase=1:stabilize phys=0.833 tf=strict ss=0.00 mixFR=0.00@0 | train total=3.09420 ar=0.79038 set=0.99380 eos=0.07491 cnt=5.73644 ang=0.05957 jpt=0.10259 je=0.10258 j4=0.33844 crk=0.07912 cpre=0.97166 bset=0.99380 div=0.00000 fr=0.00000 | valTF total=3.78310 ar=0.94481 set=1.13983 eos=0.06124 cnt=7.64609 ang=0.06353 jpt=0.10861 je=0.10837 j4=0.41254 crk=0.06209 cpre=1.05804 bset=1.13983 div=0.00000 | valFR total=4.18444 ar=0.95490 set=1.15004 eos=1.96272 cnt=7.64609 ang=0.06356 jpt=0.10833 je=0.10812 j4=0.41161 crk=0.06209 cpre=1.06459 bset=1.15004 div=0.00000
Reco ep 011 | t=00:04:52 eta=13:27:44 | phase=1:stabilize phys=0.917 tf=strict ss=0.00 mixFR=0.00@0 | train total=3.42344 ar=0.91114 set=1.12086 eos=0.07920 cnt=6.07286 ang=0.06023 jpt=0.13768 je=0.13779 j4=0.39656 crk=0.08762 cpre=1.02065 bset=1.12086 div=0.00000 fr=0.00000 | valTF total=3.89301 ar=0.94609 set=1.16769 eos=0.07189 cnt=7.95106 ang=0.06237 jpt=0.23387 je=0.23331 j4=0.38689 crk=0.05841 cpre=1.12604 bset=1.16769 div=0.00000 | valFR total=4.38928 ar=0.94651 set=1.16852 eos=2.54747 cnt=7.95106 ang=0.06212 jpt=0.23121 je=0.23071 j4=0.38545 crk=0.05841 cpre=1.12711 bset=1.16852 div=0.00000
Reco ep 012 | t=00:04:54 eta=13:22:30 | phase=1:stabilize phys=1.000 tf=strict ss=0.00 mixFR=0.00@0 | train total=3.82911 ar=1.07466 set=1.28178 eos=0.09012 cnt=6.23333 ang=0.06192 jpt=0.20088 je=0.20163 j4=1.17879 crk=0.08129 cpre=1.16887 bset=1.28178 div=0.00000 fr=0.00000 | valTF total=4.51289 ar=1.24729 set=1.47485 eos=0.06237 cnt=7.66519 ang=0.05592 jpt=0.20931 je=0.21006 j4=0.77323 crk=0.14973 cpre=1.46108 bset=1.47485 div=0.00000 | valFR total=4.95713 ar=1.26431 set=1.49165 eos=2.10594 cnt=7.66519 ang=0.05567 jpt=0.21071 je=0.21158 j4=0.77806 crk=0.14902 cpre=1.47423 bset=1.49165 div=0.00000
Reco ep 013 | t=00:04:54 eta=13:17:23 | phase=1:stabilize phys=1.000 tf=strict ss=0.00 mixFR=0.00@0 | train total=4.21476 ar=1.26793 set=1.51978 eos=0.09314 cnt=5.85699 ang=0.06518 jpt=0.24281 je=0.24283 j4=0.64422 crk=0.20856 cpre=1.30462 bset=1.51978 div=0.00000 fr=0.00000 | valTF total=4.53852 ar=1.35299 set=1.67024 eos=0.10402 cnt=6.30561 ang=0.06712 jpt=0.25323 je=0.25278 j4=0.58289 crk=0.06493 cpre=1.52177 bset=1.67024 div=0.00000 | valFR total=5.23146 ar=1.35161 set=1.66911 eos=3.58270 cnt=6.30561 ang=0.06725 jpt=0.25245 je=0.25195 j4=0.57900 crk=0.06487 cpre=1.52103 bset=1.66911 div=0.00000
Reco ep 014 | t=00:04:54 eta=13:12:16 | phase=1:stabilize phys=1.000 tf=strict ss=0.00 mixFR=0.00@0 | train total=3.72173 ar=1.01549 set=1.22563 eos=0.07928 cnt=6.45468 ang=0.06421 jpt=0.13515 je=0.13512 j4=0.35828 crk=0.08980 cpre=1.11892 bset=1.22563 div=0.00000 fr=0.00000 | valTF total=4.39856 ar=1.43062 set=1.59108 eos=0.07531 cnt=5.79557 ang=0.06498 jpt=0.12156 je=0.12158 j4=0.51463 crk=0.05436 cpre=1.38830 bset=1.59108 div=0.00000 | valFR total=5.03605 ar=1.43348 set=1.59495 eos=3.22669 cnt=5.79557 ang=0.06524 jpt=0.12201 je=0.12209 j4=0.51682 crk=0.05445 cpre=1.39116 bset=1.59495 div=0.00000
Reco ep 015 | t=00:04:55 eta=13:07:24 | phase=1:stabilize phys=1.000 tf=strict ss=0.00 mixFR=0.00@0 | train total=3.87917 ar=1.03855 set=1.25998 eos=0.08371 cnt=6.49669 ang=0.06394 jpt=0.13143 je=0.13269 j4=3.20604 crk=0.12143 cpre=1.11301 bset=1.25998 div=0.00000 fr=0.00000 | valTF total=9.57605 ar=3.78287 set=3.77086 eos=0.19858 cnt=7.89006 ang=0.06353 jpt=0.39428 je=0.39384 j4=1.47708 crk=0.06318 cpre=2.63397 bset=3.77086 div=0.00000 | valFR total=11.42714 ar=3.79138 set=3.76931 eos=9.42870 cnt=7.89006 ang=0.06415 jpt=0.39150 je=0.39100 j4=1.46859 crk=0.06375 cpre=2.62104 bset=3.76931 div=0.00000
Phase transition 1->2: rewound to phase-best epoch 9 (valFR=3.839919)
Phase 2 optimizer reset: lr 1.800e-04 -> 1.440e-04
Reco ep 016 | t=00:04:50 eta=13:01:40 | phase=2:transition phys=1.000 tf=strict ss=0.00 mixFR=0.00@2 | train total=3.05696 ar=0.76038 set=0.96226 eos=0.06372 cnt=5.90531 ang=0.05927 jpt=0.08588 je=0.08609 j4=0.30977 crk=0.06737 cpre=0.92377 bset=0.96226 div=0.00000 fr=0.00000 | valTF total=3.06180 ar=0.72567 set=0.97628 eos=0.06731 cnt=6.00703 ang=0.05823 jpt=0.05918 je=0.05900 j4=0.26561 crk=0.07962 cpre=0.96932 bset=0.97628 div=0.00000 | valFR total=3.50466 ar=0.73475 set=0.98702 eos=2.17820 cnt=6.00703 ang=0.05814 jpt=0.05934 je=0.05918 j4=0.26686 crk=0.07942 cpre=0.97634 bset=0.98702 div=0.00000
