============================================================
Model-25 K=1 Quick NoMicro FR (Batch80)
Run:   checkpoints/reco_teacher_joint_fusion_6model_150k75k150k/model25_strictsched_quick/model25_k1_nomicro_bs80_smoke_50k20k100k_seed0
Split: train=5000, val=2000, test=10000
============================================================
 python offline_reconstructor_joint_dualview_seq2seq_nexttoken_m25_strictsched.py --save_dir checkpoints/reco_teacher_joint_fusion_6model_150k75k150k/model25_strictsched_quick --run_name model25_k1_nomicro_bs80_smoke_50k20k100k_seed0 --n_train_jets 17000 --n_train_split 5000 --n_val_split 2000 --n_test_split 10000 --offset_jets 0 --max_constits 100 --num_workers 1 --seed 0 --reco_epochs 60 --reco_batch_size 64 --reco_lr 1.8e-4 --reco_patience 30 --reco_min_epochs 45 --reco_huber_delta 0.12 --beam_size 4 --beam_len_sigma 1.35 --beam_temperature 0.9 --num_hypotheses 1 --joint_epochs 0 --set_loss_mode hungarian --hungarian_shortlist_k 2 --ar_use_hungarian_target --loss_w_ar 1.0 --loss_w_set 1.0 --loss_w_eos 0.20 --loss_w_count 0.20 --loss_w_ptr_entropy 0.002 --loss_w_conf_rank 0.20 --loss_w_conf_prefix 0.12 --conf_margin 0.06 --conf_prefix_tau 16.0 --loss_w_jetpt 0.08 --loss_w_4vec 0.03 --loss_w_jete 0.00 --loss_w_angle 0.00 --physics_warmup_epochs 12 --phase1_end_epoch 15 --phase2_end_epoch 75 --phase3_end_epoch 127 --phase2_alpha_fr_end 0.70 --phase3_alpha_fr_end 0.95 --phase4_alpha_fr 0.95 --phase2_ss_end 0.60 --phase3_ss_end 0.90 --phase4_ss 0.90 --phase2_free_run_every_n 2 --phase3_free_run_every_n 1 --phase4_free_run_every_n 1 --fr_train_subbatch 0 --phase_lr_decay 0.80 --save_fusion_scores --device cuda
Device: cuda
Save dir: checkpoints/reco_teacher_joint_fusion_6model_150k75k150k/model25_strictsched_quick/model25_k1_nomicro_bs80_smoke_50k20k100k_seed0
Loading offline constituents...
Generating pseudo-HLT...
Computing features...
Split sizes: Train=5000, Val=2000, Test=10000

========================================================================
STEP 1: TEACHER (Offline)
========================================================================
Teacher ep 5: train_auc=0.8669, val_auc=0.8840, val_fpr50=0.052925, best_auc=0.8840
Teacher ep 10: train_auc=0.9018, val_auc=0.8823, val_fpr50=0.067492, best_auc=0.9021
Teacher ep 15: train_auc=0.9205, val_auc=0.9137, val_fpr50=0.030858, best_auc=0.9137
Teacher ep 20: train_auc=0.9295, val_auc=0.8984, val_fpr50=0.031881, best_auc=0.9167
Teacher ep 25: train_auc=0.9431, val_auc=0.9071, val_fpr50=0.036386, best_auc=0.9167
Teacher ep 30: train_auc=0.9534, val_auc=0.9159, val_fpr50=0.033003, best_auc=0.9167
Teacher ep 35: train_auc=0.9686, val_auc=0.9094, val_fpr50=0.035050, best_auc=0.9167
Early stopping Teacher at epoch 36

========================================================================
STEP 2: BASELINE (HLT)
========================================================================
HLT ep 5: train_auc=0.8294, val_auc=0.8188, val_fpr50=0.090189, best_auc=0.8400
HLT ep 10: train_auc=0.8622, val_auc=0.8818, val_fpr50=0.050038, best_auc=0.8818
HLT ep 15: train_auc=0.8851, val_auc=0.8399, val_fpr50=0.088713, best_auc=0.8818
HLT ep 20: train_auc=0.8996, val_auc=0.8884, val_fpr50=0.033663, best_auc=0.8884
HLT ep 25: train_auc=0.9233, val_auc=0.8640, val_fpr50=0.041034, best_auc=0.8884
HLT ep 30: train_auc=0.9367, val_auc=0.8736, val_fpr50=0.035872, best_auc=0.8884
HLT ep 35: train_auc=0.9520, val_auc=0.8782, val_fpr50=0.040347, best_auc=0.8884
Early stopping HLT at epoch 38

========================================================================
STEP 3: SEQ2SEQ RECONSTRUCTOR (Continuous AR + Beam Length)
========================================================================
Entering phase 1 (stabilize) at epoch 1
Reco ep 001 | t=00:01:07 eta=01:06:04 | phase=1:stabilize phys=0.083 tf=strict ss=0.00 mixFR=0.00@0 | train total=9.91718 ar=2.33417 set=2.56745 eos=0.28345 cnt=22.35775 ang=0.08312 jpt=0.93456 je=0.92571 j4=44.85024 crk=0.62196 cpre=2.03598 bset=2.56745 div=0.00000 fr=0.00000 | valTF total=7.98367 ar=2.32087 set=2.55267 eos=0.12805 cnt=14.17195 ang=0.07334 jpt=1.21861 je=1.21653 j4=0.79085 crk=0.15117 cpre=1.74727 bset=2.55267 div=0.00000 | valFR total=8.67431 ar=2.32090 set=2.55270 eos=3.58648 cnt=14.17195 ang=0.07334 jpt=1.21862 je=1.21654 j4=0.79086 crk=0.14896 cpre=1.74174 bset=2.55270 div=0.00000
Reco ep 002 | t=00:01:25 eta=01:13:53 | phase=1:stabilize phys=0.167 tf=strict ss=0.00 mixFR=0.00@0 | train total=7.60044 ar=2.31130 set=2.55154 eos=0.09923 cnt=12.16965 ang=0.07770 jpt=1.10807 je=1.10858 j4=0.76064 crk=0.34659 cpre=1.63227 bset=2.55154 div=0.00000 fr=0.00000 | valTF total=7.03754 ar=2.33357 set=2.57979 eos=0.07242 cnt=9.48995 ang=0.09454 jpt=1.18141 je=1.18214 j4=0.77531 crk=0.06389 cpre=1.49375 bset=2.57979 div=0.00000 | valFR total=7.44113 ar=2.33351 set=2.57974 eos=2.08981 cnt=9.48995 ang=0.09454 jpt=1.18142 je=1.18215 j4=0.77532 crk=0.06509 cpre=1.49360 bset=2.57974 div=0.00000
Reco ep 003 | t=00:01:26 eta=01:15:51 | phase=1:stabilize phys=0.250 tf=strict ss=0.00 mixFR=0.00@0 | train total=6.97437 ar=2.31631 set=2.54537 eos=0.07321 cnt=9.32067 ang=0.07708 jpt=0.91006 je=0.90886 j4=0.70012 crk=0.15165 cpre=1.50090 bset=2.54537 div=0.00000 fr=0.00000 | valTF total=6.88064 ar=2.31367 set=2.53078 eos=0.05914 cnt=9.11191 ang=0.07115 jpt=0.88812 je=0.89089 j4=0.69421 crk=0.04216 cpre=1.42127 bset=2.53078 div=0.00000 | valFR total=7.31409 ar=2.31366 set=2.53076 eos=2.22884 cnt=9.11191 ang=0.07115 jpt=0.88812 je=0.89090 j4=0.69422 crk=0.04120 cpre=1.41896 bset=2.53076 div=0.00000
Reco ep 004 | t=00:01:03 eta=01:10:47 | phase=1:stabilize phys=0.333 tf=strict ss=0.00 mixFR=0.00@0 | train total=6.65030 ar=2.30666 set=2.53980 eos=0.05908 cnt=7.82791 ang=0.07493 jpt=0.95104 je=0.95143 j4=0.71761 crk=0.09401 cpre=1.45895 bset=2.53980 div=0.00000 fr=0.00000 | valTF total=6.37877 ar=2.28807 set=2.52463 eos=0.04327 cnt=6.73456 ang=0.08565 jpt=1.16469 je=1.16617 j4=0.77787 crk=0.02815 cpre=1.38342 bset=2.52463 div=0.00000 | valFR total=6.63110 ar=2.28806 set=2.52463 eos=1.30427 cnt=6.73456 ang=0.08565 jpt=1.16470 je=1.16618 j4=0.77787 crk=0.02857 cpre=1.38398 bset=2.52463 div=0.00000
Reco ep 005 | t=00:01:03 eta=01:07:20 | phase=1:stabilize phys=0.417 tf=strict ss=0.00 mixFR=0.00@0 | train total=6.57113 ar=2.28731 set=2.53082 eos=0.06688 cnt=7.54073 ang=0.07451 jpt=1.06689 je=1.06589 j4=0.77270 crk=0.07178 cpre=1.43233 bset=2.53082 div=0.00000 fr=0.00000 | valTF total=6.23780 ar=2.28149 set=2.50745 eos=0.09324 cnt=6.06319 ang=0.07351 jpt=1.14445 je=1.14705 j4=0.77366 crk=0.02089 cpre=1.37960 bset=2.50745 div=0.00000 | valFR total=6.88314 ar=2.28149 set=2.50744 eos=3.31968 cnt=6.06319 ang=0.07351 jpt=1.14445 je=1.14705 j4=0.77366 crk=0.02117 cpre=1.37975 bset=2.50744 div=0.00000
Reco ep 006 | t=00:01:04 eta=01:04:44 | phase=1:stabilize phys=0.500 tf=strict ss=0.00 mixFR=0.00@0 | train total=6.67396 ar=2.35227 set=2.57478 eos=0.07795 cnt=7.31363 ang=0.08775 jpt=1.08304 je=1.08048 j4=1.14686 crk=0.07411 cpre=1.61026 bset=2.57478 div=0.00000 fr=0.00000 | valTF total=6.88428 ar=2.43945 set=2.66815 eos=0.03934 cnt=7.51338 ang=0.13986 jpt=1.26865 je=1.26035 j4=0.79666 crk=0.05682 cpre=1.60015 bset=2.66815 div=0.00000 | valFR total=6.99761 ar=2.43946 set=2.66816 eos=0.60543 cnt=7.51338 ang=0.13986 jpt=1.26866 je=1.26035 j4=0.79666 crk=0.05741 cpre=1.59999 bset=2.66816 div=0.00000
Reco ep 007 | t=00:01:03 eta=01:02:29 | phase=1:stabilize phys=0.583 tf=strict ss=0.00 mixFR=0.00@0 | train total=6.54092 ar=2.31537 set=2.55478 eos=0.08457 cnt=7.08537 ang=0.09601 jpt=1.02085 je=1.01647 j4=0.73836 crk=0.03723 cpre=1.40634 bset=2.55478 div=0.00000 fr=0.00000 | valTF total=7.16787 ar=2.32024 set=2.54041 eos=0.12549 cnt=10.27860 ang=0.09121 jpt=0.90431 je=0.90507 j4=0.70696 crk=0.01414 cpre=1.40826 bset=2.54041 div=0.00000 | valFR total=8.10163 ar=2.32023 set=2.54039 eos=4.79480 cnt=10.27860 ang=0.09121 jpt=0.90429 je=0.90505 j4=0.70696 crk=0.01419 cpre=1.40753 bset=2.54039 div=0.00000
Reco ep 008 | t=00:01:06 eta=01:00:52 | phase=1:stabilize phys=0.667 tf=strict ss=0.00 mixFR=0.00@0 | train total=6.50140 ar=2.32795 set=2.57054 eos=0.10962 cnt=6.67291 ang=0.08684 jpt=1.03666 je=1.03358 j4=0.74057 crk=0.02460 cpre=1.42813 bset=2.57054 div=0.00000 fr=0.00000 | valTF total=6.71942 ar=2.30132 set=2.53000 eos=0.06605 cnt=8.14813 ang=0.08474 jpt=1.12906 je=1.13089 j4=0.77044 crk=0.01538 cpre=1.38790 bset=2.53000 div=0.00000 | valFR total=7.10774 ar=2.30130 set=2.52998 eos=2.00971 cnt=8.14813 ang=0.08474 jpt=1.12906 je=1.13089 j4=0.77044 crk=0.01545 cpre=1.38462 bset=2.52998 div=0.00000
Reco ep 009 | t=00:01:28 eta=01:01:27 | phase=1:stabilize phys=0.750 tf=strict ss=0.00 mixFR=0.00@0 | train total=6.51192 ar=2.28719 set=2.52102 eos=0.07564 cnt=7.23373 ang=0.09292 jpt=0.87383 je=0.87342 j4=0.70596 crk=0.02378 cpre=1.40626 bset=2.52102 div=0.00000 fr=0.00000 | valTF total=6.75189 ar=2.29119 set=2.51680 eos=0.08810 cnt=8.43568 ang=0.10948 jpt=0.87790 je=0.88108 j4=0.70872 crk=0.01295 cpre=1.39938 bset=2.51680 div=0.00000 | valFR total=7.31084 ar=2.29108 set=2.51670 eos=2.88270 cnt=8.43568 ang=0.10948 jpt=0.87791 je=0.88109 j4=0.70873 crk=0.01316 cpre=1.40096 bset=2.51670 div=0.00000
Reco ep 010 | t=00:01:03 eta=00:59:32 | phase=1:stabilize phys=0.833 tf=strict ss=0.00 mixFR=0.00@0 | train total=6.44514 ar=2.30822 set=2.54163 eos=0.09180 cnt=6.59616 ang=0.10695 jpt=1.04334 je=1.04244 j4=0.74790 crk=0.02047 cpre=1.37785 bset=2.54163 div=0.00000 fr=0.00000 | valTF total=6.39292 ar=2.29435 set=2.52173 eos=0.09569 cnt=6.50935 ang=0.10148 jpt=1.02772 je=1.02965 j4=0.74556 crk=0.01466 cpre=1.38103 bset=2.52173 div=0.00000 | valFR total=7.05113 ar=2.29424 set=2.52164 eos=3.38812 cnt=6.50935 ang=0.10148 jpt=1.02769 je=1.02963 j4=0.74556 crk=0.01472 cpre=1.38045 bset=2.52164 div=0.00000
Reco ep 011 | t=00:01:03 eta=00:57:47 | phase=1:stabilize phys=0.917 tf=strict ss=0.00 mixFR=0.00@0 | train total=6.44777 ar=2.32324 set=2.55403 eos=0.07357 cnt=6.47826 ang=0.09034 jpt=0.92028 je=0.91730 j4=0.72028 crk=0.02060 cpre=1.40595 bset=2.55403 div=0.00000 fr=0.00000 | valTF total=6.69907 ar=2.35782 set=2.57021 eos=0.12310 cnt=7.48297 ang=0.09597 jpt=0.75178 je=0.74819 j4=0.65729 crk=0.01511 cpre=1.44650 bset=2.57021 div=0.00000 | valFR total=7.57927 ar=2.35762 set=2.56997 eos=4.52575 cnt=7.48297 ang=0.09595 jpt=0.75179 je=0.74819 j4=0.65729 crk=0.01521 cpre=1.44726 bset=2.56997 div=0.00000
Reco ep 012 | t=00:01:03 eta=00:56:08 | phase=1:stabilize phys=1.000 tf=strict ss=0.00 mixFR=0.00@0 | train total=6.42512 ar=2.32924 set=2.56764 eos=0.08457 cnt=6.19533 ang=0.11025 jpt=0.91583 je=0.91532 j4=0.73068 crk=0.02231 cpre=1.43841 bset=2.56764 div=0.00000 fr=0.00000 | valTF total=6.76572 ar=2.35267 set=2.57087 eos=0.05232 cnt=7.89031 ang=0.08244 jpt=0.76008 je=0.75734 j4=0.65733 crk=0.01401 cpre=1.41932 bset=2.57087 div=0.00000 | valFR total=6.94207 ar=2.35249 set=2.57069 eos=0.93533 cnt=7.89031 ang=0.08244 jpt=0.76013 je=0.75739 j4=0.65734 crk=0.01396 cpre=1.42029 bset=2.57069 div=0.00000
Reco ep 013 | t=00:01:03 eta=00:54:34 | phase=1:stabilize phys=1.000 tf=strict ss=0.00 mixFR=0.00@0 | train total=6.60117 ar=2.34827 set=2.59036 eos=0.22134 cnt=6.53574 ang=0.08361 jpt=1.03346 je=1.03246 j4=0.83586 crk=0.09954 cpre=1.52880 bset=2.59036 div=0.00000 fr=0.00000 | valTF total=7.14758 ar=2.25756 set=2.48425 eos=0.25939 cnt=10.32900 ang=0.07727 jpt=0.95761 je=0.95459 j4=0.72033 crk=0.03582 cpre=1.52236 bset=2.48425 div=0.00000 | valFR total=9.35441 ar=2.25630 set=2.48290 eos=11.30555 cnt=10.32900 ang=0.07725 jpt=0.95688 je=0.95386 j4=0.72019 crk=0.03619 cpre=1.52415 bset=2.48290 div=0.00000
Reco ep 014 | t=00:01:03 eta=00:53:05 | phase=1:stabilize phys=1.000 tf=strict ss=0.00 mixFR=0.00@0 | train total=6.27630 ar=2.17272 set=2.39961 eos=0.14241 cnt=6.76338 ang=0.07775 jpt=0.82152 je=0.82222 j4=2.23226 crk=0.06673 cpre=1.47297 bset=2.39961 div=0.00000 fr=0.00000 | valTF total=5.21106 ar=1.68685 set=1.89961 eos=0.22046 cnt=6.65092 ang=0.06902 jpt=0.33156 je=0.33037 j4=0.63138 crk=0.05276 cpre=1.61871 bset=1.89961 div=0.00000 | valFR total=6.80443 ar=1.67573 set=1.88697 eos=8.32080 cnt=6.65092 ang=0.06889 jpt=0.32681 je=0.32584 j4=0.61538 crk=0.05239 cpre=1.60230 bset=1.88697 div=0.00000
Reco ep 015 | t=00:01:21 eta=00:52:34 | phase=1:stabilize phys=1.000 tf=strict ss=0.00 mixFR=0.00@0 | train total=5.42188 ar=1.79941 set=2.03762 eos=0.18940 cnt=6.30123 ang=0.07097 jpt=0.51991 je=0.51999 j4=0.63965 crk=0.16869 cpre=1.60141 bset=2.03762 div=0.00000 fr=0.00000 | valTF total=4.81002 ar=1.48646 set=1.72944 eos=0.13953 cnt=6.43924 ang=0.07584 jpt=0.41179 je=0.41000 j4=0.53500 crk=0.20689 cpre=1.56613 bset=1.72944 div=0.00000 | valFR total=5.83309 ar=1.48045 set=1.72128 eos=5.33265 cnt=6.43924 ang=0.07578 jpt=0.41273 je=0.41102 j4=0.53355 crk=0.20568 cpre=1.55654 bset=1.72128 div=0.00000
Phase transition 1->2: rewound to phase-best epoch 15 (valFR=5.833089)
Phase 2 optimizer reset: lr 1.800e-04 -> 1.440e-04
Reco ep 016 | t=00:01:02 eta=00:51:03 | phase=2:transition phys=1.000 tf=strict ss=0.00 mixFR=0.00@2 | train total=4.50339 ar=1.37229 set=1.61087 eos=0.11376 cnt=6.29812 ang=0.07126 jpt=0.31983 je=0.31925 j4=0.55620 crk=0.11414 cpre=1.43946 bset=1.61087 div=0.00000 fr=0.00000 | valTF total=4.58231 ar=1.40428 set=1.62619 eos=0.07975 cnt=6.53794 ang=0.07342 jpt=0.28411 je=0.28606 j4=0.44955 crk=0.08445 cpre=1.45973 bset=1.62619 div=0.00000 | valFR total=5.07363 ar=1.39651 set=1.61471 eos=2.64123 cnt=6.53794 ang=0.07359 jpt=0.28289 je=0.28474 j4=0.44648 crk=0.08404 cpre=1.44773 bset=1.61471 div=0.00000
Reco ep 017 | t=00:04:39 eta=00:58:46 | phase=2:transition phys=1.000 tf=strict ss=0.01 mixFR=0.02@2 | train total=4.31114 ar=1.28020 set=1.50456 eos=0.09203 cnt=6.46224 ang=0.06780 jpt=0.28827 je=0.28854 j4=0.47206 crk=0.07812 cpre=1.32975 bset=1.50456 div=0.00000 fr=2.33586 | valTF total=4.12124 ar=1.15661 set=1.38247 eos=0.08919 cnt=6.79137 ang=0.07125 jpt=0.29758 je=0.29801 j4=0.45862 crk=0.05960 cpre=1.30396 bset=1.38247 div=0.00000 | valFR total=4.58051 ar=1.14977 set=1.37382 eos=2.47109 cnt=6.79137 ang=0.07128 jpt=0.29487 je=0.29531 j4=0.45613 crk=0.05950 cpre=1.29348 bset=1.37382 div=0.00000
Reco ep 018 | t=00:04:37 eta=01:04:59 | phase=2:transition phys=1.000 tf=strict ss=0.03 mixFR=0.03@2 | train total=4.05341 ar=1.17693 set=1.38853 eos=0.08925 cnt=6.33400 ang=0.06566 jpt=0.19468 je=0.19466 j4=0.48919 crk=0.08791 cpre=1.25533 bset=1.38853 div=0.00000 fr=2.15184 | valTF total=4.61216 ar=1.25992 set=1.45425 eos=0.09096 cnt=8.49893 ang=0.06220 jpt=0.08924 je=0.08945 j4=0.26803 crk=0.06009 cpre=1.27325 bset=1.45425 div=0.00000 | valFR total=5.00826 ar=1.24378 set=1.43314 eos=2.27085 cnt=8.49893 ang=0.06231 jpt=0.08722 je=0.08744 j4=0.26392 crk=0.05991 cpre=1.25384 bset=1.43314 div=0.00000
Reco ep 019 | t=00:04:36 eta=01:10:03 | phase=2:transition phys=1.000 tf=strict ss=0.04 mixFR=0.05@2 | train total=3.90165 ar=1.13075 set=1.34865 eos=0.09033 cnt=6.03427 ang=0.06379 jpt=0.21086 je=0.21162 j4=0.44040 crk=0.06934 cpre=1.23853 bset=1.34865 div=0.00000 fr=2.05943 | valTF total=4.33319 ar=1.20285 set=1.48673 eos=0.06746 cnt=7.03583 ang=0.05945 jpt=0.14872 je=0.14838 j4=0.50606 crk=0.05729 cpre=1.53646 bset=1.48673 div=0.00000 | valFR total=4.50567 ar=1.18522 set=1.46467 eos=1.14446 cnt=7.03583 ang=0.05949 jpt=0.14610 je=0.14587 j4=0.49664 crk=0.05745 cpre=1.51347 bset=1.46467 div=0.00000
Reco ep 020 | t=00:04:53 eta=01:14:43 | phase=2:transition phys=1.000 tf=strict ss=0.05 mixFR=0.06@2 | train total=3.81877 ar=1.04409 set=1.26759 eos=0.10585 cnt=6.37726 ang=0.06207 jpt=0.25288 je=0.25254 j4=0.53014 crk=0.08627 cpre=1.23345 bset=1.26759 div=0.00000 fr=2.04306 | valTF total=3.88877 ar=1.07036 set=1.32431 eos=0.08638 cnt=6.47640 ang=0.06397 jpt=0.13546 je=0.13566 j4=0.38712 crk=0.05749 cpre=1.22970 bset=1.32431 div=0.00000 | valFR total=4.19733 ar=1.05894 set=1.31036 eos=1.76380 cnt=6.47640 ang=0.06411 jpt=0.13396 je=0.13414 j4=0.38375 crk=0.05746 cpre=1.21860 bset=1.31036 div=0.00000
Reco ep 021 | t=00:04:36 eta=01:17:57 | phase=2:transition phys=1.000 tf=strict ss=0.07 mixFR=0.08@2 | train total=3.80917 ar=1.02568 set=1.26881 eos=0.08152 cnt=6.49191 ang=0.06346 jpt=0.21244 je=0.21232 j4=0.59102 crk=0.07702 cpre=1.19853 bset=1.26881 div=0.00000 fr=1.96037 | valTF total=4.04641 ar=1.11232 set=1.32667 eos=0.05551 cnt=6.83020 ang=0.06457 jpt=0.27790 je=0.27765 j4=0.95806 crk=0.06827 cpre=1.38005 bset=1.32667 div=0.00000 | valFR total=4.13133 ar=1.09088 set=1.30340 eos=0.73990 cnt=6.83020 ang=0.06477 jpt=0.25659 je=0.25658 j4=0.90202 crk=0.06912 cpre=1.34647 bset=1.30340 div=0.00000
Reco ep 022 | t=00:04:36 eta=01:20:28 | phase=2:transition phys=1.000 tf=strict ss=0.08 mixFR=0.10@2 | train total=5.15451 ar=1.52131 set=1.89908 eos=0.11432 cnt=7.11199 ang=0.06997 jpt=0.54416 je=0.54427 j4=0.72419 crk=0.08478 cpre=1.63688 bset=1.89908 div=0.00000 fr=2.70080 | valTF total=5.39277 ar=1.63513 set=2.08387 eos=0.11605 cnt=6.84566 ang=0.07722 jpt=0.70784 je=0.70815 j4=0.55682 crk=0.06455 cpre=1.62625 bset=2.08387 div=0.00000 | valFR total=6.01775 ar=1.69016 set=2.14096 eos=2.64262 cnt=6.84566 ang=0.07870 jpt=0.77018 je=0.77062 j4=0.57966 crk=0.06285 cpre=1.64470 bset=2.14096 div=0.00000
Reco ep 023 | t=00:04:38 eta=01:22:24 | phase=2:transition phys=1.000 tf=strict ss=0.10 mixFR=0.11@2 | train total=4.48634 ar=1.27098 set=1.58068 eos=0.09759 cnt=6.94636 ang=0.07079 jpt=0.37749 je=0.37724 j4=0.56599 crk=0.08567 cpre=1.25852 bset=1.58068 div=0.00000 fr=2.32658 | valTF total=5.58475 ar=1.83167 set=2.23125 eos=0.11620 cnt=5.92127 ang=0.08909 jpt=1.06098 je=1.06221 j4=0.70157 crk=0.09684 cpre=1.57520 bset=2.23125 div=0.00000 | valFR total=5.97998 ar=1.84606 set=2.24750 eos=1.93149 cnt=5.92127 ang=0.08882 jpt=1.08101 je=1.08196 j4=0.70620 crk=0.09710 cpre=1.57289 bset=2.24750 div=0.00000
Reco ep 024 | t=00:04:37 eta=01:23:46 | phase=2:transition phys=1.000 tf=strict ss=0.11 mixFR=0.13@2 | train total=4.38059 ar=1.25624 set=1.47097 eos=0.12393 cnt=7.04714 ang=0.07156 jpt=0.33603 je=0.33413 j4=0.52775 crk=0.08458 cpre=1.18444 bset=1.47097 div=0.00000 fr=2.31084 | valTF total=4.40796 ar=1.34189 set=1.58377 eos=0.06068 cnt=6.30107 ang=0.06706 jpt=0.17776 je=0.17749 j4=0.41869 crk=0.06340 cpre=1.42047 bset=1.58377 div=0.00000 | valFR total=4.44589 ar=1.33454 set=1.57484 eos=0.33850 cnt=6.30107 ang=0.06722 jpt=0.17624 je=0.17605 j4=0.41352 crk=0.06348 cpre=1.41139 bset=1.57484 div=0.00000
Reco ep 025 | t=00:04:37 eta=01:24:40 | phase=2:transition phys=1.000 tf=strict ss=0.12 mixFR=0.14@2 | train total=4.09668 ar=1.11783 set=1.33395 eos=0.12601 cnt=6.73830 ang=0.06469 jpt=0.27248 je=0.27238 j4=3.21122 crk=0.08238 cpre=1.16447 bset=1.33395 div=0.00000 fr=2.08730 | valTF total=4.16219 ar=1.25346 set=1.45143 eos=0.11385 cnt=6.15637 ang=0.07099 jpt=0.34296 je=0.34183 j4=0.47421 crk=0.06250 cpre=1.24215 bset=1.45143 div=0.00000 | valFR total=4.17669 ar=1.25146 set=1.44835 eos=0.21356 cnt=6.15637 ang=0.07117 jpt=0.34641 je=0.34519 j4=0.47530 crk=0.06214 cpre=1.23723 bset=1.44835 div=0.00000
Reco ep 026 | t=00:04:37 eta=01:25:08 | phase=2:transition phys=1.000 tf=strict ss=0.14 mixFR=0.16@2 | train total=3.96068 ar=1.08542 set=1.30282 eos=0.14426 cnt=6.64808 ang=0.06434 jpt=0.31603 je=0.31530 j4=0.48352 crk=0.07804 cpre=1.12993 bset=1.30282 div=0.00000 fr=2.11606 | valTF total=4.54250 ar=1.38516 set=1.51890 eos=0.04712 cnt=7.27593 ang=0.06935 jpt=0.11594 je=0.11585 j4=0.41476 crk=0.05865 cpre=1.16971 bset=1.51890 div=0.00000 | valFR total=4.70888 ar=1.37902 set=1.51207 eos=0.95448 cnt=7.27593 ang=0.06926 jpt=0.11242 je=0.11238 j4=0.40366 crk=0.05825 cpre=1.15777 bset=1.51207 div=0.00000
Reco ep 027 | t=00:04:37 eta=01:25:13 | phase=2:transition phys=1.000 tf=strict ss=0.15 mixFR=0.17@2 | train total=3.70107 ar=0.99744 set=1.20469 eos=0.12841 cnt=6.35153 ang=0.06427 jpt=0.19801 je=0.19785 j4=0.49914 crk=0.08602 cpre=1.06267 bset=1.20469 div=0.00000 fr=1.98284 | valTF total=4.27743 ar=1.37349 set=1.48526 eos=0.08406 cnt=6.16847 ang=0.06909 jpt=0.10922 je=0.10902 j4=0.35099 crk=0.07630 cpre=1.11340 bset=1.48526 div=0.00000 | valFR total=4.71729 ar=1.36742 set=1.47708 eos=2.36281 cnt=6.16847 ang=0.06901 jpt=0.10661 je=0.10656 j4=0.34361 crk=0.07663 cpre=1.10273 bset=1.47708 div=0.00000
Reco ep 028 | t=00:04:37 eta=01:24:59 | phase=2:transition phys=1.000 tf=strict ss=0.16 mixFR=0.19@2 | train total=3.61507 ar=0.96308 set=1.17352 eos=0.11020 cnt=6.31459 ang=0.06330 jpt=0.22993 je=0.23010 j4=0.52704 crk=0.07618 cpre=1.06514 bset=1.17352 div=0.00000 fr=1.87890 | valTF total=4.18638 ar=1.27279 set=1.48345 eos=0.09405 cnt=5.98148 ang=0.07196 jpt=0.34134 je=0.34138 j4=0.48223 crk=0.06654 cpre=1.33278 bset=1.48345 div=0.00000 | valFR total=4.62937 ar=1.26911 set=1.47809 eos=2.35781 cnt=5.98148 ang=0.07194 jpt=0.34066 je=0.34079 j4=0.48147 crk=0.06673 cpre=1.32710 bset=1.47809 div=0.00000
Reco ep 029 | t=00:04:36 eta=01:24:25 | phase=2:transition phys=1.000 tf=strict ss=0.18 mixFR=0.21@2 | train total=3.92014 ar=1.07596 set=1.31480 eos=0.10306 cnt=6.47614 ang=0.06447 jpt=0.29957 je=0.29926 j4=0.56404 crk=0.09078 cpre=1.22066 bset=1.31480 div=0.00000 fr=1.97631 | valTF total=4.65133 ar=1.44866 set=1.70298 eos=0.08469 cnt=6.22213 ang=0.06874 jpt=0.15031 je=0.14980 j4=0.49542 crk=0.07218 cpre=1.64152 bset=1.70298 div=0.00000 | valFR total=4.86895 ar=1.43339 set=1.68136 eos=1.37521 cnt=6.22213 ang=0.06874 jpt=0.14630 je=0.14598 j4=0.47723 crk=0.07280 cpre=1.61784 bset=1.68136 div=0.00000
Reco ep 030 | t=00:04:35 eta=01:23:34 | phase=2:transition phys=1.000 tf=strict ss=0.19 mixFR=0.22@2 | train total=4.12495 ar=1.17213 set=1.42755 eos=0.11881 cnt=6.35739 ang=0.06377 jpt=0.26522 je=0.26495 j4=0.56397 crk=0.11870 cpre=1.27931 bset=1.42755 div=0.00000 fr=2.12055 | valTF total=6.07975 ar=2.05243 set=2.39580 eos=0.14049 cnt=6.64146 ang=0.07228 jpt=0.19116 je=0.19214 j4=0.40507 crk=0.08726 cpre=1.91849 bset=2.39580 div=0.00000 | valFR total=6.58168 ar=2.02937 set=2.37412 eos=2.87517 cnt=6.64146 ang=0.07224 jpt=0.19115 je=0.19233 j4=0.40533 crk=0.08727 cpre=1.91623 bset=2.37412 div=0.00000
Reco ep 031 | t=00:04:41 eta=01:22:34 | phase=2:transition phys=1.000 tf=strict ss=0.20 mixFR=0.24@2 | train total=4.21997 ar=1.18696 set=1.42868 eos=0.17809 cnt=6.74532 ang=0.06327 jpt=0.29815 je=0.29845 j4=0.57558 crk=0.08527 cpre=1.24670 bset=1.42868 div=0.00000 fr=2.14675 | valTF total=6.56967 ar=2.10736 set=2.49466 eos=0.11278 cnt=7.86921 ang=0.06056 jpt=0.29066 je=0.29089 j4=1.07618 crk=0.09893 cpre=2.46595 bset=2.49466 div=0.00000 | valFR total=6.90235 ar=2.05591 set=2.43826 eos=2.34139 cnt=7.86921 ang=0.06048 jpt=0.27957 je=0.27989 j4=1.03651 crk=0.10000 cpre=2.43815 bset=2.43826 div=0.00000
Reco ep 032 | t=00:04:37 eta=01:21:17 | phase=2:transition phys=1.000 tf=strict ss=0.22 mixFR=0.25@2 | train total=4.68637 ar=1.41085 set=1.61693 eos=0.11407 cnt=6.89383 ang=0.06662 jpt=0.45429 je=0.45356 j4=0.82085 crk=0.09457 cpre=1.41634 bset=1.61693 div=0.00000 fr=2.38846 | valTF total=4.74311 ar=1.50832 set=1.69216 eos=0.05543 cnt=6.50611 ang=0.07561 jpt=0.36005 je=0.36151 j4=0.50493 crk=0.04912 cpre=1.47105 bset=1.69216 div=0.00000 | valFR total=4.91819 ar=1.50769 set=1.68938 eos=0.95215 cnt=6.50611 ang=0.07583 jpt=0.35644 je=0.35784 j4=0.50193 crk=0.04899 cpre=1.46721 bset=1.68938 div=0.00000
Reco ep 033 | t=00:04:38 eta=01:19:49 | phase=2:transition phys=1.000 tf=strict ss=0.23 mixFR=0.27@2 | train total=4.35486 ar=1.18844 set=1.41146 eos=0.11236 cnt=7.55068 ang=0.06362 jpt=0.31665 je=0.31586 j4=0.64793 crk=0.07597 cpre=1.23267 bset=1.41146 div=0.00000 fr=2.24735 | valTF total=4.65568 ar=1.38404 set=1.58557 eos=0.05936 cnt=7.26661 ang=0.07100 jpt=0.36338 je=0.36488 j4=0.49145 crk=0.07983 cpre=1.34228 bset=1.58557 div=0.00000 | valFR total=4.83695 ar=1.37928 set=1.57857 eos=1.03118 cnt=7.26661 ang=0.07102 jpt=0.36105 je=0.36257 j4=0.49005 crk=0.07966 cpre=1.33332 bset=1.57857 div=0.00000
Reco ep 034 | t=00:04:37 eta=01:18:08 | phase=2:transition phys=1.000 tf=strict ss=0.25 mixFR=0.29@2 | train total=4.01968 ar=1.12493 set=1.35759 eos=0.10005 cnt=6.45616 ang=0.06555 jpt=0.33659 je=0.33704 j4=0.51968 crk=0.10292 cpre=1.22867 bset=1.35759 div=0.00000 fr=2.05734 | valTF total=4.91253 ar=1.63328 set=1.79564 eos=0.04762 cnt=6.10667 ang=0.07380 jpt=0.53290 je=0.53298 j4=0.55460 crk=0.07806 cpre=1.48194 bset=1.79564 div=0.00000 | valFR total=4.98390 ar=1.63430 set=1.79476 eos=0.40518 cnt=6.10667 ang=0.07431 jpt=0.53356 je=0.53346 j4=0.55414 crk=0.07779 cpre=1.47971 bset=1.79476 div=0.00000
Reco ep 035 | t=00:04:39 eta=01:16:18 | phase=2:transition phys=1.000 tf=strict ss=0.26 mixFR=0.30@2 | train total=4.21971 ar=1.23741 set=1.44295 eos=0.10799 cnt=6.50267 ang=0.06376 jpt=0.29062 je=0.29012 j4=0.63361 crk=0.10046 cpre=1.21597 bset=1.44295 div=0.00000 fr=2.14371 | valTF total=4.98270 ar=1.63801 set=1.80613 eos=0.05481 cnt=6.49942 ang=0.06930 jpt=0.38192 je=0.38177 j4=0.56349 crk=0.07878 cpre=1.37069 bset=1.80613 div=0.00000 | valFR total=5.19393 ar=1.63049 set=1.79779 eos=1.19644 cnt=6.49942 ang=0.06936 jpt=0.37604 je=0.37609 j4=0.56031 crk=0.07933 cpre=1.36420 bset=1.79779 div=0.00000
Reco ep 036 | t=00:04:38 eta=01:14:18 | phase=2:transition phys=1.000 tf=strict ss=0.27 mixFR=0.32@2 | train total=4.84438 ar=1.47723 set=1.73446 eos=0.16389 cnt=6.71834 ang=0.06856 jpt=0.46046 je=0.45875 j4=0.73386 crk=0.07550 cpre=1.27293 bset=1.73446 div=0.00000 fr=2.50948 | valTF total=7.98664 ar=2.63747 set=2.94808 eos=0.04391 cnt=10.04610 ang=0.08281 jpt=1.58914 je=1.58903 j4=0.99216 crk=0.03751 cpre=1.82222 bset=2.94808 div=0.00000 | valFR total=8.14876 ar=2.63957 set=2.95014 eos=0.82905 cnt=10.04610 ang=0.08273 jpt=1.59018 je=1.59014 j4=0.99314 crk=0.03752 cpre=1.82902 bset=2.95014 div=0.00000
Reco ep 037 | t=00:04:38 eta=01:12:10 | phase=2:transition phys=1.000 tf=strict ss=0.29 mixFR=0.33@2 | train total=4.61402 ar=1.33070 set=1.58570 eos=0.14276 cnt=7.14594 ang=0.06689 jpt=0.42148 je=0.42046 j4=0.67525 crk=0.06733 cpre=1.18079 bset=1.58570 div=0.00000 fr=2.37544 | valTF total=6.21291 ar=2.14993 set=2.35650 eos=0.05890 cnt=6.94689 ang=0.07602 jpt=0.81249 je=0.81369 j4=0.70831 crk=0.04688 cpre=1.74718 bset=2.35650 div=0.00000 | valFR total=6.28933 ar=2.14684 set=2.35295 eos=0.47279 cnt=6.94689 ang=0.07585 jpt=0.80997 je=0.81118 j4=0.70882 crk=0.04707 cpre=1.75073 bset=2.35295 div=0.00000
Reco ep 038 | t=00:04:37 eta=01:09:54 | phase=2:transition phys=1.000 tf=strict ss=0.30 mixFR=0.35@2 | train total=4.61061 ar=1.26103 set=1.49742 eos=0.12706 cnt=6.89522 ang=0.06663 jpt=0.52385 je=0.52415 j4=7.02296 crk=0.07932 cpre=1.22062 bset=1.49742 div=0.00000 fr=2.28199 | valTF total=4.75121 ar=1.43209 set=1.70975 eos=0.07631 cnt=6.68947 ang=0.07219 jpt=0.39046 je=0.39047 j4=0.51817 crk=0.08664 cpre=1.60065 bset=1.70975 div=0.00000 | valFR total=4.80164 ar=1.42817 set=1.70436 eos=0.37995 cnt=6.68947 ang=0.07220 jpt=0.39016 je=0.39026 j4=0.51737 crk=0.08639 cpre=1.59322 bset=1.70436 div=0.00000
Reco ep 039 | t=00:04:35 eta=01:07:29 | phase=2:transition phys=1.000 tf=strict ss=0.31 mixFR=0.37@2 | train total=3.99353 ar=1.10146 set=1.35976 eos=0.11698 cnt=6.50056 ang=0.06595 jpt=0.25178 je=0.25151 j4=0.50796 crk=0.11807 cpre=1.22535 bset=1.35976 div=0.00000 fr=2.01365 | valTF total=4.96924 ar=1.40325 set=1.71917 eos=0.07285 cnt=7.84342 ang=0.07368 jpt=0.38118 je=0.38114 j4=0.50701 crk=0.13255 cpre=1.59440 bset=1.71917 div=0.00000 | valFR total=5.09692 ar=1.39932 set=1.71346 eos=0.76241 cnt=7.84342 ang=0.07366 jpt=0.38127 je=0.38132 j4=0.50698 crk=0.13268 cpre=1.58929 bset=1.71346 div=0.00000
Reco ep 040 | t=00:04:38 eta=01:04:59 | phase=2:transition phys=1.000 tf=strict ss=0.33 mixFR=0.38@2 | train total=4.10036 ar=1.13464 set=1.38784 eos=0.10463 cnt=6.69913 ang=0.06915 jpt=0.29867 je=0.29902 j4=0.49409 crk=0.12005 cpre=1.22664 bset=1.38784 div=0.00000 fr=2.07887 | valTF total=4.59243 ar=1.41384 set=1.58848 eos=0.05676 cnt=6.80425 ang=0.07237 jpt=0.29685 je=0.29690 j4=0.44530 crk=0.12435 cpre=1.29919 bset=1.58848 div=0.00000 | valFR total=4.67591 ar=1.41009 set=1.58397 eos=0.51870 cnt=6.80425 ang=0.07237 jpt=0.29472 je=0.29492 j4=0.44312 crk=0.12446 cpre=1.29572 bset=1.58397 div=0.00000
Reco ep 041 | t=00:04:36 eta=01:02:21 | phase=2:transition phys=1.000 tf=strict ss=0.34 mixFR=0.40@2 | train total=4.35203 ar=1.28453 set=1.49678 eos=0.11666 cnt=6.61520 ang=0.06934 jpt=0.38320 je=0.38270 j4=0.52663 crk=0.07548 cpre=1.22865 bset=1.49678 div=0.00000 fr=2.21979 | valTF total=5.44382 ar=1.82463 set=1.98664 eos=0.16738 cnt=6.82201 ang=0.07435 jpt=0.45079 je=0.45044 j4=0.52351 crk=0.04433 cpre=1.45017 bset=1.98664 div=0.00000 | valFR total=5.45511 ar=1.81957 set=1.98094 eos=0.28067 cnt=6.82201 ang=0.07446 jpt=0.44689 je=0.44660 j4=0.52184 crk=0.04449 cpre=1.44787 bset=1.98094 div=0.00000
Reco ep 042 | t=00:04:37 eta=00:59:39 | phase=2:transition phys=1.000 tf=strict ss=0.35 mixFR=0.41@2 | train total=4.05596 ar=1.12348 set=1.34678 eos=0.14874 cnt=6.61522 ang=0.06576 jpt=0.28393 je=0.28341 j4=0.50769 crk=0.09563 cpre=1.20859 bset=1.34678 div=0.00000 fr=2.07917 | valTF total=4.83105 ar=1.48833 set=1.75993 eos=0.06879 cnt=6.60425 ang=0.07674 jpt=0.34082 je=0.33916 j4=0.49699 crk=0.05882 cpre=1.61848 bset=1.75993 div=0.00000 | valFR total=4.94339 ar=1.48550 set=1.75536 eos=0.67094 cnt=6.60425 ang=0.07676 jpt=0.34094 je=0.33944 j4=0.49660 crk=0.05865 cpre=1.61319 bset=1.75536 div=0.00000
Reco ep 043 | t=00:04:41 eta=00:56:53 | phase=2:transition phys=1.000 tf=strict ss=0.37 mixFR=0.43@2 | train total=4.11067 ar=1.16820 set=1.39062 eos=0.15219 cnt=6.51121 ang=0.07051 jpt=0.32486 je=0.32366 j4=0.71332 crk=0.08211 cpre=1.23325 bset=1.39062 div=0.00000 fr=2.06060 | valTF total=4.96511 ar=1.66600 set=1.80087 eos=0.07556 cnt=6.17515 ang=0.08016 jpt=0.45090 je=0.45021 j4=0.53431 crk=0.09654 cpre=1.47191 bset=1.80087 div=0.00000 | valFR total=4.99577 ar=1.66415 set=1.79763 eos=0.25849 cnt=6.17515 ang=0.08016 jpt=0.44856 je=0.44811 j4=0.53250 crk=0.09628 cpre=1.46726 bset=1.79763 div=0.00000
Reco ep 044 | t=00:04:37 eta=00:54:00 | phase=2:transition phys=1.000 tf=strict ss=0.38 mixFR=0.45@2 | train total=4.06512 ar=1.12145 set=1.36095 eos=0.12396 cnt=6.62820 ang=0.06792 jpt=0.30282 je=0.30177 j4=0.68436 crk=0.10772 cpre=1.20276 bset=1.36095 div=0.00000 fr=2.07828 | valTF total=4.78091 ar=1.51400 set=1.67185 eos=0.11816 cnt=6.74414 ang=0.08744 jpt=0.39133 je=0.39010 j4=0.50001 crk=0.06971 cpre=1.35280 bset=1.67185 div=0.00000 | valFR total=4.81442 ar=1.50818 set=1.66478 eos=0.35677 cnt=6.74414 ang=0.08742 jpt=0.38782 je=0.38679 j4=0.49792 crk=0.06960 cpre=1.34482 bset=1.66478 div=0.00000
Reco ep 045 | t=00:04:38 eta=00:51:02 | phase=2:transition phys=1.000 tf=strict ss=0.40 mixFR=0.46@2 | train total=4.10294 ar=1.17779 set=1.37248 eos=0.13813 cnt=6.56054 ang=0.06748 jpt=0.27814 je=0.27723 j4=0.52077 crk=0.09473 cpre=1.14600 bset=1.37248 div=0.00000 fr=2.06745 | valTF total=6.06664 ar=2.12327 set=2.29937 eos=0.37113 cnt=6.75214 ang=0.08898 jpt=0.34123 je=0.34078 j4=0.46394 crk=0.04182 cpre=1.41465 bset=2.29937 div=0.00000 | valFR total=6.07067 ar=2.12251 set=2.29753 eos=0.40395 cnt=6.75214 ang=0.08907 jpt=0.34206 je=0.34199 j4=0.46570 crk=0.04181 cpre=1.41422 bset=2.29753 div=0.00000
Reco ep 046 | t=00:04:36 eta=00:48:00 | phase=2:transition phys=1.000 tf=strict ss=0.41 mixFR=0.48@2 | train total=4.09907 ar=1.15175 set=1.34453 eos=0.13894 cnt=6.88487 ang=0.06552 jpt=0.19452 je=0.19404 j4=0.56706 crk=0.12784 cpre=1.08341 bset=1.34453 div=0.00000 fr=2.06936 | valTF total=4.57024 ar=1.47167 set=1.59989 eos=0.13198 cnt=6.24778 ang=0.06523 jpt=0.22541 je=0.22519 j4=0.80930 crk=0.05526 cpre=1.41123 bset=1.59989 div=0.00000 | valFR total=4.58393 ar=1.46526 set=1.59212 eos=0.28602 cnt=6.24778 ang=0.06527 jpt=0.22030 je=0.22023 j4=0.79130 crk=0.05492 cpre=1.39510 bset=1.59212 div=0.00000
Reco ep 047 | t=00:04:37 eta=00:44:54 | phase=2:transition phys=1.000 tf=strict ss=0.42 mixFR=0.49@2 | train total=4.43433 ar=1.13587 set=1.35004 eos=0.15444 cnt=8.59112 ang=0.06441 jpt=0.21111 je=0.21042 j4=0.50346 crk=0.07930 cpre=1.13084 bset=1.35004 div=0.00000 fr=2.25436 | valTF total=7.31750 ar=2.18546 set=2.27823 eos=0.05035 cnt=12.99237 ang=0.08971 jpt=0.34243 je=0.34010 j4=0.46182 crk=0.04921 cpre=1.61737 bset=2.27823 div=0.00000 | valFR total=7.49028 ar=2.17162 set=2.26395 eos=1.05934 cnt=12.99237 ang=0.08948 jpt=0.33946 je=0.33716 j4=0.46011 crk=0.04932 cpre=1.61196 bset=2.26395 div=0.00000
Reco ep 048 | t=00:04:38 eta=00:41:45 | phase=2:transition phys=1.000 tf=strict ss=0.44 mixFR=0.51@2 | train total=4.40986 ar=1.16980 set=1.38585 eos=0.14611 cnt=7.88364 ang=0.06488 jpt=0.21259 je=0.21315 j4=2.69220 crk=0.10502 cpre=1.16800 bset=1.38585 div=0.00000 fr=2.23841 | valTF total=6.45181 ar=2.25827 set=2.22400 eos=0.05991 cnt=8.26480 ang=0.09704 jpt=0.27555 je=0.27545 j4=0.99554 crk=0.06204 cpre=2.00159 bset=2.22400 div=0.00000 | valFR total=6.54330 ar=2.23044 set=2.20555 eos=0.76967 cnt=8.26480 ang=0.09724 jpt=0.26642 je=0.26656 j4=0.95381 crk=0.06189 cpre=1.98337 bset=2.20555 div=0.00000
Reco ep 049 | t=00:04:36 eta=00:38:31 | phase=2:transition phys=1.000 tf=strict ss=0.45 mixFR=0.52@2 | train total=4.15778 ar=1.13867 set=1.37223 eos=0.21059 cnt=6.91762 ang=0.06575 jpt=0.27472 je=0.27401 j4=0.52096 crk=0.06462 cpre=1.23332 bset=1.37223 div=0.00000 fr=2.12266 | valTF total=5.54889 ar=1.73780 set=1.86169 eos=0.06399 cnt=8.47036 ang=0.08952 jpt=0.30372 je=0.30348 j4=0.47996 crk=0.08050 cpre=1.56399 bset=1.86169 div=0.00000 | valFR total=5.60366 ar=1.73771 set=1.85956 eos=0.35277 cnt=8.47036 ang=0.08956 jpt=0.30230 je=0.30238 j4=0.47877 crk=0.08028 cpre=1.55930 bset=1.85956 div=0.00000
Reco ep 050 | t=00:04:36 eta=00:35:14 | phase=2:transition phys=1.000 tf=strict ss=0.46 mixFR=0.54@2 | train total=4.23997 ar=1.15113 set=1.35093 eos=0.21239 cnt=7.32395 ang=0.07124 jpt=0.26540 je=0.26544 j4=0.62701 crk=0.11568 cpre=1.20252 bset=1.35093 div=0.00000 fr=2.17772 | valTF total=5.32039 ar=1.59944 set=1.72823 eos=0.27198 cnt=8.45635 ang=0.09894 jpt=0.25871 je=0.25980 j4=0.59497 crk=0.14259 cpre=1.49964 bset=1.72823 div=0.00000 | valFR total=5.32478 ar=1.59249 set=1.72130 eos=0.36827 cnt=8.45635 ang=0.09944 jpt=0.25892 je=0.26022 j4=0.59457 crk=0.14218 cpre=1.49217 bset=1.72130 div=0.00000
Reco ep 051 | t=00:04:37 eta=00:31:54 | phase=2:transition phys=1.000 tf=strict ss=0.48 mixFR=0.56@2 | train total=4.43100 ar=1.23711 set=1.45052 eos=0.21084 cnt=7.35975 ang=0.07345 jpt=0.28596 je=0.28679 j4=0.57808 crk=0.07339 cpre=1.23149 bset=1.45052 div=0.00000 fr=2.25773 | valTF total=6.37230 ar=2.24873 set=2.34303 eos=0.40748 cnt=7.16030 ang=0.11473 jpt=0.52147 je=0.52001 j4=0.71455 crk=0.04742 cpre=1.61932 bset=2.34303 div=0.00000 | valFR total=6.47356 ar=2.26417 set=2.35704 eos=0.76565 cnt=7.16030 ang=0.11459 jpt=0.51339 je=0.51209 j4=0.71030 crk=0.04757 cpre=1.62698 bset=2.35704 div=0.00000
Early stopping reconstructor at epoch 51
Best reconstructor val metrics:
  val_total: 4.046407
  val_ar: 1.112325
  val_set: 1.326669
  val_eos: 0.055505
  val_count: 6.830200
  val_angle: 0.064574
  val_jetpt: 0.277904
  val_jete: 0.277648
  val_fourvec: 0.958057
  val_free_total: 4.131325
  val_free_ar: 1.090877
  val_free_set: 1.303397
  val_free_eos: 0.739897
  val_free_count: 6.830200
  val_free_best_set: 1.303397
Building reconstructed dataset...

========================================================================
STEP 5: TAGGERS ON RECONSTRUCTED VIEW
========================================================================
RecoOnly ep 5: train_auc=0.7931, val_auc=0.7940, val_fpr50=0.104950, best_auc=0.7940
RecoOnly ep 10: train_auc=0.8337, val_auc=0.7989, val_fpr50=0.102546, best_auc=0.8130
RecoOnly ep 15: train_auc=0.8574, val_auc=0.8127, val_fpr50=0.087129, best_auc=0.8157
RecoOnly ep 20: train_auc=0.8840, val_auc=0.7931, val_fpr50=0.105446, best_auc=0.8157
RecoOnly ep 25: train_auc=0.9082, val_auc=0.8042, val_fpr50=0.099802, best_auc=0.8157
RecoOnly ep 30: train_auc=0.9385, val_auc=0.7854, val_fpr50=0.103168, best_auc=0.8157
Early stopping RecoOnly at epoch 32
DualView ep 5: train_auc=0.8596, val_auc=0.8634, val_fpr50=0.054809, best_auc=0.8634
DualView ep 10: train_auc=0.8929, val_auc=0.8437, val_fpr50=0.067327, best_auc=0.8691
DualView ep 15: train_auc=0.9230, val_auc=0.8644, val_fpr50=0.045710, best_auc=0.8719
DualView ep 20: train_auc=0.9535, val_auc=0.8594, val_fpr50=0.052025, best_auc=0.8719
DualView ep 25: train_auc=0.9730, val_auc=0.8567, val_fpr50=0.057673, best_auc=0.8719
Early stopping DualView at epoch 29
DualView+Conf ep 5: train_auc=0.8567, val_auc=0.8475, val_fpr50=0.059406, best_auc=0.8475
DualView+Conf ep 10: train_auc=0.8915, val_auc=0.8472, val_fpr50=0.062970, best_auc=0.8735
DualView+Conf ep 15: train_auc=0.9179, val_auc=0.8547, val_fpr50=0.054075, best_auc=0.8735
DualView+Conf ep 20: train_auc=0.9437, val_auc=0.8616, val_fpr50=0.052475, best_auc=0.8735
DualView+Conf ep 25: train_auc=0.9636, val_auc=0.8349, val_fpr50=0.087376, best_auc=0.8735
Early stopping DualView+Conf at epoch 27

========================================================================
FINAL TEST EVALUATION
========================================================================
Teacher (Offline) AUC: 0.901161
Baseline (HLT)   AUC: 0.869346
RecoOnly         AUC: 0.804496
DualView         AUC: 0.857113
DualView+Conf    AUC: 0.854782

FPR@30
  Teacher/HLT/RecoOnly/Dual/Dual+Conf: 0.017089 / 0.016403 / 0.033011 / 0.019790 / 0.017249
FPR@50
  Teacher/HLT/RecoOnly/Dual/Dual+Conf: 0.044612 / 0.054601 / 0.099693 / 0.066165 / 0.063672

Jet pT response (test, vs offline truth):
  HLT  mean/std: 0.827475 / 0.200447 | Reco mean/std: 1.804145 / 1.115018
Saved fusion score arrays to: checkpoints/reco_teacher_joint_fusion_6model_150k75k150k/model25_strictsched_quick/model25_k1_nomicro_bs80_smoke_50k20k100k_seed0/fusion_scores_val_test.npz

Saved results to: checkpoints/reco_teacher_joint_fusion_6model_150k75k150k/model25_strictsched_quick/model25_k1_nomicro_bs80_smoke_50k20k100k_seed0
Done: checkpoints/reco_teacher_joint_fusion_6model_150k75k150k/model25_strictsched_quick/model25_k1_nomicro_bs80_smoke_50k20k100k_seed0
