============================================================
Model-25 K=1 StrictTF+Sched+FreeRun
Run:   checkpoints/reco_teacher_joint_fusion_6model_150k75k150k/model25_strictsched/model25_k1_strictsched_50k20k100k_seed0
Split: train=25000, val=10000, test=100000
============================================================
 python offline_reconstructor_joint_dualview_seq2seq_nexttoken_m25_strictsched.py --save_dir checkpoints/reco_teacher_joint_fusion_6model_150k75k150k/model25_strictsched --run_name model25_k1_strictsched_50k20k100k_seed0 --n_train_jets 135000 --n_train_split 25000 --n_val_split 10000 --n_test_split 100000 --offset_jets 0 --max_constits 100 --num_workers 1 --seed 0 --reco_epochs 175 --reco_batch_size 112 --reco_lr 1.8e-4 --reco_patience 30 --reco_min_epochs 45 --reco_huber_delta 0.12 --beam_size 4 --beam_len_sigma 1.35 --beam_temperature 0.9 --num_hypotheses 1 --joint_epochs 0 --set_loss_mode hungarian --ar_use_hungarian_target --loss_w_ar 1.0 --loss_w_set 1.0 --loss_w_eos 0.20 --loss_w_count 0.20 --loss_w_ptr_entropy 0.002 --loss_w_conf_rank 0.20 --loss_w_conf_prefix 0.12 --conf_margin 0.06 --conf_prefix_tau 16.0 --loss_w_jetpt 0.08 --loss_w_4vec 0.03 --loss_w_jete 0.00 --loss_w_angle 0.00 --physics_warmup_epochs 12 --phase1_end_epoch 15 --phase2_end_epoch 75 --phase3_end_epoch 127 --phase2_alpha_fr_end 0.70 --phase3_alpha_fr_end 0.95 --phase4_alpha_fr 0.95 --phase2_ss_end 0.60 --phase3_ss_end 0.90 --phase4_ss 0.90 --phase2_free_run_every_n 2 --phase3_free_run_every_n 1 --phase4_free_run_every_n 1 --fr_train_subbatch 32 --phase_lr_decay 0.80 --save_fusion_scores --device cuda
Device: cuda
Save dir: checkpoints/reco_teacher_joint_fusion_6model_150k75k150k/model25_strictsched/model25_k1_strictsched_50k20k100k_seed0
Loading offline constituents...
Generating pseudo-HLT...
Computing features...
Split sizes: Train=25000, Val=10000, Test=100000

========================================================================
STEP 1: TEACHER (Offline)
========================================================================
Teacher ep 5: train_auc=0.9069, val_auc=0.8990, val_fpr50=0.043853, best_auc=0.9073
Teacher ep 10: train_auc=0.9373, val_auc=0.9359, val_fpr50=0.018573, best_auc=0.9359
Teacher ep 15: train_auc=0.9467, val_auc=0.9353, val_fpr50=0.020123, best_auc=0.9367
Teacher ep 20: train_auc=0.9531, val_auc=0.9360, val_fpr50=0.019818, best_auc=0.9413
Teacher ep 25: train_auc=0.9583, val_auc=0.9314, val_fpr50=0.022556, best_auc=0.9413
Teacher ep 30: train_auc=0.9638, val_auc=0.9335, val_fpr50=0.023031, best_auc=0.9413
Teacher ep 35: train_auc=0.9716, val_auc=0.9290, val_fpr50=0.020571, best_auc=0.9413
Early stopping Teacher at epoch 36

========================================================================
STEP 2: BASELINE (HLT)
========================================================================
HLT ep 5: train_auc=0.8690, val_auc=0.8781, val_fpr50=0.047018, best_auc=0.8781
HLT ep 10: train_auc=0.9027, val_auc=0.8941, val_fpr50=0.034823, best_auc=0.8989
HLT ep 15: train_auc=0.9139, val_auc=0.9069, val_fpr50=0.028588, best_auc=0.9069
HLT ep 20: train_auc=0.9216, val_auc=0.9063, val_fpr50=0.029249, best_auc=0.9088
HLT ep 25: train_auc=0.9288, val_auc=0.8985, val_fpr50=0.027696, best_auc=0.9088
HLT ep 30: train_auc=0.9374, val_auc=0.9029, val_fpr50=0.030571, best_auc=0.9088
HLT ep 35: train_auc=0.9471, val_auc=0.8989, val_fpr50=0.036031, best_auc=0.9088
Early stopping HLT at epoch 37

========================================================================
STEP 3: SEQ2SEQ RECONSTRUCTOR (Continuous AR + Beam Length)
========================================================================
Entering phase 1 (stabilize) at epoch 1
Reco ep 001 | t=00:04:43 eta=13:43:18 | phase=1:stabilize phys=0.083 tf=strict ss=0.00 mixFR=0.00@0 | train total=7.97977 ar=2.29800 set=2.53394 eos=0.15016 cnt=14.09750 ang=0.08467 jpt=0.94623 je=0.94740 j4=0.73635 crk=0.37872 cpre=1.78554 bset=2.53394 div=0.00000 fr=0.00000 | valTF total=6.60900 ar=2.26883 set=2.49619 eos=0.04995 cnt=8.12336 ang=0.08032 jpt=0.80135 je=0.80172 j4=0.67973 crk=0.06575 cpre=1.57558 bset=2.49619 div=0.00000 | valFR total=6.94318 ar=2.26879 set=2.49614 eos=1.72181 cnt=8.12336 ang=0.08032 jpt=0.80134 je=0.80171 j4=0.67973 crk=0.06569 cpre=1.57480 bset=2.49614 div=0.00000
Reco ep 002 | t=00:04:45 eta=13:40:14 | phase=1:stabilize phys=0.167 tf=strict ss=0.00 mixFR=0.00@0 | train total=6.45216 ar=2.28049 set=2.51220 eos=0.06786 cnt=7.20480 ang=0.08704 jpt=0.91606 je=0.91702 j4=0.71525 crk=0.08014 cpre=1.44252 bset=2.51220 div=0.00000 fr=0.00000 | valTF total=6.10470 ar=2.24580 set=2.47752 eos=0.13065 cnt=5.83293 ang=0.07375 jpt=0.91798 je=0.91853 j4=0.71815 crk=0.01809 cpre=1.40982 bset=2.47752 div=0.00000 | valFR total=7.08035 ar=2.24574 set=2.47745 eos=5.00911 cnt=5.83293 ang=0.07375 jpt=0.91797 je=0.91851 j4=0.71815 crk=0.01817 cpre=1.41048 bset=2.47745 div=0.00000
Reco ep 003 | t=00:04:57 eta=13:48:01 | phase=1:stabilize phys=0.250 tf=strict ss=0.00 mixFR=0.00@0 | train total=5.28642 ar=1.77349 set=2.00348 eos=0.13283 cnt=6.39112 ang=0.07626 jpt=0.56320 je=0.56436 j4=1.08260 crk=0.07289 cpre=1.42199 bset=2.00348 div=0.00000 fr=0.00000 | valTF total=5.38038 ar=1.42342 set=1.70324 eos=0.11537 cnt=10.05903 ang=0.06021 jpt=0.22030 je=0.21883 j4=0.87406 crk=0.07113 cpre=1.61200 bset=1.70324 div=0.00000 | valFR total=6.02689 ar=1.35340 set=1.62460 eos=4.13610 cnt=10.05903 ang=0.06057 jpt=0.19407 je=0.19300 j4=0.78567 crk=0.07147 cpre=1.54678 bset=1.62460 div=0.00000
Reco ep 004 | t=00:04:37 eta=13:35:17 | phase=1:stabilize phys=0.333 tf=strict ss=0.00 mixFR=0.00@0 | train total=3.62282 ar=1.00552 set=1.21639 eos=0.07433 cnt=6.11632 ang=0.06378 jpt=0.13677 je=0.13627 j4=0.47468 crk=0.08112 cpre=1.15047 bset=1.21639 div=0.00000 fr=0.00000 | valTF total=3.43187 ar=0.98596 set=1.16035 eos=0.08940 cnt=5.56519 ang=0.05650 jpt=0.07775 je=0.07714 j4=0.37147 crk=0.08699 cpre=1.09332 bset=1.16035 div=0.00000 | valFR total=4.06653 ar=0.98892 set=1.16187 eos=3.24280 cnt=5.56519 ang=0.05651 jpt=0.07669 je=0.07610 j4=0.36824 crk=0.08706 cpre=1.08985 bset=1.16187 div=0.00000
Reco ep 005 | t=00:04:33 eta=13:23:24 | phase=1:stabilize phys=0.417 tf=strict ss=0.00 mixFR=0.00@0 | train total=3.34751 ar=0.88584 set=1.08849 eos=0.07231 cnt=6.03089 ang=0.05926 jpt=0.10411 je=0.10533 j4=0.83283 crk=0.07151 cpre=1.03555 bset=1.08849 div=0.00000 fr=0.00000 | valTF total=3.87069 ar=1.01943 set=1.30735 eos=0.09630 cnt=6.59593 ang=0.05579 jpt=0.14128 je=0.14054 j4=0.64358 crk=0.07853 cpre=1.47351 bset=1.30735 div=0.00000 | valFR total=4.62089 ar=1.02116 set=1.30824 eos=3.83833 cnt=6.59593 ang=0.05577 jpt=0.13944 je=0.13876 j4=0.63773 crk=0.07854 cpre=1.46809 bset=1.30824 div=0.00000
Reco ep 006 | t=00:05:07 eta=13:29:47 | phase=1:stabilize phys=0.500 tf=strict ss=0.00 mixFR=0.00@0 | train total=3.44081 ar=0.91800 set=1.12014 eos=0.07482 cnt=6.17740 ang=0.05796 jpt=0.12374 je=0.12319 j4=0.38171 crk=0.06623 cpre=1.06851 bset=1.12014 div=0.00000 fr=0.00000 | valTF total=4.39719 ar=1.26322 set=1.49577 eos=0.07855 cnt=7.00966 ang=0.05745 jpt=0.10818 je=0.10812 j4=0.45589 crk=0.06655 cpre=1.63223 bset=1.49577 div=0.00000 | valFR total=4.94365 ar=1.28630 set=1.52129 eos=2.55605 cnt=7.00966 ang=0.05742 jpt=0.10874 je=0.10871 j4=0.45880 crk=0.06684 cpre=1.65133 bset=1.52129 div=0.00000
Reco ep 007 | t=00:04:53 eta=13:27:20 | phase=1:stabilize phys=0.583 tf=strict ss=0.00 mixFR=0.00@0 | train total=3.32520 ar=0.88309 set=1.07955 eos=0.07052 cnt=5.99628 ang=0.05698 jpt=0.10590 je=0.10510 j4=0.37319 crk=0.07003 cpre=1.03036 bset=1.07955 div=0.00000 fr=0.00000 | valTF total=3.79291 ar=1.04795 set=1.18097 eos=0.06240 cnt=7.07089 ang=0.06601 jpt=0.06662 je=0.06661 j4=0.27576 crk=0.05264 cpre=0.98919 bset=1.18097 div=0.00000 | valFR total=4.20645 ar=1.06095 set=1.19592 eos=1.98512 cnt=7.07089 ang=0.06568 jpt=0.06713 je=0.06712 j4=0.27758 crk=0.05238 cpre=0.99829 bset=1.19592 div=0.00000
Reco ep 008 | t=00:04:39 eta=13:19:33 | phase=1:stabilize phys=0.667 tf=strict ss=0.00 mixFR=0.00@0 | train total=3.09902 ar=0.78479 set=0.98678 eos=0.07273 cnt=5.85902 ang=0.05750 jpt=0.09526 je=0.09455 j4=0.36054 crk=0.06244 cpre=0.96880 bset=0.98678 div=0.00000 fr=0.00000 | valTF total=3.53501 ar=1.07876 set=1.22398 eos=0.08151 cnt=5.36053 ang=0.06824 jpt=0.05952 je=0.05951 j4=0.22503 crk=0.06119 cpre=1.03186 bset=1.22398 div=0.00000 | valFR total=4.12430 ar=1.08816 set=1.23449 eos=2.92489 cnt=5.36053 ang=0.06817 jpt=0.05987 je=0.05987 j4=0.22615 crk=0.06118 cpre=1.03758 bset=1.23449 div=0.00000
Reco ep 009 | t=00:04:36 eta=13:11:31 | phase=1:stabilize phys=0.750 tf=strict ss=0.00 mixFR=0.00@0 | train total=3.22405 ar=0.85388 set=1.04606 eos=0.07467 cnt=5.84044 ang=0.05681 jpt=0.09850 je=0.09821 j4=0.34377 crk=0.07274 cpre=0.94024 bset=1.04606 div=0.00000 fr=0.00000 | valTF total=5.38674 ar=1.88461 set=2.11461 eos=0.09805 cnt=5.64696 ang=0.08716 jpt=0.35324 je=0.35339 j4=0.49821 crk=0.05683 cpre=1.62149 bset=2.11461 div=0.00000 | valFR total=6.08060 ar=1.86557 set=2.09326 eos=3.77820 cnt=5.64696 ang=0.08411 jpt=0.35001 je=0.35012 j4=0.49662 crk=0.05705 cpre=1.60788 bset=2.09326 div=0.00000
Reco ep 010 | t=00:04:34 eta=13:03:27 | phase=1:stabilize phys=0.833 tf=strict ss=0.00 mixFR=0.00@0 | train total=3.15584 ar=0.79359 set=0.98964 eos=0.07529 cnt=6.10015 ang=0.05865 jpt=0.09599 je=0.09555 j4=0.32073 crk=0.06453 cpre=0.91780 bset=0.98964 div=0.00000 fr=0.00000 | valTF total=4.34435 ar=1.41663 set=1.60755 eos=0.06783 cnt=5.55488 ang=0.08736 jpt=0.07818 je=0.07820 j4=0.33141 crk=0.05848 cpre=1.41915 bset=1.60755 div=0.00000 | valFR total=4.91753 ar=1.44505 set=1.64074 eos=2.61274 cnt=5.55488 ang=0.08766 jpt=0.07978 je=0.07980 j4=0.33633 crk=0.05837 cpre=1.43906 bset=1.64074 div=0.00000
Reco ep 011 | t=00:04:29 eta=12:54:49 | phase=1:stabilize phys=0.917 tf=strict ss=0.00 mixFR=0.00@0 | train total=3.09949 ar=0.79163 set=0.99566 eos=0.08427 cnt=5.74958 ang=0.05535 jpt=0.10639 je=0.10678 j4=0.36734 crk=0.06681 cpre=0.95093 bset=0.99566 div=0.00000 fr=0.00000 | valTF total=3.42923 ar=0.91598 set=1.09728 eos=0.06976 cnt=6.27099 ang=0.05823 jpt=0.06788 je=0.06781 j4=0.32351 crk=0.06057 cpre=1.01436 bset=1.09728 div=0.00000 | valFR total=3.89871 ar=0.93132 set=1.11900 eos=2.21667 cnt=6.27099 ang=0.05782 jpt=0.06993 je=0.06989 j4=0.33080 crk=0.06064 cpre=1.03687 bset=1.11900 div=0.00000
Reco ep 012 | t=00:04:31 eta=12:47:20 | phase=1:stabilize phys=1.000 tf=strict ss=0.00 mixFR=0.00@0 | train total=3.05230 ar=0.77096 set=0.97567 eos=0.08139 cnt=5.69738 ang=0.05628 jpt=0.08931 je=0.08863 j4=0.61030 crk=0.07200 cpre=0.91678 bset=0.97567 div=0.00000 fr=0.00000 | valTF total=4.75716 ar=1.52327 set=1.71340 eos=0.07416 cnt=6.31130 ang=0.10040 jpt=0.44113 je=0.43799 j4=0.52426 crk=0.05629 cpre=1.50846 bset=1.71340 div=0.00000 | valFR total=5.30445 ar=1.54046 set=1.72876 eos=2.63829 cnt=6.31130 ang=0.09983 jpt=0.44695 je=0.44356 j4=0.52482 crk=0.05616 cpre=1.52107 bset=1.72876 div=0.00000
Reco ep 013 | t=00:04:32 eta=12:40:29 | phase=1:stabilize phys=1.000 tf=strict ss=0.00 mixFR=0.00@0 | train total=3.71040 ar=1.00571 set=1.22597 eos=0.08882 cnt=6.41399 ang=0.06267 jpt=0.24661 je=0.24609 j4=0.58385 crk=0.08096 cpre=1.03917 bset=1.22597 div=0.00000 fr=0.00000 | valTF total=4.65717 ar=1.37772 set=1.61353 eos=0.11307 cnt=6.79668 ang=0.06766 jpt=0.35591 je=0.35533 j4=1.01756 crk=0.08034 cpre=1.74016 bset=1.61353 div=0.00000 | valFR total=5.52709 ar=1.38138 set=1.61754 eos=4.42705 cnt=6.79668 ang=0.06769 jpt=0.35400 je=0.35349 j4=1.00898 crk=0.08047 cpre=1.73898 bset=1.61754 div=0.00000
Reco ep 014 | t=00:04:29 eta=12:33:29 | phase=1:stabilize phys=1.000 tf=strict ss=0.00 mixFR=0.00@0 | train total=3.77503 ar=0.96066 set=1.18678 eos=0.08366 cnt=7.13539 ang=0.05855 jpt=0.22312 je=0.22304 j4=0.54098 crk=0.08138 cpre=1.11168 bset=1.18678 div=0.00000 fr=0.00000 | valTF total=3.43190 ar=0.90816 set=1.14374 eos=0.08591 cnt=5.98746 ang=0.06394 jpt=0.08895 je=0.08905 j4=0.33827 crk=0.07523 cpre=1.10800 bset=1.14374 div=0.00000 | valFR total=4.07887 ar=0.93667 set=1.17144 eos=3.03607 cnt=5.98746 ang=0.06382 jpt=0.08812 je=0.08826 j4=0.33407 crk=0.07450 cpre=1.11685 bset=1.17144 div=0.00000
Reco ep 015 | t=00:04:29 eta=12:26:48 | phase=1:stabilize phys=1.000 tf=strict ss=0.00 mixFR=0.00@0 | train total=3.52575 ar=0.92224 set=1.15245 eos=0.07840 cnt=6.25747 ang=0.05694 jpt=0.18704 je=0.18703 j4=0.49435 crk=0.09195 cpre=1.13072 bset=1.15245 div=0.00000 fr=0.00000 | valTF total=3.83775 ar=1.12763 set=1.30280 eos=0.06600 cnt=6.15926 ang=0.06092 jpt=0.09298 je=0.09292 j4=0.25846 crk=0.06051 cpre=1.12432 bset=1.30280 div=0.00000 | valFR total=4.32654 ar=1.15569 set=1.33083 eos=2.22444 cnt=6.15926 ang=0.06054 jpt=0.09349 je=0.09346 j4=0.25899 crk=0.05997 cpre=1.13319 bset=1.33083 div=0.00000
Phase transition 1->2: rewound to phase-best epoch 11 (valFR=3.898705)
Phase 2 optimizer reset: lr 1.800e-04 -> 1.440e-04
Reco ep 016 | t=00:04:32 eta=12:20:49 | phase=2:transition phys=1.000 tf=strict ss=0.00 mixFR=0.00@2 | train total=3.00219 ar=0.75437 set=0.95019 eos=0.08281 cnt=5.72116 ang=0.05512 jpt=0.08165 je=0.08071 j4=0.29804 crk=0.07266 cpre=0.88988 bset=0.95019 div=0.00000 fr=0.00000 | valTF total=4.26341 ar=1.37776 set=1.50172 eos=0.09347 cnt=6.00616 ang=0.08560 jpt=0.07492 je=0.07466 j4=0.24853 crk=0.05312 cpre=1.16518 bset=1.50172 div=0.00000 | valFR total=5.09088 ar=1.40172 set=1.53209 eos=3.94278 cnt=6.00616 ang=0.08683 jpt=0.08036 je=0.08021 j4=0.25904 crk=0.05309 cpre=1.18646 bset=1.53209 div=0.00000
