============================================================
Model-25 K=1 StrictTF+Sched+FreeRun
Run:   checkpoints/reco_teacher_joint_fusion_6model_150k75k150k/model25_strictsched/model25_k1_strictsched_50k20k100k_seed0
Split: train=50000, val=20000, test=100000
============================================================
 python offline_reconstructor_joint_dualview_seq2seq_nexttoken_m25_strictsched.py --save_dir checkpoints/reco_teacher_joint_fusion_6model_150k75k150k/model25_strictsched --run_name model25_k1_strictsched_50k20k100k_seed0 --n_train_jets 170000 --n_train_split 50000 --n_val_split 20000 --n_test_split 100000 --offset_jets 0 --max_constits 100 --num_workers 1 --seed 0 --reco_epochs 175 --reco_batch_size 112 --reco_lr 1.8e-4 --reco_patience 30 --reco_min_epochs 45 --reco_huber_delta 0.12 --beam_size 4 --beam_len_sigma 1.35 --beam_temperature 0.9 --num_hypotheses 1 --joint_epochs 0 --set_loss_mode hungarian --ar_use_hungarian_target --loss_w_ar 1.0 --loss_w_set 1.0 --loss_w_eos 0.20 --loss_w_count 0.20 --loss_w_ptr_entropy 0.002 --loss_w_conf_rank 0.20 --loss_w_conf_prefix 0.12 --conf_margin 0.06 --conf_prefix_tau 16.0 --loss_w_jetpt 0.08 --loss_w_4vec 0.03 --loss_w_jete 0.00 --loss_w_angle 0.00 --physics_warmup_epochs 12 --phase1_end_epoch 15 --phase2_end_epoch 75 --phase3_end_epoch 127 --phase2_alpha_fr_end 0.70 --phase3_alpha_fr_end 0.95 --phase4_alpha_fr 0.95 --phase2_ss_end 0.60 --phase3_ss_end 0.90 --phase4_ss 0.90 --phase2_free_run_every_n 2 --phase3_free_run_every_n 1 --phase4_free_run_every_n 1 --phase_lr_decay 0.80 --save_fusion_scores --device cuda
Device: cuda
Save dir: checkpoints/reco_teacher_joint_fusion_6model_150k75k150k/model25_strictsched/model25_k1_strictsched_50k20k100k_seed0
Loading offline constituents...
Generating pseudo-HLT...
Computing features...
Split sizes: Train=50000, Val=20000, Test=100000

========================================================================
STEP 1: TEACHER (Offline)
========================================================================
Teacher ep 5: train_auc=0.9278, val_auc=0.8964, val_fpr50=0.044963, best_auc=0.9129
Teacher ep 10: train_auc=0.9449, val_auc=0.9417, val_fpr50=0.018129, best_auc=0.9427
Teacher ep 15: train_auc=0.9496, val_auc=0.9446, val_fpr50=0.014445, best_auc=0.9462
Teacher ep 20: train_auc=0.9546, val_auc=0.9457, val_fpr50=0.015392, best_auc=0.9471
Teacher ep 25: train_auc=0.9600, val_auc=0.9456, val_fpr50=0.014956, best_auc=0.9474
Teacher ep 30: train_auc=0.9650, val_auc=0.9416, val_fpr50=0.018254, best_auc=0.9474
Teacher ep 35: train_auc=0.9718, val_auc=0.9395, val_fpr50=0.016467, best_auc=0.9474
Teacher ep 40: train_auc=0.9780, val_auc=0.9337, val_fpr50=0.018665, best_auc=0.9474
Early stopping Teacher at epoch 41

========================================================================
STEP 2: BASELINE (HLT)
========================================================================
HLT ep 5: train_auc=0.8854, val_auc=0.8728, val_fpr50=0.059302, best_auc=0.8728
HLT ep 10: train_auc=0.9082, val_auc=0.9124, val_fpr50=0.026459, best_auc=0.9145
HLT ep 15: train_auc=0.9160, val_auc=0.9104, val_fpr50=0.026110, best_auc=0.9152
HLT ep 20: train_auc=0.9213, val_auc=0.9144, val_fpr50=0.024414, best_auc=0.9152
HLT ep 25: train_auc=0.9276, val_auc=0.9154, val_fpr50=0.022746, best_auc=0.9154
HLT ep 30: train_auc=0.9337, val_auc=0.9088, val_fpr50=0.028368, best_auc=0.9154
HLT ep 35: train_auc=0.9416, val_auc=0.9079, val_fpr50=0.026989, best_auc=0.9154
HLT ep 40: train_auc=0.9502, val_auc=0.9041, val_fpr50=0.031191, best_auc=0.9154
Early stopping HLT at epoch 43

========================================================================
STEP 3: SEQ2SEQ RECONSTRUCTOR (Continuous AR + Beam Length)
========================================================================
Entering phase 1 (stabilize) at epoch 1
Reco ep 001 | t=00:10:02 eta=29:06:43 | phase=1:stabilize phys=0.083 tf=strict ss=0.00 mixFR=0.00@0 | train total=7.25537 ar=2.29500 set=2.52847 eos=0.15532 cnt=10.75653 ang=0.08298 jpt=0.95882 je=0.95976 j4=0.72639 crk=0.21428 cpre=1.65323 bset=2.52847 div=0.00000 fr=0.00000 | valTF total=6.20530 ar=2.27699 set=2.53051 eos=0.09598 cnt=5.99327 ang=0.07717 jpt=1.13441 je=1.13456 j4=0.76504 crk=0.01875 cpre=1.38927 bset=2.53051 div=0.00000 | valFR total=6.92036 ar=2.27698 set=2.53050 eos=3.67181 cnt=5.99327 ang=0.07717 jpt=1.13441 je=1.13456 j4=0.76504 crk=0.01869 cpre=1.38855 bset=2.53050 div=0.00000
Reco ep 002 | t=00:09:57 eta=28:50:01 | phase=1:stabilize phys=0.167 tf=strict ss=0.00 mixFR=0.00@0 | train total=6.03208 ar=2.15812 set=2.37939 eos=0.09602 cnt=6.37816 ang=0.08644 jpt=0.69571 je=0.69717 j4=1.88391 crk=0.04957 cpre=1.42585 bset=2.37939 div=0.00000 fr=0.00000 | valTF total=5.11460 ar=1.77741 set=1.89478 eos=0.14723 cnt=5.63991 ang=0.06679 jpt=0.17238 je=0.17152 j4=0.67351 crk=0.12469 cpre=2.11716 bset=1.89478 div=0.00000 | valFR total=6.29193 ar=1.80251 set=1.92129 eos=5.76155 cnt=5.63991 ang=0.06670 jpt=0.17532 je=0.17447 j4=0.68707 crk=0.12411 cpre=2.14225 bset=1.92129 div=0.00000
Reco ep 003 | t=00:09:46 eta=28:27:24 | phase=1:stabilize phys=0.250 tf=strict ss=0.00 mixFR=0.00@0 | train total=3.74927 ar=1.06747 set=1.27870 eos=0.08269 cnt=6.09078 ang=0.06373 jpt=0.13461 je=0.13483 j4=0.38896 crk=0.09443 cpre=1.19871 bset=1.27870 div=0.00000 fr=0.00000 | valTF total=4.56644 ar=1.38791 set=1.75696 eos=0.13280 cnt=5.85223 ang=0.06474 jpt=0.06189 je=0.06174 j4=0.23060 crk=0.10608 cpre=1.66898 bset=1.75696 div=0.00000 | valFR total=5.32372 ar=1.38859 set=1.75790 eos=3.91194 cnt=5.85223 ang=0.06471 jpt=0.06126 je=0.06116 j4=0.22937 crk=0.10602 cpre=1.66763 bset=1.75790 div=0.00000
Reco ep 004 | t=00:09:40 eta=28:06:41 | phase=1:stabilize phys=0.333 tf=strict ss=0.00 mixFR=0.00@0 | train total=3.39252 ar=0.91288 set=1.12171 eos=0.07363 cnt=5.95487 ang=0.06239 jpt=0.10419 je=0.10429 j4=0.34901 crk=0.08155 cpre=1.08014 bset=1.12171 div=0.00000 fr=0.00000 | valTF total=3.54670 ar=1.07989 set=1.20822 eos=0.07641 cnt=5.48637 ang=0.06583 jpt=0.05679 je=0.05663 j4=0.19829 crk=0.13222 cpre=0.96706 bset=1.20822 div=0.00000 | valFR total=4.18994 ar=1.07796 set=1.20500 eos=3.32171 cnt=5.48637 ang=0.06589 jpt=0.05613 je=0.05599 j4=0.19692 crk=0.13175 cpre=0.96252 bset=1.20500 div=0.00000
Reco ep 005 | t=00:09:37 eta=27:48:40 | phase=1:stabilize phys=0.417 tf=strict ss=0.00 mixFR=0.00@0 | train total=3.49549 ar=0.94890 set=1.15392 eos=0.08050 cnt=6.10269 ang=0.06204 jpt=0.12919 je=0.12943 j4=0.37259 crk=0.08475 cpre=1.08397 bset=1.15392 div=0.00000 fr=0.00000 | valTF total=2.96796 ar=0.75340 set=0.94808 eos=0.09136 cnt=5.60500 ang=0.06125 jpt=0.06045 je=0.06050 j4=0.21704 crk=0.08233 cpre=0.88293 bset=0.94808 div=0.00000 | valFR total=3.64648 ar=0.75097 set=0.94534 eos=3.51100 cnt=5.60500 ang=0.06126 jpt=0.06024 je=0.06030 j4=0.21673 crk=0.08240 cpre=0.88101 bset=0.94534 div=0.00000
Reco ep 006 | t=00:09:38 eta=27:33:48 | phase=1:stabilize phys=0.500 tf=strict ss=0.00 mixFR=0.00@0 | train total=3.38516 ar=0.91005 set=1.12182 eos=0.09650 cnt=5.87431 ang=0.06125 jpt=0.10991 je=0.11018 j4=0.42555 crk=0.10148 cpre=1.06686 bset=1.12182 div=0.00000 fr=0.00000 | valTF total=3.81837 ar=1.04806 set=1.32527 eos=0.09207 cnt=5.93153 ang=0.05446 jpt=0.19102 je=0.19000 j4=0.79450 crk=0.09043 cpre=1.68856 bset=1.32527 div=0.00000 | valFR total=4.25254 ar=1.03913 set=1.31379 eos=2.37818 cnt=5.93153 ang=0.05449 jpt=0.18561 je=0.18467 j4=0.77833 crk=0.09066 cpre=1.66989 bset=1.31379 div=0.00000
Reco ep 007 | t=00:09:44 eta=27:23:04 | phase=1:stabilize phys=0.583 tf=strict ss=0.00 mixFR=0.00@0 | train total=3.27688 ar=0.86856 set=1.07356 eos=0.07223 cnt=5.84398 ang=0.06179 jpt=0.09437 je=0.09445 j4=0.31183 crk=0.09448 cpre=1.02287 bset=1.07356 div=0.00000 fr=0.00000 | valTF total=3.27834 ar=0.85612 set=1.02987 eos=0.07405 cnt=6.19002 ang=0.05555 jpt=0.07302 je=0.07253 j4=0.35097 crk=0.07336 cpre=0.96052 bset=1.02987 div=0.00000 | valFR total=3.75646 ar=0.86126 set=1.03393 eos=2.41959 cnt=6.19002 ang=0.05556 jpt=0.07226 je=0.07181 j4=0.34873 crk=0.07361 cpre=0.95901 bset=1.03393 div=0.00000
Reco ep 008 | t=00:09:41 eta=27:11:19 | phase=1:stabilize phys=0.667 tf=strict ss=0.00 mixFR=0.00@0 | train total=3.26668 ar=0.86695 set=1.06138 eos=0.06434 cnt=5.90138 ang=0.06065 jpt=0.08257 je=0.08282 j4=0.30228 crk=0.08315 cpre=0.98420 bset=1.06138 div=0.00000 fr=0.00000 | valTF total=4.21621 ar=1.33210 set=1.55385 eos=0.06363 cnt=5.71583 ang=0.07250 jpt=0.10462 je=0.10478 j4=0.28027 crk=0.06121 cpre=1.25765 bset=1.55385 div=0.00000 | valFR total=4.67043 ar=1.33177 set=1.55310 eos=2.33945 cnt=5.71583 ang=0.07230 jpt=0.10406 je=0.10423 j4=0.28033 crk=0.06137 cpre=1.25865 bset=1.55310 div=0.00000
Reco ep 009 | t=00:09:39 eta=26:59:32 | phase=1:stabilize phys=0.750 tf=strict ss=0.00 mixFR=0.00@0 | train total=3.40647 ar=0.92707 set=1.13275 eos=0.06812 cnt=5.88364 ang=0.06118 jpt=0.09634 je=0.09642 j4=0.33792 crk=0.09421 cpre=1.03387 bset=1.13275 div=0.00000 fr=0.00000 | valTF total=3.71299 ar=1.06681 set=1.29669 eos=0.07502 cnt=5.63539 ang=0.05357 jpt=0.21264 je=0.21198 j4=0.85533 crk=0.10066 cpre=1.29377 bset=1.29669 div=0.00000 | valFR total=4.22056 ar=1.06458 set=1.29264 eos=2.65378 cnt=5.63539 ang=0.05359 jpt=0.20787 je=0.20724 j4=0.84117 crk=0.10041 cpre=1.28335 bset=1.29264 div=0.00000
Reco ep 010 | t=00:09:39 eta=26:48:04 | phase=1:stabilize phys=0.833 tf=strict ss=0.00 mixFR=0.00@0 | train total=3.42365 ar=0.94339 set=1.14107 eos=0.06448 cnt=5.83420 ang=0.06114 jpt=0.09801 je=0.09809 j4=0.36331 crk=0.10048 cpre=1.03101 bset=1.14107 div=0.00000 fr=0.00000 | valTF total=3.49966 ar=0.96136 set=1.18755 eos=0.05728 cnt=5.86562 ang=0.06888 jpt=0.06690 je=0.06718 j4=0.22211 crk=0.13923 cpre=1.06902 bset=1.18755 div=0.00000 | valFR total=3.82137 ar=0.96050 set=1.18700 eos=1.67321 cnt=5.86562 ang=0.06882 jpt=0.06670 je=0.06701 j4=0.22185 crk=0.13929 cpre=1.06847 bset=1.18700 div=0.00000
Reco ep 011 | t=00:09:40 eta=26:37:17 | phase=1:stabilize phys=0.917 tf=strict ss=0.00 mixFR=0.00@0 | train total=3.38963 ar=0.92487 set=1.13274 eos=0.05575 cnt=5.77997 ang=0.06270 jpt=0.13326 je=0.13361 j4=0.36994 crk=0.09510 cpre=1.04912 bset=1.13274 div=0.00000 fr=0.00000 | valTF total=3.24984 ar=0.91182 set=1.11513 eos=0.05569 cnt=5.30825 ang=0.07194 jpt=0.05917 je=0.05913 j4=0.22128 crk=0.12383 cpre=0.95737 bset=1.11513 div=0.00000 | valFR total=3.60903 ar=0.91294 set=1.11569 eos=1.84418 cnt=5.30825 ang=0.07194 jpt=0.05885 je=0.05881 j4=0.22040 crk=0.12361 cpre=0.95649 bset=1.11569 div=0.00000
Reco ep 012 | t=00:09:42 eta=26:27:13 | phase=1:stabilize phys=1.000 tf=strict ss=0.00 mixFR=0.00@0 | train total=3.34535 ar=0.91311 set=1.12055 eos=0.06174 cnt=5.69062 ang=0.06344 jpt=0.11404 je=0.11436 j4=0.33568 crk=0.09657 cpre=1.02245 bset=1.12055 div=0.00000 fr=0.00000 | valTF total=3.18120 ar=0.89845 set=1.07768 eos=0.06189 cnt=5.24980 ang=0.05896 jpt=0.07242 je=0.07207 j4=0.32872 crk=0.05822 cpre=0.96176 bset=1.07768 div=0.00000 | valFR total=3.63406 ar=0.89779 set=1.07596 eos=2.34031 cnt=5.24980 ang=0.05902 jpt=0.07193 je=0.07163 j4=0.32704 crk=0.05815 cpre=0.95883 bset=1.07596 div=0.00000
Reco ep 013 | t=00:09:43 eta=26:17:20 | phase=1:stabilize phys=1.000 tf=strict ss=0.00 mixFR=0.00@0 | train total=3.26687 ar=0.88426 set=1.08619 eos=0.05746 cnt=5.64364 ang=0.06195 jpt=0.09335 je=0.09338 j4=0.34639 crk=0.09758 cpre=0.99009 bset=1.08619 div=0.00000 fr=0.00000 | valTF total=3.36082 ar=0.97062 set=1.16765 eos=0.06346 cnt=5.24158 ang=0.05715 jpt=0.06527 je=0.06545 j4=0.20133 crk=0.11339 cpre=1.06317 bset=1.16765 div=0.00000 | valFR total=3.83743 ar=0.98163 set=1.17743 eos=2.34025 cnt=5.24158 ang=0.05720 jpt=0.06507 je=0.06527 j4=0.20141 crk=0.11354 cpre=1.06683 bset=1.17743 div=0.00000
Reco ep 014 | t=00:09:39 eta=26:06:37 | phase=1:stabilize phys=1.000 tf=strict ss=0.00 mixFR=0.00@0 | train total=3.30786 ar=0.89874 set=1.10151 eos=0.06390 cnt=5.68408 ang=0.06074 jpt=0.09627 je=0.09630 j4=0.34211 crk=0.09972 cpre=1.00086 bset=1.10151 div=0.00000 fr=0.00000 | valTF total=3.20571 ar=0.89824 set=1.08682 eos=0.05764 cnt=5.33770 ang=0.06389 jpt=0.08201 je=0.08150 j4=0.33731 crk=0.05904 cpre=0.94233 bset=1.08682 div=0.00000 | valFR total=3.64936 ar=0.90067 set=1.08810 eos=2.25906 cnt=5.33770 ang=0.06392 jpt=0.08146 je=0.08100 j4=0.33550 crk=0.05874 cpre=0.94067 bset=1.08810 div=0.00000
Reco ep 015 | t=00:09:38 eta=25:55:58 | phase=1:stabilize phys=1.000 tf=strict ss=0.00 mixFR=0.00@0 | train total=3.29304 ar=0.89437 set=1.09663 eos=0.05340 cnt=5.63011 ang=0.06450 jpt=0.10719 je=0.10723 j4=0.38823 crk=0.12149 cpre=1.00675 bset=1.09663 div=0.00000 fr=0.00000 | valTF total=3.18805 ar=0.86501 set=1.07485 eos=0.04583 cnt=5.28734 ang=0.05754 jpt=0.07990 je=0.07965 j4=0.38080 crk=0.23242 cpre=0.97695 bset=1.07485 div=0.00000 | valFR total=3.47156 ar=0.87054 set=1.08012 eos=1.40814 cnt=5.28734 ang=0.05756 jpt=0.07971 je=0.07949 j4=0.38051 crk=0.23236 cpre=0.97933 bset=1.08012 div=0.00000
Phase transition 1->2: rewound to phase-best epoch 15 (valFR=3.471556)
Phase 2 optimizer reset: lr 1.800e-04 -> 1.440e-04
Reco ep 016 | t=00:09:34 eta=25:44:49 | phase=2:transition phys=1.000 tf=strict ss=0.00 mixFR=0.00@2 | train total=3.09562 ar=0.82129 set=1.02310 eos=0.04947 cnt=5.48390 ang=0.06194 jpt=0.07156 je=0.07173 j4=0.24833 crk=0.09344 cpre=0.93903 bset=1.02310 div=0.00000 fr=0.00000 | valTF total=3.01342 ar=0.74990 set=0.95999 eos=0.05258 cnt=5.79427 ang=0.06068 jpt=0.06537 je=0.06557 j4=0.19526 crk=0.07324 cpre=0.90339 bset=0.95999 div=0.00000 | valFR total=3.36853 ar=0.75618 set=0.96677 eos=1.76054 cnt=5.79427 ang=0.06065 jpt=0.06547 je=0.06569 j4=0.19572 crk=0.07303 cpre=0.90733 bset=0.96677 div=0.00000
