/home/ryreu/miniconda3/envs/atlas_kd/lib/python3.10/site-packages/torch/nn/modules/transformer.py:379: UserWarning: enable_nested_tensor is True, but self.use_nested_tensor is False because encoder_layer.norm_first was True
  warnings.warn(
/home/ryreu/miniconda3/envs/atlas_kd/lib/python3.10/site-packages/torch/nn/modules/transformer.py:379: UserWarning: enable_nested_tensor is True, but self.use_nested_tensor is False because encoder_layer.norm_first was True
  warnings.warn(
/home/ryreu/miniconda3/envs/atlas_kd/lib/python3.10/site-packages/torch/nn/modules/transformer.py:379: UserWarning: enable_nested_tensor is True, but self.use_nested_tensor is False because encoder_layer.norm_first was True
  warnings.warn(
Traceback (most recent call last):
  File "/home/ryreu/atlas/PracticeTagging/offline_reconstructor_joint_dualview_seq2seq_nexttoken_m25_strictsched.py", line 3630, in <module>
    hlt_response_mean=float(hlt_resp_mean),
  File "/home/ryreu/atlas/PracticeTagging/offline_reconstructor_joint_dualview_seq2seq_nexttoken_m25_strictsched.py", line 3141, in main
    with open(save_root / "args.json", "w", encoding="utf-8") as f:
  File "/home/ryreu/atlas/PracticeTagging/offline_reconstructor_joint_dualview_seq2seq_nexttoken_m25_strictsched.py", line 2006, in train_reconstructor_seq2seq
    tgt_mask,
  File "/home/ryreu/atlas/PracticeTagging/offline_reconstructor_joint_dualview_seq2seq_nexttoken_m25_strictsched.py", line 1019, in forward_free_running_multi
    all_gate: List[torch.Tensor] = []
  File "/home/ryreu/miniconda3/envs/atlas_kd/lib/python3.10/site-packages/torch/nn/modules/module.py", line 1736, in _wrapped_call_impl
    return self._call_impl(*args, **kwargs)
  File "/home/ryreu/miniconda3/envs/atlas_kd/lib/python3.10/site-packages/torch/nn/modules/module.py", line 1747, in _call_impl
    return forward_call(*args, **kwargs)
  File "/home/ryreu/miniconda3/envs/atlas_kd/lib/python3.10/site-packages/torch/nn/modules/transformer.py", line 602, in forward
    output = mod(
  File "/home/ryreu/miniconda3/envs/atlas_kd/lib/python3.10/site-packages/torch/nn/modules/module.py", line 1736, in _wrapped_call_impl
    return self._call_impl(*args, **kwargs)
  File "/home/ryreu/miniconda3/envs/atlas_kd/lib/python3.10/site-packages/torch/nn/modules/module.py", line 1747, in _call_impl
    return forward_call(*args, **kwargs)
  File "/home/ryreu/miniconda3/envs/atlas_kd/lib/python3.10/site-packages/torch/nn/modules/transformer.py", line 1077, in forward
    x = x + self._mha_block(
  File "/home/ryreu/miniconda3/envs/atlas_kd/lib/python3.10/site-packages/torch/nn/modules/transformer.py", line 1127, in _mha_block
    x = self.multihead_attn(
  File "/home/ryreu/miniconda3/envs/atlas_kd/lib/python3.10/site-packages/torch/nn/modules/module.py", line 1736, in _wrapped_call_impl
    return self._call_impl(*args, **kwargs)
  File "/home/ryreu/miniconda3/envs/atlas_kd/lib/python3.10/site-packages/torch/nn/modules/module.py", line 1747, in _call_impl
    return forward_call(*args, **kwargs)
  File "/home/ryreu/miniconda3/envs/atlas_kd/lib/python3.10/site-packages/torch/nn/modules/activation.py", line 1368, in forward
    attn_output, attn_output_weights = F.multi_head_attention_forward(
  File "/home/ryreu/miniconda3/envs/atlas_kd/lib/python3.10/site-packages/torch/nn/functional.py", line 6097, in multi_head_attention_forward
    q, k, v = _in_projection_packed(query, key, value, in_proj_weight, in_proj_bias)
  File "/home/ryreu/miniconda3/envs/atlas_kd/lib/python3.10/site-packages/torch/nn/functional.py", line 5519, in _in_projection_packed
    kv_proj = linear(k, w_kv, b_kv)
torch.OutOfMemoryError: CUDA out of memory. Tried to allocate 20.00 MiB. GPU 0 has a total capacity of 39.38 GiB of which 5.38 MiB is free. Including non-PyTorch memory, this process has 39.37 GiB memory in use. Of the allocated memory 37.12 GiB is allocated by PyTorch, and 1.75 GiB is reserved by PyTorch but unallocated. If reserved but unallocated memory is large try setting PYTORCH_CUDA_ALLOC_CONF=expandable_segments:True to avoid fragmentation.  See documentation for Memory Management  (https://pytorch.org/docs/stable/notes/cuda.html#environment-variables)
