============================================================
Model-25 K=1 StrictTF+Sched+FreeRun
Run:   checkpoints/reco_teacher_joint_fusion_6model_150k75k150k/model25_strictsched/model25_k1_strictsched_50k20k100k_seed0
Split: train=5000, val=2000, test=10000
============================================================
 python offline_reconstructor_joint_dualview_seq2seq_nexttoken_m25_strictsched.py --save_dir checkpoints/reco_teacher_joint_fusion_6model_150k75k150k/model25_strictsched --run_name model25_k1_strictsched_50k20k100k_seed0 --n_train_jets 17000 --n_train_split 5000 --n_val_split 2000 --n_test_split 10000 --offset_jets 0 --max_constits 100 --num_workers 1 --seed 0 --reco_epochs 175 --reco_batch_size 112 --reco_lr 1.8e-4 --reco_patience 30 --reco_min_epochs 45 --reco_huber_delta 0.12 --beam_size 4 --beam_len_sigma 1.35 --beam_temperature 0.9 --num_hypotheses 1 --joint_epochs 0 --set_loss_mode hungarian --hungarian_shortlist_k 2 --ar_use_hungarian_target --loss_w_ar 1.0 --loss_w_set 1.0 --loss_w_eos 0.20 --loss_w_count 0.20 --loss_w_ptr_entropy 0.002 --loss_w_conf_rank 0.20 --loss_w_conf_prefix 0.12 --conf_margin 0.06 --conf_prefix_tau 16.0 --loss_w_jetpt 0.08 --loss_w_4vec 0.03 --loss_w_jete 0.00 --loss_w_angle 0.00 --physics_warmup_epochs 12 --phase1_end_epoch 15 --phase2_end_epoch 75 --phase3_end_epoch 127 --phase2_alpha_fr_end 0.70 --phase3_alpha_fr_end 0.95 --phase4_alpha_fr 0.95 --phase2_ss_end 0.60 --phase3_ss_end 0.90 --phase4_ss 0.90 --phase2_free_run_every_n 2 --phase3_free_run_every_n 1 --phase4_free_run_every_n 1 --phase_lr_decay 0.80 --save_fusion_scores --device cuda
Device: cuda
Save dir: checkpoints/reco_teacher_joint_fusion_6model_150k75k150k/model25_strictsched/model25_k1_strictsched_50k20k100k_seed0
Loading offline constituents...
Generating pseudo-HLT...
Computing features...
Split sizes: Train=5000, Val=2000, Test=10000

========================================================================
STEP 1: TEACHER (Offline)
========================================================================
Teacher ep 5: train_auc=0.8669, val_auc=0.8840, val_fpr50=0.052925, best_auc=0.8840
Teacher ep 10: train_auc=0.9018, val_auc=0.8823, val_fpr50=0.067492, best_auc=0.9021
Teacher ep 15: train_auc=0.9205, val_auc=0.9137, val_fpr50=0.030858, best_auc=0.9137
Teacher ep 20: train_auc=0.9295, val_auc=0.8984, val_fpr50=0.031881, best_auc=0.9167
Teacher ep 25: train_auc=0.9431, val_auc=0.9071, val_fpr50=0.036386, best_auc=0.9167
Teacher ep 30: train_auc=0.9534, val_auc=0.9159, val_fpr50=0.033003, best_auc=0.9167
Teacher ep 35: train_auc=0.9686, val_auc=0.9094, val_fpr50=0.035050, best_auc=0.9167
Early stopping Teacher at epoch 36

========================================================================
STEP 2: BASELINE (HLT)
========================================================================
HLT ep 5: train_auc=0.8294, val_auc=0.8188, val_fpr50=0.090189, best_auc=0.8400
HLT ep 10: train_auc=0.8622, val_auc=0.8818, val_fpr50=0.050038, best_auc=0.8818
HLT ep 15: train_auc=0.8851, val_auc=0.8399, val_fpr50=0.088713, best_auc=0.8818
HLT ep 20: train_auc=0.8996, val_auc=0.8884, val_fpr50=0.033663, best_auc=0.8884
HLT ep 25: train_auc=0.9233, val_auc=0.8640, val_fpr50=0.041034, best_auc=0.8884
HLT ep 30: train_auc=0.9367, val_auc=0.8736, val_fpr50=0.035872, best_auc=0.8884
HLT ep 35: train_auc=0.9520, val_auc=0.8782, val_fpr50=0.040347, best_auc=0.8884
Early stopping HLT at epoch 38

========================================================================
STEP 3: SEQ2SEQ RECONSTRUCTOR (Continuous AR + Beam Length)
========================================================================
Entering phase 1 (stabilize) at epoch 1
Reco ep 001 | t=00:00:43 eta=02:06:58 | phase=1:stabilize phys=0.083 tf=strict ss=0.00 mixFR=0.00@0 | train total=11.04464 ar=2.31306 set=2.54508 eos=0.67710 cnt=28.34917 ang=0.08072 jpt=0.95559 je=0.93353 j4=0.71825 crk=0.58068 cpre=2.13811 bset=2.54508 div=0.00000 fr=0.00000 | valTF total=8.23027 ar=2.28530 set=2.52101 eos=0.17751 cnt=15.78176 ang=0.07318 jpt=1.07793 je=1.08138 j4=0.75284 crk=0.08664 cpre=1.71324 bset=2.52101 div=0.00000 | valFR total=9.32531 ar=2.28531 set=2.52101 eos=5.65189 cnt=15.78176 ang=0.07318 jpt=1.07791 je=1.08137 j4=0.75283 crk=0.08717 cpre=1.71360 bset=2.52101 div=0.00000
Reco ep 002 | t=00:00:41 eta=02:02:50 | phase=1:stabilize phys=0.167 tf=strict ss=0.00 mixFR=0.00@0 | train total=7.95171 ar=2.28716 set=2.51460 eos=0.11623 cnt=13.92101 ang=0.09185 jpt=0.94980 je=0.94625 j4=0.71999 crk=0.51286 cpre=1.86287 bset=2.51460 div=0.00000 fr=0.00000 | valTF total=7.48615 ar=2.31917 set=2.53582 eos=0.07055 cnt=11.87738 ang=0.09927 jpt=0.83481 je=0.83229 j4=0.68854 crk=0.09889 cpre=1.72593 bset=2.53582 div=0.00000 | valFR total=7.86583 ar=2.31916 set=2.53580 eos=1.96891 cnt=11.87738 ang=0.09927 jpt=0.83481 je=0.83230 j4=0.68854 crk=0.09975 cpre=1.72477 bset=2.53580 div=0.00000
Reco ep 003 | t=00:00:40 eta=02:00:19 | phase=1:stabilize phys=0.250 tf=strict ss=0.00 mixFR=0.00@0 | train total=7.55078 ar=2.28620 set=2.51808 eos=0.11677 cnt=12.17721 ang=0.07738 jpt=1.01947 je=1.02130 j4=0.73867 crk=0.30286 cpre=1.67610 bset=2.51808 div=0.00000 fr=0.00000 | valTF total=6.96365 ar=2.28453 set=2.51645 eos=0.11600 cnt=9.53570 ang=0.07253 jpt=1.10405 je=1.10643 j4=0.76406 crk=0.06864 cpre=1.58926 bset=2.51645 div=0.00000 | valFR total=7.78299 ar=2.28450 set=2.51642 eos=4.20978 cnt=9.53570 ang=0.07253 jpt=1.10405 je=1.10643 j4=0.76406 crk=0.06965 cpre=1.59299 bset=2.51642 div=0.00000
Reco ep 004 | t=00:00:41 eta=01:59:01 | phase=1:stabilize phys=0.333 tf=strict ss=0.00 mixFR=0.00@0 | train total=7.08009 ar=2.29475 set=2.52466 eos=0.08115 cnt=9.78488 ang=0.07946 jpt=1.00277 je=1.00475 j4=0.73771 crk=0.25444 cpre=1.68663 bset=2.52466 div=0.00000 fr=0.00000 | valTF total=7.00760 ar=2.42058 set=2.62799 eos=0.06216 cnt=8.21643 ang=0.09355 jpt=0.61117 je=0.60943 j4=0.60718 crk=0.13293 cpre=2.11886 bset=2.62799 div=0.00000 | valFR total=7.53066 ar=2.42054 set=2.62794 eos=2.67325 cnt=8.21643 ang=0.09355 jpt=0.61118 je=0.60944 j4=0.60719 crk=0.13445 cpre=2.12413 bset=2.62794 div=0.00000
Reco ep 005 | t=00:00:44 eta=02:00:03 | phase=1:stabilize phys=0.417 tf=strict ss=0.00 mixFR=0.00@0 | train total=18.28772 ar=2.37793 set=2.63951 eos=0.08597 cnt=9.89211 ang=0.11474 jpt=1.03830 je=1.07507 j4=877.97310 crk=0.23790 cpre=1.81468 bset=2.63951 div=0.00000 fr=0.00000 | valTF total=6.81118 ar=2.28166 set=2.50657 eos=0.11305 cnt=8.82963 ang=0.08909 jpt=0.97591 je=0.97781 j4=0.73243 crk=0.05569 cpre=1.51278 bset=2.50657 div=0.00000 | valFR total=7.76099 ar=2.28165 set=2.50655 eos=4.85975 cnt=8.82963 ang=0.08909 jpt=0.97591 je=0.97781 j4=0.73243 crk=0.05682 cpre=1.51515 bset=2.50655 div=0.00000
Reco ep 006 | t=00:00:45 eta=02:00:36 | phase=1:stabilize phys=0.500 tf=strict ss=0.00 mixFR=0.00@0 | train total=6.65880 ar=2.27182 set=2.50263 eos=0.07663 cnt=8.04545 ang=0.07898 jpt=0.99092 je=0.99115 j4=0.73720 crk=0.13804 cpre=1.51324 bset=2.50263 div=0.00000 fr=0.00000 | valTF total=6.71820 ar=2.28638 set=2.51552 eos=0.04040 cnt=8.32714 ang=0.07260 jpt=1.04447 je=1.04615 j4=0.75389 crk=0.04491 cpre=1.50560 bset=2.51552 div=0.00000 | valFR total=6.95659 ar=2.28637 set=2.51550 eos=1.23271 cnt=8.32714 ang=0.07260 jpt=1.04447 je=1.04615 j4=0.75389 crk=0.04498 cpre=1.50504 bset=2.51550 div=0.00000
Reco ep 007 | t=00:00:41 eta=01:59:22 | phase=1:stabilize phys=0.583 tf=strict ss=0.00 mixFR=0.00@0 | train total=6.65357 ar=2.27837 set=2.50857 eos=0.06304 cnt=7.97592 ang=0.07462 jpt=0.91215 je=0.91214 j4=0.71404 crk=0.10099 cpre=1.52942 bset=2.50857 div=0.00000 fr=0.00000 | valTF total=6.45153 ar=2.28377 set=2.50419 eos=0.04489 cnt=7.03565 ang=0.07854 jpt=0.91873 je=0.91997 j4=0.71645 crk=0.04344 cpre=1.52751 bset=2.50419 div=0.00000 | valFR total=6.73759 ar=2.28376 set=2.50418 eos=1.47436 cnt=7.03565 ang=0.07853 jpt=0.91874 je=0.91998 j4=0.71645 crk=0.04344 cpre=1.52912 bset=2.50418 div=0.00000
Reco ep 008 | t=00:00:40 eta=01:57:49 | phase=1:stabilize phys=0.667 tf=strict ss=0.00 mixFR=0.00@0 | train total=6.56223 ar=2.30040 set=2.54216 eos=0.07231 cnt=7.18891 ang=0.08111 jpt=1.10078 je=1.10034 j4=0.75631 crk=0.07597 cpre=1.48637 bset=2.54216 div=0.00000 fr=0.00000 | valTF total=6.54646 ar=2.28652 set=2.51817 eos=0.11320 cnt=7.32516 ang=0.08426 jpt=1.09683 je=1.09694 j4=0.76198 crk=0.02714 cpre=1.45753 bset=2.51817 div=0.00000 | valFR total=7.41185 ar=2.28651 set=2.51817 eos=4.44024 cnt=7.32516 ang=0.08426 jpt=1.09683 je=1.09694 j4=0.76198 crk=0.02726 cpre=1.45728 bset=2.51817 div=0.00000
Reco ep 009 | t=00:00:40 eta=01:56:34 | phase=1:stabilize phys=0.750 tf=strict ss=0.00 mixFR=0.00@0 | train total=6.45271 ar=2.27373 set=2.50547 eos=0.06703 cnt=6.98065 ang=0.08624 jpt=0.95549 je=0.95578 j4=0.72738 crk=0.06764 cpre=1.47263 bset=2.50547 div=0.00000 fr=0.00000 | valTF total=7.38761 ar=2.26100 set=2.49007 eos=0.04678 cnt=11.79564 ang=0.08328 jpt=0.99325 je=0.99623 j4=0.74096 crk=0.04215 cpre=1.52758 bset=2.49007 div=0.00000 | valFR total=7.67088 ar=2.26099 set=2.49006 eos=1.46512 cnt=11.79564 ang=0.08328 jpt=0.99326 je=0.99623 j4=0.74096 crk=0.04217 cpre=1.52441 bset=2.49006 div=0.00000
Reco ep 010 | t=00:00:40 eta=01:55:20 | phase=1:stabilize phys=0.833 tf=strict ss=0.00 mixFR=0.00@0 | train total=6.39336 ar=2.28391 set=2.51508 eos=0.06042 cnt=6.54961 ang=0.08162 jpt=0.92245 je=0.92162 j4=0.71329 crk=0.05667 cpre=1.51389 bset=2.51508 div=0.00000 fr=0.00000 | valTF total=6.45127 ar=2.30507 set=2.52480 eos=0.05019 cnt=6.77206 ang=0.07211 jpt=0.78648 je=0.78776 j4=0.67633 crk=0.02562 cpre=1.52034 bset=2.52480 div=0.00000 | valFR total=6.74332 ar=2.30505 set=2.52477 eos=1.50875 cnt=6.77206 ang=0.07211 jpt=0.78648 je=0.78776 j4=0.67633 crk=0.02578 cpre=1.52327 bset=2.52477 div=0.00000
Reco ep 011 | t=00:00:40 eta=01:54:13 | phase=1:stabilize phys=0.917 tf=strict ss=0.00 mixFR=0.00@0 | train total=6.35188 ar=2.27493 set=2.51866 eos=0.06289 cnt=6.35242 ang=0.07737 jpt=1.06996 je=1.06985 j4=0.75600 crk=0.03385 cpre=1.40991 bset=2.51866 div=0.00000 fr=0.00000 | valTF total=6.35254 ar=2.29176 set=2.52949 eos=0.05875 cnt=6.26215 ang=0.09572 jpt=1.04161 je=1.04369 j4=0.74552 crk=0.01489 cpre=1.39357 bset=2.52949 div=0.00000 | valFR total=6.69069 ar=2.29175 set=2.52948 eos=1.74979 cnt=6.26215 ang=0.09572 jpt=1.04161 je=1.04369 j4=0.74553 crk=0.01488 cpre=1.39328 bset=2.52948 div=0.00000
Reco ep 012 | t=00:00:48 eta=01:54:59 | phase=1:stabilize phys=1.000 tf=strict ss=0.00 mixFR=0.00@0 | train total=6.39505 ar=2.27465 set=2.51842 eos=0.06426 cnt=6.55591 ang=0.09077 jpt=0.99278 je=0.99360 j4=0.74634 crk=0.02710 cpre=1.42247 bset=2.51842 div=0.00000 fr=0.00000 | valTF total=6.96265 ar=2.25627 set=2.48676 eos=0.06308 cnt=9.68815 ang=0.08164 jpt=1.03044 je=1.03179 j4=0.76096 crk=0.01300 cpre=1.34574 bset=2.48676 div=0.00000 | valFR total=7.33477 ar=2.25628 set=2.48677 eos=1.92454 cnt=9.68815 ang=0.08163 jpt=1.03045 je=1.03180 j4=0.76096 crk=0.01289 cpre=1.34437 bset=2.48677 div=0.00000
Reco ep 013 | t=00:00:39 eta=01:53:47 | phase=1:stabilize phys=1.000 tf=strict ss=0.00 mixFR=0.00@0 | train total=6.37467 ar=2.25339 set=2.49048 eos=0.10908 cnt=6.68168 ang=0.07980 jpt=1.04148 je=1.04071 j4=0.75452 crk=0.02373 cpre=1.34951 bset=2.49048 div=0.00000 fr=0.00000 | valTF total=7.39640 ar=2.27645 set=2.50467 eos=0.03644 cnt=11.67525 ang=0.08596 jpt=1.07492 je=1.07435 j4=0.76069 crk=0.01482 cpre=1.34298 bset=2.50467 div=0.00000 | valFR total=7.55636 ar=2.27645 set=2.50467 eos=0.83557 cnt=11.67525 ang=0.08596 jpt=1.07491 je=1.07435 j4=0.76068 crk=0.01494 cpre=1.34394 bset=2.50467 div=0.00000
Reco ep 014 | t=00:00:40 eta=01:52:41 | phase=1:stabilize phys=1.000 tf=strict ss=0.00 mixFR=0.00@0 | train total=6.32031 ar=2.25430 set=2.48858 eos=0.06222 cnt=6.44785 ang=0.08406 jpt=1.06337 je=1.06395 j4=0.76024 crk=0.02211 cpre=1.35919 bset=2.48858 div=0.00000 fr=0.00000 | valTF total=6.37104 ar=2.25526 set=2.48240 eos=0.03770 cnt=6.81479 ang=0.08612 jpt=0.88141 je=0.88667 j4=0.71780 crk=0.01674 cpre=1.39562 bset=2.48240 div=0.00000 | valFR total=6.51234 ar=2.25524 set=2.48238 eos=0.74490 cnt=6.81479 ang=0.08612 jpt=0.88142 je=0.88668 j4=0.71780 crk=0.01674 cpre=1.39469 bset=2.48238 div=0.00000
Reco ep 015 | t=00:01:15 eta=01:58:01 | phase=1:stabilize phys=1.000 tf=strict ss=0.00 mixFR=0.00@0 | train total=6.33876 ar=2.27524 set=2.50572 eos=0.07067 cnt=6.35741 ang=0.10812 jpt=0.96434 je=0.96370 j4=0.73163 crk=0.02566 cpre=1.39946 bset=2.50572 div=0.00000 fr=0.00000 | valTF total=6.68001 ar=2.30443 set=2.52481 eos=0.05765 cnt=7.82615 ang=0.13702 jpt=1.01413 je=1.01666 j4=0.74817 crk=0.01557 cpre=1.39415 bset=2.52481 div=0.00000 | valFR total=6.96533 ar=2.30441 set=2.52479 eos=1.48521 cnt=7.82615 ang=0.13703 jpt=1.01413 je=1.01667 j4=0.74817 crk=0.01554 cpre=1.39297 bset=2.52479 div=0.00000
Phase transition 1->2: rewound to phase-best epoch 14 (valFR=6.512336)
Phase 2 optimizer reset: lr 1.800e-04 -> 1.440e-04
Reco ep 016 | t=00:00:40 eta=01:56:35 | phase=2:transition phys=1.000 tf=strict ss=0.00 mixFR=0.00@2 | train total=6.38464 ar=2.26215 set=2.50104 eos=0.19012 cnt=6.51327 ang=0.08678 jpt=1.07360 je=1.07473 j4=0.77999 crk=0.02625 cpre=1.38524 bset=2.50104 div=0.00000 fr=0.00000 | valTF total=6.96283 ar=2.25735 set=2.48522 eos=0.04378 cnt=9.69322 ang=0.08501 jpt=0.97130 je=0.97546 j4=0.75891 crk=0.01704 cpre=1.40794 bset=2.48522 div=0.00000 | valFR total=7.13677 ar=2.25724 set=2.48497 eos=0.91532 cnt=9.69322 ang=0.08501 jpt=0.97122 je=0.97539 j4=0.75858 crk=0.01711 cpre=1.40798 bset=2.48497 div=0.00000
