/home/ryreu/miniconda3/envs/atlas_kd/lib/python3.10/site-packages/torch/nn/modules/transformer.py:379: UserWarning: enable_nested_tensor is True, but self.use_nested_tensor is False because encoder_layer.norm_first was True
  warnings.warn(
/home/ryreu/miniconda3/envs/atlas_kd/lib/python3.10/site-packages/torch/nn/modules/transformer.py:379: UserWarning: enable_nested_tensor is True, but self.use_nested_tensor is False because encoder_layer.norm_first was True
  warnings.warn(
/home/ryreu/miniconda3/envs/atlas_kd/lib/python3.10/site-packages/torch/nn/modules/transformer.py:379: UserWarning: enable_nested_tensor is True, but self.use_nested_tensor is False because encoder_layer.norm_first was True
  warnings.warn(
Traceback (most recent call last):
  File "/home/ryreu/atlas/PracticeTagging/offline_reconstructor_joint_dualview_seq2seq_nexttoken_m25_strictsched.py", line 3610, in <module>
    budget_eff_pred=pred_budget_eff.astype(np.float32),
  File "/home/ryreu/atlas/PracticeTagging/offline_reconstructor_joint_dualview_seq2seq_nexttoken_m25_strictsched.py", line 3121, in main
    )
  File "/home/ryreu/atlas/PracticeTagging/offline_reconstructor_joint_dualview_seq2seq_nexttoken_m25_strictsched.py", line 2012, in train_reconstructor_seq2seq
    fr_labels,
  File "/home/ryreu/atlas/PracticeTagging/offline_reconstructor_joint_dualview_seq2seq_nexttoken_m25_strictsched.py", line 970, in forward_free_running
    d_in = self.dec_in(prev_tok) + self.dec_pos[:, : prev_tok.shape[1], :]
  File "/home/ryreu/miniconda3/envs/atlas_kd/lib/python3.10/site-packages/torch/nn/modules/module.py", line 1736, in _wrapped_call_impl
    return self._call_impl(*args, **kwargs)
  File "/home/ryreu/miniconda3/envs/atlas_kd/lib/python3.10/site-packages/torch/nn/modules/module.py", line 1747, in _call_impl
    return forward_call(*args, **kwargs)
  File "/home/ryreu/miniconda3/envs/atlas_kd/lib/python3.10/site-packages/torch/nn/modules/transformer.py", line 602, in forward
    output = mod(
  File "/home/ryreu/miniconda3/envs/atlas_kd/lib/python3.10/site-packages/torch/nn/modules/module.py", line 1736, in _wrapped_call_impl
    return self._call_impl(*args, **kwargs)
  File "/home/ryreu/miniconda3/envs/atlas_kd/lib/python3.10/site-packages/torch/nn/modules/module.py", line 1747, in _call_impl
    return forward_call(*args, **kwargs)
  File "/home/ryreu/miniconda3/envs/atlas_kd/lib/python3.10/site-packages/torch/nn/modules/transformer.py", line 1084, in forward
    x = x + self._ff_block(self.norm3(x))
  File "/home/ryreu/miniconda3/envs/atlas_kd/lib/python3.10/site-packages/torch/nn/modules/transformer.py", line 1140, in _ff_block
    x = self.linear2(self.dropout(self.activation(self.linear1(x))))
torch.OutOfMemoryError: CUDA out of memory. Tried to allocate 20.00 MiB. GPU 0 has a total capacity of 39.38 GiB of which 13.38 MiB is free. Including non-PyTorch memory, this process has 39.36 GiB memory in use. Of the allocated memory 37.71 GiB is allocated by PyTorch, and 1.15 GiB is reserved by PyTorch but unallocated. If reserved but unallocated memory is large try setting PYTORCH_CUDA_ALLOC_CONF=expandable_segments:True to avoid fragmentation.  See documentation for Memory Management  (https://pytorch.org/docs/stable/notes/cuda.html#environment-variables)
