============================================================
Model-25 K=6 StrictTF+Sched+FreeRun
Run:   checkpoints/reco_teacher_joint_fusion_6model_150k75k150k/model25_strictsched/model25_k6_strictsched_50k20k100k_seed0
Split: train=50000, val=20000, test=100000
============================================================
 python offline_reconstructor_joint_dualview_seq2seq_nexttoken_m25_strictsched.py --save_dir checkpoints/reco_teacher_joint_fusion_6model_150k75k150k/model25_strictsched --run_name model25_k6_strictsched_50k20k100k_seed0 --n_train_jets 170000 --n_train_split 50000 --n_val_split 20000 --n_test_split 100000 --offset_jets 0 --max_constits 100 --num_workers 1 --seed 0 --reco_epochs 175 --reco_batch_size 96 --reco_lr 1.8e-4 --reco_patience 30 --reco_min_epochs 45 --reco_huber_delta 0.12 --num_hypotheses 6 --winner_mode reco --joint_epochs 12 --joint_lr 1.2e-4 --joint_patience 6 --selector_epochs 45 --selector_lr 2e-3 --selector_patience 8 --selector_rank_weight 0.20 --selector_rank_margin 0.25 --set_loss_mode hungarian --ar_use_hungarian_target --loss_w_ar 1.0 --loss_w_set 1.0 --set_unmatched_penalty 0.35 --loss_w_best_set 2.6 --loss_w_diversity 0.08 --loss_w_eos 0.20 --loss_w_count 0.20 --loss_w_ptr_entropy 0.002 --loss_w_conf_rank 0.14 --loss_w_conf_prefix 0.08 --conf_margin 0.05 --conf_prefix_tau 16.0 --loss_w_jetpt 0.08 --loss_w_4vec 0.03 --loss_w_jete 0.00 --loss_w_angle 0.00 --physics_warmup_epochs 12 --phase1_end_epoch 15 --phase2_end_epoch 75 --phase3_end_epoch 127 --phase2_alpha_fr_end 0.70 --phase3_alpha_fr_end 0.95 --phase4_alpha_fr 0.95 --phase2_ss_end 0.60 --phase3_ss_end 0.90 --phase4_ss 0.90 --phase2_free_run_every_n 2 --phase3_free_run_every_n 1 --phase4_free_run_every_n 1 --phase_lr_decay 0.80 --response_n_bins 20 --response_min_count 200 --save_fusion_scores --device cuda
Device: cuda
Save dir: checkpoints/reco_teacher_joint_fusion_6model_150k75k150k/model25_strictsched/model25_k6_strictsched_50k20k100k_seed0
Loading offline constituents...
Generating pseudo-HLT...
Computing features...
Split sizes: Train=50000, Val=20000, Test=100000

========================================================================
STEP 1: TEACHER (Offline)
========================================================================
Teacher ep 5: train_auc=0.9278, val_auc=0.8964, val_fpr50=0.044963, best_auc=0.9129
Teacher ep 10: train_auc=0.9449, val_auc=0.9417, val_fpr50=0.018129, best_auc=0.9427
Teacher ep 15: train_auc=0.9496, val_auc=0.9446, val_fpr50=0.014445, best_auc=0.9462
Teacher ep 20: train_auc=0.9546, val_auc=0.9457, val_fpr50=0.015392, best_auc=0.9471
Teacher ep 25: train_auc=0.9600, val_auc=0.9456, val_fpr50=0.014956, best_auc=0.9474
Teacher ep 30: train_auc=0.9650, val_auc=0.9416, val_fpr50=0.018254, best_auc=0.9474
Teacher ep 35: train_auc=0.9718, val_auc=0.9395, val_fpr50=0.016467, best_auc=0.9474
Teacher ep 40: train_auc=0.9780, val_auc=0.9337, val_fpr50=0.018665, best_auc=0.9474
Early stopping Teacher at epoch 41

========================================================================
STEP 2: BASELINE (HLT)
========================================================================
HLT ep 5: train_auc=0.8854, val_auc=0.8728, val_fpr50=0.059302, best_auc=0.8728
HLT ep 10: train_auc=0.9082, val_auc=0.9124, val_fpr50=0.026459, best_auc=0.9145
HLT ep 15: train_auc=0.9160, val_auc=0.9104, val_fpr50=0.026110, best_auc=0.9152
HLT ep 20: train_auc=0.9213, val_auc=0.9144, val_fpr50=0.024414, best_auc=0.9152
HLT ep 25: train_auc=0.9276, val_auc=0.9154, val_fpr50=0.022746, best_auc=0.9154
HLT ep 30: train_auc=0.9337, val_auc=0.9088, val_fpr50=0.028368, best_auc=0.9154
HLT ep 35: train_auc=0.9416, val_auc=0.9079, val_fpr50=0.026989, best_auc=0.9154
HLT ep 40: train_auc=0.9502, val_auc=0.9041, val_fpr50=0.031191, best_auc=0.9154
Early stopping HLT at epoch 43

========================================================================
STEP 3: SEQ2SEQ RECONSTRUCTOR (Continuous AR + Beam Length)
========================================================================
Entering phase 1 (stabilize) at epoch 1
Reco ep 001 | t=00:51:29 eta=149:19:53 | phase=1:stabilize phys=0.083 tf=strict ss=0.00 mixFR=0.00@0 | train total=10.60446 ar=2.05662 set=2.29043 eos=0.12569 cnt=11.00593 ang=0.08160 jpt=0.79829 je=0.81399 j4=46.14656 crk=0.26650 cpre=1.60540 bset=2.29043 div=0.99848 fr=0.00000 | valTF total=5.97745 ar=1.10448 set=1.33119 eos=0.07899 cnt=6.01545 ang=0.06234 jpt=0.12487 je=0.12513 j4=0.27783 crk=0.05926 cpre=1.29327 bset=1.33119 div=0.99434 | valFR total=4.36155 ar=1.12314 set=1.34796 eos=2.86855 cnt=6.01545 ang=0.06232 jpt=0.12367 je=0.12393 j4=0.27630 crk=0.05843 cpre=1.29763 bset=1.34796 div=0.00000
Reco ep 002 | t=00:49:54 eta=146:10:37 | phase=1:stabilize phys=0.167 tf=strict ss=0.00 mixFR=0.00@0 | train total=5.01212 ar=0.82987 set=1.02379 eos=0.07642 cnt=6.66309 ang=0.06000 jpt=0.10060 je=0.10074 j4=0.35258 crk=0.07401 cpre=1.00546 bset=1.02379 div=0.98120 fr=0.00000 | valTF total=4.16286 ar=0.66124 set=0.83628 eos=0.08525 cnt=5.79779 ang=0.06347 jpt=0.06131 je=0.06155 j4=0.23903 crk=0.04814 cpre=0.81273 bset=0.83628 div=0.95935 | valFR total=3.53349 ar=0.69012 set=0.86394 eos=3.72405 cnt=5.79779 ang=0.06318 jpt=0.06194 je=0.06220 j4=0.24036 crk=0.04775 cpre=0.82627 bset=0.86394 div=0.00000
Reco ep 003 | t=00:49:45 eta=144:25:51 | phase=1:stabilize phys=0.250 tf=strict ss=0.00 mixFR=0.00@0 | train total=4.39835 ar=0.69008 set=0.88425 eos=0.06712 cnt=6.17869 ang=0.05452 jpt=0.08792 je=0.08814 j4=0.31908 crk=0.05722 cpre=0.90372 bset=0.88425 div=0.94344 fr=0.00000 | valTF total=3.84137 ar=0.60988 set=0.78183 eos=0.04702 cnt=5.22725 ang=0.05532 jpt=0.09117 je=0.09144 j4=0.24623 crk=0.05018 cpre=0.78476 bset=0.78183 div=0.87540 | valFR total=2.91704 ar=0.61053 set=0.78226 eos=2.02382 cnt=5.22725 ang=0.05500 jpt=0.09222 je=0.09249 j4=0.24764 crk=0.05027 cpre=0.78582 bset=0.78226 div=0.00000
Reco ep 004 | t=00:49:59 eta=143:18:48 | phase=1:stabilize phys=0.333 tf=strict ss=0.00 mixFR=0.00@0 | train total=4.12724 ar=0.63193 set=0.81551 eos=0.06736 cnt=6.09830 ang=0.05329 jpt=0.07678 je=0.07690 j4=0.27735 crk=0.05022 cpre=0.81875 bset=0.81551 div=0.80334 fr=0.00000 | valTF total=4.32647 ar=0.76357 set=0.89730 eos=0.04985 cnt=5.47988 ang=0.06205 jpt=0.06405 je=0.06383 j4=0.22170 crk=0.04975 cpre=0.86746 bset=0.89730 div=0.53706 | valFR total=3.29444 ar=0.78652 set=0.91632 eos=2.06463 cnt=5.47988 ang=0.06203 jpt=0.06717 je=0.06699 j4=0.22496 crk=0.04967 cpre=0.88587 bset=0.91632 div=0.00000
Reco ep 005 | t=00:50:52 eta=142:48:34 | phase=1:stabilize phys=0.417 tf=strict ss=0.00 mixFR=0.00@0 | train total=3.90675 ar=0.58529 set=0.76812 eos=0.06864 cnt=5.94168 ang=0.05288 jpt=0.07510 je=0.07534 j4=0.28328 crk=0.04970 cpre=0.79733 bset=0.76812 div=0.56437 fr=0.00000 | valTF total=8.05652 ar=1.76533 set=1.90336 eos=0.06418 cnt=5.67027 ang=0.07709 jpt=0.12400 je=0.12366 j4=0.29796 crk=0.04938 cpre=1.72094 bset=1.90336 div=0.52877 | valFR total=5.50661 ar=1.75369 set=1.88713 eos=2.90177 cnt=5.67027 ang=0.07769 jpt=0.12402 je=0.12365 j4=0.29843 crk=0.04938 cpre=1.69264 bset=1.88713 div=0.00000
Reco ep 006 | t=00:50:47 eta=142:08:52 | phase=1:stabilize phys=0.500 tf=strict ss=0.00 mixFR=0.00@0 | train total=3.86602 ar=0.57573 set=0.75645 eos=0.06937 cnt=5.96695 ang=0.05260 jpt=0.06886 je=0.06917 j4=0.27763 crk=0.04953 cpre=0.75997 bset=0.75645 div=0.51643 fr=0.00000 | valTF total=7.00048 ar=1.44024 set=1.61220 eos=0.05496 cnt=5.90188 ang=0.11110 jpt=0.14020 je=0.13978 j4=0.31154 crk=0.05288 cpre=1.57107 bset=1.61220 div=0.41256 | valFR total=4.84475 ar=1.45361 set=1.62389 eos=2.21012 cnt=5.90188 ang=0.11157 jpt=0.14080 je=0.14036 j4=0.31229 crk=0.05291 cpre=1.57674 bset=1.62389 div=0.00000
Reco ep 007 | t=00:51:13 eta=141:36:46 | phase=1:stabilize phys=0.583 tf=strict ss=0.00 mixFR=0.00@0 | train total=4.16446 ar=0.61914 set=0.80451 eos=0.06785 cnt=6.59682 ang=0.05469 jpt=0.06985 je=0.07057 j4=0.28503 crk=0.04987 cpre=0.80556 bset=0.80451 div=0.50915 fr=0.00000 | valTF total=9.11505 ar=1.91402 set=2.11873 eos=0.07567 cnt=7.30938 ang=0.09106 jpt=0.08950 je=0.08970 j4=0.26145 crk=0.05047 cpre=2.06959 bset=2.11873 div=0.41580 | valFR total=6.39860 ar=1.93365 set=2.13584 eos=3.41999 cnt=7.30938 ang=0.09238 jpt=0.09091 je=0.09100 j4=0.26401 crk=0.05046 cpre=2.07905 bset=2.13584 div=0.00000
Reco ep 008 | t=00:51:20 eta=141:02:15 | phase=1:stabilize phys=0.667 tf=strict ss=0.00 mixFR=0.00@0 | train total=4.11916 ar=0.62559 set=0.80852 eos=0.06618 cnt=6.30610 ang=0.05515 jpt=0.07519 je=0.07537 j4=0.27499 crk=0.05011 cpre=0.78518 bset=0.80852 div=0.46789 fr=0.00000 | valTF total=8.98841 ar=1.92900 set=2.12077 eos=0.06373 cnt=6.52056 ang=0.07916 jpt=0.37921 je=0.37969 j4=0.45456 crk=0.05020 cpre=2.00913 bset=2.12077 div=0.38261 | valFR total=6.13660 ar=1.93213 set=2.12280 eos=2.89351 cnt=6.52056 ang=0.07941 jpt=0.38237 je=0.38282 j4=0.45702 crk=0.05021 cpre=2.01315 bset=2.12280 div=0.00000
Reco ep 009 | t=00:51:13 eta=140:21:45 | phase=1:stabilize phys=0.750 tf=strict ss=0.00 mixFR=0.00@0 | train total=4.04957 ar=0.61569 set=0.79575 eos=0.06038 cnt=6.18366 ang=0.05271 jpt=0.07442 je=0.07444 j4=0.29790 crk=0.04967 cpre=0.76280 bset=0.79575 div=0.46009 fr=0.00000 | valTF total=9.41697 ar=1.95713 set=2.16148 eos=0.05304 cnt=8.00692 ang=0.07947 jpt=0.23827 je=0.23860 j4=0.41514 crk=0.04993 cpre=2.06343 bset=2.16148 div=0.39392 | valFR total=6.39572 ar=1.96059 set=2.16303 eos=2.37378 cnt=8.00692 ang=0.07951 jpt=0.23933 je=0.23963 j4=0.41599 crk=0.04993 cpre=2.05040 bset=2.16303 div=0.00000
Reco ep 010 | t=00:50:32 eta=139:27:57 | phase=1:stabilize phys=0.833 tf=strict ss=0.00 mixFR=0.00@0 | train total=4.15750 ar=0.62650 set=0.81348 eos=0.05938 cnt=6.42510 ang=0.05381 jpt=0.09741 je=0.09740 j4=0.33278 crk=0.04963 cpre=0.75425 bset=0.81348 div=0.46045 fr=0.00000 | valTF total=9.67046 ar=2.08038 set=2.27895 eos=0.06241 cnt=7.03105 ang=0.10801 jpt=0.20241 je=0.20199 j4=0.37997 crk=0.04962 cpre=2.02530 bset=2.27895 div=0.67427 | valFR total=6.53529 ar=2.07525 set=2.27807 eos=2.92692 cnt=7.03105 ang=0.10778 jpt=0.20340 je=0.20286 j4=0.38102 crk=0.04962 cpre=1.99992 bset=2.27807 div=0.00000
Reco ep 011 | t=00:50:50 eta=138:39:02 | phase=1:stabilize phys=0.917 tf=strict ss=0.00 mixFR=0.00@0 | train total=4.67421 ar=0.69962 set=0.90024 eos=0.05582 cnt=7.45291 ang=0.05720 jpt=0.13425 je=0.13439 j4=0.39529 crk=0.04911 cpre=0.79358 bset=0.90024 div=0.51321 fr=0.00000 | valTF total=9.32327 ar=1.99462 set=2.18959 eos=0.05483 cnt=6.87282 ang=0.09433 jpt=0.26099 je=0.26049 j4=0.43379 crk=0.05023 cpre=2.08602 bset=2.18959 div=0.56089 | valFR total=6.23734 ar=1.98616 set=2.17854 eos=2.46915 cnt=6.87282 ang=0.09413 jpt=0.26153 je=0.26094 j4=0.43442 crk=0.05021 cpre=2.07011 bset=2.17854 div=0.00000
Reco ep 012 | t=00:50:52 eta=137:50:24 | phase=1:stabilize phys=1.000 tf=strict ss=0.00 mixFR=0.00@0 | train total=4.73222 ar=0.74487 set=0.94283 eos=0.05429 cnt=6.91178 ang=0.05503 jpt=0.16157 je=0.16168 j4=0.46251 crk=0.05293 cpre=0.84974 bset=0.94283 div=0.50627 fr=0.00000 | valTF total=10.39579 ar=2.27622 set=2.46869 eos=0.05241 cnt=6.95464 ang=0.10657 jpt=0.56670 je=0.56545 j4=0.57998 crk=0.05001 cpre=2.25345 bset=2.46869 div=0.61557 | valFR total=6.88026 ar=2.28714 set=2.47775 eos=2.36714 cnt=6.95464 ang=0.10688 jpt=0.56907 je=0.56774 j4=0.58140 crk=0.05000 cpre=2.25790 bset=2.47775 div=0.00000
Reco ep 013 | t=00:50:35 eta=136:57:45 | phase=1:stabilize phys=1.000 tf=strict ss=0.00 mixFR=0.00@0 | train total=5.11957 ar=0.85610 set=1.05290 eos=0.05765 cnt=6.76628 ang=0.05741 jpt=0.18661 je=0.18660 j4=0.53212 crk=0.11127 cpre=0.87000 bset=1.05290 div=0.56273 fr=0.00000 | valTF total=8.65836 ar=1.79899 set=2.00087 eos=0.06673 cnt=7.05199 ang=0.07908 jpt=0.34486 je=0.34604 j4=0.46796 crk=0.04904 cpre=1.59171 bset=2.00087 div=0.71719 | valFR total=6.00305 ar=1.79199 set=1.99386 eos=3.15532 cnt=7.05199 ang=0.07894 jpt=0.34437 je=0.34556 j4=0.46771 crk=0.04906 cpre=1.58896 bset=1.99386 div=0.00000
Reco ep 014 | t=00:50:22 eta=136:02:56 | phase=1:stabilize phys=1.000 tf=strict ss=0.00 mixFR=0.00@0 | train total=4.97346 ar=0.81959 set=1.01167 eos=0.05518 cnt=6.82989 ang=0.05867 jpt=0.15642 je=0.15668 j4=0.46859 crk=0.06956 cpre=0.83508 bset=1.01167 div=0.54175 fr=0.00000 | valTF total=12.58353 ar=2.92867 set=3.07482 eos=0.06098 cnt=6.31974 ang=0.17659 jpt=1.54504 je=1.53755 j4=0.80006 crk=0.04863 cpre=2.18128 bset=3.07482 div=0.68893 | valFR total=8.09260 ar=2.90053 set=3.04627 eos=2.77622 cnt=6.31974 ang=0.17685 jpt=1.54820 je=1.54062 j4=0.80248 crk=0.04872 cpre=2.14645 bset=3.04627 div=0.00000
Reco ep 015 | t=00:50:20 eta=135:08:24 | phase=1:stabilize phys=1.000 tf=strict ss=0.00 mixFR=0.00@0 | train total=5.19435 ar=0.86439 set=1.06060 eos=0.05622 cnt=7.01729 ang=0.05835 jpt=0.17488 je=0.17478 j4=0.49111 crk=0.09303 cpre=0.86427 bset=1.06060 div=0.58472 fr=0.00000 | valTF total=9.11941 ar=1.96830 set=2.13423 eos=0.05707 cnt=6.90456 ang=0.11381 jpt=0.18515 je=0.18403 j4=0.36118 crk=0.05084 cpre=1.78161 bset=2.13423 div=0.42845 | valFR total=6.15417 ar=1.95389 set=2.12057 eos=2.61786 cnt=6.90456 ang=0.11412 jpt=0.18592 je=0.18485 j4=0.36226 crk=0.05083 cpre=1.77594 bset=2.12057 div=0.00000
Phase transition 1->2: rewound to phase-best epoch 3 (valFR=2.917040)
Phase 2 optimizer reset: lr 1.800e-04 -> 1.440e-04
Reco ep 016 | t=00:50:34 eta=134:16:38 | phase=2:transition phys=1.000 tf=strict ss=0.00 mixFR=0.00@2 | train total=3.84031 ar=0.56714 set=0.74819 eos=0.06124 cnt=5.88461 ang=0.05095 jpt=0.08615 je=0.08636 j4=0.29589 crk=0.05178 cpre=0.74573 bset=0.74819 div=0.69540 fr=0.00000 | valTF total=6.36589 ar=1.34492 set=1.45058 eos=0.03913 cnt=5.41117 ang=0.06905 jpt=0.05966 je=0.05925 j4=0.20708 crk=0.04954 cpre=1.22614 bset=1.45058 div=0.52692 | valFR total=4.21939 ar=1.34078 set=1.44688 eos=1.16025 cnt=5.41117 ang=0.06917 jpt=0.05974 je=0.05933 j4=0.20683 crk=0.04952 cpre=1.22273 bset=1.44688 div=0.00000
