============================================================
Model-28 K=1 Sinkhorn-Set + No-AR
Run:   checkpoints/reco_teacher_joint_fusion_6model_150k75k150k/model28_sinkset_noar/model28_k1_sinkset_noar_50k20k100k_seed0
Split: train=50000, val=20000, test=100000
============================================================
 python offline_reconstructor_joint_dualview_seq2seq_nexttoken_m28_sinkset_noar.py --save_dir checkpoints/reco_teacher_joint_fusion_6model_150k75k150k/model28_sinkset_noar --run_name model28_k1_sinkset_noar_50k20k100k_seed0 --n_train_jets 170000 --n_train_split 50000 --n_val_split 20000 --n_test_split 100000 --offset_jets 0 --max_constits 100 --num_workers 1 --seed 0 --reco_epochs 175 --reco_batch_size 80 --reco_lr 1.8e-4 --reco_patience 30 --reco_min_epochs 45 --reco_huber_delta 0.12 --beam_size 4 --beam_len_sigma 1.35 --beam_temperature 0.9 --num_hypotheses 1 --joint_epochs 0 --set_loss_mode sinkhorn --sinkhorn_tau 0.08 --sinkhorn_iters 20 --hungarian_shortlist_k 2 --loss_w_ar 0.0 --loss_w_set 1.0 --loss_w_eos 0.20 --loss_w_count 0.20 --loss_w_ptr_entropy 0.002 --loss_w_conf_rank 0.20 --loss_w_conf_prefix 0.12 --conf_margin 0.06 --conf_prefix_tau 16.0 --loss_w_jetpt 0.08 --loss_w_4vec 0.03 --loss_w_jete 0.00 --loss_w_angle 0.00 --physics_warmup_epochs 12 --phase1_end_epoch 15 --phase2_end_epoch 75 --phase3_end_epoch 127 --phase2_alpha_fr_end 0.70 --phase3_alpha_fr_end 0.95 --phase4_alpha_fr 0.95 --phase2_ss_end 0.60 --phase3_ss_end 0.90 --phase4_ss 0.90 --phase2_free_run_every_n 2 --phase3_free_run_every_n 1 --phase4_free_run_every_n 1 --phase_lr_decay 0.80 --save_fusion_scores --device cuda
Device: cuda
Save dir: checkpoints/reco_teacher_joint_fusion_6model_150k75k150k/model28_sinkset_noar/model28_k1_sinkset_noar_50k20k100k_seed0
m28 mode: set-level Sinkhorn, AR regression disabled, strict-TF pre-alignment still Hungarian
Loading offline constituents...
Generating pseudo-HLT...
Computing features...
Split sizes: Train=50000, Val=20000, Test=100000

========================================================================
STEP 1: TEACHER (Offline)
========================================================================
Teacher ep 5: train_auc=0.9278, val_auc=0.8964, val_fpr50=0.044963, best_auc=0.9129
Teacher ep 10: train_auc=0.9449, val_auc=0.9417, val_fpr50=0.018129, best_auc=0.9427
Teacher ep 15: train_auc=0.9496, val_auc=0.9446, val_fpr50=0.014445, best_auc=0.9462
Teacher ep 20: train_auc=0.9546, val_auc=0.9457, val_fpr50=0.015392, best_auc=0.9471
Teacher ep 25: train_auc=0.9600, val_auc=0.9456, val_fpr50=0.014956, best_auc=0.9474
Teacher ep 30: train_auc=0.9650, val_auc=0.9416, val_fpr50=0.018254, best_auc=0.9474
Teacher ep 35: train_auc=0.9718, val_auc=0.9395, val_fpr50=0.016467, best_auc=0.9474
Teacher ep 40: train_auc=0.9780, val_auc=0.9337, val_fpr50=0.018665, best_auc=0.9474
Early stopping Teacher at epoch 41

========================================================================
STEP 2: BASELINE (HLT)
========================================================================
HLT ep 5: train_auc=0.8854, val_auc=0.8728, val_fpr50=0.059302, best_auc=0.8728
HLT ep 10: train_auc=0.9082, val_auc=0.9124, val_fpr50=0.026459, best_auc=0.9145
HLT ep 15: train_auc=0.9160, val_auc=0.9104, val_fpr50=0.026110, best_auc=0.9152
HLT ep 20: train_auc=0.9213, val_auc=0.9144, val_fpr50=0.024414, best_auc=0.9152
HLT ep 25: train_auc=0.9276, val_auc=0.9154, val_fpr50=0.022746, best_auc=0.9154
HLT ep 30: train_auc=0.9337, val_auc=0.9088, val_fpr50=0.028368, best_auc=0.9154
HLT ep 35: train_auc=0.9416, val_auc=0.9079, val_fpr50=0.026989, best_auc=0.9154
HLT ep 40: train_auc=0.9502, val_auc=0.9041, val_fpr50=0.031191, best_auc=0.9154
Early stopping HLT at epoch 43

========================================================================
STEP 3: SEQ2SEQ RECONSTRUCTOR (Continuous AR + Beam Length)
========================================================================
Entering phase 1 (stabilize) at epoch 1
Reco ep 001 | t=00:15:02 eta=43:36:12 | phase=1:stabilize phys=0.083 tf=strict ss=0.00 mixFR=0.00@0 | train total=4.91417 ar=0.00000 set=2.57361 eos=0.11138 cnt=9.78394 ang=0.06881 jpt=1.07632 je=1.07747 j4=0.76327 crk=0.21732 cpre=2.57388 bset=2.57361 div=0.00000 fr=0.00000 | valTF total=4.66466 ar=0.00000 set=2.51444 eos=0.04415 cnt=9.09100 ang=0.05245 jpt=1.02596 je=1.02561 j4=0.73904 crk=0.06257 cpre=2.51616 bset=2.51444 div=0.00000 | valFR total=4.86130 ar=0.00000 set=2.51442 eos=1.02756 cnt=9.09100 ang=0.05245 jpt=1.02590 je=1.02556 j4=0.73903 crk=0.06250 cpre=2.51618 bset=2.51442 div=0.00000
Reco ep 002 | t=00:14:59 eta=43:17:17 | phase=1:stabilize phys=0.167 tf=strict ss=0.00 mixFR=0.00@0 | train total=4.30381 ar=0.00000 set=2.61305 eos=0.08888 cnt=6.61839 ang=0.06186 jpt=1.13542 je=1.13625 j4=0.93875 crk=0.08868 cpre=2.59762 bset=2.61305 div=0.00000 fr=0.00000 | valTF total=4.06563 ar=0.00000 set=2.59411 eos=0.07389 cnt=5.55161 ang=0.05035 jpt=1.30373 je=1.30396 j4=0.79829 crk=0.07952 cpre=2.57614 bset=2.59411 div=0.00000 | valFR total=4.66085 ar=0.00000 set=2.59498 eos=3.04468 cnt=5.55161 ang=0.05040 jpt=1.30392 je=1.30414 j4=0.79828 crk=0.07977 cpre=2.57732 bset=2.59498 div=0.00000
Reco ep 003 | t=00:14:57 eta=42:59:26 | phase=1:stabilize phys=0.250 tf=strict ss=0.00 mixFR=0.00@0 | train total=3.86410 ar=0.00000 set=2.34682 eos=0.09254 cnt=5.90298 ang=0.07815 jpt=0.91970 je=0.91915 j4=0.69770 crk=0.09224 cpre=2.30072 bset=2.34682 div=0.00000 fr=0.00000 | valTF total=3.73882 ar=0.00000 set=2.12493 eos=0.09944 cnt=6.54554 ang=0.06228 jpt=0.97229 je=0.97019 j4=0.72469 crk=0.04580 cpre=2.08980 bset=2.12493 div=0.00000 | valFR total=4.55117 ar=0.00000 set=2.12510 eos=4.16046 cnt=6.54554 ang=0.06227 jpt=0.97215 je=0.97004 j4=0.72465 crk=0.04591 cpre=2.09003 bset=2.12510 div=0.00000
Reco ep 004 | t=00:14:56 eta=42:42:08 | phase=1:stabilize phys=0.333 tf=strict ss=0.00 mixFR=0.00@0 | train total=4.19951 ar=0.00000 set=2.52110 eos=0.12367 cnt=6.50367 ang=0.06583 jpt=0.90274 je=0.90295 j4=1.01186 crk=0.10553 cpre=2.48030 bset=2.52110 div=0.00000 fr=0.00000 | valTF total=4.66597 ar=0.00000 set=2.94777 eos=0.10915 cnt=6.59016 ang=0.08260 jpt=0.16267 je=0.16119 j4=0.49002 crk=0.12193 cpre=2.87252 bset=2.94777 div=0.00000 | valFR total=5.64427 ar=0.00000 set=2.94758 eos=5.00356 cnt=6.59016 ang=0.08257 jpt=0.16261 je=0.16113 j4=0.48995 crk=0.12039 cpre=2.87191 bset=2.94758 div=0.00000
Reco ep 005 | t=00:14:58 eta=42:26:52 | phase=1:stabilize phys=0.417 tf=strict ss=0.00 mixFR=0.00@0 | train total=4.05967 ar=0.00000 set=2.36708 eos=0.14424 cnt=6.39633 ang=0.07106 jpt=0.89473 je=0.89434 j4=3.80349 crk=0.13472 cpre=2.33468 bset=2.36708 div=0.00000 fr=0.00000 | valTF total=3.90824 ar=0.00000 set=2.15750 eos=0.10255 cnt=6.77136 ang=0.05327 jpt=0.84493 je=0.84168 j4=0.68538 crk=0.43219 cpre=2.10649 bset=2.15750 div=0.00000 | valFR total=4.78837 ar=0.00000 set=2.15748 eos=4.50368 cnt=6.77136 ang=0.05325 jpt=0.84496 je=0.84171 j4=0.68540 crk=0.43186 cpre=2.10647 bset=2.15748 div=0.00000
Reco ep 006 | t=00:14:57 eta=42:11:24 | phase=1:stabilize phys=0.500 tf=strict ss=0.00 mixFR=0.00@0 | train total=3.67404 ar=0.00000 set=2.05121 eos=0.13327 cnt=6.39250 ang=0.07686 jpt=0.86161 je=0.85913 j4=0.72080 crk=0.14678 cpre=2.02532 bset=2.05121 div=0.00000 fr=0.00000 | valTF total=3.79502 ar=0.00000 set=2.12205 eos=0.08148 cnt=6.69171 ang=0.05126 jpt=1.00458 je=1.00451 j4=0.80531 crk=0.07845 cpre=2.08638 bset=2.12205 div=0.00000 | valFR total=4.38836 ar=0.00000 set=2.12326 eos=3.04097 cnt=6.69171 ang=0.05122 jpt=1.00489 je=1.00477 j4=0.80522 crk=0.07856 cpre=2.08803 bset=2.12326 div=0.00000
Reco ep 007 | t=00:14:56 eta=41:55:33 | phase=1:stabilize phys=0.583 tf=strict ss=0.00 mixFR=0.00@0 | train total=3.56136 ar=0.00000 set=1.91311 eos=0.14374 cnt=6.60028 ang=0.06401 jpt=0.74704 je=0.74647 j4=0.90722 crk=0.10892 cpre=1.89103 bset=1.91311 div=0.00000 fr=0.00000 | valTF total=3.81735 ar=0.00000 set=2.15280 eos=0.12197 cnt=6.69726 ang=0.04092 jpt=0.39182 je=0.39132 j4=0.48158 crk=0.10122 cpre=2.11451 bset=2.15280 div=0.00000 | valFR total=4.77388 ar=0.00000 set=2.15343 eos=4.90168 cnt=6.69726 ang=0.04091 jpt=0.39164 je=0.39117 j4=0.48145 crk=0.10074 cpre=2.11504 bset=2.15343 div=0.00000
Reco ep 008 | t=00:14:56 eta=41:39:51 | phase=1:stabilize phys=0.667 tf=strict ss=0.00 mixFR=0.00@0 | train total=3.52602 ar=0.00000 set=1.84947 eos=0.12307 cnt=6.77848 ang=0.05745 jpt=0.64949 je=0.64954 j4=0.75393 crk=0.13584 cpre=1.82792 bset=1.84947 div=0.00000 fr=0.00000 | valTF total=4.14828 ar=0.00000 set=2.46143 eos=0.09837 cnt=6.45114 ang=0.09341 jpt=1.08888 je=1.08839 j4=0.92927 crk=0.04568 cpre=2.42623 bset=2.46143 div=0.00000 | valFR total=4.91756 ar=0.00000 set=2.45904 eos=3.95878 cnt=6.45114 ang=0.09346 jpt=1.08861 je=1.08812 j4=0.92438 crk=0.04533 cpre=2.42436 bset=2.45904 div=0.00000
Reco ep 009 | t=00:14:56 eta=41:24:30 | phase=1:stabilize phys=0.750 tf=strict ss=0.00 mixFR=0.00@0 | train total=3.69132 ar=0.00000 set=1.87397 eos=0.12517 cnt=7.35420 ang=0.06535 jpt=0.60685 je=0.60696 j4=1.27585 crk=0.17294 cpre=1.84805 bset=1.87397 div=0.00000 fr=0.00000 | valTF total=4.48051 ar=0.00000 set=2.31206 eos=0.10013 cnt=7.44110 ang=0.07289 jpt=0.44766 je=0.44385 j4=0.60220 crk=1.74037 cpre=2.26426 bset=2.31206 div=0.00000 | valFR total=5.24146 ar=0.00000 set=2.31397 eos=3.90242 cnt=7.44110 ang=0.07290 jpt=0.44794 je=0.44414 j4=0.60216 crk=1.73196 cpre=2.26633 bset=2.31397 div=0.00000
Reco ep 010 | t=00:14:56 eta=41:09:12 | phase=1:stabilize phys=0.833 tf=strict ss=0.00 mixFR=0.00@0 | train total=3.69827 ar=0.00000 set=1.84673 eos=0.12431 cnt=7.43780 ang=0.06813 jpt=0.60642 je=0.60470 j4=1.46458 crk=0.21510 cpre=1.82538 bset=1.84673 div=0.00000 fr=0.00000 | valTF total=4.53728 ar=0.00000 set=2.53080 eos=0.09941 cnt=7.04930 ang=0.11159 jpt=0.68818 je=0.68429 j4=0.59073 crk=1.08979 cpre=2.48442 bset=2.53080 div=0.00000 | valFR total=5.28856 ar=0.00000 set=2.53182 eos=3.85182 cnt=7.04930 ang=0.11179 jpt=0.68865 je=0.68479 j4=0.59089 crk=1.08747 cpre=2.48609 bset=2.53182 div=0.00000
Reco ep 011 | t=00:14:57 eta=40:54:11 | phase=1:stabilize phys=0.917 tf=strict ss=0.00 mixFR=0.00@0 | train total=4.87425 ar=0.00000 set=2.12632 eos=0.13411 cnt=8.02710 ang=0.09834 jpt=0.97321 je=0.97555 j4=27.10960 crk=0.23046 cpre=2.10592 bset=2.12632 div=0.00000 fr=0.00000 | valTF total=4.58503 ar=0.00000 set=2.65274 eos=0.09692 cnt=7.35544 ang=0.04727 jpt=1.34461 je=1.34352 j4=0.92613 crk=0.04468 cpre=2.57339 bset=2.65274 div=0.00000 | valFR total=5.41702 ar=0.00000 set=2.65690 eos=4.23104 cnt=7.35544 ang=0.04725 jpt=1.34888 je=1.34762 j4=0.92367 crk=0.04487 cpre=2.57938 bset=2.65690 div=0.00000
Reco ep 012 | t=00:14:56 eta=40:38:50 | phase=1:stabilize phys=1.000 tf=strict ss=0.00 mixFR=0.00@0 | train total=3.83760 ar=0.00000 set=1.98359 eos=0.13167 cnt=7.16247 ang=0.08112 jpt=0.99016 je=0.99022 j4=0.81664 crk=0.28126 cpre=1.96018 bset=1.98359 div=0.00000 fr=0.00000 | valTF total=5.14623 ar=0.00000 set=3.32320 eos=0.07709 cnt=6.03844 ang=0.16107 jpt=2.01383 je=2.00533 j4=0.89891 crk=0.08675 cpre=3.28743 bset=3.32320 div=0.00000 | valFR total=5.81501 ar=0.00000 set=3.32797 eos=3.39112 cnt=6.03844 ang=0.16174 jpt=2.01657 je=2.00803 j4=0.89914 crk=0.08805 cpre=3.29338 bset=3.32797 div=0.00000
Reco ep 013 | t=00:14:54 eta=40:23:09 | phase=1:stabilize phys=1.000 tf=strict ss=0.00 mixFR=0.00@0 | train total=4.42635 ar=0.00000 set=2.52544 eos=0.18209 cnt=6.51018 ang=0.16238 jpt=1.17010 je=1.16813 j4=3.28798 crk=0.34671 cpre=2.50718 bset=2.52544 div=0.00000 fr=0.00000 | valTF total=5.19439 ar=0.00000 set=3.25042 eos=0.08701 cnt=6.23541 ang=0.20954 jpt=1.43572 je=1.43285 j4=0.88020 crk=0.75086 cpre=3.23375 bset=3.25042 div=0.00000 | valFR total=5.99116 ar=0.00000 set=3.25010 eos=4.07297 cnt=6.23541 ang=0.20955 jpt=1.43581 je=1.43295 j4=0.87982 crk=0.75058 cpre=3.23345 bset=3.25010 div=0.00000
Reco ep 014 | t=00:14:55 eta=40:07:49 | phase=1:stabilize phys=1.000 tf=strict ss=0.00 mixFR=0.00@0 | train total=4.91790 ar=0.00000 set=2.71623 eos=0.09930 cnt=6.46014 ang=0.16900 jpt=1.28932 je=1.29090 j4=13.38415 crk=0.29896 cpre=2.71103 bset=2.71623 div=0.00000 fr=0.00000 | valTF total=4.35371 ar=0.00000 set=2.68931 eos=0.18909 cnt=5.79468 ang=0.09760 jpt=0.95022 je=0.94882 j4=0.69631 crk=0.24794 cpre=2.67630 bset=2.68931 div=0.00000 | valFR total=6.13077 ar=0.00000 set=2.68974 eos=9.07235 cnt=5.79468 ang=0.09767 jpt=0.95071 je=0.94925 j4=0.69643 crk=0.24729 cpre=2.67673 bset=2.68974 div=0.00000
Reco ep 015 | t=00:15:02 eta=39:53:46 | phase=1:stabilize phys=1.000 tf=strict ss=0.00 mixFR=0.00@0 | train total=4.32311 ar=0.00000 set=2.52698 eos=0.11013 cnt=6.49459 ang=0.10180 jpt=1.13597 je=1.13618 j4=0.86307 crk=0.28073 cpre=2.51890 bset=2.52698 div=0.00000 fr=0.00000 | valTF total=4.94465 ar=0.00000 set=3.11632 eos=0.08084 cnt=6.03089 ang=0.24419 jpt=1.76653 je=1.76496 j4=0.85673 crk=0.32591 cpre=3.11482 bset=3.11632 div=0.00000 | valFR total=5.69744 ar=0.00000 set=3.11671 eos=3.83271 cnt=6.03089 ang=0.24421 jpt=1.76677 je=1.76520 j4=0.85674 crk=0.33562 cpre=3.11530 bset=3.11671 div=0.00000
Phase transition 1->2: rewound to phase-best epoch 6 (valFR=4.388357)
Phase 2 optimizer reset: lr 1.800e-04 -> 1.440e-04
Reco ep 016 | t=00:15:03 eta=39:39:48 | phase=2:transition phys=1.000 tf=strict ss=0.00 mixFR=0.00@2 | train total=4.37776 ar=0.00000 set=2.50574 eos=0.11460 cnt=7.01329 ang=0.06086 jpt=0.89367 je=0.89266 j4=2.02982 crk=0.09127 cpre=2.46499 bset=2.50574 div=0.00000 fr=0.00000 | valTF total=5.32112 ar=0.00000 set=3.30136 eos=0.07164 cnt=7.69859 ang=0.08071 jpt=0.41141 je=0.40993 j4=1.23025 crk=0.04903 cpre=3.21722 bset=3.30136 div=0.00000 | valFR total=5.92419 ar=0.00000 set=3.30284 eos=3.07807 cnt=7.69859 ang=0.08061 jpt=0.41209 je=0.41062 j4=1.23345 crk=0.04922 cpre=3.21822 bset=3.30284 div=0.00000
Reco ep 017 | t=00:32:36 eta=42:08:48 | phase=2:transition phys=1.000 tf=strict ss=0.01 mixFR=0.01@2 | train total=4.30171 ar=0.00000 set=2.43230 eos=0.13255 cnt=7.08009 ang=0.09319 jpt=1.06148 je=1.06010 j4=1.02368 crk=0.09800 cpre=2.39058 bset=2.43230 div=0.00000 fr=2.55218 | valTF total=4.87626 ar=0.00000 set=2.80604 eos=0.14988 cnt=7.81896 ang=0.13113 jpt=1.35701 je=1.35435 j4=0.83850 crk=0.05573 cpre=2.76318 bset=2.80604 div=0.00000 | valFR total=6.24997 ar=0.00000 set=2.81125 eos=6.98620 cnt=7.81896 ang=0.13149 jpt=1.36201 je=1.35924 j4=0.83462 crk=0.05570 cpre=2.77115 bset=2.81125 div=0.00000
Reco ep 018 | t=00:32:36 eta=44:17:37 | phase=2:transition phys=1.000 tf=strict ss=0.02 mixFR=0.02@2 | train total=3.91741 ar=0.00000 set=2.02425 eos=0.16076 cnt=7.40562 ang=0.07505 jpt=0.69231 je=0.69115 j4=1.50566 crk=0.15649 cpre=1.97970 bset=2.02425 div=0.00000 fr=2.39141 | valTF total=5.08562 ar=0.00000 set=3.17211 eos=0.11978 cnt=6.41595 ang=0.09364 jpt=1.91446 je=1.89666 j4=0.87664 crk=0.27661 cpre=3.09647 bset=3.17211 div=0.00000 | valFR total=5.95437 ar=0.00000 set=3.17839 eos=4.41668 cnt=6.41595 ang=0.09342 jpt=1.91817 je=1.90039 j4=0.87695 crk=0.28604 cpre=3.10397 bset=3.17839 div=0.00000
