============================================================
Model-28 K=1 Hungarian-Set + No-AR
Run:   checkpoints/reco_teacher_joint_fusion_6model_150k75k150k/model28_sinkset_noar/model28_k1_sinkset_noar_50k20k100k_seed0
Split: train=50000, val=20000, test=100000
============================================================
 python offline_reconstructor_joint_dualview_seq2seq_nexttoken_m28_sinkset_noar.py --save_dir checkpoints/reco_teacher_joint_fusion_6model_150k75k150k/model28_sinkset_noar --run_name model28_k1_sinkset_noar_50k20k100k_seed0 --n_train_jets 170000 --n_train_split 50000 --n_val_split 20000 --n_test_split 100000 --offset_jets 0 --max_constits 100 --num_workers 1 --seed 0 --reco_epochs 175 --reco_batch_size 112 --reco_lr 1.8e-4 --reco_patience 30 --reco_min_epochs 45 --reco_huber_delta 0.12 --beam_size 4 --beam_len_sigma 1.35 --beam_temperature 0.9 --num_hypotheses 1 --joint_epochs 0 --set_loss_mode chamfer --hungarian_shortlist_k 2 --loss_w_ar 0.0 --loss_w_set 1.0 --loss_w_eos 0.20 --loss_w_count 0.20 --loss_w_ptr_entropy 0.002 --loss_w_conf_rank 0.20 --loss_w_conf_prefix 0.12 --conf_margin 0.06 --conf_prefix_tau 16.0 --loss_w_jetpt 0.08 --loss_w_4vec 0.03 --loss_w_jete 0.00 --loss_w_angle 0.00 --physics_warmup_epochs 12 --phase1_end_epoch 15 --phase2_end_epoch 75 --phase3_end_epoch 127 --phase2_alpha_fr_end 0.70 --phase3_alpha_fr_end 0.95 --phase4_alpha_fr 0.95 --phase2_ss_end 0.60 --phase3_ss_end 0.90 --phase4_ss 0.90 --phase2_free_run_every_n 2 --phase3_free_run_every_n 1 --phase4_free_run_every_n 1 --phase_lr_decay 0.80 --save_fusion_scores --device cuda
Device: cuda
Save dir: checkpoints/reco_teacher_joint_fusion_6model_150k75k150k/model28_sinkset_noar/model28_k1_sinkset_noar_50k20k100k_seed0
m28 mode: set-level Hungarian (default), AR regression disabled, strict-TF pre-alignment still Hungarian
Loading offline constituents...
Generating pseudo-HLT...
Computing features...
Split sizes: Train=50000, Val=20000, Test=100000

========================================================================
STEP 1: TEACHER (Offline)
========================================================================
Teacher ep 5: train_auc=0.9278, val_auc=0.8964, val_fpr50=0.044963, best_auc=0.9129
Teacher ep 10: train_auc=0.9449, val_auc=0.9417, val_fpr50=0.018129, best_auc=0.9427
Teacher ep 15: train_auc=0.9496, val_auc=0.9446, val_fpr50=0.014445, best_auc=0.9462
Teacher ep 20: train_auc=0.9546, val_auc=0.9457, val_fpr50=0.015392, best_auc=0.9471
Teacher ep 25: train_auc=0.9600, val_auc=0.9456, val_fpr50=0.014956, best_auc=0.9474
Teacher ep 30: train_auc=0.9650, val_auc=0.9416, val_fpr50=0.018254, best_auc=0.9474
Teacher ep 35: train_auc=0.9718, val_auc=0.9395, val_fpr50=0.016467, best_auc=0.9474
Teacher ep 40: train_auc=0.9780, val_auc=0.9337, val_fpr50=0.018665, best_auc=0.9474
Early stopping Teacher at epoch 41

========================================================================
STEP 2: BASELINE (HLT)
========================================================================
HLT ep 5: train_auc=0.8854, val_auc=0.8728, val_fpr50=0.059302, best_auc=0.8728
HLT ep 10: train_auc=0.9082, val_auc=0.9124, val_fpr50=0.026459, best_auc=0.9145
HLT ep 15: train_auc=0.9160, val_auc=0.9104, val_fpr50=0.026110, best_auc=0.9152
HLT ep 20: train_auc=0.9213, val_auc=0.9144, val_fpr50=0.024414, best_auc=0.9152
HLT ep 25: train_auc=0.9276, val_auc=0.9154, val_fpr50=0.022746, best_auc=0.9154
HLT ep 30: train_auc=0.9337, val_auc=0.9088, val_fpr50=0.028368, best_auc=0.9154
HLT ep 35: train_auc=0.9416, val_auc=0.9079, val_fpr50=0.026989, best_auc=0.9154
HLT ep 40: train_auc=0.9502, val_auc=0.9041, val_fpr50=0.031191, best_auc=0.9154
Early stopping HLT at epoch 43

========================================================================
STEP 3: SEQ2SEQ RECONSTRUCTOR (Continuous AR + Beam Length)
========================================================================
Entering phase 1 (stabilize) at epoch 1
Reco ep 001 | t=00:05:03 eta=14:39:47 | phase=1:stabilize phys=0.083 tf=strict ss=0.00 mixFR=0.00@0 | train total=3.39902 ar=0.00000 set=0.86667 eos=0.15371 cnt=10.76017 ang=0.08169 jpt=0.37914 je=0.37981 j4=0.95596 crk=0.34509 cpre=2.29321 bset=0.86667 div=0.00000 fr=0.00000 | valTF total=1.94339 ar=0.00000 set=0.63914 eos=0.04255 cnt=5.68093 ang=0.06772 jpt=0.08279 je=0.08265 j4=0.27159 crk=0.09078 cpre=1.16336 bset=0.63914 div=0.00000 | valFR total=2.08738 ar=0.00000 set=0.63987 eos=0.75880 cnt=5.68093 ang=0.06773 jpt=0.08230 je=0.08217 j4=0.27013 crk=0.09069 cpre=1.16213 bset=0.63987 div=0.00000
Reco ep 002 | t=00:05:04 eta=14:35:59 | phase=1:stabilize phys=0.167 tf=strict ss=0.00 mixFR=0.00@0 | train total=2.08214 ar=0.00000 set=0.62859 eos=0.06332 cnt=6.08247 ang=0.07602 jpt=0.13753 je=0.13775 j4=0.37506 crk=0.17419 cpre=1.54520 bset=0.62859 div=0.00000 fr=0.00000 | valTF total=2.40317 ar=0.00000 set=0.99835 eos=0.07045 cnt=5.93371 ang=0.06805 jpt=0.12110 je=0.12020 j4=0.51597 crk=0.13697 cpre=1.42951 bset=0.99835 div=0.00000 | valFR total=2.86685 ar=0.00000 set=1.00145 eos=2.37312 cnt=5.93371 ang=0.06805 jpt=0.12040 je=0.11951 j4=0.51385 crk=0.13740 cpre=1.42701 bset=1.00145 div=0.00000
Reco ep 003 | t=00:05:03 eta=14:30:25 | phase=1:stabilize phys=0.250 tf=strict ss=0.00 mixFR=0.00@0 | train total=2.09392 ar=0.00000 set=0.64275 eos=0.05370 cnt=5.98648 ang=0.07893 jpt=0.17291 je=0.17312 j4=0.48694 crk=0.13784 cpre=1.73428 bset=0.64275 div=0.00000 fr=0.00000 | valTF total=2.26658 ar=0.00000 set=1.02995 eos=0.06337 cnt=5.31391 ang=0.06797 jpt=0.11170 je=0.11125 j4=0.43689 crk=0.05141 cpre=1.20718 bset=1.02995 div=0.00000 | valFR total=2.70549 ar=0.00000 set=1.02663 eos=2.27501 cnt=5.31391 ang=0.06800 jpt=0.11117 je=0.11074 j4=0.43505 crk=0.05177 cpre=1.20542 bset=1.02663 div=0.00000
Reco ep 004 | t=00:05:08 eta=14:28:39 | phase=1:stabilize phys=0.333 tf=strict ss=0.00 mixFR=0.00@0 | train total=2.02340 ar=0.00000 set=0.64394 eos=0.05709 cnt=5.64930 ang=0.08208 jpt=0.16814 je=0.16828 j4=0.47206 crk=0.11398 cpre=1.71629 bset=0.64394 div=0.00000 fr=0.00000 | valTF total=2.53753 ar=0.00000 set=1.29498 eos=0.05570 cnt=5.36076 ang=0.06866 jpt=0.10289 je=0.10237 j4=0.37857 crk=0.04676 cpre=1.19091 bset=1.29498 div=0.00000 | valFR total=2.90084 ar=0.00000 set=1.29613 eos=1.86599 cnt=5.36076 ang=0.06867 jpt=0.10253 je=0.10202 j4=0.37760 crk=0.04678 cpre=1.19010 bset=1.29613 div=0.00000
Reco ep 005 | t=00:05:00 eta=14:21:05 | phase=1:stabilize phys=0.417 tf=strict ss=0.00 mixFR=0.00@0 | train total=2.05529 ar=0.00000 set=0.66885 eos=0.07245 cnt=5.62339 ang=0.08181 jpt=0.18460 je=0.18464 j4=0.59773 crk=0.11151 cpre=1.75982 bset=0.66885 div=0.00000 fr=0.00000 | valTF total=1.93812 ar=0.00000 set=0.67430 eos=0.04743 cnt=5.58507 ang=0.07223 jpt=0.05436 je=0.05411 j4=0.23889 crk=0.06353 cpre=0.99556 bset=0.67430 div=0.00000 | valFR total=2.27874 ar=0.00000 set=0.67567 eos=1.74186 cnt=5.58507 ang=0.07224 jpt=0.05427 je=0.05403 j4=0.23864 crk=0.06355 cpre=0.99775 bset=0.67567 div=0.00000
Reco ep 006 | t=00:05:04 eta=14:16:19 | phase=1:stabilize phys=0.500 tf=strict ss=0.00 mixFR=0.00@0 | train total=2.09545 ar=0.00000 set=0.69513 eos=0.05859 cnt=5.56348 ang=0.08317 jpt=0.21894 je=0.21908 j4=0.62523 crk=0.10034 cpre=1.97986 bset=0.69513 div=0.00000 fr=0.00000 | valTF total=2.28607 ar=0.00000 set=0.84402 eos=0.03670 cnt=6.13500 ang=0.07385 jpt=0.14151 je=0.14088 j4=0.51613 crk=0.07742 cpre=1.48764 bset=0.84402 div=0.00000 | valFR total=2.39841 ar=0.00000 set=0.84368 eos=0.59838 cnt=6.13500 ang=0.07386 jpt=0.14080 je=0.14019 j4=0.51370 crk=0.07742 cpre=1.49067 bset=0.84368 div=0.00000
Reco ep 007 | t=00:05:02 eta=14:10:50 | phase=1:stabilize phys=0.583 tf=strict ss=0.00 mixFR=0.00@0 | train total=2.01786 ar=0.00000 set=0.66845 eos=0.05907 cnt=5.39122 ang=0.08565 jpt=0.20509 je=0.20507 j4=0.50493 crk=0.09760 cpre=1.84442 bset=0.66845 div=0.00000 fr=0.00000 | valTF total=4.18867 ar=0.00000 set=2.69126 eos=0.11170 cnt=5.34474 ang=0.07193 jpt=0.64898 je=0.64924 j4=2.29003 crk=0.03531 cpre=2.73802 bset=2.69126 div=0.00000 | valFR total=5.03245 ar=0.00000 set=2.81845 eos=3.68137 cnt=5.34474 ang=0.07190 jpt=0.65612 je=0.65638 j4=2.31789 crk=0.03453 cpre=2.75363 bset=2.81845 div=0.00000
Reco ep 008 | t=00:04:57 eta=14:03:34 | phase=1:stabilize phys=0.667 tf=strict ss=0.00 mixFR=0.00@0 | train total=2.15305 ar=0.00000 set=0.75068 eos=0.05698 cnt=5.44210 ang=0.08903 jpt=0.23927 je=0.23891 j4=0.72305 crk=0.09710 cpre=2.13212 bset=0.75068 div=0.00000 fr=0.00000 | valTF total=4.33956 ar=0.00000 set=1.92931 eos=0.05256 cnt=6.09152 ang=0.08642 jpt=2.03268 je=2.03068 j4=14.06728 crk=0.10627 cpre=6.42007 bset=1.92931 div=0.00000 | valFR total=4.71709 ar=0.00000 set=1.92553 eos=1.95572 cnt=6.09152 ang=0.08641 jpt=2.03203 je=2.03003 j4=14.05953 crk=0.10757 cpre=6.42516 bset=1.92553 div=0.00000
Reco ep 009 | t=00:05:00 eta=13:57:38 | phase=1:stabilize phys=0.750 tf=strict ss=0.00 mixFR=0.00@0 | train total=2.15194 ar=0.00000 set=0.75060 eos=0.06651 cnt=5.48025 ang=0.08542 jpt=0.22858 je=0.22871 j4=0.74461 crk=0.10073 cpre=2.01113 bset=0.75060 div=0.00000 fr=0.00000 | valTF total=2.19521 ar=0.00000 set=0.94222 eos=0.04304 cnt=5.27584 ang=0.07345 jpt=0.07384 je=0.07318 j4=0.33080 crk=0.08958 cpre=1.32800 bset=0.94222 div=0.00000 | valFR total=2.40562 ar=0.00000 set=0.94855 eos=1.05920 cnt=5.27584 ang=0.07344 jpt=0.07357 je=0.07297 j4=0.33027 crk=0.08948 cpre=1.33514 bset=0.94855 div=0.00000
Reco ep 010 | t=00:04:58 eta=13:51:26 | phase=1:stabilize phys=0.833 tf=strict ss=0.00 mixFR=0.00@0 | train total=2.10066 ar=0.00000 set=0.72693 eos=0.06088 cnt=5.31512 ang=0.08533 jpt=0.31441 je=0.31459 j4=0.70016 crk=0.09916 cpre=2.00159 bset=0.72693 div=0.00000 fr=0.00000 | valTF total=2.33356 ar=0.00000 set=0.93413 eos=0.04408 cnt=5.13171 ang=0.08932 jpt=0.85145 je=0.85232 j4=0.72241 crk=0.07823 cpre=2.28102 bset=0.93413 div=0.00000 | valFR total=2.59019 ar=0.00000 set=0.93478 eos=1.31308 cnt=5.13171 ang=0.08942 jpt=0.84878 je=0.84964 j4=0.72196 crk=0.07989 cpre=2.29785 bset=0.93478 div=0.00000
Reco ep 011 | t=00:04:59 eta=13:45:40 | phase=1:stabilize phys=0.917 tf=strict ss=0.00 mixFR=0.00@0 | train total=2.39611 ar=0.00000 set=0.89012 eos=0.06945 cnt=5.42768 ang=0.09283 jpt=0.38089 je=0.38099 j4=0.59819 crk=0.11312 cpre=2.82943 bset=0.89012 div=0.00000 fr=0.00000 | valTF total=2.72363 ar=0.00000 set=1.05009 eos=0.06854 cnt=6.64969 ang=0.08435 jpt=0.22877 je=0.22861 j4=0.38115 crk=0.05452 cpre=2.43048 bset=1.05009 div=0.00000 | valFR total=3.28912 ar=0.00000 set=1.04928 eos=2.90217 cnt=6.64969 ang=0.08436 jpt=0.22828 je=0.22811 j4=0.38071 crk=0.05476 cpre=2.42690 bset=1.04928 div=0.00000
Reco ep 012 | t=00:05:00 eta=13:40:18 | phase=1:stabilize phys=1.000 tf=strict ss=0.00 mixFR=0.00@0 | train total=2.44207 ar=0.00000 set=0.89841 eos=0.06341 cnt=5.76277 ang=0.08944 jpt=0.30047 je=0.30030 j4=0.63716 crk=0.11697 cpre=2.59877 bset=0.89841 div=0.00000 fr=0.00000 | valTF total=2.76484 ar=0.00000 set=1.33931 eos=0.06107 cnt=5.81766 ang=0.07639 jpt=0.19023 je=0.19019 j4=0.76301 crk=0.07715 cpre=1.63484 bset=1.33931 div=0.00000 | valFR total=3.22637 ar=0.00000 set=1.32242 eos=2.46057 cnt=5.81766 ang=0.07637 jpt=0.18658 je=0.18663 j4=0.75071 crk=0.07689 cpre=1.62836 bset=1.32242 div=0.00000
Reco ep 013 | t=00:05:00 eta=13:35:00 | phase=1:stabilize phys=1.000 tf=strict ss=0.00 mixFR=0.00@0 | train total=2.75220 ar=0.00000 set=1.14497 eos=0.07408 cnt=5.56723 ang=0.10019 jpt=0.68058 je=0.68020 j4=1.03585 crk=0.10875 cpre=3.09731 bset=1.14497 div=0.00000 fr=0.00000 | valTF total=3.34560 ar=0.00000 set=1.69856 eos=0.08300 cnt=5.79746 ang=0.11254 jpt=0.79759 je=0.79344 j4=0.82513 crk=0.09219 cpre=3.03229 bset=1.69856 div=0.00000 | valFR total=4.05211 ar=0.00000 set=1.69492 eos=3.63639 cnt=5.79746 ang=0.11250 jpt=0.79630 je=0.79218 j4=0.82807 crk=0.09256 cpre=3.02745 bset=1.69492 div=0.00000
Reco ep 014 | t=00:05:02 eta=13:30:00 | phase=1:stabilize phys=1.000 tf=strict ss=0.00 mixFR=0.00@0 | train total=2.82166 ar=0.00000 set=1.16639 eos=0.06597 cnt=5.99278 ang=0.09524 jpt=0.41720 je=0.41734 j4=0.91079 crk=0.14747 cpre=2.94428 bset=1.16639 div=0.00000 fr=0.00000 | valTF total=2.99603 ar=0.00000 set=1.59075 eos=0.05906 cnt=5.56241 ang=0.07145 jpt=0.18977 je=0.19020 j4=0.34796 crk=0.06311 cpre=2.02228 bset=1.59075 div=0.00000 | valFR total=3.46741 ar=0.00000 set=1.58671 eos=2.43764 cnt=5.56241 ang=0.07145 jpt=0.18932 je=0.18974 j4=0.34760 crk=0.06346 cpre=2.01945 bset=1.58671 div=0.00000
Reco ep 015 | t=00:05:00 eta=13:24:48 | phase=1:stabilize phys=1.000 tf=strict ss=0.00 mixFR=0.00@0 | train total=3.02064 ar=0.00000 set=1.25323 eos=0.06441 cnt=6.13706 ang=0.09556 jpt=0.62956 je=0.63006 j4=1.32138 crk=0.13490 cpre=3.41761 bset=1.25323 div=0.00000 fr=0.00000 | valTF total=4.78706 ar=0.00000 set=2.33794 eos=0.07890 cnt=6.64116 ang=0.08432 jpt=1.62172 je=1.61847 j4=11.47690 crk=0.06680 cpre=5.14729 bset=2.33794 div=0.00000 | valFR total=5.53434 ar=0.00000 set=2.36383 eos=3.66452 cnt=6.64116 ang=0.08426 jpt=1.63174 je=1.62847 j4=11.56323 crk=0.06592 cpre=5.15601 bset=2.36383 div=0.00000
Phase transition 1->2: rewound to phase-best epoch 1 (valFR=2.087383)
Phase 2 optimizer reset: lr 1.800e-04 -> 1.440e-04
Reco ep 016 | t=00:05:04 eta=13:20:14 | phase=2:transition phys=1.000 tf=strict ss=0.00 mixFR=0.00@2 | train total=2.16665 ar=0.00000 set=0.65723 eos=0.06393 cnt=6.20122 ang=0.07825 jpt=0.15597 je=0.15618 j4=0.40198 crk=0.17956 cpre=1.62976 bset=0.65723 div=0.00000 fr=0.00000 | valTF total=1.92593 ar=0.00000 set=0.55259 eos=0.05443 cnt=5.61483 ang=0.07874 jpt=0.08850 je=0.08861 j4=0.24849 crk=0.07834 cpre=1.73922 bset=0.55259 div=0.00000 | valFR total=2.26081 ar=0.00000 set=0.55256 eos=1.72697 cnt=5.61483 ang=0.07880 jpt=0.08843 je=0.08854 j4=0.24836 crk=0.07819 cpre=1.74198 bset=0.55256 div=0.00000
