============================================================
Model-29 K=6 jetlatent selector routing (StageC all_three)
Run: checkpoints/reco_teacher_joint_fusion_6model_150k75k150k/model29_k6_jetlatent_selector_allthree/model29_k6_jetlatent_selector_allthree_150k75k150k_seed0
============================================================
 python offline_reconstructor_joint_dualview_stage2save_auc_norankc_nopriv_unmergeonly_jetlatent_set2set_m29_k6_selector.py --save_dir checkpoints/reco_teacher_joint_fusion_6model_150k75k150k/model29_k6_jetlatent_selector_allthree --run_name model29_k6_jetlatent_selector_allthree_150k75k150k_seed0 --n_train_jets 375000 --n_train_split 100000 --n_val_split 75000 --n_test_split 150000 --offset_jets 0 --max_constits 100 --num_workers 6 --seed 0 --selection_metric auc --stageC_progressive_unfreeze --stageC_unfreeze_phase1_epochs 3 --stageC_unfreeze_phase2_epochs 7 --stageC_unfreeze_last_n_encoder_layers 2 --stageC_lambda_param_anchor 0.02 --stageC_lambda_output_anchor 0.02 --stageC_anchor_decay 0.97 --stageC_lr_dual 1e-5 --stageC_lr_reco 5e-6 --lambda_reco 0.4 --lambda_cons 0.06 --loss_unselected_penalty 0.0 --loss_gen_local_radius 0.0 --stageC_lambda_delta 0.05 --stageC_delta_tau 0.05 --stageC_delta_lambda_fp 3.0 --stageC_delta_warmup_epochs 8 --added_target_scale 0.90 --save_fusion_scores --disable_final_kd --m29_num_hypotheses 6 --m29_winner_mode reco --m29_winner_alpha 1.0 --m29_winner_beta 0.6 --m29_loss_w_best_set 2.5 --m29_loss_w_diversity 0.08 --m29_selector_epochs 30 --m29_selector_lr 2e-3 --m29_selector_patience 8 --m29_selector_rank_weight 0.20 --m29_selector_rank_margin 0.25 --m29_stagec_mode all_three --device cuda
m29 config: K=6, winner_mode=reco, stageC_mode=all_three, single_corrected_tagger=False, soft_routing_train=True
Device: cuda
Save dir: checkpoints/reco_teacher_joint_fusion_6model_150k75k150k/model29_k6_jetlatent_selector_allthree/model29_k6_jetlatent_selector_allthree_150k75k150k_seed0
Loading offline constituents...
Generating pseudo-HLT...
Non-priv target setup: added_target_scale=0.900, mean_true_added_raw=25.116, mean_target_added=22.604
Computing features...
Split sizes: Train=100000, Val=75000, Test=150000 (custom_counts=True)
Stage-B train subset: N=100000 / 100000 (frac=1.000, seed=0)

======================================================================
STEP 1: TEACHER + BASELINE
======================================================================
Teacher ep 5: train_auc=0.9405, val_auc=0.9154, val_fpr50=0.031459, best_auc=0.9453, fpr50@best=0.014299
Teacher ep 10: train_auc=0.9484, val_auc=0.9497, val_fpr50=0.011589, best_auc=0.9497, fpr50@best=0.011589
Teacher ep 15: train_auc=0.9529, val_auc=0.9489, val_fpr50=0.012362, best_auc=0.9522, fpr50@best=0.011297
Teacher ep 20: train_auc=0.9568, val_auc=0.9480, val_fpr50=0.012920, best_auc=0.9522, fpr50@best=0.011297
Teacher ep 25: train_auc=0.9605, val_auc=0.9529, val_fpr50=0.011268, best_auc=0.9529, fpr50@best=0.011268
Teacher ep 30: train_auc=0.9652, val_auc=0.9485, val_fpr50=0.011436, best_auc=0.9529, fpr50@best=0.011268
Teacher ep 35: train_auc=0.9697, val_auc=0.9489, val_fpr50=0.013234, best_auc=0.9529, fpr50@best=0.011268
Teacher ep 40: train_auc=0.9751, val_auc=0.9456, val_fpr50=0.015425, best_auc=0.9529, fpr50@best=0.011268
Early stopping Teacher at epoch 40
m29: captured Teacher model for selector scoring
Baseline ep 5: train_auc=0.9040, val_auc=0.9079, val_fpr50=0.029308, best_auc=0.9079, fpr50@best=0.029308
Baseline ep 10: train_auc=0.9149, val_auc=0.9130, val_fpr50=0.026269, best_auc=0.9165, fpr50@best=0.022496
Baseline ep 15: train_auc=0.9208, val_auc=0.9158, val_fpr50=0.023068, best_auc=0.9188, fpr50@best=0.022162
Baseline ep 20: train_auc=0.9241, val_auc=0.9213, val_fpr50=0.018965, best_auc=0.9213, fpr50@best=0.018965
Baseline ep 25: train_auc=0.9285, val_auc=0.9161, val_fpr50=0.023179, best_auc=0.9213, fpr50@best=0.018965
Baseline ep 30: train_auc=0.9332, val_auc=0.9189, val_fpr50=0.021313, best_auc=0.9213, fpr50@best=0.018965
Baseline ep 35: train_auc=0.9387, val_auc=0.9170, val_fpr50=0.021862, best_auc=0.9213, fpr50@best=0.018965
Early stopping Baseline at epoch 35
StageC weak-delta HLT reference @TPR=0.50: threshold_prob=0.852282, val_auc_hlt=0.9213

======================================================================
STEP 2: STAGE A (RECONSTRUCTOR PRETRAIN)
======================================================================
Ep 5: train_total=14.2144, val_total_unw=15.7861, val_total_w=15.7861, select=unweighted, best_sel=13.4612 | set_unw=1.1060, phys_unw=0.6550, budget_unw=19.2346, fp_mass_unw=0.0483, w_set=1.000, w_budget=0.650, w_pt=0.700, w_local=0.030, stage_scale=0.35
Ep 10: train_total=13.4899, val_total_unw=13.8604, val_total_w=13.8604, select=unweighted, best_sel=13.0701 | set_unw=1.0924, phys_unw=0.6479, budget_unw=16.3339, fp_mass_unw=0.0437, w_set=1.000, w_budget=0.650, w_pt=0.700, w_local=0.030, stage_scale=0.35
Ep 15: train_total=13.1975, val_total_unw=12.9620, val_total_w=12.9620, select=unweighted, best_sel=12.9620 | set_unw=1.0976, phys_unw=0.6429, budget_unw=14.9350, fp_mass_unw=0.0448, w_set=1.000, w_budget=0.650, w_pt=0.700, w_local=0.030, stage_scale=0.35
Ep 20: train_total=12.9967, val_total_unw=12.9393, val_total_w=12.9393, select=unweighted, best_sel=12.7787 | set_unw=1.0912, phys_unw=0.6366, budget_unw=14.9381, fp_mass_unw=0.0432, w_set=1.000, w_budget=0.650, w_pt=0.700, w_local=0.030, stage_scale=0.35
Stage-A transition -> reloaded best from phase_035 (epoch=18, val_total=12.7787)
Ep 25: train_total=12.8525, val_total_unw=13.7219, val_total_w=13.7219, select=unweighted, best_sel=12.7787 | set_unw=1.0818, phys_unw=0.6263, budget_unw=16.1984, fp_mass_unw=0.0422, w_set=1.000, w_budget=0.650, w_pt=0.700, w_local=0.030, stage_scale=0.70
Ep 30: train_total=12.7688, val_total_unw=13.6811, val_total_w=13.6811, select=unweighted, best_sel=12.4517 | set_unw=1.0864, phys_unw=0.6338, budget_unw=16.1050, fp_mass_unw=0.0434, w_set=1.000, w_budget=0.650, w_pt=0.700, w_local=0.030, stage_scale=0.70
Ep 35: train_total=12.6314, val_total_unw=13.4530, val_total_w=13.4530, select=unweighted, best_sel=12.4517 | set_unw=1.0844, phys_unw=0.6322, budget_unw=15.7642, fp_mass_unw=0.0427, w_set=1.000, w_budget=0.650, w_pt=0.700, w_local=0.030, stage_scale=0.70
Ep 40: train_total=12.4992, val_total_unw=12.8438, val_total_w=12.8438, select=unweighted, best_sel=12.4517 | set_unw=1.0863, phys_unw=0.6244, budget_unw=14.8302, fp_mass_unw=0.0428, w_set=1.000, w_budget=0.650, w_pt=0.700, w_local=0.030, stage_scale=0.70
Ep 45: train_total=12.4322, val_total_unw=13.5579, val_total_w=13.5579, select=unweighted, best_sel=12.4517 | set_unw=1.0812, phys_unw=0.6390, budget_unw=15.9263, fp_mass_unw=0.0420, w_set=1.000, w_budget=0.650, w_pt=0.700, w_local=0.030, stage_scale=0.70
Ep 50: train_total=12.3249, val_total_unw=12.9261, val_total_w=12.9261, select=unweighted, best_sel=12.4517 | set_unw=1.0823, phys_unw=0.6333, budget_unw=14.9581, fp_mass_unw=0.0417, w_set=1.000, w_budget=0.650, w_pt=0.700, w_local=0.030, stage_scale=0.70
Ep 55: train_total=12.2551, val_total_unw=12.6426, val_total_w=12.6426, select=unweighted, best_sel=12.4517 | set_unw=1.0838, phys_unw=0.6287, budget_unw=14.5230, fp_mass_unw=0.0419, w_set=1.000, w_budget=0.650, w_pt=0.700, w_local=0.030, stage_scale=0.70
Stage-A transition -> reloaded best from phase_070 (epoch=26, val_total=12.4517)
Ep 60: train_total=12.7104, val_total_unw=13.8655, val_total_w=13.8655, select=unweighted, best_sel=12.4517 | set_unw=1.0808, phys_unw=0.6330, budget_unw=16.4122, fp_mass_unw=0.0417, w_set=1.000, w_budget=0.650, w_pt=0.700, w_local=0.030, stage_scale=1.00
Ep 65: train_total=12.6023, val_total_unw=14.5335, val_total_w=14.5335, select=unweighted, best_sel=12.4517 | set_unw=1.0785, phys_unw=0.6321, budget_unw=17.4514, fp_mass_unw=0.0414, w_set=1.000, w_budget=0.650, w_pt=0.700, w_local=0.030, stage_scale=1.00
Ep 70: train_total=12.4711, val_total_unw=12.8978, val_total_w=12.8978, select=unweighted, best_sel=12.4517 | set_unw=1.0827, phys_unw=0.6212, budget_unw=14.9330, fp_mass_unw=0.0423, w_set=1.000, w_budget=0.650, w_pt=0.700, w_local=0.030, stage_scale=1.00
Early stopping reconstructor at epoch 73

======================================================================
STEP 3: STAGE B (DUAL PRETRAIN, FROZEN RECONSTRUCTOR)
======================================================================
