============================================================
M2 Concat(HLT + Reco) from Stage2 Reconstructor
Source run: checkpoints/reco_teacher_joint_fusion_6model_150k75k150k/model2_joint_hungarian_nophys_noratio/model2_joint_hungarian_nophys_noratio_150k75k150k_seed0
Save dir:   checkpoints/reco_teacher_joint_fusion_6model_150k75k150k/model2_concat_hltreco_stage2/model2_concat_hltreco_stage2_150k75k150k_seed0
Pretrain/Joint epochs: 45/25
============================================================
 python train_m2_concat_hltreco_stage2_frozen_then_joint.py --run_dir checkpoints/reco_teacher_joint_fusion_6model_150k75k150k/model2_joint_hungarian_nophys_noratio/model2_joint_hungarian_nophys_noratio_150k75k150k_seed0 --train_path ./data --save_dir checkpoints/reco_teacher_joint_fusion_6model_150k75k150k/model2_concat_hltreco_stage2 --run_name model2_concat_hltreco_stage2_150k75k150k_seed0 --device cuda --num_workers 6 --batch_size 512 --seed 0 --max_constits 100 --corrected_weight_floor 1e-4 --pretrain_epochs 45 --pretrain_patience 10 --joint_epochs 25 --joint_patience 8 --joint_min_epochs 8 --joint_lr_model 2e-4 --joint_lr_reco 1e-4 --joint_weight_decay 1e-4 --joint_warmup_epochs 3 --joint_lambda_reco 0.4 --joint_lambda_rank 0.0 --joint_lambda_cons 0.06 --selection_metric auc --save_fusion_scores
Device: cuda
Save dir: /home/ryreu/atlas/PracticeTagging/checkpoints/reco_teacher_joint_fusion_6model_150k75k150k/model2_concat_hltreco_stage2/model2_concat_hltreco_stage2_150k75k150k_seed0
Loading offline constituents...
Generating pseudo-HLT...
Computing features...

======================================================================
STEP 1: BASELINE HLT EVAL
======================================================================

======================================================================
STEP 2: PRE-JOINT CONCAT TAGGER (FROZEN STAGE2 RECO)
======================================================================
ConcatHLTReco-PreJoint ep 5: train_auc=0.9091, val_auc=0.9129, val_fpr50=0.026807, best_auc=0.9129, fpr50@best=0.026807
ConcatHLTReco-PreJoint ep 10: train_auc=0.9175, val_auc=0.9209, val_fpr50=0.020740, best_auc=0.9209, fpr50@best=0.020740
ConcatHLTReco-PreJoint ep 15: train_auc=0.9221, val_auc=0.9203, val_fpr50=0.020371, best_auc=0.9216, fpr50@best=0.020393
ConcatHLTReco-PreJoint ep 20: train_auc=0.9250, val_auc=0.9192, val_fpr50=0.022047, best_auc=0.9244, fpr50@best=0.018672
ConcatHLTReco-PreJoint ep 25: train_auc=0.9295, val_auc=0.9240, val_fpr50=0.019567, best_auc=0.9244, fpr50@best=0.018672
ConcatHLTReco-PreJoint ep 30: train_auc=0.9339, val_auc=0.9238, val_fpr50=0.018825, best_auc=0.9251, fpr50@best=0.018495
ConcatHLTReco-PreJoint ep 35: train_auc=0.9379, val_auc=0.9238, val_fpr50=0.020290, best_auc=0.9251, fpr50@best=0.018495
Early stopping ConcatHLTReco-PreJoint at epoch 38

======================================================================
STEP 3: JOINT FINETUNE CONCAT (UNFREEZE RECO + CONCAT TAGGER)
======================================================================
StageC-ConcatJoint ep 1: train_loss=8.8443 (cls=0.3239, rank=0.3040, reco=21.2756, cons=0.1686) | val_auc=0.9261, val_fpr50=0.018363, select=auc, best_sel=0.926115
StageC-ConcatJoint ep 2: train_loss=8.6187 (cls=0.3258, rank=0.3027, reco=20.7077, cons=0.1647) | val_auc=0.9251, val_fpr50=0.018786, select=auc, best_sel=0.926115
StageC-ConcatJoint ep 3: train_loss=8.6233 (cls=0.3284, rank=0.3024, reco=20.7125, cons=0.1646) | val_auc=0.9219, val_fpr50=0.020772, select=auc, best_sel=0.926115
StageC-ConcatJoint ep 4: train_loss=8.6122 (cls=0.3275, rank=0.3020, reco=20.6871, cons=0.1647) | val_auc=0.9246, val_fpr50=0.019068, select=auc, best_sel=0.926115
StageC-ConcatJoint ep 5: train_loss=8.5917 (cls=0.3263, rank=0.3031, reco=20.6389, cons=0.1647) | val_auc=0.9249, val_fpr50=0.019636, select=auc, best_sel=0.926115
StageC-ConcatJoint ep 6: train_loss=8.5817 (cls=0.3252, rank=0.3035, reco=20.6166, cons=0.1647) | val_auc=0.9250, val_fpr50=0.019466, select=auc, best_sel=0.926115
StageC-ConcatJoint ep 7: train_loss=8.5574 (cls=0.3233, rank=0.3030, reco=20.5605, cons=0.1649) | val_auc=0.9224, val_fpr50=0.020879, select=auc, best_sel=0.926115
StageC-ConcatJoint ep 8: train_loss=8.5434 (cls=0.3219, rank=0.3031, reco=20.5291, cons=0.1648) | val_auc=0.9236, val_fpr50=0.019482, select=auc, best_sel=0.926115
StageC-ConcatJoint ep 9: train_loss=8.5189 (cls=0.3197, rank=0.3034, reco=20.4732, cons=0.1649) | val_auc=0.9222, val_fpr50=0.019896, select=auc, best_sel=0.926115
Early stopping StageC-ConcatJoint at epoch 9

======================================================================
FINAL EVALUATION
======================================================================
HLT baseline AUC (val/test): 0.9235 / 0.9214
Concat pre-joint AUC (val/test): 0.9251 / 0.9236
Concat post-joint AUC (val/test): 0.9261 / 0.9245
FPR@50 HLT / Concat(pre) / Concat(post): 0.021587 / 0.020226 / 0.019811
FPR@30 HLT / Concat(pre) / Concat(post): 0.005524 / 0.005362 / 0.005288
Saved fusion score arrays to: /home/ryreu/atlas/PracticeTagging/checkpoints/reco_teacher_joint_fusion_6model_150k75k150k/model2_concat_hltreco_stage2/model2_concat_hltreco_stage2_150k75k150k_seed0/fusion_scores_val_test.npz

Saved results to: /home/ryreu/atlas/PracticeTagging/checkpoints/reco_teacher_joint_fusion_6model_150k75k150k/model2_concat_hltreco_stage2/model2_concat_hltreco_stage2_150k75k150k_seed0

Done: checkpoints/reco_teacher_joint_fusion_6model_150k75k150k/model2_concat_hltreco_stage2/model2_concat_hltreco_stage2_150k75k150k_seed0
