============================================================
Constraint Saturation Diagnostics
Run dir:        checkpoints/reco_teacher_joint_fusion_6model_150k75k150k/model2_joint_delta/model2_joint_delta005_stagec_prog_unfreeze_150k75k150k_seed0
Split:          test
Batch size:     512
Device:         cuda
Stage scale:    1.0
Stage2 ckpt:    checkpoints/reco_teacher_joint_fusion_6model_150k75k150k/model2_joint_delta/model2_joint_delta005_stagec_prog_unfreeze_150k75k150k_seed0/offline_reconstructor_stage2.pt
Joint ckpt:     checkpoints/reco_teacher_joint_fusion_6model_150k75k150k/model2_joint_delta/model2_joint_delta005_stagec_prog_unfreeze_150k75k150k_seed0/offline_reconstructor.pt
Output dir:     checkpoints/reco_teacher_joint_fusion_6model_150k75k150k/model2_joint_delta/model2_joint_delta005_stagec_prog_unfreeze_150k75k150k_seed0/constraint_saturation
============================================================

--- Stage2 AUC Reconstructor Diagnostic ---
 python analyze_reco_constraint_saturation.py --run_dir checkpoints/reco_teacher_joint_fusion_6model_150k75k150k/model2_joint_delta/model2_joint_delta005_stagec_prog_unfreeze_150k75k150k_seed0 --checkpoint checkpoints/reco_teacher_joint_fusion_6model_150k75k150k/model2_joint_delta/model2_joint_delta005_stagec_prog_unfreeze_150k75k150k_seed0/offline_reconstructor_stage2.pt --split test --batch_size 512 --num_workers 6 --max_batches -1 --device cuda --stage_scale 1.0 --report_json checkpoints/reco_teacher_joint_fusion_6model_150k75k150k/model2_joint_delta/model2_joint_delta005_stagec_prog_unfreeze_150k75k150k_seed0/constraint_saturation/stage2_auc_constraint_saturation_test.json
============================================================
Reconstructor Constraint Saturation Report
============================================================
run_dir: /home/ryreu/atlas/PracticeTagging/checkpoints/reco_teacher_joint_fusion_6model_150k75k150k/model2_joint_delta/model2_joint_delta005_stagec_prog_unfreeze_150k75k150k_seed0
checkpoint: /home/ryreu/atlas/PracticeTagging/checkpoints/reco_teacher_joint_fusion_6model_150k75k150k/model2_joint_delta/model2_joint_delta005_stagec_prog_unfreeze_150k75k150k_seed0/offline_reconstructor_stage2.pt
split: test
unmerge_wrap_applied: True
n_jets_processed: 150000
n_masked_tokens: 4373131
action_entropy_mean: 0.353876
action_near_uniform_frac: 0.039002
action_high_peak_frac: 0.496115
clamp_logpt_hi_frac: 0.475315
clamp_logpt_lo_frac: 0.000000
clamp_loge_hi_frac: 0.052538
clamp_loge_lo_frac: 0.195571
reassign_raw_tanh_sat_frac: 0.000000
reassign_raw_tanh_sat_weighted_by_p_reassign: 0.000000
split_exist_sigmoid_sat_frac: 0.999965
split_angle_raw_tanh_sat_weighted_frac: 0.000000
merge_budget_scale_clamp_hi_frac_jets: 0.130000
merge_budget_scale_clamp_lo_frac_jets: 0.000000
merge_budget_scale_valid_jets: 150000
eff_budget_scale_clamp_hi_frac_jets: 0.000000
eff_budget_scale_clamp_lo_frac_jets: 1.000000
eff_budget_scale_valid_jets: 150000
split_total_frac_mean_token: 0.621270
split_total_frac_p95_token: 0.662200

Saved report json: /home/ryreu/atlas/PracticeTagging/checkpoints/reco_teacher_joint_fusion_6model_150k75k150k/model2_joint_delta/model2_joint_delta005_stagec_prog_unfreeze_150k75k150k_seed0/constraint_saturation/stage2_auc_constraint_saturation_test.json

--- Joint AUC Reconstructor Diagnostic ---
 python analyze_reco_constraint_saturation.py --run_dir checkpoints/reco_teacher_joint_fusion_6model_150k75k150k/model2_joint_delta/model2_joint_delta005_stagec_prog_unfreeze_150k75k150k_seed0 --checkpoint checkpoints/reco_teacher_joint_fusion_6model_150k75k150k/model2_joint_delta/model2_joint_delta005_stagec_prog_unfreeze_150k75k150k_seed0/offline_reconstructor.pt --split test --batch_size 512 --num_workers 6 --max_batches -1 --device cuda --stage_scale 1.0 --report_json checkpoints/reco_teacher_joint_fusion_6model_150k75k150k/model2_joint_delta/model2_joint_delta005_stagec_prog_unfreeze_150k75k150k_seed0/constraint_saturation/joint_auc_constraint_saturation_test.json
============================================================
Reconstructor Constraint Saturation Report
============================================================
run_dir: /home/ryreu/atlas/PracticeTagging/checkpoints/reco_teacher_joint_fusion_6model_150k75k150k/model2_joint_delta/model2_joint_delta005_stagec_prog_unfreeze_150k75k150k_seed0
checkpoint: /home/ryreu/atlas/PracticeTagging/checkpoints/reco_teacher_joint_fusion_6model_150k75k150k/model2_joint_delta/model2_joint_delta005_stagec_prog_unfreeze_150k75k150k_seed0/offline_reconstructor.pt
split: test
unmerge_wrap_applied: True
n_jets_processed: 150000
n_masked_tokens: 4373131
action_entropy_mean: 0.353360
action_near_uniform_frac: 0.037955
action_high_peak_frac: 0.496856
clamp_logpt_hi_frac: 0.475317
clamp_logpt_lo_frac: 0.000000
clamp_loge_hi_frac: 0.051747
clamp_loge_lo_frac: 0.199809
reassign_raw_tanh_sat_frac: 0.000000
reassign_raw_tanh_sat_weighted_by_p_reassign: 0.000000
split_exist_sigmoid_sat_frac: 0.999965
split_angle_raw_tanh_sat_weighted_frac: 0.000000
merge_budget_scale_clamp_hi_frac_jets: 0.030353
merge_budget_scale_clamp_lo_frac_jets: 0.000000
merge_budget_scale_valid_jets: 150000
eff_budget_scale_clamp_hi_frac_jets: 0.000000
eff_budget_scale_clamp_lo_frac_jets: 1.000000
eff_budget_scale_valid_jets: 150000
split_total_frac_mean_token: 0.620927
split_total_frac_p95_token: 0.662165

Saved report json: /home/ryreu/atlas/PracticeTagging/checkpoints/reco_teacher_joint_fusion_6model_150k75k150k/model2_joint_delta/model2_joint_delta005_stagec_prog_unfreeze_150k75k150k_seed0/constraint_saturation/joint_auc_constraint_saturation_test.json

Done. Reports:
  checkpoints/reco_teacher_joint_fusion_6model_150k75k150k/model2_joint_delta/model2_joint_delta005_stagec_prog_unfreeze_150k75k150k_seed0/constraint_saturation/stage2_auc_constraint_saturation_test.json
  checkpoints/reco_teacher_joint_fusion_6model_150k75k150k/model2_joint_delta/model2_joint_delta005_stagec_prog_unfreeze_150k75k150k_seed0/constraint_saturation/joint_auc_constraint_saturation_test.json
