============================================================
Model-2 full A/B/C training (Hungarian + matched-token auxiliary)
Run: checkpoints/reco_teacher_joint_fusion_6model_150k75k150k/model2_joint_delta005_fulltrain_prog_unfreeze_hungarian_tokenaux/model2_joint_delta005_fulltrain_prog_unfreeze_hungarian_tokenaux_150k75k150k_seed0
Hungarian forced set mode: 1
Token-aux lambda:          0.10
Token-aux weights:         logpt=1.0, eta=0.6, phi=0.6, logE=0.25
Token-aux huber beta:      0.08
============================================================
 python offline_reconstructor_joint_dualview_stage2save_auc_norankc_nopriv_unmergeonly_hungarian_tokenaux.py --save_dir checkpoints/reco_teacher_joint_fusion_6model_150k75k150k/model2_joint_delta005_fulltrain_prog_unfreeze_hungarian_tokenaux --run_name model2_joint_delta005_fulltrain_prog_unfreeze_hungarian_tokenaux_150k75k150k_seed0 --n_train_jets 375000 --n_train_split 150000 --n_val_split 75000 --n_test_split 150000 --offset_jets 0 --max_constits 100 --num_workers 6 --seed 0 --selection_metric auc --loss_set_mode hungarian --stageC_progressive_unfreeze --stageC_unfreeze_phase1_epochs 3 --stageC_unfreeze_phase2_epochs 7 --stageC_unfreeze_last_n_encoder_layers 2 --stageC_lambda_param_anchor 0.02 --stageC_lambda_output_anchor 0.02 --stageC_anchor_decay 0.97 --stageC_lr_dual 1e-5 --stageC_lr_reco 5e-6 --lambda_reco 0.4 --lambda_cons 0.06 --loss_unselected_penalty 0.0 --loss_gen_local_radius 0.0 --stageC_lambda_delta 0.05 --stageC_delta_tau 0.05 --stageC_delta_lambda_fp 3.0 --stageC_delta_warmup_epochs 8 --added_target_scale 0.90 --save_fusion_scores --disable_final_kd --device cuda
[Hungarian-TokenAux] force_set=1 lambda=0.1 weights(logpt,eta,phi,logE)=(1,0.6,0.6,0.25) beta=0.08
Device: cuda
Save dir: checkpoints/reco_teacher_joint_fusion_6model_150k75k150k/model2_joint_delta005_fulltrain_prog_unfreeze_hungarian_tokenaux/model2_joint_delta005_fulltrain_prog_unfreeze_hungarian_tokenaux_150k75k150k_seed0
Loading offline constituents...
Generating pseudo-HLT...
Non-priv target setup: added_target_scale=0.900, mean_true_added_raw=25.116, mean_target_added=22.604
Computing features...
Split sizes: Train=150000, Val=75000, Test=150000 (custom_counts=True)
Stage-B train subset: N=150000 / 150000 (frac=1.000, seed=0)

======================================================================
STEP 1: TEACHER + BASELINE
======================================================================
Teacher ep 5: train_auc=0.9439, val_auc=0.9469, val_fpr50=0.012873, best_auc=0.9469, fpr50@best=0.012873
Teacher ep 10: train_auc=0.9509, val_auc=0.9526, val_fpr50=0.010285, best_auc=0.9526, fpr50@best=0.010285
Teacher ep 15: train_auc=0.9549, val_auc=0.9522, val_fpr50=0.011025, best_auc=0.9529, fpr50@best=0.010068
Teacher ep 20: train_auc=0.9577, val_auc=0.9480, val_fpr50=0.013272, best_auc=0.9529, fpr50@best=0.010068
Teacher ep 25: train_auc=0.9610, val_auc=0.9513, val_fpr50=0.010954, best_auc=0.9539, fpr50@best=0.009423
Teacher ep 30: train_auc=0.9652, val_auc=0.9503, val_fpr50=0.011826, best_auc=0.9539, fpr50@best=0.009423
Teacher ep 35: train_auc=0.9696, val_auc=0.9496, val_fpr50=0.011791, best_auc=0.9539, fpr50@best=0.009423
Early stopping Teacher at epoch 37
Baseline ep 5: train_auc=0.9099, val_auc=0.9027, val_fpr50=0.028200, best_auc=0.9096, fpr50@best=0.027649
Baseline ep 10: train_auc=0.9173, val_auc=0.9176, val_fpr50=0.023106, best_auc=0.9185, fpr50@best=0.021131
Baseline ep 15: train_auc=0.9211, val_auc=0.9199, val_fpr50=0.021754, best_auc=0.9207, fpr50@best=0.019859
Baseline ep 20: train_auc=0.9251, val_auc=0.9232, val_fpr50=0.020238, best_auc=0.9232, fpr50@best=0.020238
Baseline ep 25: train_auc=0.9291, val_auc=0.9231, val_fpr50=0.020397, best_auc=0.9232, fpr50@best=0.020238
Baseline ep 30: train_auc=0.9336, val_auc=0.9194, val_fpr50=0.023387, best_auc=0.9235, fpr50@best=0.020215
Baseline ep 35: train_auc=0.9383, val_auc=0.9220, val_fpr50=0.021137, best_auc=0.9235, fpr50@best=0.020215
Baseline ep 40: train_auc=0.9435, val_auc=0.9181, val_fpr50=0.023374, best_auc=0.9235, fpr50@best=0.020215
Early stopping Baseline at epoch 41
StageC weak-delta HLT reference @TPR=0.50: threshold_prob=0.920016, val_auc_hlt=0.9235

======================================================================
STEP 2: STAGE A (RECONSTRUCTOR PRETRAIN)
======================================================================
Ep 5: train_total=26.7592, val_total_unw=30.5223, val_total_w=30.5223, select=unweighted, best_sel=25.6116 | set_unw=0.8643, phys_unw=0.4641, budget_unw=45.1180, fp_mass_unw=0.0266, w_set=1.000, w_budget=0.650, w_pt=0.700, w_local=0.030, stage_scale=0.35
Ep 10: train_total=25.6736, val_total_unw=25.1291, val_total_w=25.1291, select=unweighted, best_sel=25.1291 | set_unw=0.8658, phys_unw=0.3888, budget_unw=36.9089, fp_mass_unw=0.0266, w_set=1.000, w_budget=0.650, w_pt=0.700, w_local=0.030, stage_scale=0.35
Ep 15: train_total=25.1757, val_total_unw=26.5943, val_total_w=26.5943, select=unweighted, best_sel=25.1291 | set_unw=0.8767, phys_unw=0.4281, budget_unw=39.0995, fp_mass_unw=0.0364, w_set=1.000, w_budget=0.650, w_pt=0.700, w_local=0.030, stage_scale=0.35
Ep 20: train_total=24.9121, val_total_unw=25.0317, val_total_w=25.0317, select=unweighted, best_sel=25.0317 | set_unw=0.8876, phys_unw=0.3995, budget_unw=36.7131, fp_mass_unw=0.0447, w_set=1.000, w_budget=0.650, w_pt=0.700, w_local=0.030, stage_scale=0.35
Stage-A transition -> reloaded best from phase_035 (epoch=20, val_total=25.0317)
Ep 25: train_total=22.9746, val_total_unw=24.4741, val_total_w=24.4741, select=unweighted, best_sel=23.1259 | set_unw=0.8584, phys_unw=0.3851, budget_unw=35.9123, fp_mass_unw=0.0267, w_set=1.000, w_budget=0.650, w_pt=0.700, w_local=0.030, stage_scale=0.70
Ep 30: train_total=22.8030, val_total_unw=23.5757, val_total_w=23.5757, select=unweighted, best_sel=23.0007 | set_unw=0.8610, phys_unw=0.3731, budget_unw=34.5395, fp_mass_unw=0.0270, w_set=1.000, w_budget=0.650, w_pt=0.700, w_local=0.030, stage_scale=0.70
Ep 35: train_total=22.6007, val_total_unw=23.8574, val_total_w=23.8574, select=unweighted, best_sel=22.7872 | set_unw=0.8627, phys_unw=0.3780, budget_unw=34.9638, fp_mass_unw=0.0272, w_set=1.000, w_budget=0.650, w_pt=0.700, w_local=0.030, stage_scale=0.70
Ep 40: train_total=22.4279, val_total_unw=23.0943, val_total_w=23.0943, select=unweighted, best_sel=22.7872 | set_unw=0.8586, phys_unw=0.3779, budget_unw=33.7979, fp_mass_unw=0.0261, w_set=1.000, w_budget=0.650, w_pt=0.700, w_local=0.030, stage_scale=0.70
Ep 45: train_total=22.2021, val_total_unw=24.0523, val_total_w=24.0523, select=unweighted, best_sel=22.7872 | set_unw=0.8606, phys_unw=0.3820, budget_unw=35.2632, fp_mass_unw=0.0266, w_set=1.000, w_budget=0.650, w_pt=0.700, w_local=0.030, stage_scale=0.70
Ep 50: train_total=21.9996, val_total_unw=23.1975, val_total_w=23.1975, select=unweighted, best_sel=22.5681 | set_unw=0.8524, phys_unw=0.3735, budget_unw=33.9717, fp_mass_unw=0.0258, w_set=1.000, w_budget=0.650, w_pt=0.700, w_local=0.030, stage_scale=0.70
Ep 55: train_total=21.7370, val_total_unw=23.5120, val_total_w=23.5120, select=unweighted, best_sel=22.5681 | set_unw=0.8598, phys_unw=0.3725, budget_unw=34.4444, fp_mass_unw=0.0271, w_set=1.000, w_budget=0.650, w_pt=0.700, w_local=0.030, stage_scale=0.70
Stage-A transition -> reloaded best from phase_070 (epoch=48, val_total=22.5681)
Ep 60: train_total=21.4498, val_total_unw=23.3285, val_total_w=23.3285, select=unweighted, best_sel=22.5681 | set_unw=0.8473, phys_unw=0.3668, budget_unw=34.1878, fp_mass_unw=0.0245, w_set=1.000, w_budget=0.650, w_pt=0.700, w_local=0.030, stage_scale=1.00
Ep 65: train_total=21.1429, val_total_unw=23.0299, val_total_w=23.0299, select=unweighted, best_sel=22.5681 | set_unw=0.8469, phys_unw=0.3644, budget_unw=33.7314, fp_mass_unw=0.0248, w_set=1.000, w_budget=0.650, w_pt=0.700, w_local=0.030, stage_scale=1.00
Ep 70: train_total=20.8099, val_total_unw=23.2023, val_total_w=23.2023, select=unweighted, best_sel=22.5108 | set_unw=0.8454, phys_unw=0.3597, budget_unw=34.0052, fp_mass_unw=0.0248, w_set=1.000, w_budget=0.650, w_pt=0.700, w_local=0.030, stage_scale=1.00
Ep 75: train_total=20.4495, val_total_unw=22.8225, val_total_w=22.8225, select=unweighted, best_sel=22.5108 | set_unw=0.8457, phys_unw=0.3554, budget_unw=33.4245, fp_mass_unw=0.0251, w_set=1.000, w_budget=0.650, w_pt=0.700, w_local=0.030, stage_scale=1.00
Ep 80: train_total=20.1228, val_total_unw=23.0038, val_total_w=23.0038, select=unweighted, best_sel=22.5108 | set_unw=0.8457, phys_unw=0.3570, budget_unw=33.7019, fp_mass_unw=0.0255, w_set=1.000, w_budget=0.650, w_pt=0.700, w_local=0.030, stage_scale=1.00
Early stopping reconstructor at epoch 84

======================================================================
STEP 3: STAGE B (DUAL PRETRAIN, FROZEN RECONSTRUCTOR)
======================================================================
StageB-DualPretrain ep 5: train_loss=0.3752 (cls=0.3752, rank=0.3042, reco=0.0000, cons=0.1157, delta=0.0000, d_gain=0.0000, d_cost=0.0000, anc_p=0.0000, anc_o=0.0000) | val_auc_unw=0.9132, val_fpr50_unw=0.027432, val_auc_w=nan, val_fpr50_w=nan, val_metric_source=unweighted, select=auc, best_sel=0.913215, unfreeze=frozen, reco_trainable=0, dual_frozen=False, dual_trainable=2812673
StageB-DualPretrain ep 10: train_loss=0.3599 (cls=0.3599, rank=0.3019, reco=0.0000, cons=0.1157, delta=0.0000, d_gain=0.0000, d_cost=0.0000, anc_p=0.0000, anc_o=0.0000) | val_auc_unw=0.9160, val_fpr50_unw=0.023532, val_auc_w=nan, val_fpr50_w=nan, val_metric_source=unweighted, select=auc, best_sel=0.920072, unfreeze=frozen, reco_trainable=0, dual_frozen=False, dual_trainable=2812673
StageB-DualPretrain ep 15: train_loss=0.3521 (cls=0.3521, rank=0.3026, reco=0.0000, cons=0.1157, delta=0.0000, d_gain=0.0000, d_cost=0.0000, anc_p=0.0000, anc_o=0.0000) | val_auc_unw=0.9241, val_fpr50_unw=0.019075, val_auc_w=nan, val_fpr50_w=nan, val_metric_source=unweighted, select=auc, best_sel=0.924133, unfreeze=frozen, reco_trainable=0, dual_frozen=False, dual_trainable=2812673
StageB-DualPretrain ep 20: train_loss=0.3433 (cls=0.3433, rank=0.3019, reco=0.0000, cons=0.1157, delta=0.0000, d_gain=0.0000, d_cost=0.0000, anc_p=0.0000, anc_o=0.0000) | val_auc_unw=0.9234, val_fpr50_unw=0.020418, val_auc_w=nan, val_fpr50_w=nan, val_metric_source=unweighted, select=auc, best_sel=0.924990, unfreeze=frozen, reco_trainable=0, dual_frozen=False, dual_trainable=2812673
StageB-DualPretrain ep 25: train_loss=0.3322 (cls=0.3322, rank=0.3038, reco=0.0000, cons=0.1157, delta=0.0000, d_gain=0.0000, d_cost=0.0000, anc_p=0.0000, anc_o=0.0000) | val_auc_unw=0.9247, val_fpr50_unw=0.019363, val_auc_w=nan, val_fpr50_w=nan, val_metric_source=unweighted, select=auc, best_sel=0.924990, unfreeze=frozen, reco_trainable=0, dual_frozen=False, dual_trainable=2812673
StageB-DualPretrain ep 30: train_loss=0.3215 (cls=0.3215, rank=0.3046, reco=0.0000, cons=0.1157, delta=0.0000, d_gain=0.0000, d_cost=0.0000, anc_p=0.0000, anc_o=0.0000) | val_auc_unw=0.9237, val_fpr50_unw=0.019798, val_auc_w=nan, val_fpr50_w=nan, val_metric_source=unweighted, select=auc, best_sel=0.924990, unfreeze=frozen, reco_trainable=0, dual_frozen=False, dual_trainable=2812673
Early stopping StageB-DualPretrain at epoch 31

======================================================================
STEP 4: STAGE C (JOINT FINETUNE)
======================================================================
StageC-Joint ep 1: train_loss=8.8696 (cls=0.3370, rank=0.3016, reco=20.9520, cons=0.1181, delta=0.1100, d_gain=0.1896, d_cost=0.0999, anc_p=0.0000, anc_o=7.2026) | val_auc_unw=0.9258, val_fpr50_unw=0.018325, val_auc_w=nan, val_fpr50_w=nan, val_metric_source=unweighted, select=auc, best_sel=0.925769, unfreeze=heads, reco_trainable=764058, dual_frozen=False, dual_trainable=2812673
StageC-Joint ep 2: train_loss=8.8445 (cls=0.3345, rank=0.3021, reco=20.9094, cons=0.1179, delta=0.1064, d_gain=0.1899, d_cost=0.0988, anc_p=0.0000, anc_o=7.1096) | val_auc_unw=0.9261, val_fpr50_unw=0.018091, val_auc_w=nan, val_fpr50_w=nan, val_metric_source=unweighted, select=auc, best_sel=0.926101, unfreeze=heads, reco_trainable=764058, dual_frozen=False, dual_trainable=2812673
StageC-Joint ep 3: train_loss=8.8314 (cls=0.3327, rank=0.3032, reco=20.8902, cons=0.1178, delta=0.1024, d_gain=0.1905, d_cost=0.0976, anc_p=0.0000, anc_o=7.1014) | val_auc_unw=0.9264, val_fpr50_unw=0.018142, val_auc_w=nan, val_fpr50_w=nan, val_metric_source=unweighted, select=auc, best_sel=0.926394, unfreeze=heads, reco_trainable=764058, dual_frozen=False, dual_trainable=2812673
StageC-Joint ep 4: train_loss=8.8086 (cls=0.3320, rank=0.3034, reco=20.8506, cons=0.1177, delta=0.0990, d_gain=0.1902, d_cost=0.0964, anc_p=0.0000, anc_o=6.9452) | val_auc_unw=0.9262, val_fpr50_unw=0.018252, val_auc_w=nan, val_fpr50_w=nan, val_metric_source=unweighted, select=auc, best_sel=0.926394, unfreeze=lastk, reco_trainable=2343578, dual_frozen=False, dual_trainable=2812673
StageC-Joint ep 5: train_loss=8.7976 (cls=0.3313, rank=0.3034, reco=20.8308, cons=0.1177, delta=0.0958, d_gain=0.1903, d_cost=0.0954, anc_p=0.0000, anc_o=7.0015) | val_auc_unw=0.9262, val_fpr50_unw=0.018075, val_auc_w=nan, val_fpr50_w=nan, val_metric_source=unweighted, select=auc, best_sel=0.926394, unfreeze=lastk, reco_trainable=2343578, dual_frozen=False, dual_trainable=2812673
StageC-Joint ep 6: train_loss=8.7945 (cls=0.3312, rank=0.3038, reco=20.8351, cons=0.1176, delta=0.0943, d_gain=0.1900, d_cost=0.0948, anc_p=0.0000, anc_o=6.9056) | val_auc_unw=0.9264, val_fpr50_unw=0.018010, val_auc_w=nan, val_fpr50_w=nan, val_metric_source=unweighted, select=auc, best_sel=0.926440, unfreeze=lastk, reco_trainable=2343578, dual_frozen=False, dual_trainable=2812673
StageC-Joint ep 7: train_loss=8.7872 (cls=0.3303, rank=0.3041, reco=20.8240, cons=0.1177, delta=0.0920, d_gain=0.1901, d_cost=0.0940, anc_p=0.0000, anc_o=6.9772) | val_auc_unw=0.9265, val_fpr50_unw=0.018000, val_auc_w=nan, val_fpr50_w=nan, val_metric_source=unweighted, select=auc, best_sel=0.926516, unfreeze=lastk, reco_trainable=2343578, dual_frozen=False, dual_trainable=2812673
StageC-Joint ep 8: train_loss=8.7617 (cls=0.3306, rank=0.3043, reco=20.7713, cons=0.1176, delta=0.0906, d_gain=0.1899, d_cost=0.0935, anc_p=0.0000, anc_o=6.8732) | val_auc_unw=0.9265, val_fpr50_unw=0.018170, val_auc_w=nan, val_fpr50_w=nan, val_metric_source=unweighted, select=auc, best_sel=0.926521, unfreeze=all, reco_trainable=7098018, dual_frozen=False, dual_trainable=2812673
StageC-Joint ep 9: train_loss=8.7319 (cls=0.3299, rank=0.3042, reco=20.7032, cons=0.1177, delta=0.0885, d_gain=0.1899, d_cost=0.0928, anc_p=0.0000, anc_o=6.9707) | val_auc_unw=0.9266, val_fpr50_unw=0.018276, val_auc_w=nan, val_fpr50_w=nan, val_metric_source=unweighted, select=auc, best_sel=0.926554, unfreeze=all, reco_trainable=7098018, dual_frozen=False, dual_trainable=2812673
StageC-Joint ep 10: train_loss=8.7215 (cls=0.3298, rank=0.3043, reco=20.6860, cons=0.1177, delta=0.0884, d_gain=0.1905, d_cost=0.0930, anc_p=0.0000, anc_o=6.9630) | val_auc_unw=0.9266, val_fpr50_unw=0.017991, val_auc_w=nan, val_fpr50_w=nan, val_metric_source=unweighted, select=auc, best_sel=0.926594, unfreeze=all, reco_trainable=7098018, dual_frozen=False, dual_trainable=2812673
StageC-Joint ep 11: train_loss=8.7144 (cls=0.3296, rank=0.3038, reco=20.6701, cons=0.1177, delta=0.0881, d_gain=0.1899, d_cost=0.0927, anc_p=0.0000, anc_o=7.1397) | val_auc_unw=0.9261, val_fpr50_unw=0.018089, val_auc_w=nan, val_fpr50_w=nan, val_metric_source=unweighted, select=auc, best_sel=0.926594, unfreeze=all, reco_trainable=7098018, dual_frozen=False, dual_trainable=2812673
StageC-Joint ep 12: train_loss=8.7077 (cls=0.3290, rank=0.3047, reco=20.6630, cons=0.1177, delta=0.0869, d_gain=0.1903, d_cost=0.0924, anc_p=0.0000, anc_o=7.1386) | val_auc_unw=0.9263, val_fpr50_unw=0.018101, val_auc_w=nan, val_fpr50_w=nan, val_metric_source=unweighted, select=auc, best_sel=0.926594, unfreeze=all, reco_trainable=7098018, dual_frozen=False, dual_trainable=2812673
StageC-Joint ep 13: train_loss=8.6994 (cls=0.3289, rank=0.3040, reco=20.6483, cons=0.1178, delta=0.0862, d_gain=0.1902, d_cost=0.0921, anc_p=0.0000, anc_o=7.1941) | val_auc_unw=0.9265, val_fpr50_unw=0.017865, val_auc_w=nan, val_fpr50_w=nan, val_metric_source=unweighted, select=auc, best_sel=0.926594, unfreeze=all, reco_trainable=7098018, dual_frozen=False, dual_trainable=2812673
StageC-Joint ep 14: train_loss=8.6950 (cls=0.3295, rank=0.3044, reco=20.6396, cons=0.1176, delta=0.0863, d_gain=0.1901, d_cost=0.0922, anc_p=0.0000, anc_o=7.3044) | val_auc_unw=0.9263, val_fpr50_unw=0.018082, val_auc_w=nan, val_fpr50_w=nan, val_metric_source=unweighted, select=auc, best_sel=0.926594, unfreeze=all, reco_trainable=7098018, dual_frozen=False, dual_trainable=2812673
StageC-Joint ep 15: train_loss=8.6898 (cls=0.3282, rank=0.3051, reco=20.6398, cons=0.1178, delta=0.0858, d_gain=0.1906, d_cost=0.0922, anc_p=0.0000, anc_o=7.2211) | val_auc_unw=0.9265, val_fpr50_unw=0.018144, val_auc_w=nan, val_fpr50_w=nan, val_metric_source=unweighted, select=auc, best_sel=0.926594, unfreeze=all, reco_trainable=7098018, dual_frozen=False, dual_trainable=2812673
StageC-Joint ep 16: train_loss=8.6771 (cls=0.3293, rank=0.3043, reco=20.6075, cons=0.1178, delta=0.0871, d_gain=0.1901, d_cost=0.0924, anc_p=0.0000, anc_o=7.3775) | val_auc_unw=0.9264, val_fpr50_unw=0.017943, val_auc_w=nan, val_fpr50_w=nan, val_metric_source=unweighted, select=auc, best_sel=0.926594, unfreeze=all, reco_trainable=7098018, dual_frozen=False, dual_trainable=2812673
StageC-Joint ep 17: train_loss=8.6721 (cls=0.3281, rank=0.3048, reco=20.6049, cons=0.1177, delta=0.0845, d_gain=0.1903, d_cost=0.0916, anc_p=0.0000, anc_o=7.3833) | val_auc_unw=0.9262, val_fpr50_unw=0.018229, val_auc_w=nan, val_fpr50_w=nan, val_metric_source=unweighted, select=auc, best_sel=0.926594, unfreeze=all, reco_trainable=7098018, dual_frozen=False, dual_trainable=2812673
StageC-Joint ep 18: train_loss=8.6652 (cls=0.3281, rank=0.3046, reco=20.5912, cons=0.1177, delta=0.0851, d_gain=0.1904, d_cost=0.0918, anc_p=0.0000, anc_o=7.4900) | val_auc_unw=0.9265, val_fpr50_unw=0.017988, val_auc_w=nan, val_fpr50_w=nan, val_metric_source=unweighted, select=auc, best_sel=0.926594, unfreeze=all, reco_trainable=7098018, dual_frozen=False, dual_trainable=2812673
StageC-Joint ep 19: train_loss=8.6556 (cls=0.3281, rank=0.3051, reco=20.5753, cons=0.1178, delta=0.0848, d_gain=0.1905, d_cost=0.0918, anc_p=0.0000, anc_o=7.4425) | val_auc_unw=0.9263, val_fpr50_unw=0.018044, val_auc_w=nan, val_fpr50_w=nan, val_metric_source=unweighted, select=auc, best_sel=0.926594, unfreeze=all, reco_trainable=7098018, dual_frozen=False, dual_trainable=2812673
StageC-Joint ep 20: train_loss=8.6519 (cls=0.3278, rank=0.3046, reco=20.5750, cons=0.1177, delta=0.0849, d_gain=0.1909, d_cost=0.0919, anc_p=0.0000, anc_o=7.3791) | val_auc_unw=0.9265, val_fpr50_unw=0.017974, val_auc_w=nan, val_fpr50_w=nan, val_metric_source=unweighted, select=auc, best_sel=0.926594, unfreeze=all, reco_trainable=7098018, dual_frozen=False, dual_trainable=2812673
StageC-Joint ep 21: train_loss=8.6506 (cls=0.3274, rank=0.3042, reco=20.5765, cons=0.1178, delta=0.0848, d_gain=0.1904, d_cost=0.0917, anc_p=0.0000, anc_o=7.4732) | val_auc_unw=0.9264, val_fpr50_unw=0.018152, val_auc_w=nan, val_fpr50_w=nan, val_metric_source=unweighted, select=auc, best_sel=0.926594, unfreeze=all, reco_trainable=7098018, dual_frozen=False, dual_trainable=2812673
StageC-Joint ep 22: train_loss=8.6534 (cls=0.3269, rank=0.3045, reco=20.5886, cons=0.1177, delta=0.0834, d_gain=0.1905, d_cost=0.0913, anc_p=0.0001, anc_o=7.5584) | val_auc_unw=0.9263, val_fpr50_unw=0.018167, val_auc_w=nan, val_fpr50_w=nan, val_metric_source=unweighted, select=auc, best_sel=0.926594, unfreeze=all, reco_trainable=7098018, dual_frozen=False, dual_trainable=2812673
StageC-Joint ep 23: train_loss=8.6407 (cls=0.3268, rank=0.3044, reco=20.5653, cons=0.1178, delta=0.0840, d_gain=0.1907, d_cost=0.0916, anc_p=0.0001, anc_o=7.4836) | val_auc_unw=0.9264, val_fpr50_unw=0.018021, val_auc_w=nan, val_fpr50_w=nan, val_metric_source=unweighted, select=auc, best_sel=0.926594, unfreeze=all, reco_trainable=7098018, dual_frozen=False, dual_trainable=2812673
StageC-Joint ep 24: train_loss=8.6442 (cls=0.3278, rank=0.3051, reco=20.5769, cons=0.1177, delta=0.0841, d_gain=0.1905, d_cost=0.0915, anc_p=0.0001, anc_o=7.4895) | val_auc_unw=0.9260, val_fpr50_unw=0.018004, val_auc_w=nan, val_fpr50_w=nan, val_metric_source=unweighted, select=auc, best_sel=0.926594, unfreeze=all, reco_trainable=7098018, dual_frozen=False, dual_trainable=2812673
StageC-Joint ep 25: train_loss=8.6372 (cls=0.3264, rank=0.3047, reco=20.5679, cons=0.1178, delta=0.0835, d_gain=0.1908, d_cost=0.0914, anc_p=0.0001, anc_o=7.5214) | val_auc_unw=0.9264, val_fpr50_unw=0.017973, val_auc_w=nan, val_fpr50_w=nan, val_metric_source=unweighted, select=auc, best_sel=0.926594, unfreeze=all, reco_trainable=7098018, dual_frozen=False, dual_trainable=2812673
Early stopping StageC-Joint at epoch 25

======================================================================
STEP 5: RECONSTRUCTION DIAGNOSTICS
======================================================================

Jet pT response/resolution by truth pT bin (test split):
  pT_low - pT_high | N | HLT resp | HLT reso | Corrected resp | Corrected reso
  172739.4 - 504068.9 | 18750 | 0.8681 | 0.1516 | 0.7832 | 0.1244
  504068.9 - 773424.6 | 18750 | 0.8445 | 0.1720 | 0.7083 | 0.1304
  773424.6 - 1093714.0 | 18750 | 0.8330 | 0.1869 | 0.6607 | 0.1324
  1093714.0 - 1365805.0 | 18750 | 0.8218 | 0.2022 | 0.6268 | 0.1380
  1365805.0 - 1711763.0 | 18750 | 0.8203 | 0.2056 | 0.6095 | 0.1380
  1711763.0 - 2155283.2 | 18750 | 0.8155 | 0.2123 | 0.5915 | 0.1415
  2155283.2 - 2633962.7 | 18750 | 0.8110 | 0.2225 | 0.5765 | 0.1471
  2633962.7 - 4355157.0 | 18750 | 0.7996 | 0.2295 | 0.5596 | 0.1508

Constituent-count diagnostics:
  Means: offline=54.297, hlt=29.181, reco=51.659
  MAE vs offline: hlt=25.116, reco=5.265

Budget diagnostics (test split):
  MAE: merge=5.282, eff=0.000, total=5.282
  Bias: merge=-2.170, eff=0.000, total=-2.170

======================================================================
FINAL TEST EVALUATION
======================================================================
Teacher (Offline) AUC: 0.9533
Baseline (HLT)   AUC: 0.9214
Stage2 (PreJoint) AUC: 0.9228
Stage2 (BestValFPR50) AUC: 0.9227
Joint Dual-View  AUC: 0.9248
Joint Dual-View (BestValFPR50) AUC: 0.9245

FPR@30 Teacher/Baseline/Stage2/Joint: 0.002131 / 0.005524 / 0.004804 / 0.004848
FPR@30 Stage2BestFPR / JointBestFPR: 0.005046 / 0.004817
FPR@50 Teacher/Baseline/Stage2/Joint: 0.009940 / 0.021587 / 0.020107 / 0.019558
FPR@50 Stage2BestFPR / JointBestFPR: 0.020274 / 0.019578
Saving val/test score arrays for fusion analysis...
Saved fusion score arrays to: checkpoints/reco_teacher_joint_fusion_6model_150k75k150k/model2_joint_delta005_fulltrain_prog_unfreeze_hungarian_tokenaux/model2_joint_delta005_fulltrain_prog_unfreeze_hungarian_tokenaux_150k75k150k_seed0/fusion_scores_val_test.npz

Saved joint results to: checkpoints/reco_teacher_joint_fusion_6model_150k75k150k/model2_joint_delta005_fulltrain_prog_unfreeze_hungarian_tokenaux/model2_joint_delta005_fulltrain_prog_unfreeze_hungarian_tokenaux_150k75k150k_seed0
Done: checkpoints/reco_teacher_joint_fusion_6model_150k75k150k/model2_joint_delta005_fulltrain_prog_unfreeze_hungarian_tokenaux/model2_joint_delta005_fulltrain_prog_unfreeze_hungarian_tokenaux_150k75k150k_seed0
