============================================================
Model-2 full A/B/C training (split-mass softmax reparameterization; base nonlinear unsmear)
Run: checkpoints/reco_teacher_joint_fusion_6model_150k75k150k/model2_joint_delta005_fulltrain_prog_unfreeze_splitmass_softmax/model2_joint_delta005_fulltrain_prog_unfreeze_splitmass_softmax_150k75k150k_seed0
============================================================
 python offline_reconstructor_joint_dualview_stage2save_auc_norankc_nopriv_unmergeonly_splitmass_softmax.py --save_dir checkpoints/reco_teacher_joint_fusion_6model_150k75k150k/model2_joint_delta005_fulltrain_prog_unfreeze_splitmass_softmax --run_name model2_joint_delta005_fulltrain_prog_unfreeze_splitmass_softmax_150k75k150k_seed0 --n_train_jets 375000 --n_train_split 150000 --n_val_split 75000 --n_test_split 150000 --offset_jets 0 --max_constits 100 --num_workers 6 --seed 0 --selection_metric auc --stageC_progressive_unfreeze --stageC_unfreeze_phase1_epochs 3 --stageC_unfreeze_phase2_epochs 7 --stageC_unfreeze_last_n_encoder_layers 2 --stageC_lambda_param_anchor 0.02 --stageC_lambda_output_anchor 0.02 --stageC_anchor_decay 0.97 --stageC_lr_dual 1e-5 --stageC_lr_reco 5e-6 --lambda_reco 0.4 --lambda_cons 0.06 --loss_unselected_penalty 0.0 --loss_gen_local_radius 0.0 --stageC_lambda_delta 0.05 --stageC_delta_tau 0.05 --stageC_delta_lambda_fp 3.0 --stageC_delta_warmup_epochs 8 --added_target_scale 0.90 --save_fusion_scores --disable_final_kd --device cuda
Device: cuda
Save dir: checkpoints/reco_teacher_joint_fusion_6model_150k75k150k/model2_joint_delta005_fulltrain_prog_unfreeze_splitmass_softmax/model2_joint_delta005_fulltrain_prog_unfreeze_splitmass_softmax_150k75k150k_seed0
Loading offline constituents...
Generating pseudo-HLT...
Non-priv target setup: added_target_scale=0.900, mean_true_added_raw=25.116, mean_target_added=22.604
Computing features...
Split sizes: Train=150000, Val=75000, Test=150000 (custom_counts=True)
Stage-B train subset: N=150000 / 150000 (frac=1.000, seed=0)

======================================================================
STEP 1: TEACHER + BASELINE
======================================================================
Teacher ep 5: train_auc=0.9439, val_auc=0.9469, val_fpr50=0.012873, best_auc=0.9469, fpr50@best=0.012873
Teacher ep 10: train_auc=0.9509, val_auc=0.9526, val_fpr50=0.010285, best_auc=0.9526, fpr50@best=0.010285
Teacher ep 15: train_auc=0.9549, val_auc=0.9522, val_fpr50=0.011025, best_auc=0.9529, fpr50@best=0.010068
Teacher ep 20: train_auc=0.9577, val_auc=0.9480, val_fpr50=0.013272, best_auc=0.9529, fpr50@best=0.010068
Teacher ep 25: train_auc=0.9610, val_auc=0.9513, val_fpr50=0.010954, best_auc=0.9539, fpr50@best=0.009423
Teacher ep 30: train_auc=0.9652, val_auc=0.9503, val_fpr50=0.011826, best_auc=0.9539, fpr50@best=0.009423
Teacher ep 35: train_auc=0.9696, val_auc=0.9496, val_fpr50=0.011791, best_auc=0.9539, fpr50@best=0.009423
Early stopping Teacher at epoch 37
Baseline ep 5: train_auc=0.9099, val_auc=0.9027, val_fpr50=0.028200, best_auc=0.9096, fpr50@best=0.027649
Baseline ep 10: train_auc=0.9173, val_auc=0.9176, val_fpr50=0.023106, best_auc=0.9185, fpr50@best=0.021131
Baseline ep 15: train_auc=0.9211, val_auc=0.9199, val_fpr50=0.021754, best_auc=0.9207, fpr50@best=0.019859
Baseline ep 20: train_auc=0.9251, val_auc=0.9232, val_fpr50=0.020238, best_auc=0.9232, fpr50@best=0.020238
Baseline ep 25: train_auc=0.9291, val_auc=0.9231, val_fpr50=0.020397, best_auc=0.9232, fpr50@best=0.020238
Baseline ep 30: train_auc=0.9336, val_auc=0.9194, val_fpr50=0.023387, best_auc=0.9235, fpr50@best=0.020215
Baseline ep 35: train_auc=0.9383, val_auc=0.9220, val_fpr50=0.021137, best_auc=0.9235, fpr50@best=0.020215
Baseline ep 40: train_auc=0.9435, val_auc=0.9181, val_fpr50=0.023374, best_auc=0.9235, fpr50@best=0.020215
Early stopping Baseline at epoch 41
StageC weak-delta HLT reference @TPR=0.50: threshold_prob=0.920016, val_auc_hlt=0.9235

======================================================================
STEP 2: STAGE A (RECONSTRUCTOR PRETRAIN)
======================================================================
Ep 5: train_total=26.0210, val_total_unw=28.3643, val_total_w=28.3643, select=unweighted, best_sel=24.4023 | set_unw=0.2520, phys_unw=0.2893, budget_unw=42.9981, fp_mass_unw=0.0099, w_set=1.000, w_budget=0.650, w_pt=0.700, w_local=0.030, stage_scale=0.35
Ep 10: train_total=24.8997, val_total_unw=25.7780, val_total_w=25.7780, select=unweighted, best_sel=24.4023 | set_unw=0.2477, phys_unw=0.2504, budget_unw=39.0629, fp_mass_unw=0.0101, w_set=1.000, w_budget=0.650, w_pt=0.700, w_local=0.030, stage_scale=0.35
Ep 15: train_total=24.4381, val_total_unw=26.1046, val_total_w=26.1046, select=unweighted, best_sel=24.3577 | set_unw=0.2441, phys_unw=0.2516, budget_unw=39.5697, fp_mass_unw=0.0097, w_set=1.000, w_budget=0.650, w_pt=0.700, w_local=0.030, stage_scale=0.35
Ep 20: train_total=24.1815, val_total_unw=24.7507, val_total_w=24.7507, select=unweighted, best_sel=24.3246 | set_unw=0.2424, phys_unw=0.2065, budget_unw=37.5274, fp_mass_unw=0.0094, w_set=1.000, w_budget=0.650, w_pt=0.700, w_local=0.030, stage_scale=0.35
Stage-A transition -> reloaded best from phase_035 (epoch=17, val_total=24.3246)
Ep 25: train_total=22.3618, val_total_unw=23.0837, val_total_w=23.0837, select=unweighted, best_sel=22.0479 | set_unw=0.2405, phys_unw=0.2067, budget_unw=34.9674, fp_mass_unw=0.0087, w_set=1.000, w_budget=0.650, w_pt=0.700, w_local=0.030, stage_scale=0.70
Ep 30: train_total=22.1416, val_total_unw=22.5827, val_total_w=22.5827, select=unweighted, best_sel=22.0479 | set_unw=0.2412, phys_unw=0.2053, budget_unw=34.1968, fp_mass_unw=0.0092, w_set=1.000, w_budget=0.650, w_pt=0.700, w_local=0.030, stage_scale=0.70
Ep 35: train_total=21.9647, val_total_unw=23.0526, val_total_w=23.0526, select=unweighted, best_sel=22.0479 | set_unw=0.2399, phys_unw=0.2122, budget_unw=34.9161, fp_mass_unw=0.0089, w_set=1.000, w_budget=0.650, w_pt=0.700, w_local=0.030, stage_scale=0.70
Ep 40: train_total=21.7681, val_total_unw=22.2906, val_total_w=22.2906, select=unweighted, best_sel=22.0479 | set_unw=0.2395, phys_unw=0.1946, budget_unw=33.7590, fp_mass_unw=0.0088, w_set=1.000, w_budget=0.650, w_pt=0.700, w_local=0.030, stage_scale=0.70
Ep 45: train_total=21.5764, val_total_unw=22.7072, val_total_w=22.7072, select=unweighted, best_sel=22.0479 | set_unw=0.2381, phys_unw=0.1981, budget_unw=34.3987, fp_mass_unw=0.0084, w_set=1.000, w_budget=0.650, w_pt=0.700, w_local=0.030, stage_scale=0.70
Ep 50: train_total=21.3790, val_total_unw=22.2324, val_total_w=22.2324, select=unweighted, best_sel=21.7900 | set_unw=0.2388, phys_unw=0.1849, budget_unw=33.6789, fp_mass_unw=0.0087, w_set=1.000, w_budget=0.650, w_pt=0.700, w_local=0.030, stage_scale=0.70
Ep 55: train_total=21.1579, val_total_unw=22.4763, val_total_w=22.4763, select=unweighted, best_sel=21.7900 | set_unw=0.2377, phys_unw=0.1897, budget_unw=34.0520, fp_mass_unw=0.0082, w_set=1.000, w_budget=0.650, w_pt=0.700, w_local=0.030, stage_scale=0.70
Stage-A transition -> reloaded best from phase_070 (epoch=48, val_total=21.7900)
Ep 60: train_total=20.8366, val_total_unw=22.7770, val_total_w=22.7770, select=unweighted, best_sel=21.7900 | set_unw=0.2377, phys_unw=0.2054, budget_unw=34.5016, fp_mass_unw=0.0083, w_set=1.000, w_budget=0.650, w_pt=0.700, w_local=0.030, stage_scale=1.00
Ep 65: train_total=20.5989, val_total_unw=22.1932, val_total_w=22.1932, select=unweighted, best_sel=21.7900 | set_unw=0.2374, phys_unw=0.1940, budget_unw=33.6135, fp_mass_unw=0.0083, w_set=1.000, w_budget=0.650, w_pt=0.700, w_local=0.030, stage_scale=1.00
Ep 70: train_total=20.2956, val_total_unw=22.1780, val_total_w=22.1780, select=unweighted, best_sel=21.6754 | set_unw=0.2373, phys_unw=0.1840, budget_unw=33.5981, fp_mass_unw=0.0083, w_set=1.000, w_budget=0.650, w_pt=0.700, w_local=0.030, stage_scale=1.00
Ep 75: train_total=19.9350, val_total_unw=21.8380, val_total_w=21.8380, select=unweighted, best_sel=21.6754 | set_unw=0.2379, phys_unw=0.1779, budget_unw=33.0788, fp_mass_unw=0.0083, w_set=1.000, w_budget=0.650, w_pt=0.700, w_local=0.030, stage_scale=1.00
Ep 80: train_total=19.5974, val_total_unw=22.1248, val_total_w=22.1248, select=unweighted, best_sel=21.6754 | set_unw=0.2380, phys_unw=0.1824, budget_unw=33.5162, fp_mass_unw=0.0083, w_set=1.000, w_budget=0.650, w_pt=0.700, w_local=0.030, stage_scale=1.00
Early stopping reconstructor at epoch 84

======================================================================
STEP 3: STAGE B (DUAL PRETRAIN, FROZEN RECONSTRUCTOR)
======================================================================
StageB-DualPretrain ep 5: train_loss=0.3751 (cls=0.3751, rank=0.3048, reco=0.0000, cons=0.1159, delta=0.0000, d_gain=0.0000, d_cost=0.0000, anc_p=0.0000, anc_o=0.0000) | val_auc_unw=0.9157, val_fpr50_unw=0.025756, val_auc_w=nan, val_fpr50_w=nan, val_metric_source=unweighted, select=auc, best_sel=0.915700, unfreeze=frozen, reco_trainable=0, dual_frozen=False, dual_trainable=2812673
StageB-DualPretrain ep 10: train_loss=0.3599 (cls=0.3599, rank=0.3024, reco=0.0000, cons=0.1159, delta=0.0000, d_gain=0.0000, d_cost=0.0000, anc_p=0.0000, anc_o=0.0000) | val_auc_unw=0.9201, val_fpr50_unw=0.020527, val_auc_w=nan, val_fpr50_w=nan, val_metric_source=unweighted, select=auc, best_sel=0.920449, unfreeze=frozen, reco_trainable=0, dual_frozen=False, dual_trainable=2812673
StageB-DualPretrain ep 15: train_loss=0.3518 (cls=0.3518, rank=0.3023, reco=0.0000, cons=0.1159, delta=0.0000, d_gain=0.0000, d_cost=0.0000, anc_p=0.0000, anc_o=0.0000) | val_auc_unw=0.9234, val_fpr50_unw=0.019755, val_auc_w=nan, val_fpr50_w=nan, val_metric_source=unweighted, select=auc, best_sel=0.923411, unfreeze=frozen, reco_trainable=0, dual_frozen=False, dual_trainable=2812673
StageB-DualPretrain ep 20: train_loss=0.3426 (cls=0.3426, rank=0.3025, reco=0.0000, cons=0.1159, delta=0.0000, d_gain=0.0000, d_cost=0.0000, anc_p=0.0000, anc_o=0.0000) | val_auc_unw=0.9235, val_fpr50_unw=0.019487, val_auc_w=nan, val_fpr50_w=nan, val_metric_source=unweighted, select=auc, best_sel=0.924348, unfreeze=frozen, reco_trainable=0, dual_frozen=False, dual_trainable=2812673
StageB-DualPretrain ep 25: train_loss=0.3322 (cls=0.3322, rank=0.3031, reco=0.0000, cons=0.1159, delta=0.0000, d_gain=0.0000, d_cost=0.0000, anc_p=0.0000, anc_o=0.0000) | val_auc_unw=0.9242, val_fpr50_unw=0.019658, val_auc_w=nan, val_fpr50_w=nan, val_metric_source=unweighted, select=auc, best_sel=0.924890, unfreeze=frozen, reco_trainable=0, dual_frozen=False, dual_trainable=2812673
StageB-DualPretrain ep 30: train_loss=0.3217 (cls=0.3217, rank=0.3048, reco=0.0000, cons=0.1159, delta=0.0000, d_gain=0.0000, d_cost=0.0000, anc_p=0.0000, anc_o=0.0000) | val_auc_unw=0.9238, val_fpr50_unw=0.020180, val_auc_w=nan, val_fpr50_w=nan, val_metric_source=unweighted, select=auc, best_sel=0.924890, unfreeze=frozen, reco_trainable=0, dual_frozen=False, dual_trainable=2812673
StageB-DualPretrain ep 35: train_loss=0.3117 (cls=0.3117, rank=0.3067, reco=0.0000, cons=0.1159, delta=0.0000, d_gain=0.0000, d_cost=0.0000, anc_p=0.0000, anc_o=0.0000) | val_auc_unw=0.9236, val_fpr50_unw=0.019385, val_auc_w=nan, val_fpr50_w=nan, val_metric_source=unweighted, select=auc, best_sel=0.924890, unfreeze=frozen, reco_trainable=0, dual_frozen=False, dual_trainable=2812673
Early stopping StageB-DualPretrain at epoch 35

======================================================================
STEP 4: STAGE C (JOINT FINETUNE)
======================================================================
StageC-Joint ep 1: train_loss=8.6183 (cls=0.3294, rank=0.3000, reco=20.3575, cons=0.1177, delta=0.0997, d_gain=0.1903, d_cost=0.0967, anc_p=0.0000, anc_o=6.9105) | val_auc_unw=0.9257, val_fpr50_unw=0.018586, val_auc_w=nan, val_fpr50_w=nan, val_metric_source=unweighted, select=auc, best_sel=0.925734, unfreeze=heads, reco_trainable=764058, dual_frozen=False, dual_trainable=2812673
StageC-Joint ep 2: train_loss=8.6033 (cls=0.3271, rank=0.3012, reco=20.3353, cons=0.1177, delta=0.0962, d_gain=0.1911, d_cost=0.0957, anc_p=0.0000, anc_o=6.8982) | val_auc_unw=0.9263, val_fpr50_unw=0.018461, val_auc_w=nan, val_fpr50_w=nan, val_metric_source=unweighted, select=auc, best_sel=0.926312, unfreeze=heads, reco_trainable=764058, dual_frozen=False, dual_trainable=2812673
StageC-Joint ep 3: train_loss=8.5976 (cls=0.3262, rank=0.3027, reco=20.3346, cons=0.1177, delta=0.0924, d_gain=0.1914, d_cost=0.0946, anc_p=0.0000, anc_o=6.8428) | val_auc_unw=0.9264, val_fpr50_unw=0.018411, val_auc_w=nan, val_fpr50_w=nan, val_metric_source=unweighted, select=auc, best_sel=0.926362, unfreeze=heads, reco_trainable=764058, dual_frozen=False, dual_trainable=2812673
StageC-Joint ep 4: train_loss=8.5761 (cls=0.3262, rank=0.3034, reco=20.2950, cons=0.1177, delta=0.0903, d_gain=0.1914, d_cost=0.0939, anc_p=0.0000, anc_o=6.7198) | val_auc_unw=0.9264, val_fpr50_unw=0.018294, val_auc_w=nan, val_fpr50_w=nan, val_metric_source=unweighted, select=auc, best_sel=0.926421, unfreeze=lastk, reco_trainable=2343578, dual_frozen=False, dual_trainable=2812673
StageC-Joint ep 5: train_loss=8.5602 (cls=0.3250, rank=0.3038, reco=20.2667, cons=0.1175, delta=0.0875, d_gain=0.1914, d_cost=0.0929, anc_p=0.0000, anc_o=6.7110) | val_auc_unw=0.9264, val_fpr50_unw=0.018188, val_auc_w=nan, val_fpr50_w=nan, val_metric_source=unweighted, select=auc, best_sel=0.926421, unfreeze=lastk, reco_trainable=2343578, dual_frozen=False, dual_trainable=2812673
StageC-Joint ep 6: train_loss=8.5601 (cls=0.3249, rank=0.3045, reco=20.2747, cons=0.1177, delta=0.0862, d_gain=0.1920, d_cost=0.0927, anc_p=0.0000, anc_o=6.6976) | val_auc_unw=0.9265, val_fpr50_unw=0.018415, val_auc_w=nan, val_fpr50_w=nan, val_metric_source=unweighted, select=auc, best_sel=0.926465, unfreeze=lastk, reco_trainable=2343578, dual_frozen=False, dual_trainable=2812673
StageC-Joint ep 7: train_loss=8.5432 (cls=0.3239, rank=0.3042, reco=20.2431, cons=0.1176, delta=0.0838, d_gain=0.1914, d_cost=0.0918, anc_p=0.0000, anc_o=6.6803) | val_auc_unw=0.9261, val_fpr50_unw=0.018423, val_auc_w=nan, val_fpr50_w=nan, val_metric_source=unweighted, select=auc, best_sel=0.926465, unfreeze=lastk, reco_trainable=2343578, dual_frozen=False, dual_trainable=2812673
StageC-Joint ep 8: train_loss=8.5263 (cls=0.3237, rank=0.3054, reco=20.2159, cons=0.1176, delta=0.0820, d_gain=0.1917, d_cost=0.0912, anc_p=0.0000, anc_o=6.4976) | val_auc_unw=0.9261, val_fpr50_unw=0.018379, val_auc_w=nan, val_fpr50_w=nan, val_metric_source=unweighted, select=auc, best_sel=0.926465, unfreeze=all, reco_trainable=7098018, dual_frozen=False, dual_trainable=2812673
StageC-Joint ep 9: train_loss=8.4942 (cls=0.3237, rank=0.3042, reco=20.1447, cons=0.1177, delta=0.0806, d_gain=0.1914, d_cost=0.0907, anc_p=0.0000, anc_o=6.4815) | val_auc_unw=0.9262, val_fpr50_unw=0.018325, val_auc_w=nan, val_fpr50_w=nan, val_metric_source=unweighted, select=auc, best_sel=0.926465, unfreeze=all, reco_trainable=7098018, dual_frozen=False, dual_trainable=2812673
StageC-Joint ep 10: train_loss=8.4850 (cls=0.3235, rank=0.3054, reco=20.1263, cons=0.1176, delta=0.0805, d_gain=0.1915, d_cost=0.0907, anc_p=0.0000, anc_o=6.5707) | val_auc_unw=0.9262, val_fpr50_unw=0.018441, val_auc_w=nan, val_fpr50_w=nan, val_metric_source=unweighted, select=auc, best_sel=0.926465, unfreeze=all, reco_trainable=7098018, dual_frozen=False, dual_trainable=2812673
StageC-Joint ep 11: train_loss=8.4669 (cls=0.3227, rank=0.3053, reco=20.0894, cons=0.1177, delta=0.0797, d_gain=0.1919, d_cost=0.0905, anc_p=0.0000, anc_o=6.6049) | val_auc_unw=0.9263, val_fpr50_unw=0.018397, val_auc_w=nan, val_fpr50_w=nan, val_metric_source=unweighted, select=auc, best_sel=0.926465, unfreeze=all, reco_trainable=7098018, dual_frozen=False, dual_trainable=2812673
StageC-Joint ep 12: train_loss=8.4742 (cls=0.3222, rank=0.3053, reco=20.1120, cons=0.1177, delta=0.0791, d_gain=0.1918, d_cost=0.0903, anc_p=0.0000, anc_o=6.7185) | val_auc_unw=0.9262, val_fpr50_unw=0.018549, val_auc_w=nan, val_fpr50_w=nan, val_metric_source=unweighted, select=auc, best_sel=0.926465, unfreeze=all, reco_trainable=7098018, dual_frozen=False, dual_trainable=2812673
StageC-Joint ep 13: train_loss=8.4633 (cls=0.3225, rank=0.3054, reco=20.0921, cons=0.1176, delta=0.0779, d_gain=0.1917, d_cost=0.0898, anc_p=0.0000, anc_o=6.7031) | val_auc_unw=0.9260, val_fpr50_unw=0.018683, val_auc_w=nan, val_fpr50_w=nan, val_metric_source=unweighted, select=auc, best_sel=0.926465, unfreeze=all, reco_trainable=7098018, dual_frozen=False, dual_trainable=2812673
StageC-Joint ep 14: train_loss=8.4456 (cls=0.3214, rank=0.3055, reco=20.0562, cons=0.1176, delta=0.0773, d_gain=0.1921, d_cost=0.0898, anc_p=0.0000, anc_o=6.7485) | val_auc_unw=0.9263, val_fpr50_unw=0.018382, val_auc_w=nan, val_fpr50_w=nan, val_metric_source=unweighted, select=auc, best_sel=0.926465, unfreeze=all, reco_trainable=7098018, dual_frozen=False, dual_trainable=2812673
StageC-Joint ep 15: train_loss=8.4465 (cls=0.3227, rank=0.3059, reco=20.0608, cons=0.1177, delta=0.0784, d_gain=0.1919, d_cost=0.0901, anc_p=0.0000, anc_o=6.7821) | val_auc_unw=0.9261, val_fpr50_unw=0.018515, val_auc_w=nan, val_fpr50_w=nan, val_metric_source=unweighted, select=auc, best_sel=0.926465, unfreeze=all, reco_trainable=7098018, dual_frozen=False, dual_trainable=2812673
StageC-Joint ep 16: train_loss=8.4436 (cls=0.3223, rank=0.3055, reco=20.0618, cons=0.1176, delta=0.0784, d_gain=0.1923, d_cost=0.0903, anc_p=0.0000, anc_o=6.7597) | val_auc_unw=0.9261, val_fpr50_unw=0.018486, val_auc_w=nan, val_fpr50_w=nan, val_metric_source=unweighted, select=auc, best_sel=0.926465, unfreeze=all, reco_trainable=7098018, dual_frozen=False, dual_trainable=2812673
StageC-Joint ep 17: train_loss=8.4338 (cls=0.3215, rank=0.3052, reco=20.0454, cons=0.1177, delta=0.0777, d_gain=0.1918, d_cost=0.0898, anc_p=0.0000, anc_o=6.7706) | val_auc_unw=0.9261, val_fpr50_unw=0.018657, val_auc_w=nan, val_fpr50_w=nan, val_metric_source=unweighted, select=auc, best_sel=0.926465, unfreeze=all, reco_trainable=7098018, dual_frozen=False, dual_trainable=2812673
StageC-Joint ep 18: train_loss=8.4293 (cls=0.3212, rank=0.3050, reco=20.0393, cons=0.1177, delta=0.0766, d_gain=0.1918, d_cost=0.0895, anc_p=0.0000, anc_o=6.8402) | val_auc_unw=0.9260, val_fpr50_unw=0.018672, val_auc_w=nan, val_fpr50_w=nan, val_metric_source=unweighted, select=auc, best_sel=0.926465, unfreeze=all, reco_trainable=7098018, dual_frozen=False, dual_trainable=2812673
StageC-Joint ep 19: train_loss=8.4160 (cls=0.3209, rank=0.3048, reco=20.0116, cons=0.1177, delta=0.0766, d_gain=0.1922, d_cost=0.0896, anc_p=0.0000, anc_o=6.8814) | val_auc_unw=0.9260, val_fpr50_unw=0.018827, val_auc_w=nan, val_fpr50_w=nan, val_metric_source=unweighted, select=auc, best_sel=0.926465, unfreeze=all, reco_trainable=7098018, dual_frozen=False, dual_trainable=2812673
StageC-Joint ep 20: train_loss=8.4214 (cls=0.3206, rank=0.3052, reco=20.0321, cons=0.1177, delta=0.0764, d_gain=0.1922, d_cost=0.0895, anc_p=0.0000, anc_o=6.8767) | val_auc_unw=0.9255, val_fpr50_unw=0.018853, val_auc_w=nan, val_fpr50_w=nan, val_metric_source=unweighted, select=auc, best_sel=0.926465, unfreeze=all, reco_trainable=7098018, dual_frozen=False, dual_trainable=2812673
StageC-Joint ep 21: train_loss=8.4122 (cls=0.3214, rank=0.3064, reco=20.0145, cons=0.1177, delta=0.0767, d_gain=0.1923, d_cost=0.0897, anc_p=0.0001, anc_o=6.8106) | val_auc_unw=0.9259, val_fpr50_unw=0.018672, val_auc_w=nan, val_fpr50_w=nan, val_metric_source=unweighted, select=auc, best_sel=0.926465, unfreeze=all, reco_trainable=7098018, dual_frozen=False, dual_trainable=2812673
StageC-Joint ep 22: train_loss=8.4105 (cls=0.3202, rank=0.3054, reco=20.0173, cons=0.1176, delta=0.0758, d_gain=0.1923, d_cost=0.0894, anc_p=0.0001, anc_o=6.8710) | val_auc_unw=0.9257, val_fpr50_unw=0.018787, val_auc_w=nan, val_fpr50_w=nan, val_metric_source=unweighted, select=auc, best_sel=0.926465, unfreeze=all, reco_trainable=7098018, dual_frozen=False, dual_trainable=2812673
StageC-Joint ep 23: train_loss=8.4070 (cls=0.3204, rank=0.3060, reco=20.0142, cons=0.1177, delta=0.0754, d_gain=0.1924, d_cost=0.0893, anc_p=0.0001, anc_o=6.8469) | val_auc_unw=0.9259, val_fpr50_unw=0.018798, val_auc_w=nan, val_fpr50_w=nan, val_metric_source=unweighted, select=auc, best_sel=0.926465, unfreeze=all, reco_trainable=7098018, dual_frozen=False, dual_trainable=2812673
StageC-Joint ep 24: train_loss=8.4044 (cls=0.3214, rank=0.3059, reco=20.0069, cons=0.1176, delta=0.0766, d_gain=0.1922, d_cost=0.0896, anc_p=0.0001, anc_o=6.9783) | val_auc_unw=0.9257, val_fpr50_unw=0.018841, val_auc_w=nan, val_fpr50_w=nan, val_metric_source=unweighted, select=auc, best_sel=0.926465, unfreeze=all, reco_trainable=7098018, dual_frozen=False, dual_trainable=2812673
StageC-Joint ep 25: train_loss=8.4088 (cls=0.3204, rank=0.3054, reco=20.0281, cons=0.1176, delta=0.0749, d_gain=0.1923, d_cost=0.0891, anc_p=0.0001, anc_o=6.8941) | val_auc_unw=0.9260, val_fpr50_unw=0.018765, val_auc_w=nan, val_fpr50_w=nan, val_metric_source=unweighted, select=auc, best_sel=0.926465, unfreeze=all, reco_trainable=7098018, dual_frozen=False, dual_trainable=2812673
Early stopping StageC-Joint at epoch 25

======================================================================
STEP 5: RECONSTRUCTION DIAGNOSTICS
======================================================================

Jet pT response/resolution by truth pT bin (test split):
  pT_low - pT_high | N | HLT resp | HLT reso | Corrected resp | Corrected reso
  172739.4 - 504068.9 | 18750 | 0.8681 | 0.1516 | 1.0111 | 0.1610
  504068.9 - 773424.6 | 18750 | 0.8445 | 0.1720 | 0.9530 | 0.1793
  773424.6 - 1093714.0 | 18750 | 0.8330 | 0.1869 | 0.9156 | 0.1888
  1093714.0 - 1365805.0 | 18750 | 0.8218 | 0.2022 | 0.8862 | 0.2015
  1365805.0 - 1711763.0 | 18750 | 0.8203 | 0.2056 | 0.8728 | 0.2034
  1711763.0 - 2155283.2 | 18750 | 0.8155 | 0.2123 | 0.8573 | 0.2101
  2155283.2 - 2633962.7 | 18750 | 0.8110 | 0.2225 | 0.8438 | 0.2200
  2633962.7 - 4355157.0 | 18750 | 0.7996 | 0.2295 | 0.8250 | 0.2266

Constituent-count diagnostics:
  Means: offline=54.297, hlt=29.181, reco=51.695
  MAE vs offline: hlt=25.116, reco=5.287

Budget diagnostics (test split):
  MAE: merge=5.259, eff=0.000, total=5.259
  Bias: merge=-2.158, eff=0.000, total=-2.158

======================================================================
FINAL TEST EVALUATION
======================================================================
Teacher (Offline) AUC: 0.9533
Baseline (HLT)   AUC: 0.9214
Stage2 (PreJoint) AUC: 0.9227
Stage2 (BestValFPR50) AUC: 0.9219
Joint Dual-View  AUC: 0.9247
Joint Dual-View (BestValFPR50) AUC: 0.9246

FPR@30 Teacher/Baseline/Stage2/Joint: 0.002131 / 0.005524 / 0.005038 / 0.004828
FPR@30 Stage2BestFPR / JointBestFPR: 0.005318 / 0.004888
FPR@50 Teacher/Baseline/Stage2/Joint: 0.009940 / 0.021587 / 0.020642 / 0.019273
FPR@50 Stage2BestFPR / JointBestFPR: 0.019820 / 0.019476
Saving val/test score arrays for fusion analysis...
Saved fusion score arrays to: checkpoints/reco_teacher_joint_fusion_6model_150k75k150k/model2_joint_delta005_fulltrain_prog_unfreeze_splitmass_softmax/model2_joint_delta005_fulltrain_prog_unfreeze_splitmass_softmax_150k75k150k_seed0/fusion_scores_val_test.npz

Saved joint results to: checkpoints/reco_teacher_joint_fusion_6model_150k75k150k/model2_joint_delta005_fulltrain_prog_unfreeze_splitmass_softmax/model2_joint_delta005_fulltrain_prog_unfreeze_splitmass_softmax_150k75k150k_seed0
Done: checkpoints/reco_teacher_joint_fusion_6model_150k75k150k/model2_joint_delta005_fulltrain_prog_unfreeze_splitmass_softmax/model2_joint_delta005_fulltrain_prog_unfreeze_splitmass_softmax_150k75k150k_seed0
