============================================================
Model-2 full A/B/C training (TRUE POSTERIOR reconstructor + learned posterior aggregation)
Run: checkpoints/reco_teacher_joint_fusion_6model_150k75k150k/model2_joint_delta005_fulltrain_prog_unfreeze_trueposterior/model2_joint_delta005_fulltrain_prog_unfreeze_trueposterior_150k75k150k_seed0
Posterior K=3, mode_dim=32, token_hidden=192
Assign tau=0.30, stageA cal/div/ent=0.03/0.02/0.01
Joint cal/div/ent=0.00/0.00/0.00
Gate hidden/dropout/prior=48/0.05/0.70
============================================================
 python offline_reconstructor_joint_dualview_stage2save_auc_norankc_nopriv_unmergeonly_trueposterior.py --save_dir checkpoints/reco_teacher_joint_fusion_6model_150k75k150k/model2_joint_delta005_fulltrain_prog_unfreeze_trueposterior --run_name model2_joint_delta005_fulltrain_prog_unfreeze_trueposterior_150k75k150k_seed0 --n_train_jets 375000 --n_train_split 150000 --n_val_split 75000 --n_test_split 150000 --offset_jets 0 --max_constits 100 --num_workers 6 --seed 0 --selection_metric auc --stageC_progressive_unfreeze --stageC_unfreeze_phase1_epochs 3 --stageC_unfreeze_phase2_epochs 7 --stageC_unfreeze_last_n_encoder_layers 2 --stageC_lambda_param_anchor 0.02 --stageC_lambda_output_anchor 0.02 --stageC_anchor_decay 0.97 --stageC_lr_dual 1e-5 --stageC_lr_reco 5e-6 --lambda_reco 0.4 --lambda_cons 0.06 --loss_unselected_penalty 0.0 --loss_gen_local_radius 0.0 --stageC_lambda_delta 0.05 --stageC_delta_tau 0.05 --stageC_delta_lambda_fp 3.0 --stageC_delta_warmup_epochs 8 --added_target_scale 0.90 --save_fusion_scores --disable_final_kd --device cuda
[TruePosterior] enabled (K=3, mode_dim=32, token_hidden=192, assign_tau=0.300, w_cal_stageA=0.0300, w_div_stageA=0.0200, w_ent_stageA=0.0100, w_cal_joint=0.0000, w_div_joint=0.0000, w_ent_joint=0.0000, gate_hidden=48, gate_drop=0.050, prior_scale=0.700)
Device: cuda
Save dir: checkpoints/reco_teacher_joint_fusion_6model_150k75k150k/model2_joint_delta005_fulltrain_prog_unfreeze_trueposterior/model2_joint_delta005_fulltrain_prog_unfreeze_trueposterior_150k75k150k_seed0
Loading offline constituents...
Generating pseudo-HLT...
Non-priv target setup: added_target_scale=0.900, mean_true_added_raw=25.116, mean_target_added=22.604
Computing features...
Split sizes: Train=150000, Val=75000, Test=150000 (custom_counts=True)
Stage-B train subset: N=150000 / 150000 (frac=1.000, seed=0)

======================================================================
STEP 1: TEACHER + BASELINE
======================================================================
Teacher ep 5: train_auc=0.9439, val_auc=0.9469, val_fpr50=0.012873, best_auc=0.9469, fpr50@best=0.012873
Teacher ep 10: train_auc=0.9509, val_auc=0.9526, val_fpr50=0.010285, best_auc=0.9526, fpr50@best=0.010285
Teacher ep 15: train_auc=0.9549, val_auc=0.9522, val_fpr50=0.011025, best_auc=0.9529, fpr50@best=0.010068
Teacher ep 20: train_auc=0.9577, val_auc=0.9480, val_fpr50=0.013272, best_auc=0.9529, fpr50@best=0.010068
Teacher ep 25: train_auc=0.9610, val_auc=0.9513, val_fpr50=0.010954, best_auc=0.9539, fpr50@best=0.009423
Teacher ep 30: train_auc=0.9652, val_auc=0.9503, val_fpr50=0.011826, best_auc=0.9539, fpr50@best=0.009423
Teacher ep 35: train_auc=0.9696, val_auc=0.9496, val_fpr50=0.011791, best_auc=0.9539, fpr50@best=0.009423
Early stopping Teacher at epoch 37
Baseline ep 5: train_auc=0.9099, val_auc=0.9027, val_fpr50=0.028200, best_auc=0.9096, fpr50@best=0.027649
Baseline ep 10: train_auc=0.9173, val_auc=0.9176, val_fpr50=0.023106, best_auc=0.9185, fpr50@best=0.021131
Baseline ep 15: train_auc=0.9211, val_auc=0.9199, val_fpr50=0.021754, best_auc=0.9207, fpr50@best=0.019859
Baseline ep 20: train_auc=0.9251, val_auc=0.9232, val_fpr50=0.020238, best_auc=0.9232, fpr50@best=0.020238
Baseline ep 25: train_auc=0.9291, val_auc=0.9231, val_fpr50=0.020397, best_auc=0.9232, fpr50@best=0.020238
Baseline ep 30: train_auc=0.9336, val_auc=0.9194, val_fpr50=0.023387, best_auc=0.9235, fpr50@best=0.020215
Baseline ep 35: train_auc=0.9383, val_auc=0.9220, val_fpr50=0.021137, best_auc=0.9235, fpr50@best=0.020215
Baseline ep 40: train_auc=0.9435, val_auc=0.9181, val_fpr50=0.023374, best_auc=0.9235, fpr50@best=0.020215
Early stopping Baseline at epoch 41
StageC weak-delta HLT reference @TPR=0.50: threshold_prob=0.920016, val_auc_hlt=0.9235

======================================================================
STEP 2: STAGE A (RECONSTRUCTOR PRETRAIN)
======================================================================
Ep 5: train_total=26.8957, val_total_unw=27.1010, val_total_w=27.1010, select=unweighted, best_sel=26.9568 | set_unw=1.0520, phys_unw=0.6847, budget_unw=39.2165, fp_mass_unw=0.0464, w_set=1.000, w_budget=0.650, w_pt=0.700, w_local=0.030, stage_scale=0.35
Ep 10: train_total=25.6353, val_total_unw=25.8795, val_total_w=25.8795, select=unweighted, best_sel=25.8795 | set_unw=1.0198, phys_unw=0.7070, budget_unw=37.3548, fp_mass_unw=0.0285, w_set=1.000, w_budget=0.650, w_pt=0.700, w_local=0.030, stage_scale=0.35
Ep 15: train_total=25.1718, val_total_unw=26.2081, val_total_w=26.2081, select=unweighted, best_sel=25.2765 | set_unw=1.0199, phys_unw=0.7009, budget_unw=37.8684, fp_mass_unw=0.0287, w_set=1.000, w_budget=0.650, w_pt=0.700, w_local=0.030, stage_scale=0.35
Ep 20: train_total=24.9023, val_total_unw=26.7754, val_total_w=26.7754, select=unweighted, best_sel=25.2045 | set_unw=1.0210, phys_unw=0.7022, budget_unw=38.7378, fp_mass_unw=0.0303, w_set=1.000, w_budget=0.650, w_pt=0.700, w_local=0.030, stage_scale=0.35
Stage-A transition -> reloaded best from phase_035 (epoch=18, val_total=25.2045)
Ep 25: train_total=23.2380, val_total_unw=24.3360, val_total_w=24.3360, select=unweighted, best_sel=23.4852 | set_unw=0.9571, phys_unw=0.6545, budget_unw=35.1204, fp_mass_unw=0.0205, w_set=1.000, w_budget=0.650, w_pt=0.700, w_local=0.030, stage_scale=0.70
Ep 30: train_total=22.9358, val_total_unw=24.3482, val_total_w=24.3482, select=unweighted, best_sel=23.4029 | set_unw=0.9584, phys_unw=0.6576, budget_unw=35.1319, fp_mass_unw=0.0216, w_set=1.000, w_budget=0.650, w_pt=0.700, w_local=0.030, stage_scale=0.70
Ep 35: train_total=22.7364, val_total_unw=23.6755, val_total_w=23.6755, select=unweighted, best_sel=23.0345 | set_unw=0.9615, phys_unw=0.6504, budget_unw=34.1040, fp_mass_unw=0.0212, w_set=1.000, w_budget=0.650, w_pt=0.700, w_local=0.030, stage_scale=0.70
Ep 40: train_total=22.5636, val_total_unw=23.3587, val_total_w=23.3587, select=unweighted, best_sel=22.9337 | set_unw=0.9590, phys_unw=0.6512, budget_unw=33.6198, fp_mass_unw=0.0209, w_set=1.000, w_budget=0.650, w_pt=0.700, w_local=0.030, stage_scale=0.70
Ep 45: train_total=22.3906, val_total_unw=24.1296, val_total_w=24.1296, select=unweighted, best_sel=22.9337 | set_unw=0.9605, phys_unw=0.6552, budget_unw=34.7965, fp_mass_unw=0.0219, w_set=1.000, w_budget=0.650, w_pt=0.700, w_local=0.030, stage_scale=0.70
Ep 50: train_total=22.2207, val_total_unw=23.0639, val_total_w=23.0639, select=unweighted, best_sel=22.9337 | set_unw=0.9551, phys_unw=0.6505, budget_unw=33.1719, fp_mass_unw=0.0207, w_set=1.000, w_budget=0.650, w_pt=0.700, w_local=0.030, stage_scale=0.70
Ep 55: train_total=21.9910, val_total_unw=23.5304, val_total_w=23.5304, select=unweighted, best_sel=22.9337 | set_unw=0.9542, phys_unw=0.6538, budget_unw=33.8858, fp_mass_unw=0.0205, w_set=1.000, w_budget=0.650, w_pt=0.700, w_local=0.030, stage_scale=0.70
Stage-A transition -> reloaded best from phase_070 (epoch=36, val_total=22.9337)
Ep 60: train_total=22.0948, val_total_unw=22.5296, val_total_w=22.5296, select=unweighted, best_sel=22.5296 | set_unw=0.9269, phys_unw=0.6361, budget_unw=32.4039, fp_mass_unw=0.0154, w_set=1.000, w_budget=0.650, w_pt=0.700, w_local=0.030, stage_scale=1.00
Ep 65: train_total=21.8994, val_total_unw=22.9338, val_total_w=22.9338, select=unweighted, best_sel=22.4447 | set_unw=0.9243, phys_unw=0.6426, budget_unw=33.0196, fp_mass_unw=0.0151, w_set=1.000, w_budget=0.650, w_pt=0.700, w_local=0.030, stage_scale=1.00
Ep 70: train_total=21.7141, val_total_unw=22.4554, val_total_w=22.4554, select=unweighted, best_sel=22.4447 | set_unw=0.9268, phys_unw=0.6389, budget_unw=32.2860, fp_mass_unw=0.0157, w_set=1.000, w_budget=0.650, w_pt=0.700, w_local=0.030, stage_scale=1.00
Ep 75: train_total=21.4744, val_total_unw=22.8254, val_total_w=22.8254, select=unweighted, best_sel=22.4447 | set_unw=0.9222, phys_unw=0.6438, budget_unw=32.8530, fp_mass_unw=0.0159, w_set=1.000, w_budget=0.650, w_pt=0.700, w_local=0.030, stage_scale=1.00
Ep 80: train_total=21.1907, val_total_unw=22.5595, val_total_w=22.5595, select=unweighted, best_sel=22.4447 | set_unw=0.9244, phys_unw=0.6393, budget_unw=32.4488, fp_mass_unw=0.0158, w_set=1.000, w_budget=0.650, w_pt=0.700, w_local=0.030, stage_scale=1.00
Early stopping reconstructor at epoch 82

======================================================================
STEP 3: STAGE B (DUAL PRETRAIN, FROZEN RECONSTRUCTOR)
======================================================================
StageB-DualPretrain ep 5: train_loss=0.3680 (cls=0.3680, rank=0.3039, reco=0.0000, cons=0.1111, delta=0.0000, d_gain=0.0000, d_cost=0.0000, anc_p=0.0000, anc_o=0.0000) | val_auc_unw=0.9112, val_fpr50_unw=0.025338, val_auc_w=nan, val_fpr50_w=nan, val_metric_source=unweighted, select=auc, best_sel=0.917731, unfreeze=frozen, reco_trainable=0, dual_frozen=False, dual_trainable=2813396
StageB-DualPretrain ep 10: train_loss=0.3543 (cls=0.3543, rank=0.3039, reco=0.0000, cons=0.1111, delta=0.0000, d_gain=0.0000, d_cost=0.0000, anc_p=0.0000, anc_o=0.0000) | val_auc_unw=0.9220, val_fpr50_unw=0.020681, val_auc_w=nan, val_fpr50_w=nan, val_metric_source=unweighted, select=auc, best_sel=0.921955, unfreeze=frozen, reco_trainable=0, dual_frozen=False, dual_trainable=2813396
StageB-DualPretrain ep 15: train_loss=0.3450 (cls=0.3450, rank=0.3038, reco=0.0000, cons=0.1111, delta=0.0000, d_gain=0.0000, d_cost=0.0000, anc_p=0.0000, anc_o=0.0000) | val_auc_unw=0.9228, val_fpr50_unw=0.018908, val_auc_w=nan, val_fpr50_w=nan, val_metric_source=unweighted, select=auc, best_sel=0.922760, unfreeze=frozen, reco_trainable=0, dual_frozen=False, dual_trainable=2813396
StageB-DualPretrain ep 20: train_loss=0.3346 (cls=0.3346, rank=0.3033, reco=0.0000, cons=0.1111, delta=0.0000, d_gain=0.0000, d_cost=0.0000, anc_p=0.0000, anc_o=0.0000) | val_auc_unw=0.9237, val_fpr50_unw=0.018475, val_auc_w=nan, val_fpr50_w=nan, val_metric_source=unweighted, select=auc, best_sel=0.923763, unfreeze=frozen, reco_trainable=0, dual_frozen=False, dual_trainable=2813396
StageB-DualPretrain ep 25: train_loss=0.3212 (cls=0.3212, rank=0.3048, reco=0.0000, cons=0.1111, delta=0.0000, d_gain=0.0000, d_cost=0.0000, anc_p=0.0000, anc_o=0.0000) | val_auc_unw=0.9222, val_fpr50_unw=0.020300, val_auc_w=nan, val_fpr50_w=nan, val_metric_source=unweighted, select=auc, best_sel=0.923763, unfreeze=frozen, reco_trainable=0, dual_frozen=False, dual_trainable=2813396
Early stopping StageB-DualPretrain at epoch 28

======================================================================
STEP 4: STAGE C (JOINT FINETUNE)
======================================================================
StageC-Joint ep 1: train_loss=9.1497 (cls=0.3328, rank=0.2985, reco=21.7200, cons=0.1132, delta=0.0994, d_gain=0.1855, d_cost=0.0950, anc_p=0.0000, anc_o=6.0758) | val_auc_unw=0.9251, val_fpr50_unw=0.018315, val_auc_w=nan, val_fpr50_w=nan, val_metric_source=unweighted, select=auc, best_sel=0.925129, unfreeze=heads, reco_trainable=774050, dual_frozen=False, dual_trainable=2813396
StageC-Joint ep 2: train_loss=9.1328 (cls=0.3296, rank=0.3023, reco=21.6926, cons=0.1128, delta=0.1005, d_gain=0.1894, d_cost=0.0967, anc_p=0.0000, anc_o=6.0862) | val_auc_unw=0.9257, val_fpr50_unw=0.017946, val_auc_w=nan, val_fpr50_w=nan, val_metric_source=unweighted, select=auc, best_sel=0.925714, unfreeze=heads, reco_trainable=774050, dual_frozen=False, dual_trainable=2813396
StageC-Joint ep 3: train_loss=9.1130 (cls=0.3277, rank=0.3034, reco=21.6565, cons=0.1127, delta=0.0970, d_gain=0.1902, d_cost=0.0957, anc_p=0.0000, anc_o=6.0638) | val_auc_unw=0.9254, val_fpr50_unw=0.018732, val_auc_w=nan, val_fpr50_w=nan, val_metric_source=unweighted, select=auc, best_sel=0.925714, unfreeze=heads, reco_trainable=774050, dual_frozen=False, dual_trainable=2813396
StageC-Joint ep 4: train_loss=9.1128 (cls=0.3274, rank=0.3045, reco=21.6601, cons=0.1128, delta=0.0937, d_gain=0.1908, d_cost=0.0948, anc_p=0.0000, anc_o=6.1483) | val_auc_unw=0.9257, val_fpr50_unw=0.018470, val_auc_w=nan, val_fpr50_w=nan, val_metric_source=unweighted, select=auc, best_sel=0.925722, unfreeze=lastk, reco_trainable=2353570, dual_frozen=False, dual_trainable=2813396
StageC-Joint ep 5: train_loss=9.1022 (cls=0.3264, rank=0.3051, reco=21.6475, cons=0.1129, delta=0.0910, d_gain=0.1908, d_cost=0.0939, anc_p=0.0000, anc_o=6.0574) | val_auc_unw=0.9253, val_fpr50_unw=0.019048, val_auc_w=nan, val_fpr50_w=nan, val_metric_source=unweighted, select=auc, best_sel=0.925722, unfreeze=lastk, reco_trainable=2353570, dual_frozen=False, dual_trainable=2813396
StageC-Joint ep 6: train_loss=9.0892 (cls=0.3262, rank=0.3058, reco=21.6205, cons=0.1129, delta=0.0878, d_gain=0.1908, d_cost=0.0929, anc_p=0.0000, anc_o=6.0992) | val_auc_unw=0.9250, val_fpr50_unw=0.018985, val_auc_w=nan, val_fpr50_w=nan, val_metric_source=unweighted, select=auc, best_sel=0.925722, unfreeze=lastk, reco_trainable=2353570, dual_frozen=False, dual_trainable=2813396
StageC-Joint ep 7: train_loss=9.0850 (cls=0.3259, rank=0.3059, reco=21.6143, cons=0.1131, delta=0.0867, d_gain=0.1907, d_cost=0.0925, anc_p=0.0000, anc_o=6.1734) | val_auc_unw=0.9257, val_fpr50_unw=0.018736, val_auc_w=nan, val_fpr50_w=nan, val_metric_source=unweighted, select=auc, best_sel=0.925722, unfreeze=lastk, reco_trainable=2353570, dual_frozen=False, dual_trainable=2813396
