============================================================
Model-2 full A/B/C training (multi-hyp learned aggregation + reco soft-min)
Run: checkpoints/reco_teacher_joint_fusion_6model_150k75k150k/model2_joint_delta005_fulltrain_prog_unfreeze_multihyp_learned/model2_joint_delta005_fulltrain_prog_unfreeze_multihyp_learned_150k75k150k_seed0
Hypothesis temps: 0.75,1.00,1.25
Reco soft-min tau: 0.05
Gate hidden/dropout: 32/0.05
============================================================
 python offline_reconstructor_joint_dualview_stage2save_auc_norankc_nopriv_unmergeonly_multihyp_learned.py --save_dir checkpoints/reco_teacher_joint_fusion_6model_150k75k150k/model2_joint_delta005_fulltrain_prog_unfreeze_multihyp_learned --run_name model2_joint_delta005_fulltrain_prog_unfreeze_multihyp_learned_150k75k150k_seed0 --n_train_jets 375000 --n_train_split 150000 --n_val_split 75000 --n_test_split 150000 --offset_jets 0 --max_constits 100 --num_workers 6 --seed 0 --selection_metric auc --stageC_progressive_unfreeze --stageC_unfreeze_phase1_epochs 3 --stageC_unfreeze_phase2_epochs 7 --stageC_unfreeze_last_n_encoder_layers 2 --stageC_lambda_param_anchor 0.02 --stageC_lambda_output_anchor 0.02 --stageC_anchor_decay 0.97 --stageC_lr_dual 1e-5 --stageC_lr_reco 5e-6 --lambda_reco 0.4 --lambda_cons 0.06 --loss_unselected_penalty 0.0 --loss_gen_local_radius 0.0 --stageC_lambda_delta 0.05 --stageC_delta_tau 0.05 --stageC_delta_lambda_fp 3.0 --stageC_delta_warmup_epochs 8 --added_target_scale 0.90 --save_fusion_scores --disable_final_kd --device cuda
[MultiHypLearned] enabled (temps=0.750,1.000,1.250, reco_softmin_tau=0.0500, gate_hidden=32, gate_dropout=0.050)
Device: cuda
Save dir: checkpoints/reco_teacher_joint_fusion_6model_150k75k150k/model2_joint_delta005_fulltrain_prog_unfreeze_multihyp_learned/model2_joint_delta005_fulltrain_prog_unfreeze_multihyp_learned_150k75k150k_seed0
Loading offline constituents...
Generating pseudo-HLT...
Non-priv target setup: added_target_scale=0.900, mean_true_added_raw=25.116, mean_target_added=22.604
Computing features...
Split sizes: Train=150000, Val=75000, Test=150000 (custom_counts=True)
Stage-B train subset: N=150000 / 150000 (frac=1.000, seed=0)

======================================================================
STEP 1: TEACHER + BASELINE
======================================================================
Teacher ep 5: train_auc=0.9439, val_auc=0.9469, val_fpr50=0.012873, best_auc=0.9469, fpr50@best=0.012873
Teacher ep 10: train_auc=0.9509, val_auc=0.9526, val_fpr50=0.010285, best_auc=0.9526, fpr50@best=0.010285
Teacher ep 15: train_auc=0.9549, val_auc=0.9522, val_fpr50=0.011025, best_auc=0.9529, fpr50@best=0.010068
Teacher ep 20: train_auc=0.9577, val_auc=0.9480, val_fpr50=0.013272, best_auc=0.9529, fpr50@best=0.010068
Teacher ep 25: train_auc=0.9610, val_auc=0.9513, val_fpr50=0.010954, best_auc=0.9539, fpr50@best=0.009423
Teacher ep 30: train_auc=0.9652, val_auc=0.9503, val_fpr50=0.011826, best_auc=0.9539, fpr50@best=0.009423
Teacher ep 35: train_auc=0.9696, val_auc=0.9496, val_fpr50=0.011791, best_auc=0.9539, fpr50@best=0.009423
Early stopping Teacher at epoch 37
Baseline ep 5: train_auc=0.9099, val_auc=0.9027, val_fpr50=0.028200, best_auc=0.9096, fpr50@best=0.027649
Baseline ep 10: train_auc=0.9173, val_auc=0.9176, val_fpr50=0.023106, best_auc=0.9185, fpr50@best=0.021131
Baseline ep 15: train_auc=0.9211, val_auc=0.9199, val_fpr50=0.021754, best_auc=0.9207, fpr50@best=0.019859
Baseline ep 20: train_auc=0.9251, val_auc=0.9232, val_fpr50=0.020238, best_auc=0.9232, fpr50@best=0.020238
Baseline ep 25: train_auc=0.9291, val_auc=0.9231, val_fpr50=0.020397, best_auc=0.9232, fpr50@best=0.020238
Baseline ep 30: train_auc=0.9336, val_auc=0.9194, val_fpr50=0.023387, best_auc=0.9235, fpr50@best=0.020215
Baseline ep 35: train_auc=0.9383, val_auc=0.9220, val_fpr50=0.021137, best_auc=0.9235, fpr50@best=0.020215
Baseline ep 40: train_auc=0.9435, val_auc=0.9181, val_fpr50=0.023374, best_auc=0.9235, fpr50@best=0.020215
Early stopping Baseline at epoch 41
StageC weak-delta HLT reference @TPR=0.50: threshold_prob=0.920016, val_auc_hlt=0.9235

======================================================================
STEP 2: STAGE A (RECONSTRUCTOR PRETRAIN)
======================================================================
Ep 5: train_total=26.2211, val_total_unw=26.1881, val_total_w=26.1881, select=unweighted, best_sel=24.6782 | set_unw=0.3661, phys_unw=0.4659, budget_unw=39.2780, fp_mass_unw=0.0175, w_set=1.000, w_budget=0.650, w_pt=0.700, w_local=0.030, stage_scale=0.35
Ep 10: train_total=25.1204, val_total_unw=24.6997, val_total_w=24.6997, select=unweighted, best_sel=24.6782 | set_unw=0.3651, phys_unw=0.4421, budget_unw=37.0089, fp_mass_unw=0.0169, w_set=1.000, w_budget=0.650, w_pt=0.700, w_local=0.030, stage_scale=0.35
Ep 15: train_total=24.6838, val_total_unw=26.1558, val_total_w=26.1558, select=unweighted, best_sel=24.2956 | set_unw=0.3577, phys_unw=0.4759, budget_unw=39.2445, fp_mass_unw=0.0162, w_set=1.000, w_budget=0.650, w_pt=0.700, w_local=0.030, stage_scale=0.35
Ep 20: train_total=24.3826, val_total_unw=24.4954, val_total_w=24.4954, select=unweighted, best_sel=24.0558 | set_unw=0.3654, phys_unw=0.4263, budget_unw=36.7335, fp_mass_unw=0.0170, w_set=1.000, w_budget=0.650, w_pt=0.700, w_local=0.030, stage_scale=0.35
Stage-A transition -> reloaded best from phase_035 (epoch=17, val_total=24.0558)
Ep 25: train_total=22.5331, val_total_unw=24.0960, val_total_w=24.0960, select=unweighted, best_sel=22.2447 | set_unw=0.3662, phys_unw=0.4259, budget_unw=36.1298, fp_mass_unw=0.0177, w_set=1.000, w_budget=0.650, w_pt=0.700, w_local=0.030, stage_scale=0.70
Ep 30: train_total=22.3370, val_total_unw=22.7935, val_total_w=22.7935, select=unweighted, best_sel=22.2447 | set_unw=0.3619, phys_unw=0.4106, budget_unw=34.1352, fp_mass_unw=0.0165, w_set=1.000, w_budget=0.650, w_pt=0.700, w_local=0.030, stage_scale=0.70
Ep 35: train_total=22.1489, val_total_unw=22.9747, val_total_w=22.9747, select=unweighted, best_sel=22.2447 | set_unw=0.3629, phys_unw=0.4210, budget_unw=34.4122, fp_mass_unw=0.0164, w_set=1.000, w_budget=0.650, w_pt=0.700, w_local=0.030, stage_scale=0.70
Ep 40: train_total=21.9658, val_total_unw=22.6502, val_total_w=22.6502, select=unweighted, best_sel=22.2447 | set_unw=0.3629, phys_unw=0.4109, budget_unw=33.9337, fp_mass_unw=0.0164, w_set=1.000, w_budget=0.650, w_pt=0.700, w_local=0.030, stage_scale=0.70
Ep 45: train_total=21.7709, val_total_unw=22.9633, val_total_w=22.9633, select=unweighted, best_sel=22.2447 | set_unw=0.3615, phys_unw=0.4125, budget_unw=34.4183, fp_mass_unw=0.0160, w_set=1.000, w_budget=0.650, w_pt=0.700, w_local=0.030, stage_scale=0.70
Ep 50: train_total=21.5807, val_total_unw=22.5332, val_total_w=22.5332, select=unweighted, best_sel=22.0290 | set_unw=0.3596, phys_unw=0.4066, budget_unw=33.7505, fp_mass_unw=0.0155, w_set=1.000, w_budget=0.650, w_pt=0.700, w_local=0.030, stage_scale=0.70
Ep 55: train_total=21.3572, val_total_unw=22.8445, val_total_w=22.8445, select=unweighted, best_sel=22.0290 | set_unw=0.3611, phys_unw=0.4051, budget_unw=34.2385, fp_mass_unw=0.0162, w_set=1.000, w_budget=0.650, w_pt=0.700, w_local=0.030, stage_scale=0.70
Stage-A transition -> reloaded best from phase_070 (epoch=48, val_total=22.0290)
Ep 60: train_total=21.0463, val_total_unw=22.7267, val_total_w=22.7267, select=unweighted, best_sel=22.0290 | set_unw=0.3571, phys_unw=0.4187, budget_unw=34.0533, fp_mass_unw=0.0154, w_set=1.000, w_budget=0.650, w_pt=0.700, w_local=0.030, stage_scale=1.00
Ep 65: train_total=20.8046, val_total_unw=22.4961, val_total_w=22.4961, select=unweighted, best_sel=22.0290 | set_unw=0.3609, phys_unw=0.4088, budget_unw=33.7065, fp_mass_unw=0.0162, w_set=1.000, w_budget=0.650, w_pt=0.700, w_local=0.030, stage_scale=1.00
Ep 70: train_total=20.4984, val_total_unw=22.4909, val_total_w=22.4909, select=unweighted, best_sel=22.0275 | set_unw=0.3586, phys_unw=0.4037, budget_unw=33.7056, fp_mass_unw=0.0157, w_set=1.000, w_budget=0.650, w_pt=0.700, w_local=0.030, stage_scale=1.00
Ep 75: train_total=20.1339, val_total_unw=22.1877, val_total_w=22.1877, select=unweighted, best_sel=22.0275 | set_unw=0.3599, phys_unw=0.3951, budget_unw=33.2445, fp_mass_unw=0.0158, w_set=1.000, w_budget=0.650, w_pt=0.700, w_local=0.030, stage_scale=1.00
Ep 80: train_total=19.8058, val_total_unw=22.5275, val_total_w=22.5275, select=unweighted, best_sel=22.0275 | set_unw=0.3582, phys_unw=0.3983, budget_unw=33.7682, fp_mass_unw=0.0155, w_set=1.000, w_budget=0.650, w_pt=0.700, w_local=0.030, stage_scale=1.00
Early stopping reconstructor at epoch 84

======================================================================
STEP 3: STAGE B (DUAL PRETRAIN, FROZEN RECONSTRUCTOR)
======================================================================
StageB-DualPretrain ep 5: train_loss=0.3683 (cls=0.3683, rank=0.3034, reco=0.0000, cons=0.1169, delta=0.0000, d_gain=0.0000, d_cost=0.0000, anc_p=0.0000, anc_o=0.0000) | val_auc_unw=0.9180, val_fpr50_unw=0.023311, val_auc_w=nan, val_fpr50_w=nan, val_metric_source=unweighted, select=auc, best_sel=0.917950, unfreeze=frozen, reco_trainable=0, dual_frozen=False, dual_trainable=2812996
StageB-DualPretrain ep 10: train_loss=0.3530 (cls=0.3530, rank=0.3027, reco=0.0000, cons=0.1169, delta=0.0000, d_gain=0.0000, d_cost=0.0000, anc_p=0.0000, anc_o=0.0000) | val_auc_unw=0.9220, val_fpr50_unw=0.019835, val_auc_w=nan, val_fpr50_w=nan, val_metric_source=unweighted, select=auc, best_sel=0.922010, unfreeze=frozen, reco_trainable=0, dual_frozen=False, dual_trainable=2812996
StageB-DualPretrain ep 15: train_loss=0.3452 (cls=0.3452, rank=0.3024, reco=0.0000, cons=0.1168, delta=0.0000, d_gain=0.0000, d_cost=0.0000, anc_p=0.0000, anc_o=0.0000) | val_auc_unw=0.9223, val_fpr50_unw=0.019398, val_auc_w=nan, val_fpr50_w=nan, val_metric_source=unweighted, select=auc, best_sel=0.922355, unfreeze=frozen, reco_trainable=0, dual_frozen=False, dual_trainable=2812996
StageB-DualPretrain ep 20: train_loss=0.3342 (cls=0.3342, rank=0.3032, reco=0.0000, cons=0.1168, delta=0.0000, d_gain=0.0000, d_cost=0.0000, anc_p=0.0000, anc_o=0.0000) | val_auc_unw=0.9221, val_fpr50_unw=0.020203, val_auc_w=nan, val_fpr50_w=nan, val_metric_source=unweighted, select=auc, best_sel=0.922553, unfreeze=frozen, reco_trainable=0, dual_frozen=False, dual_trainable=2812996
StageB-DualPretrain ep 25: train_loss=0.3204 (cls=0.3204, rank=0.3052, reco=0.0000, cons=0.1168, delta=0.0000, d_gain=0.0000, d_cost=0.0000, anc_p=0.0000, anc_o=0.0000) | val_auc_unw=0.9218, val_fpr50_unw=0.019806, val_auc_w=nan, val_fpr50_w=nan, val_metric_source=unweighted, select=auc, best_sel=0.922802, unfreeze=frozen, reco_trainable=0, dual_frozen=False, dual_trainable=2812996
StageB-DualPretrain ep 30: train_loss=0.3051 (cls=0.3051, rank=0.3084, reco=0.0000, cons=0.1168, delta=0.0000, d_gain=0.0000, d_cost=0.0000, anc_p=0.0000, anc_o=0.0000) | val_auc_unw=0.9205, val_fpr50_unw=0.021952, val_auc_w=nan, val_fpr50_w=nan, val_metric_source=unweighted, select=auc, best_sel=0.922802, unfreeze=frozen, reco_trainable=0, dual_frozen=False, dual_trainable=2812996
StageB-DualPretrain ep 35: train_loss=0.2894 (cls=0.2894, rank=0.3111, reco=0.0000, cons=0.1169, delta=0.0000, d_gain=0.0000, d_cost=0.0000, anc_p=0.0000, anc_o=0.0000) | val_auc_unw=0.9138, val_fpr50_unw=0.025338, val_auc_w=nan, val_fpr50_w=nan, val_metric_source=unweighted, select=auc, best_sel=0.922802, unfreeze=frozen, reco_trainable=0, dual_frozen=False, dual_trainable=2812996
Early stopping StageB-DualPretrain at epoch 36

======================================================================
STEP 4: STAGE C (JOINT FINETUNE)
======================================================================
StageC-Joint ep 1: train_loss=8.7092 (cls=0.3139, rank=0.3057, reco=20.6130, cons=0.1189, delta=0.0784, d_gain=0.1953, d_cost=0.0912, anc_p=0.0000, anc_o=7.1238) | val_auc_unw=0.9236, val_fpr50_unw=0.019966, val_auc_w=nan, val_fpr50_w=nan, val_metric_source=unweighted, select=auc, best_sel=0.923587, unfreeze=heads, reco_trainable=764058, dual_frozen=False, dual_trainable=2812996
StageC-Joint ep 2: train_loss=8.6972 (cls=0.3118, rank=0.3054, reco=20.6019, cons=0.1183, delta=0.0766, d_gain=0.1948, d_cost=0.0904, anc_p=0.0000, anc_o=7.0417) | val_auc_unw=0.9234, val_fpr50_unw=0.019985, val_auc_w=nan, val_fpr50_w=nan, val_metric_source=unweighted, select=auc, best_sel=0.923587, unfreeze=heads, reco_trainable=764058, dual_frozen=False, dual_trainable=2812996
StageC-Joint ep 3: train_loss=8.6865 (cls=0.3102, rank=0.3061, reco=20.5909, cons=0.1181, delta=0.0739, d_gain=0.1951, d_cost=0.0897, anc_p=0.0000, anc_o=6.9867) | val_auc_unw=0.9236, val_fpr50_unw=0.019491, val_auc_w=nan, val_fpr50_w=nan, val_metric_source=unweighted, select=auc, best_sel=0.923615, unfreeze=heads, reco_trainable=764058, dual_frozen=False, dual_trainable=2812996
StageC-Joint ep 4: train_loss=8.6754 (cls=0.3088, rank=0.3065, reco=20.5812, cons=0.1180, delta=0.0713, d_gain=0.1953, d_cost=0.0889, anc_p=0.0000, anc_o=6.8592) | val_auc_unw=0.9230, val_fpr50_unw=0.020245, val_auc_w=nan, val_fpr50_w=nan, val_metric_source=unweighted, select=auc, best_sel=0.923615, unfreeze=lastk, reco_trainable=2343578, dual_frozen=False, dual_trainable=2812996
StageC-Joint ep 5: train_loss=8.6516 (cls=0.3081, rank=0.3075, reco=20.5318, cons=0.1179, delta=0.0683, d_gain=0.1955, d_cost=0.0880, anc_p=0.0000, anc_o=6.8678) | val_auc_unw=0.9229, val_fpr50_unw=0.019698, val_auc_w=nan, val_fpr50_w=nan, val_metric_source=unweighted, select=auc, best_sel=0.923615, unfreeze=lastk, reco_trainable=2343578, dual_frozen=False, dual_trainable=2812996
StageC-Joint ep 6: train_loss=8.6513 (cls=0.3079, rank=0.3081, reco=20.5447, cons=0.1179, delta=0.0669, d_gain=0.1954, d_cost=0.0875, anc_p=0.0000, anc_o=6.7493) | val_auc_unw=0.9227, val_fpr50_unw=0.020164, val_auc_w=nan, val_fpr50_w=nan, val_metric_source=unweighted, select=auc, best_sel=0.923615, unfreeze=lastk, reco_trainable=2343578, dual_frozen=False, dual_trainable=2812996
StageC-Joint ep 7: train_loss=8.6452 (cls=0.3072, rank=0.3086, reco=20.5372, cons=0.1179, delta=0.0640, d_gain=0.1954, d_cost=0.0865, anc_p=0.0000, anc_o=6.7996) | val_auc_unw=0.9225, val_fpr50_unw=0.020244, val_auc_w=nan, val_fpr50_w=nan, val_metric_source=unweighted, select=auc, best_sel=0.923615, unfreeze=lastk, reco_trainable=2343578, dual_frozen=False, dual_trainable=2812996
StageC-Joint ep 8: train_loss=8.5953 (cls=0.3073, rank=0.3086, reco=20.4273, cons=0.1178, delta=0.0624, d_gain=0.1950, d_cost=0.0858, anc_p=0.0000, anc_o=6.6168) | val_auc_unw=0.9221, val_fpr50_unw=0.020362, val_auc_w=nan, val_fpr50_w=nan, val_metric_source=unweighted, select=auc, best_sel=0.923615, unfreeze=all, reco_trainable=7098018, dual_frozen=False, dual_trainable=2812996
StageC-Joint ep 9: train_loss=8.5762 (cls=0.3068, rank=0.3085, reco=20.3838, cons=0.1179, delta=0.0615, d_gain=0.1951, d_cost=0.0855, anc_p=0.0000, anc_o=6.7486) | val_auc_unw=0.9219, val_fpr50_unw=0.020535, val_auc_w=nan, val_fpr50_w=nan, val_metric_source=unweighted, select=auc, best_sel=0.923615, unfreeze=all, reco_trainable=7098018, dual_frozen=False, dual_trainable=2812996
StageC-Joint ep 10: train_loss=8.5623 (cls=0.3066, rank=0.3087, reco=20.3569, cons=0.1179, delta=0.0614, d_gain=0.1957, d_cost=0.0857, anc_p=0.0000, anc_o=6.7666) | val_auc_unw=0.9218, val_fpr50_unw=0.020475, val_auc_w=nan, val_fpr50_w=nan, val_metric_source=unweighted, select=auc, best_sel=0.923615, unfreeze=all, reco_trainable=7098018, dual_frozen=False, dual_trainable=2812996
StageC-Joint ep 11: train_loss=8.5443 (cls=0.3064, rank=0.3085, reco=20.3181, cons=0.1180, delta=0.0604, d_gain=0.1955, d_cost=0.0853, anc_p=0.0000, anc_o=6.8214) | val_auc_unw=0.9218, val_fpr50_unw=0.020237, val_auc_w=nan, val_fpr50_w=nan, val_metric_source=unweighted, select=auc, best_sel=0.923615, unfreeze=all, reco_trainable=7098018, dual_frozen=False, dual_trainable=2812996
StageC-Joint ep 12: train_loss=8.5392 (cls=0.3056, rank=0.3092, reco=20.3173, cons=0.1179, delta=0.0584, d_gain=0.1955, d_cost=0.0846, anc_p=0.0000, anc_o=6.7562) | val_auc_unw=0.9219, val_fpr50_unw=0.020673, val_auc_w=nan, val_fpr50_w=nan, val_metric_source=unweighted, select=auc, best_sel=0.923615, unfreeze=all, reco_trainable=7098018, dual_frozen=False, dual_trainable=2812996
StageC-Joint ep 13: train_loss=8.5347 (cls=0.3059, rank=0.3093, reco=20.3102, cons=0.1179, delta=0.0592, d_gain=0.1956, d_cost=0.0849, anc_p=0.0000, anc_o=6.8232) | val_auc_unw=0.9216, val_fpr50_unw=0.021028, val_auc_w=nan, val_fpr50_w=nan, val_metric_source=unweighted, select=auc, best_sel=0.923615, unfreeze=all, reco_trainable=7098018, dual_frozen=False, dual_trainable=2812996
StageC-Joint ep 14: train_loss=8.5186 (cls=0.3049, rank=0.3088, reco=20.2765, cons=0.1179, delta=0.0592, d_gain=0.1960, d_cost=0.0851, anc_p=0.0000, anc_o=6.9191) | val_auc_unw=0.9211, val_fpr50_unw=0.020715, val_auc_w=nan, val_fpr50_w=nan, val_metric_source=unweighted, select=auc, best_sel=0.923615, unfreeze=all, reco_trainable=7098018, dual_frozen=False, dual_trainable=2812996
StageC-Joint ep 15: train_loss=8.5118 (cls=0.3050, rank=0.3097, reco=20.2665, cons=0.1179, delta=0.0580, d_gain=0.1959, d_cost=0.0846, anc_p=0.0000, anc_o=6.9105) | val_auc_unw=0.9211, val_fpr50_unw=0.020927, val_auc_w=nan, val_fpr50_w=nan, val_metric_source=unweighted, select=auc, best_sel=0.923615, unfreeze=all, reco_trainable=7098018, dual_frozen=False, dual_trainable=2812996
StageC-Joint ep 16: train_loss=8.5170 (cls=0.3045, rank=0.3096, reco=20.2852, cons=0.1179, delta=0.0576, d_gain=0.1960, d_cost=0.0845, anc_p=0.0000, anc_o=6.9850) | val_auc_unw=0.9205, val_fpr50_unw=0.021061, val_auc_w=nan, val_fpr50_w=nan, val_metric_source=unweighted, select=auc, best_sel=0.923615, unfreeze=all, reco_trainable=7098018, dual_frozen=False, dual_trainable=2812996
StageC-Joint ep 17: train_loss=8.5113 (cls=0.3039, rank=0.3093, reco=20.2818, cons=0.1179, delta=0.0571, d_gain=0.1964, d_cost=0.0845, anc_p=0.0000, anc_o=6.8959) | val_auc_unw=0.9201, val_fpr50_unw=0.021343, val_auc_w=nan, val_fpr50_w=nan, val_metric_source=unweighted, select=auc, best_sel=0.923615, unfreeze=all, reco_trainable=7098018, dual_frozen=False, dual_trainable=2812996
StageC-Joint ep 18: train_loss=8.4951 (cls=0.3031, rank=0.3095, reco=20.2474, cons=0.1179, delta=0.0562, d_gain=0.1962, d_cost=0.0841, anc_p=0.0000, anc_o=6.9816) | val_auc_unw=0.9210, val_fpr50_unw=0.021017, val_auc_w=nan, val_fpr50_w=nan, val_metric_source=unweighted, select=auc, best_sel=0.923615, unfreeze=all, reco_trainable=7098018, dual_frozen=False, dual_trainable=2812996
StageC-Joint ep 19: train_loss=8.5005 (cls=0.3027, rank=0.3098, reco=20.2672, cons=0.1179, delta=0.0557, d_gain=0.1969, d_cost=0.0842, anc_p=0.0000, anc_o=7.0172) | val_auc_unw=0.9206, val_fpr50_unw=0.020954, val_auc_w=nan, val_fpr50_w=nan, val_metric_source=unweighted, select=auc, best_sel=0.923615, unfreeze=all, reco_trainable=7098018, dual_frozen=False, dual_trainable=2812996
StageC-Joint ep 20: train_loss=8.4958 (cls=0.3035, rank=0.3098, reco=20.2595, cons=0.1179, delta=0.0564, d_gain=0.1964, d_cost=0.0843, anc_p=0.0001, anc_o=7.0146) | val_auc_unw=0.9208, val_fpr50_unw=0.021406, val_auc_w=nan, val_fpr50_w=nan, val_metric_source=unweighted, select=auc, best_sel=0.923615, unfreeze=all, reco_trainable=7098018, dual_frozen=False, dual_trainable=2812996
StageC-Joint ep 21: train_loss=8.4914 (cls=0.3030, rank=0.3095, reco=20.2553, cons=0.1179, delta=0.0546, d_gain=0.1962, d_cost=0.0836, anc_p=0.0001, anc_o=7.0331) | val_auc_unw=0.9204, val_fpr50_unw=0.021452, val_auc_w=nan, val_fpr50_w=nan, val_metric_source=unweighted, select=auc, best_sel=0.923615, unfreeze=all, reco_trainable=7098018, dual_frozen=False, dual_trainable=2812996
StageC-Joint ep 22: train_loss=8.4851 (cls=0.3023, rank=0.3095, reco=20.2450, cons=0.1179, delta=0.0547, d_gain=0.1966, d_cost=0.0838, anc_p=0.0001, anc_o=7.1124) | val_auc_unw=0.9206, val_fpr50_unw=0.021351, val_auc_w=nan, val_fpr50_w=nan, val_metric_source=unweighted, select=auc, best_sel=0.923615, unfreeze=all, reco_trainable=7098018, dual_frozen=False, dual_trainable=2812996
StageC-Joint ep 23: train_loss=8.4800 (cls=0.3028, rank=0.3103, reco=20.2369, cons=0.1179, delta=0.0551, d_gain=0.1967, d_cost=0.0839, anc_p=0.0001, anc_o=7.0907) | val_auc_unw=0.9202, val_fpr50_unw=0.021015, val_auc_w=nan, val_fpr50_w=nan, val_metric_source=unweighted, select=auc, best_sel=0.923615, unfreeze=all, reco_trainable=7098018, dual_frozen=False, dual_trainable=2812996
StageC-Joint ep 24: train_loss=8.4735 (cls=0.3022, rank=0.3099, reco=20.2273, cons=0.1179, delta=0.0551, d_gain=0.1968, d_cost=0.0840, anc_p=0.0001, anc_o=7.1116) | val_auc_unw=0.9205, val_fpr50_unw=0.021236, val_auc_w=nan, val_fpr50_w=nan, val_metric_source=unweighted, select=auc, best_sel=0.923615, unfreeze=all, reco_trainable=7098018, dual_frozen=False, dual_trainable=2812996
