============================================================
Model-2 Joint (base exact setup + phys ON only; Stage-C progressive unfreeze OFF)
Run: checkpoints/reco_teacher_joint_fusion_6model_150k75k150k/model2_joint_chamfer_budget_local_ptratio_physon_unselected0_localr0/model2_joint_chamfer_budget_local_ptratio_physon_unselected0_localr0_150k75k150k_seed0
Split: train=150000, val=75000, test=150000
============================================================
 python offline_reconstructor_joint_dualview_stage2save_auc_norankc_nopriv_unmergeonly.py --save_dir checkpoints/reco_teacher_joint_fusion_6model_150k75k150k/model2_joint_chamfer_budget_local_ptratio_physon_unselected0_localr0 --run_name model2_joint_chamfer_budget_local_ptratio_physon_unselected0_localr0_150k75k150k_seed0 --n_train_jets 375000 --n_train_split 150000 --n_val_split 75000 --n_test_split 150000 --offset_jets 0 --max_constits 100 --num_workers 6 --seed 0 --selection_metric auc --stageB_lambda_rank 0.0 --stageB_lambda_cons 0.0 --stageC_lr_dual 1e-5 --stageC_lr_reco 5e-6 --lambda_reco 0.4 --lambda_cons 0.0 --stageC_lambda_delta 0.05 --stageC_delta_tau 0.05 --stageC_delta_lambda_fp 3.0 --stageC_delta_warmup_epochs 8 --added_target_scale 0.90 --loss_set_mode chamfer --loss_w_phys 0.35 --loss_w_pt_ratio 0.70 --loss_w_m_ratio 0.0 --loss_w_e_ratio 0.0 --loss_w_radial_profile 0.0 --loss_w_fp_mass 0.0 --loss_w_budget 0.65 --loss_w_sparse 0.0 --loss_w_local 0.05 --loss_unselected_penalty 0.0 --loss_gen_local_radius 0.0 --save_fusion_scores --disable_final_kd --device cuda
Device: cuda
Save dir: checkpoints/reco_teacher_joint_fusion_6model_150k75k150k/model2_joint_chamfer_budget_local_ptratio_physon_unselected0_localr0/model2_joint_chamfer_budget_local_ptratio_physon_unselected0_localr0_150k75k150k_seed0
Loading offline constituents...
Generating pseudo-HLT...
Non-priv target setup: added_target_scale=0.900, mean_true_added_raw=25.116, mean_target_added=22.604
Computing features...
Split sizes: Train=150000, Val=75000, Test=150000 (custom_counts=True)
Stage-B train subset: N=150000 / 150000 (frac=1.000, seed=0)

======================================================================
STEP 1: TEACHER + BASELINE
======================================================================
Teacher ep 5: train_auc=0.9439, val_auc=0.9469, val_fpr50=0.012873, best_auc=0.9469, fpr50@best=0.012873
Teacher ep 10: train_auc=0.9509, val_auc=0.9526, val_fpr50=0.010285, best_auc=0.9526, fpr50@best=0.010285
Teacher ep 15: train_auc=0.9549, val_auc=0.9522, val_fpr50=0.011025, best_auc=0.9529, fpr50@best=0.010068
Teacher ep 20: train_auc=0.9577, val_auc=0.9480, val_fpr50=0.013272, best_auc=0.9529, fpr50@best=0.010068
Teacher ep 25: train_auc=0.9610, val_auc=0.9513, val_fpr50=0.010954, best_auc=0.9539, fpr50@best=0.009423
Teacher ep 30: train_auc=0.9652, val_auc=0.9503, val_fpr50=0.011826, best_auc=0.9539, fpr50@best=0.009423
Teacher ep 35: train_auc=0.9696, val_auc=0.9496, val_fpr50=0.011791, best_auc=0.9539, fpr50@best=0.009423
Early stopping Teacher at epoch 37
Baseline ep 5: train_auc=0.9099, val_auc=0.9027, val_fpr50=0.028200, best_auc=0.9096, fpr50@best=0.027649
Baseline ep 10: train_auc=0.9173, val_auc=0.9176, val_fpr50=0.023106, best_auc=0.9185, fpr50@best=0.021131
Baseline ep 15: train_auc=0.9211, val_auc=0.9199, val_fpr50=0.021754, best_auc=0.9207, fpr50@best=0.019859
Baseline ep 20: train_auc=0.9251, val_auc=0.9232, val_fpr50=0.020238, best_auc=0.9232, fpr50@best=0.020238
Baseline ep 25: train_auc=0.9291, val_auc=0.9231, val_fpr50=0.020397, best_auc=0.9232, fpr50@best=0.020238
Baseline ep 30: train_auc=0.9336, val_auc=0.9194, val_fpr50=0.023387, best_auc=0.9235, fpr50@best=0.020215
Baseline ep 35: train_auc=0.9383, val_auc=0.9220, val_fpr50=0.021137, best_auc=0.9235, fpr50@best=0.020215
Baseline ep 40: train_auc=0.9435, val_auc=0.9181, val_fpr50=0.023374, best_auc=0.9235, fpr50@best=0.020215
Early stopping Baseline at epoch 41
StageC weak-delta HLT reference @TPR=0.50: threshold_prob=0.920016, val_auc_hlt=0.9235

======================================================================
STEP 2: STAGE A (RECONSTRUCTOR PRETRAIN)
======================================================================
Ep 5: train_total=26.2296, val_total_unw=30.0579, val_total_w=30.0579, select=unweighted, best_sel=24.8643 | set_unw=0.3596, phys_unw=0.5277, budget_unw=45.2457, fp_mass_unw=0.0160, w_set=1.000, w_budget=0.650, w_pt=0.700, w_local=0.050, stage_scale=0.35
Ep 10: train_total=25.0906, val_total_unw=26.1153, val_total_w=26.1153, select=unweighted, best_sel=24.7472 | set_unw=0.3571, phys_unw=0.4829, budget_unw=39.2329, fp_mass_unw=0.0160, w_set=1.000, w_budget=0.650, w_pt=0.700, w_local=0.050, stage_scale=0.35
Ep 15: train_total=24.6796, val_total_unw=25.2072, val_total_w=25.2072, select=unweighted, best_sel=24.4005 | set_unw=0.3547, phys_unw=0.4655, budget_unw=37.8572, fp_mass_unw=0.0152, w_set=1.000, w_budget=0.650, w_pt=0.700, w_local=0.050, stage_scale=0.35
Ep 20: train_total=24.3936, val_total_unw=23.9885, val_total_w=23.9885, select=unweighted, best_sel=23.8624 | set_unw=0.3544, phys_unw=0.4415, budget_unw=36.0070, fp_mass_unw=0.0145, w_set=1.000, w_budget=0.650, w_pt=0.700, w_local=0.050, stage_scale=0.35
Stage-A transition -> reloaded best from phase_035 (epoch=17, val_total=23.8624)
Ep 25: train_total=22.5796, val_total_unw=23.3565, val_total_w=23.3565, select=unweighted, best_sel=22.1021 | set_unw=0.3534, phys_unw=0.4396, budget_unw=35.0380, fp_mass_unw=0.0139, w_set=1.000, w_budget=0.650, w_pt=0.700, w_local=0.050, stage_scale=0.70
Ep 30: train_total=22.3547, val_total_unw=22.6872, val_total_w=22.6872, select=unweighted, best_sel=22.1021 | set_unw=0.3496, phys_unw=0.4416, budget_unw=34.0113, fp_mass_unw=0.0139, w_set=1.000, w_budget=0.650, w_pt=0.700, w_local=0.050, stage_scale=0.70
Ep 35: train_total=22.1775, val_total_unw=23.3677, val_total_w=23.3677, select=unweighted, best_sel=22.1021 | set_unw=0.3494, phys_unw=0.4461, budget_unw=35.0539, fp_mass_unw=0.0141, w_set=1.000, w_budget=0.650, w_pt=0.700, w_local=0.050, stage_scale=0.70
Ep 40: train_total=21.9928, val_total_unw=22.8729, val_total_w=22.8729, select=unweighted, best_sel=22.1021 | set_unw=0.3498, phys_unw=0.4405, budget_unw=34.2980, fp_mass_unw=0.0136, w_set=1.000, w_budget=0.650, w_pt=0.700, w_local=0.050, stage_scale=0.70
Ep 45: train_total=21.7913, val_total_unw=22.7460, val_total_w=22.7460, select=unweighted, best_sel=22.1021 | set_unw=0.3484, phys_unw=0.4370, budget_unw=34.1084, fp_mass_unw=0.0132, w_set=1.000, w_budget=0.650, w_pt=0.700, w_local=0.050, stage_scale=0.70
Ep 50: train_total=21.5959, val_total_unw=22.3256, val_total_w=22.3256, select=unweighted, best_sel=22.0601 | set_unw=0.3497, phys_unw=0.4278, budget_unw=33.4685, fp_mass_unw=0.0135, w_set=1.000, w_budget=0.650, w_pt=0.700, w_local=0.050, stage_scale=0.70
Ep 55: train_total=21.3869, val_total_unw=22.7849, val_total_w=22.7849, select=unweighted, best_sel=22.0601 | set_unw=0.3495, phys_unw=0.4319, budget_unw=34.1709, fp_mass_unw=0.0135, w_set=1.000, w_budget=0.650, w_pt=0.700, w_local=0.050, stage_scale=0.70
Stage-A transition -> reloaded best from phase_070 (epoch=48, val_total=22.0601)
Ep 60: train_total=21.0666, val_total_unw=22.3691, val_total_w=22.3691, select=unweighted, best_sel=22.0601 | set_unw=0.3474, phys_unw=0.4265, budget_unw=33.5395, fp_mass_unw=0.0131, w_set=1.000, w_budget=0.650, w_pt=0.700, w_local=0.050, stage_scale=1.00
Ep 65: train_total=20.8029, val_total_unw=22.3136, val_total_w=22.3136, select=unweighted, best_sel=22.0601 | set_unw=0.3477, phys_unw=0.4262, budget_unw=33.4538, fp_mass_unw=0.0133, w_set=1.000, w_budget=0.650, w_pt=0.700, w_local=0.050, stage_scale=1.00
Ep 70: train_total=20.4833, val_total_unw=22.2095, val_total_w=22.2095, select=unweighted, best_sel=21.9197 | set_unw=0.3478, phys_unw=0.4175, budget_unw=33.3020, fp_mass_unw=0.0133, w_set=1.000, w_budget=0.650, w_pt=0.700, w_local=0.050, stage_scale=1.00
Ep 75: train_total=20.1036, val_total_unw=22.1793, val_total_w=22.1793, select=unweighted, best_sel=21.9197 | set_unw=0.3485, phys_unw=0.4148, budget_unw=33.2570, fp_mass_unw=0.0135, w_set=1.000, w_budget=0.650, w_pt=0.700, w_local=0.050, stage_scale=1.00
Ep 80: train_total=19.7688, val_total_unw=22.3899, val_total_w=22.3899, select=unweighted, best_sel=21.9197 | set_unw=0.3484, phys_unw=0.4192, budget_unw=33.5771, fp_mass_unw=0.0134, w_set=1.000, w_budget=0.650, w_pt=0.700, w_local=0.050, stage_scale=1.00
Ep 85: train_total=19.4610, val_total_unw=22.6343, val_total_w=22.6343, select=unweighted, best_sel=21.9197 | set_unw=0.3477, phys_unw=0.4253, budget_unw=33.9480, fp_mass_unw=0.0133, w_set=1.000, w_budget=0.650, w_pt=0.700, w_local=0.050, stage_scale=1.00
Early stopping reconstructor at epoch 86

======================================================================
STEP 3: STAGE B (DUAL PRETRAIN, FROZEN RECONSTRUCTOR)
======================================================================
StageB-DualPretrain ep 5: train_loss=0.3754 (cls=0.3754, rank=0.3042, reco=0.0000, cons=0.1164, delta=0.0000, d_gain=0.0000, d_cost=0.0000, anc_p=0.0000, anc_o=0.0000) | val_auc_unw=0.9157, val_fpr50_unw=0.024677, val_auc_w=nan, val_fpr50_w=nan, val_metric_source=unweighted, select=auc, best_sel=0.915696, unfreeze=frozen, reco_trainable=0, dual_frozen=False, dual_trainable=2812673
StageB-DualPretrain ep 10: train_loss=0.3611 (cls=0.3611, rank=0.3027, reco=0.0000, cons=0.1164, delta=0.0000, d_gain=0.0000, d_cost=0.0000, anc_p=0.0000, anc_o=0.0000) | val_auc_unw=0.9118, val_fpr50_unw=0.023298, val_auc_w=nan, val_fpr50_w=nan, val_metric_source=unweighted, select=auc, best_sel=0.917361, unfreeze=frozen, reco_trainable=0, dual_frozen=False, dual_trainable=2812673
StageB-DualPretrain ep 15: train_loss=0.3514 (cls=0.3514, rank=0.3034, reco=0.0000, cons=0.1164, delta=0.0000, d_gain=0.0000, d_cost=0.0000, anc_p=0.0000, anc_o=0.0000) | val_auc_unw=0.9206, val_fpr50_unw=0.020195, val_auc_w=nan, val_fpr50_w=nan, val_metric_source=unweighted, select=auc, best_sel=0.921659, unfreeze=frozen, reco_trainable=0, dual_frozen=False, dual_trainable=2812673
StageB-DualPretrain ep 20: train_loss=0.3428 (cls=0.3428, rank=0.3032, reco=0.0000, cons=0.1164, delta=0.0000, d_gain=0.0000, d_cost=0.0000, anc_p=0.0000, anc_o=0.0000) | val_auc_unw=0.9180, val_fpr50_unw=0.022106, val_auc_w=nan, val_fpr50_w=nan, val_metric_source=unweighted, select=auc, best_sel=0.924670, unfreeze=frozen, reco_trainable=0, dual_frozen=False, dual_trainable=2812673
StageB-DualPretrain ep 25: train_loss=0.3331 (cls=0.3331, rank=0.3036, reco=0.0000, cons=0.1164, delta=0.0000, d_gain=0.0000, d_cost=0.0000, anc_p=0.0000, anc_o=0.0000) | val_auc_unw=0.9236, val_fpr50_unw=0.019354, val_auc_w=nan, val_fpr50_w=nan, val_metric_source=unweighted, select=auc, best_sel=0.924670, unfreeze=frozen, reco_trainable=0, dual_frozen=False, dual_trainable=2812673
StageB-DualPretrain ep 30: train_loss=0.3218 (cls=0.3218, rank=0.3048, reco=0.0000, cons=0.1164, delta=0.0000, d_gain=0.0000, d_cost=0.0000, anc_p=0.0000, anc_o=0.0000) | val_auc_unw=0.9239, val_fpr50_unw=0.019577, val_auc_w=nan, val_fpr50_w=nan, val_metric_source=unweighted, select=auc, best_sel=0.924670, unfreeze=frozen, reco_trainable=0, dual_frozen=False, dual_trainable=2812673
Early stopping StageB-DualPretrain at epoch 31

======================================================================
STEP 4: STAGE C (JOINT FINETUNE)
======================================================================
StageC-Joint ep 1: train_loss=8.4893 (cls=0.3364, rank=0.3028, reco=20.3806, cons=0.1177, delta=0.1138, d_gain=0.1913, d_cost=0.1017, anc_p=0.0000, anc_o=0.0000) | val_auc_unw=0.9258, val_fpr50_unw=0.018189, val_auc_w=nan, val_fpr50_w=nan, val_metric_source=unweighted, select=auc, best_sel=0.925753, unfreeze=all, reco_trainable=7098018, dual_frozen=False, dual_trainable=2812673
StageC-Joint ep 2: train_loss=8.4514 (cls=0.3351, rank=0.3026, reco=20.2874, cons=0.1177, delta=0.1073, d_gain=0.1898, d_cost=0.0990, anc_p=0.0000, anc_o=0.0000) | val_auc_unw=0.9260, val_fpr50_unw=0.018168, val_auc_w=nan, val_fpr50_w=nan, val_metric_source=unweighted, select=auc, best_sel=0.926030, unfreeze=all, reco_trainable=7098018, dual_frozen=False, dual_trainable=2812673
StageC-Joint ep 3: train_loss=8.4255 (cls=0.3332, rank=0.3034, reco=20.2259, cons=0.1177, delta=0.1017, d_gain=0.1899, d_cost=0.0972, anc_p=0.0000, anc_o=0.0000) | val_auc_unw=0.9260, val_fpr50_unw=0.017968, val_auc_w=nan, val_fpr50_w=nan, val_metric_source=unweighted, select=auc, best_sel=0.926030, unfreeze=all, reco_trainable=7098018, dual_frozen=False, dual_trainable=2812673
StageC-Joint ep 4: train_loss=8.4168 (cls=0.3323, rank=0.3041, reco=20.2051, cons=0.1176, delta=0.0983, d_gain=0.1900, d_cost=0.0961, anc_p=0.0000, anc_o=0.0000) | val_auc_unw=0.9263, val_fpr50_unw=0.017993, val_auc_w=nan, val_fpr50_w=nan, val_metric_source=unweighted, select=auc, best_sel=0.926309, unfreeze=all, reco_trainable=7098018, dual_frozen=False, dual_trainable=2812673
StageC-Joint ep 5: train_loss=8.4097 (cls=0.3314, rank=0.3038, reco=20.1883, cons=0.1177, delta=0.0962, d_gain=0.1901, d_cost=0.0954, anc_p=0.0000, anc_o=0.0000) | val_auc_unw=0.9262, val_fpr50_unw=0.018262, val_auc_w=nan, val_fpr50_w=nan, val_metric_source=unweighted, select=auc, best_sel=0.926309, unfreeze=all, reco_trainable=7098018, dual_frozen=False, dual_trainable=2812673
StageC-Joint ep 6: train_loss=8.4013 (cls=0.3317, rank=0.3046, reco=20.1650, cons=0.1177, delta=0.0943, d_gain=0.1898, d_cost=0.0947, anc_p=0.0000, anc_o=0.0000) | val_auc_unw=0.9262, val_fpr50_unw=0.018223, val_auc_w=nan, val_fpr50_w=nan, val_metric_source=unweighted, select=auc, best_sel=0.926309, unfreeze=all, reco_trainable=7098018, dual_frozen=False, dual_trainable=2812673
StageC-Joint ep 7: train_loss=8.4011 (cls=0.3305, rank=0.3048, reco=20.1666, cons=0.1177, delta=0.0915, d_gain=0.1898, d_cost=0.0938, anc_p=0.0000, anc_o=0.0000) | val_auc_unw=0.9261, val_fpr50_unw=0.017868, val_auc_w=nan, val_fpr50_w=nan, val_metric_source=unweighted, select=auc, best_sel=0.926309, unfreeze=all, reco_trainable=7098018, dual_frozen=False, dual_trainable=2812673
StageC-Joint ep 8: train_loss=8.3963 (cls=0.3317, rank=0.3050, reco=20.1501, cons=0.1177, delta=0.0913, d_gain=0.1901, d_cost=0.0938, anc_p=0.0000, anc_o=0.0000) | val_auc_unw=0.9262, val_fpr50_unw=0.017973, val_auc_w=nan, val_fpr50_w=nan, val_metric_source=unweighted, select=auc, best_sel=0.926309, unfreeze=all, reco_trainable=7098018, dual_frozen=False, dual_trainable=2812673
StageC-Joint ep 9: train_loss=8.3832 (cls=0.3312, rank=0.3048, reco=20.1187, cons=0.1177, delta=0.0904, d_gain=0.1895, d_cost=0.0933, anc_p=0.0000, anc_o=0.0000) | val_auc_unw=0.9259, val_fpr50_unw=0.018220, val_auc_w=nan, val_fpr50_w=nan, val_metric_source=unweighted, select=auc, best_sel=0.926309, unfreeze=all, reco_trainable=7098018, dual_frozen=False, dual_trainable=2812673
StageC-Joint ep 10: train_loss=8.3879 (cls=0.3302, rank=0.3052, reco=20.1331, cons=0.1177, delta=0.0891, d_gain=0.1900, d_cost=0.0930, anc_p=0.0000, anc_o=0.0000) | val_auc_unw=0.9260, val_fpr50_unw=0.017869, val_auc_w=nan, val_fpr50_w=nan, val_metric_source=unweighted, select=auc, best_sel=0.926309, unfreeze=all, reco_trainable=7098018, dual_frozen=False, dual_trainable=2812673
StageC-Joint ep 11: train_loss=8.3847 (cls=0.3305, rank=0.3048, reco=20.1243, cons=0.1178, delta=0.0887, d_gain=0.1899, d_cost=0.0929, anc_p=0.0000, anc_o=0.0000) | val_auc_unw=0.9261, val_fpr50_unw=0.017908, val_auc_w=nan, val_fpr50_w=nan, val_metric_source=unweighted, select=auc, best_sel=0.926309, unfreeze=all, reco_trainable=7098018, dual_frozen=False, dual_trainable=2812673
StageC-Joint ep 12: train_loss=8.3880 (cls=0.3304, rank=0.3052, reco=20.1329, cons=0.1177, delta=0.0878, d_gain=0.1898, d_cost=0.0925, anc_p=0.0000, anc_o=0.0000) | val_auc_unw=0.9261, val_fpr50_unw=0.018032, val_auc_w=nan, val_fpr50_w=nan, val_metric_source=unweighted, select=auc, best_sel=0.926309, unfreeze=all, reco_trainable=7098018, dual_frozen=False, dual_trainable=2812673
StageC-Joint ep 13: train_loss=8.3768 (cls=0.3295, rank=0.3053, reco=20.1073, cons=0.1178, delta=0.0873, d_gain=0.1901, d_cost=0.0925, anc_p=0.0000, anc_o=0.0000) | val_auc_unw=0.9261, val_fpr50_unw=0.018074, val_auc_w=nan, val_fpr50_w=nan, val_metric_source=unweighted, select=auc, best_sel=0.926309, unfreeze=all, reco_trainable=7098018, dual_frozen=False, dual_trainable=2812673
StageC-Joint ep 14: train_loss=8.3892 (cls=0.3294, rank=0.3052, reco=20.1387, cons=0.1178, delta=0.0876, d_gain=0.1901, d_cost=0.0926, anc_p=0.0000, anc_o=0.0000) | val_auc_unw=0.9260, val_fpr50_unw=0.018276, val_auc_w=nan, val_fpr50_w=nan, val_metric_source=unweighted, select=auc, best_sel=0.926309, unfreeze=all, reco_trainable=7098018, dual_frozen=False, dual_trainable=2812673
StageC-Joint ep 15: train_loss=8.3761 (cls=0.3289, rank=0.3055, reco=20.1073, cons=0.1177, delta=0.0855, d_gain=0.1899, d_cost=0.0918, anc_p=0.0000, anc_o=0.0000) | val_auc_unw=0.9259, val_fpr50_unw=0.018373, val_auc_w=nan, val_fpr50_w=nan, val_metric_source=unweighted, select=auc, best_sel=0.926309, unfreeze=all, reco_trainable=7098018, dual_frozen=False, dual_trainable=2812673
StageC-Joint ep 16: train_loss=8.3675 (cls=0.3281, rank=0.3051, reco=20.0879, cons=0.1177, delta=0.0855, d_gain=0.1904, d_cost=0.0920, anc_p=0.0000, anc_o=0.0000) | val_auc_unw=0.9260, val_fpr50_unw=0.018112, val_auc_w=nan, val_fpr50_w=nan, val_metric_source=unweighted, select=auc, best_sel=0.926309, unfreeze=all, reco_trainable=7098018, dual_frozen=False, dual_trainable=2812673
StageC-Joint ep 17: train_loss=8.3731 (cls=0.3289, rank=0.3055, reco=20.0997, cons=0.1178, delta=0.0856, d_gain=0.1902, d_cost=0.0919, anc_p=0.0000, anc_o=0.0000) | val_auc_unw=0.9260, val_fpr50_unw=0.018296, val_auc_w=nan, val_fpr50_w=nan, val_metric_source=unweighted, select=auc, best_sel=0.926309, unfreeze=all, reco_trainable=7098018, dual_frozen=False, dual_trainable=2812673
StageC-Joint ep 18: train_loss=8.3583 (cls=0.3278, rank=0.3053, reco=20.0657, cons=0.1177, delta=0.0853, d_gain=0.1907, d_cost=0.0920, anc_p=0.0000, anc_o=0.0000) | val_auc_unw=0.9259, val_fpr50_unw=0.018318, val_auc_w=nan, val_fpr50_w=nan, val_metric_source=unweighted, select=auc, best_sel=0.926309, unfreeze=all, reco_trainable=7098018, dual_frozen=False, dual_trainable=2812673
StageC-Joint ep 19: train_loss=8.3639 (cls=0.3288, rank=0.3049, reco=20.0769, cons=0.1178, delta=0.0863, d_gain=0.1901, d_cost=0.0921, anc_p=0.0000, anc_o=0.0000) | val_auc_unw=0.9259, val_fpr50_unw=0.018496, val_auc_w=nan, val_fpr50_w=nan, val_metric_source=unweighted, select=auc, best_sel=0.926309, unfreeze=all, reco_trainable=7098018, dual_frozen=False, dual_trainable=2812673
StageC-Joint ep 20: train_loss=8.3610 (cls=0.3276, rank=0.3053, reco=20.0730, cons=0.1177, delta=0.0842, d_gain=0.1903, d_cost=0.0915, anc_p=0.0000, anc_o=0.0000) | val_auc_unw=0.9259, val_fpr50_unw=0.018253, val_auc_w=nan, val_fpr50_w=nan, val_metric_source=unweighted, select=auc, best_sel=0.926309, unfreeze=all, reco_trainable=7098018, dual_frozen=False, dual_trainable=2812673
StageC-Joint ep 21: train_loss=8.3626 (cls=0.3282, rank=0.3050, reco=20.0752, cons=0.1177, delta=0.0856, d_gain=0.1904, d_cost=0.0920, anc_p=0.0000, anc_o=0.0000) | val_auc_unw=0.9258, val_fpr50_unw=0.018336, val_auc_w=nan, val_fpr50_w=nan, val_metric_source=unweighted, select=auc, best_sel=0.926309, unfreeze=all, reco_trainable=7098018, dual_frozen=False, dual_trainable=2812673
StageC-Joint ep 22: train_loss=8.3562 (cls=0.3273, rank=0.3050, reco=20.0619, cons=0.1177, delta=0.0841, d_gain=0.1906, d_cost=0.0916, anc_p=0.0000, anc_o=0.0000) | val_auc_unw=0.9254, val_fpr50_unw=0.018793, val_auc_w=nan, val_fpr50_w=nan, val_metric_source=unweighted, select=auc, best_sel=0.926309, unfreeze=all, reco_trainable=7098018, dual_frozen=False, dual_trainable=2812673
StageC-Joint ep 23: train_loss=8.3539 (cls=0.3273, rank=0.3057, reco=20.0558, cons=0.1178, delta=0.0844, d_gain=0.1907, d_cost=0.0917, anc_p=0.0000, anc_o=0.0000) | val_auc_unw=0.9259, val_fpr50_unw=0.018356, val_auc_w=nan, val_fpr50_w=nan, val_metric_source=unweighted, select=auc, best_sel=0.926309, unfreeze=all, reco_trainable=7098018, dual_frozen=False, dual_trainable=2812673
StageC-Joint ep 24: train_loss=8.3462 (cls=0.3271, rank=0.3055, reco=20.0371, cons=0.1177, delta=0.0839, d_gain=0.1906, d_cost=0.0915, anc_p=0.0000, anc_o=0.0000) | val_auc_unw=0.9256, val_fpr50_unw=0.018759, val_auc_w=nan, val_fpr50_w=nan, val_metric_source=unweighted, select=auc, best_sel=0.926309, unfreeze=all, reco_trainable=7098018, dual_frozen=False, dual_trainable=2812673
StageC-Joint ep 25: train_loss=8.3570 (cls=0.3283, rank=0.3055, reco=20.0613, cons=0.1178, delta=0.0843, d_gain=0.1904, d_cost=0.0916, anc_p=0.0000, anc_o=0.0000) | val_auc_unw=0.9256, val_fpr50_unw=0.018736, val_auc_w=nan, val_fpr50_w=nan, val_metric_source=unweighted, select=auc, best_sel=0.926309, unfreeze=all, reco_trainable=7098018, dual_frozen=False, dual_trainable=2812673
Early stopping StageC-Joint at epoch 25

======================================================================
STEP 5: RECONSTRUCTION DIAGNOSTICS
======================================================================

Jet pT response/resolution by truth pT bin (test split):
  pT_low - pT_high | N | HLT resp | HLT reso | Corrected resp | Corrected reso
  172739.4 - 504068.9 | 18750 | 0.8681 | 0.1516 | 0.7703 | 0.1294
  504068.9 - 773424.6 | 18750 | 0.8445 | 0.1720 | 0.6965 | 0.1314
  773424.6 - 1093714.0 | 18750 | 0.8330 | 0.1869 | 0.6465 | 0.1314
  1093714.0 - 1365805.0 | 18750 | 0.8218 | 0.2022 | 0.6118 | 0.1364
  1365805.0 - 1711763.0 | 18750 | 0.8203 | 0.2056 | 0.5938 | 0.1355
  1711763.0 - 2155283.2 | 18750 | 0.8155 | 0.2123 | 0.5746 | 0.1382
  2155283.2 - 2633962.7 | 18750 | 0.8110 | 0.2225 | 0.5584 | 0.1431
  2633962.7 - 4355157.0 | 18750 | 0.7996 | 0.2295 | 0.5404 | 0.1460

Constituent-count diagnostics:
  Means: offline=54.297, hlt=29.181, reco=51.941
  MAE vs offline: hlt=25.116, reco=5.189

Budget diagnostics (test split):
  MAE: merge=5.239, eff=0.000, total=5.239
  Bias: merge=-2.017, eff=0.000, total=-2.017

======================================================================
FINAL TEST EVALUATION
======================================================================
Teacher (Offline) AUC: 0.9533
Baseline (HLT)   AUC: 0.9214
Stage2 (PreJoint) AUC: 0.9231
Stage2 (BestValFPR50) AUC: 0.9226
Joint Dual-View  AUC: 0.9247
Joint Dual-View (BestValFPR50) AUC: 0.9246

FPR@30 Teacher/Baseline/Stage2/Joint: 0.002131 / 0.005524 / 0.005401 / 0.004888
FPR@30 Stage2BestFPR / JointBestFPR: 0.005194 / 0.004995
FPR@50 Teacher/Baseline/Stage2/Joint: 0.009940 / 0.021587 / 0.019956 / 0.019234
FPR@50 Stage2BestFPR / JointBestFPR: 0.020656 / 0.019461
Saving val/test score arrays for fusion analysis...
Saved fusion score arrays to: checkpoints/reco_teacher_joint_fusion_6model_150k75k150k/model2_joint_chamfer_budget_local_ptratio_physon_unselected0_localr0/model2_joint_chamfer_budget_local_ptratio_physon_unselected0_localr0_150k75k150k_seed0/fusion_scores_val_test.npz

Saved joint results to: checkpoints/reco_teacher_joint_fusion_6model_150k75k150k/model2_joint_chamfer_budget_local_ptratio_physon_unselected0_localr0/model2_joint_chamfer_budget_local_ptratio_physon_unselected0_localr0_150k75k150k_seed0
Done: checkpoints/reco_teacher_joint_fusion_6model_150k75k150k/model2_joint_chamfer_budget_local_ptratio_physon_unselected0_localr0/model2_joint_chamfer_budget_local_ptratio_physon_unselected0_localr0_150k75k150k_seed0
