============================================================
Model-2 full A/B/C training (split cap ablation: total child pT <= 1.2 * parent)
Run: checkpoints/reco_teacher_joint_fusion_6model_150k75k150k/model2_joint_delta005_fulltrain_prog_unfreeze_splitcap120/model2_joint_delta005_fulltrain_prog_unfreeze_splitcap120_150k75k150k_seed0
============================================================
 python offline_reconstructor_joint_dualview_stage2save_auc_norankc_nopriv_unmergeonly_splitcap120.py --save_dir checkpoints/reco_teacher_joint_fusion_6model_150k75k150k/model2_joint_delta005_fulltrain_prog_unfreeze_splitcap120 --run_name model2_joint_delta005_fulltrain_prog_unfreeze_splitcap120_150k75k150k_seed0 --n_train_jets 375000 --n_train_split 150000 --n_val_split 75000 --n_test_split 150000 --offset_jets 0 --max_constits 100 --num_workers 6 --seed 0 --selection_metric auc --stageC_progressive_unfreeze --stageC_unfreeze_phase1_epochs 3 --stageC_unfreeze_phase2_epochs 7 --stageC_unfreeze_last_n_encoder_layers 2 --stageC_lambda_param_anchor 0.02 --stageC_lambda_output_anchor 0.02 --stageC_anchor_decay 0.97 --stageC_lr_dual 1e-5 --stageC_lr_reco 5e-6 --lambda_reco 0.4 --lambda_cons 0.06 --loss_unselected_penalty 0.0 --loss_gen_local_radius 0.0 --stageC_lambda_delta 0.05 --stageC_delta_tau 0.05 --stageC_delta_lambda_fp 3.0 --stageC_delta_warmup_epochs 8 --added_target_scale 0.90 --save_fusion_scores --disable_final_kd --device cuda
[SplitCap120] Using split total child pT cap = 1.2 * parent
Device: cuda
Save dir: checkpoints/reco_teacher_joint_fusion_6model_150k75k150k/model2_joint_delta005_fulltrain_prog_unfreeze_splitcap120/model2_joint_delta005_fulltrain_prog_unfreeze_splitcap120_150k75k150k_seed0
Loading offline constituents...
Generating pseudo-HLT...
Non-priv target setup: added_target_scale=0.900, mean_true_added_raw=25.116, mean_target_added=22.604
Computing features...
Split sizes: Train=150000, Val=75000, Test=150000 (custom_counts=True)
Stage-B train subset: N=150000 / 150000 (frac=1.000, seed=0)

======================================================================
STEP 1: TEACHER + BASELINE
======================================================================
Teacher ep 5: train_auc=0.9439, val_auc=0.9469, val_fpr50=0.012873, best_auc=0.9469, fpr50@best=0.012873
Teacher ep 10: train_auc=0.9509, val_auc=0.9526, val_fpr50=0.010285, best_auc=0.9526, fpr50@best=0.010285
Teacher ep 15: train_auc=0.9549, val_auc=0.9522, val_fpr50=0.011025, best_auc=0.9529, fpr50@best=0.010068
Teacher ep 20: train_auc=0.9577, val_auc=0.9480, val_fpr50=0.013272, best_auc=0.9529, fpr50@best=0.010068
Teacher ep 25: train_auc=0.9610, val_auc=0.9513, val_fpr50=0.010954, best_auc=0.9539, fpr50@best=0.009423
Teacher ep 30: train_auc=0.9652, val_auc=0.9503, val_fpr50=0.011826, best_auc=0.9539, fpr50@best=0.009423
Teacher ep 35: train_auc=0.9696, val_auc=0.9496, val_fpr50=0.011791, best_auc=0.9539, fpr50@best=0.009423
Early stopping Teacher at epoch 37
Baseline ep 5: train_auc=0.9099, val_auc=0.9027, val_fpr50=0.028200, best_auc=0.9096, fpr50@best=0.027649
Baseline ep 10: train_auc=0.9173, val_auc=0.9176, val_fpr50=0.023106, best_auc=0.9185, fpr50@best=0.021131
Baseline ep 15: train_auc=0.9211, val_auc=0.9199, val_fpr50=0.021754, best_auc=0.9207, fpr50@best=0.019859
Baseline ep 20: train_auc=0.9251, val_auc=0.9232, val_fpr50=0.020238, best_auc=0.9232, fpr50@best=0.020238
Baseline ep 25: train_auc=0.9291, val_auc=0.9231, val_fpr50=0.020397, best_auc=0.9232, fpr50@best=0.020238
Baseline ep 30: train_auc=0.9336, val_auc=0.9194, val_fpr50=0.023387, best_auc=0.9235, fpr50@best=0.020215
Baseline ep 35: train_auc=0.9383, val_auc=0.9220, val_fpr50=0.021137, best_auc=0.9235, fpr50@best=0.020215
Baseline ep 40: train_auc=0.9435, val_auc=0.9181, val_fpr50=0.023374, best_auc=0.9235, fpr50@best=0.020215
Early stopping Baseline at epoch 41
StageC weak-delta HLT reference @TPR=0.50: threshold_prob=0.920016, val_auc_hlt=0.9235

======================================================================
STEP 2: STAGE A (RECONSTRUCTOR PRETRAIN)
======================================================================
Ep 5: train_total=26.1298, val_total_unw=28.8953, val_total_w=28.8953, select=unweighted, best_sel=24.5816 | set_unw=0.3061, phys_unw=0.2513, budget_unw=43.7646, fp_mass_unw=0.0098, w_set=1.000, w_budget=0.650, w_pt=0.700, w_local=0.030, stage_scale=0.35
Ep 10: train_total=24.9067, val_total_unw=25.0836, val_total_w=25.0836, select=unweighted, best_sel=24.5816 | set_unw=0.3099, phys_unw=0.1759, budget_unw=37.9625, fp_mass_unw=0.0091, w_set=1.000, w_budget=0.650, w_pt=0.700, w_local=0.030, stage_scale=0.35
Ep 15: train_total=24.5304, val_total_unw=26.2828, val_total_w=26.2828, select=unweighted, best_sel=24.0363 | set_unw=0.3014, phys_unw=0.2166, budget_unw=39.7863, fp_mass_unw=0.0087, w_set=1.000, w_budget=0.650, w_pt=0.700, w_local=0.030, stage_scale=0.35
Ep 20: train_total=24.2315, val_total_unw=24.9176, val_total_w=24.9176, select=unweighted, best_sel=24.0363 | set_unw=0.3027, phys_unw=0.1792, budget_unw=37.7154, fp_mass_unw=0.0084, w_set=1.000, w_budget=0.650, w_pt=0.700, w_local=0.030, stage_scale=0.35
Stage-A transition -> reloaded best from phase_035 (epoch=11, val_total=24.0363)
Ep 25: train_total=22.7305, val_total_unw=22.8469, val_total_w=22.8469, select=unweighted, best_sel=22.1463 | set_unw=0.3004, phys_unw=0.1744, budget_unw=34.5375, fp_mass_unw=0.0089, w_set=1.000, w_budget=0.650, w_pt=0.700, w_local=0.030, stage_scale=0.70
Ep 30: train_total=22.4957, val_total_unw=22.3423, val_total_w=22.3423, select=unweighted, best_sel=22.1463 | set_unw=0.2997, phys_unw=0.1629, budget_unw=33.7727, fp_mass_unw=0.0088, w_set=1.000, w_budget=0.650, w_pt=0.700, w_local=0.030, stage_scale=0.70
Ep 35: train_total=22.2428, val_total_unw=23.0802, val_total_w=23.0802, select=unweighted, best_sel=22.1463 | set_unw=0.2966, phys_unw=0.1861, budget_unw=34.8938, fp_mass_unw=0.0084, w_set=1.000, w_budget=0.650, w_pt=0.700, w_local=0.030, stage_scale=0.70
Ep 40: train_total=22.0855, val_total_unw=22.4601, val_total_w=22.4601, select=unweighted, best_sel=22.1463 | set_unw=0.2978, phys_unw=0.1674, budget_unw=33.9532, fp_mass_unw=0.0084, w_set=1.000, w_budget=0.650, w_pt=0.700, w_local=0.030, stage_scale=0.70
Ep 45: train_total=21.8710, val_total_unw=23.0358, val_total_w=23.0358, select=unweighted, best_sel=22.1463 | set_unw=0.2984, phys_unw=0.1681, budget_unw=34.8371, fp_mass_unw=0.0079, w_set=1.000, w_budget=0.650, w_pt=0.700, w_local=0.030, stage_scale=0.70
Ep 50: train_total=21.7057, val_total_unw=22.1885, val_total_w=22.1885, select=unweighted, best_sel=21.8847 | set_unw=0.2970, phys_unw=0.1619, budget_unw=33.5409, fp_mass_unw=0.0086, w_set=1.000, w_budget=0.650, w_pt=0.700, w_local=0.030, stage_scale=0.70
Ep 55: train_total=21.5541, val_total_unw=22.8580, val_total_w=22.8580, select=unweighted, best_sel=21.8847 | set_unw=0.2965, phys_unw=0.1737, budget_unw=34.5627, fp_mass_unw=0.0082, w_set=1.000, w_budget=0.650, w_pt=0.700, w_local=0.030, stage_scale=0.70
Stage-A transition -> reloaded best from phase_070 (epoch=48, val_total=21.8847)
Ep 60: train_total=21.2045, val_total_unw=22.3452, val_total_w=22.3452, select=unweighted, best_sel=21.8847 | set_unw=0.2947, phys_unw=0.1704, budget_unw=33.7785, fp_mass_unw=0.0083, w_set=1.000, w_budget=0.650, w_pt=0.700, w_local=0.030, stage_scale=1.00
Ep 65: train_total=21.0456, val_total_unw=22.2522, val_total_w=22.2522, select=unweighted, best_sel=21.8847 | set_unw=0.2939, phys_unw=0.1741, budget_unw=33.6341, fp_mass_unw=0.0081, w_set=1.000, w_budget=0.650, w_pt=0.700, w_local=0.030, stage_scale=1.00
Ep 70: train_total=20.8080, val_total_unw=22.1248, val_total_w=22.1248, select=unweighted, best_sel=21.5176 | set_unw=0.2942, phys_unw=0.1593, budget_unw=33.4494, fp_mass_unw=0.0083, w_set=1.000, w_budget=0.650, w_pt=0.700, w_local=0.030, stage_scale=1.00
Ep 75: train_total=20.5120, val_total_unw=21.7869, val_total_w=21.7869, select=unweighted, best_sel=21.5176 | set_unw=0.2946, phys_unw=0.1559, budget_unw=32.9317, fp_mass_unw=0.0082, w_set=1.000, w_budget=0.650, w_pt=0.700, w_local=0.030, stage_scale=1.00
Ep 80: train_total=20.1874, val_total_unw=22.0857, val_total_w=22.0857, select=unweighted, best_sel=21.5176 | set_unw=0.2953, phys_unw=0.1624, budget_unw=33.3853, fp_mass_unw=0.0079, w_set=1.000, w_budget=0.650, w_pt=0.700, w_local=0.030, stage_scale=1.00
Early stopping reconstructor at epoch 84

======================================================================
STEP 3: STAGE B (DUAL PRETRAIN, FROZEN RECONSTRUCTOR)
======================================================================
StageB-DualPretrain ep 5: train_loss=0.3755 (cls=0.3755, rank=0.3042, reco=0.0000, cons=0.1173, delta=0.0000, d_gain=0.0000, d_cost=0.0000, anc_p=0.0000, anc_o=0.0000) | val_auc_unw=0.9129, val_fpr50_unw=0.026812, val_auc_w=nan, val_fpr50_w=nan, val_metric_source=unweighted, select=auc, best_sel=0.913645, unfreeze=frozen, reco_trainable=0, dual_frozen=False, dual_trainable=2812673
StageB-DualPretrain ep 10: train_loss=0.3601 (cls=0.3601, rank=0.3022, reco=0.0000, cons=0.1173, delta=0.0000, d_gain=0.0000, d_cost=0.0000, anc_p=0.0000, anc_o=0.0000) | val_auc_unw=0.9215, val_fpr50_unw=0.020134, val_auc_w=nan, val_fpr50_w=nan, val_metric_source=unweighted, select=auc, best_sel=0.921505, unfreeze=frozen, reco_trainable=0, dual_frozen=False, dual_trainable=2812673
StageB-DualPretrain ep 15: train_loss=0.3527 (cls=0.3527, rank=0.3026, reco=0.0000, cons=0.1174, delta=0.0000, d_gain=0.0000, d_cost=0.0000, anc_p=0.0000, anc_o=0.0000) | val_auc_unw=0.9230, val_fpr50_unw=0.019990, val_auc_w=nan, val_fpr50_w=nan, val_metric_source=unweighted, select=auc, best_sel=0.922951, unfreeze=frozen, reco_trainable=0, dual_frozen=False, dual_trainable=2812673
StageB-DualPretrain ep 20: train_loss=0.3428 (cls=0.3428, rank=0.3016, reco=0.0000, cons=0.1174, delta=0.0000, d_gain=0.0000, d_cost=0.0000, anc_p=0.0000, anc_o=0.0000) | val_auc_unw=0.9234, val_fpr50_unw=0.019049, val_auc_w=nan, val_fpr50_w=nan, val_metric_source=unweighted, select=auc, best_sel=0.924972, unfreeze=frozen, reco_trainable=0, dual_frozen=False, dual_trainable=2812673
StageB-DualPretrain ep 25: train_loss=0.3327 (cls=0.3327, rank=0.3030, reco=0.0000, cons=0.1173, delta=0.0000, d_gain=0.0000, d_cost=0.0000, anc_p=0.0000, anc_o=0.0000) | val_auc_unw=0.9235, val_fpr50_unw=0.019782, val_auc_w=nan, val_fpr50_w=nan, val_metric_source=unweighted, select=auc, best_sel=0.924972, unfreeze=frozen, reco_trainable=0, dual_frozen=False, dual_trainable=2812673
StageB-DualPretrain ep 30: train_loss=0.3217 (cls=0.3217, rank=0.3048, reco=0.0000, cons=0.1174, delta=0.0000, d_gain=0.0000, d_cost=0.0000, anc_p=0.0000, anc_o=0.0000) | val_auc_unw=0.9229, val_fpr50_unw=0.020094, val_auc_w=nan, val_fpr50_w=nan, val_metric_source=unweighted, select=auc, best_sel=0.924972, unfreeze=frozen, reco_trainable=0, dual_frozen=False, dual_trainable=2812673
Early stopping StageB-DualPretrain at epoch 31

======================================================================
STEP 4: STAGE C (JOINT FINETUNE)
======================================================================
StageC-Joint ep 1: train_loss=8.8652 (cls=0.3367, rank=0.3019, reco=20.9759, cons=0.1187, delta=0.1100, d_gain=0.1901, d_cost=0.1001, anc_p=0.0000, anc_o=6.5167) | val_auc_unw=0.9258, val_fpr50_unw=0.018106, val_auc_w=nan, val_fpr50_w=nan, val_metric_source=unweighted, select=auc, best_sel=0.925833, unfreeze=heads, reco_trainable=764058, dual_frozen=False, dual_trainable=2812673
StageC-Joint ep 2: train_loss=8.8288 (cls=0.3339, rank=0.3019, reco=20.9057, cons=0.1179, delta=0.1059, d_gain=0.1900, d_cost=0.0986, anc_p=0.0000, anc_o=6.4012) | val_auc_unw=0.9262, val_fpr50_unw=0.017609, val_auc_w=nan, val_fpr50_w=nan, val_metric_source=unweighted, select=auc, best_sel=0.926242, unfreeze=heads, reco_trainable=764058, dual_frozen=False, dual_trainable=2812673
StageC-Joint ep 3: train_loss=8.8078 (cls=0.3319, rank=0.3027, reco=20.8658, cons=0.1178, delta=0.1010, d_gain=0.1904, d_cost=0.0971, anc_p=0.0000, anc_o=6.4103) | val_auc_unw=0.9264, val_fpr50_unw=0.017687, val_auc_w=nan, val_fpr50_w=nan, val_metric_source=unweighted, select=auc, best_sel=0.926431, unfreeze=heads, reco_trainable=764058, dual_frozen=False, dual_trainable=2812673
StageC-Joint ep 4: train_loss=8.7855 (cls=0.3314, rank=0.3029, reco=20.8236, cons=0.1176, delta=0.0982, d_gain=0.1903, d_cost=0.0962, anc_p=0.0000, anc_o=6.3072) | val_auc_unw=0.9263, val_fpr50_unw=0.017890, val_auc_w=nan, val_fpr50_w=nan, val_metric_source=unweighted, select=auc, best_sel=0.926431, unfreeze=lastk, reco_trainable=2343578, dual_frozen=False, dual_trainable=2812673
StageC-Joint ep 5: train_loss=8.7654 (cls=0.3311, rank=0.3032, reco=20.7841, cons=0.1176, delta=0.0956, d_gain=0.1903, d_cost=0.0953, anc_p=0.0000, anc_o=6.2437) | val_auc_unw=0.9263, val_fpr50_unw=0.017960, val_auc_w=nan, val_fpr50_w=nan, val_metric_source=unweighted, select=auc, best_sel=0.926431, unfreeze=lastk, reco_trainable=2343578, dual_frozen=False, dual_trainable=2812673
StageC-Joint ep 6: train_loss=8.7605 (cls=0.3311, rank=0.3033, reco=20.7807, cons=0.1175, delta=0.0943, d_gain=0.1900, d_cost=0.0948, anc_p=0.0000, anc_o=6.2047) | val_auc_unw=0.9265, val_fpr50_unw=0.017941, val_auc_w=nan, val_fpr50_w=nan, val_metric_source=unweighted, select=auc, best_sel=0.926456, unfreeze=lastk, reco_trainable=2343578, dual_frozen=False, dual_trainable=2812673
StageC-Joint ep 7: train_loss=8.7558 (cls=0.3300, rank=0.3034, reco=20.7763, cons=0.1176, delta=0.0914, d_gain=0.1901, d_cost=0.0938, anc_p=0.0000, anc_o=6.2542) | val_auc_unw=0.9266, val_fpr50_unw=0.017961, val_auc_w=nan, val_fpr50_w=nan, val_metric_source=unweighted, select=auc, best_sel=0.926555, unfreeze=lastk, reco_trainable=2343578, dual_frozen=False, dual_trainable=2812673
StageC-Joint ep 8: train_loss=8.7070 (cls=0.3304, rank=0.3044, reco=20.6699, cons=0.1175, delta=0.0900, d_gain=0.1898, d_cost=0.0933, anc_p=0.0000, anc_o=6.0119) | val_auc_unw=0.9265, val_fpr50_unw=0.018134, val_auc_w=nan, val_fpr50_w=nan, val_metric_source=unweighted, select=auc, best_sel=0.926555, unfreeze=all, reco_trainable=7098018, dual_frozen=False, dual_trainable=2812673
StageC-Joint ep 9: train_loss=8.6791 (cls=0.3292, rank=0.3044, reco=20.6097, cons=0.1175, delta=0.0878, d_gain=0.1899, d_cost=0.0926, anc_p=0.0000, anc_o=6.0339) | val_auc_unw=0.9265, val_fpr50_unw=0.018125, val_auc_w=nan, val_fpr50_w=nan, val_metric_source=unweighted, select=auc, best_sel=0.926555, unfreeze=all, reco_trainable=7098018, dual_frozen=False, dual_trainable=2812673
StageC-Joint ep 10: train_loss=8.6629 (cls=0.3291, rank=0.3050, reco=20.5789, cons=0.1176, delta=0.0869, d_gain=0.1905, d_cost=0.0925, anc_p=0.0000, anc_o=5.9789) | val_auc_unw=0.9265, val_fpr50_unw=0.018006, val_auc_w=nan, val_fpr50_w=nan, val_metric_source=unweighted, select=auc, best_sel=0.926555, unfreeze=all, reco_trainable=7098018, dual_frozen=False, dual_trainable=2812673
StageC-Joint ep 11: train_loss=8.6526 (cls=0.3288, rank=0.3043, reco=20.5566, cons=0.1176, delta=0.0871, d_gain=0.1902, d_cost=0.0924, anc_p=0.0000, anc_o=6.0878) | val_auc_unw=0.9261, val_fpr50_unw=0.018295, val_auc_w=nan, val_fpr50_w=nan, val_metric_source=unweighted, select=auc, best_sel=0.926555, unfreeze=all, reco_trainable=7098018, dual_frozen=False, dual_trainable=2812673
StageC-Joint ep 12: train_loss=8.6524 (cls=0.3281, rank=0.3050, reco=20.5636, cons=0.1176, delta=0.0858, d_gain=0.1905, d_cost=0.0921, anc_p=0.0000, anc_o=6.1178) | val_auc_unw=0.9261, val_fpr50_unw=0.018167, val_auc_w=nan, val_fpr50_w=nan, val_metric_source=unweighted, select=auc, best_sel=0.926555, unfreeze=all, reco_trainable=7098018, dual_frozen=False, dual_trainable=2812673
StageC-Joint ep 13: train_loss=8.6475 (cls=0.3284, rank=0.3038, reco=20.5577, cons=0.1176, delta=0.0857, d_gain=0.1903, d_cost=0.0920, anc_p=0.0000, anc_o=6.1015) | val_auc_unw=0.9263, val_fpr50_unw=0.018212, val_auc_w=nan, val_fpr50_w=nan, val_metric_source=unweighted, select=auc, best_sel=0.926555, unfreeze=all, reco_trainable=7098018, dual_frozen=False, dual_trainable=2812673
StageC-Joint ep 14: train_loss=8.6422 (cls=0.3287, rank=0.3042, reco=20.5486, cons=0.1174, delta=0.0854, d_gain=0.1903, d_cost=0.0919, anc_p=0.0000, anc_o=6.1439) | val_auc_unw=0.9263, val_fpr50_unw=0.017909, val_auc_w=nan, val_fpr50_w=nan, val_metric_source=unweighted, select=auc, best_sel=0.926555, unfreeze=all, reco_trainable=7098018, dual_frozen=False, dual_trainable=2812673
StageC-Joint ep 15: train_loss=8.6352 (cls=0.3279, rank=0.3050, reco=20.5389, cons=0.1176, delta=0.0854, d_gain=0.1907, d_cost=0.0920, anc_p=0.0001, anc_o=6.1589) | val_auc_unw=0.9263, val_fpr50_unw=0.018486, val_auc_w=nan, val_fpr50_w=nan, val_metric_source=unweighted, select=auc, best_sel=0.926555, unfreeze=all, reco_trainable=7098018, dual_frozen=False, dual_trainable=2812673
StageC-Joint ep 16: train_loss=8.6229 (cls=0.3283, rank=0.3041, reco=20.5145, cons=0.1176, delta=0.0859, d_gain=0.1903, d_cost=0.0921, anc_p=0.0001, anc_o=6.1134) | val_auc_unw=0.9263, val_fpr50_unw=0.018475, val_auc_w=nan, val_fpr50_w=nan, val_metric_source=unweighted, select=auc, best_sel=0.926555, unfreeze=all, reco_trainable=7098018, dual_frozen=False, dual_trainable=2812673
StageC-Joint ep 17: train_loss=8.6172 (cls=0.3284, rank=0.3047, reco=20.5043, cons=0.1175, delta=0.0845, d_gain=0.1902, d_cost=0.0916, anc_p=0.0001, anc_o=6.1704) | val_auc_unw=0.9262, val_fpr50_unw=0.018195, val_auc_w=nan, val_fpr50_w=nan, val_metric_source=unweighted, select=auc, best_sel=0.926555, unfreeze=all, reco_trainable=7098018, dual_frozen=False, dual_trainable=2812673
StageC-Joint ep 18: train_loss=8.6123 (cls=0.3276, rank=0.3043, reco=20.4996, cons=0.1176, delta=0.0844, d_gain=0.1904, d_cost=0.0916, anc_p=0.0001, anc_o=6.1746) | val_auc_unw=0.9263, val_fpr50_unw=0.018092, val_auc_w=nan, val_fpr50_w=nan, val_metric_source=unweighted, select=auc, best_sel=0.926555, unfreeze=all, reco_trainable=7098018, dual_frozen=False, dual_trainable=2812673
StageC-Joint ep 19: train_loss=8.6061 (cls=0.3278, rank=0.3052, reco=20.4870, cons=0.1177, delta=0.0843, d_gain=0.1906, d_cost=0.0916, anc_p=0.0001, anc_o=6.2526) | val_auc_unw=0.9262, val_fpr50_unw=0.018157, val_auc_w=nan, val_fpr50_w=nan, val_metric_source=unweighted, select=auc, best_sel=0.926555, unfreeze=all, reco_trainable=7098018, dual_frozen=False, dual_trainable=2812673
StageC-Joint ep 20: train_loss=8.6099 (cls=0.3275, rank=0.3044, reco=20.5058, cons=0.1176, delta=0.0845, d_gain=0.1910, d_cost=0.0918, anc_p=0.0001, anc_o=6.1397) | val_auc_unw=0.9263, val_fpr50_unw=0.018073, val_auc_w=nan, val_fpr50_w=nan, val_metric_source=unweighted, select=auc, best_sel=0.926555, unfreeze=all, reco_trainable=7098018, dual_frozen=False, dual_trainable=2812673
StageC-Joint ep 21: train_loss=8.5996 (cls=0.3266, rank=0.3047, reco=20.4860, cons=0.1177, delta=0.0839, d_gain=0.1906, d_cost=0.0915, anc_p=0.0001, anc_o=6.1910) | val_auc_unw=0.9262, val_fpr50_unw=0.017942, val_auc_w=nan, val_fpr50_w=nan, val_metric_source=unweighted, select=auc, best_sel=0.926555, unfreeze=all, reco_trainable=7098018, dual_frozen=False, dual_trainable=2812673
StageC-Joint ep 22: train_loss=8.5986 (cls=0.3265, rank=0.3047, reco=20.4866, cons=0.1176, delta=0.0828, d_gain=0.1905, d_cost=0.0911, anc_p=0.0001, anc_o=6.2819) | val_auc_unw=0.9261, val_fpr50_unw=0.018329, val_auc_w=nan, val_fpr50_w=nan, val_metric_source=unweighted, select=auc, best_sel=0.926555, unfreeze=all, reco_trainable=7098018, dual_frozen=False, dual_trainable=2812673
StageC-Joint ep 23: train_loss=8.5943 (cls=0.3261, rank=0.3041, reco=20.4834, cons=0.1176, delta=0.0833, d_gain=0.1908, d_cost=0.0913, anc_p=0.0001, anc_o=6.2088) | val_auc_unw=0.9262, val_fpr50_unw=0.018132, val_auc_w=nan, val_fpr50_w=nan, val_metric_source=unweighted, select=auc, best_sel=0.926555, unfreeze=all, reco_trainable=7098018, dual_frozen=False, dual_trainable=2812673
StageC-Joint ep 24: train_loss=8.5880 (cls=0.3275, rank=0.3050, reco=20.4684, cons=0.1176, delta=0.0839, d_gain=0.1907, d_cost=0.0915, anc_p=0.0001, anc_o=6.2314) | val_auc_unw=0.9258, val_fpr50_unw=0.018235, val_auc_w=nan, val_fpr50_w=nan, val_metric_source=unweighted, select=auc, best_sel=0.926555, unfreeze=all, reco_trainable=7098018, dual_frozen=False, dual_trainable=2812673
StageC-Joint ep 25: train_loss=8.5859 (cls=0.3264, rank=0.3053, reco=20.4721, cons=0.1176, delta=0.0830, d_gain=0.1908, d_cost=0.0913, anc_p=0.0001, anc_o=6.1696) | val_auc_unw=0.9262, val_fpr50_unw=0.018141, val_auc_w=nan, val_fpr50_w=nan, val_metric_source=unweighted, select=auc, best_sel=0.926555, unfreeze=all, reco_trainable=7098018, dual_frozen=False, dual_trainable=2812673
Early stopping StageC-Joint at epoch 25

======================================================================
STEP 5: RECONSTRUCTION DIAGNOSTICS
======================================================================

Jet pT response/resolution by truth pT bin (test split):
  pT_low - pT_high | N | HLT resp | HLT reso | Corrected resp | Corrected reso
  172739.4 - 504068.9 | 18750 | 0.8681 | 0.1516 | 1.0476 | 0.1615
  504068.9 - 773424.6 | 18750 | 0.8445 | 0.1720 | 0.9970 | 0.1901
  773424.6 - 1093714.0 | 18750 | 0.8330 | 0.1869 | 0.9691 | 0.2022
  1093714.0 - 1365805.0 | 18750 | 0.8218 | 0.2022 | 0.9426 | 0.2157
  1365805.0 - 1711763.0 | 18750 | 0.8203 | 0.2056 | 0.9298 | 0.2170
  1711763.0 - 2155283.2 | 18750 | 0.8155 | 0.2123 | 0.9132 | 0.2233
  2155283.2 - 2633962.7 | 18750 | 0.8110 | 0.2225 | 0.8963 | 0.2325
  2633962.7 - 4355157.0 | 18750 | 0.7996 | 0.2295 | 0.8747 | 0.2386

Constituent-count diagnostics:
  Means: offline=54.297, hlt=29.181, reco=51.669
  MAE vs offline: hlt=25.116, reco=5.311

Budget diagnostics (test split):
  MAE: merge=5.248, eff=0.000, total=5.248
  Bias: merge=-2.262, eff=0.000, total=-2.262

======================================================================
FINAL TEST EVALUATION
======================================================================
Teacher (Offline) AUC: 0.9533
Baseline (HLT)   AUC: 0.9214
Stage2 (PreJoint) AUC: 0.9227
Stage2 (BestValFPR50) AUC: 0.9226
Joint Dual-View  AUC: 0.9247
Joint Dual-View (BestValFPR50) AUC: 0.9243

FPR@30 Teacher/Baseline/Stage2/Joint: 0.002131 / 0.005524 / 0.005071 / 0.004728
FPR@30 Stage2BestFPR / JointBestFPR: 0.005140 / 0.004795
FPR@50 Teacher/Baseline/Stage2/Joint: 0.009940 / 0.021587 / 0.019913 / 0.018984
FPR@50 Stage2BestFPR / JointBestFPR: 0.020153 / 0.019091
Saving val/test score arrays for fusion analysis...
Saved fusion score arrays to: checkpoints/reco_teacher_joint_fusion_6model_150k75k150k/model2_joint_delta005_fulltrain_prog_unfreeze_splitcap120/model2_joint_delta005_fulltrain_prog_unfreeze_splitcap120_150k75k150k_seed0/fusion_scores_val_test.npz

Saved joint results to: checkpoints/reco_teacher_joint_fusion_6model_150k75k150k/model2_joint_delta005_fulltrain_prog_unfreeze_splitcap120/model2_joint_delta005_fulltrain_prog_unfreeze_splitcap120_150k75k150k_seed0
Done: checkpoints/reco_teacher_joint_fusion_6model_150k75k150k/model2_joint_delta005_fulltrain_prog_unfreeze_splitcap120/model2_joint_delta005_fulltrain_prog_unfreeze_splitcap120_150k75k150k_seed0
