============================================================
Model-2 Joint IterRefine+EffSplit (Dual-view)
SetLoss=Hungarian, L_phys=L_pt_ratio=L_e_ratio=0, target_split=0.85/0.15, target_scale=1.0
Run: checkpoints/reco_teacher_joint_fusion_6model_150k75k150k/model2_joint_hungarian_iterrefine_effsplit/model2_joint_hungarian_iterrefine_effsplit_fixed_warm_150k75k150k_seed0
HLT edit mode: fixed
Warm start mode: warm
Warm start run dir: checkpoints/reco_teacher_joint_fusion_6model_150k75k150k/model2_joint_hungarian_nophys_noratio/model2_joint_hungarian_nophys_noratio_150k75k150k_seed0
Split: train=150000, val=75000, test=150000
============================================================
 python offline_reconstructor_joint_dualview_stage2save_auc_norankc_nopriv_iterrefine_effsplit.py --save_dir checkpoints/reco_teacher_joint_fusion_6model_150k75k150k/model2_joint_hungarian_iterrefine_effsplit --run_name model2_joint_hungarian_iterrefine_effsplit_fixed_warm_150k75k150k_seed0 --n_train_jets 375000 --n_train_split 150000 --n_val_split 75000 --n_test_split 150000 --offset_jets 0 --max_constits 100 --num_workers 6 --seed 0 --selection_metric auc --stageB_lambda_rank 0.0 --stageB_lambda_cons 0.0 --stageC_lr_dual 1e-5 --stageC_lr_reco 5e-6 --lambda_reco 0.4 --lambda_cons 0.06 --stageC_lambda_delta 0.05 --stageC_delta_tau 0.05 --stageC_delta_lambda_fp 3.0 --stageC_delta_warmup_epochs 8 --added_target_scale 1.0 --added_target_merge_frac 0.85 --iter_steps_early 1 --iter_steps_mid 3 --iter_steps_late 5 --iter_cap_logpt 0.05 --iter_cap_eta 0.02 --iter_cap_phi 0.02 --iter_cap_loge 0.05 --iter_hlt_edit_mode fixed --iter_hlt_edit_scale 0.25 --warm_start_mode warm --warm_start_run_dir checkpoints/reco_teacher_joint_fusion_6model_150k75k150k/model2_joint_hungarian_nophys_noratio/model2_joint_hungarian_nophys_noratio_150k75k150k_seed0 --loss_set_mode hungarian --loss_w_phys 0.0 --loss_w_pt_ratio 0.0 --loss_w_e_ratio 0.0 --loss_w_local 0.05 --save_fusion_scores --disable_final_kd --device cuda
Device: cuda
Save dir: checkpoints/reco_teacher_joint_fusion_6model_150k75k150k/model2_joint_hungarian_iterrefine_effsplit/model2_joint_hungarian_iterrefine_effsplit_fixed_warm_150k75k150k_seed0
Loading offline constituents...
Generating pseudo-HLT...
Non-priv target setup: added_target_scale=1.000, mean_true_added_raw=25.116, split merge/eff=0.85/0.15, mean_target_merge=21.349, mean_target_eff=3.767
Computing features...
Split sizes: Train=150000, Val=75000, Test=150000 (custom_counts=True)
Stage-B train subset: N=150000 / 150000 (frac=1.000, seed=0)

======================================================================
STEP 1: TEACHER + BASELINE
======================================================================
Teacher ep 5: train_auc=0.9439, val_auc=0.9469, val_fpr50=0.012873, best_auc=0.9469, fpr50@best=0.012873
Teacher ep 10: train_auc=0.9509, val_auc=0.9526, val_fpr50=0.010285, best_auc=0.9526, fpr50@best=0.010285
Teacher ep 15: train_auc=0.9549, val_auc=0.9522, val_fpr50=0.011025, best_auc=0.9529, fpr50@best=0.010068
Teacher ep 20: train_auc=0.9577, val_auc=0.9480, val_fpr50=0.013272, best_auc=0.9529, fpr50@best=0.010068
Teacher ep 25: train_auc=0.9610, val_auc=0.9513, val_fpr50=0.010954, best_auc=0.9539, fpr50@best=0.009423
Teacher ep 30: train_auc=0.9652, val_auc=0.9503, val_fpr50=0.011826, best_auc=0.9539, fpr50@best=0.009423
Teacher ep 35: train_auc=0.9696, val_auc=0.9496, val_fpr50=0.011791, best_auc=0.9539, fpr50@best=0.009423
Early stopping Teacher at epoch 37
Baseline ep 5: train_auc=0.9099, val_auc=0.9027, val_fpr50=0.028200, best_auc=0.9096, fpr50@best=0.027649
Baseline ep 10: train_auc=0.9173, val_auc=0.9176, val_fpr50=0.023106, best_auc=0.9185, fpr50@best=0.021131
Baseline ep 15: train_auc=0.9211, val_auc=0.9199, val_fpr50=0.021754, best_auc=0.9207, fpr50@best=0.019859
Baseline ep 20: train_auc=0.9251, val_auc=0.9232, val_fpr50=0.020238, best_auc=0.9232, fpr50@best=0.020238
Baseline ep 25: train_auc=0.9291, val_auc=0.9231, val_fpr50=0.020397, best_auc=0.9232, fpr50@best=0.020238
Baseline ep 30: train_auc=0.9336, val_auc=0.9194, val_fpr50=0.023387, best_auc=0.9235, fpr50@best=0.020215
Baseline ep 35: train_auc=0.9383, val_auc=0.9220, val_fpr50=0.021137, best_auc=0.9235, fpr50@best=0.020215
Baseline ep 40: train_auc=0.9435, val_auc=0.9181, val_fpr50=0.023374, best_auc=0.9235, fpr50@best=0.020215
Early stopping Baseline at epoch 41
StageC weak-delta HLT reference @TPR=0.50: threshold_prob=0.920016, val_auc_hlt=0.9235

======================================================================
STEP 2: STAGE A (RECONSTRUCTOR PRETRAIN)
======================================================================
[warn] warm-start reco (/home/ryreu/atlas/PracticeTagging/checkpoints/reco_teacher_joint_fusion_6model_150k75k150k/model2_joint_hungarian_nophys_noratio/model2_joint_hungarian_nophys_noratio_150k75k150k_seed0/offline_reconstructor_stage2.pt): strict load failed, fallback to shape_compatible_only(loaded=142, missing=4, unexpected=0) because Error(s) in loading state_dict for OfflineReconstructorIterative:
	Missing key(s) in state_dict: "iter_refiner.0.weight", "iter_refiner.0.bias", "iter_refiner.2.weight", "iter_refiner.2.bias". 
Warm-start reconstructor loaded from: /home/ryreu/atlas/PracticeTagging/checkpoints/reco_teacher_joint_fusion_6model_150k75k150k/model2_joint_hungarian_nophys_noratio/model2_joint_hungarian_nophys_noratio_150k75k150k_seed0/offline_reconstructor_stage2.pt [shape_compatible_only(loaded=142, missing=4, unexpected=0)]
Ep 5: train_total=23.4083, val_total_unw=28.8035, val_total_w=28.8035, select=unweighted, best_sel=27.7897 | set_unw=1.4024, phys_unw=0.7376, budget_unw=42.0185, fp_mass_unw=0.2125, w_set=1.000, w_budget=0.650, w_pt=0.000, w_local=0.050, stage_scale=0.35
Ep 10: train_total=23.3110, val_total_unw=29.1552, val_total_w=29.1552, select=unweighted, best_sel=27.7897 | set_unw=1.3920, phys_unw=0.7450, budget_unw=42.5757, fp_mass_unw=0.2146, w_set=1.000, w_budget=0.650, w_pt=0.000, w_local=0.050, stage_scale=0.35
Ep 15: train_total=23.1356, val_total_unw=28.2412, val_total_w=28.2412, select=unweighted, best_sel=27.7897 | set_unw=1.3853, phys_unw=0.7343, budget_unw=41.1798, fp_mass_unw=0.2085, w_set=1.000, w_budget=0.650, w_pt=0.000, w_local=0.050, stage_scale=0.35
Ep 20: train_total=22.9242, val_total_unw=28.4259, val_total_w=28.4259, select=unweighted, best_sel=27.7897 | set_unw=1.3801, phys_unw=0.7380, budget_unw=41.4719, fp_mass_unw=0.2089, w_set=1.000, w_budget=0.650, w_pt=0.000, w_local=0.050, stage_scale=0.35
Stage-A transition -> reloaded best from phase_035 (epoch=1, val_total=27.7897)
Ep 25: train_total=22.2837, val_total_unw=24.7222, val_total_w=24.7222, select=unweighted, best_sel=23.3820 | set_unw=1.4157, phys_unw=0.7097, budget_unw=35.7222, fp_mass_unw=0.1179, w_set=1.000, w_budget=0.650, w_pt=0.000, w_local=0.050, stage_scale=0.70
Ep 30: train_total=22.1536, val_total_unw=24.6708, val_total_w=24.6708, select=unweighted, best_sel=23.3820 | set_unw=1.4161, phys_unw=0.7133, budget_unw=35.6424, fp_mass_unw=0.1206, w_set=1.000, w_budget=0.650, w_pt=0.000, w_local=0.050, stage_scale=0.70
Ep 35: train_total=21.9509, val_total_unw=23.5621, val_total_w=23.5621, select=unweighted, best_sel=23.3820 | set_unw=1.4117, phys_unw=0.7090, budget_unw=33.9435, fp_mass_unw=0.1219, w_set=1.000, w_budget=0.650, w_pt=0.000, w_local=0.050, stage_scale=0.70
Ep 40: train_total=21.7323, val_total_unw=23.2859, val_total_w=23.2859, select=unweighted, best_sel=23.2859 | set_unw=1.4082, phys_unw=0.7044, budget_unw=33.5241, fp_mass_unw=0.1222, w_set=1.000, w_budget=0.650, w_pt=0.000, w_local=0.050, stage_scale=0.70
Ep 45: train_total=21.4340, val_total_unw=23.9525, val_total_w=23.9525, select=unweighted, best_sel=23.2859 | set_unw=1.4121, phys_unw=0.7132, budget_unw=34.5436, fp_mass_unw=0.1250, w_set=1.000, w_budget=0.650, w_pt=0.000, w_local=0.050, stage_scale=0.70
Ep 50: train_total=21.0674, val_total_unw=23.7409, val_total_w=23.7409, select=unweighted, best_sel=23.2859 | set_unw=1.4031, phys_unw=0.7091, budget_unw=34.2317, fp_mass_unw=0.1231, w_set=1.000, w_budget=0.650, w_pt=0.000, w_local=0.050, stage_scale=0.70
Ep 55: train_total=20.5770, val_total_unw=23.9969, val_total_w=23.9969, select=unweighted, best_sel=23.2859 | set_unw=1.4095, phys_unw=0.7123, budget_unw=34.6160, fp_mass_unw=0.1249, w_set=1.000, w_budget=0.650, w_pt=0.000, w_local=0.050, stage_scale=0.70
Stage-A transition -> reloaded best from phase_070 (epoch=40, val_total=23.2859)
Ep 60: train_total=21.2418, val_total_unw=24.1688, val_total_w=24.1688, select=unweighted, best_sel=22.6360 | set_unw=1.4201, phys_unw=0.7034, budget_unw=34.8653, fp_mass_unw=0.0928, w_set=1.000, w_budget=0.650, w_pt=0.000, w_local=0.050, stage_scale=1.00
Ep 65: train_total=20.8427, val_total_unw=22.9145, val_total_w=22.9145, select=unweighted, best_sel=22.6274 | set_unw=1.4170, phys_unw=0.7026, budget_unw=32.9403, fp_mass_unw=0.0941, w_set=1.000, w_budget=0.650, w_pt=0.000, w_local=0.050, stage_scale=1.00
Ep 70: train_total=20.3737, val_total_unw=22.7939, val_total_w=22.7939, select=unweighted, best_sel=22.6274 | set_unw=1.4102, phys_unw=0.7003, budget_unw=32.7646, fp_mass_unw=0.0937, w_set=1.000, w_budget=0.650, w_pt=0.000, w_local=0.050, stage_scale=1.00
Ep 75: train_total=19.8028, val_total_unw=23.5742, val_total_w=23.5742, select=unweighted, best_sel=22.6274 | set_unw=1.4182, phys_unw=0.7016, budget_unw=33.9531, fp_mass_unw=0.0925, w_set=1.000, w_budget=0.650, w_pt=0.000, w_local=0.050, stage_scale=1.00
Early stopping reconstructor at epoch 79

======================================================================
STEP 3: STAGE B (DUAL PRETRAIN, FROZEN RECONSTRUCTOR)
======================================================================
Warm-start dual loaded from: /home/ryreu/atlas/PracticeTagging/checkpoints/reco_teacher_joint_fusion_6model_150k75k150k/model2_joint_hungarian_nophys_noratio/model2_joint_hungarian_nophys_noratio_150k75k150k_seed0/dual_joint_stage2.pt [strict]
StageB-DualPretrain ep 5: train_loss=0.3416 (cls=0.3416, rank=0.3030, reco=0.0000, cons=0.1861, delta=0.0000, d_gain=0.0000, d_cost=0.0000, anc_p=0.0000, anc_o=0.0000) | val_auc_unw=0.9221, val_fpr50_unw=0.019617, val_auc_w=nan, val_fpr50_w=nan, val_metric_source=unweighted, select=auc, best_sel=0.925691, unfreeze=frozen, reco_trainable=0, dual_frozen=False, dual_trainable=2812673
StageB-DualPretrain ep 10: train_loss=0.3362 (cls=0.3362, rank=0.3031, reco=0.0000, cons=0.1861, delta=0.0000, d_gain=0.0000, d_cost=0.0000, anc_p=0.0000, anc_o=0.0000) | val_auc_unw=0.9216, val_fpr50_unw=0.020481, val_auc_w=nan, val_fpr50_w=nan, val_metric_source=unweighted, select=auc, best_sel=0.925691, unfreeze=frozen, reco_trainable=0, dual_frozen=False, dual_trainable=2812673
Early stopping StageB-DualPretrain at epoch 13

======================================================================
STEP 4: STAGE C (JOINT FINETUNE)
======================================================================
StageC-Joint ep 1: train_loss=8.6089 (cls=0.3297, rank=0.2993, reco=20.6681, cons=0.1880, delta=0.1046, d_gain=0.1900, d_cost=0.0982, anc_p=0.0000, anc_o=0.0000) | val_auc_unw=0.9265, val_fpr50_unw=0.017957, val_auc_w=nan, val_fpr50_w=nan, val_metric_source=unweighted, select=auc, best_sel=0.926467, unfreeze=all, reco_trainable=7099686, dual_frozen=False, dual_trainable=2812673
StageC-Joint ep 2: train_loss=8.5474 (cls=0.3284, rank=0.3016, reco=20.5161, cons=0.1881, delta=0.1005, d_gain=0.1908, d_cost=0.0971, anc_p=0.0000, anc_o=0.0000) | val_auc_unw=0.9266, val_fpr50_unw=0.017931, val_auc_w=nan, val_fpr50_w=nan, val_metric_source=unweighted, select=auc, best_sel=0.926621, unfreeze=all, reco_trainable=7099686, dual_frozen=False, dual_trainable=2812673
StageC-Joint ep 3: train_loss=8.5061 (cls=0.3283, rank=0.3036, reco=20.4118, cons=0.1882, delta=0.0959, d_gain=0.1911, d_cost=0.0957, anc_p=0.0000, anc_o=0.0000) | val_auc_unw=0.9265, val_fpr50_unw=0.017982, val_auc_w=nan, val_fpr50_w=nan, val_metric_source=unweighted, select=auc, best_sel=0.926621, unfreeze=all, reco_trainable=7099686, dual_frozen=False, dual_trainable=2812673
StageC-Joint ep 4: train_loss=8.4801 (cls=0.3273, rank=0.3042, reco=20.3481, cons=0.1883, delta=0.0926, d_gain=0.1911, d_cost=0.0945, anc_p=0.0000, anc_o=0.0000) | val_auc_unw=0.9265, val_fpr50_unw=0.018130, val_auc_w=nan, val_fpr50_w=nan, val_metric_source=unweighted, select=auc, best_sel=0.926621, unfreeze=all, reco_trainable=7099686, dual_frozen=False, dual_trainable=2812673
StageC-Joint ep 5: train_loss=8.4589 (cls=0.3269, rank=0.3044, reco=20.2945, cons=0.1883, delta=0.0912, d_gain=0.1913, d_cost=0.0942, anc_p=0.0000, anc_o=0.0000) | val_auc_unw=0.9265, val_fpr50_unw=0.018359, val_auc_w=nan, val_fpr50_w=nan, val_metric_source=unweighted, select=auc, best_sel=0.926621, unfreeze=all, reco_trainable=7099686, dual_frozen=False, dual_trainable=2812673
StageC-Joint ep 6: train_loss=8.4571 (cls=0.3272, rank=0.3044, reco=20.2882, cons=0.1883, delta=0.0889, d_gain=0.1911, d_cost=0.0933, anc_p=0.0000, anc_o=0.0000) | val_auc_unw=0.9263, val_fpr50_unw=0.018158, val_auc_w=nan, val_fpr50_w=nan, val_metric_source=unweighted, select=auc, best_sel=0.926621, unfreeze=all, reco_trainable=7099686, dual_frozen=False, dual_trainable=2812673
StageC-Joint ep 7: train_loss=8.4273 (cls=0.3255, rank=0.3046, reco=20.2169, cons=0.1884, delta=0.0860, d_gain=0.1912, d_cost=0.0924, anc_p=0.0000, anc_o=0.0000) | val_auc_unw=0.9268, val_fpr50_unw=0.018239, val_auc_w=nan, val_fpr50_w=nan, val_metric_source=unweighted, select=auc, best_sel=0.926765, unfreeze=all, reco_trainable=7099686, dual_frozen=False, dual_trainable=2812673
StageC-Joint ep 8: train_loss=8.4254 (cls=0.3262, rank=0.3046, reco=20.2092, cons=0.1883, delta=0.0848, d_gain=0.1908, d_cost=0.0919, anc_p=0.0000, anc_o=0.0000) | val_auc_unw=0.9262, val_fpr50_unw=0.018348, val_auc_w=nan, val_fpr50_w=nan, val_metric_source=unweighted, select=auc, best_sel=0.926765, unfreeze=all, reco_trainable=7099686, dual_frozen=False, dual_trainable=2812673
StageC-Joint ep 9: train_loss=8.4169 (cls=0.3263, rank=0.3051, reco=20.1879, cons=0.1884, delta=0.0839, d_gain=0.1908, d_cost=0.0916, anc_p=0.0000, anc_o=0.0000) | val_auc_unw=0.9264, val_fpr50_unw=0.018378, val_auc_w=nan, val_fpr50_w=nan, val_metric_source=unweighted, select=auc, best_sel=0.926765, unfreeze=all, reco_trainable=7099686, dual_frozen=False, dual_trainable=2812673
StageC-Joint ep 10: train_loss=8.4019 (cls=0.3257, rank=0.3047, reco=20.1517, cons=0.1884, delta=0.0831, d_gain=0.1908, d_cost=0.0913, anc_p=0.0000, anc_o=0.0000) | val_auc_unw=0.9265, val_fpr50_unw=0.018274, val_auc_w=nan, val_fpr50_w=nan, val_metric_source=unweighted, select=auc, best_sel=0.926765, unfreeze=all, reco_trainable=7099686, dual_frozen=False, dual_trainable=2812673
StageC-Joint ep 11: train_loss=8.3976 (cls=0.3253, rank=0.3049, reco=20.1421, cons=0.1885, delta=0.0834, d_gain=0.1913, d_cost=0.0916, anc_p=0.0000, anc_o=0.0000) | val_auc_unw=0.9264, val_fpr50_unw=0.018285, val_auc_w=nan, val_fpr50_w=nan, val_metric_source=unweighted, select=auc, best_sel=0.926765, unfreeze=all, reco_trainable=7099686, dual_frozen=False, dual_trainable=2812673
StageC-Joint ep 12: train_loss=8.3944 (cls=0.3254, rank=0.3053, reco=20.1340, cons=0.1884, delta=0.0820, d_gain=0.1910, d_cost=0.0910, anc_p=0.0000, anc_o=0.0000) | val_auc_unw=0.9263, val_fpr50_unw=0.018416, val_auc_w=nan, val_fpr50_w=nan, val_metric_source=unweighted, select=auc, best_sel=0.926765, unfreeze=all, reco_trainable=7099686, dual_frozen=False, dual_trainable=2812673
StageC-Joint ep 13: train_loss=8.3803 (cls=0.3254, rank=0.3058, reco=20.0988, cons=0.1885, delta=0.0819, d_gain=0.1914, d_cost=0.0911, anc_p=0.0000, anc_o=0.0000) | val_auc_unw=0.9264, val_fpr50_unw=0.018377, val_auc_w=nan, val_fpr50_w=nan, val_metric_source=unweighted, select=auc, best_sel=0.926765, unfreeze=all, reco_trainable=7099686, dual_frozen=False, dual_trainable=2812673
StageC-Joint ep 14: train_loss=8.3834 (cls=0.3247, rank=0.3046, reco=20.1083, cons=0.1884, delta=0.0812, d_gain=0.1910, d_cost=0.0907, anc_p=0.0000, anc_o=0.0000) | val_auc_unw=0.9261, val_fpr50_unw=0.018482, val_auc_w=nan, val_fpr50_w=nan, val_metric_source=unweighted, select=auc, best_sel=0.926765, unfreeze=all, reco_trainable=7099686, dual_frozen=False, dual_trainable=2812673
StageC-Joint ep 15: train_loss=8.3752 (cls=0.3246, rank=0.3052, reco=20.0881, cons=0.1884, delta=0.0811, d_gain=0.1914, d_cost=0.0908, anc_p=0.0000, anc_o=0.0000) | val_auc_unw=0.9261, val_fpr50_unw=0.018499, val_auc_w=nan, val_fpr50_w=nan, val_metric_source=unweighted, select=auc, best_sel=0.926765, unfreeze=all, reco_trainable=7099686, dual_frozen=False, dual_trainable=2812673
StageC-Joint ep 16: train_loss=8.3567 (cls=0.3246, rank=0.3052, reco=20.0418, cons=0.1885, delta=0.0817, d_gain=0.1914, d_cost=0.0910, anc_p=0.0000, anc_o=0.0000) | val_auc_unw=0.9264, val_fpr50_unw=0.018495, val_auc_w=nan, val_fpr50_w=nan, val_metric_source=unweighted, select=auc, best_sel=0.926765, unfreeze=all, reco_trainable=7099686, dual_frozen=False, dual_trainable=2812673
StageC-Joint ep 17: train_loss=8.3659 (cls=0.3247, rank=0.3049, reco=20.0648, cons=0.1886, delta=0.0804, d_gain=0.1913, d_cost=0.0905, anc_p=0.0000, anc_o=0.0000) | val_auc_unw=0.9265, val_fpr50_unw=0.018359, val_auc_w=nan, val_fpr50_w=nan, val_metric_source=unweighted, select=auc, best_sel=0.926765, unfreeze=all, reco_trainable=7099686, dual_frozen=False, dual_trainable=2812673
StageC-Joint ep 18: train_loss=8.3624 (cls=0.3249, rank=0.3050, reco=20.0554, cons=0.1884, delta=0.0811, d_gain=0.1913, d_cost=0.0908, anc_p=0.0000, anc_o=0.0000) | val_auc_unw=0.9265, val_fpr50_unw=0.018405, val_auc_w=nan, val_fpr50_w=nan, val_metric_source=unweighted, select=auc, best_sel=0.926765, unfreeze=all, reco_trainable=7099686, dual_frozen=False, dual_trainable=2812673
StageC-Joint ep 19: train_loss=8.3578 (cls=0.3243, rank=0.3052, reco=20.0452, cons=0.1884, delta=0.0809, d_gain=0.1915, d_cost=0.0908, anc_p=0.0000, anc_o=0.0000) | val_auc_unw=0.9265, val_fpr50_unw=0.018484, val_auc_w=nan, val_fpr50_w=nan, val_metric_source=unweighted, select=auc, best_sel=0.926765, unfreeze=all, reco_trainable=7099686, dual_frozen=False, dual_trainable=2812673
StageC-Joint ep 20: train_loss=8.3566 (cls=0.3235, rank=0.3055, reco=20.0445, cons=0.1885, delta=0.0801, d_gain=0.1915, d_cost=0.0905, anc_p=0.0000, anc_o=0.0000) | val_auc_unw=0.9263, val_fpr50_unw=0.018377, val_auc_w=nan, val_fpr50_w=nan, val_metric_source=unweighted, select=auc, best_sel=0.926765, unfreeze=all, reco_trainable=7099686, dual_frozen=False, dual_trainable=2812673
StageC-Joint ep 21: train_loss=8.3486 (cls=0.3236, rank=0.3055, reco=20.0243, cons=0.1886, delta=0.0791, d_gain=0.1914, d_cost=0.0901, anc_p=0.0000, anc_o=0.0000) | val_auc_unw=0.9263, val_fpr50_unw=0.018503, val_auc_w=nan, val_fpr50_w=nan, val_metric_source=unweighted, select=auc, best_sel=0.926765, unfreeze=all, reco_trainable=7099686, dual_frozen=False, dual_trainable=2812673
StageC-Joint ep 22: train_loss=8.3510 (cls=0.3240, rank=0.3054, reco=20.0291, cons=0.1885, delta=0.0799, d_gain=0.1915, d_cost=0.0905, anc_p=0.0000, anc_o=0.0000) | val_auc_unw=0.9262, val_fpr50_unw=0.018453, val_auc_w=nan, val_fpr50_w=nan, val_metric_source=unweighted, select=auc, best_sel=0.926765, unfreeze=all, reco_trainable=7099686, dual_frozen=False, dual_trainable=2812673
StageC-Joint ep 23: train_loss=8.3436 (cls=0.3236, rank=0.3056, reco=20.0119, cons=0.1885, delta=0.0797, d_gain=0.1916, d_cost=0.0904, anc_p=0.0000, anc_o=0.0000) | val_auc_unw=0.9262, val_fpr50_unw=0.018605, val_auc_w=nan, val_fpr50_w=nan, val_metric_source=unweighted, select=auc, best_sel=0.926765, unfreeze=all, reco_trainable=7099686, dual_frozen=False, dual_trainable=2812673
StageC-Joint ep 24: train_loss=8.3407 (cls=0.3242, rank=0.3053, reco=20.0029, cons=0.1886, delta=0.0797, d_gain=0.1913, d_cost=0.0903, anc_p=0.0000, anc_o=0.0000) | val_auc_unw=0.9264, val_fpr50_unw=0.018474, val_auc_w=nan, val_fpr50_w=nan, val_metric_source=unweighted, select=auc, best_sel=0.926765, unfreeze=all, reco_trainable=7099686, dual_frozen=False, dual_trainable=2812673
StageC-Joint ep 25: train_loss=8.3412 (cls=0.3237, rank=0.3061, reco=20.0055, cons=0.1885, delta=0.0798, d_gain=0.1918, d_cost=0.0905, anc_p=0.0000, anc_o=0.0000) | val_auc_unw=0.9263, val_fpr50_unw=0.018425, val_auc_w=nan, val_fpr50_w=nan, val_metric_source=unweighted, select=auc, best_sel=0.926765, unfreeze=all, reco_trainable=7099686, dual_frozen=False, dual_trainable=2812673
Early stopping StageC-Joint at epoch 25

======================================================================
STEP 5: RECONSTRUCTION DIAGNOSTICS
======================================================================

Jet pT response/resolution by truth pT bin (test split):
  pT_low - pT_high | N | HLT resp | HLT reso | Corrected resp | Corrected reso
  172739.4 - 504068.9 | 18750 | 0.8681 | 0.1516 | 0.4944 | 0.1564
  504068.9 - 773424.6 | 18750 | 0.8445 | 0.1720 | 0.3688 | 0.1276
  773424.6 - 1093714.0 | 18750 | 0.8330 | 0.1869 | 0.2769 | 0.1028
  1093714.0 - 1365805.0 | 18750 | 0.8218 | 0.2022 | 0.2181 | 0.0856
  1365805.0 - 1711763.0 | 18750 | 0.8203 | 0.2056 | 0.1822 | 0.0748
  1711763.0 - 2155283.2 | 18750 | 0.8155 | 0.2123 | 0.1482 | 0.0644
  2155283.2 - 2633962.7 | 18750 | 0.8110 | 0.2225 | 0.1190 | 0.0545
  2633962.7 - 4355157.0 | 18750 | 0.7996 | 0.2295 | 0.0956 | 0.0458

Constituent-count diagnostics:
  Means: offline=54.297, hlt=29.181, reco=51.620
  MAE vs offline: hlt=25.116, reco=5.317

Budget diagnostics (test split):
  MAE: merge=4.489, eff=0.789, total=5.272
  Bias: merge=-0.671, eff=-0.231, total=-0.903

======================================================================
FINAL TEST EVALUATION
======================================================================
Teacher (Offline) AUC: 0.9533
Baseline (HLT)   AUC: 0.9214
Stage2 (PreJoint) AUC: 0.9237
Stage2 (BestValFPR50) AUC: 0.9237
Joint Dual-View  AUC: 0.9249
Joint Dual-View (BestValFPR50) AUC: 0.9247

FPR@30 Teacher/Baseline/Stage2/Joint: 0.002131 / 0.005524 / 0.004635 / 0.005008
FPR@30 Stage2BestFPR / JointBestFPR: 0.004635 / 0.004906
FPR@50 Teacher/Baseline/Stage2/Joint: 0.009940 / 0.021587 / 0.019858 / 0.019126
FPR@50 Stage2BestFPR / JointBestFPR: 0.019858 / 0.019196
Saving val/test score arrays for fusion analysis...
Saved fusion score arrays to: checkpoints/reco_teacher_joint_fusion_6model_150k75k150k/model2_joint_hungarian_iterrefine_effsplit/model2_joint_hungarian_iterrefine_effsplit_fixed_warm_150k75k150k_seed0/fusion_scores_val_test.npz

Saved joint results to: checkpoints/reco_teacher_joint_fusion_6model_150k75k150k/model2_joint_hungarian_iterrefine_effsplit/model2_joint_hungarian_iterrefine_effsplit_fixed_warm_150k75k150k_seed0
Done: checkpoints/reco_teacher_joint_fusion_6model_150k75k150k/model2_joint_hungarian_iterrefine_effsplit/model2_joint_hungarian_iterrefine_effsplit_fixed_warm_150k75k150k_seed0
