============================================================
Model-2 full A/B/C training (Stage-C EMA evaluation/selection)
Run: checkpoints/reco_teacher_joint_fusion_6model_150k75k150k/model2_joint_delta005_fulltrain_prog_unfreeze_stagec_ema/model2_joint_delta005_fulltrain_prog_unfreeze_stagec_ema_150k75k150k_seed0
STAGEC_EMA_ENABLE=1
STAGEC_EMA_DECAY=0.999
STAGEC_EMA_WARMUP_EPOCHS=2
============================================================
 python offline_reconstructor_joint_dualview_stage2save_auc_norankc_nopriv_unmergeonly_stagec_ema.py --save_dir checkpoints/reco_teacher_joint_fusion_6model_150k75k150k/model2_joint_delta005_fulltrain_prog_unfreeze_stagec_ema --run_name model2_joint_delta005_fulltrain_prog_unfreeze_stagec_ema_150k75k150k_seed0 --n_train_jets 375000 --n_train_split 150000 --n_val_split 75000 --n_test_split 150000 --offset_jets 0 --max_constits 100 --num_workers 6 --seed 0 --selection_metric auc --stageC_progressive_unfreeze --stageC_unfreeze_phase1_epochs 3 --stageC_unfreeze_phase2_epochs 7 --stageC_unfreeze_last_n_encoder_layers 2 --stageC_lambda_param_anchor 0.02 --stageC_lambda_output_anchor 0.02 --stageC_anchor_decay 0.97 --stageC_lr_dual 1e-5 --stageC_lr_reco 5e-6 --lambda_reco 0.4 --lambda_cons 0.06 --loss_unselected_penalty 0.0 --loss_gen_local_radius 0.0 --stageC_lambda_delta 0.05 --stageC_delta_tau 0.05 --stageC_delta_lambda_fp 3.0 --stageC_delta_warmup_epochs 8 --added_target_scale 0.90 --save_fusion_scores --disable_final_kd --device cuda
[StageC-EMA] enabled (decay=0.999000, warmup_epochs=2)
Device: cuda
Save dir: checkpoints/reco_teacher_joint_fusion_6model_150k75k150k/model2_joint_delta005_fulltrain_prog_unfreeze_stagec_ema/model2_joint_delta005_fulltrain_prog_unfreeze_stagec_ema_150k75k150k_seed0
Loading offline constituents...
Generating pseudo-HLT...
Non-priv target setup: added_target_scale=0.900, mean_true_added_raw=25.116, mean_target_added=22.604
Computing features...
Split sizes: Train=150000, Val=75000, Test=150000 (custom_counts=True)
Stage-B train subset: N=150000 / 150000 (frac=1.000, seed=0)

======================================================================
STEP 1: TEACHER + BASELINE
======================================================================
Teacher ep 5: train_auc=0.9439, val_auc=0.9469, val_fpr50=0.012873, best_auc=0.9469, fpr50@best=0.012873
Teacher ep 10: train_auc=0.9509, val_auc=0.9526, val_fpr50=0.010285, best_auc=0.9526, fpr50@best=0.010285
Teacher ep 15: train_auc=0.9549, val_auc=0.9522, val_fpr50=0.011025, best_auc=0.9529, fpr50@best=0.010068
Teacher ep 20: train_auc=0.9577, val_auc=0.9480, val_fpr50=0.013272, best_auc=0.9529, fpr50@best=0.010068
Teacher ep 25: train_auc=0.9610, val_auc=0.9513, val_fpr50=0.010954, best_auc=0.9539, fpr50@best=0.009423
Teacher ep 30: train_auc=0.9652, val_auc=0.9503, val_fpr50=0.011826, best_auc=0.9539, fpr50@best=0.009423
Teacher ep 35: train_auc=0.9696, val_auc=0.9496, val_fpr50=0.011791, best_auc=0.9539, fpr50@best=0.009423
Early stopping Teacher at epoch 37
Baseline ep 5: train_auc=0.9099, val_auc=0.9027, val_fpr50=0.028200, best_auc=0.9096, fpr50@best=0.027649
Baseline ep 10: train_auc=0.9173, val_auc=0.9176, val_fpr50=0.023106, best_auc=0.9185, fpr50@best=0.021131
Baseline ep 15: train_auc=0.9211, val_auc=0.9199, val_fpr50=0.021754, best_auc=0.9207, fpr50@best=0.019859
Baseline ep 20: train_auc=0.9251, val_auc=0.9232, val_fpr50=0.020238, best_auc=0.9232, fpr50@best=0.020238
Baseline ep 25: train_auc=0.9291, val_auc=0.9231, val_fpr50=0.020397, best_auc=0.9232, fpr50@best=0.020238
Baseline ep 30: train_auc=0.9336, val_auc=0.9194, val_fpr50=0.023387, best_auc=0.9235, fpr50@best=0.020215
Baseline ep 35: train_auc=0.9383, val_auc=0.9220, val_fpr50=0.021137, best_auc=0.9235, fpr50@best=0.020215
Baseline ep 40: train_auc=0.9435, val_auc=0.9181, val_fpr50=0.023374, best_auc=0.9235, fpr50@best=0.020215
Early stopping Baseline at epoch 41
StageC weak-delta HLT reference @TPR=0.50: threshold_prob=0.920016, val_auc_hlt=0.9235

======================================================================
STEP 2: STAGE A (RECONSTRUCTOR PRETRAIN)
======================================================================
Ep 5: train_total=26.3091, val_total_unw=29.4730, val_total_w=29.4730, select=unweighted, best_sel=24.8802 | set_unw=0.3637, phys_unw=0.5027, budget_unw=44.2897, fp_mass_unw=0.0159, w_set=1.000, w_budget=0.650, w_pt=0.700, w_local=0.030, stage_scale=0.35
Ep 10: train_total=25.1583, val_total_unw=26.1058, val_total_w=26.1058, select=unweighted, best_sel=24.8802 | set_unw=0.3630, phys_unw=0.4708, budget_unw=39.1531, fp_mass_unw=0.0167, w_set=1.000, w_budget=0.650, w_pt=0.700, w_local=0.030, stage_scale=0.35
Ep 15: train_total=24.7115, val_total_unw=26.7114, val_total_w=26.7114, select=unweighted, best_sel=24.4730 | set_unw=0.3556, phys_unw=0.4769, budget_unw=40.0887, fp_mass_unw=0.0151, w_set=1.000, w_budget=0.650, w_pt=0.700, w_local=0.030, stage_scale=0.35
Ep 20: train_total=24.4113, val_total_unw=24.3399, val_total_w=24.3399, select=unweighted, best_sel=24.3399 | set_unw=0.3626, phys_unw=0.4256, budget_unw=36.4891, fp_mass_unw=0.0158, w_set=1.000, w_budget=0.650, w_pt=0.700, w_local=0.030, stage_scale=0.35
Stage-A transition -> reloaded best from phase_035 (epoch=20, val_total=24.3399)
Ep 25: train_total=22.4708, val_total_unw=23.5367, val_total_w=23.5367, select=unweighted, best_sel=22.1190 | set_unw=0.3604, phys_unw=0.4210, budget_unw=35.2610, fp_mass_unw=0.0151, w_set=1.000, w_budget=0.650, w_pt=0.700, w_local=0.030, stage_scale=0.70
Ep 30: train_total=22.2569, val_total_unw=22.5303, val_total_w=22.5303, select=unweighted, best_sel=22.1190 | set_unw=0.3598, phys_unw=0.4051, budget_unw=33.7320, fp_mass_unw=0.0154, w_set=1.000, w_budget=0.650, w_pt=0.700, w_local=0.030, stage_scale=0.70
Ep 35: train_total=22.0758, val_total_unw=23.1428, val_total_w=23.1428, select=unweighted, best_sel=22.1190 | set_unw=0.3577, phys_unw=0.4206, budget_unw=34.6589, fp_mass_unw=0.0151, w_set=1.000, w_budget=0.650, w_pt=0.700, w_local=0.030, stage_scale=0.70
Ep 40: train_total=21.9217, val_total_unw=22.5433, val_total_w=22.5433, select=unweighted, best_sel=22.1190 | set_unw=0.3572, phys_unw=0.4091, budget_unw=33.7513, fp_mass_unw=0.0149, w_set=1.000, w_budget=0.650, w_pt=0.700, w_local=0.030, stage_scale=0.70
Ep 45: train_total=21.7030, val_total_unw=22.8740, val_total_w=22.8740, select=unweighted, best_sel=22.1190 | set_unw=0.3588, phys_unw=0.4089, budget_unw=34.2575, fp_mass_unw=0.0148, w_set=1.000, w_budget=0.650, w_pt=0.700, w_local=0.030, stage_scale=0.70
Ep 50: train_total=21.4851, val_total_unw=22.3744, val_total_w=22.3744, select=unweighted, best_sel=21.9851 | set_unw=0.3589, phys_unw=0.3997, budget_unw=33.4991, fp_mass_unw=0.0151, w_set=1.000, w_budget=0.650, w_pt=0.700, w_local=0.030, stage_scale=0.70
Ep 55: train_total=21.2398, val_total_unw=22.7717, val_total_w=22.7717, select=unweighted, best_sel=21.9851 | set_unw=0.3592, phys_unw=0.4051, budget_unw=34.1031, fp_mass_unw=0.0151, w_set=1.000, w_budget=0.650, w_pt=0.700, w_local=0.030, stage_scale=0.70
Stage-A transition -> reloaded best from phase_070 (epoch=48, val_total=21.9851)
Ep 60: train_total=20.9453, val_total_unw=22.5745, val_total_w=22.5745, select=unweighted, best_sel=21.9851 | set_unw=0.3569, phys_unw=0.4108, budget_unw=33.7967, fp_mass_unw=0.0145, w_set=1.000, w_budget=0.650, w_pt=0.700, w_local=0.030, stage_scale=1.00
Ep 65: train_total=20.6626, val_total_unw=22.3686, val_total_w=22.3686, select=unweighted, best_sel=21.9851 | set_unw=0.3578, phys_unw=0.4054, budget_unw=33.4846, fp_mass_unw=0.0147, w_set=1.000, w_budget=0.650, w_pt=0.700, w_local=0.030, stage_scale=1.00
Ep 70: train_total=20.3213, val_total_unw=22.4769, val_total_w=22.4769, select=unweighted, best_sel=21.9851 | set_unw=0.3563, phys_unw=0.4040, budget_unw=33.6556, fp_mass_unw=0.0148, w_set=1.000, w_budget=0.650, w_pt=0.700, w_local=0.030, stage_scale=1.00
Early stopping reconstructor at epoch 73

======================================================================
STEP 3: STAGE B (DUAL PRETRAIN, FROZEN RECONSTRUCTOR)
======================================================================
StageB-DualPretrain ep 5: train_loss=0.3771 (cls=0.3771, rank=0.3046, reco=0.0000, cons=0.1171, delta=0.0000, d_gain=0.0000, d_cost=0.0000, anc_p=0.0000, anc_o=0.0000) | val_auc_unw=0.9144, val_fpr50_unw=0.026911, val_auc_w=nan, val_fpr50_w=nan, val_metric_source=unweighted, select=auc, best_sel=0.914359, unfreeze=frozen, reco_trainable=0, dual_frozen=False, dual_trainable=2812673
StageB-DualPretrain ep 10: train_loss=0.3626 (cls=0.3626, rank=0.3034, reco=0.0000, cons=0.1171, delta=0.0000, d_gain=0.0000, d_cost=0.0000, anc_p=0.0000, anc_o=0.0000) | val_auc_unw=0.9200, val_fpr50_unw=0.023077, val_auc_w=nan, val_fpr50_w=nan, val_metric_source=unweighted, select=auc, best_sel=0.920518, unfreeze=frozen, reco_trainable=0, dual_frozen=False, dual_trainable=2812673
StageB-DualPretrain ep 15: train_loss=0.3514 (cls=0.3514, rank=0.3021, reco=0.0000, cons=0.1171, delta=0.0000, d_gain=0.0000, d_cost=0.0000, anc_p=0.0000, anc_o=0.0000) | val_auc_unw=0.9229, val_fpr50_unw=0.018912, val_auc_w=nan, val_fpr50_w=nan, val_metric_source=unweighted, select=auc, best_sel=0.922931, unfreeze=frozen, reco_trainable=0, dual_frozen=False, dual_trainable=2812673
StageB-DualPretrain ep 20: train_loss=0.3450 (cls=0.3450, rank=0.3024, reco=0.0000, cons=0.1171, delta=0.0000, d_gain=0.0000, d_cost=0.0000, anc_p=0.0000, anc_o=0.0000) | val_auc_unw=0.9246, val_fpr50_unw=0.018881, val_auc_w=nan, val_fpr50_w=nan, val_metric_source=unweighted, select=auc, best_sel=0.924604, unfreeze=frozen, reco_trainable=0, dual_frozen=False, dual_trainable=2812673
StageB-DualPretrain ep 25: train_loss=0.3351 (cls=0.3351, rank=0.3034, reco=0.0000, cons=0.1171, delta=0.0000, d_gain=0.0000, d_cost=0.0000, anc_p=0.0000, anc_o=0.0000) | val_auc_unw=0.9237, val_fpr50_unw=0.019033, val_auc_w=nan, val_fpr50_w=nan, val_metric_source=unweighted, select=auc, best_sel=0.924837, unfreeze=frozen, reco_trainable=0, dual_frozen=False, dual_trainable=2812673
StageB-DualPretrain ep 30: train_loss=0.3253 (cls=0.3253, rank=0.3041, reco=0.0000, cons=0.1171, delta=0.0000, d_gain=0.0000, d_cost=0.0000, anc_p=0.0000, anc_o=0.0000) | val_auc_unw=0.9238, val_fpr50_unw=0.018524, val_auc_w=nan, val_fpr50_w=nan, val_metric_source=unweighted, select=auc, best_sel=0.925425, unfreeze=frozen, reco_trainable=0, dual_frozen=False, dual_trainable=2812673
StageB-DualPretrain ep 35: train_loss=0.3143 (cls=0.3143, rank=0.3056, reco=0.0000, cons=0.1171, delta=0.0000, d_gain=0.0000, d_cost=0.0000, anc_p=0.0000, anc_o=0.0000) | val_auc_unw=0.9233, val_fpr50_unw=0.019019, val_auc_w=nan, val_fpr50_w=nan, val_metric_source=unweighted, select=auc, best_sel=0.925425, unfreeze=frozen, reco_trainable=0, dual_frozen=False, dual_trainable=2812673
StageB-DualPretrain ep 40: train_loss=0.3069 (cls=0.3069, rank=0.3074, reco=0.0000, cons=0.1171, delta=0.0000, d_gain=0.0000, d_cost=0.0000, anc_p=0.0000, anc_o=0.0000) | val_auc_unw=0.9223, val_fpr50_unw=0.019179, val_auc_w=nan, val_fpr50_w=nan, val_metric_source=unweighted, select=auc, best_sel=0.925425, unfreeze=frozen, reco_trainable=0, dual_frozen=False, dual_trainable=2812673
Early stopping StageB-DualPretrain at epoch 40

======================================================================
STEP 4: STAGE C (JOINT FINETUNE)
======================================================================
StageC-Joint ep 1: train_loss=9.0309 (cls=0.3222, rank=0.3028, reco=21.4481, cons=0.1195, delta=0.0940, d_gain=0.1930, d_cost=0.0957, anc_p=0.0000, anc_o=6.0843) | val_auc_unw=0.9253, val_fpr50_unw=0.018728, val_auc_w=nan, val_fpr50_w=nan, val_metric_source=unweighted, select=auc, best_sel=0.925253, unfreeze=heads, reco_trainable=764058, dual_frozen=False, dual_trainable=2812673, ema_eval=1, ema_decay=0.999000
StageC-Joint ep 2: train_loss=8.9717 (cls=0.3203, rank=0.3035, reco=21.3130, cons=0.1189, delta=0.0900, d_gain=0.1931, d_cost=0.0944, anc_p=0.0000, anc_o=6.0760) | val_auc_unw=0.9251, val_fpr50_unw=0.018719, val_auc_w=nan, val_fpr50_w=nan, val_metric_source=unweighted, select=auc, best_sel=0.925253, unfreeze=heads, reco_trainable=764058, dual_frozen=False, dual_trainable=2812673, ema_eval=1, ema_decay=0.999000
StageC-Joint ep 3: train_loss=8.9119 (cls=0.3196, rank=0.3047, reco=21.1710, cons=0.1185, delta=0.0862, d_gain=0.1929, d_cost=0.0930, anc_p=0.0000, anc_o=6.1172) | val_auc_unw=0.9253, val_fpr50_unw=0.019006, val_auc_w=nan, val_fpr50_w=nan, val_metric_source=unweighted, select=auc, best_sel=0.925326, unfreeze=heads, reco_trainable=764058, dual_frozen=False, dual_trainable=2812673, ema_eval=1, ema_decay=0.999000
StageC-Joint ep 4: train_loss=8.8515 (cls=0.3200, rank=0.3047, reco=21.0293, cons=0.1180, delta=0.0843, d_gain=0.1929, d_cost=0.0924, anc_p=0.0000, anc_o=6.0606) | val_auc_unw=0.9253, val_fpr50_unw=0.019004, val_auc_w=nan, val_fpr50_w=nan, val_metric_source=unweighted, select=auc, best_sel=0.925326, unfreeze=lastk, reco_trainable=2343578, dual_frozen=False, dual_trainable=2812673, ema_eval=1, ema_decay=0.999000
StageC-Joint ep 5: train_loss=8.8219 (cls=0.3186, rank=0.3052, reco=20.9684, cons=0.1177, delta=0.0815, d_gain=0.1932, d_cost=0.0916, anc_p=0.0000, anc_o=6.0047) | val_auc_unw=0.9256, val_fpr50_unw=0.018518, val_auc_w=nan, val_fpr50_w=nan, val_metric_source=unweighted, select=auc, best_sel=0.925552, unfreeze=lastk, reco_trainable=2343578, dual_frozen=False, dual_trainable=2812673, ema_eval=1, ema_decay=0.999000
StageC-Joint ep 6: train_loss=8.8091 (cls=0.3183, rank=0.3059, reco=20.9413, cons=0.1176, delta=0.0795, d_gain=0.1932, d_cost=0.0909, anc_p=0.0000, anc_o=6.0701) | val_auc_unw=0.9255, val_fpr50_unw=0.018516, val_auc_w=nan, val_fpr50_w=nan, val_metric_source=unweighted, select=auc, best_sel=0.925552, unfreeze=lastk, reco_trainable=2343578, dual_frozen=False, dual_trainable=2812673, ema_eval=1, ema_decay=0.999000
StageC-Joint ep 7: train_loss=8.8001 (cls=0.3180, rank=0.3057, reco=20.9297, cons=0.1176, delta=0.0768, d_gain=0.1932, d_cost=0.0900, anc_p=0.0001, anc_o=5.9928) | val_auc_unw=0.9256, val_fpr50_unw=0.018680, val_auc_w=nan, val_fpr50_w=nan, val_metric_source=unweighted, select=auc, best_sel=0.925618, unfreeze=lastk, reco_trainable=2343578, dual_frozen=False, dual_trainable=2812673, ema_eval=1, ema_decay=0.999000
StageC-Joint ep 8: train_loss=8.7706 (cls=0.3179, rank=0.3064, reco=20.8657, cons=0.1175, delta=0.0757, d_gain=0.1930, d_cost=0.0896, anc_p=0.0001, anc_o=5.9174) | val_auc_unw=0.9254, val_fpr50_unw=0.018515, val_auc_w=nan, val_fpr50_w=nan, val_metric_source=unweighted, select=auc, best_sel=0.925618, unfreeze=all, reco_trainable=7098018, dual_frozen=False, dual_trainable=2812673, ema_eval=1, ema_decay=0.999000
StageC-Joint ep 9: train_loss=8.7499 (cls=0.3181, rank=0.3064, reco=20.8240, cons=0.1175, delta=0.0745, d_gain=0.1930, d_cost=0.0892, anc_p=0.0001, anc_o=5.8298) | val_auc_unw=0.9253, val_fpr50_unw=0.018622, val_auc_w=nan, val_fpr50_w=nan, val_metric_source=unweighted, select=auc, best_sel=0.925618, unfreeze=all, reco_trainable=7098018, dual_frozen=False, dual_trainable=2812673, ema_eval=1, ema_decay=0.999000
StageC-Joint ep 10: train_loss=8.7352 (cls=0.3176, rank=0.3064, reco=20.7923, cons=0.1176, delta=0.0741, d_gain=0.1928, d_cost=0.0890, anc_p=0.0001, anc_o=5.9120) | val_auc_unw=0.9253, val_fpr50_unw=0.018362, val_auc_w=nan, val_fpr50_w=nan, val_metric_source=unweighted, select=auc, best_sel=0.925618, unfreeze=all, reco_trainable=7098018, dual_frozen=False, dual_trainable=2812673, ema_eval=1, ema_decay=0.999000
StageC-Joint ep 11: train_loss=8.7215 (cls=0.3170, rank=0.3069, reco=20.7665, cons=0.1175, delta=0.0726, d_gain=0.1932, d_cost=0.0886, anc_p=0.0001, anc_o=5.9157) | val_auc_unw=0.9251, val_fpr50_unw=0.018463, val_auc_w=nan, val_fpr50_w=nan, val_metric_source=unweighted, select=auc, best_sel=0.925618, unfreeze=all, reco_trainable=7098018, dual_frozen=False, dual_trainable=2812673, ema_eval=1, ema_decay=0.999000
StageC-Joint ep 12: train_loss=8.7081 (cls=0.3177, rank=0.3074, reco=20.7387, cons=0.1176, delta=0.0732, d_gain=0.1935, d_cost=0.0889, anc_p=0.0001, anc_o=5.8858) | val_auc_unw=0.9250, val_fpr50_unw=0.018358, val_auc_w=nan, val_fpr50_w=nan, val_metric_source=unweighted, select=auc, best_sel=0.925618, unfreeze=all, reco_trainable=7098018, dual_frozen=False, dual_trainable=2812673, ema_eval=1, ema_decay=0.999000
StageC-Joint ep 13: train_loss=8.7017 (cls=0.3161, rank=0.3060, reco=20.7333, cons=0.1175, delta=0.0719, d_gain=0.1934, d_cost=0.0884, anc_p=0.0001, anc_o=5.8838) | val_auc_unw=0.9249, val_fpr50_unw=0.018568, val_auc_w=nan, val_fpr50_w=nan, val_metric_source=unweighted, select=auc, best_sel=0.925618, unfreeze=all, reco_trainable=7098018, dual_frozen=False, dual_trainable=2812673, ema_eval=1, ema_decay=0.999000
StageC-Joint ep 14: train_loss=8.6965 (cls=0.3164, rank=0.3067, reco=20.7255, cons=0.1176, delta=0.0722, d_gain=0.1934, d_cost=0.0885, anc_p=0.0001, anc_o=5.8798) | val_auc_unw=0.9249, val_fpr50_unw=0.018430, val_auc_w=nan, val_fpr50_w=nan, val_metric_source=unweighted, select=auc, best_sel=0.925618, unfreeze=all, reco_trainable=7098018, dual_frozen=False, dual_trainable=2812673, ema_eval=1, ema_decay=0.999000
StageC-Joint ep 15: train_loss=8.6850 (cls=0.3166, rank=0.3060, reco=20.7006, cons=0.1176, delta=0.0712, d_gain=0.1932, d_cost=0.0881, anc_p=0.0001, anc_o=5.9441) | val_auc_unw=0.9249, val_fpr50_unw=0.018362, val_auc_w=nan, val_fpr50_w=nan, val_metric_source=unweighted, select=auc, best_sel=0.925618, unfreeze=all, reco_trainable=7098018, dual_frozen=False, dual_trainable=2812673, ema_eval=1, ema_decay=0.999000
StageC-Joint ep 16: train_loss=8.6805 (cls=0.3163, rank=0.3064, reco=20.6952, cons=0.1175, delta=0.0716, d_gain=0.1932, d_cost=0.0882, anc_p=0.0001, anc_o=5.9517) | val_auc_unw=0.9247, val_fpr50_unw=0.018491, val_auc_w=nan, val_fpr50_w=nan, val_metric_source=unweighted, select=auc, best_sel=0.925618, unfreeze=all, reco_trainable=7098018, dual_frozen=False, dual_trainable=2812673, ema_eval=1, ema_decay=0.999000
StageC-Joint ep 17: train_loss=8.6771 (cls=0.3157, rank=0.3064, reco=20.6930, cons=0.1175, delta=0.0708, d_gain=0.1936, d_cost=0.0881, anc_p=0.0001, anc_o=5.9895) | val_auc_unw=0.9246, val_fpr50_unw=0.018472, val_auc_w=nan, val_fpr50_w=nan, val_metric_source=unweighted, select=auc, best_sel=0.925618, unfreeze=all, reco_trainable=7098018, dual_frozen=False, dual_trainable=2812673, ema_eval=1, ema_decay=0.999000
StageC-Joint ep 18: train_loss=8.6751 (cls=0.3159, rank=0.3067, reco=20.6933, cons=0.1176, delta=0.0719, d_gain=0.1934, d_cost=0.0884, anc_p=0.0001, anc_o=5.9787) | val_auc_unw=0.9246, val_fpr50_unw=0.018552, val_auc_w=nan, val_fpr50_w=nan, val_metric_source=unweighted, select=auc, best_sel=0.925618, unfreeze=all, reco_trainable=7098018, dual_frozen=False, dual_trainable=2812673, ema_eval=1, ema_decay=0.999000
StageC-Joint ep 19: train_loss=8.6721 (cls=0.3158, rank=0.3067, reco=20.6886, cons=0.1176, delta=0.0700, d_gain=0.1933, d_cost=0.0877, anc_p=0.0001, anc_o=6.0781) | val_auc_unw=0.9246, val_fpr50_unw=0.018539, val_auc_w=nan, val_fpr50_w=nan, val_metric_source=unweighted, select=auc, best_sel=0.925618, unfreeze=all, reco_trainable=7098018, dual_frozen=False, dual_trainable=2812673, ema_eval=1, ema_decay=0.999000
StageC-Joint ep 20: train_loss=8.6668 (cls=0.3149, rank=0.3071, reco=20.6834, cons=0.1176, delta=0.0695, d_gain=0.1938, d_cost=0.0878, anc_p=0.0001, anc_o=6.0652) | val_auc_unw=0.9246, val_fpr50_unw=0.018450, val_auc_w=nan, val_fpr50_w=nan, val_metric_source=unweighted, select=auc, best_sel=0.925618, unfreeze=all, reco_trainable=7098018, dual_frozen=False, dual_trainable=2812673, ema_eval=1, ema_decay=0.999000
StageC-Joint ep 21: train_loss=8.6614 (cls=0.3151, rank=0.3072, reco=20.6748, cons=0.1176, delta=0.0699, d_gain=0.1937, d_cost=0.0879, anc_p=0.0001, anc_o=6.0517) | val_auc_unw=0.9244, val_fpr50_unw=0.018363, val_auc_w=nan, val_fpr50_w=nan, val_metric_source=unweighted, select=auc, best_sel=0.925618, unfreeze=all, reco_trainable=7098018, dual_frozen=False, dual_trainable=2812673, ema_eval=1, ema_decay=0.999000
StageC-Joint ep 22: train_loss=8.6576 (cls=0.3148, rank=0.3068, reco=20.6721, cons=0.1176, delta=0.0699, d_gain=0.1940, d_cost=0.0880, anc_p=0.0001, anc_o=6.0148) | val_auc_unw=0.9244, val_fpr50_unw=0.018522, val_auc_w=nan, val_fpr50_w=nan, val_metric_source=unweighted, select=auc, best_sel=0.925618, unfreeze=all, reco_trainable=7098018, dual_frozen=False, dual_trainable=2812673, ema_eval=1, ema_decay=0.999000
StageC-Joint ep 23: train_loss=8.6552 (cls=0.3152, rank=0.3068, reco=20.6707, cons=0.1177, delta=0.0699, d_gain=0.1934, d_cost=0.0878, anc_p=0.0001, anc_o=5.9740) | val_auc_unw=0.9244, val_fpr50_unw=0.018592, val_auc_w=nan, val_fpr50_w=nan, val_metric_source=unweighted, select=auc, best_sel=0.925618, unfreeze=all, reco_trainable=7098018, dual_frozen=False, dual_trainable=2812673, ema_eval=1, ema_decay=0.999000
StageC-Joint ep 24: train_loss=8.6502 (cls=0.3149, rank=0.3075, reco=20.6613, cons=0.1176, delta=0.0688, d_gain=0.1935, d_cost=0.0874, anc_p=0.0001, anc_o=6.0702) | val_auc_unw=0.9242, val_fpr50_unw=0.018499, val_auc_w=nan, val_fpr50_w=nan, val_metric_source=unweighted, select=auc, best_sel=0.925618, unfreeze=all, reco_trainable=7098018, dual_frozen=False, dual_trainable=2812673, ema_eval=1, ema_decay=0.999000
StageC-Joint ep 25: train_loss=8.6421 (cls=0.3149, rank=0.3069, reco=20.6453, cons=0.1176, delta=0.0689, d_gain=0.1937, d_cost=0.0875, anc_p=0.0001, anc_o=6.0840) | val_auc_unw=0.9243, val_fpr50_unw=0.018310, val_auc_w=nan, val_fpr50_w=nan, val_metric_source=unweighted, select=auc, best_sel=0.925618, unfreeze=all, reco_trainable=7098018, dual_frozen=False, dual_trainable=2812673, ema_eval=1, ema_decay=0.999000
Early stopping StageC-Joint at epoch 25

======================================================================
STEP 5: RECONSTRUCTION DIAGNOSTICS
======================================================================

Jet pT response/resolution by truth pT bin (test split):
  pT_low - pT_high | N | HLT resp | HLT reso | Corrected resp | Corrected reso
  172739.4 - 504068.9 | 18750 | 0.8681 | 0.1516 | 0.7757 | 0.1284
  504068.9 - 773424.6 | 18750 | 0.8445 | 0.1720 | 0.7024 | 0.1318
  773424.6 - 1093714.0 | 18750 | 0.8330 | 0.1869 | 0.6527 | 0.1320
  1093714.0 - 1365805.0 | 18750 | 0.8218 | 0.2022 | 0.6182 | 0.1371
  1365805.0 - 1711763.0 | 18750 | 0.8203 | 0.2056 | 0.6003 | 0.1364
  1711763.0 - 2155283.2 | 18750 | 0.8155 | 0.2123 | 0.5809 | 0.1392
  2155283.2 - 2633962.7 | 18750 | 0.8110 | 0.2225 | 0.5641 | 0.1443
  2633962.7 - 4355157.0 | 18750 | 0.7996 | 0.2295 | 0.5454 | 0.1471

Constituent-count diagnostics:
  Means: offline=54.297, hlt=29.181, reco=52.002
  MAE vs offline: hlt=25.116, reco=5.191

Budget diagnostics (test split):
  MAE: merge=5.184, eff=0.000, total=5.184
  Bias: merge=-1.994, eff=0.000, total=-1.994

======================================================================
FINAL TEST EVALUATION
======================================================================
Teacher (Offline) AUC: 0.9533
Baseline (HLT)   AUC: 0.9214
Stage2 (PreJoint) AUC: 0.9237
Stage2 (BestValFPR50) AUC: 0.9227
Joint Dual-View  AUC: 0.9238
Joint Dual-View (BestValFPR50) AUC: 0.9227

FPR@30 Teacher/Baseline/Stage2/Joint: 0.002131 / 0.005524 / 0.005432 / 0.005335
FPR@30 Stage2BestFPR / JointBestFPR: 0.005383 / 0.005421
FPR@50 Teacher/Baseline/Stage2/Joint: 0.009940 / 0.021587 / 0.019853 / 0.020013
FPR@50 Stage2BestFPR / JointBestFPR: 0.020366 / 0.020430
Saving val/test score arrays for fusion analysis...
Saved fusion score arrays to: checkpoints/reco_teacher_joint_fusion_6model_150k75k150k/model2_joint_delta005_fulltrain_prog_unfreeze_stagec_ema/model2_joint_delta005_fulltrain_prog_unfreeze_stagec_ema_150k75k150k_seed0/fusion_scores_val_test.npz

Saved joint results to: checkpoints/reco_teacher_joint_fusion_6model_150k75k150k/model2_joint_delta005_fulltrain_prog_unfreeze_stagec_ema/model2_joint_delta005_fulltrain_prog_unfreeze_stagec_ema_150k75k150k_seed0
Done: checkpoints/reco_teacher_joint_fusion_6model_150k75k150k/model2_joint_delta005_fulltrain_prog_unfreeze_stagec_ema/model2_joint_delta005_fulltrain_prog_unfreeze_stagec_ema_150k75k150k_seed0
