============================================================
Model-2 full A/B/C training (SplitCtx expressive split heads + context conditioning)
Run: checkpoints/reco_teacher_joint_fusion_6model_150k75k150k/model2_joint_delta005_fulltrain_prog_unfreeze_splitctx_heads/model2_joint_delta005_fulltrain_prog_unfreeze_splitctx_heads_150k75k150k_seed0
============================================================
 python offline_reconstructor_joint_dualview_stage2save_auc_norankc_nopriv_unmergeonly_splitctx_heads.py --save_dir checkpoints/reco_teacher_joint_fusion_6model_150k75k150k/model2_joint_delta005_fulltrain_prog_unfreeze_splitctx_heads --run_name model2_joint_delta005_fulltrain_prog_unfreeze_splitctx_heads_150k75k150k_seed0 --n_train_jets 375000 --n_train_split 150000 --n_val_split 75000 --n_test_split 150000 --offset_jets 0 --max_constits 100 --num_workers 6 --seed 0 --selection_metric auc --stageC_progressive_unfreeze --stageC_unfreeze_phase1_epochs 3 --stageC_unfreeze_phase2_epochs 7 --stageC_unfreeze_last_n_encoder_layers 2 --stageC_lambda_param_anchor 0.02 --stageC_lambda_output_anchor 0.02 --stageC_anchor_decay 0.97 --stageC_lr_dual 1e-5 --stageC_lr_reco 5e-6 --lambda_reco 0.4 --lambda_cons 0.06 --loss_unselected_penalty 0.0 --loss_gen_local_radius 0.0 --stageC_lambda_delta 0.05 --stageC_delta_tau 0.05 --stageC_delta_lambda_fp 3.0 --stageC_delta_warmup_epochs 8 --added_target_scale 0.90 --save_fusion_scores --disable_final_kd --device cuda
Device: cuda
Save dir: checkpoints/reco_teacher_joint_fusion_6model_150k75k150k/model2_joint_delta005_fulltrain_prog_unfreeze_splitctx_heads/model2_joint_delta005_fulltrain_prog_unfreeze_splitctx_heads_150k75k150k_seed0
Loading offline constituents...
Generating pseudo-HLT...
Non-priv target setup: added_target_scale=0.900, mean_true_added_raw=25.116, mean_target_added=22.604
Computing features...
Split sizes: Train=150000, Val=75000, Test=150000 (custom_counts=True)
Stage-B train subset: N=150000 / 150000 (frac=1.000, seed=0)

======================================================================
STEP 1: TEACHER + BASELINE
======================================================================
Teacher ep 5: train_auc=0.9439, val_auc=0.9469, val_fpr50=0.012873, best_auc=0.9469, fpr50@best=0.012873
Teacher ep 10: train_auc=0.9509, val_auc=0.9526, val_fpr50=0.010285, best_auc=0.9526, fpr50@best=0.010285
Teacher ep 15: train_auc=0.9549, val_auc=0.9522, val_fpr50=0.011025, best_auc=0.9529, fpr50@best=0.010068
Teacher ep 20: train_auc=0.9577, val_auc=0.9480, val_fpr50=0.013272, best_auc=0.9529, fpr50@best=0.010068
Teacher ep 25: train_auc=0.9610, val_auc=0.9513, val_fpr50=0.010954, best_auc=0.9539, fpr50@best=0.009423
Teacher ep 30: train_auc=0.9652, val_auc=0.9503, val_fpr50=0.011826, best_auc=0.9539, fpr50@best=0.009423
Teacher ep 35: train_auc=0.9696, val_auc=0.9496, val_fpr50=0.011791, best_auc=0.9539, fpr50@best=0.009423
Early stopping Teacher at epoch 37
Baseline ep 5: train_auc=0.9099, val_auc=0.9027, val_fpr50=0.028200, best_auc=0.9096, fpr50@best=0.027649
Baseline ep 10: train_auc=0.9173, val_auc=0.9176, val_fpr50=0.023106, best_auc=0.9185, fpr50@best=0.021131
Baseline ep 15: train_auc=0.9211, val_auc=0.9199, val_fpr50=0.021754, best_auc=0.9207, fpr50@best=0.019859
Baseline ep 20: train_auc=0.9251, val_auc=0.9232, val_fpr50=0.020238, best_auc=0.9232, fpr50@best=0.020238
Baseline ep 25: train_auc=0.9291, val_auc=0.9231, val_fpr50=0.020397, best_auc=0.9232, fpr50@best=0.020238
Baseline ep 30: train_auc=0.9336, val_auc=0.9194, val_fpr50=0.023387, best_auc=0.9235, fpr50@best=0.020215
Baseline ep 35: train_auc=0.9383, val_auc=0.9220, val_fpr50=0.021137, best_auc=0.9235, fpr50@best=0.020215
Baseline ep 40: train_auc=0.9435, val_auc=0.9181, val_fpr50=0.023374, best_auc=0.9235, fpr50@best=0.020215
Early stopping Baseline at epoch 41
StageC weak-delta HLT reference @TPR=0.50: threshold_prob=0.920016, val_auc_hlt=0.9235

======================================================================
STEP 2: STAGE A (RECONSTRUCTOR PRETRAIN)
======================================================================
Ep 5: train_total=26.3016, val_total_unw=25.9489, val_total_w=25.9489, select=unweighted, best_sel=24.8493 | set_unw=0.3665, phys_unw=0.4746, budget_unw=38.8999, fp_mass_unw=0.0166, w_set=1.000, w_budget=0.650, w_pt=0.700, w_local=0.030, stage_scale=0.35
Ep 10: train_total=25.1884, val_total_unw=25.7777, val_total_w=25.7777, select=unweighted, best_sel=24.8493 | set_unw=0.3570, phys_unw=0.4677, budget_unw=38.6620, fp_mass_unw=0.0153, w_set=1.000, w_budget=0.650, w_pt=0.700, w_local=0.030, stage_scale=0.35
Ep 15: train_total=24.7122, val_total_unw=26.2686, val_total_w=26.2686, select=unweighted, best_sel=24.2346 | set_unw=0.3560, phys_unw=0.4778, budget_unw=39.4036, fp_mass_unw=0.0154, w_set=1.000, w_budget=0.650, w_pt=0.700, w_local=0.030, stage_scale=0.35
Ep 20: train_total=24.4388, val_total_unw=25.6963, val_total_w=25.6963, select=unweighted, best_sel=24.2346 | set_unw=0.3596, phys_unw=0.4583, budget_unw=38.5386, fp_mass_unw=0.0161, w_set=1.000, w_budget=0.650, w_pt=0.700, w_local=0.030, stage_scale=0.35
Stage-A transition -> reloaded best from phase_035 (epoch=11, val_total=24.2346)
Ep 25: train_total=22.9187, val_total_unw=22.5166, val_total_w=22.5166, select=unweighted, best_sel=22.4362 | set_unw=0.3542, phys_unw=0.4215, budget_unw=33.7039, fp_mass_unw=0.0141, w_set=1.000, w_budget=0.650, w_pt=0.700, w_local=0.030, stage_scale=0.70
Ep 30: train_total=22.7116, val_total_unw=22.9501, val_total_w=22.9501, select=unweighted, best_sel=22.3928 | set_unw=0.3570, phys_unw=0.4241, budget_unw=34.3595, fp_mass_unw=0.0151, w_set=1.000, w_budget=0.650, w_pt=0.700, w_local=0.030, stage_scale=0.70
Ep 35: train_total=22.4782, val_total_unw=23.7080, val_total_w=23.7080, select=unweighted, best_sel=22.3928 | set_unw=0.3527, phys_unw=0.4334, budget_unw=35.5196, fp_mass_unw=0.0151, w_set=1.000, w_budget=0.650, w_pt=0.700, w_local=0.030, stage_scale=0.70
Ep 40: train_total=22.2672, val_total_unw=22.2633, val_total_w=22.2633, select=unweighted, best_sel=22.2633 | set_unw=0.3565, phys_unw=0.3980, budget_unw=33.3325, fp_mass_unw=0.0151, w_set=1.000, w_budget=0.650, w_pt=0.700, w_local=0.030, stage_scale=0.70
Ep 45: train_total=22.0969, val_total_unw=22.9421, val_total_w=22.9421, select=unweighted, best_sel=22.2633 | set_unw=0.3556, phys_unw=0.4018, budget_unw=34.3734, fp_mass_unw=0.0157, w_set=1.000, w_budget=0.650, w_pt=0.700, w_local=0.030, stage_scale=0.70
Ep 50: train_total=21.9259, val_total_unw=22.6392, val_total_w=22.6392, select=unweighted, best_sel=22.2329 | set_unw=0.3515, phys_unw=0.4123, budget_unw=33.8999, fp_mass_unw=0.0150, w_set=1.000, w_budget=0.650, w_pt=0.700, w_local=0.030, stage_scale=0.70
Ep 55: train_total=21.6949, val_total_unw=22.7440, val_total_w=22.7440, select=unweighted, best_sel=22.2300 | set_unw=0.3542, phys_unw=0.4158, budget_unw=34.0533, fp_mass_unw=0.0147, w_set=1.000, w_budget=0.650, w_pt=0.700, w_local=0.030, stage_scale=0.70
Stage-A transition -> reloaded best from phase_070 (epoch=53, val_total=22.2300)
Ep 60: train_total=21.2126, val_total_unw=21.8554, val_total_w=21.8554, select=unweighted, best_sel=21.8554 | set_unw=0.3498, phys_unw=0.3951, budget_unw=32.7173, fp_mass_unw=0.0140, w_set=1.000, w_budget=0.650, w_pt=0.700, w_local=0.030, stage_scale=1.00
Ep 65: train_total=20.9402, val_total_unw=22.1690, val_total_w=22.1690, select=unweighted, best_sel=21.8554 | set_unw=0.3513, phys_unw=0.4036, budget_unw=33.1868, fp_mass_unw=0.0145, w_set=1.000, w_budget=0.650, w_pt=0.700, w_local=0.030, stage_scale=1.00
Ep 70: train_total=20.6373, val_total_unw=22.6103, val_total_w=22.6103, select=unweighted, best_sel=21.8554 | set_unw=0.3501, phys_unw=0.4048, budget_unw=33.8658, fp_mass_unw=0.0142, w_set=1.000, w_budget=0.650, w_pt=0.700, w_local=0.030, stage_scale=1.00
Ep 75: train_total=20.2853, val_total_unw=23.0451, val_total_w=23.0451, select=unweighted, best_sel=21.8554 | set_unw=0.3510, phys_unw=0.4140, budget_unw=34.5221, fp_mass_unw=0.0144, w_set=1.000, w_budget=0.650, w_pt=0.700, w_local=0.030, stage_scale=1.00
Early stopping reconstructor at epoch 78

======================================================================
STEP 3: STAGE B (DUAL PRETRAIN, FROZEN RECONSTRUCTOR)
======================================================================
StageB-DualPretrain ep 5: train_loss=0.3758 (cls=0.3758, rank=0.3044, reco=0.0000, cons=0.1151, delta=0.0000, d_gain=0.0000, d_cost=0.0000, anc_p=0.0000, anc_o=0.0000) | val_auc_unw=0.9163, val_fpr50_unw=0.024216, val_auc_w=nan, val_fpr50_w=nan, val_metric_source=unweighted, select=auc, best_sel=0.916277, unfreeze=frozen, reco_trainable=0, dual_frozen=False, dual_trainable=2812673
StageB-DualPretrain ep 10: train_loss=0.3615 (cls=0.3615, rank=0.3026, reco=0.0000, cons=0.1151, delta=0.0000, d_gain=0.0000, d_cost=0.0000, anc_p=0.0000, anc_o=0.0000) | val_auc_unw=0.9170, val_fpr50_unw=0.022363, val_auc_w=nan, val_fpr50_w=nan, val_metric_source=unweighted, select=auc, best_sel=0.920818, unfreeze=frozen, reco_trainable=0, dual_frozen=False, dual_trainable=2812673
StageB-DualPretrain ep 15: train_loss=0.3533 (cls=0.3533, rank=0.3027, reco=0.0000, cons=0.1151, delta=0.0000, d_gain=0.0000, d_cost=0.0000, anc_p=0.0000, anc_o=0.0000) | val_auc_unw=0.9227, val_fpr50_unw=0.019731, val_auc_w=nan, val_fpr50_w=nan, val_metric_source=unweighted, select=auc, best_sel=0.922670, unfreeze=frozen, reco_trainable=0, dual_frozen=False, dual_trainable=2812673
StageB-DualPretrain ep 20: train_loss=0.3435 (cls=0.3435, rank=0.3026, reco=0.0000, cons=0.1151, delta=0.0000, d_gain=0.0000, d_cost=0.0000, anc_p=0.0000, anc_o=0.0000) | val_auc_unw=0.9241, val_fpr50_unw=0.019703, val_auc_w=nan, val_fpr50_w=nan, val_metric_source=unweighted, select=auc, best_sel=0.924129, unfreeze=frozen, reco_trainable=0, dual_frozen=False, dual_trainable=2812673
StageB-DualPretrain ep 25: train_loss=0.3351 (cls=0.3351, rank=0.3030, reco=0.0000, cons=0.1151, delta=0.0000, d_gain=0.0000, d_cost=0.0000, anc_p=0.0000, anc_o=0.0000) | val_auc_unw=0.9236, val_fpr50_unw=0.019383, val_auc_w=nan, val_fpr50_w=nan, val_metric_source=unweighted, select=auc, best_sel=0.924129, unfreeze=frozen, reco_trainable=0, dual_frozen=False, dual_trainable=2812673
StageB-DualPretrain ep 30: train_loss=0.3247 (cls=0.3247, rank=0.3038, reco=0.0000, cons=0.1151, delta=0.0000, d_gain=0.0000, d_cost=0.0000, anc_p=0.0000, anc_o=0.0000) | val_auc_unw=0.9227, val_fpr50_unw=0.020201, val_auc_w=nan, val_fpr50_w=nan, val_metric_source=unweighted, select=auc, best_sel=0.924781, unfreeze=frozen, reco_trainable=0, dual_frozen=False, dual_trainable=2812673
StageB-DualPretrain ep 35: train_loss=0.3148 (cls=0.3148, rank=0.3054, reco=0.0000, cons=0.1151, delta=0.0000, d_gain=0.0000, d_cost=0.0000, anc_p=0.0000, anc_o=0.0000) | val_auc_unw=0.9220, val_fpr50_unw=0.020686, val_auc_w=nan, val_fpr50_w=nan, val_metric_source=unweighted, select=auc, best_sel=0.924781, unfreeze=frozen, reco_trainable=0, dual_frozen=False, dual_trainable=2812673
Early stopping StageB-DualPretrain at epoch 39

======================================================================
STEP 4: STAGE C (JOINT FINETUNE)
======================================================================
StageC-Joint ep 1: train_loss=8.8771 (cls=0.3252, rank=0.3030, reco=21.0301, cons=0.1177, delta=0.0937, d_gain=0.1915, d_cost=0.0951, anc_p=0.0000, anc_o=6.6094) | val_auc_unw=0.9253, val_fpr50_unw=0.019063, val_auc_w=nan, val_fpr50_w=nan, val_metric_source=unweighted, select=auc, best_sel=0.925276, unfreeze=heads, reco_trainable=764058, dual_frozen=False, dual_trainable=2812673
StageC-Joint ep 2: train_loss=8.8558 (cls=0.3235, rank=0.3037, reco=20.9903, cons=0.1176, delta=0.0916, d_gain=0.1922, d_cost=0.0946, anc_p=0.0000, anc_o=6.5957) | val_auc_unw=0.9253, val_fpr50_unw=0.019071, val_auc_w=nan, val_fpr50_w=nan, val_metric_source=unweighted, select=auc, best_sel=0.925276, unfreeze=heads, reco_trainable=764058, dual_frozen=False, dual_trainable=2812673
StageC-Joint ep 3: train_loss=8.8413 (cls=0.3221, rank=0.3043, reco=20.9695, cons=0.1175, delta=0.0878, d_gain=0.1921, d_cost=0.0933, anc_p=0.0000, anc_o=6.5228) | val_auc_unw=0.9253, val_fpr50_unw=0.019018, val_auc_w=nan, val_fpr50_w=nan, val_metric_source=unweighted, select=auc, best_sel=0.925348, unfreeze=heads, reco_trainable=764058, dual_frozen=False, dual_trainable=2812673
StageC-Joint ep 4: train_loss=8.8256 (cls=0.3215, rank=0.3047, reco=20.9412, cons=0.1175, delta=0.0855, d_gain=0.1923, d_cost=0.0926, anc_p=0.0000, anc_o=6.4860) | val_auc_unw=0.9252, val_fpr50_unw=0.018804, val_auc_w=nan, val_fpr50_w=nan, val_metric_source=unweighted, select=auc, best_sel=0.925348, unfreeze=lastk, reco_trainable=2343578, dual_frozen=False, dual_trainable=2812673
StageC-Joint ep 5: train_loss=8.8205 (cls=0.3211, rank=0.3052, reco=20.9409, cons=0.1175, delta=0.0831, d_gain=0.1922, d_cost=0.0918, anc_p=0.0000, anc_o=6.4032) | val_auc_unw=0.9252, val_fpr50_unw=0.019020, val_auc_w=nan, val_fpr50_w=nan, val_metric_source=unweighted, select=auc, best_sel=0.925348, unfreeze=lastk, reco_trainable=2343578, dual_frozen=False, dual_trainable=2812673
StageC-Joint ep 6: train_loss=8.8101 (cls=0.3208, rank=0.3050, reco=20.9227, cons=0.1176, delta=0.0812, d_gain=0.1925, d_cost=0.0912, anc_p=0.0000, anc_o=6.4136) | val_auc_unw=0.9251, val_fpr50_unw=0.019106, val_auc_w=nan, val_fpr50_w=nan, val_metric_source=unweighted, select=auc, best_sel=0.925348, unfreeze=lastk, reco_trainable=2343578, dual_frozen=False, dual_trainable=2812673
StageC-Joint ep 7: train_loss=8.8172 (cls=0.3208, rank=0.3059, reco=20.9461, cons=0.1175, delta=0.0799, d_gain=0.1921, d_cost=0.0906, anc_p=0.0000, anc_o=6.4459) | val_auc_unw=0.9250, val_fpr50_unw=0.019008, val_auc_w=nan, val_fpr50_w=nan, val_metric_source=unweighted, select=auc, best_sel=0.925348, unfreeze=lastk, reco_trainable=2343578, dual_frozen=False, dual_trainable=2812673
StageC-Joint ep 8: train_loss=8.7721 (cls=0.3199, rank=0.3060, reco=20.8564, cons=0.1176, delta=0.0777, d_gain=0.1925, d_cost=0.0901, anc_p=0.0000, anc_o=6.1085) | val_auc_unw=0.9250, val_fpr50_unw=0.019448, val_auc_w=nan, val_fpr50_w=nan, val_metric_source=unweighted, select=auc, best_sel=0.925348, unfreeze=all, reco_trainable=8023722, dual_frozen=False, dual_trainable=2812673
StageC-Joint ep 9: train_loss=8.7402 (cls=0.3192, rank=0.3065, reco=20.7875, cons=0.1176, delta=0.0762, d_gain=0.1923, d_cost=0.0895, anc_p=0.0000, anc_o=6.0675) | val_auc_unw=0.9248, val_fpr50_unw=0.019828, val_auc_w=nan, val_fpr50_w=nan, val_metric_source=unweighted, select=auc, best_sel=0.925348, unfreeze=all, reco_trainable=8023722, dual_frozen=False, dual_trainable=2812673
StageC-Joint ep 10: train_loss=8.7323 (cls=0.3195, rank=0.3053, reco=20.7708, cons=0.1175, delta=0.0755, d_gain=0.1923, d_cost=0.0893, anc_p=0.0000, anc_o=6.1562) | val_auc_unw=0.9248, val_fpr50_unw=0.019764, val_auc_w=nan, val_fpr50_w=nan, val_metric_source=unweighted, select=auc, best_sel=0.925348, unfreeze=all, reco_trainable=8023722, dual_frozen=False, dual_trainable=2812673
StageC-Joint ep 11: train_loss=8.7222 (cls=0.3191, rank=0.3065, reco=20.7538, cons=0.1175, delta=0.0754, d_gain=0.1928, d_cost=0.0894, anc_p=0.0000, anc_o=6.1522) | val_auc_unw=0.9249, val_fpr50_unw=0.019687, val_auc_w=nan, val_fpr50_w=nan, val_metric_source=unweighted, select=auc, best_sel=0.925348, unfreeze=all, reco_trainable=8023722, dual_frozen=False, dual_trainable=2812673
StageC-Joint ep 12: train_loss=8.7174 (cls=0.3190, rank=0.3067, reco=20.7475, cons=0.1176, delta=0.0753, d_gain=0.1927, d_cost=0.0893, anc_p=0.0000, anc_o=6.1892) | val_auc_unw=0.9248, val_fpr50_unw=0.019408, val_auc_w=nan, val_fpr50_w=nan, val_metric_source=unweighted, select=auc, best_sel=0.925348, unfreeze=all, reco_trainable=8023722, dual_frozen=False, dual_trainable=2812673
StageC-Joint ep 13: train_loss=8.7088 (cls=0.3192, rank=0.3062, reco=20.7344, cons=0.1176, delta=0.0746, d_gain=0.1923, d_cost=0.0890, anc_p=0.0000, anc_o=6.1241) | val_auc_unw=0.9249, val_fpr50_unw=0.019603, val_auc_w=nan, val_fpr50_w=nan, val_metric_source=unweighted, select=auc, best_sel=0.925348, unfreeze=all, reco_trainable=8023722, dual_frozen=False, dual_trainable=2812673
StageC-Joint ep 14: train_loss=8.7009 (cls=0.3178, rank=0.3062, reco=20.7225, cons=0.1175, delta=0.0736, d_gain=0.1927, d_cost=0.0888, anc_p=0.0000, anc_o=6.1892) | val_auc_unw=0.9247, val_fpr50_unw=0.019674, val_auc_w=nan, val_fpr50_w=nan, val_metric_source=unweighted, select=auc, best_sel=0.925348, unfreeze=all, reco_trainable=8023722, dual_frozen=False, dual_trainable=2812673
StageC-Joint ep 15: train_loss=8.6983 (cls=0.3185, rank=0.3054, reco=20.7193, cons=0.1176, delta=0.0744, d_gain=0.1928, d_cost=0.0891, anc_p=0.0000, anc_o=6.2282) | val_auc_unw=0.9247, val_fpr50_unw=0.019558, val_auc_w=nan, val_fpr50_w=nan, val_metric_source=unweighted, select=auc, best_sel=0.925348, unfreeze=all, reco_trainable=8023722, dual_frozen=False, dual_trainable=2812673
StageC-Joint ep 16: train_loss=8.6900 (cls=0.3183, rank=0.3061, reco=20.7066, cons=0.1176, delta=0.0738, d_gain=0.1930, d_cost=0.0889, anc_p=0.0000, anc_o=6.1867) | val_auc_unw=0.9247, val_fpr50_unw=0.019695, val_auc_w=nan, val_fpr50_w=nan, val_metric_source=unweighted, select=auc, best_sel=0.925348, unfreeze=all, reco_trainable=8023722, dual_frozen=False, dual_trainable=2812673
StageC-Joint ep 17: train_loss=8.6904 (cls=0.3181, rank=0.3059, reco=20.7108, cons=0.1176, delta=0.0728, d_gain=0.1928, d_cost=0.0885, anc_p=0.0000, anc_o=6.2916) | val_auc_unw=0.9243, val_fpr50_unw=0.019787, val_auc_w=nan, val_fpr50_w=nan, val_metric_source=unweighted, select=auc, best_sel=0.925348, unfreeze=all, reco_trainable=8023722, dual_frozen=False, dual_trainable=2812673
StageC-Joint ep 18: train_loss=8.6773 (cls=0.3182, rank=0.3065, reco=20.6838, cons=0.1176, delta=0.0730, d_gain=0.1929, d_cost=0.0886, anc_p=0.0001, anc_o=6.2907) | val_auc_unw=0.9242, val_fpr50_unw=0.020029, val_auc_w=nan, val_fpr50_w=nan, val_metric_source=unweighted, select=auc, best_sel=0.925348, unfreeze=all, reco_trainable=8023722, dual_frozen=False, dual_trainable=2812673
StageC-Joint ep 19: train_loss=8.6771 (cls=0.3178, rank=0.3054, reco=20.6896, cons=0.1175, delta=0.0727, d_gain=0.1929, d_cost=0.0885, anc_p=0.0001, anc_o=6.2966) | val_auc_unw=0.9247, val_fpr50_unw=0.019743, val_auc_w=nan, val_fpr50_w=nan, val_metric_source=unweighted, select=auc, best_sel=0.925348, unfreeze=all, reco_trainable=8023722, dual_frozen=False, dual_trainable=2812673
StageC-Joint ep 20: train_loss=8.6696 (cls=0.3173, rank=0.3063, reco=20.6781, cons=0.1176, delta=0.0740, d_gain=0.1933, d_cost=0.0891, anc_p=0.0001, anc_o=6.2672) | val_auc_unw=0.9244, val_fpr50_unw=0.019657, val_auc_w=nan, val_fpr50_w=nan, val_metric_source=unweighted, select=auc, best_sel=0.925348, unfreeze=all, reco_trainable=8023722, dual_frozen=False, dual_trainable=2812673
StageC-Joint ep 21: train_loss=8.6723 (cls=0.3176, rank=0.3063, reco=20.6876, cons=0.1176, delta=0.0727, d_gain=0.1924, d_cost=0.0884, anc_p=0.0001, anc_o=6.3399) | val_auc_unw=0.9244, val_fpr50_unw=0.019703, val_auc_w=nan, val_fpr50_w=nan, val_metric_source=unweighted, select=auc, best_sel=0.925348, unfreeze=all, reco_trainable=8023722, dual_frozen=False, dual_trainable=2812673
StageC-Joint ep 22: train_loss=8.6666 (cls=0.3170, rank=0.3064, reco=20.6804, cons=0.1175, delta=0.0722, d_gain=0.1931, d_cost=0.0884, anc_p=0.0001, anc_o=6.3287) | val_auc_unw=0.9243, val_fpr50_unw=0.019815, val_auc_w=nan, val_fpr50_w=nan, val_metric_source=unweighted, select=auc, best_sel=0.925348, unfreeze=all, reco_trainable=8023722, dual_frozen=False, dual_trainable=2812673
StageC-Joint ep 23: train_loss=8.6554 (cls=0.3166, rank=0.3064, reco=20.6583, cons=0.1176, delta=0.0726, d_gain=0.1932, d_cost=0.0886, anc_p=0.0001, anc_o=6.3294) | val_auc_unw=0.9242, val_fpr50_unw=0.019885, val_auc_w=nan, val_fpr50_w=nan, val_metric_source=unweighted, select=auc, best_sel=0.925348, unfreeze=all, reco_trainable=8023722, dual_frozen=False, dual_trainable=2812673
StageC-Joint ep 24: train_loss=8.6533 (cls=0.3169, rank=0.3069, reco=20.6561, cons=0.1177, delta=0.0715, d_gain=0.1933, d_cost=0.0883, anc_p=0.0001, anc_o=6.3734) | val_auc_unw=0.9242, val_fpr50_unw=0.019978, val_auc_w=nan, val_fpr50_w=nan, val_metric_source=unweighted, select=auc, best_sel=0.925348, unfreeze=all, reco_trainable=8023722, dual_frozen=False, dual_trainable=2812673
StageC-Joint ep 25: train_loss=8.6485 (cls=0.3171, rank=0.3070, reco=20.6486, cons=0.1175, delta=0.0721, d_gain=0.1932, d_cost=0.0884, anc_p=0.0001, anc_o=6.3663) | val_auc_unw=0.9241, val_fpr50_unw=0.019929, val_auc_w=nan, val_fpr50_w=nan, val_metric_source=unweighted, select=auc, best_sel=0.925348, unfreeze=all, reco_trainable=8023722, dual_frozen=False, dual_trainable=2812673
Early stopping StageC-Joint at epoch 25

======================================================================
STEP 5: RECONSTRUCTION DIAGNOSTICS
======================================================================

Jet pT response/resolution by truth pT bin (test split):
  pT_low - pT_high | N | HLT resp | HLT reso | Corrected resp | Corrected reso
  172739.4 - 504068.9 | 18750 | 0.8681 | 0.1516 | 0.7741 | 0.1286
  504068.9 - 773424.6 | 18750 | 0.8445 | 0.1720 | 0.7015 | 0.1322
  773424.6 - 1093714.0 | 18750 | 0.8330 | 0.1869 | 0.6522 | 0.1326
  1093714.0 - 1365805.0 | 18750 | 0.8218 | 0.2022 | 0.6170 | 0.1374
  1365805.0 - 1711763.0 | 18750 | 0.8203 | 0.2056 | 0.5987 | 0.1367
  1711763.0 - 2155283.2 | 18750 | 0.8155 | 0.2123 | 0.5792 | 0.1397
  2155283.2 - 2633962.7 | 18750 | 0.8110 | 0.2225 | 0.5626 | 0.1447
  2633962.7 - 4355157.0 | 18750 | 0.7996 | 0.2295 | 0.5447 | 0.1476

Constituent-count diagnostics:
  Means: offline=54.297, hlt=29.181, reco=51.703
  MAE vs offline: hlt=25.116, reco=5.313

Budget diagnostics (test split):
  MAE: merge=5.260, eff=0.000, total=5.260
  Bias: merge=-2.244, eff=0.000, total=-2.244

======================================================================
FINAL TEST EVALUATION
======================================================================
Teacher (Offline) AUC: 0.9533
Baseline (HLT)   AUC: 0.9214
Stage2 (PreJoint) AUC: 0.9229
Stage2 (BestValFPR50) AUC: 0.9224
Joint Dual-View  AUC: 0.9236
Joint Dual-View (BestValFPR50) AUC: 0.9235

FPR@30 Teacher/Baseline/Stage2/Joint: 0.002131 / 0.005524 / 0.005249 / 0.005124
FPR@30 Stage2BestFPR / JointBestFPR: 0.005137 / 0.005124
FPR@50 Teacher/Baseline/Stage2/Joint: 0.009940 / 0.021587 / 0.020596 / 0.019960
FPR@50 Stage2BestFPR / JointBestFPR: 0.020688 / 0.020104
Saving val/test score arrays for fusion analysis...
Saved fusion score arrays to: checkpoints/reco_teacher_joint_fusion_6model_150k75k150k/model2_joint_delta005_fulltrain_prog_unfreeze_splitctx_heads/model2_joint_delta005_fulltrain_prog_unfreeze_splitctx_heads_150k75k150k_seed0/fusion_scores_val_test.npz

Saved joint results to: checkpoints/reco_teacher_joint_fusion_6model_150k75k150k/model2_joint_delta005_fulltrain_prog_unfreeze_splitctx_heads/model2_joint_delta005_fulltrain_prog_unfreeze_splitctx_heads_150k75k150k_seed0
Done: checkpoints/reco_teacher_joint_fusion_6model_150k75k150k/model2_joint_delta005_fulltrain_prog_unfreeze_splitctx_heads/model2_joint_delta005_fulltrain_prog_unfreeze_splitctx_heads_150k75k150k_seed0
