============================================================
Model-2 full A/B/C training (hybrid corrected branch + top-M candidate branch)
Run: checkpoints/reco_teacher_joint_fusion_6model_150k75k150k/model2_joint_delta005_fulltrain_prog_unfreeze_hybridcand/model2_joint_delta005_fulltrain_prog_unfreeze_hybridcand_150k75k150k_seed0
Hybrid topM: 96
Hybrid cand input dim: 10
Hybrid scale by weight: 1
============================================================
 python offline_reconstructor_joint_dualview_stage2save_auc_norankc_nopriv_unmergeonly_hybridcand.py --save_dir checkpoints/reco_teacher_joint_fusion_6model_150k75k150k/model2_joint_delta005_fulltrain_prog_unfreeze_hybridcand --run_name model2_joint_delta005_fulltrain_prog_unfreeze_hybridcand_150k75k150k_seed0 --n_train_jets 375000 --n_train_split 150000 --n_val_split 75000 --n_test_split 150000 --offset_jets 0 --max_constits 100 --num_workers 6 --seed 0 --selection_metric auc --stageC_progressive_unfreeze --stageC_unfreeze_phase1_epochs 3 --stageC_unfreeze_phase2_epochs 7 --stageC_unfreeze_last_n_encoder_layers 2 --stageC_lambda_param_anchor 0.02 --stageC_lambda_output_anchor 0.02 --stageC_anchor_decay 0.97 --stageC_lr_dual 1e-5 --stageC_lr_reco 5e-6 --lambda_reco 0.4 --lambda_cons 0.06 --loss_unselected_penalty 0.0 --loss_gen_local_radius 0.0 --stageC_lambda_delta 0.05 --stageC_delta_tau 0.05 --stageC_delta_lambda_fp 3.0 --stageC_delta_warmup_epochs 8 --added_target_scale 0.90 --save_fusion_scores --disable_final_kd --device cuda
[HybridCand] enabled (topM=96, cand_input_dim=10, scale_by_weight=1)
Device: cuda
Save dir: checkpoints/reco_teacher_joint_fusion_6model_150k75k150k/model2_joint_delta005_fulltrain_prog_unfreeze_hybridcand/model2_joint_delta005_fulltrain_prog_unfreeze_hybridcand_150k75k150k_seed0
Loading offline constituents...
Generating pseudo-HLT...
Non-priv target setup: added_target_scale=0.900, mean_true_added_raw=25.116, mean_target_added=22.604
Computing features...
Split sizes: Train=150000, Val=75000, Test=150000 (custom_counts=True)
Stage-B train subset: N=150000 / 150000 (frac=1.000, seed=0)

======================================================================
STEP 1: TEACHER + BASELINE
======================================================================
Teacher ep 5: train_auc=0.9439, val_auc=0.9469, val_fpr50=0.012873, best_auc=0.9469, fpr50@best=0.012873
Teacher ep 10: train_auc=0.9509, val_auc=0.9526, val_fpr50=0.010285, best_auc=0.9526, fpr50@best=0.010285
Teacher ep 15: train_auc=0.9549, val_auc=0.9522, val_fpr50=0.011025, best_auc=0.9529, fpr50@best=0.010068
Teacher ep 20: train_auc=0.9577, val_auc=0.9480, val_fpr50=0.013272, best_auc=0.9529, fpr50@best=0.010068
Teacher ep 25: train_auc=0.9610, val_auc=0.9513, val_fpr50=0.010954, best_auc=0.9539, fpr50@best=0.009423
Teacher ep 30: train_auc=0.9652, val_auc=0.9503, val_fpr50=0.011826, best_auc=0.9539, fpr50@best=0.009423
Teacher ep 35: train_auc=0.9696, val_auc=0.9496, val_fpr50=0.011791, best_auc=0.9539, fpr50@best=0.009423
Early stopping Teacher at epoch 37
Baseline ep 5: train_auc=0.9099, val_auc=0.9027, val_fpr50=0.028200, best_auc=0.9096, fpr50@best=0.027649
Baseline ep 10: train_auc=0.9173, val_auc=0.9176, val_fpr50=0.023106, best_auc=0.9185, fpr50@best=0.021131
Baseline ep 15: train_auc=0.9211, val_auc=0.9199, val_fpr50=0.021754, best_auc=0.9207, fpr50@best=0.019859
Baseline ep 20: train_auc=0.9251, val_auc=0.9232, val_fpr50=0.020238, best_auc=0.9232, fpr50@best=0.020238
Baseline ep 25: train_auc=0.9291, val_auc=0.9231, val_fpr50=0.020397, best_auc=0.9232, fpr50@best=0.020238
Baseline ep 30: train_auc=0.9336, val_auc=0.9194, val_fpr50=0.023387, best_auc=0.9235, fpr50@best=0.020215
Baseline ep 35: train_auc=0.9383, val_auc=0.9220, val_fpr50=0.021137, best_auc=0.9235, fpr50@best=0.020215
Baseline ep 40: train_auc=0.9435, val_auc=0.9181, val_fpr50=0.023374, best_auc=0.9235, fpr50@best=0.020215
Early stopping Baseline at epoch 41
StageC weak-delta HLT reference @TPR=0.50: threshold_prob=0.920016, val_auc_hlt=0.9235

======================================================================
STEP 2: STAGE A (RECONSTRUCTOR PRETRAIN)
======================================================================
Ep 5: train_total=26.3091, val_total_unw=29.4730, val_total_w=29.4730, select=unweighted, best_sel=24.8802 | set_unw=0.3637, phys_unw=0.5027, budget_unw=44.2897, fp_mass_unw=0.0159, w_set=1.000, w_budget=0.650, w_pt=0.700, w_local=0.030, stage_scale=0.35
Ep 10: train_total=25.1583, val_total_unw=26.1058, val_total_w=26.1058, select=unweighted, best_sel=24.8802 | set_unw=0.3630, phys_unw=0.4708, budget_unw=39.1531, fp_mass_unw=0.0167, w_set=1.000, w_budget=0.650, w_pt=0.700, w_local=0.030, stage_scale=0.35
Ep 15: train_total=24.7115, val_total_unw=26.7114, val_total_w=26.7114, select=unweighted, best_sel=24.4730 | set_unw=0.3556, phys_unw=0.4769, budget_unw=40.0887, fp_mass_unw=0.0151, w_set=1.000, w_budget=0.650, w_pt=0.700, w_local=0.030, stage_scale=0.35
Ep 20: train_total=24.4113, val_total_unw=24.3399, val_total_w=24.3399, select=unweighted, best_sel=24.3399 | set_unw=0.3626, phys_unw=0.4256, budget_unw=36.4891, fp_mass_unw=0.0158, w_set=1.000, w_budget=0.650, w_pt=0.700, w_local=0.030, stage_scale=0.35
Stage-A transition -> reloaded best from phase_035 (epoch=20, val_total=24.3399)
Ep 25: train_total=22.4708, val_total_unw=23.5367, val_total_w=23.5367, select=unweighted, best_sel=22.1190 | set_unw=0.3604, phys_unw=0.4210, budget_unw=35.2610, fp_mass_unw=0.0151, w_set=1.000, w_budget=0.650, w_pt=0.700, w_local=0.030, stage_scale=0.70
Ep 30: train_total=22.2569, val_total_unw=22.5303, val_total_w=22.5303, select=unweighted, best_sel=22.1190 | set_unw=0.3598, phys_unw=0.4051, budget_unw=33.7320, fp_mass_unw=0.0154, w_set=1.000, w_budget=0.650, w_pt=0.700, w_local=0.030, stage_scale=0.70
Ep 35: train_total=22.0758, val_total_unw=23.1428, val_total_w=23.1428, select=unweighted, best_sel=22.1190 | set_unw=0.3577, phys_unw=0.4206, budget_unw=34.6589, fp_mass_unw=0.0151, w_set=1.000, w_budget=0.650, w_pt=0.700, w_local=0.030, stage_scale=0.70
Ep 40: train_total=21.9217, val_total_unw=22.5433, val_total_w=22.5433, select=unweighted, best_sel=22.1190 | set_unw=0.3572, phys_unw=0.4091, budget_unw=33.7513, fp_mass_unw=0.0149, w_set=1.000, w_budget=0.650, w_pt=0.700, w_local=0.030, stage_scale=0.70
Ep 45: train_total=21.7030, val_total_unw=22.8740, val_total_w=22.8740, select=unweighted, best_sel=22.1190 | set_unw=0.3588, phys_unw=0.4089, budget_unw=34.2575, fp_mass_unw=0.0148, w_set=1.000, w_budget=0.650, w_pt=0.700, w_local=0.030, stage_scale=0.70
Ep 50: train_total=21.4851, val_total_unw=22.3744, val_total_w=22.3744, select=unweighted, best_sel=21.9851 | set_unw=0.3589, phys_unw=0.3997, budget_unw=33.4991, fp_mass_unw=0.0151, w_set=1.000, w_budget=0.650, w_pt=0.700, w_local=0.030, stage_scale=0.70
Ep 55: train_total=21.2398, val_total_unw=22.7717, val_total_w=22.7717, select=unweighted, best_sel=21.9851 | set_unw=0.3592, phys_unw=0.4051, budget_unw=34.1031, fp_mass_unw=0.0151, w_set=1.000, w_budget=0.650, w_pt=0.700, w_local=0.030, stage_scale=0.70
Stage-A transition -> reloaded best from phase_070 (epoch=48, val_total=21.9851)
Ep 60: train_total=20.9453, val_total_unw=22.5745, val_total_w=22.5745, select=unweighted, best_sel=21.9851 | set_unw=0.3569, phys_unw=0.4108, budget_unw=33.7967, fp_mass_unw=0.0145, w_set=1.000, w_budget=0.650, w_pt=0.700, w_local=0.030, stage_scale=1.00
Ep 65: train_total=20.6626, val_total_unw=22.3686, val_total_w=22.3686, select=unweighted, best_sel=21.9851 | set_unw=0.3578, phys_unw=0.4054, budget_unw=33.4846, fp_mass_unw=0.0147, w_set=1.000, w_budget=0.650, w_pt=0.700, w_local=0.030, stage_scale=1.00
Ep 70: train_total=20.3213, val_total_unw=22.4769, val_total_w=22.4769, select=unweighted, best_sel=21.9851 | set_unw=0.3563, phys_unw=0.4040, budget_unw=33.6556, fp_mass_unw=0.0148, w_set=1.000, w_budget=0.650, w_pt=0.700, w_local=0.030, stage_scale=1.00
Early stopping reconstructor at epoch 73

======================================================================
STEP 3: STAGE B (DUAL PRETRAIN, FROZEN RECONSTRUCTOR)
======================================================================
StageB-DualPretrain ep 5: train_loss=0.3764 (cls=0.3764, rank=0.3047, reco=0.0000, cons=0.1171, delta=0.0000, d_gain=0.0000, d_cost=0.0000, anc_p=0.0000, anc_o=0.0000) | val_auc_unw=0.9126, val_fpr50_unw=0.025739, val_auc_w=nan, val_fpr50_w=nan, val_metric_source=unweighted, select=auc, best_sel=0.915708, unfreeze=frozen, reco_trainable=0, dual_frozen=False, dual_trainable=3607297
StageB-DualPretrain ep 10: train_loss=0.3606 (cls=0.3606, rank=0.3026, reco=0.0000, cons=0.1171, delta=0.0000, d_gain=0.0000, d_cost=0.0000, anc_p=0.0000, anc_o=0.0000) | val_auc_unw=0.9181, val_fpr50_unw=0.022835, val_auc_w=nan, val_fpr50_w=nan, val_metric_source=unweighted, select=auc, best_sel=0.921455, unfreeze=frozen, reco_trainable=0, dual_frozen=False, dual_trainable=3607297
StageB-DualPretrain ep 15: train_loss=0.3524 (cls=0.3524, rank=0.3022, reco=0.0000, cons=0.1171, delta=0.0000, d_gain=0.0000, d_cost=0.0000, anc_p=0.0000, anc_o=0.0000) | val_auc_unw=0.9226, val_fpr50_unw=0.020374, val_auc_w=nan, val_fpr50_w=nan, val_metric_source=unweighted, select=auc, best_sel=0.922604, unfreeze=frozen, reco_trainable=0, dual_frozen=False, dual_trainable=3607297
StageB-DualPretrain ep 20: train_loss=0.3420 (cls=0.3420, rank=0.3022, reco=0.0000, cons=0.1171, delta=0.0000, d_gain=0.0000, d_cost=0.0000, anc_p=0.0000, anc_o=0.0000) | val_auc_unw=0.9236, val_fpr50_unw=0.019876, val_auc_w=nan, val_fpr50_w=nan, val_metric_source=unweighted, select=auc, best_sel=0.924457, unfreeze=frozen, reco_trainable=0, dual_frozen=False, dual_trainable=3607297
StageB-DualPretrain ep 25: train_loss=0.3318 (cls=0.3318, rank=0.3029, reco=0.0000, cons=0.1171, delta=0.0000, d_gain=0.0000, d_cost=0.0000, anc_p=0.0000, anc_o=0.0000) | val_auc_unw=0.9239, val_fpr50_unw=0.019771, val_auc_w=nan, val_fpr50_w=nan, val_metric_source=unweighted, select=auc, best_sel=0.924457, unfreeze=frozen, reco_trainable=0, dual_frozen=False, dual_trainable=3607297
StageB-DualPretrain ep 30: train_loss=0.3218 (cls=0.3218, rank=0.3042, reco=0.0000, cons=0.1171, delta=0.0000, d_gain=0.0000, d_cost=0.0000, anc_p=0.0000, anc_o=0.0000) | val_auc_unw=0.9233, val_fpr50_unw=0.020478, val_auc_w=nan, val_fpr50_w=nan, val_metric_source=unweighted, select=auc, best_sel=0.924457, unfreeze=frozen, reco_trainable=0, dual_frozen=False, dual_trainable=3607297
Early stopping StageB-DualPretrain at epoch 30

======================================================================
STEP 4: STAGE C (JOINT FINETUNE)
======================================================================
StageC-Joint ep 1: train_loss=9.0588 (cls=0.3401, rank=0.2999, reco=21.4754, cons=0.1195, delta=0.1200, d_gain=0.1883, d_cost=0.1028, anc_p=0.0000, anc_o=6.0340) | val_auc_unw=0.9257, val_fpr50_unw=0.017894, val_auc_w=nan, val_fpr50_w=nan, val_metric_source=unweighted, select=auc, best_sel=0.925728, unfreeze=heads, reco_trainable=764058, dual_frozen=False, dual_trainable=3607297
StageC-Joint ep 2: train_loss=8.9953 (cls=0.3371, rank=0.3022, reco=21.3272, cons=0.1189, delta=0.1136, d_gain=0.1897, d_cost=0.1011, anc_p=0.0000, anc_o=6.1218) | val_auc_unw=0.9259, val_fpr50_unw=0.017869, val_auc_w=nan, val_fpr50_w=nan, val_metric_source=unweighted, select=auc, best_sel=0.925869, unfreeze=heads, reco_trainable=764058, dual_frozen=False, dual_trainable=3607297
StageC-Joint ep 3: train_loss=8.9219 (cls=0.3352, rank=0.3035, reco=21.1591, cons=0.1184, delta=0.1073, d_gain=0.1899, d_cost=0.0991, anc_p=0.0000, anc_o=6.0565) | val_auc_unw=0.9263, val_fpr50_unw=0.017589, val_auc_w=nan, val_fpr50_w=nan, val_metric_source=unweighted, select=auc, best_sel=0.926282, unfreeze=heads, reco_trainable=764058, dual_frozen=False, dual_trainable=3607297
StageC-Joint ep 4: train_loss=8.8654 (cls=0.3342, rank=0.3038, reco=21.0246, cons=0.1180, delta=0.1016, d_gain=0.1897, d_cost=0.0971, anc_p=0.0000, anc_o=6.1233) | val_auc_unw=0.9264, val_fpr50_unw=0.017440, val_auc_w=nan, val_fpr50_w=nan, val_metric_source=unweighted, select=auc, best_sel=0.926376, unfreeze=lastk, reco_trainable=2343578, dual_frozen=False, dual_trainable=3607297
StageC-Joint ep 5: train_loss=8.8389 (cls=0.3332, rank=0.3044, reco=20.9716, cons=0.1176, delta=0.0996, d_gain=0.1901, d_cost=0.0966, anc_p=0.0000, anc_o=6.0355) | val_auc_unw=0.9264, val_fpr50_unw=0.017563, val_auc_w=nan, val_fpr50_w=nan, val_metric_source=unweighted, select=auc, best_sel=0.926376, unfreeze=lastk, reco_trainable=2343578, dual_frozen=False, dual_trainable=3607297
StageC-Joint ep 6: train_loss=8.8330 (cls=0.3338, rank=0.3040, reco=20.9596, cons=0.1176, delta=0.0972, d_gain=0.1895, d_cost=0.0956, anc_p=0.0000, anc_o=6.0935) | val_auc_unw=0.9262, val_fpr50_unw=0.017831, val_auc_w=nan, val_fpr50_w=nan, val_metric_source=unweighted, select=auc, best_sel=0.926376, unfreeze=lastk, reco_trainable=2343578, dual_frozen=False, dual_trainable=3607297
StageC-Joint ep 7: train_loss=8.8197 (cls=0.3327, rank=0.3047, reco=20.9380, cons=0.1176, delta=0.0951, d_gain=0.1898, d_cost=0.0950, anc_p=0.0001, anc_o=6.0378) | val_auc_unw=0.9263, val_fpr50_unw=0.017618, val_auc_w=nan, val_fpr50_w=nan, val_metric_source=unweighted, select=auc, best_sel=0.926376, unfreeze=lastk, reco_trainable=2343578, dual_frozen=False, dual_trainable=3607297
StageC-Joint ep 8: train_loss=8.7927 (cls=0.3327, rank=0.3045, reco=20.8805, cons=0.1174, delta=0.0936, d_gain=0.1896, d_cost=0.0944, anc_p=0.0001, anc_o=5.9458) | val_auc_unw=0.9265, val_fpr50_unw=0.017262, val_auc_w=nan, val_fpr50_w=nan, val_metric_source=unweighted, select=auc, best_sel=0.926506, unfreeze=all, reco_trainable=7098018, dual_frozen=False, dual_trainable=3607297
StageC-Joint ep 9: train_loss=8.7593 (cls=0.3317, rank=0.3051, reco=20.8111, cons=0.1176, delta=0.0914, d_gain=0.1897, d_cost=0.0937, anc_p=0.0001, anc_o=5.8455) | val_auc_unw=0.9263, val_fpr50_unw=0.017735, val_auc_w=nan, val_fpr50_w=nan, val_metric_source=unweighted, select=auc, best_sel=0.926506, unfreeze=all, reco_trainable=7098018, dual_frozen=False, dual_trainable=3607297
StageC-Joint ep 10: train_loss=8.7426 (cls=0.3314, rank=0.3049, reco=20.7767, cons=0.1176, delta=0.0903, d_gain=0.1898, d_cost=0.0934, anc_p=0.0001, anc_o=5.8545) | val_auc_unw=0.9264, val_fpr50_unw=0.017524, val_auc_w=nan, val_fpr50_w=nan, val_metric_source=unweighted, select=auc, best_sel=0.926506, unfreeze=all, reco_trainable=7098018, dual_frozen=False, dual_trainable=3607297
StageC-Joint ep 11: train_loss=8.7327 (cls=0.3311, rank=0.3042, reco=20.7607, cons=0.1176, delta=0.0908, d_gain=0.1899, d_cost=0.0936, anc_p=0.0001, anc_o=5.8162) | val_auc_unw=0.9261, val_fpr50_unw=0.017639, val_auc_w=nan, val_fpr50_w=nan, val_metric_source=unweighted, select=auc, best_sel=0.926506, unfreeze=all, reco_trainable=7098018, dual_frozen=False, dual_trainable=3607297
StageC-Joint ep 12: train_loss=8.7274 (cls=0.3314, rank=0.3047, reco=20.7494, cons=0.1176, delta=0.0892, d_gain=0.1897, d_cost=0.0930, anc_p=0.0001, anc_o=5.9254) | val_auc_unw=0.9263, val_fpr50_unw=0.017466, val_auc_w=nan, val_fpr50_w=nan, val_metric_source=unweighted, select=auc, best_sel=0.926506, unfreeze=all, reco_trainable=7098018, dual_frozen=False, dual_trainable=3607297
StageC-Joint ep 13: train_loss=8.7150 (cls=0.3303, rank=0.3037, reco=20.7265, cons=0.1176, delta=0.0893, d_gain=0.1899, d_cost=0.0931, anc_p=0.0001, anc_o=5.9512) | val_auc_unw=0.9262, val_fpr50_unw=0.017798, val_auc_w=nan, val_fpr50_w=nan, val_metric_source=unweighted, select=auc, best_sel=0.926506, unfreeze=all, reco_trainable=7098018, dual_frozen=False, dual_trainable=3607297
StageC-Joint ep 14: train_loss=8.7109 (cls=0.3306, rank=0.3047, reco=20.7234, cons=0.1175, delta=0.0881, d_gain=0.1899, d_cost=0.0927, anc_p=0.0001, anc_o=5.8988) | val_auc_unw=0.9262, val_fpr50_unw=0.017673, val_auc_w=nan, val_fpr50_w=nan, val_metric_source=unweighted, select=auc, best_sel=0.926506, unfreeze=all, reco_trainable=7098018, dual_frozen=False, dual_trainable=3607297
StageC-Joint ep 15: train_loss=8.7047 (cls=0.3305, rank=0.3047, reco=20.7113, cons=0.1176, delta=0.0877, d_gain=0.1900, d_cost=0.0926, anc_p=0.0001, anc_o=5.9928) | val_auc_unw=0.9260, val_fpr50_unw=0.017815, val_auc_w=nan, val_fpr50_w=nan, val_metric_source=unweighted, select=auc, best_sel=0.926506, unfreeze=all, reco_trainable=7098018, dual_frozen=False, dual_trainable=3607297
StageC-Joint ep 16: train_loss=8.7014 (cls=0.3298, rank=0.3047, reco=20.7121, cons=0.1176, delta=0.0885, d_gain=0.1901, d_cost=0.0928, anc_p=0.0001, anc_o=5.9423) | val_auc_unw=0.9263, val_fpr50_unw=0.017591, val_auc_w=nan, val_fpr50_w=nan, val_metric_source=unweighted, select=auc, best_sel=0.926506, unfreeze=all, reco_trainable=7098018, dual_frozen=False, dual_trainable=3607297
StageC-Joint ep 17: train_loss=8.6947 (cls=0.3310, rank=0.3052, reco=20.6962, cons=0.1176, delta=0.0885, d_gain=0.1900, d_cost=0.0928, anc_p=0.0001, anc_o=6.0039) | val_auc_unw=0.9261, val_fpr50_unw=0.017821, val_auc_w=nan, val_fpr50_w=nan, val_metric_source=unweighted, select=auc, best_sel=0.926506, unfreeze=all, reco_trainable=7098018, dual_frozen=False, dual_trainable=3607297
StageC-Joint ep 18: train_loss=8.6859 (cls=0.3296, rank=0.3049, reco=20.6857, cons=0.1175, delta=0.0873, d_gain=0.1900, d_cost=0.0924, anc_p=0.0001, anc_o=5.9264) | val_auc_unw=0.9259, val_fpr50_unw=0.017792, val_auc_w=nan, val_fpr50_w=nan, val_metric_source=unweighted, select=auc, best_sel=0.926506, unfreeze=all, reco_trainable=7098018, dual_frozen=False, dual_trainable=3607297
StageC-Joint ep 19: train_loss=8.6843 (cls=0.3298, rank=0.3044, reco=20.6852, cons=0.1176, delta=0.0866, d_gain=0.1896, d_cost=0.0921, anc_p=0.0001, anc_o=5.9668) | val_auc_unw=0.9260, val_fpr50_unw=0.017643, val_auc_w=nan, val_fpr50_w=nan, val_metric_source=unweighted, select=auc, best_sel=0.926506, unfreeze=all, reco_trainable=7098018, dual_frozen=False, dual_trainable=3607297
StageC-Joint ep 20: train_loss=8.6818 (cls=0.3289, rank=0.3048, reco=20.6819, cons=0.1176, delta=0.0871, d_gain=0.1905, d_cost=0.0925, anc_p=0.0001, anc_o=6.1351) | val_auc_unw=0.9259, val_fpr50_unw=0.017871, val_auc_w=nan, val_fpr50_w=nan, val_metric_source=unweighted, select=auc, best_sel=0.926506, unfreeze=all, reco_trainable=7098018, dual_frozen=False, dual_trainable=3607297
StageC-Joint ep 21: train_loss=8.6732 (cls=0.3295, rank=0.3050, reco=20.6664, cons=0.1175, delta=0.0868, d_gain=0.1901, d_cost=0.0923, anc_p=0.0001, anc_o=6.0393) | val_auc_unw=0.9261, val_fpr50_unw=0.017871, val_auc_w=nan, val_fpr50_w=nan, val_metric_source=unweighted, select=auc, best_sel=0.926506, unfreeze=all, reco_trainable=7098018, dual_frozen=False, dual_trainable=3607297
StageC-Joint ep 22: train_loss=8.6767 (cls=0.3289, rank=0.3050, reco=20.6813, cons=0.1175, delta=0.0867, d_gain=0.1904, d_cost=0.0924, anc_p=0.0001, anc_o=6.0506) | val_auc_unw=0.9260, val_fpr50_unw=0.017857, val_auc_w=nan, val_fpr50_w=nan, val_metric_source=unweighted, select=auc, best_sel=0.926506, unfreeze=all, reco_trainable=7098018, dual_frozen=False, dual_trainable=3607297
StageC-Joint ep 23: train_loss=8.6666 (cls=0.3289, rank=0.3046, reco=20.6622, cons=0.1176, delta=0.0860, d_gain=0.1902, d_cost=0.0921, anc_p=0.0001, anc_o=6.0064) | val_auc_unw=0.9262, val_fpr50_unw=0.017803, val_auc_w=nan, val_fpr50_w=nan, val_metric_source=unweighted, select=auc, best_sel=0.926506, unfreeze=all, reco_trainable=7098018, dual_frozen=False, dual_trainable=3607297
StageC-Joint ep 24: train_loss=8.6639 (cls=0.3288, rank=0.3050, reco=20.6584, cons=0.1176, delta=0.0853, d_gain=0.1904, d_cost=0.0919, anc_p=0.0001, anc_o=6.0837) | val_auc_unw=0.9258, val_fpr50_unw=0.018142, val_auc_w=nan, val_fpr50_w=nan, val_metric_source=unweighted, select=auc, best_sel=0.926506, unfreeze=all, reco_trainable=7098018, dual_frozen=False, dual_trainable=3607297
StageC-Joint ep 25: train_loss=8.6609 (cls=0.3290, rank=0.3047, reco=20.6556, cons=0.1176, delta=0.0855, d_gain=0.1901, d_cost=0.0919, anc_p=0.0001, anc_o=6.0607) | val_auc_unw=0.9259, val_fpr50_unw=0.018040, val_auc_w=nan, val_fpr50_w=nan, val_metric_source=unweighted, select=auc, best_sel=0.926506, unfreeze=all, reco_trainable=7098018, dual_frozen=False, dual_trainable=3607297
Early stopping StageC-Joint at epoch 25

======================================================================
STEP 5: RECONSTRUCTION DIAGNOSTICS
======================================================================

Jet pT response/resolution by truth pT bin (test split):
  pT_low - pT_high | N | HLT resp | HLT reso | Corrected resp | Corrected reso
  172739.4 - 504068.9 | 18750 | 0.8681 | 0.1516 | 0.7738 | 0.1287
  504068.9 - 773424.6 | 18750 | 0.8445 | 0.1720 | 0.7004 | 0.1311
  773424.6 - 1093714.0 | 18750 | 0.8330 | 0.1869 | 0.6509 | 0.1313
  1093714.0 - 1365805.0 | 18750 | 0.8218 | 0.2022 | 0.6165 | 0.1364
  1365805.0 - 1711763.0 | 18750 | 0.8203 | 0.2056 | 0.5987 | 0.1358
  1711763.0 - 2155283.2 | 18750 | 0.8155 | 0.2123 | 0.5795 | 0.1387
  2155283.2 - 2633962.7 | 18750 | 0.8110 | 0.2225 | 0.5628 | 0.1438
  2633962.7 - 4355157.0 | 18750 | 0.7996 | 0.2295 | 0.5441 | 0.1467

Constituent-count diagnostics:
  Means: offline=54.297, hlt=29.181, reco=51.614
  MAE vs offline: hlt=25.116, reco=5.306

Budget diagnostics (test split):
  MAE: merge=5.212, eff=0.000, total=5.212
  Bias: merge=-2.163, eff=0.000, total=-2.163

======================================================================
FINAL TEST EVALUATION
======================================================================
Teacher (Offline) AUC: 0.9533
Baseline (HLT)   AUC: 0.9214
Stage2 (PreJoint) AUC: 0.9223
Stage2 (BestValFPR50) AUC: 0.9223
Joint Dual-View  AUC: 0.9245
Joint Dual-View (BestValFPR50) AUC: 0.9245

FPR@30 Teacher/Baseline/Stage2/Joint: 0.002131 / 0.005524 / 0.005301 / 0.005055
FPR@30 Stage2BestFPR / JointBestFPR: 0.005301 / 0.005055
FPR@50 Teacher/Baseline/Stage2/Joint: 0.009940 / 0.021587 / 0.020523 / 0.018918
FPR@50 Stage2BestFPR / JointBestFPR: 0.020523 / 0.018918
Saving val/test score arrays for fusion analysis...
Saved fusion score arrays to: checkpoints/reco_teacher_joint_fusion_6model_150k75k150k/model2_joint_delta005_fulltrain_prog_unfreeze_hybridcand/model2_joint_delta005_fulltrain_prog_unfreeze_hybridcand_150k75k150k_seed0/fusion_scores_val_test.npz

Saved joint results to: checkpoints/reco_teacher_joint_fusion_6model_150k75k150k/model2_joint_delta005_fulltrain_prog_unfreeze_hybridcand/model2_joint_delta005_fulltrain_prog_unfreeze_hybridcand_150k75k150k_seed0
Done: checkpoints/reco_teacher_joint_fusion_6model_150k75k150k/model2_joint_delta005_fulltrain_prog_unfreeze_hybridcand/model2_joint_delta005_fulltrain_prog_unfreeze_hybridcand_150k75k150k_seed0
