============================================================
Model-2 full A/B/C training (split angle cap ablation: 0.35)
Run: checkpoints/reco_teacher_joint_fusion_6model_150k75k150k/model2_joint_delta005_fulltrain_prog_unfreeze_anglecap035/model2_joint_delta005_fulltrain_prog_unfreeze_anglecap035_150k75k150k_seed0
============================================================
 python offline_reconstructor_joint_dualview_stage2save_auc_norankc_nopriv_unmergeonly_anglecap035.py --save_dir checkpoints/reco_teacher_joint_fusion_6model_150k75k150k/model2_joint_delta005_fulltrain_prog_unfreeze_anglecap035 --run_name model2_joint_delta005_fulltrain_prog_unfreeze_anglecap035_150k75k150k_seed0 --n_train_jets 375000 --n_train_split 150000 --n_val_split 75000 --n_test_split 150000 --offset_jets 0 --max_constits 100 --num_workers 6 --seed 0 --selection_metric auc --stageC_progressive_unfreeze --stageC_unfreeze_phase1_epochs 3 --stageC_unfreeze_phase2_epochs 7 --stageC_unfreeze_last_n_encoder_layers 2 --stageC_lambda_param_anchor 0.02 --stageC_lambda_output_anchor 0.02 --stageC_anchor_decay 0.97 --stageC_lr_dual 1e-5 --stageC_lr_reco 5e-6 --lambda_reco 0.4 --lambda_cons 0.06 --loss_unselected_penalty 0.0 --loss_gen_local_radius 0.0 --stageC_lambda_delta 0.05 --stageC_delta_tau 0.05 --stageC_delta_lambda_fp 3.0 --stageC_delta_warmup_epochs 8 --added_target_scale 0.90 --save_fusion_scores --disable_final_kd --device cuda
[AngleCap035] Using split child angle cap 0.35
Device: cuda
Save dir: checkpoints/reco_teacher_joint_fusion_6model_150k75k150k/model2_joint_delta005_fulltrain_prog_unfreeze_anglecap035/model2_joint_delta005_fulltrain_prog_unfreeze_anglecap035_150k75k150k_seed0
Loading offline constituents...
Generating pseudo-HLT...
Non-priv target setup: added_target_scale=0.900, mean_true_added_raw=25.116, mean_target_added=22.604
Computing features...
Split sizes: Train=150000, Val=75000, Test=150000 (custom_counts=True)
Stage-B train subset: N=150000 / 150000 (frac=1.000, seed=0)

======================================================================
STEP 1: TEACHER + BASELINE
======================================================================
Teacher ep 5: train_auc=0.9439, val_auc=0.9469, val_fpr50=0.012873, best_auc=0.9469, fpr50@best=0.012873
Teacher ep 10: train_auc=0.9509, val_auc=0.9526, val_fpr50=0.010285, best_auc=0.9526, fpr50@best=0.010285
Teacher ep 15: train_auc=0.9549, val_auc=0.9522, val_fpr50=0.011025, best_auc=0.9529, fpr50@best=0.010068
Teacher ep 20: train_auc=0.9577, val_auc=0.9480, val_fpr50=0.013272, best_auc=0.9529, fpr50@best=0.010068
Teacher ep 25: train_auc=0.9610, val_auc=0.9513, val_fpr50=0.010954, best_auc=0.9539, fpr50@best=0.009423
Teacher ep 30: train_auc=0.9652, val_auc=0.9503, val_fpr50=0.011826, best_auc=0.9539, fpr50@best=0.009423
Teacher ep 35: train_auc=0.9696, val_auc=0.9496, val_fpr50=0.011791, best_auc=0.9539, fpr50@best=0.009423
Early stopping Teacher at epoch 37
Baseline ep 5: train_auc=0.9099, val_auc=0.9027, val_fpr50=0.028200, best_auc=0.9096, fpr50@best=0.027649
Baseline ep 10: train_auc=0.9173, val_auc=0.9176, val_fpr50=0.023106, best_auc=0.9185, fpr50@best=0.021131
Baseline ep 15: train_auc=0.9211, val_auc=0.9199, val_fpr50=0.021754, best_auc=0.9207, fpr50@best=0.019859
Baseline ep 20: train_auc=0.9251, val_auc=0.9232, val_fpr50=0.020238, best_auc=0.9232, fpr50@best=0.020238
Baseline ep 25: train_auc=0.9291, val_auc=0.9231, val_fpr50=0.020397, best_auc=0.9232, fpr50@best=0.020238
Baseline ep 30: train_auc=0.9336, val_auc=0.9194, val_fpr50=0.023387, best_auc=0.9235, fpr50@best=0.020215
Baseline ep 35: train_auc=0.9383, val_auc=0.9220, val_fpr50=0.021137, best_auc=0.9235, fpr50@best=0.020215
Baseline ep 40: train_auc=0.9435, val_auc=0.9181, val_fpr50=0.023374, best_auc=0.9235, fpr50@best=0.020215
Early stopping Baseline at epoch 41
StageC weak-delta HLT reference @TPR=0.50: threshold_prob=0.920016, val_auc_hlt=0.9235

======================================================================
STEP 2: STAGE A (RECONSTRUCTOR PRETRAIN)
======================================================================
Ep 5: train_total=26.2356, val_total_unw=28.4142, val_total_w=28.4142, select=unweighted, best_sel=24.8606 | set_unw=0.3628, phys_unw=0.5290, budget_unw=42.6284, fp_mass_unw=0.0167, w_set=1.000, w_budget=0.650, w_pt=0.700, w_local=0.030, stage_scale=0.35
Ep 10: train_total=25.1755, val_total_unw=25.4761, val_total_w=25.4761, select=unweighted, best_sel=24.8606 | set_unw=0.3624, phys_unw=0.4657, budget_unw=38.1912, fp_mass_unw=0.0164, w_set=1.000, w_budget=0.650, w_pt=0.700, w_local=0.030, stage_scale=0.35
Ep 15: train_total=24.7048, val_total_unw=26.1356, val_total_w=26.1356, select=unweighted, best_sel=24.6588 | set_unw=0.3556, phys_unw=0.4765, budget_unw=39.2031, fp_mass_unw=0.0149, w_set=1.000, w_budget=0.650, w_pt=0.700, w_local=0.030, stage_scale=0.35
Ep 20: train_total=24.4500, val_total_unw=24.2217, val_total_w=24.2217, select=unweighted, best_sel=24.2217 | set_unw=0.3625, phys_unw=0.4226, budget_unw=36.3107, fp_mass_unw=0.0155, w_set=1.000, w_budget=0.650, w_pt=0.700, w_local=0.030, stage_scale=0.35
Stage-A transition -> reloaded best from phase_035 (epoch=20, val_total=24.2217)
Ep 25: train_total=22.4695, val_total_unw=23.6274, val_total_w=23.6274, select=unweighted, best_sel=22.6375 | set_unw=0.3593, phys_unw=0.4240, budget_unw=35.3981, fp_mass_unw=0.0151, w_set=1.000, w_budget=0.650, w_pt=0.700, w_local=0.030, stage_scale=0.70
Ep 30: train_total=22.2925, val_total_unw=22.7111, val_total_w=22.7111, select=unweighted, best_sel=22.5503 | set_unw=0.3572, phys_unw=0.4222, budget_unw=33.9934, fp_mass_unw=0.0149, w_set=1.000, w_budget=0.650, w_pt=0.700, w_local=0.030, stage_scale=0.70
Ep 35: train_total=22.0986, val_total_unw=22.9470, val_total_w=22.9470, select=unweighted, best_sel=22.2793 | set_unw=0.3591, phys_unw=0.4191, budget_unw=34.3560, fp_mass_unw=0.0151, w_set=1.000, w_budget=0.650, w_pt=0.700, w_local=0.030, stage_scale=0.70
Ep 40: train_total=21.9202, val_total_unw=22.3250, val_total_w=22.3250, select=unweighted, best_sel=22.2793 | set_unw=0.3602, phys_unw=0.4003, budget_unw=33.4202, fp_mass_unw=0.0155, w_set=1.000, w_budget=0.650, w_pt=0.700, w_local=0.030, stage_scale=0.70
Ep 45: train_total=21.7014, val_total_unw=22.6467, val_total_w=22.6467, select=unweighted, best_sel=22.2793 | set_unw=0.3582, phys_unw=0.4093, budget_unw=33.9077, fp_mass_unw=0.0147, w_set=1.000, w_budget=0.650, w_pt=0.700, w_local=0.030, stage_scale=0.70
Ep 50: train_total=21.5024, val_total_unw=22.2914, val_total_w=22.2914, select=unweighted, best_sel=22.1370 | set_unw=0.3566, phys_unw=0.4051, budget_unw=33.3684, fp_mass_unw=0.0148, w_set=1.000, w_budget=0.650, w_pt=0.700, w_local=0.030, stage_scale=0.70
Ep 55: train_total=21.2449, val_total_unw=22.6779, val_total_w=22.6779, select=unweighted, best_sel=22.1370 | set_unw=0.3579, phys_unw=0.3977, budget_unw=33.9690, fp_mass_unw=0.0151, w_set=1.000, w_budget=0.650, w_pt=0.700, w_local=0.030, stage_scale=0.70
Stage-A transition -> reloaded best from phase_070 (epoch=48, val_total=22.1370)
Ep 60: train_total=20.9423, val_total_unw=22.5787, val_total_w=22.5787, select=unweighted, best_sel=21.8339 | set_unw=0.3552, phys_unw=0.4085, budget_unw=33.8078, fp_mass_unw=0.0144, w_set=1.000, w_budget=0.650, w_pt=0.700, w_local=0.030, stage_scale=1.00
Ep 65: train_total=20.7011, val_total_unw=22.2780, val_total_w=22.2780, select=unweighted, best_sel=21.8339 | set_unw=0.3555, phys_unw=0.4037, budget_unw=33.3506, fp_mass_unw=0.0146, w_set=1.000, w_budget=0.650, w_pt=0.700, w_local=0.030, stage_scale=1.00
Ep 70: train_total=20.3717, val_total_unw=22.3702, val_total_w=22.3702, select=unweighted, best_sel=21.8339 | set_unw=0.3552, phys_unw=0.4018, budget_unw=33.4953, fp_mass_unw=0.0147, w_set=1.000, w_budget=0.650, w_pt=0.700, w_local=0.030, stage_scale=1.00
Early stopping reconstructor at epoch 74

======================================================================
STEP 3: STAGE B (DUAL PRETRAIN, FROZEN RECONSTRUCTOR)
======================================================================
StageB-DualPretrain ep 5: train_loss=0.3779 (cls=0.3779, rank=0.3046, reco=0.0000, cons=0.1170, delta=0.0000, d_gain=0.0000, d_cost=0.0000, anc_p=0.0000, anc_o=0.0000) | val_auc_unw=0.9149, val_fpr50_unw=0.024002, val_auc_w=nan, val_fpr50_w=nan, val_metric_source=unweighted, select=auc, best_sel=0.914864, unfreeze=frozen, reco_trainable=0, dual_frozen=False, dual_trainable=2812673
StageB-DualPretrain ep 10: train_loss=0.3617 (cls=0.3617, rank=0.3038, reco=0.0000, cons=0.1170, delta=0.0000, d_gain=0.0000, d_cost=0.0000, anc_p=0.0000, anc_o=0.0000) | val_auc_unw=0.9180, val_fpr50_unw=0.021826, val_auc_w=nan, val_fpr50_w=nan, val_metric_source=unweighted, select=auc, best_sel=0.918003, unfreeze=frozen, reco_trainable=0, dual_frozen=False, dual_trainable=2812673
StageB-DualPretrain ep 15: train_loss=0.3524 (cls=0.3524, rank=0.3031, reco=0.0000, cons=0.1170, delta=0.0000, d_gain=0.0000, d_cost=0.0000, anc_p=0.0000, anc_o=0.0000) | val_auc_unw=0.9240, val_fpr50_unw=0.018826, val_auc_w=nan, val_fpr50_w=nan, val_metric_source=unweighted, select=auc, best_sel=0.923965, unfreeze=frozen, reco_trainable=0, dual_frozen=False, dual_trainable=2812673
StageB-DualPretrain ep 20: train_loss=0.3432 (cls=0.3432, rank=0.3020, reco=0.0000, cons=0.1170, delta=0.0000, d_gain=0.0000, d_cost=0.0000, anc_p=0.0000, anc_o=0.0000) | val_auc_unw=0.9236, val_fpr50_unw=0.019647, val_auc_w=nan, val_fpr50_w=nan, val_metric_source=unweighted, select=auc, best_sel=0.924410, unfreeze=frozen, reco_trainable=0, dual_frozen=False, dual_trainable=2812673
StageB-DualPretrain ep 25: train_loss=0.3342 (cls=0.3342, rank=0.3022, reco=0.0000, cons=0.1170, delta=0.0000, d_gain=0.0000, d_cost=0.0000, anc_p=0.0000, anc_o=0.0000) | val_auc_unw=0.9247, val_fpr50_unw=0.019296, val_auc_w=nan, val_fpr50_w=nan, val_metric_source=unweighted, select=auc, best_sel=0.924684, unfreeze=frozen, reco_trainable=0, dual_frozen=False, dual_trainable=2812673
StageB-DualPretrain ep 30: train_loss=0.3223 (cls=0.3223, rank=0.3038, reco=0.0000, cons=0.1170, delta=0.0000, d_gain=0.0000, d_cost=0.0000, anc_p=0.0000, anc_o=0.0000) | val_auc_unw=0.9239, val_fpr50_unw=0.020168, val_auc_w=nan, val_fpr50_w=nan, val_metric_source=unweighted, select=auc, best_sel=0.925071, unfreeze=frozen, reco_trainable=0, dual_frozen=False, dual_trainable=2812673
StageB-DualPretrain ep 35: train_loss=0.3125 (cls=0.3125, rank=0.3055, reco=0.0000, cons=0.1170, delta=0.0000, d_gain=0.0000, d_cost=0.0000, anc_p=0.0000, anc_o=0.0000) | val_auc_unw=0.9228, val_fpr50_unw=0.020303, val_auc_w=nan, val_fpr50_w=nan, val_metric_source=unweighted, select=auc, best_sel=0.925071, unfreeze=frozen, reco_trainable=0, dual_frozen=False, dual_trainable=2812673
Early stopping StageB-DualPretrain at epoch 38

======================================================================
STEP 4: STAGE C (JOINT FINETUNE)
======================================================================
StageC-Joint ep 1: train_loss=8.8547 (cls=0.3248, rank=0.3035, reco=21.0078, cons=0.1183, delta=0.0952, d_gain=0.1931, d_cost=0.0961, anc_p=0.0000, anc_o=5.9547) | val_auc_unw=0.9257, val_fpr50_unw=0.018677, val_auc_w=nan, val_fpr50_w=nan, val_metric_source=unweighted, select=auc, best_sel=0.925719, unfreeze=heads, reco_trainable=764058, dual_frozen=False, dual_trainable=2812673
StageC-Joint ep 2: train_loss=8.8240 (cls=0.3231, rank=0.3036, reco=20.9516, cons=0.1177, delta=0.0911, d_gain=0.1926, d_cost=0.0946, anc_p=0.0000, anc_o=5.7791) | val_auc_unw=0.9257, val_fpr50_unw=0.018315, val_auc_w=nan, val_fpr50_w=nan, val_metric_source=unweighted, select=auc, best_sel=0.925725, unfreeze=heads, reco_trainable=764058, dual_frozen=False, dual_trainable=2812673
StageC-Joint ep 3: train_loss=8.8045 (cls=0.3218, rank=0.3037, reco=20.9148, cons=0.1176, delta=0.0883, d_gain=0.1928, d_cost=0.0937, anc_p=0.0000, anc_o=5.7423) | val_auc_unw=0.9257, val_fpr50_unw=0.018144, val_auc_w=nan, val_fpr50_w=nan, val_metric_source=unweighted, select=auc, best_sel=0.925740, unfreeze=heads, reco_trainable=764058, dual_frozen=False, dual_trainable=2812673
StageC-Joint ep 4: train_loss=8.8040 (cls=0.3218, rank=0.3045, reco=20.9205, cons=0.1175, delta=0.0858, d_gain=0.1925, d_cost=0.0928, anc_p=0.0000, anc_o=5.7409) | val_auc_unw=0.9256, val_fpr50_unw=0.018446, val_auc_w=nan, val_fpr50_w=nan, val_metric_source=unweighted, select=auc, best_sel=0.925740, unfreeze=lastk, reco_trainable=2343578, dual_frozen=False, dual_trainable=2812673
StageC-Joint ep 5: train_loss=8.7927 (cls=0.3208, rank=0.3051, reco=20.9009, cons=0.1175, delta=0.0832, d_gain=0.1925, d_cost=0.0919, anc_p=0.0000, anc_o=5.7535) | val_auc_unw=0.9256, val_fpr50_unw=0.018606, val_auc_w=nan, val_fpr50_w=nan, val_metric_source=unweighted, select=auc, best_sel=0.925740, unfreeze=lastk, reco_trainable=2343578, dual_frozen=False, dual_trainable=2812673
StageC-Joint ep 6: train_loss=8.7855 (cls=0.3203, rank=0.3054, reco=20.8909, cons=0.1175, delta=0.0811, d_gain=0.1928, d_cost=0.0913, anc_p=0.0000, anc_o=5.7506) | val_auc_unw=0.9257, val_fpr50_unw=0.018231, val_auc_w=nan, val_fpr50_w=nan, val_metric_source=unweighted, select=auc, best_sel=0.925740, unfreeze=lastk, reco_trainable=2343578, dual_frozen=False, dual_trainable=2812673
StageC-Joint ep 7: train_loss=8.7788 (cls=0.3200, rank=0.3059, reco=20.8806, cons=0.1175, delta=0.0795, d_gain=0.1926, d_cost=0.0907, anc_p=0.0000, anc_o=5.7637) | val_auc_unw=0.9254, val_fpr50_unw=0.018332, val_auc_w=nan, val_fpr50_w=nan, val_metric_source=unweighted, select=auc, best_sel=0.925740, unfreeze=lastk, reco_trainable=2343578, dual_frozen=False, dual_trainable=2812673
StageC-Joint ep 8: train_loss=8.7469 (cls=0.3197, rank=0.3056, reco=20.8027, cons=0.1175, delta=0.0769, d_gain=0.1926, d_cost=0.0898, anc_p=0.0000, anc_o=5.8896) | val_auc_unw=0.9252, val_fpr50_unw=0.018332, val_auc_w=nan, val_fpr50_w=nan, val_metric_source=unweighted, select=auc, best_sel=0.925740, unfreeze=all, reco_trainable=7098018, dual_frozen=False, dual_trainable=2812673
StageC-Joint ep 9: train_loss=8.7332 (cls=0.3192, rank=0.3056, reco=20.7752, cons=0.1175, delta=0.0764, d_gain=0.1926, d_cost=0.0897, anc_p=0.0000, anc_o=5.9413) | val_auc_unw=0.9255, val_fpr50_unw=0.018221, val_auc_w=nan, val_fpr50_w=nan, val_metric_source=unweighted, select=auc, best_sel=0.925740, unfreeze=all, reco_trainable=7098018, dual_frozen=False, dual_trainable=2812673
StageC-Joint ep 10: train_loss=8.7148 (cls=0.3187, rank=0.3057, reco=20.7360, cons=0.1175, delta=0.0756, d_gain=0.1928, d_cost=0.0894, anc_p=0.0000, anc_o=5.9746) | val_auc_unw=0.9252, val_fpr50_unw=0.018450, val_auc_w=nan, val_fpr50_w=nan, val_metric_source=unweighted, select=auc, best_sel=0.925740, unfreeze=all, reco_trainable=7098018, dual_frozen=False, dual_trainable=2812673
StageC-Joint ep 11: train_loss=8.7060 (cls=0.3188, rank=0.3061, reco=20.7208, cons=0.1175, delta=0.0747, d_gain=0.1926, d_cost=0.0891, anc_p=0.0000, anc_o=5.9722) | val_auc_unw=0.9255, val_fpr50_unw=0.018216, val_auc_w=nan, val_fpr50_w=nan, val_metric_source=unweighted, select=auc, best_sel=0.925740, unfreeze=all, reco_trainable=7098018, dual_frozen=False, dual_trainable=2812673
StageC-Joint ep 12: train_loss=8.6976 (cls=0.3192, rank=0.3054, reco=20.7060, cons=0.1175, delta=0.0750, d_gain=0.1926, d_cost=0.0892, anc_p=0.0000, anc_o=5.9510) | val_auc_unw=0.9253, val_fpr50_unw=0.018458, val_auc_w=nan, val_fpr50_w=nan, val_metric_source=unweighted, select=auc, best_sel=0.925740, unfreeze=all, reco_trainable=7098018, dual_frozen=False, dual_trainable=2812673
StageC-Joint ep 13: train_loss=8.6939 (cls=0.3183, rank=0.3065, reco=20.7049, cons=0.1176, delta=0.0744, d_gain=0.1932, d_cost=0.0892, anc_p=0.0000, anc_o=5.9671) | val_auc_unw=0.9253, val_fpr50_unw=0.018263, val_auc_w=nan, val_fpr50_w=nan, val_metric_source=unweighted, select=auc, best_sel=0.925740, unfreeze=all, reco_trainable=7098018, dual_frozen=False, dual_trainable=2812673
StageC-Joint ep 14: train_loss=8.6862 (cls=0.3184, rank=0.3057, reco=20.6912, cons=0.1176, delta=0.0745, d_gain=0.1925, d_cost=0.0890, anc_p=0.0000, anc_o=5.9844) | val_auc_unw=0.9250, val_fpr50_unw=0.018571, val_auc_w=nan, val_fpr50_w=nan, val_metric_source=unweighted, select=auc, best_sel=0.925740, unfreeze=all, reco_trainable=7098018, dual_frozen=False, dual_trainable=2812673
StageC-Joint ep 15: train_loss=8.6815 (cls=0.3173, rank=0.3059, reco=20.6879, cons=0.1176, delta=0.0733, d_gain=0.1933, d_cost=0.0889, anc_p=0.0000, anc_o=5.9975) | val_auc_unw=0.9249, val_fpr50_unw=0.018538, val_auc_w=nan, val_fpr50_w=nan, val_metric_source=unweighted, select=auc, best_sel=0.925740, unfreeze=all, reco_trainable=7098018, dual_frozen=False, dual_trainable=2812673
StageC-Joint ep 16: train_loss=8.6750 (cls=0.3178, rank=0.3056, reco=20.6740, cons=0.1176, delta=0.0730, d_gain=0.1928, d_cost=0.0886, anc_p=0.0000, anc_o=6.0639) | val_auc_unw=0.9250, val_fpr50_unw=0.018668, val_auc_w=nan, val_fpr50_w=nan, val_metric_source=unweighted, select=auc, best_sel=0.925740, unfreeze=all, reco_trainable=7098018, dual_frozen=False, dual_trainable=2812673
StageC-Joint ep 17: train_loss=8.6739 (cls=0.3174, rank=0.3061, reco=20.6768, cons=0.1175, delta=0.0723, d_gain=0.1929, d_cost=0.0884, anc_p=0.0000, anc_o=6.1184) | val_auc_unw=0.9249, val_fpr50_unw=0.018751, val_auc_w=nan, val_fpr50_w=nan, val_metric_source=unweighted, select=auc, best_sel=0.925740, unfreeze=all, reco_trainable=7098018, dual_frozen=False, dual_trainable=2812673
StageC-Joint ep 18: train_loss=8.6583 (cls=0.3169, rank=0.3065, reco=20.6471, cons=0.1176, delta=0.0726, d_gain=0.1934, d_cost=0.0887, anc_p=0.0001, anc_o=6.0284) | val_auc_unw=0.9249, val_fpr50_unw=0.018662, val_auc_w=nan, val_fpr50_w=nan, val_metric_source=unweighted, select=auc, best_sel=0.925740, unfreeze=all, reco_trainable=7098018, dual_frozen=False, dual_trainable=2812673
StageC-Joint ep 19: train_loss=8.6612 (cls=0.3176, rank=0.3061, reco=20.6556, cons=0.1176, delta=0.0732, d_gain=0.1928, d_cost=0.0887, anc_p=0.0001, anc_o=6.1116) | val_auc_unw=0.9248, val_fpr50_unw=0.018608, val_auc_w=nan, val_fpr50_w=nan, val_metric_source=unweighted, select=auc, best_sel=0.925740, unfreeze=all, reco_trainable=7098018, dual_frozen=False, dual_trainable=2812673
StageC-Joint ep 20: train_loss=8.6518 (cls=0.3172, rank=0.3061, reco=20.6375, cons=0.1176, delta=0.0712, d_gain=0.1929, d_cost=0.0880, anc_p=0.0001, anc_o=6.1495) | val_auc_unw=0.9248, val_fpr50_unw=0.018851, val_auc_w=nan, val_fpr50_w=nan, val_metric_source=unweighted, select=auc, best_sel=0.925740, unfreeze=all, reco_trainable=7098018, dual_frozen=False, dual_trainable=2812673
StageC-Joint ep 21: train_loss=8.6536 (cls=0.3162, rank=0.3057, reco=20.6506, cons=0.1176, delta=0.0714, d_gain=0.1932, d_cost=0.0882, anc_p=0.0001, anc_o=6.1143) | val_auc_unw=0.9249, val_fpr50_unw=0.018444, val_auc_w=nan, val_fpr50_w=nan, val_metric_source=unweighted, select=auc, best_sel=0.925740, unfreeze=all, reco_trainable=7098018, dual_frozen=False, dual_trainable=2812673
StageC-Joint ep 22: train_loss=8.6470 (cls=0.3162, rank=0.3061, reco=20.6381, cons=0.1176, delta=0.0707, d_gain=0.1934, d_cost=0.0880, anc_p=0.0001, anc_o=6.1592) | val_auc_unw=0.9248, val_fpr50_unw=0.018691, val_auc_w=nan, val_fpr50_w=nan, val_metric_source=unweighted, select=auc, best_sel=0.925740, unfreeze=all, reco_trainable=7098018, dual_frozen=False, dual_trainable=2812673
StageC-Joint ep 23: train_loss=8.6428 (cls=0.3165, rank=0.3061, reco=20.6328, cons=0.1176, delta=0.0719, d_gain=0.1936, d_cost=0.0885, anc_p=0.0001, anc_o=6.1158) | val_auc_unw=0.9247, val_fpr50_unw=0.019061, val_auc_w=nan, val_fpr50_w=nan, val_metric_source=unweighted, select=auc, best_sel=0.925740, unfreeze=all, reco_trainable=7098018, dual_frozen=False, dual_trainable=2812673
StageC-Joint ep 24: train_loss=8.6424 (cls=0.3165, rank=0.3060, reco=20.6350, cons=0.1177, delta=0.0718, d_gain=0.1931, d_cost=0.0883, anc_p=0.0001, anc_o=6.1718) | val_auc_unw=0.9246, val_fpr50_unw=0.018768, val_auc_w=nan, val_fpr50_w=nan, val_metric_source=unweighted, select=auc, best_sel=0.925740, unfreeze=all, reco_trainable=7098018, dual_frozen=False, dual_trainable=2812673
StageC-Joint ep 25: train_loss=8.6293 (cls=0.3160, rank=0.3059, reco=20.6086, cons=0.1176, delta=0.0699, d_gain=0.1932, d_cost=0.0877, anc_p=0.0001, anc_o=6.1530) | val_auc_unw=0.9245, val_fpr50_unw=0.018938, val_auc_w=nan, val_fpr50_w=nan, val_metric_source=unweighted, select=auc, best_sel=0.925740, unfreeze=all, reco_trainable=7098018, dual_frozen=False, dual_trainable=2812673
Early stopping StageC-Joint at epoch 25

======================================================================
STEP 5: RECONSTRUCTION DIAGNOSTICS
======================================================================

Jet pT response/resolution by truth pT bin (test split):
  pT_low - pT_high | N | HLT resp | HLT reso | Corrected resp | Corrected reso
  172739.4 - 504068.9 | 18750 | 0.8681 | 0.1516 | 0.7694 | 0.1283
  504068.9 - 773424.6 | 18750 | 0.8445 | 0.1720 | 0.6980 | 0.1318
  773424.6 - 1093714.0 | 18750 | 0.8330 | 0.1869 | 0.6497 | 0.1321
  1093714.0 - 1365805.0 | 18750 | 0.8218 | 0.2022 | 0.6157 | 0.1371
  1365805.0 - 1711763.0 | 18750 | 0.8203 | 0.2056 | 0.5987 | 0.1367
  1711763.0 - 2155283.2 | 18750 | 0.8155 | 0.2123 | 0.5806 | 0.1400
  2155283.2 - 2633962.7 | 18750 | 0.8110 | 0.2225 | 0.5651 | 0.1452
  2633962.7 - 4355157.0 | 18750 | 0.7996 | 0.2295 | 0.5480 | 0.1486

Constituent-count diagnostics:
  Means: offline=54.297, hlt=29.181, reco=51.565
  MAE vs offline: hlt=25.116, reco=5.335

Budget diagnostics (test split):
  MAE: merge=5.239, eff=0.000, total=5.239
  Bias: merge=-2.273, eff=0.000, total=-2.273

======================================================================
FINAL TEST EVALUATION
======================================================================
Teacher (Offline) AUC: 0.9533
Baseline (HLT)   AUC: 0.9214
Stage2 (PreJoint) AUC: 0.9233
Stage2 (BestValFPR50) AUC: 0.9234
Joint Dual-View  AUC: 0.9240
Joint Dual-View (BestValFPR50) AUC: 0.9240

FPR@30 Teacher/Baseline/Stage2/Joint: 0.002131 / 0.005524 / 0.005315 / 0.005261
FPR@30 Stage2BestFPR / JointBestFPR: 0.005468 / 0.005261
FPR@50 Teacher/Baseline/Stage2/Joint: 0.009940 / 0.021587 / 0.019938 / 0.019658
FPR@50 Stage2BestFPR / JointBestFPR: 0.020063 / 0.019658
Saving val/test score arrays for fusion analysis...
Saved fusion score arrays to: checkpoints/reco_teacher_joint_fusion_6model_150k75k150k/model2_joint_delta005_fulltrain_prog_unfreeze_anglecap035/model2_joint_delta005_fulltrain_prog_unfreeze_anglecap035_150k75k150k_seed0/fusion_scores_val_test.npz

Saved joint results to: checkpoints/reco_teacher_joint_fusion_6model_150k75k150k/model2_joint_delta005_fulltrain_prog_unfreeze_anglecap035/model2_joint_delta005_fulltrain_prog_unfreeze_anglecap035_150k75k150k_seed0
Done: checkpoints/reco_teacher_joint_fusion_6model_150k75k150k/model2_joint_delta005_fulltrain_prog_unfreeze_anglecap035/model2_joint_delta005_fulltrain_prog_unfreeze_anglecap035_150k75k150k_seed0
