============================================================
Model-2 Joint (Chamfer+budget+local+pt_ratio; unselected/local-radius=0; Stage-C progressive unfreeze; w_local=0.25)
Run: checkpoints/reco_teacher_joint_fusion_6model_150k75k150k/model2_joint_chamfer_budget_local_ptratio_unselected0_localr0_stagec_prog_wlocal025/model2_joint_chamfer_budget_local_ptratio_unselected0_localr0_stagec_prog_wlocal025_150k75k150k_seed0
Split: train=150000, val=75000, test=150000
============================================================
 python offline_reconstructor_joint_dualview_stage2save_auc_norankc_nopriv_unmergeonly.py --save_dir checkpoints/reco_teacher_joint_fusion_6model_150k75k150k/model2_joint_chamfer_budget_local_ptratio_unselected0_localr0_stagec_prog_wlocal025 --run_name model2_joint_chamfer_budget_local_ptratio_unselected0_localr0_stagec_prog_wlocal025_150k75k150k_seed0 --n_train_jets 375000 --n_train_split 150000 --n_val_split 75000 --n_test_split 150000 --offset_jets 0 --max_constits 100 --num_workers 6 --seed 0 --selection_metric auc --stageB_lambda_rank 0.0 --stageB_lambda_cons 0.0 --stageC_progressive_unfreeze --stageC_unfreeze_phase1_epochs 3 --stageC_unfreeze_phase2_epochs 7 --stageC_unfreeze_last_n_encoder_layers 2 --stageC_lambda_param_anchor 0.02 --stageC_lambda_output_anchor 0.02 --stageC_anchor_decay 0.97 --stageC_lr_dual 1e-5 --stageC_lr_reco 5e-6 --lambda_reco 0.4 --lambda_cons 0.0 --stageC_lambda_delta 0.05 --stageC_delta_tau 0.05 --stageC_delta_lambda_fp 3.0 --stageC_delta_warmup_epochs 8 --added_target_scale 0.90 --loss_set_mode chamfer --loss_w_phys 0.0 --loss_w_pt_ratio 0.70 --loss_w_e_ratio 0.0 --loss_w_budget 0.65 --loss_w_sparse 0.0 --loss_w_local 0.25 --loss_unselected_penalty 0.0 --loss_gen_local_radius 0.0 --save_fusion_scores --disable_final_kd --device cuda
Device: cuda
Save dir: checkpoints/reco_teacher_joint_fusion_6model_150k75k150k/model2_joint_chamfer_budget_local_ptratio_unselected0_localr0_stagec_prog_wlocal025/model2_joint_chamfer_budget_local_ptratio_unselected0_localr0_stagec_prog_wlocal025_150k75k150k_seed0
Loading offline constituents...
Generating pseudo-HLT...
Non-priv target setup: added_target_scale=0.900, mean_true_added_raw=25.116, mean_target_added=22.604
Computing features...
Split sizes: Train=150000, Val=75000, Test=150000 (custom_counts=True)
Stage-B train subset: N=150000 / 150000 (frac=1.000, seed=0)

======================================================================
STEP 1: TEACHER + BASELINE
======================================================================
Teacher ep 5: train_auc=0.9439, val_auc=0.9469, val_fpr50=0.012873, best_auc=0.9469, fpr50@best=0.012873
Teacher ep 10: train_auc=0.9509, val_auc=0.9526, val_fpr50=0.010285, best_auc=0.9526, fpr50@best=0.010285
Teacher ep 15: train_auc=0.9549, val_auc=0.9522, val_fpr50=0.011025, best_auc=0.9529, fpr50@best=0.010068
Teacher ep 20: train_auc=0.9577, val_auc=0.9480, val_fpr50=0.013272, best_auc=0.9529, fpr50@best=0.010068
Teacher ep 25: train_auc=0.9610, val_auc=0.9513, val_fpr50=0.010954, best_auc=0.9539, fpr50@best=0.009423
Teacher ep 30: train_auc=0.9652, val_auc=0.9503, val_fpr50=0.011826, best_auc=0.9539, fpr50@best=0.009423
Teacher ep 35: train_auc=0.9696, val_auc=0.9496, val_fpr50=0.011791, best_auc=0.9539, fpr50@best=0.009423
Early stopping Teacher at epoch 37
Baseline ep 5: train_auc=0.9099, val_auc=0.9027, val_fpr50=0.028200, best_auc=0.9096, fpr50@best=0.027649
Baseline ep 10: train_auc=0.9173, val_auc=0.9176, val_fpr50=0.023106, best_auc=0.9185, fpr50@best=0.021131
Baseline ep 15: train_auc=0.9211, val_auc=0.9199, val_fpr50=0.021754, best_auc=0.9207, fpr50@best=0.019859
Baseline ep 20: train_auc=0.9251, val_auc=0.9232, val_fpr50=0.020238, best_auc=0.9232, fpr50@best=0.020238
Baseline ep 25: train_auc=0.9291, val_auc=0.9231, val_fpr50=0.020397, best_auc=0.9232, fpr50@best=0.020238
Baseline ep 30: train_auc=0.9336, val_auc=0.9194, val_fpr50=0.023387, best_auc=0.9235, fpr50@best=0.020215
Baseline ep 35: train_auc=0.9383, val_auc=0.9220, val_fpr50=0.021137, best_auc=0.9235, fpr50@best=0.020215
Baseline ep 40: train_auc=0.9435, val_auc=0.9181, val_fpr50=0.023374, best_auc=0.9235, fpr50@best=0.020215
Early stopping Baseline at epoch 41
StageC weak-delta HLT reference @TPR=0.50: threshold_prob=0.920016, val_auc_hlt=0.9235

======================================================================
STEP 2: STAGE A (RECONSTRUCTOR PRETRAIN)
======================================================================
Ep 5: train_total=26.0450, val_total_unw=28.0812, val_total_w=28.0812, select=unweighted, best_sel=24.7019 | set_unw=0.3453, phys_unw=0.5638, budget_unw=42.4894, fp_mass_unw=0.0151, w_set=1.000, w_budget=0.650, w_pt=0.700, w_local=0.250, stage_scale=0.35
Ep 10: train_total=25.0049, val_total_unw=26.0337, val_total_w=26.0337, select=unweighted, best_sel=24.3995 | set_unw=0.3343, phys_unw=0.5483, budget_unw=39.3667, fp_mass_unw=0.0151, w_set=1.000, w_budget=0.650, w_pt=0.700, w_local=0.250, stage_scale=0.35
Ep 15: train_total=24.5483, val_total_unw=26.4230, val_total_w=26.4230, select=unweighted, best_sel=24.3995 | set_unw=0.3309, phys_unw=0.5398, budget_unw=39.9753, fp_mass_unw=0.0134, w_set=1.000, w_budget=0.650, w_pt=0.700, w_local=0.250, stage_scale=0.35
Ep 20: train_total=24.2416, val_total_unw=25.3540, val_total_w=25.3540, select=unweighted, best_sel=24.3538 | set_unw=0.3323, phys_unw=0.5223, budget_unw=38.3358, fp_mass_unw=0.0132, w_set=1.000, w_budget=0.650, w_pt=0.700, w_local=0.250, stage_scale=0.35
Stage-A transition -> reloaded best from phase_035 (epoch=17, val_total=24.3538)
Ep 25: train_total=22.4347, val_total_unw=23.8837, val_total_w=23.8837, select=unweighted, best_sel=22.0422 | set_unw=0.3272, phys_unw=0.5062, budget_unw=36.0921, fp_mass_unw=0.0124, w_set=1.000, w_budget=0.650, w_pt=0.700, w_local=0.250, stage_scale=0.70
Ep 30: train_total=22.2247, val_total_unw=22.5969, val_total_w=22.5969, select=unweighted, best_sel=22.0422 | set_unw=0.3255, phys_unw=0.5046, budget_unw=34.1158, fp_mass_unw=0.0118, w_set=1.000, w_budget=0.650, w_pt=0.700, w_local=0.250, stage_scale=0.70
Ep 35: train_total=22.0410, val_total_unw=23.6027, val_total_w=23.6027, select=unweighted, best_sel=22.0422 | set_unw=0.3210, phys_unw=0.5122, budget_unw=35.6655, fp_mass_unw=0.0114, w_set=1.000, w_budget=0.650, w_pt=0.700, w_local=0.250, stage_scale=0.70
Ep 40: train_total=21.8640, val_total_unw=22.4556, val_total_w=22.4556, select=unweighted, best_sel=22.0422 | set_unw=0.3211, phys_unw=0.5105, budget_unw=33.9021, fp_mass_unw=0.0116, w_set=1.000, w_budget=0.650, w_pt=0.700, w_local=0.250, stage_scale=0.70
Ep 45: train_total=21.6685, val_total_unw=22.6939, val_total_w=22.6939, select=unweighted, best_sel=22.0422 | set_unw=0.3213, phys_unw=0.5022, budget_unw=34.2734, fp_mass_unw=0.0114, w_set=1.000, w_budget=0.650, w_pt=0.700, w_local=0.250, stage_scale=0.70
Ep 50: train_total=21.4732, val_total_unw=22.2522, val_total_w=22.2522, select=unweighted, best_sel=21.6999 | set_unw=0.3213, phys_unw=0.4938, budget_unw=33.5979, fp_mass_unw=0.0114, w_set=1.000, w_budget=0.650, w_pt=0.700, w_local=0.250, stage_scale=0.70
Ep 55: train_total=21.2776, val_total_unw=22.8107, val_total_w=22.8107, select=unweighted, best_sel=21.6999 | set_unw=0.3212, phys_unw=0.4957, budget_unw=34.4560, fp_mass_unw=0.0112, w_set=1.000, w_budget=0.650, w_pt=0.700, w_local=0.250, stage_scale=0.70
Stage-A transition -> reloaded best from phase_070 (epoch=48, val_total=21.6999)
Ep 60: train_total=20.9445, val_total_unw=22.8715, val_total_w=22.8715, select=unweighted, best_sel=21.6999 | set_unw=0.3180, phys_unw=0.5096, budget_unw=34.5473, fp_mass_unw=0.0106, w_set=1.000, w_budget=0.650, w_pt=0.700, w_local=0.250, stage_scale=1.00
Ep 65: train_total=20.7294, val_total_unw=22.2059, val_total_w=22.2059, select=unweighted, best_sel=21.6999 | set_unw=0.3182, phys_unw=0.4943, budget_unw=33.5310, fp_mass_unw=0.0107, w_set=1.000, w_budget=0.650, w_pt=0.700, w_local=0.250, stage_scale=1.00
Ep 70: train_total=20.4156, val_total_unw=22.2459, val_total_w=22.2459, select=unweighted, best_sel=21.6973 | set_unw=0.3191, phys_unw=0.4893, budget_unw=33.5939, fp_mass_unw=0.0110, w_set=1.000, w_budget=0.650, w_pt=0.700, w_local=0.250, stage_scale=1.00
Ep 75: train_total=20.0628, val_total_unw=21.9355, val_total_w=21.9355, select=unweighted, best_sel=21.6973 | set_unw=0.3202, phys_unw=0.4808, budget_unw=33.1190, fp_mass_unw=0.0110, w_set=1.000, w_budget=0.650, w_pt=0.700, w_local=0.250, stage_scale=1.00
Ep 80: train_total=19.7435, val_total_unw=22.2724, val_total_w=22.2724, select=unweighted, best_sel=21.6973 | set_unw=0.3201, phys_unw=0.4880, budget_unw=33.6341, fp_mass_unw=0.0111, w_set=1.000, w_budget=0.650, w_pt=0.700, w_local=0.250, stage_scale=1.00
Early stopping reconstructor at epoch 84

======================================================================
STEP 3: STAGE B (DUAL PRETRAIN, FROZEN RECONSTRUCTOR)
======================================================================
StageB-DualPretrain ep 5: train_loss=0.3752 (cls=0.3752, rank=0.3044, reco=0.0000, cons=0.1163, delta=0.0000, d_gain=0.0000, d_cost=0.0000, anc_p=0.0000, anc_o=0.0000) | val_auc_unw=0.9175, val_fpr50_unw=0.024188, val_auc_w=nan, val_fpr50_w=nan, val_metric_source=unweighted, select=auc, best_sel=0.917504, unfreeze=frozen, reco_trainable=0, dual_frozen=False, dual_trainable=2812673
StageB-DualPretrain ep 10: train_loss=0.3598 (cls=0.3598, rank=0.3027, reco=0.0000, cons=0.1163, delta=0.0000, d_gain=0.0000, d_cost=0.0000, anc_p=0.0000, anc_o=0.0000) | val_auc_unw=0.9202, val_fpr50_unw=0.019757, val_auc_w=nan, val_fpr50_w=nan, val_metric_source=unweighted, select=auc, best_sel=0.920217, unfreeze=frozen, reco_trainable=0, dual_frozen=False, dual_trainable=2812673
StageB-DualPretrain ep 15: train_loss=0.3523 (cls=0.3523, rank=0.3024, reco=0.0000, cons=0.1163, delta=0.0000, d_gain=0.0000, d_cost=0.0000, anc_p=0.0000, anc_o=0.0000) | val_auc_unw=0.9234, val_fpr50_unw=0.019837, val_auc_w=nan, val_fpr50_w=nan, val_metric_source=unweighted, select=auc, best_sel=0.923444, unfreeze=frozen, reco_trainable=0, dual_frozen=False, dual_trainable=2812673
StageB-DualPretrain ep 20: train_loss=0.3423 (cls=0.3423, rank=0.3017, reco=0.0000, cons=0.1163, delta=0.0000, d_gain=0.0000, d_cost=0.0000, anc_p=0.0000, anc_o=0.0000) | val_auc_unw=0.9232, val_fpr50_unw=0.019826, val_auc_w=nan, val_fpr50_w=nan, val_metric_source=unweighted, select=auc, best_sel=0.924835, unfreeze=frozen, reco_trainable=0, dual_frozen=False, dual_trainable=2812673
StageB-DualPretrain ep 25: train_loss=0.3316 (cls=0.3316, rank=0.3032, reco=0.0000, cons=0.1163, delta=0.0000, d_gain=0.0000, d_cost=0.0000, anc_p=0.0000, anc_o=0.0000) | val_auc_unw=0.9228, val_fpr50_unw=0.020051, val_auc_w=nan, val_fpr50_w=nan, val_metric_source=unweighted, select=auc, best_sel=0.925188, unfreeze=frozen, reco_trainable=0, dual_frozen=False, dual_trainable=2812673
StageB-DualPretrain ep 30: train_loss=0.3202 (cls=0.3202, rank=0.3049, reco=0.0000, cons=0.1163, delta=0.0000, d_gain=0.0000, d_cost=0.0000, anc_p=0.0000, anc_o=0.0000) | val_auc_unw=0.9238, val_fpr50_unw=0.019193, val_auc_w=nan, val_fpr50_w=nan, val_metric_source=unweighted, select=auc, best_sel=0.925188, unfreeze=frozen, reco_trainable=0, dual_frozen=False, dual_trainable=2812673
StageB-DualPretrain ep 35: train_loss=0.3097 (cls=0.3097, rank=0.3075, reco=0.0000, cons=0.1163, delta=0.0000, d_gain=0.0000, d_cost=0.0000, anc_p=0.0000, anc_o=0.0000) | val_auc_unw=0.9226, val_fpr50_unw=0.019903, val_auc_w=nan, val_fpr50_w=nan, val_metric_source=unweighted, select=auc, best_sel=0.925188, unfreeze=frozen, reco_trainable=0, dual_frozen=False, dual_trainable=2812673
Early stopping StageB-DualPretrain at epoch 35

======================================================================
STEP 4: STAGE C (JOINT FINETUNE)
======================================================================
StageC-Joint ep 1: train_loss=8.7078 (cls=0.3281, rank=0.3003, reco=20.5959, cons=0.1182, delta=0.0971, d_gain=0.1902, d_cost=0.0958, anc_p=0.0000, anc_o=7.0397) | val_auc_unw=0.9258, val_fpr50_unw=0.018472, val_auc_w=nan, val_fpr50_w=nan, val_metric_source=unweighted, select=auc, best_sel=0.925847, unfreeze=heads, reco_trainable=764058, dual_frozen=False, dual_trainable=2812673
StageC-Joint ep 2: train_loss=8.6868 (cls=0.3259, rank=0.3017, reco=20.5612, cons=0.1180, delta=0.0944, d_gain=0.1913, d_cost=0.0952, anc_p=0.0000, anc_o=6.9693) | val_auc_unw=0.9263, val_fpr50_unw=0.018264, val_auc_w=nan, val_fpr50_w=nan, val_metric_source=unweighted, select=auc, best_sel=0.926347, unfreeze=heads, reco_trainable=764058, dual_frozen=False, dual_trainable=2812673
StageC-Joint ep 3: train_loss=8.6731 (cls=0.3248, rank=0.3028, reco=20.5419, cons=0.1178, delta=0.0909, d_gain=0.1918, d_cost=0.0942, anc_p=0.0000, anc_o=6.8987) | val_auc_unw=0.9263, val_fpr50_unw=0.018209, val_auc_w=nan, val_fpr50_w=nan, val_metric_source=unweighted, select=auc, best_sel=0.926347, unfreeze=heads, reco_trainable=764058, dual_frozen=False, dual_trainable=2812673
StageC-Joint ep 4: train_loss=8.6490 (cls=0.3244, rank=0.3038, reco=20.4942, cons=0.1177, delta=0.0887, d_gain=0.1918, d_cost=0.0935, anc_p=0.0000, anc_o=6.8306) | val_auc_unw=0.9263, val_fpr50_unw=0.018026, val_auc_w=nan, val_fpr50_w=nan, val_metric_source=unweighted, select=auc, best_sel=0.926347, unfreeze=lastk, reco_trainable=2343578, dual_frozen=False, dual_trainable=2812673
StageC-Joint ep 5: train_loss=8.6340 (cls=0.3237, rank=0.3040, reco=20.4713, cons=0.1176, delta=0.0858, d_gain=0.1917, d_cost=0.0925, anc_p=0.0000, anc_o=6.7265) | val_auc_unw=0.9263, val_fpr50_unw=0.017979, val_auc_w=nan, val_fpr50_w=nan, val_metric_source=unweighted, select=auc, best_sel=0.926347, unfreeze=lastk, reco_trainable=2343578, dual_frozen=False, dual_trainable=2812673
StageC-Joint ep 6: train_loss=8.6315 (cls=0.3237, rank=0.3048, reco=20.4742, cons=0.1176, delta=0.0846, d_gain=0.1924, d_cost=0.0923, anc_p=0.0000, anc_o=6.6959) | val_auc_unw=0.9263, val_fpr50_unw=0.017858, val_auc_w=nan, val_fpr50_w=nan, val_metric_source=unweighted, select=auc, best_sel=0.926347, unfreeze=lastk, reco_trainable=2343578, dual_frozen=False, dual_trainable=2812673
StageC-Joint ep 7: train_loss=8.6167 (cls=0.3226, rank=0.3039, reco=20.4486, cons=0.1176, delta=0.0823, d_gain=0.1917, d_cost=0.0913, anc_p=0.0000, anc_o=6.6674) | val_auc_unw=0.9259, val_fpr50_unw=0.017812, val_auc_w=nan, val_fpr50_w=nan, val_metric_source=unweighted, select=auc, best_sel=0.926347, unfreeze=lastk, reco_trainable=2343578, dual_frozen=False, dual_trainable=2812673
StageC-Joint ep 8: train_loss=8.5764 (cls=0.3225, rank=0.3057, reco=20.3605, cons=0.1176, delta=0.0801, d_gain=0.1920, d_cost=0.0907, anc_p=0.0000, anc_o=6.5436) | val_auc_unw=0.9258, val_fpr50_unw=0.017777, val_auc_w=nan, val_fpr50_w=nan, val_metric_source=unweighted, select=auc, best_sel=0.926347, unfreeze=all, reco_trainable=7098018, dual_frozen=False, dual_trainable=2812673
StageC-Joint ep 9: train_loss=8.5424 (cls=0.3220, rank=0.3051, reco=20.2884, cons=0.1177, delta=0.0788, d_gain=0.1918, d_cost=0.0902, anc_p=0.0000, anc_o=6.4475) | val_auc_unw=0.9260, val_fpr50_unw=0.017889, val_auc_w=nan, val_fpr50_w=nan, val_metric_source=unweighted, select=auc, best_sel=0.926347, unfreeze=all, reco_trainable=7098018, dual_frozen=False, dual_trainable=2812673
StageC-Joint ep 10: train_loss=8.5257 (cls=0.3221, rank=0.3052, reco=20.2501, cons=0.1176, delta=0.0785, d_gain=0.1919, d_cost=0.0901, anc_p=0.0000, anc_o=6.5502) | val_auc_unw=0.9260, val_fpr50_unw=0.018072, val_auc_w=nan, val_fpr50_w=nan, val_metric_source=unweighted, select=auc, best_sel=0.926347, unfreeze=all, reco_trainable=7098018, dual_frozen=False, dual_trainable=2812673
StageC-Joint ep 11: train_loss=8.5140 (cls=0.3212, rank=0.3060, reco=20.2294, cons=0.1177, delta=0.0774, d_gain=0.1922, d_cost=0.0899, anc_p=0.0000, anc_o=6.5894) | val_auc_unw=0.9260, val_fpr50_unw=0.017968, val_auc_w=nan, val_fpr50_w=nan, val_metric_source=unweighted, select=auc, best_sel=0.926347, unfreeze=all, reco_trainable=7098018, dual_frozen=False, dual_trainable=2812673
StageC-Joint ep 12: train_loss=8.5206 (cls=0.3213, rank=0.3055, reco=20.2518, cons=0.1177, delta=0.0776, d_gain=0.1921, d_cost=0.0899, anc_p=0.0000, anc_o=6.6207) | val_auc_unw=0.9259, val_fpr50_unw=0.018165, val_auc_w=nan, val_fpr50_w=nan, val_metric_source=unweighted, select=auc, best_sel=0.926347, unfreeze=all, reco_trainable=7098018, dual_frozen=False, dual_trainable=2812673
StageC-Joint ep 13: train_loss=8.5038 (cls=0.3211, rank=0.3049, reco=20.2148, cons=0.1177, delta=0.0768, d_gain=0.1920, d_cost=0.0896, anc_p=0.0000, anc_o=6.7004) | val_auc_unw=0.9258, val_fpr50_unw=0.018122, val_auc_w=nan, val_fpr50_w=nan, val_metric_source=unweighted, select=auc, best_sel=0.926347, unfreeze=all, reco_trainable=7098018, dual_frozen=False, dual_trainable=2812673
StageC-Joint ep 14: train_loss=8.4885 (cls=0.3205, rank=0.3053, reco=20.1864, cons=0.1177, delta=0.0760, d_gain=0.1923, d_cost=0.0894, anc_p=0.0000, anc_o=6.6601) | val_auc_unw=0.9259, val_fpr50_unw=0.018084, val_auc_w=nan, val_fpr50_w=nan, val_metric_source=unweighted, select=auc, best_sel=0.926347, unfreeze=all, reco_trainable=7098018, dual_frozen=False, dual_trainable=2812673
StageC-Joint ep 15: train_loss=8.4868 (cls=0.3214, rank=0.3059, reco=20.1830, cons=0.1177, delta=0.0772, d_gain=0.1922, d_cost=0.0898, anc_p=0.0000, anc_o=6.7683) | val_auc_unw=0.9258, val_fpr50_unw=0.017962, val_auc_w=nan, val_fpr50_w=nan, val_metric_source=unweighted, select=auc, best_sel=0.926347, unfreeze=all, reco_trainable=7098018, dual_frozen=False, dual_trainable=2812673
StageC-Joint ep 16: train_loss=8.4929 (cls=0.3206, rank=0.3057, reco=20.2071, cons=0.1176, delta=0.0765, d_gain=0.1927, d_cost=0.0897, anc_p=0.0000, anc_o=6.7597) | val_auc_unw=0.9258, val_fpr50_unw=0.018152, val_auc_w=nan, val_fpr50_w=nan, val_metric_source=unweighted, select=auc, best_sel=0.926347, unfreeze=all, reco_trainable=7098018, dual_frozen=False, dual_trainable=2812673
StageC-Joint ep 17: train_loss=8.4735 (cls=0.3207, rank=0.3048, reco=20.1640, cons=0.1178, delta=0.0768, d_gain=0.1920, d_cost=0.0896, anc_p=0.0000, anc_o=6.7798) | val_auc_unw=0.9256, val_fpr50_unw=0.018040, val_auc_w=nan, val_fpr50_w=nan, val_metric_source=unweighted, select=auc, best_sel=0.926347, unfreeze=all, reco_trainable=7098018, dual_frozen=False, dual_trainable=2812673
StageC-Joint ep 18: train_loss=8.4706 (cls=0.3201, rank=0.3050, reco=20.1660, cons=0.1177, delta=0.0751, d_gain=0.1921, d_cost=0.0891, anc_p=0.0000, anc_o=6.7397) | val_auc_unw=0.9256, val_fpr50_unw=0.018003, val_auc_w=nan, val_fpr50_w=nan, val_metric_source=unweighted, select=auc, best_sel=0.926347, unfreeze=all, reco_trainable=7098018, dual_frozen=False, dual_trainable=2812673
StageC-Joint ep 19: train_loss=8.4599 (cls=0.3192, rank=0.3055, reco=20.1435, cons=0.1177, delta=0.0750, d_gain=0.1926, d_cost=0.0892, anc_p=0.0000, anc_o=6.8792) | val_auc_unw=0.9256, val_fpr50_unw=0.017940, val_auc_w=nan, val_fpr50_w=nan, val_metric_source=unweighted, select=auc, best_sel=0.926347, unfreeze=all, reco_trainable=7098018, dual_frozen=False, dual_trainable=2812673
StageC-Joint ep 20: train_loss=8.4652 (cls=0.3202, rank=0.3055, reco=20.1600, cons=0.1177, delta=0.0758, d_gain=0.1922, d_cost=0.0894, anc_p=0.0001, anc_o=6.8864) | val_auc_unw=0.9251, val_fpr50_unw=0.018154, val_auc_w=nan, val_fpr50_w=nan, val_metric_source=unweighted, select=auc, best_sel=0.926347, unfreeze=all, reco_trainable=7098018, dual_frozen=False, dual_trainable=2812673
StageC-Joint ep 21: train_loss=8.4546 (cls=0.3198, rank=0.3060, reco=20.1412, cons=0.1177, delta=0.0754, d_gain=0.1926, d_cost=0.0893, anc_p=0.0001, anc_o=6.8557) | val_auc_unw=0.9254, val_fpr50_unw=0.018002, val_auc_w=nan, val_fpr50_w=nan, val_metric_source=unweighted, select=auc, best_sel=0.926347, unfreeze=all, reco_trainable=7098018, dual_frozen=False, dual_trainable=2812673
StageC-Joint ep 22: train_loss=8.4573 (cls=0.3188, rank=0.3055, reco=20.1563, cons=0.1176, delta=0.0746, d_gain=0.1926, d_cost=0.0891, anc_p=0.0001, anc_o=6.8490) | val_auc_unw=0.9252, val_fpr50_unw=0.018279, val_auc_w=nan, val_fpr50_w=nan, val_metric_source=unweighted, select=auc, best_sel=0.926347, unfreeze=all, reco_trainable=7098018, dual_frozen=False, dual_trainable=2812673
StageC-Joint ep 23: train_loss=8.4454 (cls=0.3195, rank=0.3061, reco=20.1298, cons=0.1177, delta=0.0741, d_gain=0.1925, d_cost=0.0889, anc_p=0.0001, anc_o=6.8669) | val_auc_unw=0.9254, val_fpr50_unw=0.018314, val_auc_w=nan, val_fpr50_w=nan, val_metric_source=unweighted, select=auc, best_sel=0.926347, unfreeze=all, reco_trainable=7098018, dual_frozen=False, dual_trainable=2812673
StageC-Joint ep 24: train_loss=8.4486 (cls=0.3200, rank=0.3057, reco=20.1391, cons=0.1176, delta=0.0750, d_gain=0.1925, d_cost=0.0892, anc_p=0.0001, anc_o=6.9672) | val_auc_unw=0.9253, val_fpr50_unw=0.018005, val_auc_w=nan, val_fpr50_w=nan, val_metric_source=unweighted, select=auc, best_sel=0.926347, unfreeze=all, reco_trainable=7098018, dual_frozen=False, dual_trainable=2812673
StageC-Joint ep 25: train_loss=8.4491 (cls=0.3194, rank=0.3055, reco=20.1492, cons=0.1177, delta=0.0733, d_gain=0.1925, d_cost=0.0886, anc_p=0.0001, anc_o=6.8915) | val_auc_unw=0.9255, val_fpr50_unw=0.018384, val_auc_w=nan, val_fpr50_w=nan, val_metric_source=unweighted, select=auc, best_sel=0.926347, unfreeze=all, reco_trainable=7098018, dual_frozen=False, dual_trainable=2812673
Early stopping StageC-Joint at epoch 25

======================================================================
STEP 5: RECONSTRUCTION DIAGNOSTICS
======================================================================

Jet pT response/resolution by truth pT bin (test split):
  pT_low - pT_high | N | HLT resp | HLT reso | Corrected resp | Corrected reso
  172739.4 - 504068.9 | 18750 | 0.8681 | 0.1516 | 0.7286 | 0.1337
  504068.9 - 773424.6 | 18750 | 0.8445 | 0.1720 | 0.6476 | 0.1340
  773424.6 - 1093714.0 | 18750 | 0.8330 | 0.1869 | 0.5908 | 0.1307
  1093714.0 - 1365805.0 | 18750 | 0.8218 | 0.2022 | 0.5505 | 0.1320
  1365805.0 - 1711763.0 | 18750 | 0.8203 | 0.2056 | 0.5317 | 0.1311
  1711763.0 - 2155283.2 | 18750 | 0.8155 | 0.2123 | 0.5130 | 0.1327
  2155283.2 - 2633962.7 | 18750 | 0.8110 | 0.2225 | 0.4928 | 0.1362
  2633962.7 - 4355157.0 | 18750 | 0.7996 | 0.2295 | 0.4754 | 0.1381

Constituent-count diagnostics:
  Means: offline=54.297, hlt=29.181, reco=51.769
  MAE vs offline: hlt=25.116, reco=5.291

Budget diagnostics (test split):
  MAE: merge=5.264, eff=0.000, total=5.264
  Bias: merge=-2.148, eff=0.000, total=-2.148

======================================================================
FINAL TEST EVALUATION
======================================================================
Teacher (Offline) AUC: 0.9533
Baseline (HLT)   AUC: 0.9214
Stage2 (PreJoint) AUC: 0.9231
Stage2 (BestValFPR50) AUC: 0.9227
Joint Dual-View  AUC: 0.9244
Joint Dual-View (BestValFPR50) AUC: 0.9240

FPR@30 Teacher/Baseline/Stage2/Joint: 0.002131 / 0.005524 / 0.005162 / 0.004769
FPR@30 Stage2BestFPR / JointBestFPR: 0.005288 / 0.004776
FPR@50 Teacher/Baseline/Stage2/Joint: 0.009940 / 0.021587 / 0.020203 / 0.019690
FPR@50 Stage2BestFPR / JointBestFPR: 0.019715 / 0.019403
Saving val/test score arrays for fusion analysis...
Saved fusion score arrays to: checkpoints/reco_teacher_joint_fusion_6model_150k75k150k/model2_joint_chamfer_budget_local_ptratio_unselected0_localr0_stagec_prog_wlocal025/model2_joint_chamfer_budget_local_ptratio_unselected0_localr0_stagec_prog_wlocal025_150k75k150k_seed0/fusion_scores_val_test.npz

Saved joint results to: checkpoints/reco_teacher_joint_fusion_6model_150k75k150k/model2_joint_chamfer_budget_local_ptratio_unselected0_localr0_stagec_prog_wlocal025/model2_joint_chamfer_budget_local_ptratio_unselected0_localr0_stagec_prog_wlocal025_150k75k150k_seed0
Done: checkpoints/reco_teacher_joint_fusion_6model_150k75k150k/model2_joint_chamfer_budget_local_ptratio_unselected0_localr0_stagec_prog_wlocal025/model2_joint_chamfer_budget_local_ptratio_unselected0_localr0_stagec_prog_wlocal025_150k75k150k_seed0
