============================================================
Tri-view training: HLT + JetLatentReco + M2RefReco
Run: checkpoints/reco_teacher_joint_fusion_6model_150k75k150k/model2_triview_jetlatent_m2ref_frozen_then_joint/model2_triview_jetlatent_m2ref_frozen_then_joint_150k75k150k_seed0
JetLatent run: checkpoints/reco_teacher_joint_fusion_6model_150k75k150k/model2_joint_delta005_fulltrain_prog_unfreeze_jetlatent_set2set/model2_joint_delta005_fulltrain_prog_unfreeze_jetlatent_set2set_150k75k150k_seed0
M2 reference run: checkpoints/reco_teacher_joint_fusion_6model_150k75k150k/model2_joint_delta/model2_joint_delta005_stagec_prog_unfreeze_150k75k150k_seed0
M2 reference reconstructor: offline_reconstructor.pt
Frozen then joint unfreeze: enabled
============================================================
 python train_m2_triview_jetlatent_m2ref_frozen_then_joint.py --jetlatent_run_dir checkpoints/reco_teacher_joint_fusion_6model_150k75k150k/model2_joint_delta005_fulltrain_prog_unfreeze_jetlatent_set2set/model2_joint_delta005_fulltrain_prog_unfreeze_jetlatent_set2set_150k75k150k_seed0 --m2_ref_run_dir checkpoints/reco_teacher_joint_fusion_6model_150k75k150k/model2_joint_delta/model2_joint_delta005_stagec_prog_unfreeze_150k75k150k_seed0 --jetlatent_reco_ckpt offline_reconstructor.pt --m2_reco_ckpt offline_reconstructor.pt --m2_baseline_ckpt baseline.pt --save_dir checkpoints/reco_teacher_joint_fusion_6model_150k75k150k/model2_triview_jetlatent_m2ref_frozen_then_joint --run_name model2_triview_jetlatent_m2ref_frozen_then_joint_150k75k150k_seed0 --seed 0 --device cuda --num_workers 6 --corrected_weight_floor 0.03 --reco_eval_batch_size 256 --target_tpr 0.50 --select_metric auc --frozen_epochs 40 --frozen_patience 10 --frozen_batch_size 256 --frozen_lr 3e-4 --frozen_weight_decay 1e-4 --frozen_warmup_epochs 5 --frozen_lambda_rank 0.2 --frozen_rank_tau 0.05 --joint_epochs 12 --joint_patience 6 --joint_batch_size 128 --joint_lr_tagger 1e-4 --joint_lr_reco 2e-6 --joint_weight_decay 1e-4 --joint_warmup_epochs 3 --joint_lambda_rank 0.2 --joint_rank_tau 0.05
Device: cuda
Save dir: checkpoints/reco_teacher_joint_fusion_6model_150k75k150k/model2_triview_jetlatent_m2ref_frozen_then_joint/model2_triview_jetlatent_m2ref_frozen_then_joint_150k75k150k_seed0
Loading offline constituents...
Generating pseudo-HLT...
Computing standardized HLT features...

======================================================================
STEP 1: BUILD FROZEN TRI-VIEW TENSORS
======================================================================
Building frozen tri-view tensors for train...
Building frozen tri-view tensors for val...
Building frozen tri-view tensors for test...

======================================================================
STEP 2: TRAIN TRI-VIEW TAGGER (FROZEN RECONSTRUCTORS)
======================================================================
FrozenTri ep 5: train_loss=0.50088 (cls=0.43591, rank=0.32484) | val_auc=0.8977, val_fpr50=0.038464, best_sel=0.897725
FrozenTri ep 10: train_loss=0.45292 (cls=0.39066, rank=0.31127) | val_auc=0.9117, val_fpr50=0.028552, best_sel=0.911992
FrozenTri ep 15: train_loss=0.43908 (cls=0.37706, rank=0.31011) | val_auc=0.9158, val_fpr50=0.025533, best_sel=0.917086
FrozenTri ep 20: train_loss=0.43023 (cls=0.36813, rank=0.31046) | val_auc=0.9197, val_fpr50=0.022046, best_sel=0.919707
FrozenTri ep 25: train_loss=0.42417 (cls=0.36196, rank=0.31109) | val_auc=0.9193, val_fpr50=0.021288, best_sel=0.919890
FrozenTri ep 30: train_loss=0.41813 (cls=0.35587, rank=0.31130) | val_auc=0.9214, val_fpr50=0.021195, best_sel=0.921654
FrozenTri ep 35: train_loss=0.41459 (cls=0.35211, rank=0.31240) | val_auc=0.9227, val_fpr50=0.020926, best_sel=0.922686
FrozenTri ep 40: train_loss=0.41155 (cls=0.34912, rank=0.31215) | val_auc=0.9226, val_fpr50=0.020808, best_sel=0.922686
FrozenTri: val_auc=0.9227, val_fpr50=0.020926 | test_auc=0.9209, test_fpr50=0.022047

======================================================================
STEP 3: JOINT FINETUNE (UNFREEZE JETLATENT + M2 RECONSTRUCTORS)
======================================================================
JointTri ep 2: train_loss=0.41874 (cls=0.35634, rank=0.31199) | val_auc=0.9213, val_fpr50=0.021406, best_sel=0.922354
JointTri ep 4: train_loss=0.42121 (cls=0.35889, rank=0.31161) | val_auc=0.9204, val_fpr50=0.021762, best_sel=0.922354
JointTri ep 6: train_loss=0.41869 (cls=0.35611, rank=0.31287) | val_auc=0.9198, val_fpr50=0.022088, best_sel=0.922354
Early stopping joint tri-view at epoch 7
JointTri : val_auc=0.9224, val_fpr50=0.020878 | test_auc=0.9206, test_fpr50=0.022259
Saved tri-view outputs to: checkpoints/reco_teacher_joint_fusion_6model_150k75k150k/model2_triview_jetlatent_m2ref_frozen_then_joint/model2_triview_jetlatent_m2ref_frozen_then_joint_150k75k150k_seed0
Done: checkpoints/reco_teacher_joint_fusion_6model_150k75k150k/model2_triview_jetlatent_m2ref_frozen_then_joint/model2_triview_jetlatent_m2ref_frozen_then_joint_150k75k150k_seed0
