============================================================
Model-30 K=6 jetlatent contextual selector routing (StageC all_three)
Run: checkpoints/reco_teacher_joint_fusion_6model_150k75k150k/model30_k6_jetlatent_ctxselector_allthree/model30_k6_jetlatent_ctxselector_allthree_150k75k150k_seed0
============================================================
 python offline_reconstructor_joint_dualview_stage2save_auc_norankc_nopriv_unmergeonly_jetlatent_set2set_m30_ctxselector.py --save_dir checkpoints/reco_teacher_joint_fusion_6model_150k75k150k/model30_k6_jetlatent_ctxselector_allthree --run_name model30_k6_jetlatent_ctxselector_allthree_150k75k150k_seed0 --n_train_jets 375000 --n_train_split 100000 --n_val_split 75000 --n_test_split 150000 --offset_jets 0 --max_constits 100 --num_workers 6 --seed 0 --selection_metric auc --stageC_progressive_unfreeze --stageC_unfreeze_phase1_epochs 3 --stageC_unfreeze_phase2_epochs 7 --stageC_unfreeze_last_n_encoder_layers 2 --stageC_lambda_param_anchor 0.02 --stageC_lambda_output_anchor 0.02 --stageC_anchor_decay 0.97 --stageC_lr_dual 1e-5 --stageC_lr_reco 5e-6 --lambda_reco 0.4 --lambda_cons 0.06 --loss_unselected_penalty 0.0 --loss_gen_local_radius 0.0 --stageC_lambda_delta 0.05 --stageC_delta_tau 0.05 --stageC_delta_lambda_fp 3.0 --stageC_delta_warmup_epochs 8 --added_target_scale 0.90 --save_fusion_scores --disable_final_kd --m29_num_hypotheses 6 --m29_winner_mode reco --m29_winner_alpha 1.0 --m29_winner_beta 0.6 --m29_loss_w_best_set 2.5 --m29_loss_w_diversity 0.08 --m29_selector_epochs 30 --m29_selector_lr 2e-3 --m29_selector_patience 8 --m29_selector_rank_weight 0.20 --m29_selector_rank_margin 0.25 --m29_selector_hidden 128 --m29_selector_heads 4 --m29_selector_dropout 0.10 --m29_selector_ce_weight 1.0 --m29_selector_kl_weight 0.35 --m29_selector_soft_temp 0.35 --m29_stagec_mode all_three --device cuda
m30 config: K=6, winner_mode=reco, stageC_mode=all_three, single_corrected_tagger=False, soft_routing_train=True, selector_soft_targets=True, selector_hidden=128
Device: cuda
Save dir: checkpoints/reco_teacher_joint_fusion_6model_150k75k150k/model30_k6_jetlatent_ctxselector_allthree/model30_k6_jetlatent_ctxselector_allthree_150k75k150k_seed0
Loading offline constituents...
Generating pseudo-HLT...
Non-priv target setup: added_target_scale=0.900, mean_true_added_raw=25.116, mean_target_added=22.604
Computing features...
Split sizes: Train=100000, Val=75000, Test=150000 (custom_counts=True)
Stage-B train subset: N=100000 / 100000 (frac=1.000, seed=0)

======================================================================
STEP 1: TEACHER + BASELINE
======================================================================
Teacher ep 5: train_auc=0.9405, val_auc=0.9154, val_fpr50=0.031459, best_auc=0.9453, fpr50@best=0.014299
Teacher ep 10: train_auc=0.9484, val_auc=0.9497, val_fpr50=0.011589, best_auc=0.9497, fpr50@best=0.011589
Teacher ep 15: train_auc=0.9529, val_auc=0.9489, val_fpr50=0.012362, best_auc=0.9522, fpr50@best=0.011297
Teacher ep 20: train_auc=0.9568, val_auc=0.9480, val_fpr50=0.012920, best_auc=0.9522, fpr50@best=0.011297
Teacher ep 25: train_auc=0.9605, val_auc=0.9529, val_fpr50=0.011268, best_auc=0.9529, fpr50@best=0.011268
Teacher ep 30: train_auc=0.9652, val_auc=0.9485, val_fpr50=0.011436, best_auc=0.9529, fpr50@best=0.011268
Teacher ep 35: train_auc=0.9697, val_auc=0.9489, val_fpr50=0.013234, best_auc=0.9529, fpr50@best=0.011268
Teacher ep 40: train_auc=0.9751, val_auc=0.9456, val_fpr50=0.015425, best_auc=0.9529, fpr50@best=0.011268
Early stopping Teacher at epoch 40
m29: captured Teacher model for selector scoring
Baseline ep 5: train_auc=0.9040, val_auc=0.9079, val_fpr50=0.029308, best_auc=0.9079, fpr50@best=0.029308
Baseline ep 10: train_auc=0.9149, val_auc=0.9130, val_fpr50=0.026269, best_auc=0.9165, fpr50@best=0.022496
Baseline ep 15: train_auc=0.9208, val_auc=0.9158, val_fpr50=0.023068, best_auc=0.9188, fpr50@best=0.022162
Baseline ep 20: train_auc=0.9241, val_auc=0.9213, val_fpr50=0.018965, best_auc=0.9213, fpr50@best=0.018965
Baseline ep 25: train_auc=0.9285, val_auc=0.9161, val_fpr50=0.023179, best_auc=0.9213, fpr50@best=0.018965
Baseline ep 30: train_auc=0.9332, val_auc=0.9189, val_fpr50=0.021313, best_auc=0.9213, fpr50@best=0.018965
Baseline ep 35: train_auc=0.9387, val_auc=0.9170, val_fpr50=0.021862, best_auc=0.9213, fpr50@best=0.018965
Early stopping Baseline at epoch 35
StageC weak-delta HLT reference @TPR=0.50: threshold_prob=0.852282, val_auc_hlt=0.9213

======================================================================
STEP 2: STAGE A (RECONSTRUCTOR PRETRAIN)
======================================================================
Ep 5: train_total=14.2144, val_total_unw=15.7861, val_total_w=15.7861, select=unweighted, best_sel=13.4612 | set_unw=1.1060, bset_unw=1.1060, phys_unw=0.6550, budget_unw=19.2346, fp_mass_unw=0.0483, set_mode=chamfer, w_set=1.000, w_budget=0.650, w_pt=0.700, w_local=0.030, stage_scale=0.35
Ep 10: train_total=13.4899, val_total_unw=13.8604, val_total_w=13.8604, select=unweighted, best_sel=13.0701 | set_unw=1.0924, bset_unw=1.0924, phys_unw=0.6479, budget_unw=16.3339, fp_mass_unw=0.0437, set_mode=chamfer, w_set=1.000, w_budget=0.650, w_pt=0.700, w_local=0.030, stage_scale=0.35
Ep 15: train_total=13.1975, val_total_unw=12.9620, val_total_w=12.9620, select=unweighted, best_sel=12.9620 | set_unw=1.0976, bset_unw=1.0976, phys_unw=0.6429, budget_unw=14.9350, fp_mass_unw=0.0448, set_mode=chamfer, w_set=1.000, w_budget=0.650, w_pt=0.700, w_local=0.030, stage_scale=0.35
Ep 20: train_total=12.9967, val_total_unw=12.9393, val_total_w=12.9393, select=unweighted, best_sel=12.7787 | set_unw=1.0912, bset_unw=1.0912, phys_unw=0.6366, budget_unw=14.9381, fp_mass_unw=0.0432, set_mode=chamfer, w_set=1.000, w_budget=0.650, w_pt=0.700, w_local=0.030, stage_scale=0.35
Stage-A transition -> reloaded best from phase_035 (epoch=18, val_total=12.7787)
Ep 25: train_total=12.8525, val_total_unw=13.7219, val_total_w=13.7219, select=unweighted, best_sel=12.7787 | set_unw=1.0818, bset_unw=1.0818, phys_unw=0.6263, budget_unw=16.1984, fp_mass_unw=0.0422, set_mode=chamfer, w_set=1.000, w_budget=0.650, w_pt=0.700, w_local=0.030, stage_scale=0.70
Ep 30: train_total=12.7688, val_total_unw=13.6811, val_total_w=13.6811, select=unweighted, best_sel=12.4517 | set_unw=1.0864, bset_unw=1.0864, phys_unw=0.6338, budget_unw=16.1050, fp_mass_unw=0.0434, set_mode=chamfer, w_set=1.000, w_budget=0.650, w_pt=0.700, w_local=0.030, stage_scale=0.70
Ep 35: train_total=12.6314, val_total_unw=13.4530, val_total_w=13.4530, select=unweighted, best_sel=12.4517 | set_unw=1.0844, bset_unw=1.0844, phys_unw=0.6322, budget_unw=15.7642, fp_mass_unw=0.0427, set_mode=chamfer, w_set=1.000, w_budget=0.650, w_pt=0.700, w_local=0.030, stage_scale=0.70
Ep 40: train_total=12.4992, val_total_unw=12.8438, val_total_w=12.8438, select=unweighted, best_sel=12.4517 | set_unw=1.0863, bset_unw=1.0863, phys_unw=0.6244, budget_unw=14.8302, fp_mass_unw=0.0428, set_mode=chamfer, w_set=1.000, w_budget=0.650, w_pt=0.700, w_local=0.030, stage_scale=0.70
Ep 45: train_total=12.4322, val_total_unw=13.5579, val_total_w=13.5579, select=unweighted, best_sel=12.4517 | set_unw=1.0812, bset_unw=1.0812, phys_unw=0.6390, budget_unw=15.9263, fp_mass_unw=0.0420, set_mode=chamfer, w_set=1.000, w_budget=0.650, w_pt=0.700, w_local=0.030, stage_scale=0.70
Ep 50: train_total=12.3249, val_total_unw=12.9261, val_total_w=12.9261, select=unweighted, best_sel=12.4517 | set_unw=1.0823, bset_unw=1.0823, phys_unw=0.6333, budget_unw=14.9581, fp_mass_unw=0.0417, set_mode=chamfer, w_set=1.000, w_budget=0.650, w_pt=0.700, w_local=0.030, stage_scale=0.70
Ep 55: train_total=12.2551, val_total_unw=12.6426, val_total_w=12.6426, select=unweighted, best_sel=12.4517 | set_unw=1.0838, bset_unw=1.0838, phys_unw=0.6287, budget_unw=14.5230, fp_mass_unw=0.0419, set_mode=chamfer, w_set=1.000, w_budget=0.650, w_pt=0.700, w_local=0.030, stage_scale=0.70
Stage-A transition -> reloaded best from phase_070 (epoch=26, val_total=12.4517)
Ep 60: train_total=12.7104, val_total_unw=13.8655, val_total_w=13.8655, select=unweighted, best_sel=12.4517 | set_unw=1.0808, bset_unw=1.0808, phys_unw=0.6330, budget_unw=16.4122, fp_mass_unw=0.0417, set_mode=chamfer, w_set=1.000, w_budget=0.650, w_pt=0.700, w_local=0.030, stage_scale=1.00
Ep 65: train_total=12.6023, val_total_unw=14.5335, val_total_w=14.5335, select=unweighted, best_sel=12.4517 | set_unw=1.0785, bset_unw=1.0785, phys_unw=0.6321, budget_unw=17.4514, fp_mass_unw=0.0414, set_mode=chamfer, w_set=1.000, w_budget=0.650, w_pt=0.700, w_local=0.030, stage_scale=1.00
Ep 70: train_total=12.4711, val_total_unw=12.8978, val_total_w=12.8978, select=unweighted, best_sel=12.4517 | set_unw=1.0827, bset_unw=1.0827, phys_unw=0.6212, budget_unw=14.9330, fp_mass_unw=0.0423, set_mode=chamfer, w_set=1.000, w_budget=0.650, w_pt=0.700, w_local=0.030, stage_scale=1.00
Early stopping reconstructor at epoch 73

======================================================================
STEP 3: STAGE B (DUAL PRETRAIN, FROZEN RECONSTRUCTOR)
======================================================================
m30 selector trained: val_acc=0.3734, Ntr=99840, Nva=75000, feat_dim=19, soft_targets=True
StageB-DualPretrain ep 5: train_loss=0.3924 (cls=0.3924, rank=0.3062, reco=0.0000, cons=0.5191, delta=0.0000, d_gain=0.0000, d_cost=0.0000, anc_p=0.0000, anc_o=0.0000) | val_auc_unw=0.9029, val_fpr50_unw=0.033805, val_auc_w=nan, val_fpr50_w=nan, val_metric_source=unweighted, select=auc, best_sel=0.902854, unfreeze=frozen, reco_trainable=0, dual_frozen=False, dual_trainable=2812673
StageB-DualPretrain ep 10: train_loss=0.3686 (cls=0.3686, rank=0.3038, reco=0.0000, cons=0.5191, delta=0.0000, d_gain=0.0000, d_cost=0.0000, anc_p=0.0000, anc_o=0.0000) | val_auc_unw=0.9172, val_fpr50_unw=0.022906, val_auc_w=nan, val_fpr50_w=nan, val_metric_source=unweighted, select=auc, best_sel=0.917176, unfreeze=frozen, reco_trainable=0, dual_frozen=False, dual_trainable=2812673
StageB-DualPretrain ep 15: train_loss=0.3577 (cls=0.3577, rank=0.3022, reco=0.0000, cons=0.5191, delta=0.0000, d_gain=0.0000, d_cost=0.0000, anc_p=0.0000, anc_o=0.0000) | val_auc_unw=0.9139, val_fpr50_unw=0.024858, val_auc_w=nan, val_fpr50_w=nan, val_metric_source=unweighted, select=auc, best_sel=0.919524, unfreeze=frozen, reco_trainable=0, dual_frozen=False, dual_trainable=2812673
StageB-DualPretrain ep 20: train_loss=0.3474 (cls=0.3474, rank=0.3024, reco=0.0000, cons=0.5191, delta=0.0000, d_gain=0.0000, d_cost=0.0000, anc_p=0.0000, anc_o=0.0000) | val_auc_unw=0.9218, val_fpr50_unw=0.021014, val_auc_w=nan, val_fpr50_w=nan, val_metric_source=unweighted, select=auc, best_sel=0.921893, unfreeze=frozen, reco_trainable=0, dual_frozen=False, dual_trainable=2812673
StageB-DualPretrain ep 25: train_loss=0.3361 (cls=0.3361, rank=0.3025, reco=0.0000, cons=0.5191, delta=0.0000, d_gain=0.0000, d_cost=0.0000, anc_p=0.0000, anc_o=0.0000) | val_auc_unw=0.9206, val_fpr50_unw=0.021260, val_auc_w=nan, val_fpr50_w=nan, val_metric_source=unweighted, select=auc, best_sel=0.921893, unfreeze=frozen, reco_trainable=0, dual_frozen=False, dual_trainable=2812673
StageB-DualPretrain ep 30: train_loss=0.3241 (cls=0.3241, rank=0.3034, reco=0.0000, cons=0.5191, delta=0.0000, d_gain=0.0000, d_cost=0.0000, anc_p=0.0000, anc_o=0.0000) | val_auc_unw=0.9206, val_fpr50_unw=0.022514, val_auc_w=nan, val_fpr50_w=nan, val_metric_source=unweighted, select=auc, best_sel=0.922073, unfreeze=frozen, reco_trainable=0, dual_frozen=False, dual_trainable=2812673
StageB-DualPretrain ep 35: train_loss=0.3134 (cls=0.3134, rank=0.3053, reco=0.0000, cons=0.5191, delta=0.0000, d_gain=0.0000, d_cost=0.0000, anc_p=0.0000, anc_o=0.0000) | val_auc_unw=0.9203, val_fpr50_unw=0.021674, val_auc_w=nan, val_fpr50_w=nan, val_metric_source=unweighted, select=auc, best_sel=0.922073, unfreeze=frozen, reco_trainable=0, dual_frozen=False, dual_trainable=2812673
Early stopping StageB-DualPretrain at epoch 39

======================================================================
STEP 4: STAGE C (JOINT FINETUNE)
======================================================================
m30 selector trained: val_acc=0.3721, Ntr=99840, Nva=75000, feat_dim=19, soft_targets=True
StageC-Joint ep 1: train_loss=5.8653 (cls=0.3235, rank=0.2993, reco=13.0450, cons=0.5371, delta=0.1091, d_gain=0.1738, d_cost=0.0943, anc_p=0.0000, anc_o=14.5456) | val_auc_unw=0.9223, val_fpr50_unw=0.019518, val_auc_w=nan, val_fpr50_w=nan, val_metric_source=unweighted, select=auc, best_sel=0.922256, unfreeze=heads, reco_trainable=827280, dual_frozen=False, dual_trainable=2812673
StageC-Joint ep 2: train_loss=5.6393 (cls=0.3227, rank=0.3022, reco=12.7164, cons=0.5201, delta=0.1075, d_gain=0.1750, d_cost=0.0942, anc_p=0.0000, anc_o=10.1835) | val_auc_unw=0.9226, val_fpr50_unw=0.019621, val_auc_w=nan, val_fpr50_w=nan, val_metric_source=unweighted, select=auc, best_sel=0.922597, unfreeze=heads, reco_trainable=827280, dual_frozen=False, dual_trainable=2812673
StageC-Joint ep 3: train_loss=5.5859 (cls=0.3211, rank=0.3027, reco=12.6491, cons=0.5166, delta=0.1045, d_gain=0.1757, d_cost=0.0934, anc_p=0.0000, anc_o=9.1512) | val_auc_unw=0.9227, val_fpr50_unw=0.019803, val_auc_w=nan, val_fpr50_w=nan, val_metric_source=unweighted, select=auc, best_sel=0.922742, unfreeze=heads, reco_trainable=827280, dual_frozen=False, dual_trainable=2812673
StageC-Joint ep 4: train_loss=5.5556 (cls=0.3208, rank=0.3042, reco=12.6204, cons=0.5160, delta=0.1020, d_gain=0.1760, d_cost=0.0927, anc_p=0.0000, anc_o=8.3905) | val_auc_unw=0.9226, val_fpr50_unw=0.019778, val_auc_w=nan, val_fpr50_w=nan, val_metric_source=unweighted, select=auc, best_sel=0.922742, unfreeze=lastk, reco_trainable=2406800, dual_frozen=False, dual_trainable=2812673
StageC-Joint ep 5: train_loss=5.5333 (cls=0.3194, rank=0.3051, reco=12.6039, cons=0.5152, delta=0.0985, d_gain=0.1760, d_cost=0.0915, anc_p=0.0000, anc_o=7.8149) | val_auc_unw=0.9224, val_fpr50_unw=0.019814, val_auc_w=nan, val_fpr50_w=nan, val_metric_source=unweighted, select=auc, best_sel=0.922742, unfreeze=lastk, reco_trainable=2406800, dual_frozen=False, dual_trainable=2812673
StageC-Joint ep 6: train_loss=5.5110 (cls=0.3188, rank=0.3056, reco=12.5719, cons=0.5151, delta=0.0962, d_gain=0.1760, d_cost=0.0907, anc_p=0.0000, anc_o=7.5034) | val_auc_unw=0.9222, val_fpr50_unw=0.020212, val_auc_w=nan, val_fpr50_w=nan, val_metric_source=unweighted, select=auc, best_sel=0.922742, unfreeze=lastk, reco_trainable=2406800, dual_frozen=False, dual_trainable=2812673
StageC-Joint ep 7: train_loss=5.5129 (cls=0.3201, rank=0.3061, reco=12.5873, cons=0.5145, delta=0.0950, d_gain=0.1757, d_cost=0.0902, anc_p=0.0000, anc_o=7.3727) | val_auc_unw=0.9221, val_fpr50_unw=0.020030, val_auc_w=nan, val_fpr50_w=nan, val_metric_source=unweighted, select=auc, best_sel=0.922742, unfreeze=lastk, reco_trainable=2406800, dual_frozen=False, dual_trainable=2812673
StageC-Joint ep 8: train_loss=5.4725 (cls=0.3190, rank=0.3052, reco=12.5217, cons=0.5138, delta=0.0925, d_gain=0.1758, d_cost=0.0894, anc_p=0.0000, anc_o=6.7663) | val_auc_unw=0.9225, val_fpr50_unw=0.019960, val_auc_w=nan, val_fpr50_w=nan, val_metric_source=unweighted, select=auc, best_sel=0.922742, unfreeze=all, reco_trainable=7162776, dual_frozen=False, dual_trainable=2812673
StageC-Joint ep 9: train_loss=5.4413 (cls=0.3198, rank=0.3049, reco=12.4499, cons=0.5138, delta=0.0929, d_gain=0.1755, d_cost=0.0895, anc_p=0.0001, anc_o=6.7678) | val_auc_unw=0.9223, val_fpr50_unw=0.020200, val_auc_w=nan, val_fpr50_w=nan, val_metric_source=unweighted, select=auc, best_sel=0.922742, unfreeze=all, reco_trainable=7162776, dual_frozen=False, dual_trainable=2812673
StageC-Joint ep 10: train_loss=5.4383 (cls=0.3188, rank=0.3056, reco=12.4551, cons=0.5133, delta=0.0918, d_gain=0.1760, d_cost=0.0893, anc_p=0.0001, anc_o=6.7161) | val_auc_unw=0.9220, val_fpr50_unw=0.020118, val_auc_w=nan, val_fpr50_w=nan, val_metric_source=unweighted, select=auc, best_sel=0.922742, unfreeze=all, reco_trainable=7162776, dual_frozen=False, dual_trainable=2812673
StageC-Joint ep 11: train_loss=5.4299 (cls=0.3172, rank=0.3060, reco=12.4402, cons=0.5134, delta=0.0894, d_gain=0.1762, d_cost=0.0885, anc_p=0.0001, anc_o=6.8763) | val_auc_unw=0.9212, val_fpr50_unw=0.020455, val_auc_w=nan, val_fpr50_w=nan, val_metric_source=unweighted, select=auc, best_sel=0.922742, unfreeze=all, reco_trainable=7162776, dual_frozen=False, dual_trainable=2812673
StageC-Joint ep 12: train_loss=5.4290 (cls=0.3186, rank=0.3065, reco=12.4394, cons=0.5132, delta=0.0912, d_gain=0.1760, d_cost=0.0891, anc_p=0.0001, anc_o=6.9385) | val_auc_unw=0.9219, val_fpr50_unw=0.020187, val_auc_w=nan, val_fpr50_w=nan, val_metric_source=unweighted, select=auc, best_sel=0.922742, unfreeze=all, reco_trainable=7162776, dual_frozen=False, dual_trainable=2812673
StageC-Joint ep 13: train_loss=5.4176 (cls=0.3168, rank=0.3065, reco=12.4235, cons=0.5130, delta=0.0891, d_gain=0.1766, d_cost=0.0886, anc_p=0.0001, anc_o=6.9297) | val_auc_unw=0.9217, val_fpr50_unw=0.020395, val_auc_w=nan, val_fpr50_w=nan, val_metric_source=unweighted, select=auc, best_sel=0.922742, unfreeze=all, reco_trainable=7162776, dual_frozen=False, dual_trainable=2812673
StageC-Joint ep 14: train_loss=5.4105 (cls=0.3174, rank=0.3064, reco=12.4099, cons=0.5134, delta=0.0888, d_gain=0.1760, d_cost=0.0882, anc_p=0.0001, anc_o=6.9788) | val_auc_unw=0.9214, val_fpr50_unw=0.020391, val_auc_w=nan, val_fpr50_w=nan, val_metric_source=unweighted, select=auc, best_sel=0.922742, unfreeze=all, reco_trainable=7162776, dual_frozen=False, dual_trainable=2812673
StageC-Joint ep 15: train_loss=5.4123 (cls=0.3178, rank=0.3060, reco=12.4231, cons=0.5130, delta=0.0894, d_gain=0.1766, d_cost=0.0887, anc_p=0.0001, anc_o=6.8954) | val_auc_unw=0.9214, val_fpr50_unw=0.020473, val_auc_w=nan, val_fpr50_w=nan, val_metric_source=unweighted, select=auc, best_sel=0.922742, unfreeze=all, reco_trainable=7162776, dual_frozen=False, dual_trainable=2812673
StageC-Joint ep 16: train_loss=5.4022 (cls=0.3162, rank=0.3062, reco=12.4019, cons=0.5131, delta=0.0878, d_gain=0.1763, d_cost=0.0880, anc_p=0.0001, anc_o=7.1107) | val_auc_unw=0.9217, val_fpr50_unw=0.020428, val_auc_w=nan, val_fpr50_w=nan, val_metric_source=unweighted, select=auc, best_sel=0.922742, unfreeze=all, reco_trainable=7162776, dual_frozen=False, dual_trainable=2812673
StageC-Joint ep 17: train_loss=5.4048 (cls=0.3174, rank=0.3063, reco=12.4136, cons=0.5129, delta=0.0885, d_gain=0.1763, d_cost=0.0883, anc_p=0.0001, anc_o=7.0617) | val_auc_unw=0.9214, val_fpr50_unw=0.020547, val_auc_w=nan, val_fpr50_w=nan, val_metric_source=unweighted, select=auc, best_sel=0.922742, unfreeze=all, reco_trainable=7162776, dual_frozen=False, dual_trainable=2812673
StageC-Joint ep 18: train_loss=5.4018 (cls=0.3163, rank=0.3065, reco=12.4148, cons=0.5128, delta=0.0879, d_gain=0.1767, d_cost=0.0882, anc_p=0.0001, anc_o=7.0778) | val_auc_unw=0.9214, val_fpr50_unw=0.020609, val_auc_w=nan, val_fpr50_w=nan, val_metric_source=unweighted, select=auc, best_sel=0.922742, unfreeze=all, reco_trainable=7162776, dual_frozen=False, dual_trainable=2812673
StageC-Joint ep 19: train_loss=5.3939 (cls=0.3170, rank=0.3068, reco=12.3990, cons=0.5133, delta=0.0879, d_gain=0.1766, d_cost=0.0882, anc_p=0.0001, anc_o=7.0985) | val_auc_unw=0.9216, val_fpr50_unw=0.020618, val_auc_w=nan, val_fpr50_w=nan, val_metric_source=unweighted, select=auc, best_sel=0.922742, unfreeze=all, reco_trainable=7162776, dual_frozen=False, dual_trainable=2812673
StageC-Joint ep 20: train_loss=5.3849 (cls=0.3163, rank=0.3068, reco=12.3841, cons=0.5128, delta=0.0873, d_gain=0.1767, d_cost=0.0880, anc_p=0.0001, anc_o=7.1164) | val_auc_unw=0.9214, val_fpr50_unw=0.020993, val_auc_w=nan, val_fpr50_w=nan, val_metric_source=unweighted, select=auc, best_sel=0.922742, unfreeze=all, reco_trainable=7162776, dual_frozen=False, dual_trainable=2812673
StageC-Joint ep 21: train_loss=5.3858 (cls=0.3155, rank=0.3064, reco=12.3939, cons=0.5132, delta=0.0869, d_gain=0.1769, d_cost=0.0879, anc_p=0.0001, anc_o=7.1341) | val_auc_unw=0.9214, val_fpr50_unw=0.020921, val_auc_w=nan, val_fpr50_w=nan, val_metric_source=unweighted, select=auc, best_sel=0.922742, unfreeze=all, reco_trainable=7162776, dual_frozen=False, dual_trainable=2812673
StageC-Joint ep 22: train_loss=5.3802 (cls=0.3162, rank=0.3070, reco=12.3842, cons=0.5126, delta=0.0885, d_gain=0.1768, d_cost=0.0884, anc_p=0.0001, anc_o=7.1253) | val_auc_unw=0.9215, val_fpr50_unw=0.020695, val_auc_w=nan, val_fpr50_w=nan, val_metric_source=unweighted, select=auc, best_sel=0.922742, unfreeze=all, reco_trainable=7162776, dual_frozen=False, dual_trainable=2812673
StageC-Joint ep 23: train_loss=5.3836 (cls=0.3157, rank=0.3051, reco=12.3964, cons=0.5126, delta=0.0864, d_gain=0.1763, d_cost=0.0876, anc_p=0.0001, anc_o=7.2531) | val_auc_unw=0.9212, val_fpr50_unw=0.021073, val_auc_w=nan, val_fpr50_w=nan, val_metric_source=unweighted, select=auc, best_sel=0.922742, unfreeze=all, reco_trainable=7162776, dual_frozen=False, dual_trainable=2812673
StageC-Joint ep 24: train_loss=5.3736 (cls=0.3147, rank=0.3068, reco=12.3756, cons=0.5128, delta=0.0859, d_gain=0.1770, d_cost=0.0876, anc_p=0.0001, anc_o=7.4125) | val_auc_unw=0.9213, val_fpr50_unw=0.021009, val_auc_w=nan, val_fpr50_w=nan, val_metric_source=unweighted, select=auc, best_sel=0.922742, unfreeze=all, reco_trainable=7162776, dual_frozen=False, dual_trainable=2812673
StageC-Joint ep 25: train_loss=5.3733 (cls=0.3153, rank=0.3071, reco=12.3818, cons=0.5122, delta=0.0863, d_gain=0.1771, d_cost=0.0878, anc_p=0.0001, anc_o=7.2854) | val_auc_unw=0.9211, val_fpr50_unw=0.021207, val_auc_w=nan, val_fpr50_w=nan, val_metric_source=unweighted, select=auc, best_sel=0.922742, unfreeze=all, reco_trainable=7162776, dual_frozen=False, dual_trainable=2812673
Early stopping StageC-Joint at epoch 25

======================================================================
STEP 5: RECONSTRUCTION DIAGNOSTICS
======================================================================

Jet pT response/resolution by truth pT bin (test split):
  pT_low - pT_high | N | HLT resp | HLT reso | Corrected resp | Corrected reso
  172739.4 - 504701.0 | 18750 | 0.8697 | 0.1517 | 0.6000 | 0.1977
  504701.0 - 771905.5 | 18750 | 0.8455 | 0.1732 | 0.4453 | 0.1610
  771905.5 - 1091424.5 | 18750 | 0.8309 | 0.1873 | 0.3388 | 0.1301
  1091424.5 - 1363180.1 | 18750 | 0.8221 | 0.2022 | 0.2666 | 0.1080
  1363180.1 - 1707220.3 | 18750 | 0.8200 | 0.2050 | 0.2234 | 0.0935
  1707220.3 - 2151953.4 | 18750 | 0.8185 | 0.2081 | 0.1812 | 0.0790
  2151953.4 - 2627195.9 | 18750 | 0.8110 | 0.2217 | 0.1465 | 0.0671
  2627195.9 - 3884039.2 | 18750 | 0.8012 | 0.2282 | 0.1179 | 0.0560

Constituent-count diagnostics:
  Means: offline=54.297, hlt=29.181, reco=50.633
  MAE vs offline: hlt=25.116, reco=5.769

Budget diagnostics (test split):
  MAE: merge=5.318, eff=0.000, total=5.318
  Bias: merge=-2.054, eff=0.000, total=-2.054

======================================================================
FINAL TEST EVALUATION
======================================================================
Teacher (Offline) AUC: 0.9515
Baseline (HLT)   AUC: 0.9193
Stage2 (PreJoint) AUC: 0.9204
Stage2 (BestValFPR50) AUC: 0.9204
Joint Dual-View  AUC: 0.9208
Joint Dual-View (BestValFPR50) AUC: 0.9205

FPR@30 Teacher/Baseline/Stage2/Joint: 0.002944 / 0.005568 / 0.005847 / 0.006173
FPR@30 Stage2BestFPR / JointBestFPR: 0.005847 / 0.005741
FPR@50 Teacher/Baseline/Stage2/Joint: 0.011679 / 0.021310 / 0.021685 / 0.021854
FPR@50 Stage2BestFPR / JointBestFPR: 0.021685 / 0.021499
Saving val/test score arrays for fusion analysis...
Saved fusion score arrays to: checkpoints/reco_teacher_joint_fusion_6model_150k75k150k/model30_k6_jetlatent_ctxselector_allthree/model30_k6_jetlatent_ctxselector_allthree_150k75k150k_seed0/fusion_scores_val_test.npz

Saved joint results to: checkpoints/reco_teacher_joint_fusion_6model_150k75k150k/model30_k6_jetlatent_ctxselector_allthree/model30_k6_jetlatent_ctxselector_allthree_150k75k150k_seed0
Done: checkpoints/reco_teacher_joint_fusion_6model_150k75k150k/model30_k6_jetlatent_ctxselector_allthree/model30_k6_jetlatent_ctxselector_allthree_150k75k150k_seed0
