============================================================
Model-31 K=6 jetlatent diffusion-lite denoise + contextual selector routing (StageC all_three)
Run: checkpoints/reco_teacher_joint_fusion_6model_150k75k150k/model31_k6_jetlatent_denoise_ctxselector_allthree/model31_k6_jetlatent_denoise_ctxselector_allthree_150k75k150k_seed0
============================================================
 python offline_reconstructor_joint_dualview_stage2save_auc_norankc_nopriv_unmergeonly_jetlatent_set2set_m31_denoise_ctxselector.py --save_dir checkpoints/reco_teacher_joint_fusion_6model_150k75k150k/model31_k6_jetlatent_denoise_ctxselector_allthree --run_name model31_k6_jetlatent_denoise_ctxselector_allthree_150k75k150k_seed0 --n_train_jets 375000 --n_train_split 100000 --n_val_split 75000 --n_test_split 150000 --offset_jets 0 --max_constits 100 --num_workers 6 --seed 0 --selection_metric auc --stageC_progressive_unfreeze --stageC_unfreeze_phase1_epochs 3 --stageC_unfreeze_phase2_epochs 7 --stageC_unfreeze_last_n_encoder_layers 2 --stageC_lambda_param_anchor 0.02 --stageC_lambda_output_anchor 0.02 --stageC_anchor_decay 0.97 --stageC_lr_dual 1e-5 --stageC_lr_reco 5e-6 --lambda_reco 0.4 --lambda_cons 0.06 --loss_unselected_penalty 0.0 --loss_gen_local_radius 0.0 --stageC_lambda_delta 0.05 --stageC_delta_tau 0.05 --stageC_delta_lambda_fp 3.0 --stageC_delta_warmup_epochs 8 --added_target_scale 0.90 --save_fusion_scores --disable_final_kd --m29_num_hypotheses 6 --m29_winner_mode reco --m29_winner_alpha 1.0 --m29_winner_beta 0.6 --m29_loss_w_best_set 2.5 --m29_loss_w_diversity 0.08 --m29_selector_epochs 30 --m29_selector_lr 2e-3 --m29_selector_patience 8 --m29_selector_rank_weight 0.20 --m29_selector_rank_margin 0.25 --m29_selector_hidden 128 --m29_selector_heads 4 --m29_selector_dropout 0.10 --m29_selector_ce_weight 1.0 --m29_selector_kl_weight 0.35 --m29_selector_soft_temp 0.35 --m31_denoise_steps 3 --m31_denoise_init_noise_std 0.03 --m31_denoise_delta_scale 0.35 --m31_denoise_step_embed_dim 16 --m29_stagec_mode all_three --device cuda
m31 config: K=6, winner_mode=reco, stageC_mode=all_three, single_corrected_tagger=False, soft_routing_train=True, selector_soft_targets=True, selector_hidden=128, denoise_steps=3, denoise_init_noise_std=0.0300, denoise_delta_scale=0.3500
Device: cuda
Save dir: checkpoints/reco_teacher_joint_fusion_6model_150k75k150k/model31_k6_jetlatent_denoise_ctxselector_allthree/model31_k6_jetlatent_denoise_ctxselector_allthree_150k75k150k_seed0
Loading offline constituents...
Generating pseudo-HLT...
Non-priv target setup: added_target_scale=0.900, mean_true_added_raw=25.116, mean_target_added=22.604
Computing features...
Split sizes: Train=100000, Val=75000, Test=150000 (custom_counts=True)
Stage-B train subset: N=100000 / 100000 (frac=1.000, seed=0)

======================================================================
STEP 1: TEACHER + BASELINE
======================================================================
Teacher ep 5: train_auc=0.9405, val_auc=0.9154, val_fpr50=0.031459, best_auc=0.9453, fpr50@best=0.014299
Teacher ep 10: train_auc=0.9484, val_auc=0.9497, val_fpr50=0.011589, best_auc=0.9497, fpr50@best=0.011589
Teacher ep 15: train_auc=0.9529, val_auc=0.9489, val_fpr50=0.012362, best_auc=0.9522, fpr50@best=0.011297
Teacher ep 20: train_auc=0.9568, val_auc=0.9480, val_fpr50=0.012920, best_auc=0.9522, fpr50@best=0.011297
Teacher ep 25: train_auc=0.9605, val_auc=0.9529, val_fpr50=0.011268, best_auc=0.9529, fpr50@best=0.011268
Teacher ep 30: train_auc=0.9652, val_auc=0.9485, val_fpr50=0.011436, best_auc=0.9529, fpr50@best=0.011268
Teacher ep 35: train_auc=0.9697, val_auc=0.9489, val_fpr50=0.013234, best_auc=0.9529, fpr50@best=0.011268
Teacher ep 40: train_auc=0.9751, val_auc=0.9456, val_fpr50=0.015425, best_auc=0.9529, fpr50@best=0.011268
Early stopping Teacher at epoch 40
m29: captured Teacher model for selector scoring
Baseline ep 5: train_auc=0.9040, val_auc=0.9079, val_fpr50=0.029308, best_auc=0.9079, fpr50@best=0.029308
Baseline ep 10: train_auc=0.9149, val_auc=0.9130, val_fpr50=0.026269, best_auc=0.9165, fpr50@best=0.022496
Baseline ep 15: train_auc=0.9208, val_auc=0.9158, val_fpr50=0.023068, best_auc=0.9188, fpr50@best=0.022162
Baseline ep 20: train_auc=0.9241, val_auc=0.9213, val_fpr50=0.018965, best_auc=0.9213, fpr50@best=0.018965
Baseline ep 25: train_auc=0.9285, val_auc=0.9161, val_fpr50=0.023179, best_auc=0.9213, fpr50@best=0.018965
Baseline ep 30: train_auc=0.9332, val_auc=0.9189, val_fpr50=0.021313, best_auc=0.9213, fpr50@best=0.018965
Baseline ep 35: train_auc=0.9387, val_auc=0.9170, val_fpr50=0.021862, best_auc=0.9213, fpr50@best=0.018965
Early stopping Baseline at epoch 35
StageC weak-delta HLT reference @TPR=0.50: threshold_prob=0.852282, val_auc_hlt=0.9213

======================================================================
STEP 2: STAGE A (RECONSTRUCTOR PRETRAIN)
======================================================================
Ep 5: train_total=14.2402, val_total_unw=13.2241, val_total_w=13.2241, select=unweighted, best_sel=13.2241 | set_unw=1.1051, bset_unw=1.1051, phys_unw=0.6435, budget_unw=15.3056, fp_mass_unw=0.0433, set_mode=chamfer, w_set=1.000, w_budget=0.650, w_pt=0.700, w_local=0.030, stage_scale=0.35
Ep 10: train_total=13.5525, val_total_unw=14.6699, val_total_w=14.6699, select=unweighted, best_sel=13.2241 | set_unw=1.0826, bset_unw=1.0826, phys_unw=0.6286, budget_unw=17.6515, fp_mass_unw=0.0397, set_mode=chamfer, w_set=1.000, w_budget=0.650, w_pt=0.700, w_local=0.030, stage_scale=0.35
Ep 15: train_total=13.2484, val_total_unw=13.6610, val_total_w=13.6610, select=unweighted, best_sel=12.6693 | set_unw=1.0816, bset_unw=1.0816, phys_unw=0.6348, budget_unw=16.0907, fp_mass_unw=0.0402, set_mode=chamfer, w_set=1.000, w_budget=0.650, w_pt=0.700, w_local=0.030, stage_scale=0.35
Ep 20: train_total=12.9794, val_total_unw=13.8279, val_total_w=13.8279, select=unweighted, best_sel=12.6693 | set_unw=1.0762, bset_unw=1.0762, phys_unw=0.6307, budget_unw=16.3761, fp_mass_unw=0.0388, set_mode=chamfer, w_set=1.000, w_budget=0.650, w_pt=0.700, w_local=0.030, stage_scale=0.35
Stage-A transition -> reloaded best from phase_035 (epoch=12, val_total=12.6693)
Ep 25: train_total=13.0274, val_total_unw=12.9375, val_total_w=12.9375, select=unweighted, best_sel=12.5373 | set_unw=1.0708, bset_unw=1.0708, phys_unw=0.6231, budget_unw=15.0373, fp_mass_unw=0.0395, set_mode=chamfer, w_set=1.000, w_budget=0.650, w_pt=0.700, w_local=0.030, stage_scale=0.70
Ep 30: train_total=12.8364, val_total_unw=14.2364, val_total_w=14.2364, select=unweighted, best_sel=12.5373 | set_unw=1.0637, bset_unw=1.0637, phys_unw=0.6291, budget_unw=17.0574, fp_mass_unw=0.0386, set_mode=chamfer, w_set=1.000, w_budget=0.650, w_pt=0.700, w_local=0.030, stage_scale=0.70
Ep 35: train_total=12.7318, val_total_unw=12.4979, val_total_w=12.4979, select=unweighted, best_sel=12.4979 | set_unw=1.0708, bset_unw=1.0708, phys_unw=0.6266, budget_unw=14.3543, fp_mass_unw=0.0398, set_mode=chamfer, w_set=1.000, w_budget=0.650, w_pt=0.700, w_local=0.030, stage_scale=0.70
Ep 40: train_total=12.6316, val_total_unw=15.6776, val_total_w=15.6776, select=unweighted, best_sel=12.4979 | set_unw=1.0618, bset_unw=1.0618, phys_unw=0.6361, budget_unw=19.2723, fp_mass_unw=0.0386, set_mode=chamfer, w_set=1.000, w_budget=0.650, w_pt=0.700, w_local=0.030, stage_scale=0.70
Ep 45: train_total=12.5122, val_total_unw=12.9759, val_total_w=12.9759, select=unweighted, best_sel=12.4979 | set_unw=1.0604, bset_unw=1.0604, phys_unw=0.6258, budget_unw=15.1339, fp_mass_unw=0.0378, set_mode=chamfer, w_set=1.000, w_budget=0.650, w_pt=0.700, w_local=0.030, stage_scale=0.70
Ep 50: train_total=12.4080, val_total_unw=13.6067, val_total_w=13.6067, select=unweighted, best_sel=12.4979 | set_unw=1.0595, bset_unw=1.0595, phys_unw=0.6306, budget_unw=16.1003, fp_mass_unw=0.0373, set_mode=chamfer, w_set=1.000, w_budget=0.650, w_pt=0.700, w_local=0.030, stage_scale=0.70
Ep 55: train_total=12.3303, val_total_unw=13.0919, val_total_w=13.0919, select=unweighted, best_sel=12.4979 | set_unw=1.0606, bset_unw=1.0606, phys_unw=0.6314, budget_unw=15.3013, fp_mass_unw=0.0372, set_mode=chamfer, w_set=1.000, w_budget=0.650, w_pt=0.700, w_local=0.030, stage_scale=0.70
Stage-A transition -> reloaded best from phase_070 (epoch=35, val_total=12.4979)
Ep 60: train_total=12.5689, val_total_unw=14.0732, val_total_w=14.0732, select=unweighted, best_sel=12.4979 | set_unw=1.0583, bset_unw=1.0583, phys_unw=0.6263, budget_unw=16.8320, fp_mass_unw=0.0384, set_mode=chamfer, w_set=1.000, w_budget=0.650, w_pt=0.700, w_local=0.030, stage_scale=1.00
Ep 65: train_total=12.4811, val_total_unw=15.4074, val_total_w=15.4074, select=unweighted, best_sel=12.4979 | set_unw=1.0560, bset_unw=1.0560, phys_unw=0.6353, budget_unw=18.8797, fp_mass_unw=0.0380, set_mode=chamfer, w_set=1.000, w_budget=0.650, w_pt=0.700, w_local=0.030, stage_scale=1.00
Ep 70: train_total=12.3733, val_total_unw=12.8635, val_total_w=12.8635, select=unweighted, best_sel=12.4979 | set_unw=1.0574, bset_unw=1.0574, phys_unw=0.6243, budget_unw=14.9741, fp_mass_unw=0.0378, set_mode=chamfer, w_set=1.000, w_budget=0.650, w_pt=0.700, w_local=0.030, stage_scale=1.00
Early stopping reconstructor at epoch 73

======================================================================
STEP 3: STAGE B (DUAL PRETRAIN, FROZEN RECONSTRUCTOR)
======================================================================
m30 selector trained: val_acc=0.3361, Ntr=99840, Nva=75000, feat_dim=19, soft_targets=True
StageB-DualPretrain ep 5: train_loss=0.3877 (cls=0.3877, rank=0.3051, reco=0.0000, cons=0.4953, delta=0.0000, d_gain=0.0000, d_cost=0.0000, anc_p=0.0000, anc_o=0.0000) | val_auc_unw=0.9115, val_fpr50_unw=0.025951, val_auc_w=nan, val_fpr50_w=nan, val_metric_source=unweighted, select=auc, best_sel=0.911453, unfreeze=frozen, reco_trainable=0, dual_frozen=False, dual_trainable=2812673
StageB-DualPretrain ep 10: train_loss=0.3675 (cls=0.3675, rank=0.3018, reco=0.0000, cons=0.4953, delta=0.0000, d_gain=0.0000, d_cost=0.0000, anc_p=0.0000, anc_o=0.0000) | val_auc_unw=0.9174, val_fpr50_unw=0.023262, val_auc_w=nan, val_fpr50_w=nan, val_metric_source=unweighted, select=auc, best_sel=0.918567, unfreeze=frozen, reco_trainable=0, dual_frozen=False, dual_trainable=2812673
StageB-DualPretrain ep 15: train_loss=0.3556 (cls=0.3556, rank=0.3024, reco=0.0000, cons=0.4953, delta=0.0000, d_gain=0.0000, d_cost=0.0000, anc_p=0.0000, anc_o=0.0000) | val_auc_unw=0.9207, val_fpr50_unw=0.019726, val_auc_w=nan, val_fpr50_w=nan, val_metric_source=unweighted, select=auc, best_sel=0.920784, unfreeze=frozen, reco_trainable=0, dual_frozen=False, dual_trainable=2812673
StageB-DualPretrain ep 20: train_loss=0.3465 (cls=0.3465, rank=0.3024, reco=0.0000, cons=0.4953, delta=0.0000, d_gain=0.0000, d_cost=0.0000, anc_p=0.0000, anc_o=0.0000) | val_auc_unw=0.9212, val_fpr50_unw=0.019705, val_auc_w=nan, val_fpr50_w=nan, val_metric_source=unweighted, select=auc, best_sel=0.921186, unfreeze=frozen, reco_trainable=0, dual_frozen=False, dual_trainable=2812673
StageB-DualPretrain ep 25: train_loss=0.3365 (cls=0.3365, rank=0.3018, reco=0.0000, cons=0.4953, delta=0.0000, d_gain=0.0000, d_cost=0.0000, anc_p=0.0000, anc_o=0.0000) | val_auc_unw=0.9209, val_fpr50_unw=0.021056, val_auc_w=nan, val_fpr50_w=nan, val_metric_source=unweighted, select=auc, best_sel=0.921471, unfreeze=frozen, reco_trainable=0, dual_frozen=False, dual_trainable=2812673
StageB-DualPretrain ep 30: train_loss=0.3238 (cls=0.3238, rank=0.3042, reco=0.0000, cons=0.4954, delta=0.0000, d_gain=0.0000, d_cost=0.0000, anc_p=0.0000, anc_o=0.0000) | val_auc_unw=0.9210, val_fpr50_unw=0.020377, val_auc_w=nan, val_fpr50_w=nan, val_metric_source=unweighted, select=auc, best_sel=0.921946, unfreeze=frozen, reco_trainable=0, dual_frozen=False, dual_trainable=2812673
StageB-DualPretrain ep 35: train_loss=0.3139 (cls=0.3139, rank=0.3034, reco=0.0000, cons=0.4953, delta=0.0000, d_gain=0.0000, d_cost=0.0000, anc_p=0.0000, anc_o=0.0000) | val_auc_unw=0.9186, val_fpr50_unw=0.022862, val_auc_w=nan, val_fpr50_w=nan, val_metric_source=unweighted, select=auc, best_sel=0.921946, unfreeze=frozen, reco_trainable=0, dual_frozen=False, dual_trainable=2812673
Early stopping StageB-DualPretrain at epoch 39

======================================================================
STEP 4: STAGE C (JOINT FINETUNE)
======================================================================
m30 selector trained: val_acc=0.3379, Ntr=99840, Nva=75000, feat_dim=19, soft_targets=True
StageC-Joint ep 1: train_loss=5.7233 (cls=0.3248, rank=0.2979, reco=12.5939, cons=0.5144, delta=0.1098, d_gain=0.1719, d_cost=0.0939, anc_p=0.0000, anc_o=16.4664) | val_auc_unw=0.9222, val_fpr50_unw=0.019369, val_auc_w=nan, val_fpr50_w=nan, val_metric_source=unweighted, select=auc, best_sel=0.922155, unfreeze=heads, reco_trainable=827280, dual_frozen=False, dual_trainable=2812673
StageC-Joint ep 2: train_loss=5.5320 (cls=0.3218, rank=0.3007, reco=12.4041, cons=0.5005, delta=0.1096, d_gain=0.1743, d_cost=0.0946, anc_p=0.0000, anc_o=11.1969) | val_auc_unw=0.9221, val_fpr50_unw=0.019804, val_auc_w=nan, val_fpr50_w=nan, val_metric_source=unweighted, select=auc, best_sel=0.922155, unfreeze=heads, reco_trainable=827280, dual_frozen=False, dual_trainable=2812673
StageC-Joint ep 3: train_loss=5.4964 (cls=0.3216, rank=0.3016, reco=12.3813, cons=0.4982, delta=0.1067, d_gain=0.1748, d_cost=0.0938, anc_p=0.0000, anc_o=10.1186) | val_auc_unw=0.9216, val_fpr50_unw=0.019874, val_auc_w=nan, val_fpr50_w=nan, val_metric_source=unweighted, select=auc, best_sel=0.922155, unfreeze=heads, reco_trainable=827280, dual_frozen=False, dual_trainable=2812673
StageC-Joint ep 4: train_loss=5.4710 (cls=0.3205, rank=0.3034, reco=12.3702, cons=0.4977, delta=0.1027, d_gain=0.1751, d_cost=0.0926, anc_p=0.0000, anc_o=9.3175) | val_auc_unw=0.9220, val_fpr50_unw=0.019767, val_auc_w=nan, val_fpr50_w=nan, val_metric_source=unweighted, select=auc, best_sel=0.922155, unfreeze=lastk, reco_trainable=2406800, dual_frozen=False, dual_trainable=2812673
StageC-Joint ep 5: train_loss=5.4666 (cls=0.3200, rank=0.3029, reco=12.3904, cons=0.4974, delta=0.1016, d_gain=0.1755, d_cost=0.0924, anc_p=0.0000, anc_o=8.8906) | val_auc_unw=0.9218, val_fpr50_unw=0.020002, val_auc_w=nan, val_fpr50_w=nan, val_metric_source=unweighted, select=auc, best_sel=0.922155, unfreeze=lastk, reco_trainable=2406800, dual_frozen=False, dual_trainable=2812673
StageC-Joint ep 6: train_loss=5.4493 (cls=0.3191, rank=0.3044, reco=12.3764, cons=0.4978, delta=0.0980, d_gain=0.1753, d_cost=0.0911, anc_p=0.0000, anc_o=8.5047) | val_auc_unw=0.9217, val_fpr50_unw=0.019820, val_auc_w=nan, val_fpr50_w=nan, val_metric_source=unweighted, select=auc, best_sel=0.922155, unfreeze=lastk, reco_trainable=2406800, dual_frozen=False, dual_trainable=2812673
StageC-Joint ep 7: train_loss=5.4523 (cls=0.3196, rank=0.3048, reco=12.3934, cons=0.4973, delta=0.0968, d_gain=0.1757, d_cost=0.0908, anc_p=0.0000, anc_o=8.4816) | val_auc_unw=0.9216, val_fpr50_unw=0.019890, val_auc_w=nan, val_fpr50_w=nan, val_metric_source=unweighted, select=auc, best_sel=0.922155, unfreeze=lastk, reco_trainable=2406800, dual_frozen=False, dual_trainable=2812673
