============================================================
Model-36 K=3 Dictionary-Retrieval DualView (landmark11)
Run: /home/ryreu/atlas/PracticeTagging/checkpoints/reco_teacher_joint_fusion_6model_150k75k150k/model36_dictretrieval_dualview/model36_k3_dict1m_retrieval_dualview_landmark11_150k75k300k_seed0
Split: dict=1000000, train=150000, val=75000, test=300000
============================================================
 python offline_reconstructor_joint_dualview_stage2save_auc_norankc_nopriv_unmergeonly_m36_dictretrieval_dualview.py --save_dir /home/ryreu/atlas/PracticeTagging/checkpoints/reco_teacher_joint_fusion_6model_150k75k150k/model36_dictretrieval_dualview --run_name model36_k3_dict1m_retrieval_dualview_landmark11_150k75k300k_seed0 --n_train_jets 1525000 --n_dict_split 1000000 --n_train_split 150000 --n_val_split 75000 --n_test_split 300000 --offset_jets 0 --max_constits 100 --batch_size 80 --num_workers 6 --seed 0 --device cuda --save_fusion_scores --retrieval_target_k 3 --retrieval_per_round 256 --retrieval_max_rounds 10 --retrieval_batch_size 256 --retrieval_eps_total 0.90 --retrieval_eps_count 0.50 --retrieval_w_desc 1.00 --retrieval_w_count 0.25 --retrieval_w_pt 0.12 --retrieval_w_mass 0.08 --retrieval_descriptor_variant landmark11 --retrieval_landmarks 8 --retrieval_index_mode descriptor --selector_epochs 45 --selector_lr 2e-4 --selector_patience 10 --selector_neg_per_class 3 --selector_score_alpha 1.35 --dual_epochs 80 --dual_lr 1.2e-4 --dual_patience 14
========================================================================
Model-36 Dictionary Retrieval + DualView Pipeline
Run: /home/ryreu/atlas/PracticeTagging/checkpoints/reco_teacher_joint_fusion_6model_150k75k150k/model36_dictretrieval_dualview/model36_k3_dict1m_retrieval_dualview_landmark11_150k75k300k_seed0
Split dict/train/val/test = 1000000/150000/75000/300000 | retrieve per-round=256 rounds=10 targetK=3 | desc_variant=landmark11 index_mode=descriptor
========================================================================
Generating pseudo-HLT (deterministic keyed D_hard)...
HLT stats: avg_offline=54.27, avg_hlt=29.16, merged=32683578, eff_lost=5610091
Split sizes: Dict=1000000, Train=150000, Val=75000, Test=300000
Computing standardized features for teacher/baseline (train/val/test only)...

========================================================================
STEP 1: Teacher + HLT baseline
========================================================================
Teacher ep 5: train_auc=0.9402, val_auc=0.9439, val_fpr50=0.013644, best_auc=0.9475, fpr50@best=0.013056
Teacher ep 10: train_auc=0.9481, val_auc=0.9496, val_fpr50=0.011186, best_auc=0.9511, fpr50@best=0.010288
Teacher ep 15: train_auc=0.9519, val_auc=0.9499, val_fpr50=0.011813, best_auc=0.9526, fpr50@best=0.010763
Teacher ep 20: train_auc=0.9556, val_auc=0.9533, val_fpr50=0.010526, best_auc=0.9552, fpr50@best=0.008841
Teacher ep 25: train_auc=0.9590, val_auc=0.9520, val_fpr50=0.009735, best_auc=0.9555, fpr50@best=0.009185
Teacher ep 30: train_auc=0.9623, val_auc=0.9533, val_fpr50=0.009869, best_auc=0.9555, fpr50@best=0.009185
Teacher ep 35: train_auc=0.9664, val_auc=0.9531, val_fpr50=0.010382, best_auc=0.9555, fpr50@best=0.009185
Early stopping Teacher at epoch 35
Baseline ep 5: train_auc=0.9063, val_auc=0.9123, val_fpr50=0.026529, best_auc=0.9123, fpr50@best=0.026529
Baseline ep 10: train_auc=0.9146, val_auc=0.9157, val_fpr50=0.023993, best_auc=0.9191, fpr50@best=0.021723
Baseline ep 15: train_auc=0.9186, val_auc=0.9198, val_fpr50=0.021281, best_auc=0.9209, fpr50@best=0.020105
Baseline ep 20: train_auc=0.9229, val_auc=0.9182, val_fpr50=0.020888, best_auc=0.9209, fpr50@best=0.020105
Baseline ep 25: train_auc=0.9271, val_auc=0.9205, val_fpr50=0.021759, best_auc=0.9225, fpr50@best=0.018786
Baseline ep 30: train_auc=0.9315, val_auc=0.9195, val_fpr50=0.020967, best_auc=0.9225, fpr50@best=0.018786
Early stopping Baseline at epoch 34
Teacher test AUC=0.9552 | Baseline test AUC=0.9225

========================================================================
STEP 2: Dictionary HLT retrieval index
========================================================================
Landmark11 descriptor enabled: n_landmarks=8
Dictionary class sizes: bg=500419 top=499581 | index_dim=11

========================================================================
STEP 3: Retrieve candidates for train/val (no repair)
========================================================================
Retrieval stats: train(feasC0=3.00, feasC1=2.98) val(feasC0=3.00, feasC1=2.98)

========================================================================
STEP 4: Train HLT-candidate compatibility selector
========================================================================
Selector ep 001: train_loss=0.03762 val_auc=1.0000 best=1.0000@1
Selector ep 002: train_loss=0.00113 val_auc=1.0000 best=1.0000@1
