============================================================
Model-38 K=6 Seeded-m28 + Deterministic-Residual MultiCandidate
Run: /home/ryreu/atlas/PracticeTagging/checkpoints/reco_teacher_joint_fusion_6model_150k75k150k/model38_seeded_m28_detresid_multicand/model38_k6_seeded_m28_detresid_multicand_150k75k300k_seed0
Split: train=500000, val=200000, test=500000
============================================================
 python offline_reconstructor_joint_dualview_stage2save_auc_norankc_nopriv_unmergeonly_m38_seeded_m28_detresid_multicand.py --save_dir /home/ryreu/atlas/PracticeTagging/checkpoints/reco_teacher_joint_fusion_6model_150k75k150k/model38_seeded_m28_detresid_multicand --run_name model38_k6_seeded_m28_detresid_multicand_150k75k300k_seed0 --n_train_jets 1200000 --n_train_split 500000 --n_val_split 200000 --n_test_split 500000 --offset_jets 0 --max_constits 100 --batch_size 80 --num_workers 1 --seed 0 --device cuda --save_fusion_scores --carry_epochs 24 --carry_patience 6 --carry_lr 2e-4 --carry_dist_thresh 0.22 --reco_epochs 140 --reco_patience 20 --reco_min_epochs 35 --reco_lr 1.5e-4 --reco_batch_size 96 --reco_set_loss_mode chamfer --reco_loss_w_eos 0.30 --reco_loss_w_count 0.30 --reco_loss_w_jetpt 0.12 --reco_loss_w_4vec 0.05 --seed_candidate_k 6 --seed_keep_m 3 --seed_max_prefix 12 --seed_temp 0.35 --candidate_gen_batch 64 --search_eps_total 0.60 --search_eps_count 0.30 --search_w_chamfer 1.00 --search_w_count 0.25 --search_w_pt 0.12 --search_w_mass 0.08 --dual_epochs 90 --dual_lr 1.2e-4 --dual_patience 16
========================================================================
Model-38 Seeded m28 + Deterministic Residual MultiCandidate DualView
Run: /home/ryreu/atlas/PracticeTagging/checkpoints/reco_teacher_joint_fusion_6model_150k75k150k/model38_seeded_m28_detresid_multicand/model38_k6_seeded_m28_detresid_multicand_150k75k300k_seed0
Split train/val/test = 500000/200000/500000 | K=6 keepM=3 max_prefix=12
========================================================================
Generating pseudo-HLT (deterministic keyed D_hard)...
HLT stats: avg_offline=54.27, avg_hlt=29.16, merged=25719328, eff_lost=4415082
Split sizes: Train=500000, Val=200000, Test=500000
Computing standardized features for train/val/test...

========================================================================
STEP 1: Teacher + HLT baseline
========================================================================
Teacher ep 5: train_auc=0.9480, val_auc=0.9537, val_fpr50=0.009544, best_auc=0.9537, fpr50@best=0.009544
Teacher ep 10: train_auc=0.9535, val_auc=0.9556, val_fpr50=0.008781, best_auc=0.9571, fpr50@best=0.007855
Teacher ep 15: train_auc=0.9563, val_auc=0.9585, val_fpr50=0.007357, best_auc=0.9585, fpr50@best=0.007357
Teacher ep 20: train_auc=0.9586, val_auc=0.9587, val_fpr50=0.007385, best_auc=0.9589, fpr50@best=0.007066
Teacher ep 25: train_auc=0.9608, val_auc=0.9595, val_fpr50=0.007255, best_auc=0.9595, fpr50@best=0.007255
Teacher ep 30: train_auc=0.9629, val_auc=0.9596, val_fpr50=0.007235, best_auc=0.9596, fpr50@best=0.007235
Teacher ep 35: train_auc=0.9651, val_auc=0.9585, val_fpr50=0.008555, best_auc=0.9596, fpr50@best=0.007235
Teacher ep 40: train_auc=0.9674, val_auc=0.9576, val_fpr50=0.008115, best_auc=0.9596, fpr50@best=0.007235
Early stopping Teacher at epoch 42
Baseline ep 5: train_auc=0.9141, val_auc=0.9162, val_fpr50=0.023758, best_auc=0.9193, fpr50@best=0.022494
Baseline ep 10: train_auc=0.9202, val_auc=0.9223, val_fpr50=0.020876, best_auc=0.9240, fpr50@best=0.019313
Baseline ep 15: train_auc=0.9233, val_auc=0.9260, val_fpr50=0.018363, best_auc=0.9260, fpr50@best=0.018363
Baseline ep 20: train_auc=0.9261, val_auc=0.9256, val_fpr50=0.018141, best_auc=0.9261, fpr50@best=0.018123
Baseline ep 25: train_auc=0.9286, val_auc=0.9273, val_fpr50=0.017707, best_auc=0.9277, fpr50@best=0.017368
Baseline ep 30: train_auc=0.9309, val_auc=0.9284, val_fpr50=0.017259, best_auc=0.9284, fpr50@best=0.017259
Baseline ep 35: train_auc=0.9333, val_auc=0.9282, val_fpr50=0.017451, best_auc=0.9284, fpr50@best=0.017259
Baseline ep 40: train_auc=0.9359, val_auc=0.9259, val_fpr50=0.019334, best_auc=0.9284, fpr50@best=0.017259
Early stopping Baseline at epoch 42
Teacher test AUC=0.9595 | Baseline test AUC=0.9288

========================================================================
STEP 2: Carryover token predictor
========================================================================
CarryPredictor ep 001: train_loss=0.11799 val_auc=0.9011 best=0.9011@1
CarryPredictor ep 002: train_loss=0.10125 val_auc=0.9153 best=0.9153@2
CarryPredictor ep 004: train_loss=0.09354 val_auc=0.9209 best=0.9209@4
CarryPredictor ep 006: train_loss=0.09047 val_auc=0.9272 best=0.9272@6
CarryPredictor ep 008: train_loss=0.08871 val_auc=0.9281 best=0.9281@8
CarryPredictor ep 010: train_loss=0.08738 val_auc=0.9310 best=0.9310@10
CarryPredictor ep 012: train_loss=0.08639 val_auc=0.9316 best=0.9316@12
CarryPredictor ep 014: train_loss=0.08562 val_auc=0.9318 best=0.9322@13
CarryPredictor ep 016: train_loss=0.08497 val_auc=0.9332 best=0.9332@16
CarryPredictor ep 018: train_loss=0.08444 val_auc=0.9331 best=0.9337@17
CarryPredictor ep 020: train_loss=0.08402 val_auc=0.9343 best=0.9349@19
CarryPredictor ep 022: train_loss=0.08362 val_auc=0.9350 best=0.9351@21
CarryPredictor ep 024: train_loss=0.08325 val_auc=0.9353 best=0.9353@24

========================================================================
STEP 3: Train m28-style completer
========================================================================
Entering phase 1 (stabilize) at epoch 1
