============================================================
Model-38 K=6 Seeded-m28 + Deterministic-Residual MultiCandidate (CarryBoost)
Run: /home/ryreu/atlas/PracticeTagging/checkpoints/reco_teacher_joint_fusion_6model_150k75k150k/model38_seeded_m28_detresid_multicand/model38_k6_seeded_m28_detresid_multicand_carryboost_150k75k300k_seed0
Split: train=50000, val=20000, test=300000
Reco batch size: 12
============================================================
 python offline_reconstructor_joint_dualview_stage2save_auc_norankc_nopriv_unmergeonly_m38_seeded_m28_detresid_multicand.py --save_dir /home/ryreu/atlas/PracticeTagging/checkpoints/reco_teacher_joint_fusion_6model_150k75k150k/model38_seeded_m28_detresid_multicand --run_name model38_k6_seeded_m28_detresid_multicand_carryboost_150k75k300k_seed0 --n_train_jets 370000 --n_train_split 50000 --n_val_split 20000 --n_test_split 300000 --offset_jets 0 --max_constits 100 --batch_size 80 --num_workers 1 --seed 0 --device cuda --save_fusion_scores --carry_epochs 48 --carry_patience 10 --carry_lr 2e-4 --carry_dist_thresh 0.22 --carry_lr_decay_start_epoch 20 --carry_lr_decay_gamma 0.96 --carry_min_lr_ratio 0.35 --reco_epochs 140 --reco_patience 20 --reco_min_epochs 35 --reco_lr 1.5e-4 --reco_batch_size 12 --reco_set_loss_mode chamfer --reco_loss_w_eos 0.30 --reco_loss_w_count 0.30 --reco_loss_w_jetpt 0.12 --reco_loss_w_4vec 0.05 --seed_candidate_k 6 --seed_keep_m 3 --seed_max_prefix 12 --seed_temp 0.35 --candidate_gen_batch 64 --search_eps_total 0.60 --search_eps_count 0.30 --search_w_chamfer 1.00 --search_w_count 0.25 --search_w_pt 0.12 --search_w_mass 0.08 --dual_epochs 90 --dual_lr 1.2e-4 --dual_patience 16
========================================================================
Model-38 Seeded m28 + Deterministic Residual MultiCandidate DualView
Run: /home/ryreu/atlas/PracticeTagging/checkpoints/reco_teacher_joint_fusion_6model_150k75k150k/model38_seeded_m28_detresid_multicand/model38_k6_seeded_m28_detresid_multicand_carryboost_150k75k300k_seed0
Split train/val/test = 50000/20000/300000 | K=6 keepM=3 max_prefix=12
========================================================================
Generating pseudo-HLT (deterministic keyed D_hard)...
HLT stats: avg_offline=54.29, avg_hlt=29.18, merged=7930084, eff_lost=1361629
Split sizes: Train=50000, Val=20000, Test=300000
Computing standardized features for train/val/test...

========================================================================
STEP 1: Teacher + HLT baseline
========================================================================
Teacher ep 5: train_auc=0.9305, val_auc=0.9282, val_fpr50=0.031603, best_auc=0.9298, fpr50@best=0.022735
Teacher ep 10: train_auc=0.9412, val_auc=0.9426, val_fpr50=0.016473, best_auc=0.9452, fpr50@best=0.015361
Teacher ep 15: train_auc=0.9461, val_auc=0.9470, val_fpr50=0.013915, best_auc=0.9472, fpr50@best=0.013979
Teacher ep 20: train_auc=0.9512, val_auc=0.9450, val_fpr50=0.013283, best_auc=0.9486, fpr50@best=0.012621
Teacher ep 25: train_auc=0.9564, val_auc=0.9465, val_fpr50=0.014370, best_auc=0.9486, fpr50@best=0.012621
Teacher ep 30: train_auc=0.9617, val_auc=0.9424, val_fpr50=0.013115, best_auc=0.9486, fpr50@best=0.012621
Early stopping Teacher at epoch 30
Baseline ep 5: train_auc=0.8869, val_auc=0.8976, val_fpr50=0.036488, best_auc=0.8976, fpr50@best=0.036488
Baseline ep 10: train_auc=0.9058, val_auc=0.9114, val_fpr50=0.026465, best_auc=0.9114, fpr50@best=0.026465
Baseline ep 15: train_auc=0.9123, val_auc=0.9116, val_fpr50=0.028278, best_auc=0.9117, fpr50@best=0.026835
Baseline ep 20: train_auc=0.9186, val_auc=0.9105, val_fpr50=0.027613, best_auc=0.9146, fpr50@best=0.025469
Baseline ep 25: train_auc=0.9239, val_auc=0.9115, val_fpr50=0.024550, best_auc=0.9151, fpr50@best=0.023306
Baseline ep 30: train_auc=0.9305, val_auc=0.9120, val_fpr50=0.026748, best_auc=0.9151, fpr50@best=0.023306
Early stopping Baseline at epoch 34
Teacher test AUC=0.9485 | Baseline test AUC=0.9152

========================================================================
STEP 2: Carryover token predictor
========================================================================
CarryPredictor ep 001: train_loss=0.13419 val_auc=0.8257 r@12=0.5654 p@12=0.9411 best=0.8257@1 lr=2.000e-04
CarryPredictor ep 002: train_loss=0.12841 val_auc=0.8334 r@12=0.5665 p@12=0.9429 best=0.8334@2 lr=2.000e-04
CarryPredictor ep 004: train_loss=0.12212 val_auc=0.8578 r@12=0.5688 p@12=0.9468 best=0.8578@4 lr=2.000e-04
CarryPredictor ep 006: train_loss=0.11515 val_auc=0.8786 r@12=0.5708 p@12=0.9501 best=0.8786@6 lr=2.000e-04
CarryPredictor ep 008: train_loss=0.10981 val_auc=0.8936 r@12=0.5723 p@12=0.9523 best=0.8936@8 lr=2.000e-04
CarryPredictor ep 010: train_loss=0.10623 val_auc=0.8979 r@12=0.5727 p@12=0.9527 best=0.8979@10 lr=2.000e-04
CarryPredictor ep 012: train_loss=0.10366 val_auc=0.9040 r@12=0.5732 p@12=0.9535 best=0.9040@12 lr=2.000e-04
CarryPredictor ep 014: train_loss=0.10185 val_auc=0.9065 r@12=0.5734 p@12=0.9536 best=0.9065@14 lr=2.000e-04
CarryPredictor ep 016: train_loss=0.10032 val_auc=0.9102 r@12=0.5739 p@12=0.9544 best=0.9102@16 lr=2.000e-04
CarryPredictor ep 018: train_loss=0.09891 val_auc=0.9117 r@12=0.5739 p@12=0.9544 best=0.9117@18 lr=2.000e-04
CarryPredictor ep 020: train_loss=0.09778 val_auc=0.9134 r@12=0.5740 p@12=0.9545 best=0.9134@20 lr=1.920e-04
CarryPredictor ep 022: train_loss=0.09665 val_auc=0.9139 r@12=0.5742 p@12=0.9549 best=0.9149@21 lr=1.769e-04
CarryPredictor ep 024: train_loss=0.09569 val_auc=0.9157 r@12=0.5745 p@12=0.9551 best=0.9167@23 lr=1.631e-04
CarryPredictor ep 026: train_loss=0.09496 val_auc=0.9169 r@12=0.5744 p@12=0.9551 best=0.9173@25 lr=1.503e-04
CarryPredictor ep 028: train_loss=0.09431 val_auc=0.9169 r@12=0.5746 p@12=0.9554 best=0.9175@27 lr=1.385e-04
CarryPredictor ep 030: train_loss=0.09359 val_auc=0.9185 r@12=0.5744 p@12=0.9551 best=0.9188@29 lr=1.276e-04
CarryPredictor ep 032: train_loss=0.09291 val_auc=0.9181 r@12=0.5746 p@12=0.9554 best=0.9192@31 lr=1.176e-04
CarryPredictor ep 034: train_loss=0.09244 val_auc=0.9199 r@12=0.5748 p@12=0.9556 best=0.9199@34 lr=1.084e-04
CarryPredictor ep 036: train_loss=0.09208 val_auc=0.9194 r@12=0.5747 p@12=0.9554 best=0.9203@35 lr=9.992e-05
CarryPredictor ep 038: train_loss=0.09167 val_auc=0.9205 r@12=0.5748 p@12=0.9556 best=0.9205@38 lr=9.208e-05
CarryPredictor ep 040: train_loss=0.09125 val_auc=0.9211 r@12=0.5749 p@12=0.9557 best=0.9211@40 lr=8.486e-05
CarryPredictor ep 042: train_loss=0.09083 val_auc=0.9204 r@12=0.5748 p@12=0.9556 best=0.9221@41 lr=7.821e-05
CarryPredictor ep 044: train_loss=0.09052 val_auc=0.9203 r@12=0.5748 p@12=0.9557 best=0.9221@41 lr=7.208e-05
CarryPredictor ep 046: train_loss=0.09027 val_auc=0.9227 r@12=0.5751 p@12=0.9560 best=0.9227@46 lr=7.000e-05
CarryPredictor ep 048: train_loss=0.09012 val_auc=0.9216 r@12=0.5749 p@12=0.9558 best=0.9227@46 lr=7.000e-05

========================================================================
STEP 3: Train m28-style completer
========================================================================
Entering phase 1 (stabilize) at epoch 1
Reco ep 001 | t=02:07:11 eta=294:38:52 | phase=1:stabilize phys=0.083 tf=strict ss=0.00 mixFR=0.00@0 | train total=7.77295 ar=0.00000 set=1.92606 eos=0.11419 cnt=8.00584 ang=0.11346 jpt=1.13644 je=1.13567 j4=1.58379 crk=0.16372 cpre=3.99394 bset=1.92606 div=0.99787 fr=0.00000 | valTF total=6.94538 ar=0.00000 set=2.00018 eos=0.08390 cnt=4.49482 ang=0.13802 jpt=1.63579 je=1.63177 j4=1.26577 crk=0.03127 cpre=4.65187 bset=2.00018 div=0.99741 | valFR total=4.64309 ar=0.00000 set=2.00155 eos=2.67211 cnt=4.49482 ang=0.13803 jpt=1.63695 je=1.63291 j4=1.26624 crk=0.03133 cpre=4.65098 bset=2.00155 div=0.00000
Reco ep 002 | t=02:05:42 eta=290:49:21 | phase=1:stabilize phys=0.167 tf=strict ss=0.00 mixFR=0.00@0 | train total=9.57911 ar=0.00000 set=2.99418 eos=0.14615 cnt=4.16976 ang=0.11317 jpt=1.12196 je=1.12233 j4=34.43084 crk=0.07915 cpre=3.97728 bset=2.99418 div=0.99901 fr=0.00000 | valTF total=9.99466 ar=0.00000 set=3.45891 eos=0.05445 cnt=2.54659 ang=0.14134 jpt=1.61899 je=1.61428 j4=0.77770 crk=0.04559 cpre=4.41391 bset=3.45891 div=0.99986 | valFR total=5.15918 ar=0.00000 set=3.45908 eos=1.49622 cnt=2.54659 ang=0.14134 jpt=1.61891 je=1.61420 j4=0.77769 crk=0.04675 cpre=4.41378 bset=3.45908 div=0.00000
Reco ep 003 | t=02:05:56 eta=288:19:58 | phase=1:stabilize phys=0.250 tf=strict ss=0.00 mixFR=0.00@0 | train total=9.75037 ar=0.00000 set=3.35619 eos=0.09362 cnt=2.54517 ang=0.11899 jpt=1.08924 je=1.08831 j4=3.49418 crk=0.08300 cpre=3.99501 bset=3.35619 div=0.99936 fr=0.00000 | valTF total=9.10888 ar=0.00000 set=3.22126 eos=0.06291 cnt=1.96251 ang=0.15882 jpt=0.52414 je=0.52122 j4=0.91952 crk=0.04955 cpre=3.33484 bset=3.22126 div=0.99962 | valFR total=4.68753 ar=0.00000 set=3.22127 eos=1.69776 cnt=1.96251 ang=0.15883 jpt=0.52416 je=0.52124 j4=0.91939 crk=0.04983 cpre=3.33488 bset=3.22127 div=0.00000
Reco ep 004 | t=02:05:17 eta=285:40:27 | phase=1:stabilize phys=0.333 tf=strict ss=0.00 mixFR=0.00@0 | train total=9.15465 ar=0.00000 set=3.17634 eos=0.07786 cnt=1.93440 ang=0.11911 jpt=1.48775 je=1.48388 j4=1.44518 crk=0.08259 cpre=4.34196 bset=3.17634 div=0.99936 fr=0.00000 | valTF total=10.00002 ar=0.00000 set=3.47123 eos=0.03800 cnt=2.04832 ang=0.11782 jpt=2.06028 je=2.03736 j4=0.91454 crk=0.02175 cpre=5.15156 bset=3.47123 div=0.99986 | valFR total=4.92464 ar=0.00000 set=3.47125 eos=0.74275 cnt=2.04832 ang=0.11782 jpt=2.06019 je=2.03727 j4=0.91453 crk=0.02178 cpre=5.15143 bset=3.47125 div=0.00000
Reco ep 005 | t=02:05:33 eta=283:21:41 | phase=1:stabilize phys=0.417 tf=strict ss=0.00 mixFR=0.00@0 | train total=9.03221 ar=0.00000 set=3.10506 eos=0.07611 cnt=1.65564 ang=0.11616 jpt=1.58214 je=1.57956 j4=5.21376 crk=0.11637 cpre=4.64904 bset=3.10506 div=0.99943 fr=0.00000 | valTF total=12.98814 ar=0.00000 set=4.71092 eos=0.10061 cnt=2.06345 ang=0.11995 jpt=0.73835 je=0.73343 j4=3.75246 crk=0.03966 cpre=3.60603 bset=4.71092 div=0.99957 | valFR total=6.89588 ar=0.00000 set=4.71026 eos=3.61667 cnt=2.06345 ang=0.11994 jpt=0.73823 je=0.73332 j4=3.75075 crk=0.03983 cpre=3.60557 bset=4.71026 div=0.00000
Reco ep 006 | t=02:04:51 eta=280:51:42 | phase=1:stabilize phys=0.500 tf=strict ss=0.00 mixFR=0.00@0 | train total=15.40333 ar=0.00000 set=3.96522 eos=0.05548 cnt=1.53992 ang=0.11945 jpt=1.37445 je=1.37468 j4=175.07056 crk=0.08743 cpre=4.59354 bset=3.96522 div=0.99935 fr=0.00000 | valTF total=9.55455 ar=0.00000 set=3.35279 eos=0.03536 cnt=1.45591 ang=0.16804 jpt=1.86871 je=1.86321 j4=1.04705 crk=0.02306 cpre=5.03471 bset=3.35279 div=0.99954 | valFR total=4.65404 ar=0.00000 set=3.35292 eos=0.73024 cnt=1.45591 ang=0.16806 jpt=1.86887 je=1.86339 j4=1.04723 crk=0.02314 cpre=5.03493 bset=3.35292 div=0.00000
Reco ep 007 | t=02:08:45 eta=279:42:52 | phase=1:stabilize phys=0.583 tf=strict ss=0.00 mixFR=0.00@0 | train total=9.97290 ar=0.00000 set=3.55779 eos=0.06790 cnt=1.33208 ang=0.11661 jpt=1.19765 je=1.19775 j4=2.72417 crk=0.10888 cpre=3.98868 bset=3.55779 div=0.99947 fr=0.00000 | valTF total=10.14306 ar=0.00000 set=3.57109 eos=0.07497 cnt=2.07129 ang=0.09917 jpt=0.69293 je=0.69264 j4=3.19342 crk=0.04777 cpre=3.42747 bset=3.57109 div=0.99872 | valFR total=5.47908 ar=0.00000 set=3.57165 eos=2.64755 cnt=2.07129 ang=0.09917 jpt=0.69353 je=0.69323 j4=3.19639 crk=0.04769 cpre=3.42839 bset=3.57165 div=0.00000
Reco ep 008 | t=02:09:32 eta=278:32:08 | phase=1:stabilize phys=0.667 tf=strict ss=0.00 mixFR=0.00@0 | train total=10.70723 ar=0.00000 set=3.79593 eos=0.11525 cnt=1.43838 ang=0.10597 jpt=1.05983 je=1.06066 j4=5.56803 crk=0.13701 cpre=3.80416 bset=3.79593 div=0.99940 fr=0.00000 | valTF total=12.67058 ar=0.00000 set=4.57169 eos=0.05164 cnt=2.02777 ang=0.09866 jpt=0.75783 je=0.76098 j4=4.01011 crk=0.03286 cpre=3.38336 bset=4.57169 div=0.99961 | valFR total=6.23803 ar=0.00000 set=4.57142 eos=1.73592 cnt=2.02777 ang=0.09866 jpt=0.75772 je=0.76087 j4=4.00932 crk=0.03285 cpre=3.38314 bset=4.57142 div=0.00000
Reco ep 009 | t=02:05:13 eta=276:05:28 | phase=1:stabilize phys=0.750 tf=strict ss=0.00 mixFR=0.00@0 | train total=11.63287 ar=0.00000 set=4.19826 eos=0.07818 cnt=1.34183 ang=0.09754 jpt=0.90159 je=0.90213 j4=4.51726 crk=0.15650 cpre=3.57233 bset=4.19826 div=0.99955 fr=0.00000 | valTF total=11.25448 ar=0.00000 set=3.86151 eos=0.07874 cnt=2.27907 ang=0.17353 jpt=2.36642 je=2.36403 j4=0.91305 crk=0.03482 cpre=5.60927 bset=3.86151 div=0.99996 | valFR total=6.32638 ar=0.00000 set=3.86151 eos=3.22594 cnt=2.27907 ang=0.17352 jpt=2.36638 je=2.36400 j4=0.91305 crk=0.03475 cpre=5.60933 bset=3.86151 div=0.00000
Reco ep 010 | t=02:05:13 eta=273:43:04 | phase=1:stabilize phys=0.833 tf=strict ss=0.00 mixFR=0.00@0 | train total=11.23414 ar=0.00000 set=3.87563 eos=0.12619 cnt=1.38875 ang=0.12372 jpt=1.21621 je=1.21752 j4=10.93891 crk=0.17515 cpre=4.06948 bset=3.87563 div=0.99956 fr=0.00000 | valTF total=9.96561 ar=0.00000 set=3.36636 eos=0.07345 cnt=2.58372 ang=0.19266 jpt=1.61359 je=1.61350 j4=0.99431 crk=0.03272 cpre=4.64902 bset=3.36636 div=0.99960 | valFR total=5.52887 ar=0.00000 set=3.36637 eos=2.38283 cnt=2.58372 ang=0.19266 jpt=1.61353 je=1.61345 j4=0.99341 crk=0.03274 cpre=4.64879 bset=3.36637 div=0.00000
Reco ep 011 | t=02:08:40 eta=272:04:12 | phase=1:stabilize phys=0.917 tf=strict ss=0.00 mixFR=0.00@0 | train total=10.42861 ar=0.00000 set=3.60355 eos=0.13522 cnt=1.33557 ang=0.12113 jpt=1.26659 je=1.26635 j4=6.99989 crk=0.21545 cpre=4.06078 bset=3.60355 div=0.99946 fr=0.00000 | valTF total=13.44967 ar=0.00000 set=4.91810 eos=0.06404 cnt=1.06513 ang=0.09698 jpt=0.95132 je=0.95003 j4=5.43347 crk=0.04732 cpre=3.74902 bset=4.91810 div=0.99982 | valFR total=6.73275 ar=0.00000 set=4.91796 eos=2.53204 cnt=1.06513 ang=0.09698 jpt=0.95126 je=0.94998 j4=5.43304 crk=0.04725 cpre=3.74892 bset=4.91796 div=0.00000
Reco ep 012 | t=02:10:01 eta=270:34:50 | phase=1:stabilize phys=1.000 tf=strict ss=0.00 mixFR=0.00@0 | train total=11.05546 ar=0.00000 set=3.85955 eos=0.16126 cnt=1.31408 ang=0.09889 jpt=0.66247 je=0.66278 j4=8.87646 crk=0.24407 cpre=3.24079 bset=3.85955 div=0.99959 fr=0.00000 | valTF total=11.15438 ar=0.00000 set=3.86293 eos=0.10598 cnt=2.75125 ang=0.14131 jpt=0.73270 je=0.73233 j4=2.47200 crk=0.04853 cpre=3.41113 bset=3.86293 div=0.99978 | valFR total=6.46157 ar=0.00000 set=3.86293 eos=4.04448 cnt=2.75125 ang=0.14131 jpt=0.73270 je=0.73234 j4=2.47194 crk=0.04856 cpre=3.41116 bset=3.86293 div=0.00000
Reco ep 013 | t=02:08:36 eta=268:45:15 | phase=1:stabilize phys=1.000 tf=strict ss=0.00 mixFR=0.00@0 | train total=10.44386 ar=0.00000 set=3.68929 eos=0.18421 cnt=1.33301 ang=0.10370 jpt=0.78996 je=0.79034 j4=3.95936 crk=0.30252 cpre=3.47364 bset=3.68929 div=0.99946 fr=0.00000 | valTF total=11.88831 ar=0.00000 set=4.03453 eos=1.08057 cnt=1.68937 ang=0.12131 jpt=2.22912 je=2.22843 j4=1.42470 crk=0.03594 cpre=5.46907 bset=4.03453 div=0.99967 | valFR total=5.79303 ar=0.00000 set=4.03463 eos=1.20174 cnt=1.68937 ang=0.12130 jpt=2.22918 je=2.22851 j4=1.42472 crk=0.03598 cpre=5.46926 bset=4.03463 div=0.00000
Reco ep 014 | t=02:05:17 eta=266:23:07 | phase=1:stabilize phys=1.000 tf=strict ss=0.00 mixFR=0.00@0 | train total=10.31397 ar=0.00000 set=3.59040 eos=0.19861 cnt=1.40392 ang=0.10993 jpt=0.86577 je=0.86782 j4=5.25545 crk=0.29944 cpre=3.65677 bset=3.59040 div=0.99940 fr=0.00000 | valTF total=10.31266 ar=0.00000 set=3.57711 eos=0.06118 cnt=1.62282 ang=0.10207 jpt=1.84591 je=1.84615 j4=1.18215 crk=0.04370 cpre=4.97560 bset=3.57711 div=0.99947 | valFR total=5.70116 ar=0.00000 set=3.57791 eos=2.83863 cnt=1.62282 ang=0.10207 jpt=1.84637 je=1.84662 j4=1.18239 crk=0.04354 cpre=4.97595 bset=3.57791 div=0.00000
Reco ep 015 | t=02:04:26 eta=263:56:10 | phase=1:stabilize phys=1.000 tf=strict ss=0.00 mixFR=0.00@0 | train total=10.37203 ar=0.00000 set=3.57731 eos=0.25084 cnt=1.32623 ang=0.11008 jpt=1.18236 je=1.18280 j4=5.69874 crk=0.32667 cpre=3.99847 bset=3.57731 div=0.99963 fr=0.00000 | valTF total=11.95701 ar=0.00000 set=4.22652 eos=0.07261 cnt=1.84021 ang=0.09852 jpt=1.53578 je=1.53596 j4=2.62548 crk=0.05587 cpre=4.12940 bset=4.22652 div=0.99961 | valFR total=6.40509 ar=0.00000 set=4.22663 eos=2.96504 cnt=1.84021 ang=0.09852 jpt=1.53581 je=1.53599 j4=2.62533 crk=0.05583 cpre=4.12944 bset=4.22663 div=0.00000
Phase transition 1->2: rewound to phase-best epoch 1 (valFR=4.643086)
Phase 2 optimizer reset: lr 1.500e-04 -> 1.200e-04
Reco ep 016 | t=02:07:25 eta=261:55:12 | phase=2:transition phys=1.000 tf=strict ss=0.00 mixFR=0.00@2 | train total=8.58366 ar=0.00000 set=2.60072 eos=0.11018 cnt=3.66009 ang=0.11472 jpt=1.47215 je=1.47019 j4=4.73661 crk=0.06600 cpre=4.47468 bset=2.60072 div=0.99899 fr=0.00000 | valTF total=10.05560 ar=0.00000 set=3.41726 eos=0.10236 cnt=2.95558 ang=0.08635 jpt=0.92639 je=0.92668 j4=1.66217 crk=0.04824 cpre=3.13647 bset=3.41726 div=0.99871 | valFR total=6.07506 ar=0.00000 set=3.41737 eos=4.18260 cnt=2.95558 ang=0.08632 jpt=0.92779 je=0.92808 j4=1.67216 crk=0.05004 cpre=3.13774 bset=3.41737 div=0.00000
