============================================================
Model-38 K=6 Seeded-m28 + Deterministic-Residual MultiCandidate
Run: /home/ryreu/atlas/PracticeTagging/checkpoints/reco_teacher_joint_fusion_6model_150k75k150k/model38_seeded_m28_detresid_multicand/model38_k6_seeded_m28_detresid_multicand_150k75k300k_seed0
Split: train=100000, val=25000, test=200000
============================================================
 python offline_reconstructor_joint_dualview_stage2save_auc_norankc_nopriv_unmergeonly_m38_seeded_m28_detresid_multicand.py --save_dir /home/ryreu/atlas/PracticeTagging/checkpoints/reco_teacher_joint_fusion_6model_150k75k150k/model38_seeded_m28_detresid_multicand --run_name model38_k6_seeded_m28_detresid_multicand_150k75k300k_seed0 --n_train_jets 325000 --n_train_split 100000 --n_val_split 25000 --n_test_split 200000 --offset_jets 0 --max_constits 100 --batch_size 80 --num_workers 1 --seed 0 --device cuda --save_fusion_scores --carry_epochs 24 --carry_patience 6 --carry_lr 2e-4 --carry_dist_thresh 0.22 --reco_epochs 140 --reco_patience 20 --reco_min_epochs 35 --reco_lr 1.5e-4 --reco_batch_size 96 --reco_set_loss_mode chamfer --reco_loss_w_eos 0.30 --reco_loss_w_count 0.30 --reco_loss_w_jetpt 0.12 --reco_loss_w_4vec 0.05 --seed_candidate_k 6 --seed_keep_m 3 --seed_max_prefix 12 --seed_temp 0.35 --candidate_gen_batch 64 --search_eps_total 0.60 --search_eps_count 0.30 --search_w_chamfer 1.00 --search_w_count 0.25 --search_w_pt 0.12 --search_w_mass 0.08 --dual_epochs 90 --dual_lr 1.2e-4 --dual_patience 16
========================================================================
Model-38 Seeded m28 + Deterministic Residual MultiCandidate DualView
Run: /home/ryreu/atlas/PracticeTagging/checkpoints/reco_teacher_joint_fusion_6model_150k75k150k/model38_seeded_m28_detresid_multicand/model38_k6_seeded_m28_detresid_multicand_150k75k300k_seed0
Split train/val/test = 100000/25000/200000 | K=6 keepM=3 max_prefix=12
========================================================================
Generating pseudo-HLT (deterministic keyed D_hard)...
HLT stats: avg_offline=54.28, avg_hlt=29.17, merged=6963417, eff_lost=1195246
Split sizes: Train=100000, Val=25000, Test=200000
Computing standardized features for train/val/test...

========================================================================
STEP 1: Teacher + HLT baseline
========================================================================
Teacher ep 5: train_auc=0.9383, val_auc=0.9408, val_fpr50=0.017220, best_auc=0.9418, fpr50@best=0.015487
Teacher ep 10: train_auc=0.9459, val_auc=0.9482, val_fpr50=0.013070, best_auc=0.9484, fpr50@best=0.014270
Teacher ep 15: train_auc=0.9510, val_auc=0.9491, val_fpr50=0.012285, best_auc=0.9504, fpr50@best=0.011608
Teacher ep 20: train_auc=0.9548, val_auc=0.9458, val_fpr50=0.015089, best_auc=0.9504, fpr50@best=0.011608
Early stopping Teacher at epoch 23
Baseline ep 5: train_auc=0.9036, val_auc=0.9114, val_fpr50=0.029227, best_auc=0.9114, fpr50@best=0.029227
Baseline ep 10: train_auc=0.9127, val_auc=0.9168, val_fpr50=0.024038, best_auc=0.9181, fpr50@best=0.023921
Baseline ep 15: train_auc=0.9179, val_auc=0.9184, val_fpr50=0.022895, best_auc=0.9184, fpr50@best=0.022895
Baseline ep 20: train_auc=0.9224, val_auc=0.9185, val_fpr50=0.023836, best_auc=0.9205, fpr50@best=0.021548
Baseline ep 25: train_auc=0.9265, val_auc=0.9185, val_fpr50=0.024417, best_auc=0.9205, fpr50@best=0.021548
Baseline ep 30: train_auc=0.9320, val_auc=0.9177, val_fpr50=0.024246, best_auc=0.9205, fpr50@best=0.021548
Early stopping Baseline at epoch 30
Teacher test AUC=0.9505 | Baseline test AUC=0.9197

========================================================================
STEP 2: Carryover token predictor
========================================================================
CarryPredictor ep 001: train_loss=0.13206 val_auc=0.8328 best=0.8328@1
CarryPredictor ep 002: train_loss=0.12494 val_auc=0.8551 best=0.8551@2
CarryPredictor ep 004: train_loss=0.11260 val_auc=0.8907 best=0.8907@4
CarryPredictor ep 006: train_loss=0.10527 val_auc=0.9032 best=0.9032@6
CarryPredictor ep 008: train_loss=0.10144 val_auc=0.9099 best=0.9099@8
CarryPredictor ep 010: train_loss=0.09876 val_auc=0.9150 best=0.9150@10
CarryPredictor ep 012: train_loss=0.09690 val_auc=0.9165 best=0.9165@12
CarryPredictor ep 014: train_loss=0.09538 val_auc=0.9171 best=0.9185@13
CarryPredictor ep 016: train_loss=0.09423 val_auc=0.9201 best=0.9201@16
CarryPredictor ep 018: train_loss=0.09329 val_auc=0.9220 best=0.9220@18
CarryPredictor ep 020: train_loss=0.09238 val_auc=0.9226 best=0.9226@20
CarryPredictor ep 022: train_loss=0.09166 val_auc=0.9232 best=0.9232@22
CarryPredictor ep 024: train_loss=0.09111 val_auc=0.9226 best=0.9245@23

========================================================================
STEP 3: Train m28-style completer
========================================================================
Entering phase 1 (stabilize) at epoch 1
Reco ep 001 | t=00:28:31 eta=66:04:52 | phase=1:stabilize phys=0.083 tf=strict ss=0.00 mixFR=0.00@0 | train total=5.21678 ar=0.00000 set=0.89926 eos=0.09710 cnt=7.70715 ang=0.10107 jpt=0.51812 je=0.51769 j4=1.41428 crk=0.28833 cpre=4.95147 bset=0.89926 div=0.96961 fr=0.00000 | valTF total=9.81716 ar=0.00000 set=3.23607 eos=0.10316 cnt=3.30416 ang=0.10478 jpt=2.36093 je=2.35992 j4=0.94351 crk=0.01702 cpre=5.95932 bset=3.23607 div=0.98256 | valFR total=6.27255 ar=0.00000 set=3.40155 eos=4.16944 cnt=3.30416 ang=0.10514 jpt=2.39930 je=2.39848 j4=0.94836 crk=0.01443 cpre=5.98568 bset=3.40155 div=0.00000
Reco ep 002 | t=00:28:28 eta=65:32:50 | phase=1:stabilize phys=0.167 tf=strict ss=0.00 mixFR=0.00@0 | train total=4.11552 ar=0.00000 set=0.92821 eos=0.07000 cnt=4.06093 ang=0.10350 jpt=0.49428 je=0.49403 j4=1.29484 crk=0.16060 cpre=4.35001 bset=0.92821 div=0.94795 fr=0.00000 | valTF total=7.24432 ar=0.00000 set=1.53076 eos=0.08486 cnt=9.93654 ang=0.08865 jpt=0.25100 je=0.25030 j4=0.63360 crk=0.04958 cpre=3.16034 bset=1.53076 div=0.96164 | valFR total=5.95784 ar=0.00000 set=1.53199 eos=3.70098 cnt=9.93654 ang=0.08845 jpt=0.25174 je=0.25099 j4=0.64377 crk=0.04947 cpre=3.16256 bset=1.53199 div=0.00000
Reco ep 003 | t=00:28:31 eta=65:05:37 | phase=1:stabilize phys=0.250 tf=strict ss=0.00 mixFR=0.00@0 | train total=5.14085 ar=0.00000 set=1.29484 eos=0.08520 cnt=4.52218 ang=0.10977 jpt=0.59020 je=0.58899 j4=1.43596 crk=0.06990 cpre=3.97652 bset=1.29484 div=0.97142 fr=0.00000 | valTF total=10.02150 ar=0.00000 set=2.91796 eos=0.14410 cnt=6.81033 ang=0.14194 jpt=1.80840 je=1.79936 j4=0.87559 crk=0.04766 cpre=4.89666 bset=2.91796 div=0.97742 | valFR total=7.47021 ar=0.00000 set=2.94309 eos=6.40245 cnt=6.81033 ang=0.14207 jpt=1.82094 je=1.81161 j4=0.87644 crk=0.04815 cpre=4.90403 bset=2.94309 div=0.00000
Reco ep 004 | t=00:28:09 eta=64:25:29 | phase=1:stabilize phys=0.333 tf=strict ss=0.00 mixFR=0.00@0 | train total=6.30735 ar=0.00000 set=1.75368 eos=0.10594 cnt=4.51311 ang=0.10152 jpt=0.72182 je=0.72145 j4=2.65188 crk=0.07520 cpre=3.74134 bset=1.75368 div=0.98683 fr=0.00000 | valTF total=7.30975 ar=0.00000 set=2.02238 eos=0.10578 cnt=5.98480 ang=0.07830 jpt=0.56349 je=0.56390 j4=0.62963 crk=0.04737 cpre=3.07799 bset=2.02238 div=0.98331 | valFR total=5.56005 ar=0.00000 set=2.02292 eos=4.64632 cnt=5.98480 ang=0.07827 jpt=0.56230 je=0.56270 j4=0.62913 crk=0.04752 cpre=3.07641 bset=2.02292 div=0.00000
Reco ep 005 | t=00:28:00 eta=63:46:02 | phase=1:stabilize phys=0.417 tf=strict ss=0.00 mixFR=0.00@0 | train total=8.20397 ar=0.00000 set=2.39955 eos=0.13968 cnt=5.04326 ang=0.10634 jpt=1.43536 je=1.43210 j4=1.98079 crk=0.07771 cpre=4.46049 bset=2.39955 div=0.99340 fr=0.00000 | valTF total=9.34754 ar=0.00000 set=2.95314 eos=0.11304 cnt=3.98818 ang=0.08455 jpt=1.12965 je=1.12893 j4=7.55055 crk=0.05810 cpre=4.32003 bset=2.95314 div=0.99699 | valFR total=6.24538 ar=0.00000 set=2.95378 eos=4.79949 cnt=3.98818 ang=0.08454 jpt=1.13164 je=1.13091 j4=7.57019 crk=0.05783 cpre=4.32277 bset=2.95378 div=0.00000
Reco ep 006 | t=00:27:59 eta=63:10:04 | phase=1:stabilize phys=0.500 tf=strict ss=0.00 mixFR=0.00@0 | train total=7.99141 ar=0.00000 set=2.41979 eos=0.14848 cnt=4.27672 ang=0.10216 jpt=1.32673 je=1.32584 j4=1.02403 crk=0.12320 cpre=4.10957 bset=2.41979 div=0.99653 fr=0.00000 | valTF total=8.91440 ar=0.00000 set=2.87509 eos=0.14915 cnt=3.44600 ang=0.07736 jpt=1.64525 je=1.64587 j4=0.97309 crk=0.04550 cpre=4.38347 bset=2.87509 div=0.99868 | valFR total=6.49860 ar=0.00000 set=2.87549 eos=6.73729 cnt=3.44600 ang=0.07736 jpt=1.64519 je=1.64579 j4=0.97078 crk=0.04571 cpre=4.38279 bset=2.87549 div=0.00000
Reco ep 007 | t=00:28:01 eta=62:36:52 | phase=1:stabilize phys=0.583 tf=strict ss=0.00 mixFR=0.00@0 | train total=8.16171 ar=0.00000 set=2.39386 eos=0.26903 cnt=4.41712 ang=0.14087 jpt=1.28932 je=1.28913 j4=4.02769 crk=0.39362 cpre=4.24667 bset=2.39386 div=0.99716 fr=0.00000 | valTF total=8.98206 ar=0.00000 set=2.89997 eos=0.15493 cnt=3.04398 ang=0.12572 jpt=2.04559 je=2.04613 j4=0.93822 crk=0.04397 cpre=5.15330 bset=2.89997 div=0.99952 | valFR total=6.44201 ar=0.00000 set=2.90072 eos=6.45084 cnt=3.04398 ang=0.12570 jpt=2.04616 je=2.04669 j4=0.93805 crk=0.04579 cpre=5.15382 bset=2.90072 div=0.00000
Reco ep 008 | t=00:28:00 eta=62:04:33 | phase=1:stabilize phys=0.667 tf=strict ss=0.00 mixFR=0.00@0 | train total=9.32806 ar=0.00000 set=2.89281 eos=0.23790 cnt=4.04674 ang=0.13623 jpt=1.65546 je=1.65512 j4=2.60516 crk=0.31373 cpre=4.64425 bset=2.89281 div=0.99861 fr=0.00000 | valTF total=11.49438 ar=0.00000 set=3.91152 eos=0.15908 cnt=3.25363 ang=0.10334 jpt=1.23687 je=1.22655 j4=3.08974 crk=0.05576 cpre=4.01453 bset=3.91152 div=0.99993 | valFR total=7.53527 ar=0.00000 set=3.91149 eos=6.78604 cnt=3.25363 ang=0.10334 jpt=1.23687 je=1.22654 j4=3.08973 crk=0.05654 cpre=4.01453 bset=3.91149 div=0.00000
Reco ep 009 | t=00:28:00 eta=61:33:13 | phase=1:stabilize phys=0.750 tf=strict ss=0.00 mixFR=0.00@0 | train total=8.77998 ar=0.00000 set=2.73531 eos=0.21848 cnt=3.77520 ang=0.10959 jpt=1.16002 je=1.15887 j4=3.13144 crk=0.21490 cpre=4.09596 bset=2.73531 div=0.99943 fr=0.00000 | valTF total=9.85860 ar=0.00000 set=3.00847 eos=0.08930 cnt=5.35827 ang=0.08825 jpt=1.66236 je=1.66115 j4=0.84948 crk=0.04557 cpre=4.34840 bset=3.00847 div=0.99996 | valFR total=6.33815 ar=0.00000 set=3.00849 eos=3.66316 cnt=5.35827 ang=0.08825 jpt=1.66237 je=1.66116 j4=0.84948 crk=0.04615 cpre=4.34840 bset=3.00849 div=0.00000
Reco ep 010 | t=00:27:53 eta=61:01:13 | phase=1:stabilize phys=0.833 tf=strict ss=0.00 mixFR=0.00@0 | train total=9.41360 ar=0.00000 set=3.08550 eos=0.12948 cnt=3.28868 ang=0.10220 jpt=1.33330 je=1.33229 j4=0.95284 crk=0.15007 cpre=3.98885 bset=3.08550 div=0.99983 fr=0.00000 | valTF total=8.77982 ar=0.00000 set=3.05782 eos=0.06077 cnt=1.97305 ang=0.08218 jpt=0.70250 je=0.70270 j4=1.20878 crk=0.04621 cpre=3.17589 bset=3.05782 div=0.99996 | valFR total=4.40937 ar=0.00000 set=3.05748 eos=1.04924 cnt=1.97305 ang=0.08218 jpt=0.70247 je=0.70266 j4=1.20862 crk=0.04680 cpre=3.17581 bset=3.05748 div=0.00000
Reco ep 011 | t=00:27:53 eta=60:29:47 | phase=1:stabilize phys=0.917 tf=strict ss=0.00 mixFR=0.00@0 | train total=10.02879 ar=0.00000 set=3.47052 eos=0.11604 cnt=2.66710 ang=0.09393 jpt=0.50998 je=0.51028 j4=1.33194 crk=0.13613 cpre=2.99993 bset=3.47052 div=0.99978 fr=0.00000 | valTF total=10.87558 ar=0.00000 set=3.72829 eos=0.11899 cnt=3.36551 ang=0.09690 jpt=0.49180 je=0.49215 j4=1.51760 crk=0.04240 cpre=2.99492 bset=3.72829 div=0.99993 | valFR total=6.61018 ar=0.00000 set=3.72825 eos=4.80907 cnt=3.36551 ang=0.09690 jpt=0.49178 je=0.49214 j4=1.51756 crk=0.04275 cpre=2.99491 bset=3.72825 div=0.00000
Reco ep 012 | t=00:27:58 eta=59:59:49 | phase=1:stabilize phys=1.000 tf=strict ss=0.00 mixFR=0.00@0 | train total=10.89725 ar=0.00000 set=3.75703 eos=0.13394 cnt=2.97578 ang=0.10368 jpt=0.58409 je=0.58439 j4=1.72219 crk=0.16878 cpre=3.10256 bset=3.75703 div=0.99975 fr=0.00000 | valTF total=10.01593 ar=0.00000 set=3.17573 eos=0.14962 cnt=5.05921 ang=0.11157 jpt=0.60749 je=0.60736 j4=0.92187 crk=0.06397 cpre=3.05378 bset=3.17573 div=0.99986 | valFR total=7.07159 ar=0.00000 set=3.17573 eos=6.48093 cnt=5.05921 ang=0.11157 jpt=0.60749 je=0.60736 j4=0.92189 crk=0.06293 cpre=3.05377 bset=3.17573 div=0.00000
Reco ep 013 | t=00:27:57 eta=59:30:07 | phase=1:stabilize phys=1.000 tf=strict ss=0.00 mixFR=0.00@0 | train total=10.70569 ar=0.00000 set=3.62827 eos=0.25542 cnt=2.93712 ang=0.10531 jpt=0.95056 je=0.95061 j4=1.76987 crk=0.22890 cpre=3.60365 bset=3.62827 div=0.99969 fr=0.00000 | valTF total=12.01954 ar=0.00000 set=4.07865 eos=0.06811 cnt=2.64887 ang=0.14688 jpt=2.40991 je=2.40697 j4=1.11251 crk=0.05793 cpre=5.74321 bset=4.07865 div=0.99985 | valFR total=6.71503 ar=0.00000 set=4.07858 eos=3.04693 cnt=2.64887 ang=0.14688 jpt=2.40987 je=2.40695 j4=1.11242 crk=0.05723 cpre=5.74309 bset=4.07858 div=0.00000
Reco ep 014 | t=00:27:59 eta=59:00:59 | phase=1:stabilize phys=1.000 tf=strict ss=0.00 mixFR=0.00@0 | train total=11.23899 ar=0.00000 set=3.68812 eos=0.12832 cnt=3.07399 ang=0.12790 jpt=1.95104 je=1.95140 j4=4.08653 crk=0.22813 cpre=5.05339 bset=3.68812 div=0.99974 fr=0.00000 | valTF total=12.51896 ar=0.00000 set=4.22035 eos=0.05804 cnt=4.57698 ang=0.07967 jpt=0.49574 je=0.49536 j4=2.31555 crk=0.07278 cpre=3.11417 bset=4.22035 div=0.99970 | valFR total=6.59171 ar=0.00000 set=4.22030 eos=1.66789 cnt=4.57698 ang=0.07967 jpt=0.49574 je=0.49537 j4=2.31572 crk=0.07501 cpre=3.11414 bset=4.22030 div=0.00000
Reco ep 015 | t=00:27:56 eta=58:31:32 | phase=1:stabilize phys=1.000 tf=strict ss=0.00 mixFR=0.00@0 | train total=12.75416 ar=0.00000 set=4.41899 eos=0.18074 cnt=2.97245 ang=0.09353 jpt=0.77132 je=0.77061 j4=3.31258 crk=0.49692 cpre=3.48076 bset=4.41899 div=0.99928 fr=0.00000 | valTF total=13.35179 ar=0.00000 set=4.22836 eos=0.08749 cnt=5.61191 ang=0.17991 jpt=2.65174 je=2.65380 j4=0.95222 crk=0.03963 cpre=6.19311 bset=4.22836 div=0.99997 | valFR total=8.18624 ar=0.00000 set=4.22844 eos=4.27534 cnt=5.61191 ang=0.17991 jpt=2.65181 je=2.65385 j4=0.95222 crk=0.04320 cpre=6.19320 bset=4.22844 div=0.00000
Phase transition 1->2: rewound to phase-best epoch 10 (valFR=4.409373)
Phase 2 optimizer reset: lr 1.500e-04 -> 1.200e-04
Reco ep 016 | t=00:27:59 eta=58:02:40 | phase=2:transition phys=1.000 tf=strict ss=0.00 mixFR=0.00@2 | train total=8.50153 ar=0.00000 set=2.84271 eos=0.07363 cnt=2.52768 ang=0.09319 jpt=0.90070 je=0.90103 j4=1.49459 crk=0.08342 cpre=3.39056 bset=2.84271 div=0.99980 fr=0.00000 | valTF total=13.03126 ar=0.00000 set=4.01004 eos=0.10566 cnt=6.72680 ang=0.19877 jpt=2.18564 je=2.18428 j4=1.19381 crk=0.04870 cpre=5.47172 bset=4.01004 div=0.99970 | valFR total=8.25781 ar=0.00000 set=4.00865 eos=4.51593 cnt=6.72680 ang=0.19877 jpt=2.18543 je=2.18406 j4=1.19239 crk=0.04904 cpre=5.47112 bset=4.00865 div=0.00000
