============================================================
Model-38 K=6 Seeded-m28 + Deterministic-Residual MultiCandidate
Run: /home/ryreu/atlas/PracticeTagging/checkpoints/reco_teacher_joint_fusion_6model_150k75k150k/model38_seeded_m28_detresid_multicand/model38_k6_seeded_m28_detresid_multicand_150k75k300k_seed0
Split: train=100000, val=25000, test=200000
Reco batch size: 32
============================================================
 python offline_reconstructor_joint_dualview_stage2save_auc_norankc_nopriv_unmergeonly_m38_seeded_m28_detresid_multicand.py --save_dir /home/ryreu/atlas/PracticeTagging/checkpoints/reco_teacher_joint_fusion_6model_150k75k150k/model38_seeded_m28_detresid_multicand --run_name model38_k6_seeded_m28_detresid_multicand_150k75k300k_seed0 --n_train_jets 325000 --n_train_split 100000 --n_val_split 25000 --n_test_split 200000 --offset_jets 0 --max_constits 100 --batch_size 80 --num_workers 1 --seed 0 --device cuda --save_fusion_scores --carry_epochs 24 --carry_patience 6 --carry_lr 2e-4 --carry_dist_thresh 0.22 --reco_epochs 140 --reco_patience 20 --reco_min_epochs 35 --reco_lr 1.5e-4 --reco_batch_size 32 --reco_set_loss_mode chamfer --reco_loss_w_eos 0.30 --reco_loss_w_count 0.30 --reco_loss_w_jetpt 0.12 --reco_loss_w_4vec 0.05 --seed_candidate_k 6 --seed_keep_m 3 --seed_max_prefix 12 --seed_temp 0.35 --candidate_gen_batch 64 --search_eps_total 0.60 --search_eps_count 0.30 --search_w_chamfer 1.00 --search_w_count 0.25 --search_w_pt 0.12 --search_w_mass 0.08 --dual_epochs 90 --dual_lr 1.2e-4 --dual_patience 16
========================================================================
Model-38 Seeded m28 + Deterministic Residual MultiCandidate DualView
Run: /home/ryreu/atlas/PracticeTagging/checkpoints/reco_teacher_joint_fusion_6model_150k75k150k/model38_seeded_m28_detresid_multicand/model38_k6_seeded_m28_detresid_multicand_150k75k300k_seed0
Split train/val/test = 100000/25000/200000 | K=6 keepM=3 max_prefix=12
========================================================================
Generating pseudo-HLT (deterministic keyed D_hard)...
HLT stats: avg_offline=54.28, avg_hlt=29.17, merged=6963417, eff_lost=1195246
Split sizes: Train=100000, Val=25000, Test=200000
Computing standardized features for train/val/test...

========================================================================
STEP 1: Teacher + HLT baseline
========================================================================
Teacher ep 5: train_auc=0.9383, val_auc=0.9408, val_fpr50=0.017220, best_auc=0.9418, fpr50@best=0.015487
Teacher ep 10: train_auc=0.9459, val_auc=0.9482, val_fpr50=0.013070, best_auc=0.9484, fpr50@best=0.014270
Teacher ep 15: train_auc=0.9510, val_auc=0.9491, val_fpr50=0.012285, best_auc=0.9504, fpr50@best=0.011608
Teacher ep 20: train_auc=0.9548, val_auc=0.9458, val_fpr50=0.015089, best_auc=0.9504, fpr50@best=0.011608
Early stopping Teacher at epoch 23
Baseline ep 5: train_auc=0.9036, val_auc=0.9114, val_fpr50=0.029227, best_auc=0.9114, fpr50@best=0.029227
Baseline ep 10: train_auc=0.9127, val_auc=0.9168, val_fpr50=0.024038, best_auc=0.9181, fpr50@best=0.023921
Baseline ep 15: train_auc=0.9179, val_auc=0.9184, val_fpr50=0.022895, best_auc=0.9184, fpr50@best=0.022895
Baseline ep 20: train_auc=0.9224, val_auc=0.9185, val_fpr50=0.023836, best_auc=0.9205, fpr50@best=0.021548
Baseline ep 25: train_auc=0.9265, val_auc=0.9185, val_fpr50=0.024417, best_auc=0.9205, fpr50@best=0.021548
Baseline ep 30: train_auc=0.9320, val_auc=0.9177, val_fpr50=0.024246, best_auc=0.9205, fpr50@best=0.021548
Early stopping Baseline at epoch 30
Teacher test AUC=0.9505 | Baseline test AUC=0.9197

========================================================================
STEP 2: Carryover token predictor
========================================================================
CarryPredictor ep 001: train_loss=0.13206 val_auc=0.8328 r@12=0.5623 p@12=0.9423 best=0.8328@1 lr=2.000e-04
CarryPredictor ep 002: train_loss=0.12494 val_auc=0.8551 r@12=0.5651 p@12=0.9465 best=0.8551@2 lr=2.000e-04
CarryPredictor ep 004: train_loss=0.11260 val_auc=0.8907 r@12=0.5682 p@12=0.9516 best=0.8907@4 lr=2.000e-04
CarryPredictor ep 006: train_loss=0.10527 val_auc=0.9032 r@12=0.5700 p@12=0.9540 best=0.9032@6 lr=2.000e-04
CarryPredictor ep 008: train_loss=0.10144 val_auc=0.9099 r@12=0.5706 p@12=0.9548 best=0.9099@8 lr=2.000e-04
CarryPredictor ep 010: train_loss=0.09876 val_auc=0.9150 r@12=0.5710 p@12=0.9554 best=0.9150@10 lr=2.000e-04
CarryPredictor ep 012: train_loss=0.09690 val_auc=0.9165 r@12=0.5712 p@12=0.9557 best=0.9165@12 lr=2.000e-04
CarryPredictor ep 014: train_loss=0.09538 val_auc=0.9171 r@12=0.5711 p@12=0.9556 best=0.9185@13 lr=2.000e-04
CarryPredictor ep 016: train_loss=0.09423 val_auc=0.9201 r@12=0.5713 p@12=0.9558 best=0.9201@16 lr=2.000e-04
CarryPredictor ep 018: train_loss=0.09329 val_auc=0.9220 r@12=0.5715 p@12=0.9561 best=0.9220@18 lr=2.000e-04
CarryPredictor ep 020: train_loss=0.09238 val_auc=0.9226 r@12=0.5716 p@12=0.9562 best=0.9226@20 lr=2.000e-04
CarryPredictor ep 022: train_loss=0.09166 val_auc=0.9232 r@12=0.5717 p@12=0.9564 best=0.9232@22 lr=2.000e-04
CarryPredictor ep 024: train_loss=0.09111 val_auc=0.9226 r@12=0.5716 p@12=0.9563 best=0.9245@23 lr=2.000e-04

========================================================================
STEP 3: Train m28-style completer
========================================================================
Entering phase 1 (stabilize) at epoch 1
Reco ep 001 | t=01:45:06 eta=243:29:49 | phase=1:stabilize phys=0.083 tf=strict ss=0.00 mixFR=0.00@0 | train total=9.50806 ar=0.00000 set=2.58086 eos=0.14192 cnt=8.37446 ang=0.11212 jpt=1.01329 je=1.01100 j4=2.49051 crk=0.13454 cpre=3.80444 bset=2.58086 div=0.99807 fr=0.00000 | valTF total=9.64508 ar=0.00000 set=2.95005 eos=0.28517 cnt=5.99816 ang=0.11819 jpt=0.57350 je=0.56861 j4=0.70921 crk=0.04859 cpre=2.88976 bset=2.95005 div=0.99977 | valFR total=9.09298 ar=0.00000 set=2.95009 eos=13.46156 cnt=5.99816 ang=0.11819 jpt=0.57349 je=0.56860 j4=0.70918 crk=0.04874 cpre=2.88968 bset=2.95009 div=0.00000
Reco ep 002 | t=01:46:10 eta=242:58:34 | phase=1:stabilize phys=0.167 tf=strict ss=0.00 mixFR=0.00@0 | train total=11.11381 ar=0.00000 set=3.44565 eos=0.18622 cnt=6.53650 ang=0.10548 jpt=0.81270 je=0.80990 j4=2.55234 crk=0.11903 cpre=3.47623 bset=3.44565 div=0.99840 fr=0.00000 | valTF total=11.43065 ar=0.00000 set=3.64947 eos=0.14980 cnt=6.19020 ang=0.06895 jpt=0.52107 je=0.52112 j4=1.85336 crk=0.04771 cpre=2.91993 bset=3.64947 div=0.99940 | valFR total=7.83946 ar=0.00000 set=3.64866 eos=6.69589 cnt=6.19020 ang=0.06895 jpt=0.52090 je=0.52095 j4=1.85191 crk=0.04798 cpre=2.91917 bset=3.64866 div=0.00000
Reco ep 003 | t=01:46:51 eta=242:08:25 | phase=1:stabilize phys=0.250 tf=strict ss=0.00 mixFR=0.00@0 | train total=10.04860 ar=0.00000 set=3.14090 eos=0.16746 cnt=5.21234 ang=0.11436 jpt=1.25317 je=1.25178 j4=2.29506 crk=0.12649 cpre=4.17213 bset=3.14090 div=0.99924 fr=0.00000 | valTF total=11.11421 ar=0.00000 set=3.47726 eos=0.10242 cnt=5.65868 ang=0.13942 jpt=2.17998 je=2.17942 j4=0.96150 crk=0.02373 cpre=5.31778 bset=3.47726 div=0.99964 | valFR total=6.90194 ar=0.00000 set=3.47777 eos=3.71258 cnt=5.65868 ang=0.13939 jpt=2.18015 je=2.17957 j4=0.96170 crk=0.02373 cpre=5.31799 bset=3.47777 div=0.00000
Reco ep 004 | t=01:46:25 eta=240:35:29 | phase=1:stabilize phys=0.333 tf=strict ss=0.00 mixFR=0.00@0 | train total=13.48097 ar=0.00000 set=4.62674 eos=0.10809 cnt=4.43187 ang=0.08726 jpt=0.87616 je=0.87632 j4=4.14451 crk=0.10457 cpre=3.52366 bset=4.62674 div=0.99944 fr=0.00000 | valTF total=16.83912 ar=0.00000 set=6.11059 eos=0.06856 cnt=2.97352 ang=0.08066 jpt=1.13232 je=1.13253 j4=7.20360 crk=0.01142 cpre=4.02946 bset=6.11059 div=0.99986 | valFR total=8.28688 ar=0.00000 set=6.11040 eos=2.38144 cnt=2.97352 ang=0.08066 jpt=1.13231 je=1.13253 j4=7.20341 crk=0.01141 cpre=4.02930 bset=6.11040 div=0.00000
Reco ep 005 | t=01:46:51 eta=239:08:51 | phase=1:stabilize phys=0.417 tf=strict ss=0.00 mixFR=0.00@0 | train total=12.32627 ar=0.00000 set=4.20021 eos=0.11851 cnt=3.27377 ang=0.11687 jpt=1.42018 je=1.41998 j4=9.34586 crk=0.14504 cpre=4.40625 bset=4.20021 div=0.99944 fr=0.00000 | valTF total=18.20435 ar=0.00000 set=6.66027 eos=0.08079 cnt=2.42880 ang=0.07409 jpt=1.37420 je=1.37332 j4=9.72019 crk=0.05434 cpre=4.41419 bset=6.66027 div=0.99995 | valFR total=9.23409 ar=0.00000 set=6.66006 eos=3.74846 cnt=2.42880 ang=0.07408 jpt=1.37411 je=1.37324 j4=9.71904 crk=0.05508 cpre=4.41402 bset=6.66006 div=0.00000
Reco ep 006 | t=01:47:02 eta=237:39:29 | phase=1:stabilize phys=0.500 tf=strict ss=0.00 mixFR=0.00@0 | train total=12.94478 ar=0.00000 set=4.63689 eos=0.09884 cnt=2.48133 ang=0.08677 jpt=0.78352 je=0.78334 j4=3.55105 crk=0.13063 cpre=3.43142 bset=4.63689 div=0.99971 fr=0.00000 | valTF total=15.36933 ar=0.00000 set=5.42059 eos=0.19051 cnt=3.10149 ang=0.10397 jpt=1.46278 je=1.45815 j4=6.16270 crk=0.05411 cpre=5.00390 bset=5.42059 div=0.99898 | valFR total=9.50721 ar=0.00000 set=5.41502 eos=8.03777 cnt=3.10149 ang=0.10397 jpt=1.46212 je=1.45750 j4=6.15711 crk=0.05625 cpre=5.00317 bset=5.41502 div=0.00000
Reco ep 007 | t=01:47:07 eta=236:06:34 | phase=1:stabilize phys=0.583 tf=strict ss=0.00 mixFR=0.00@0 | train total=10.19906 ar=0.00000 set=3.46942 eos=0.14579 cnt=2.47843 ang=0.12343 jpt=1.59182 je=1.59077 j4=2.42141 crk=0.17940 cpre=4.49316 bset=3.46942 div=0.99950 fr=0.00000 | valTF total=9.66556 ar=0.00000 set=3.27142 eos=0.07286 cnt=2.45889 ang=0.14122 jpt=1.89291 je=1.88816 j4=0.89014 crk=0.02384 cpre=4.85470 bset=3.27142 div=0.99977 | valFR total=5.59640 ar=0.00000 set=3.27143 eos=3.13295 cnt=2.45889 ang=0.14121 jpt=1.89264 je=1.88789 j4=0.88960 crk=0.02392 cpre=4.85400 bset=3.27143 div=0.00000
Reco ep 008 | t=01:47:35 eta=234:37:50 | phase=1:stabilize phys=0.667 tf=strict ss=0.00 mixFR=0.00@0 | train total=12.11348 ar=0.00000 set=4.26798 eos=0.16429 cnt=2.18614 ang=0.10544 jpt=0.88580 je=0.88553 j4=5.92921 crk=0.16243 cpre=3.65593 bset=4.26798 div=0.99936 fr=0.00000 | valTF total=17.72941 ar=0.00000 set=6.37699 eos=0.05313 cnt=2.90078 ang=0.11591 jpt=1.23716 je=1.23481 j4=8.29647 crk=0.05057 cpre=4.37655 bset=6.37699 div=0.99996 | valFR total=8.43021 ar=0.00000 set=6.37692 eos=1.20850 cnt=2.90078 ang=0.11591 jpt=1.23709 je=1.23474 j4=8.29604 crk=0.04904 cpre=4.37647 bset=6.37692 div=0.00000
Reco ep 009 | t=01:46:48 eta=232:53:32 | phase=1:stabilize phys=0.750 tf=strict ss=0.00 mixFR=0.00@0 | train total=12.57292 ar=0.00000 set=4.46731 eos=0.08566 cnt=1.71431 ang=0.09983 jpt=0.67484 je=0.67531 j4=9.87269 crk=0.13521 cpre=3.33424 bset=4.46731 div=0.99967 fr=0.00000 | valTF total=12.32249 ar=0.00000 set=4.23340 eos=0.16160 cnt=2.36458 ang=0.11215 jpt=2.68381 je=2.68177 j4=0.94278 crk=0.02186 cpre=6.20956 bset=4.23340 div=0.99999 | valFR total=8.07543 ar=0.00000 set=4.23342 eos=7.43851 cnt=2.36458 ang=0.11215 jpt=2.68381 je=2.68177 j4=0.94278 crk=0.02154 cpre=6.20956 bset=4.23342 div=0.00000
Reco ep 010 | t=01:46:15 eta=231:01:26 | phase=1:stabilize phys=0.833 tf=strict ss=0.00 mixFR=0.00@0 | train total=12.75808 ar=0.00000 set=4.49010 eos=0.11809 cnt=1.67166 ang=0.09827 jpt=0.90811 je=0.90829 j4=10.29608 crk=0.20317 cpre=3.65643 bset=4.49010 div=0.99966 fr=0.00000 | valTF total=10.58097 ar=0.00000 set=3.58078 eos=0.04361 cnt=2.46901 ang=0.12020 jpt=2.17244 je=2.16605 j4=0.97238 crk=0.04448 cpre=5.30825 bset=3.58078 div=0.99960 | valFR total=5.53592 ar=0.00000 set=3.58112 eos=1.39614 cnt=2.46901 ang=0.12020 jpt=2.17234 je=2.16595 j4=0.97231 crk=0.04461 cpre=5.30808 bset=3.58112 div=0.00000
Reco ep 011 | t=01:47:35 eta=229:26:10 | phase=1:stabilize phys=0.917 tf=strict ss=0.00 mixFR=0.00@0 | train total=10.84092 ar=0.00000 set=3.77341 eos=0.16617 cnt=1.80686 ang=0.11699 jpt=1.14332 je=1.14394 j4=3.64259 crk=0.31388 cpre=3.95723 bset=3.77341 div=0.99949 fr=0.00000 | valTF total=9.68697 ar=0.00000 set=3.10805 eos=0.10135 cnt=4.23607 ang=0.14365 jpt=1.04574 je=1.04088 j4=1.13073 crk=0.04809 cpre=3.61560 bset=3.10805 div=0.99969 | valFR total=6.35615 ar=0.00000 set=3.10841 eos=4.80422 cnt=4.23607 ang=0.14364 jpt=1.04563 je=1.04076 j4=1.13078 crk=0.04839 cpre=3.61551 bset=3.10841 div=0.00000
Reco ep 012 | t=01:47:18 eta=227:45:47 | phase=1:stabilize phys=1.000 tf=strict ss=0.00 mixFR=0.00@0 | train total=10.82791 ar=0.00000 set=3.77262 eos=0.11762 cnt=1.75216 ang=0.10671 jpt=0.98417 je=0.98559 j4=4.75824 crk=0.18955 cpre=3.71004 bset=3.77262 div=0.99976 fr=0.00000 | valTF total=10.64537 ar=0.00000 set=3.54078 eos=0.11034 cnt=3.43879 ang=0.13913 jpt=1.22909 je=1.22689 j4=2.11514 crk=0.05208 cpre=3.87619 bset=3.54078 div=0.99996 | valFR total=5.38413 ar=0.00000 set=3.54074 eos=0.54317 cnt=3.43879 ang=0.13913 jpt=1.22915 je=1.22695 j4=2.11536 crk=0.05268 cpre=3.87628 bset=3.54074 div=0.00000
Reco ep 013 | t=01:47:10 eta=226:03:04 | phase=1:stabilize phys=1.000 tf=strict ss=0.00 mixFR=0.00@0 | train total=10.49094 ar=0.00000 set=3.70048 eos=0.12524 cnt=1.53120 ang=0.11804 jpt=1.25921 je=1.25919 j4=1.61506 crk=0.16412 cpre=4.06352 bset=3.70048 div=0.99981 fr=0.00000 | valTF total=10.97527 ar=0.00000 set=3.82550 eos=0.04896 cnt=1.51186 ang=0.14725 jpt=2.17571 je=2.17166 j4=1.07110 crk=0.02375 cpre=5.45078 bset=3.82550 div=0.99986 | valFR total=5.73258 ar=0.00000 set=3.82563 eos=1.96689 cnt=1.51186 ang=0.14725 jpt=2.17572 je=2.17167 j4=1.07116 crk=0.02386 cpre=5.45096 bset=3.82563 div=0.00000
Reco ep 014 | t=01:47:53 eta=224:26:05 | phase=1:stabilize phys=1.000 tf=strict ss=0.00 mixFR=0.00@0 | train total=10.72403 ar=0.00000 set=3.82847 eos=0.10083 cnt=1.37826 ang=0.11344 jpt=1.09666 je=1.09702 j4=1.82231 crk=0.14037 cpre=3.85373 bset=3.82847 div=0.99974 fr=0.00000 | valTF total=16.40070 ar=0.00000 set=5.83414 eos=0.09987 cnt=2.19975 ang=0.11035 jpt=1.74999 je=1.74987 j4=6.75437 crk=0.05571 cpre=4.89381 bset=5.83414 div=0.99989 | valFR total=8.70787 ar=0.00000 set=5.83427 eos=3.89379 cnt=2.19975 ang=0.11035 jpt=1.75002 je=1.74990 j4=6.75477 crk=0.05601 cpre=4.89396 bset=5.83427 div=0.00000
Reco ep 015 | t=01:46:38 eta=222:37:13 | phase=1:stabilize phys=1.000 tf=strict ss=0.00 mixFR=0.00@0 | train total=10.85148 ar=0.00000 set=3.83978 eos=0.09487 cnt=1.31147 ang=0.11084 jpt=1.06570 je=1.06641 j4=4.32728 crk=0.17074 cpre=3.80310 bset=3.83978 div=0.99958 fr=0.00000 | valTF total=20.08813 ar=0.00000 set=7.31065 eos=0.04593 cnt=1.42697 ang=0.10199 jpt=1.67618 je=1.67557 j4=11.59710 crk=0.04250 cpre=5.02289 bset=7.31065 div=0.99965 | valFR total=9.58498 ar=0.00000 set=7.31046 eos=1.85574 cnt=1.42697 ang=0.10199 jpt=1.67628 je=1.67568 j4=11.59697 crk=0.04265 cpre=5.02312 bset=7.31046 div=0.00000
Phase transition 1->2: rewound to phase-best epoch 12 (valFR=5.384126)
Phase 2 optimizer reset: lr 1.500e-04 -> 1.200e-04
Reco ep 016 | t=01:40:03 eta=219:57:41 | phase=2:transition phys=1.000 tf=strict ss=0.00 mixFR=0.00@2 | train total=10.98132 ar=0.00000 set=3.94107 eos=0.12150 cnt=1.36383 ang=0.10265 jpt=0.88259 je=0.88295 j4=2.45447 crk=0.17494 cpre=3.48209 bset=3.94107 div=0.99962 fr=0.00000 | valTF total=15.46606 ar=0.00000 set=5.51933 eos=0.05887 cnt=2.47700 ang=0.10846 jpt=1.01122 je=1.01030 j4=6.25812 crk=0.02612 cpre=3.88846 bset=5.51933 div=0.99942 | valFR total=7.84192 ar=0.00000 set=5.51898 eos=2.50977 cnt=2.47700 ang=0.10847 jpt=1.01109 je=1.01018 j4=6.25707 crk=0.02595 cpre=3.88842 bset=5.51898 div=0.00000
