============================================================
Model-6 variant: StageA teacher loss on concat(HLT+reco) vs concat(HLT+offline)
Then concat(HLT+reco) single-view joint finetune
Run: checkpoints/reco_teacher_joint_fusion_6model_150k75k150k/model6_concat_hltreco_stagea_concatjoint/model6_concat_hltreco_stagea_concatjoint_150k75k150k_seed0
Split: train=150000, val=75000, test=150000
============================================================
 python train_m6_concatteacher_hltreco_stagea_then_concatjoint.py --save_dir checkpoints/reco_teacher_joint_fusion_6model_150k75k150k/model6_concat_hltreco_stagea_concatjoint --run_name model6_concat_hltreco_stagea_concatjoint_150k75k150k_seed0 --n_train_jets 375000 --n_train_split 150000 --n_val_split 75000 --n_test_split 150000 --offset_jets 0 --max_constits 100 --max_concat_constits 200 --num_workers 6 --batch_size 512 --seed 0 --stageA_epochs 115 --stageA_patience 18 --stageA_kd_temp 2.5 --stageA_lambda_kd 1.0 --stageA_lambda_emb 1.2 --stageA_lambda_tok 0.6 --stageA_lambda_phys 0.2 --stageA_lambda_budget_hinge 0.03 --stageA_budget_eps 0.015 --stageA_budget_weight_floor 1e-4 --stageA_target_tpr 0.50 --stageA_lambda_delta 0.00 --stageA_delta_tau 0.05 --stageA_delta_lambda_fp 3.0 --stageA_loss_norm_ema_decay 0.98 --stageA_loss_norm_eps 1e-6 --added_target_scale 0.90 --reco_weight_threshold 0.03 --reco_eval_batch_size 256 --report_target_tpr 0.50 --combo_weight_step 0.01 --joint_select_metric auc --stageC_epochs 65 --stageC_patience 14 --stageC_min_epochs 25 --stageC_lr_model 2e-4 --stageC_lr_reco 1e-4 --stageC_weight_decay 1e-4 --stageC_warmup_epochs 3 --stageC_lambda_reco 0.4 --stageC_lambda_rank 0.0 --stageC_lambda_cons 0.06 --save_fusion_scores --device cuda
Device: cuda
Save dir: checkpoints/reco_teacher_joint_fusion_6model_150k75k150k/model6_concat_hltreco_stagea_concatjoint/model6_concat_hltreco_stagea_concatjoint_150k75k150k_seed0
Loading offline constituents...
Generating pseudo-HLT...
Non-priv rho split setup: rho=0.900, mean_true_added_raw=25.116, mean_target_merge=22.604, mean_target_eff=2.512
Computing features...
Split sizes: Train=150000, Val=75000, Test=150000 (custom_counts=True)

======================================================================
STEP 1: HLT BASELINE + CONCAT TEACHER
======================================================================
Baseline-HLT ep 5: train_auc=0.9099, val_auc=0.9165, val_fpr50=0.023651, best_auc=0.9165, fpr50@best=0.023651
Baseline-HLT ep 10: train_auc=0.9181, val_auc=0.9202, val_fpr50=0.020420, best_auc=0.9202, fpr50@best=0.020420
Baseline-HLT ep 15: train_auc=0.9223, val_auc=0.9213, val_fpr50=0.019709, best_auc=0.9213, fpr50@best=0.019709
Baseline-HLT ep 20: train_auc=0.9257, val_auc=0.9205, val_fpr50=0.021832, best_auc=0.9232, fpr50@best=0.019650
Baseline-HLT ep 25: train_auc=0.9296, val_auc=0.9197, val_fpr50=0.020986, best_auc=0.9232, fpr50@best=0.020139
Baseline-HLT ep 30: train_auc=0.9348, val_auc=0.9208, val_fpr50=0.021230, best_auc=0.9232, fpr50@best=0.020139
Baseline-HLT ep 35: train_auc=0.9401, val_auc=0.9169, val_fpr50=0.022684, best_auc=0.9232, fpr50@best=0.020139
Early stopping Baseline-HLT at epoch 37
ConcatTeacher ep 5: train_auc=0.9408, val_auc=0.9460, val_fpr50=0.014242, best_auc=0.9460, fpr50@best=0.014242
ConcatTeacher ep 10: train_auc=0.9486, val_auc=0.9288, val_fpr50=0.023421, best_auc=0.9486, fpr50@best=0.012019
ConcatTeacher ep 15: train_auc=0.9526, val_auc=0.9506, val_fpr50=0.011458, best_auc=0.9506, fpr50@best=0.011458
ConcatTeacher ep 20: train_auc=0.9562, val_auc=0.9510, val_fpr50=0.011960, best_auc=0.9510, fpr50@best=0.011960
ConcatTeacher ep 25: train_auc=0.9594, val_auc=0.9509, val_fpr50=0.010731, best_auc=0.9510, fpr50@best=0.011215
ConcatTeacher ep 30: train_auc=0.9643, val_auc=0.9465, val_fpr50=0.015037, best_auc=0.9512, fpr50@best=0.010938
ConcatTeacher ep 35: train_auc=0.9694, val_auc=0.9437, val_fpr50=0.015026, best_auc=0.9512, fpr50@best=0.010938
ConcatTeacher ep 40: train_auc=0.9748, val_auc=0.9399, val_fpr50=0.016630, best_auc=0.9512, fpr50@best=0.010938
Early stopping ConcatTeacher at epoch 41
StageA delta HLT reference @TPR=0.50: threshold_prob=0.886276, val_tpr=0.500013, val_fpr=0.020140

======================================================================
STEP 2: STAGE A (CONCAT-TEACHER-GUIDED RECONSTRUCTOR PRETRAIN)
======================================================================
----------------------------------------------------------------------
Stage-A curriculum: phase_035 | epochs [1,20] | stage_scale=0.35
----------------------------------------------------------------------
Ep 5 [phase_035]: train_total=3.0296, val_total=5.4245, train_teacher_auc=0.9138, val_teacher_auc=0.8548, val_teacher_fpr50=0.053598, best_global_auc=0.8548 | kd=3.7496, emb=0.0608, tok=2.4356, phys=0.2464, budget_hinge=32895.9437, delta=0.0000, delta_gain=0.0000, delta_cost=0.0000, stage_scale=0.35
Ep 10 [phase_035]: train_total=3.0282, val_total=5.7076, train_teacher_auc=0.9198, val_teacher_auc=0.8588, val_teacher_fpr50=0.049816, best_global_auc=0.8588 | kd=3.7752, emb=0.0561, tok=2.5443, phys=0.2501, budget_hinge=35971.5635, delta=0.0000, delta_gain=0.0000, delta_cost=0.0000, stage_scale=0.35
Ep 15 [phase_035]: train_total=3.0302, val_total=6.1211, train_teacher_auc=0.9218, val_teacher_auc=0.8520, val_teacher_fpr50=0.049461, best_global_auc=0.8588 | kd=3.8351, emb=0.0605, tok=2.5571, phys=0.2439, budget_hinge=35400.6176, delta=0.0000, delta_gain=0.0000, delta_cost=0.0000, stage_scale=0.35
Ep 20 [phase_035]: train_total=3.0296, val_total=6.3100, train_teacher_auc=0.9235, val_teacher_auc=0.8526, val_teacher_fpr50=0.048484, best_global_auc=0.8689 | kd=3.8046, emb=0.0603, tok=2.5604, phys=0.2438, budget_hinge=35706.8105, delta=0.0000, delta_gain=0.0000, delta_cost=0.0000, stage_scale=0.35
Reloaded best checkpoint for phase_035 (epoch=19, val_auc=0.8689)
----------------------------------------------------------------------
Stage-A curriculum: phase_070 | epochs [21,55] | stage_scale=0.70
----------------------------------------------------------------------
Ep 25 [phase_070]: train_total=3.0299, val_total=3.2892, train_teacher_auc=0.9242, val_teacher_auc=0.9124, val_teacher_fpr50=0.025907, best_global_auc=0.9126 | kd=3.2516, emb=0.0204, tok=2.3488, phys=0.2336, budget_hinge=34803.8082, delta=0.0000, delta_gain=0.0000, delta_cost=0.0000, stage_scale=0.70
Ep 30 [phase_070]: train_total=3.0311, val_total=3.3089, train_teacher_auc=0.9252, val_teacher_auc=0.9116, val_teacher_fpr50=0.026649, best_global_auc=0.9130 | kd=3.2592, emb=0.0205, tok=2.3644, phys=0.2338, budget_hinge=34807.5424, delta=0.0000, delta_gain=0.0000, delta_cost=0.0000, stage_scale=0.70
Ep 35 [phase_070]: train_total=3.0280, val_total=3.3054, train_teacher_auc=0.9264, val_teacher_auc=0.9124, val_teacher_fpr50=0.025801, best_global_auc=0.9131 | kd=3.2571, emb=0.0194, tok=2.3482, phys=0.2329, budget_hinge=34371.1027, delta=0.0000, delta_gain=0.0000, delta_cost=0.0000, stage_scale=0.70
Ep 40 [phase_070]: train_total=3.0314, val_total=3.4154, train_teacher_auc=0.9275, val_teacher_auc=0.9112, val_teacher_fpr50=0.026697, best_global_auc=0.9139 | kd=3.2649, emb=0.0206, tok=2.3568, phys=0.2291, budget_hinge=34506.2659, delta=0.0000, delta_gain=0.0000, delta_cost=0.0000, stage_scale=0.70
Ep 45 [phase_070]: train_total=3.0288, val_total=3.4186, train_teacher_auc=0.9285, val_teacher_auc=0.9127, val_teacher_fpr50=0.026540, best_global_auc=0.9143 | kd=3.2541, emb=0.0196, tok=2.3455, phys=0.2279, budget_hinge=34583.5270, delta=0.0000, delta_gain=0.0000, delta_cost=0.0000, stage_scale=0.70
Ep 50 [phase_070]: train_total=3.0301, val_total=3.4883, train_teacher_auc=0.9300, val_teacher_auc=0.9115, val_teacher_fpr50=0.025689, best_global_auc=0.9143 | kd=3.2647, emb=0.0205, tok=2.3507, phys=0.2288, budget_hinge=34741.6707, delta=0.0000, delta_gain=0.0000, delta_cost=0.0000, stage_scale=0.70
Ep 55 [phase_070]: train_total=3.0278, val_total=3.4912, train_teacher_auc=0.9313, val_teacher_auc=0.9146, val_teacher_fpr50=0.023786, best_global_auc=0.9146 | kd=3.2456, emb=0.0190, tok=2.3514, phys=0.2299, budget_hinge=34696.9926, delta=0.0000, delta_gain=0.0000, delta_cost=0.0000, stage_scale=0.70
Reloaded best checkpoint for phase_070 (epoch=55, val_auc=0.9146)
----------------------------------------------------------------------
Stage-A curriculum: phase_100 | epochs [56,115] | stage_scale=1.00
----------------------------------------------------------------------
Ep 60 [phase_100]: train_total=3.0307, val_total=3.0943, train_teacher_auc=0.9325, val_teacher_auc=0.9195, val_teacher_fpr50=0.021858, best_global_auc=0.9199 | kd=3.1965, emb=0.0151, tok=2.3069, phys=0.2245, budget_hinge=33861.1557, delta=0.0000, delta_gain=0.0000, delta_cost=0.0000, stage_scale=1.00
Ep 65 [phase_100]: train_total=3.0295, val_total=3.1744, train_teacher_auc=0.9340, val_teacher_auc=0.9200, val_teacher_fpr50=0.021388, best_global_auc=0.9200 | kd=3.2004, emb=0.0149, tok=2.3010, phys=0.2250, budget_hinge=33935.6688, delta=0.0000, delta_gain=0.0000, delta_cost=0.0000, stage_scale=1.00
Ep 70 [phase_100]: train_total=3.0276, val_total=3.2293, train_teacher_auc=0.9355, val_teacher_auc=0.9196, val_teacher_fpr50=0.022313, best_global_auc=0.9201 | kd=3.1985, emb=0.0149, tok=2.3035, phys=0.2236, budget_hinge=34088.2303, delta=0.0000, delta_gain=0.0000, delta_cost=0.0000, stage_scale=1.00
Ep 75 [phase_100]: train_total=3.0287, val_total=3.2423, train_teacher_auc=0.9371, val_teacher_auc=0.9202, val_teacher_fpr50=0.021559, best_global_auc=0.9202 | kd=3.1973, emb=0.0148, tok=2.3089, phys=0.2234, budget_hinge=33973.2937, delta=0.0000, delta_gain=0.0000, delta_cost=0.0000, stage_scale=1.00
Ep 80 [phase_100]: train_total=3.0299, val_total=3.2745, train_teacher_auc=0.9386, val_teacher_auc=0.9199, val_teacher_fpr50=0.022477, best_global_auc=0.9205 | kd=3.1960, emb=0.0148, tok=2.3102, phys=0.2242, budget_hinge=34097.6436, delta=0.0000, delta_gain=0.0000, delta_cost=0.0000, stage_scale=1.00
Ep 85 [phase_100]: train_total=3.0294, val_total=3.2837, train_teacher_auc=0.9398, val_teacher_auc=0.9199, val_teacher_fpr50=0.022130, best_global_auc=0.9205 | kd=3.1970, emb=0.0147, tok=2.3089, phys=0.2231, budget_hinge=33946.2670, delta=0.0000, delta_gain=0.0000, delta_cost=0.0000, stage_scale=1.00
Ep 90 [phase_100]: train_total=3.0303, val_total=3.3493, train_teacher_auc=0.9411, val_teacher_auc=0.9198, val_teacher_fpr50=0.021880, best_global_auc=0.9205 | kd=3.1975, emb=0.0147, tok=2.3076, phys=0.2233, budget_hinge=33939.0523, delta=0.0000, delta_gain=0.0000, delta_cost=0.0000, stage_scale=1.00
Ep 95 [phase_100]: train_total=3.0282, val_total=3.4096, train_teacher_auc=0.9420, val_teacher_auc=0.9197, val_teacher_fpr50=0.022090, best_global_auc=0.9205 | kd=3.1983, emb=0.0147, tok=2.3084, phys=0.2234, budget_hinge=33938.4043, delta=0.0000, delta_gain=0.0000, delta_cost=0.0000, stage_scale=1.00
Early stop within phase_100 at epoch 96 (no_improve=18)
Reloaded best checkpoint for phase_100 (epoch=78, val_auc=0.9205)

======================================================================
STEP 3: CONCAT-TEACHER ON CONCAT(HLT + RECO) VIEW
======================================================================

======================================================================
STEP 4: CONCAT(HLT + RECO) TAGGER (FROZEN STAGE-A RECO)
======================================================================
ConcatHLTReco-PostStageA ep 5: train_auc=0.9172, val_auc=0.9115, val_fpr50=0.025790, best_auc=0.9115, fpr50@best=0.025790
ConcatHLTReco-PostStageA ep 10: train_auc=0.9266, val_auc=0.9170, val_fpr50=0.022762, best_auc=0.9170, fpr50@best=0.022762
ConcatHLTReco-PostStageA ep 15: train_auc=0.9306, val_auc=0.9190, val_fpr50=0.022867, best_auc=0.9190, fpr50@best=0.022867
ConcatHLTReco-PostStageA ep 20: train_auc=0.9340, val_auc=0.9173, val_fpr50=0.023248, best_auc=0.9191, fpr50@best=0.022441
ConcatHLTReco-PostStageA ep 25: train_auc=0.9383, val_auc=0.9183, val_fpr50=0.022094, best_auc=0.9191, fpr50@best=0.022441
ConcatHLTReco-PostStageA ep 30: train_auc=0.9432, val_auc=0.9152, val_fpr50=0.023025, best_auc=0.9191, fpr50@best=0.022441
Early stopping ConcatHLTReco-PostStageA at epoch 32

======================================================================
STEP 5: CONCAT(HLT + RECO) JOINT FINETUNE (PRE->POST)
======================================================================
StageC-ConcatHLTRecoJoint ep 1: train_loss=81.8151 (cls=0.3730, rank=0.3053, reco=203.5538, cons=0.3427) | val_auc=0.9144, val_fpr50=0.025034, select=auc, best_sel=0.914400
StageC-ConcatHLTRecoJoint ep 2: train_loss=33.6966 (cls=0.3640, rank=0.3013, reco=83.2919, cons=0.2628) | val_auc=0.9177, val_fpr50=0.023791, select=auc, best_sel=0.917668
StageC-ConcatHLTRecoJoint ep 3: train_loss=21.4931 (cls=0.3646, rank=0.3023, reco=52.7887, cons=0.2161) | val_auc=0.9174, val_fpr50=0.023135, select=auc, best_sel=0.917668
StageC-ConcatHLTRecoJoint ep 4: train_loss=10.2708 (cls=0.3592, rank=0.3031, reco=24.7540, cons=0.1666) | val_auc=0.9200, val_fpr50=0.021507, select=auc, best_sel=0.920033
StageC-ConcatHLTRecoJoint ep 5: train_loss=10.0546 (cls=0.3555, rank=0.3018, reco=24.2228, cons=0.1667) | val_auc=0.9210, val_fpr50=0.021364, select=auc, best_sel=0.921004
StageC-ConcatHLTRecoJoint ep 6: train_loss=9.9525 (cls=0.3529, rank=0.3017, reco=23.9739, cons=0.1669) | val_auc=0.9224, val_fpr50=0.020061, select=auc, best_sel=0.922374
StageC-ConcatHLTRecoJoint ep 7: train_loss=9.8959 (cls=0.3510, rank=0.3017, reco=23.8373, cons=0.1670) | val_auc=0.9223, val_fpr50=0.020480, select=auc, best_sel=0.922374
StageC-ConcatHLTRecoJoint ep 8: train_loss=9.8508 (cls=0.3493, rank=0.3018, reco=23.7287, cons=0.1672) | val_auc=0.9223, val_fpr50=0.020919, select=auc, best_sel=0.922374
StageC-ConcatHLTRecoJoint ep 9: train_loss=9.8110 (cls=0.3482, rank=0.3017, reco=23.6320, cons=0.1666) | val_auc=0.9187, val_fpr50=0.022288, select=auc, best_sel=0.922374
StageC-ConcatHLTRecoJoint ep 10: train_loss=9.7578 (cls=0.3463, rank=0.3016, reco=23.5038, cons=0.1670) | val_auc=0.9195, val_fpr50=0.021683, select=auc, best_sel=0.922374
StageC-ConcatHLTRecoJoint ep 11: train_loss=9.2171 (cls=0.3444, rank=0.3012, reco=22.1567, cons=0.1671) | val_auc=0.9227, val_fpr50=0.020019, select=auc, best_sel=0.922672
StageC-ConcatHLTRecoJoint ep 12: train_loss=9.1690 (cls=0.3432, rank=0.3020, reco=22.0394, cons=0.1671) | val_auc=0.9223, val_fpr50=0.020696, select=auc, best_sel=0.922672
StageC-ConcatHLTRecoJoint ep 13: train_loss=9.1298 (cls=0.3410, rank=0.3021, reco=21.9469, cons=0.1671) | val_auc=0.9209, val_fpr50=0.021426, select=auc, best_sel=0.922672
StageC-ConcatHLTRecoJoint ep 14: train_loss=9.1137 (cls=0.3397, rank=0.3022, reco=21.9101, cons=0.1668) | val_auc=0.9213, val_fpr50=0.021377, select=auc, best_sel=0.922672
StageC-ConcatHLTRecoJoint ep 15: train_loss=9.0969 (cls=0.3386, rank=0.3019, reco=21.8705, cons=0.1673) | val_auc=0.9223, val_fpr50=0.020614, select=auc, best_sel=0.922672
StageC-ConcatHLTRecoJoint ep 16: train_loss=9.0648 (cls=0.3378, rank=0.3019, reco=21.7923, cons=0.1669) | val_auc=0.9222, val_fpr50=0.020651, select=auc, best_sel=0.922672
StageC-ConcatHLTRecoJoint ep 17: train_loss=9.0321 (cls=0.3344, rank=0.3030, reco=21.7192, cons=0.1672) | val_auc=0.9227, val_fpr50=0.020016, select=auc, best_sel=0.922705
StageC-ConcatHLTRecoJoint ep 18: train_loss=8.9926 (cls=0.3333, rank=0.3026, reco=21.6231, cons=0.1671) | val_auc=0.9226, val_fpr50=0.020208, select=auc, best_sel=0.922705
StageC-ConcatHLTRecoJoint ep 19: train_loss=8.9567 (cls=0.3328, rank=0.3026, reco=21.5345, cons=0.1672) | val_auc=0.9187, val_fpr50=0.022100, select=auc, best_sel=0.922705
StageC-ConcatHLTRecoJoint ep 20: train_loss=8.9309 (cls=0.3297, rank=0.3028, reco=21.4778, cons=0.1672) | val_auc=0.9227, val_fpr50=0.020104, select=auc, best_sel=0.922705
StageC-ConcatHLTRecoJoint ep 21: train_loss=8.9086 (cls=0.3284, rank=0.3024, reco=21.4253, cons=0.1673) | val_auc=0.9214, val_fpr50=0.020590, select=auc, best_sel=0.922705
StageC-ConcatHLTRecoJoint ep 22: train_loss=8.8683 (cls=0.3272, rank=0.3044, reco=21.3277, cons=0.1673) | val_auc=0.9173, val_fpr50=0.023481, select=auc, best_sel=0.922705
StageC-ConcatHLTRecoJoint ep 23: train_loss=8.8346 (cls=0.3260, rank=0.3030, reco=21.2464, cons=0.1673) | val_auc=0.9202, val_fpr50=0.021348, select=auc, best_sel=0.922705
