============================================================
Model-6 variant: StageA teacher loss on concat(HLT+reco) vs concat(HLT+offline)
Then concat(HLT+reco) single-view joint finetune
Run: checkpoints/reco_teacher_joint_fusion_6model_150k75k150k/model6_concat_hltreco_stagea_concatjoint_fullscaleonly/model6_concat_hltreco_stagea_concatjoint_fullscaleonly_150k75k150k_seed0
Split: train=150000, val=75000, test=150000
StageA curriculum override: skip phase_035 + phase_070, run phase_100 only
============================================================
 python train_m6_concatteacher_hltreco_stagea_then_concatjoint.py --save_dir checkpoints/reco_teacher_joint_fusion_6model_150k75k150k/model6_concat_hltreco_stagea_concatjoint_fullscaleonly --run_name model6_concat_hltreco_stagea_concatjoint_fullscaleonly_150k75k150k_seed0 --n_train_jets 375000 --n_train_split 150000 --n_val_split 75000 --n_test_split 150000 --offset_jets 0 --max_constits 100 --max_concat_constits 200 --num_workers 6 --batch_size 512 --seed 0 --stageA_epochs 115 --stageA_patience 18 --stageA_phase035_epochs 0 --stageA_phase070_epochs 0 --stageA_kd_temp 2.5 --stageA_lambda_kd 1.0 --stageA_lambda_emb 1.2 --stageA_lambda_tok 0.6 --stageA_lambda_phys 0.2 --stageA_lambda_budget_hinge 0.03 --stageA_budget_eps 0.015 --stageA_budget_weight_floor 1e-4 --stageA_target_tpr 0.50 --stageA_lambda_delta 0.00 --stageA_delta_tau 0.05 --stageA_delta_lambda_fp 3.0 --stageA_loss_norm_ema_decay 0.98 --stageA_loss_norm_eps 1e-6 --added_target_scale 0.90 --reco_weight_threshold 0.03 --reco_eval_batch_size 256 --report_target_tpr 0.50 --combo_weight_step 0.01 --joint_select_metric auc --stageC_epochs 65 --stageC_patience 14 --stageC_min_epochs 25 --stageC_lr_model 2e-4 --stageC_lr_reco 1e-4 --stageC_weight_decay 1e-4 --stageC_warmup_epochs 3 --stageC_lambda_reco 0.4 --stageC_lambda_rank 0.0 --stageC_lambda_cons 0.06 --save_fusion_scores --device cuda
Device: cuda
Save dir: checkpoints/reco_teacher_joint_fusion_6model_150k75k150k/model6_concat_hltreco_stagea_concatjoint_fullscaleonly/model6_concat_hltreco_stagea_concatjoint_fullscaleonly_150k75k150k_seed0
Loading offline constituents...
Generating pseudo-HLT...
Non-priv rho split setup: rho=0.900, mean_true_added_raw=25.116, mean_target_merge=22.604, mean_target_eff=2.512
Computing features...
Split sizes: Train=150000, Val=75000, Test=150000 (custom_counts=True)

======================================================================
STEP 1: HLT BASELINE + CONCAT TEACHER
======================================================================
Baseline-HLT ep 5: train_auc=0.9105, val_auc=0.9174, val_fpr50=0.023473, best_auc=0.9174, fpr50@best=0.023473
Baseline-HLT ep 10: train_auc=0.9175, val_auc=0.9200, val_fpr50=0.020812, best_auc=0.9200, fpr50@best=0.020812
Baseline-HLT ep 15: train_auc=0.9221, val_auc=0.9202, val_fpr50=0.020334, best_auc=0.9211, fpr50@best=0.020779
Baseline-HLT ep 20: train_auc=0.9258, val_auc=0.9215, val_fpr50=0.020032, best_auc=0.9233, fpr50@best=0.019835
Baseline-HLT ep 25: train_auc=0.9291, val_auc=0.9215, val_fpr50=0.020152, best_auc=0.9233, fpr50@best=0.019835
Baseline-HLT ep 30: train_auc=0.9341, val_auc=0.9214, val_fpr50=0.020494, best_auc=0.9233, fpr50@best=0.019835
Early stopping Baseline-HLT at epoch 31
ConcatTeacher ep 5: train_auc=0.9410, val_auc=0.9460, val_fpr50=0.014369, best_auc=0.9460, fpr50@best=0.014369
ConcatTeacher ep 10: train_auc=0.9487, val_auc=0.9490, val_fpr50=0.012037, best_auc=0.9490, fpr50@best=0.012037
ConcatTeacher ep 15: train_auc=0.9527, val_auc=0.9488, val_fpr50=0.012269, best_auc=0.9512, fpr50@best=0.010451
ConcatTeacher ep 20: train_auc=0.9565, val_auc=0.9518, val_fpr50=0.011029, best_auc=0.9518, fpr50@best=0.011029
ConcatTeacher ep 25: train_auc=0.9603, val_auc=0.9493, val_fpr50=0.012970, best_auc=0.9518, fpr50@best=0.011029
ConcatTeacher ep 30: train_auc=0.9651, val_auc=0.9483, val_fpr50=0.012914, best_auc=0.9518, fpr50@best=0.011029
ConcatTeacher ep 35: train_auc=0.9706, val_auc=0.9421, val_fpr50=0.014106, best_auc=0.9518, fpr50@best=0.011029
Early stopping ConcatTeacher at epoch 35
StageA delta HLT reference @TPR=0.50: threshold_prob=0.907940, val_tpr=0.500147, val_fpr=0.019847

======================================================================
STEP 2: STAGE A (CONCAT-TEACHER-GUIDED RECONSTRUCTOR PRETRAIN)
======================================================================
----------------------------------------------------------------------
Stage-A curriculum: phase_100 | epochs [1,115] | stage_scale=1.00
----------------------------------------------------------------------
Ep 5 [phase_100]: train_total=3.0275, val_total=3.0315, train_teacher_auc=0.9127, val_teacher_auc=0.9104, val_teacher_fpr50=0.027053, best_global_auc=0.9104 | kd=3.3011, emb=0.0193, tok=2.0906, phys=0.2474, budget_hinge=33285.8142, delta=0.0000, delta_gain=0.0000, delta_cost=0.0000, stage_scale=1.00
Ep 10 [phase_100]: train_total=3.0300, val_total=2.9603, train_teacher_auc=0.9179, val_teacher_auc=0.9148, val_teacher_fpr50=0.024595, best_global_auc=0.9156 | kd=3.2742, emb=0.0171, tok=2.0891, phys=0.2437, budget_hinge=33677.9500, delta=0.0000, delta_gain=0.0000, delta_cost=0.0000, stage_scale=1.00
Ep 15 [phase_100]: train_total=3.0290, val_total=3.0057, train_teacher_auc=0.9203, val_teacher_auc=0.9157, val_teacher_fpr50=0.023231, best_global_auc=0.9157 | kd=3.2679, emb=0.0163, tok=2.0861, phys=0.2373, budget_hinge=33419.0035, delta=0.0000, delta_gain=0.0000, delta_cost=0.0000, stage_scale=1.00
Ep 20 [phase_100]: train_total=3.0295, val_total=3.0130, train_teacher_auc=0.9217, val_teacher_auc=0.9162, val_teacher_fpr50=0.023668, best_global_auc=0.9162 | kd=3.2653, emb=0.0159, tok=2.0891, phys=0.2455, budget_hinge=34464.2541, delta=0.0000, delta_gain=0.0000, delta_cost=0.0000, stage_scale=1.00
Ep 25 [phase_100]: train_total=3.0294, val_total=3.0110, train_teacher_auc=0.9227, val_teacher_auc=0.9173, val_teacher_fpr50=0.022540, best_global_auc=0.9176 | kd=3.2591, emb=0.0155, tok=2.0861, phys=0.2370, budget_hinge=33963.8575, delta=0.0000, delta_gain=0.0000, delta_cost=0.0000, stage_scale=1.00
Ep 30 [phase_100]: train_total=3.0284, val_total=3.0839, train_teacher_auc=0.9240, val_teacher_auc=0.9174, val_teacher_fpr50=0.022154, best_global_auc=0.9177 | kd=3.2611, emb=0.0154, tok=2.0857, phys=0.2362, budget_hinge=34242.7960, delta=0.0000, delta_gain=0.0000, delta_cost=0.0000, stage_scale=1.00
Ep 35 [phase_100]: train_total=3.0275, val_total=3.0586, train_teacher_auc=0.9251, val_teacher_auc=0.9180, val_teacher_fpr50=0.021911, best_global_auc=0.9190 | kd=3.2575, emb=0.0151, tok=2.0896, phys=0.2348, budget_hinge=33981.2370, delta=0.0000, delta_gain=0.0000, delta_cost=0.0000, stage_scale=1.00
Ep 40 [phase_100]: train_total=3.0301, val_total=3.0879, train_teacher_auc=0.9264, val_teacher_auc=0.9182, val_teacher_fpr50=0.021634, best_global_auc=0.9191 | kd=3.2572, emb=0.0149, tok=2.0854, phys=0.2332, budget_hinge=33792.7038, delta=0.0000, delta_gain=0.0000, delta_cost=0.0000, stage_scale=1.00
Ep 45 [phase_100]: train_total=3.0289, val_total=3.0869, train_teacher_auc=0.9272, val_teacher_auc=0.9181, val_teacher_fpr50=0.021465, best_global_auc=0.9191 | kd=3.2573, emb=0.0149, tok=2.0874, phys=0.2308, budget_hinge=33821.8616, delta=0.0000, delta_gain=0.0000, delta_cost=0.0000, stage_scale=1.00
Ep 50 [phase_100]: train_total=3.0294, val_total=3.1690, train_teacher_auc=0.9290, val_teacher_auc=0.9186, val_teacher_fpr50=0.021665, best_global_auc=0.9193 | kd=3.2552, emb=0.0149, tok=2.0869, phys=0.2316, budget_hinge=33770.6268, delta=0.0000, delta_gain=0.0000, delta_cost=0.0000, stage_scale=1.00
Ep 55 [phase_100]: train_total=3.0290, val_total=3.1998, train_teacher_auc=0.9307, val_teacher_auc=0.9188, val_teacher_fpr50=0.021404, best_global_auc=0.9193 | kd=3.2569, emb=0.0147, tok=2.0867, phys=0.2302, budget_hinge=33700.8611, delta=0.0000, delta_gain=0.0000, delta_cost=0.0000, stage_scale=1.00
Ep 60 [phase_100]: train_total=3.0302, val_total=3.2142, train_teacher_auc=0.9325, val_teacher_auc=0.9185, val_teacher_fpr50=0.021982, best_global_auc=0.9193 | kd=3.2555, emb=0.0146, tok=2.0867, phys=0.2300, budget_hinge=33828.0084, delta=0.0000, delta_gain=0.0000, delta_cost=0.0000, stage_scale=1.00
Ep 65 [phase_100]: train_total=3.0292, val_total=3.2753, train_teacher_auc=0.9345, val_teacher_auc=0.9190, val_teacher_fpr50=0.020972, best_global_auc=0.9193 | kd=3.2543, emb=0.0146, tok=2.0849, phys=0.2292, budget_hinge=33829.9658, delta=0.0000, delta_gain=0.0000, delta_cost=0.0000, stage_scale=1.00
Early stop within phase_100 at epoch 66 (no_improve=18)
Reloaded best checkpoint for phase_100 (epoch=48, val_auc=0.9193)

======================================================================
STEP 3: CONCAT-TEACHER ON CONCAT(HLT + RECO) VIEW
======================================================================

======================================================================
STEP 4: CONCAT(HLT + RECO) TAGGER (FROZEN STAGE-A RECO)
======================================================================
ConcatHLTReco-PostStageA ep 5: train_auc=0.9147, val_auc=0.9100, val_fpr50=0.028592, best_auc=0.9100, fpr50@best=0.028592
ConcatHLTReco-PostStageA ep 10: train_auc=0.9226, val_auc=0.9102, val_fpr50=0.031313, best_auc=0.9152, fpr50@best=0.025626
ConcatHLTReco-PostStageA ep 15: train_auc=0.9267, val_auc=0.9179, val_fpr50=0.023561, best_auc=0.9179, fpr50@best=0.023561
ConcatHLTReco-PostStageA ep 20: train_auc=0.9299, val_auc=0.9187, val_fpr50=0.021266, best_auc=0.9193, fpr50@best=0.021647
ConcatHLTReco-PostStageA ep 25: train_auc=0.9336, val_auc=0.9197, val_fpr50=0.022056, best_auc=0.9198, fpr50@best=0.021863
ConcatHLTReco-PostStageA ep 30: train_auc=0.9379, val_auc=0.9174, val_fpr50=0.023639, best_auc=0.9198, fpr50@best=0.021863
ConcatHLTReco-PostStageA ep 35: train_auc=0.9430, val_auc=0.9152, val_fpr50=0.025628, best_auc=0.9198, fpr50@best=0.021863
Early stopping ConcatHLTReco-PostStageA at epoch 37

======================================================================
STEP 5: CONCAT(HLT + RECO) JOINT FINETUNE (PRE->POST)
======================================================================
StageC-ConcatHLTRecoJoint ep 1: train_loss=32.0187 (cls=0.3511, rank=0.3022, reco=79.1419, cons=0.1818) | val_auc=0.9180, val_fpr50=0.022153, select=auc, best_sel=0.918015
StageC-ConcatHLTRecoJoint ep 2: train_loss=10.8644 (cls=0.3556, rank=0.3005, reco=26.2470, cons=0.1676) | val_auc=0.9188, val_fpr50=0.022671, select=auc, best_sel=0.918831
StageC-ConcatHLTRecoJoint ep 3: train_loss=9.9047 (cls=0.3555, rank=0.3018, reco=23.8479, cons=0.1664) | val_auc=0.9206, val_fpr50=0.020718, select=auc, best_sel=0.920552
StageC-ConcatHLTRecoJoint ep 4: train_loss=9.6461 (cls=0.3522, rank=0.3019, reco=23.2100, cons=0.1660) | val_auc=0.9200, val_fpr50=0.020899, select=auc, best_sel=0.920552
StageC-ConcatHLTRecoJoint ep 5: train_loss=9.5175 (cls=0.3497, rank=0.3014, reco=22.8945, cons=0.1665) | val_auc=0.9206, val_fpr50=0.021527, select=auc, best_sel=0.920615
StageC-ConcatHLTRecoJoint ep 6: train_loss=9.4265 (cls=0.3468, rank=0.3014, reco=22.6742, cons=0.1663) | val_auc=0.9210, val_fpr50=0.021922, select=auc, best_sel=0.921044
StageC-ConcatHLTRecoJoint ep 7: train_loss=9.3559 (cls=0.3456, rank=0.3004, reco=22.5007, cons=0.1665) | val_auc=0.9191, val_fpr50=0.022151, select=auc, best_sel=0.921044
StageC-ConcatHLTRecoJoint ep 8: train_loss=9.3085 (cls=0.3433, rank=0.3013, reco=22.3880, cons=0.1664) | val_auc=0.9219, val_fpr50=0.019900, select=auc, best_sel=0.921860
StageC-ConcatHLTRecoJoint ep 9: train_loss=9.2386 (cls=0.3414, rank=0.3024, reco=22.2179, cons=0.1663) | val_auc=0.9220, val_fpr50=0.020407, select=auc, best_sel=0.921963
StageC-ConcatHLTRecoJoint ep 10: train_loss=9.2031 (cls=0.3395, rank=0.3017, reco=22.1340, cons=0.1666) | val_auc=0.9219, val_fpr50=0.021551, select=auc, best_sel=0.921963
StageC-ConcatHLTRecoJoint ep 11: train_loss=9.1755 (cls=0.3378, rank=0.3022, reco=22.0693, cons=0.1670) | val_auc=0.9210, val_fpr50=0.020978, select=auc, best_sel=0.921963
StageC-ConcatHLTRecoJoint ep 12: train_loss=9.1193 (cls=0.3368, rank=0.3016, reco=21.9314, cons=0.1667) | val_auc=0.9206, val_fpr50=0.021864, select=auc, best_sel=0.921963
StageC-ConcatHLTRecoJoint ep 13: train_loss=9.0803 (cls=0.3351, rank=0.3021, reco=21.8380, cons=0.1668) | val_auc=0.9207, val_fpr50=0.021459, select=auc, best_sel=0.921963
StageC-ConcatHLTRecoJoint ep 14: train_loss=9.0484 (cls=0.3326, rank=0.3022, reco=21.7645, cons=0.1672) | val_auc=0.9204, val_fpr50=0.021908, select=auc, best_sel=0.921963
StageC-ConcatHLTRecoJoint ep 15: train_loss=9.0101 (cls=0.3304, rank=0.3026, reco=21.6743, cons=0.1670) | val_auc=0.9175, val_fpr50=0.022448, select=auc, best_sel=0.921963
StageC-ConcatHLTRecoJoint ep 16: train_loss=8.9668 (cls=0.3292, rank=0.3020, reco=21.5689, cons=0.1671) | val_auc=0.9205, val_fpr50=0.022191, select=auc, best_sel=0.921963
StageC-ConcatHLTRecoJoint ep 17: train_loss=8.9447 (cls=0.3274, rank=0.3035, reco=21.5182, cons=0.1670) | val_auc=0.9201, val_fpr50=0.023274, select=auc, best_sel=0.921963
StageC-ConcatHLTRecoJoint ep 18: train_loss=8.8996 (cls=0.3255, rank=0.3028, reco=21.4101, cons=0.1670) | val_auc=0.9194, val_fpr50=0.023418, select=auc, best_sel=0.921963
StageC-ConcatHLTRecoJoint ep 19: train_loss=8.8606 (cls=0.3240, rank=0.3041, reco=21.3165, cons=0.1672) | val_auc=0.9205, val_fpr50=0.022399, select=auc, best_sel=0.921963
StageC-ConcatHLTRecoJoint ep 20: train_loss=8.8166 (cls=0.3229, rank=0.3041, reco=21.2091, cons=0.1671) | val_auc=0.9190, val_fpr50=0.023168, select=auc, best_sel=0.921963
StageC-ConcatHLTRecoJoint ep 21: train_loss=8.7660 (cls=0.3201, rank=0.3040, reco=21.0895, cons=0.1673) | val_auc=0.9180, val_fpr50=0.024176, select=auc, best_sel=0.921963
StageC-ConcatHLTRecoJoint ep 22: train_loss=8.7339 (cls=0.3190, rank=0.3043, reco=21.0120, cons=0.1674) | val_auc=0.9180, val_fpr50=0.022492, select=auc, best_sel=0.921963
StageC-ConcatHLTRecoJoint ep 23: train_loss=8.6870 (cls=0.3161, rank=0.3056, reco=20.9022, cons=0.1673) | val_auc=0.9192, val_fpr50=0.024085, select=auc, best_sel=0.921963
StageC-ConcatHLTRecoJoint ep 24: train_loss=8.6239 (cls=0.3149, rank=0.3048, reco=20.7474, cons=0.1673) | val_auc=0.9172, val_fpr50=0.024824, select=auc, best_sel=0.921963
StageC-ConcatHLTRecoJoint ep 25: train_loss=8.5820 (cls=0.3123, rank=0.3049, reco=20.6493, cons=0.1674) | val_auc=0.9169, val_fpr50=0.022600, select=auc, best_sel=0.921963
Early stopping StageC-ConcatHLTRecoJoint at epoch 25

======================================================================
FINAL EVALUATION
======================================================================
HLT baseline AUC (val/test): 0.9233 / 0.9213
ConcatTeacher AUC (val/test): 0.9518 / 0.9509
RecoTeacherConcatSoft AUC (val/test): 0.9193 / 0.9170
ConcatHLTReco pre-joint AUC (val/test): 0.9198 / 0.9181
ConcatHLTReco post-joint AUC (val/test): 0.9220 / 0.9201
FPR@50 HLT / ConcatTeacher / RecoTeacherConcatSoft / ConcatHLTReco(pre) / ConcatHLTReco(post): 0.020559 / 0.011649 / 0.024269 / 0.023239 / 0.021676
Saved fusion score arrays to: checkpoints/reco_teacher_joint_fusion_6model_150k75k150k/model6_concat_hltreco_stagea_concatjoint_fullscaleonly/model6_concat_hltreco_stagea_concatjoint_fullscaleonly_150k75k150k_seed0/fusion_scores_val_test.npz

Saved results to: checkpoints/reco_teacher_joint_fusion_6model_150k75k150k/model6_concat_hltreco_stagea_concatjoint_fullscaleonly/model6_concat_hltreco_stagea_concatjoint_fullscaleonly_150k75k150k_seed0
Done: checkpoints/reco_teacher_joint_fusion_6model_150k75k150k/model6_concat_hltreco_stagea_concatjoint_fullscaleonly/model6_concat_hltreco_stagea_concatjoint_fullscaleonly_150k75k150k_seed0
