============================================================
Model-6 variant: StageA teacher loss on concat(HLT+reco) vs concat(HLT+offline)
Then concat(HLT+reco) single-view joint finetune
Run: checkpoints/reco_teacher_joint_fusion_6model_150k75k150k/model6_concat_hltreco_stagea_concatjoint/model6_concat_hltreco_stagea_concatjoint_150k75k150k_seed0
Split: train=150000, val=75000, test=150000
============================================================
 python train_m6_concatteacher_hltreco_stagea_then_concatjoint.py --save_dir checkpoints/reco_teacher_joint_fusion_6model_150k75k150k/model6_concat_hltreco_stagea_concatjoint --run_name model6_concat_hltreco_stagea_concatjoint_150k75k150k_seed0 --n_train_jets 375000 --n_train_split 150000 --n_val_split 75000 --n_test_split 150000 --offset_jets 0 --max_constits 100 --max_concat_constits 200 --num_workers 6 --batch_size 512 --seed 0 --stageA_epochs 90 --stageA_patience 18 --stageA_kd_temp 2.5 --stageA_lambda_kd 1.0 --stageA_lambda_emb 1.2 --stageA_lambda_tok 0.6 --stageA_lambda_phys 0.2 --stageA_lambda_budget_hinge 0.03 --stageA_budget_eps 0.015 --stageA_budget_weight_floor 1e-4 --stageA_target_tpr 0.50 --stageA_lambda_delta 0.00 --stageA_delta_tau 0.05 --stageA_delta_lambda_fp 3.0 --stageA_loss_norm_ema_decay 0.98 --stageA_loss_norm_eps 1e-6 --added_target_scale 0.90 --reco_weight_threshold 0.03 --reco_eval_batch_size 256 --report_target_tpr 0.50 --combo_weight_step 0.01 --joint_select_metric auc --stageC_epochs 65 --stageC_patience 14 --stageC_min_epochs 25 --stageC_lr_model 2e-4 --stageC_lr_reco 1e-4 --stageC_weight_decay 1e-4 --stageC_warmup_epochs 3 --stageC_lambda_reco 0.4 --stageC_lambda_rank 0.0 --stageC_lambda_cons 0.06 --save_fusion_scores --device cuda
Device: cuda
Save dir: checkpoints/reco_teacher_joint_fusion_6model_150k75k150k/model6_concat_hltreco_stagea_concatjoint/model6_concat_hltreco_stagea_concatjoint_150k75k150k_seed0
Loading offline constituents...
Generating pseudo-HLT...
Non-priv rho split setup: rho=0.900, mean_true_added_raw=25.116, mean_target_merge=22.604, mean_target_eff=2.512
Computing features...
Split sizes: Train=150000, Val=75000, Test=150000 (custom_counts=True)

======================================================================
STEP 1: HLT BASELINE + CONCAT TEACHER
======================================================================
Baseline-HLT ep 5: train_auc=0.9105, val_auc=0.9174, val_fpr50=0.023473, best_auc=0.9174, fpr50@best=0.023473
Baseline-HLT ep 10: train_auc=0.9175, val_auc=0.9200, val_fpr50=0.020812, best_auc=0.9200, fpr50@best=0.020812
Baseline-HLT ep 15: train_auc=0.9221, val_auc=0.9202, val_fpr50=0.020334, best_auc=0.9211, fpr50@best=0.020779
Baseline-HLT ep 20: train_auc=0.9258, val_auc=0.9215, val_fpr50=0.020032, best_auc=0.9233, fpr50@best=0.019835
Baseline-HLT ep 25: train_auc=0.9291, val_auc=0.9215, val_fpr50=0.020152, best_auc=0.9233, fpr50@best=0.019835
Baseline-HLT ep 30: train_auc=0.9341, val_auc=0.9214, val_fpr50=0.020494, best_auc=0.9233, fpr50@best=0.019835
Early stopping Baseline-HLT at epoch 31
ConcatTeacher ep 5: train_auc=0.9410, val_auc=0.9460, val_fpr50=0.014369, best_auc=0.9460, fpr50@best=0.014369
ConcatTeacher ep 10: train_auc=0.9487, val_auc=0.9490, val_fpr50=0.012038, best_auc=0.9490, fpr50@best=0.012038
ConcatTeacher ep 15: train_auc=0.9527, val_auc=0.9488, val_fpr50=0.012273, best_auc=0.9512, fpr50@best=0.010449
ConcatTeacher ep 20: train_auc=0.9565, val_auc=0.9518, val_fpr50=0.011002, best_auc=0.9518, fpr50@best=0.011002
ConcatTeacher ep 25: train_auc=0.9603, val_auc=0.9492, val_fpr50=0.013012, best_auc=0.9518, fpr50@best=0.011002
ConcatTeacher ep 30: train_auc=0.9651, val_auc=0.9484, val_fpr50=0.012912, best_auc=0.9518, fpr50@best=0.011002
ConcatTeacher ep 35: train_auc=0.9706, val_auc=0.9421, val_fpr50=0.014105, best_auc=0.9518, fpr50@best=0.011002
Early stopping ConcatTeacher at epoch 35
StageA delta HLT reference @TPR=0.50: threshold_prob=0.907940, val_tpr=0.500147, val_fpr=0.019847

======================================================================
STEP 2: STAGE A (CONCAT-TEACHER-GUIDED RECONSTRUCTOR PRETRAIN)
======================================================================
----------------------------------------------------------------------
Stage-A curriculum: phase_035 | epochs [1,20] | stage_scale=0.35
----------------------------------------------------------------------
Ep 5 [phase_035]: train_total=3.0269, val_total=7.0365, train_teacher_auc=0.9121, val_teacher_auc=0.8387, val_teacher_fpr50=0.071969, best_global_auc=0.8437 | kd=3.7740, emb=0.0806, tok=2.1656, phys=0.2558, budget_hinge=34100.8656, delta=0.0000, delta_gain=0.0000, delta_cost=0.0000, stage_scale=0.35
Ep 10 [phase_035]: train_total=3.0305, val_total=7.5049, train_teacher_auc=0.9172, val_teacher_auc=0.8344, val_teacher_fpr50=0.072964, best_global_auc=0.8532 | kd=3.8000, emb=0.0849, tok=2.1876, phys=0.2525, budget_hinge=34696.4163, delta=0.0000, delta_gain=0.0000, delta_cost=0.0000, stage_scale=0.35
Ep 15 [phase_035]: train_total=3.0288, val_total=6.5314, train_teacher_auc=0.9200, val_teacher_auc=0.8615, val_teacher_fpr50=0.054695, best_global_auc=0.8699 | kd=3.6325, emb=0.0629, tok=2.1936, phys=0.2462, budget_hinge=35118.6977, delta=0.0000, delta_gain=0.0000, delta_cost=0.0000, stage_scale=0.35
Ep 20 [phase_035]: train_total=3.0301, val_total=6.5114, train_teacher_auc=0.9214, val_teacher_auc=0.8628, val_teacher_fpr50=0.052278, best_global_auc=0.8721 | kd=3.6052, emb=0.0617, tok=2.2032, phys=0.2549, budget_hinge=35921.3718, delta=0.0000, delta_gain=0.0000, delta_cost=0.0000, stage_scale=0.35
Reloaded best checkpoint for phase_035 (epoch=18, val_auc=0.8721)
----------------------------------------------------------------------
Stage-A curriculum: phase_070 | epochs [21,55] | stage_scale=0.70
----------------------------------------------------------------------
Ep 25 [phase_070]: train_total=3.0291, val_total=3.4147, train_teacher_auc=0.9220, val_teacher_auc=0.9118, val_teacher_fpr50=0.024982, best_global_auc=0.9125 | kd=3.2971, emb=0.0208, tok=2.1114, phys=0.2325, budget_hinge=34085.1972, delta=0.0000, delta_gain=0.0000, delta_cost=0.0000, stage_scale=0.70
Ep 30 [phase_070]: train_total=3.0290, val_total=3.4632, train_teacher_auc=0.9228, val_teacher_auc=0.9137, val_teacher_fpr50=0.024724, best_global_auc=0.9146 | kd=3.2875, emb=0.0206, tok=2.1073, phys=0.2337, budget_hinge=34589.8241, delta=0.0000, delta_gain=0.0000, delta_cost=0.0000, stage_scale=0.70
Ep 35 [phase_070]: train_total=3.0269, val_total=3.4900, train_teacher_auc=0.9247, val_teacher_auc=0.9148, val_teacher_fpr50=0.024035, best_global_auc=0.9149 | kd=3.2868, emb=0.0202, tok=2.1045, phys=0.2291, budget_hinge=34225.5625, delta=0.0000, delta_gain=0.0000, delta_cost=0.0000, stage_scale=0.70
Ep 40 [phase_070]: train_total=3.0299, val_total=3.5305, train_teacher_auc=0.9259, val_teacher_auc=0.9123, val_teacher_fpr50=0.024907, best_global_auc=0.9149 | kd=3.2972, emb=0.0204, tok=2.1041, phys=0.2266, budget_hinge=34132.6137, delta=0.0000, delta_gain=0.0000, delta_cost=0.0000, stage_scale=0.70
Ep 45 [phase_070]: train_total=3.0289, val_total=3.4968, train_teacher_auc=0.9271, val_teacher_auc=0.9144, val_teacher_fpr50=0.023424, best_global_auc=0.9151 | kd=3.2829, emb=0.0196, tok=2.1066, phys=0.2288, budget_hinge=34216.7478, delta=0.0000, delta_gain=0.0000, delta_cost=0.0000, stage_scale=0.70
Ep 50 [phase_070]: train_total=3.0293, val_total=3.6209, train_teacher_auc=0.9288, val_teacher_auc=0.9135, val_teacher_fpr50=0.024525, best_global_auc=0.9151 | kd=3.2892, emb=0.0197, tok=2.1094, phys=0.2287, budget_hinge=34243.5963, delta=0.0000, delta_gain=0.0000, delta_cost=0.0000, stage_scale=0.70
Ep 55 [phase_070]: train_total=3.0289, val_total=3.7634, train_teacher_auc=0.9308, val_teacher_auc=0.9137, val_teacher_fpr50=0.023521, best_global_auc=0.9151 | kd=3.2905, emb=0.0204, tok=2.1110, phys=0.2271, budget_hinge=34103.0282, delta=0.0000, delta_gain=0.0000, delta_cost=0.0000, stage_scale=0.70
Reloaded best checkpoint for phase_070 (epoch=42, val_auc=0.9151)
----------------------------------------------------------------------
Stage-A curriculum: phase_100 | epochs [56,90] | stage_scale=1.00
----------------------------------------------------------------------
Ep 60 [phase_100]: train_total=3.0301, val_total=3.0941, train_teacher_auc=0.9279, val_teacher_auc=0.9186, val_teacher_fpr50=0.021580, best_global_auc=0.9192 | kd=3.2554, emb=0.0147, tok=2.0908, phys=0.2238, budget_hinge=33389.6553, delta=0.0000, delta_gain=0.0000, delta_cost=0.0000, stage_scale=1.00
Ep 65 [phase_100]: train_total=3.0296, val_total=3.1470, train_teacher_auc=0.9296, val_teacher_auc=0.9194, val_teacher_fpr50=0.021103, best_global_auc=0.9195 | kd=3.2520, emb=0.0147, tok=2.0892, phys=0.2237, budget_hinge=33589.9470, delta=0.0000, delta_gain=0.0000, delta_cost=0.0000, stage_scale=1.00
Ep 70 [phase_100]: train_total=3.0308, val_total=3.1640, train_teacher_auc=0.9313, val_teacher_auc=0.9197, val_teacher_fpr50=0.021493, best_global_auc=0.9197 | kd=3.2522, emb=0.0145, tok=2.0886, phys=0.2237, budget_hinge=33569.7623, delta=0.0000, delta_gain=0.0000, delta_cost=0.0000, stage_scale=1.00
Ep 75 [phase_100]: train_total=3.0291, val_total=3.2461, train_teacher_auc=0.9330, val_teacher_auc=0.9187, val_teacher_fpr50=0.021128, best_global_auc=0.9197 | kd=3.2546, emb=0.0144, tok=2.0895, phys=0.2226, budget_hinge=33661.5695, delta=0.0000, delta_gain=0.0000, delta_cost=0.0000, stage_scale=1.00
Ep 80 [phase_100]: train_total=3.0285, val_total=3.2955, train_teacher_auc=0.9351, val_teacher_auc=0.9184, val_teacher_fpr50=0.021743, best_global_auc=0.9197 | kd=3.2555, emb=0.0144, tok=2.0905, phys=0.2236, budget_hinge=33662.8352, delta=0.0000, delta_gain=0.0000, delta_cost=0.0000, stage_scale=1.00
Ep 85 [phase_100]: train_total=3.0296, val_total=3.3396, train_teacher_auc=0.9361, val_teacher_auc=0.9183, val_teacher_fpr50=0.022139, best_global_auc=0.9197 | kd=3.2583, emb=0.0145, tok=2.0945, phys=0.2237, budget_hinge=33738.4102, delta=0.0000, delta_gain=0.0000, delta_cost=0.0000, stage_scale=1.00
Early stop within phase_100 at epoch 88 (no_improve=18)
Reloaded best checkpoint for phase_100 (epoch=70, val_auc=0.9197)

======================================================================
STEP 3: CONCAT-TEACHER ON CONCAT(HLT + RECO) VIEW
======================================================================

======================================================================
STEP 4: CONCAT(HLT + RECO) TAGGER (FROZEN STAGE-A RECO)
======================================================================
ConcatHLTReco-PostStageA ep 5: train_auc=0.9184, val_auc=0.9104, val_fpr50=0.028561, best_auc=0.9104, fpr50@best=0.028561
ConcatHLTReco-PostStageA ep 10: train_auc=0.9256, val_auc=0.9184, val_fpr50=0.020978, best_auc=0.9184, fpr50@best=0.020978
ConcatHLTReco-PostStageA ep 15: train_auc=0.9290, val_auc=0.9193, val_fpr50=0.021634, best_auc=0.9193, fpr50@best=0.021634
ConcatHLTReco-PostStageA ep 20: train_auc=0.9326, val_auc=0.9195, val_fpr50=0.021432, best_auc=0.9195, fpr50@best=0.021432
ConcatHLTReco-PostStageA ep 25: train_auc=0.9360, val_auc=0.9182, val_fpr50=0.021949, best_auc=0.9208, fpr50@best=0.022041
ConcatHLTReco-PostStageA ep 30: train_auc=0.9403, val_auc=0.9175, val_fpr50=0.023416, best_auc=0.9208, fpr50@best=0.022041
ConcatHLTReco-PostStageA ep 35: train_auc=0.9454, val_auc=0.9146, val_fpr50=0.026014, best_auc=0.9208, fpr50@best=0.022041
Early stopping ConcatHLTReco-PostStageA at epoch 39

======================================================================
STEP 5: CONCAT(HLT + RECO) JOINT FINETUNE (PRE->POST)
======================================================================
StageC-ConcatHLTRecoJoint ep 1: train_loss=79.2918 (cls=0.3699, rank=0.3040, reco=197.2629, cons=0.2787) | val_auc=0.9143, val_fpr50=0.025086, select=auc, best_sel=0.914336
StageC-ConcatHLTRecoJoint ep 2: train_loss=33.7040 (cls=0.3586, rank=0.3012, reco=83.3238, cons=0.2639) | val_auc=0.9198, val_fpr50=0.022047, select=auc, best_sel=0.919773
StageC-ConcatHLTRecoJoint ep 3: train_loss=28.7976 (cls=0.3583, rank=0.3021, reco=71.0509, cons=0.3148) | val_auc=0.9203, val_fpr50=0.022174, select=auc, best_sel=0.920315
StageC-ConcatHLTRecoJoint ep 4: train_loss=27.5717 (cls=0.3519, rank=0.3023, reco=68.0037, cons=0.3064) | val_auc=0.9218, val_fpr50=0.020380, select=auc, best_sel=0.921801
StageC-ConcatHLTRecoJoint ep 5: train_loss=27.4945 (cls=0.3487, rank=0.3013, reco=67.8185, cons=0.3068) | val_auc=0.9201, val_fpr50=0.021210, select=auc, best_sel=0.921801
StageC-ConcatHLTRecoJoint ep 6: train_loss=27.4450 (cls=0.3460, rank=0.3015, reco=67.7016, cons=0.3066) | val_auc=0.9195, val_fpr50=0.021505, select=auc, best_sel=0.921801
StageC-ConcatHLTRecoJoint ep 7: train_loss=27.3928 (cls=0.3445, rank=0.3012, reco=67.5749, cons=0.3066) | val_auc=0.9191, val_fpr50=0.023490, select=auc, best_sel=0.921801
StageC-ConcatHLTRecoJoint ep 8: train_loss=25.0656 (cls=0.3463, rank=0.3018, reco=61.7551, cons=0.2880) | val_auc=0.9149, val_fpr50=0.024770, select=auc, best_sel=0.921801
StageC-ConcatHLTRecoJoint ep 9: train_loss=9.6428 (cls=0.3504, rank=0.3008, reco=23.2055, cons=0.1699) | val_auc=0.9197, val_fpr50=0.021752, select=auc, best_sel=0.921801
StageC-ConcatHLTRecoJoint ep 10: train_loss=9.3575 (cls=0.3440, rank=0.3020, reco=22.5086, cons=0.1679) | val_auc=0.9210, val_fpr50=0.020028, select=auc, best_sel=0.921801
StageC-ConcatHLTRecoJoint ep 11: train_loss=9.2348 (cls=0.3422, rank=0.3021, reco=22.2064, cons=0.1672) | val_auc=0.9210, val_fpr50=0.021272, select=auc, best_sel=0.921801
StageC-ConcatHLTRecoJoint ep 12: train_loss=9.2100 (cls=0.3401, rank=0.3012, reco=22.1497, cons=0.1670) | val_auc=0.9227, val_fpr50=0.020718, select=auc, best_sel=0.922680
StageC-ConcatHLTRecoJoint ep 13: train_loss=9.1628 (cls=0.3367, rank=0.3019, reco=22.0402, cons=0.1672) | val_auc=0.9180, val_fpr50=0.023004, select=auc, best_sel=0.922680
StageC-ConcatHLTRecoJoint ep 14: train_loss=9.1488 (cls=0.3367, rank=0.3013, reco=22.0053, cons=0.1671) | val_auc=0.9203, val_fpr50=0.020903, select=auc, best_sel=0.922680
StageC-ConcatHLTRecoJoint ep 15: train_loss=9.1329 (cls=0.3340, rank=0.3010, reco=21.9721, cons=0.1670) | val_auc=0.9186, val_fpr50=0.022121, select=auc, best_sel=0.922680
StageC-ConcatHLTRecoJoint ep 16: train_loss=9.0787 (cls=0.3321, rank=0.3023, reco=21.8413, cons=0.1671) | val_auc=0.9204, val_fpr50=0.020904, select=auc, best_sel=0.922680
StageC-ConcatHLTRecoJoint ep 17: train_loss=9.0705 (cls=0.3301, rank=0.3021, reco=21.8261, cons=0.1670) | val_auc=0.9188, val_fpr50=0.021636, select=auc, best_sel=0.922680
StageC-ConcatHLTRecoJoint ep 18: train_loss=9.0493 (cls=0.3275, rank=0.3020, reco=21.7793, cons=0.1670) | val_auc=0.9200, val_fpr50=0.022831, select=auc, best_sel=0.922680
StageC-ConcatHLTRecoJoint ep 19: train_loss=8.9915 (cls=0.3255, rank=0.3030, reco=21.6398, cons=0.1669) | val_auc=0.9172, val_fpr50=0.023237, select=auc, best_sel=0.922680
StageC-ConcatHLTRecoJoint ep 20: train_loss=8.9701 (cls=0.3242, rank=0.3027, reco=21.5897, cons=0.1672) | val_auc=0.9188, val_fpr50=0.022906, select=auc, best_sel=0.922680
StageC-ConcatHLTRecoJoint ep 21: train_loss=8.9358 (cls=0.3222, rank=0.3028, reco=21.5090, cons=0.1672) | val_auc=0.9174, val_fpr50=0.022876, select=auc, best_sel=0.922680
StageC-ConcatHLTRecoJoint ep 22: train_loss=8.9008 (cls=0.3202, rank=0.3028, reco=21.4265, cons=0.1669) | val_auc=0.9152, val_fpr50=0.023808, select=auc, best_sel=0.922680
StageC-ConcatHLTRecoJoint ep 23: train_loss=8.8658 (cls=0.3178, rank=0.3031, reco=21.3448, cons=0.1672) | val_auc=0.9165, val_fpr50=0.023204, select=auc, best_sel=0.922680
StageC-ConcatHLTRecoJoint ep 24: train_loss=8.8395 (cls=0.3148, rank=0.3038, reco=21.2869, cons=0.1671) | val_auc=0.9173, val_fpr50=0.023564, select=auc, best_sel=0.922680
StageC-ConcatHLTRecoJoint ep 25: train_loss=8.8006 (cls=0.3136, rank=0.3047, reco=21.1923, cons=0.1673) | val_auc=0.9147, val_fpr50=0.025645, select=auc, best_sel=0.922680
StageC-ConcatHLTRecoJoint ep 26: train_loss=8.7570 (cls=0.3109, rank=0.3049, reco=21.0903, cons=0.1674) | val_auc=0.9159, val_fpr50=0.023983, select=auc, best_sel=0.922680
Early stopping StageC-ConcatHLTRecoJoint at epoch 26

======================================================================
FINAL EVALUATION
======================================================================
HLT baseline AUC (val/test): 0.9233 / 0.9213
ConcatTeacher AUC (val/test): 0.9518 / 0.9509
RecoTeacherConcatSoft AUC (val/test): 0.9197 / 0.9173
ConcatHLTReco pre-joint AUC (val/test): 0.9208 / 0.9186
ConcatHLTReco post-joint AUC (val/test): 0.9227 / 0.9207
FPR@50 HLT / ConcatTeacher / RecoTeacherConcatSoft / ConcatHLTReco(pre) / ConcatHLTReco(post): 0.020559 / 0.011626 / 0.024248 / 0.023541 / 0.021599
Saved fusion score arrays to: checkpoints/reco_teacher_joint_fusion_6model_150k75k150k/model6_concat_hltreco_stagea_concatjoint/model6_concat_hltreco_stagea_concatjoint_150k75k150k_seed0/fusion_scores_val_test.npz

Saved results to: checkpoints/reco_teacher_joint_fusion_6model_150k75k150k/model6_concat_hltreco_stagea_concatjoint/model6_concat_hltreco_stagea_concatjoint_150k75k150k_seed0
Done: checkpoints/reco_teacher_joint_fusion_6model_150k75k150k/model6_concat_hltreco_stagea_concatjoint/model6_concat_hltreco_stagea_concatjoint_150k75k150k_seed0
