============================================================
Model-6 variant: StageA teacher loss on concat(HLT+reco) vs concat(HLT+offline)
Then concat(HLT+reco) single-view joint finetune
Run: checkpoints/reco_teacher_joint_fusion_6model_150k75k150k/model6_concat_hltreco_stagea_concatjoint_2x2/model6_concat_hltreco_stagea_concatjoint_2x2_150k75k150k_seed0
Split: train=150000, val=75000, test=150000
StageA custom curriculum: phase_035=2, phase_070=2
============================================================
 python train_m6_concatteacher_hltreco_stagea_then_concatjoint.py --save_dir checkpoints/reco_teacher_joint_fusion_6model_150k75k150k/model6_concat_hltreco_stagea_concatjoint_2x2 --run_name model6_concat_hltreco_stagea_concatjoint_2x2_150k75k150k_seed0 --n_train_jets 375000 --n_train_split 150000 --n_val_split 75000 --n_test_split 150000 --offset_jets 0 --max_constits 100 --max_concat_constits 200 --num_workers 6 --batch_size 512 --seed 0 --stageA_epochs 115 --stageA_patience 18 --stageA_phase035_epochs 2 --stageA_phase070_epochs 2 --stageA_kd_temp 2.5 --stageA_lambda_kd 1.0 --stageA_lambda_emb 1.2 --stageA_lambda_tok 0.6 --stageA_lambda_phys 0.2 --stageA_lambda_budget_hinge 0.03 --stageA_budget_eps 0.015 --stageA_budget_weight_floor 1e-4 --stageA_target_tpr 0.50 --stageA_lambda_delta 0.00 --stageA_delta_tau 0.05 --stageA_delta_lambda_fp 3.0 --stageA_loss_norm_ema_decay 0.98 --stageA_loss_norm_eps 1e-6 --added_target_scale 0.90 --reco_weight_threshold 0.03 --reco_eval_batch_size 256 --report_target_tpr 0.50 --combo_weight_step 0.01 --joint_select_metric auc --stageC_epochs 65 --stageC_patience 14 --stageC_min_epochs 25 --stageC_lr_model 2e-4 --stageC_lr_reco 1e-4 --stageC_weight_decay 1e-4 --stageC_warmup_epochs 3 --stageC_lambda_reco 0.4 --stageC_lambda_rank 0.0 --stageC_lambda_cons 0.06 --save_fusion_scores --device cuda
Device: cuda
Save dir: checkpoints/reco_teacher_joint_fusion_6model_150k75k150k/model6_concat_hltreco_stagea_concatjoint_2x2/model6_concat_hltreco_stagea_concatjoint_2x2_150k75k150k_seed0
Loading offline constituents...
Generating pseudo-HLT...
Non-priv rho split setup: rho=0.900, mean_true_added_raw=25.116, mean_target_merge=22.604, mean_target_eff=2.512
Computing features...
Split sizes: Train=150000, Val=75000, Test=150000 (custom_counts=True)

======================================================================
STEP 1: HLT BASELINE + CONCAT TEACHER
======================================================================
Baseline-HLT ep 5: train_auc=0.9105, val_auc=0.9174, val_fpr50=0.023473, best_auc=0.9174, fpr50@best=0.023473
Baseline-HLT ep 10: train_auc=0.9175, val_auc=0.9200, val_fpr50=0.020812, best_auc=0.9200, fpr50@best=0.020812
Baseline-HLT ep 15: train_auc=0.9221, val_auc=0.9202, val_fpr50=0.020334, best_auc=0.9211, fpr50@best=0.020779
Baseline-HLT ep 20: train_auc=0.9258, val_auc=0.9215, val_fpr50=0.020032, best_auc=0.9233, fpr50@best=0.019835
Baseline-HLT ep 25: train_auc=0.9291, val_auc=0.9215, val_fpr50=0.020152, best_auc=0.9233, fpr50@best=0.019835
Baseline-HLT ep 30: train_auc=0.9341, val_auc=0.9214, val_fpr50=0.020494, best_auc=0.9233, fpr50@best=0.019835
Early stopping Baseline-HLT at epoch 31
ConcatTeacher ep 5: train_auc=0.9410, val_auc=0.9460, val_fpr50=0.014358, best_auc=0.9460, fpr50@best=0.014358
ConcatTeacher ep 10: train_auc=0.9487, val_auc=0.9490, val_fpr50=0.012041, best_auc=0.9490, fpr50@best=0.012041
ConcatTeacher ep 15: train_auc=0.9527, val_auc=0.9488, val_fpr50=0.012278, best_auc=0.9512, fpr50@best=0.010444
ConcatTeacher ep 20: train_auc=0.9565, val_auc=0.9518, val_fpr50=0.010984, best_auc=0.9518, fpr50@best=0.010984
ConcatTeacher ep 25: train_auc=0.9603, val_auc=0.9492, val_fpr50=0.012995, best_auc=0.9518, fpr50@best=0.010984
ConcatTeacher ep 30: train_auc=0.9651, val_auc=0.9484, val_fpr50=0.012911, best_auc=0.9518, fpr50@best=0.010984
ConcatTeacher ep 35: train_auc=0.9706, val_auc=0.9421, val_fpr50=0.014117, best_auc=0.9518, fpr50@best=0.010984
Early stopping ConcatTeacher at epoch 35
StageA delta HLT reference @TPR=0.50: threshold_prob=0.907940, val_tpr=0.500147, val_fpr=0.019847

======================================================================
STEP 2: STAGE A (CONCAT-TEACHER-GUIDED RECONSTRUCTOR PRETRAIN)
======================================================================
----------------------------------------------------------------------
Stage-A curriculum: phase_035 | epochs [1,2] | stage_scale=0.35
----------------------------------------------------------------------
Reloaded best checkpoint for phase_035 (epoch=2, val_auc=0.8329)
----------------------------------------------------------------------
Stage-A curriculum: phase_070 | epochs [3,4] | stage_scale=0.70
----------------------------------------------------------------------
Reloaded best checkpoint for phase_070 (epoch=3, val_auc=0.9027)
----------------------------------------------------------------------
Stage-A curriculum: phase_100 | epochs [5,115] | stage_scale=1.00
----------------------------------------------------------------------
Ep 5 [phase_100]: train_total=3.0272, val_total=3.0228, train_teacher_auc=0.9104, val_teacher_auc=0.9093, val_teacher_fpr50=0.028802, best_global_auc=0.9093 | kd=3.3124, emb=0.0200, tok=2.0940, phys=0.2413, budget_hinge=32975.4677, delta=0.0000, delta_gain=0.0000, delta_cost=0.0000, stage_scale=1.00
Ep 10 [phase_100]: train_total=3.0296, val_total=2.9807, train_teacher_auc=0.9171, val_teacher_auc=0.9144, val_teacher_fpr50=0.024682, best_global_auc=0.9144 | kd=3.2779, emb=0.0177, tok=2.0844, phys=0.2377, budget_hinge=33540.1192, delta=0.0000, delta_gain=0.0000, delta_cost=0.0000, stage_scale=1.00
Ep 15 [phase_100]: train_total=3.0285, val_total=3.0332, train_teacher_auc=0.9198, val_teacher_auc=0.9147, val_teacher_fpr50=0.024239, best_global_auc=0.9147 | kd=3.2784, emb=0.0166, tok=2.0856, phys=0.2375, budget_hinge=33816.5161, delta=0.0000, delta_gain=0.0000, delta_cost=0.0000, stage_scale=1.00
Ep 20 [phase_100]: train_total=3.0294, val_total=2.9958, train_teacher_auc=0.9211, val_teacher_auc=0.9158, val_teacher_fpr50=0.022942, best_global_auc=0.9165 | kd=3.2703, emb=0.0158, tok=2.0860, phys=0.2333, budget_hinge=33866.4215, delta=0.0000, delta_gain=0.0000, delta_cost=0.0000, stage_scale=1.00
Ep 25 [phase_100]: train_total=3.0294, val_total=3.0097, train_teacher_auc=0.9226, val_teacher_auc=0.9164, val_teacher_fpr50=0.022821, best_global_auc=0.9168 | kd=3.2675, emb=0.0155, tok=2.0869, phys=0.2286, budget_hinge=33853.8237, delta=0.0000, delta_gain=0.0000, delta_cost=0.0000, stage_scale=1.00
Ep 30 [phase_100]: train_total=3.0290, val_total=3.0486, train_teacher_auc=0.9234, val_teacher_auc=0.9176, val_teacher_fpr50=0.022141, best_global_auc=0.9176 | kd=3.2608, emb=0.0151, tok=2.0865, phys=0.2317, budget_hinge=34369.6473, delta=0.0000, delta_gain=0.0000, delta_cost=0.0000, stage_scale=1.00
Ep 35 [phase_100]: train_total=3.0272, val_total=3.0671, train_teacher_auc=0.9250, val_teacher_auc=0.9182, val_teacher_fpr50=0.022239, best_global_auc=0.9183 | kd=3.2551, emb=0.0151, tok=2.0878, phys=0.2297, budget_hinge=34028.6978, delta=0.0000, delta_gain=0.0000, delta_cost=0.0000, stage_scale=1.00
Ep 40 [phase_100]: train_total=3.0301, val_total=3.0891, train_teacher_auc=0.9260, val_teacher_auc=0.9173, val_teacher_fpr50=0.022269, best_global_auc=0.9186 | kd=3.2621, emb=0.0150, tok=2.0811, phys=0.2287, budget_hinge=33916.7088, delta=0.0000, delta_gain=0.0000, delta_cost=0.0000, stage_scale=1.00
Ep 45 [phase_100]: train_total=3.0286, val_total=3.0734, train_teacher_auc=0.9275, val_teacher_auc=0.9184, val_teacher_fpr50=0.022375, best_global_auc=0.9190 | kd=3.2544, emb=0.0147, tok=2.0870, phys=0.2261, budget_hinge=33528.5570, delta=0.0000, delta_gain=0.0000, delta_cost=0.0000, stage_scale=1.00
Ep 50 [phase_100]: train_total=3.0290, val_total=3.1592, train_teacher_auc=0.9290, val_teacher_auc=0.9183, val_teacher_fpr50=0.022123, best_global_auc=0.9190 | kd=3.2557, emb=0.0146, tok=2.0858, phys=0.2285, budget_hinge=34028.5223, delta=0.0000, delta_gain=0.0000, delta_cost=0.0000, stage_scale=1.00
Ep 55 [phase_100]: train_total=3.0292, val_total=3.1951, train_teacher_auc=0.9304, val_teacher_auc=0.9187, val_teacher_fpr50=0.021551, best_global_auc=0.9190 | kd=3.2570, emb=0.0147, tok=2.0882, phys=0.2242, budget_hinge=33698.5649, delta=0.0000, delta_gain=0.0000, delta_cost=0.0000, stage_scale=1.00
Ep 60 [phase_100]: train_total=3.0299, val_total=3.2102, train_teacher_auc=0.9323, val_teacher_auc=0.9179, val_teacher_fpr50=0.021654, best_global_auc=0.9190 | kd=3.2580, emb=0.0146, tok=2.0892, phys=0.2249, budget_hinge=33771.8527, delta=0.0000, delta_gain=0.0000, delta_cost=0.0000, stage_scale=1.00
Early stop within phase_100 at epoch 60 (no_improve=18)
Reloaded best checkpoint for phase_100 (epoch=42, val_auc=0.9190)

======================================================================
STEP 3: CONCAT-TEACHER ON CONCAT(HLT + RECO) VIEW
======================================================================

======================================================================
STEP 4: CONCAT(HLT + RECO) TAGGER (FROZEN STAGE-A RECO)
======================================================================
ConcatHLTReco-PostStageA ep 5: train_auc=0.9132, val_auc=0.9096, val_fpr50=0.027577, best_auc=0.9096, fpr50@best=0.027577
ConcatHLTReco-PostStageA ep 10: train_auc=0.9221, val_auc=0.9171, val_fpr50=0.023249, best_auc=0.9171, fpr50@best=0.023249
ConcatHLTReco-PostStageA ep 15: train_auc=0.9254, val_auc=0.9161, val_fpr50=0.024206, best_auc=0.9196, fpr50@best=0.021135
ConcatHLTReco-PostStageA ep 20: train_auc=0.9295, val_auc=0.9189, val_fpr50=0.021696, best_auc=0.9211, fpr50@best=0.020724
ConcatHLTReco-PostStageA ep 25: train_auc=0.9333, val_auc=0.9207, val_fpr50=0.020988, best_auc=0.9211, fpr50@best=0.020724
ConcatHLTReco-PostStageA ep 30: train_auc=0.9379, val_auc=0.9178, val_fpr50=0.022352, best_auc=0.9211, fpr50@best=0.020724
Early stopping ConcatHLTReco-PostStageA at epoch 32

======================================================================
STEP 5: CONCAT(HLT + RECO) JOINT FINETUNE (PRE->POST)
======================================================================
StageC-ConcatHLTRecoJoint ep 1: train_loss=83.7283 (cls=0.3719, rank=0.3034, reco=208.3456, cons=0.3024) | val_auc=0.9147, val_fpr50=0.025883, select=auc, best_sel=0.914675
StageC-ConcatHLTRecoJoint ep 2: train_loss=33.7724 (cls=0.3635, rank=0.3016, reco=83.4825, cons=0.2661) | val_auc=0.9187, val_fpr50=0.023224, select=auc, best_sel=0.918743
StageC-ConcatHLTRecoJoint ep 3: train_loss=29.6977 (cls=0.3610, rank=0.3030, reco=73.2945, cons=0.3141) | val_auc=0.9188, val_fpr50=0.023335, select=auc, best_sel=0.918832
StageC-ConcatHLTRecoJoint ep 4: train_loss=16.5880 (cls=0.3609, rank=0.3026, reco=40.5351, cons=0.2178) | val_auc=0.9210, val_fpr50=0.020797, select=auc, best_sel=0.921049
StageC-ConcatHLTRecoJoint ep 5: train_loss=9.7414 (cls=0.3562, rank=0.3016, reco=23.4380, cons=0.1673) | val_auc=0.9215, val_fpr50=0.021710, select=auc, best_sel=0.921459
StageC-ConcatHLTRecoJoint ep 6: train_loss=9.5560 (cls=0.3541, rank=0.3019, reco=22.9798, cons=0.1666) | val_auc=0.9206, val_fpr50=0.021763, select=auc, best_sel=0.921459
StageC-ConcatHLTRecoJoint ep 7: train_loss=9.5221 (cls=0.3512, rank=0.3017, reco=22.9022, cons=0.1666) | val_auc=0.9226, val_fpr50=0.020959, select=auc, best_sel=0.922614
StageC-ConcatHLTRecoJoint ep 8: train_loss=9.4295 (cls=0.3486, rank=0.3014, reco=22.6772, cons=0.1666) | val_auc=0.9218, val_fpr50=0.020608, select=auc, best_sel=0.922614
StageC-ConcatHLTRecoJoint ep 9: train_loss=9.3929 (cls=0.3476, rank=0.3017, reco=22.5881, cons=0.1669) | val_auc=0.9235, val_fpr50=0.019719, select=auc, best_sel=0.923504
StageC-ConcatHLTRecoJoint ep 10: train_loss=9.3239 (cls=0.3457, rank=0.3018, reco=22.4204, cons=0.1666) | val_auc=0.9220, val_fpr50=0.020940, select=auc, best_sel=0.923504
StageC-ConcatHLTRecoJoint ep 11: train_loss=9.3478 (cls=0.3441, rank=0.3021, reco=22.4843, cons=0.1668) | val_auc=0.9234, val_fpr50=0.020036, select=auc, best_sel=0.923504
StageC-ConcatHLTRecoJoint ep 12: train_loss=9.2898 (cls=0.3429, rank=0.3012, reco=22.3422, cons=0.1667) | val_auc=0.9231, val_fpr50=0.019745, select=auc, best_sel=0.923504
StageC-ConcatHLTRecoJoint ep 13: train_loss=9.2424 (cls=0.3412, rank=0.3016, reco=22.2281, cons=0.1664) | val_auc=0.9231, val_fpr50=0.020141, select=auc, best_sel=0.923504
StageC-ConcatHLTRecoJoint ep 14: train_loss=9.2210 (cls=0.3396, rank=0.3021, reco=22.1786, cons=0.1668) | val_auc=0.9238, val_fpr50=0.020007, select=auc, best_sel=0.923757
StageC-ConcatHLTRecoJoint ep 15: train_loss=9.1931 (cls=0.3387, rank=0.3023, reco=22.1109, cons=0.1669) | val_auc=0.9224, val_fpr50=0.020193, select=auc, best_sel=0.923757
StageC-ConcatHLTRecoJoint ep 16: train_loss=9.1558 (cls=0.3369, rank=0.3017, reco=22.0222, cons=0.1669) | val_auc=0.9185, val_fpr50=0.023724, select=auc, best_sel=0.923757
StageC-ConcatHLTRecoJoint ep 17: train_loss=9.1620 (cls=0.3365, rank=0.3013, reco=22.0387, cons=0.1666) | val_auc=0.9219, val_fpr50=0.021161, select=auc, best_sel=0.923757
StageC-ConcatHLTRecoJoint ep 18: train_loss=9.1141 (cls=0.3337, rank=0.3023, reco=21.9258, cons=0.1667) | val_auc=0.9212, val_fpr50=0.021835, select=auc, best_sel=0.923757
StageC-ConcatHLTRecoJoint ep 19: train_loss=9.1171 (cls=0.3322, rank=0.3016, reco=21.9372, cons=0.1672) | val_auc=0.9226, val_fpr50=0.020315, select=auc, best_sel=0.923757
StageC-ConcatHLTRecoJoint ep 20: train_loss=9.0685 (cls=0.3308, rank=0.3031, reco=21.8193, cons=0.1669) | val_auc=0.9227, val_fpr50=0.019654, select=auc, best_sel=0.923757
StageC-ConcatHLTRecoJoint ep 21: train_loss=9.0514 (cls=0.3283, rank=0.3020, reco=21.7825, cons=0.1670) | val_auc=0.9216, val_fpr50=0.020496, select=auc, best_sel=0.923757
StageC-ConcatHLTRecoJoint ep 22: train_loss=9.0227 (cls=0.3276, rank=0.3028, reco=21.7128, cons=0.1672) | val_auc=0.9222, val_fpr50=0.019962, select=auc, best_sel=0.923757
StageC-ConcatHLTRecoJoint ep 23: train_loss=8.9975 (cls=0.3252, rank=0.3023, reco=21.6556, cons=0.1671) | val_auc=0.9211, val_fpr50=0.021730, select=auc, best_sel=0.923757
StageC-ConcatHLTRecoJoint ep 24: train_loss=8.9788 (cls=0.3226, rank=0.3049, reco=21.6154, cons=0.1668) | val_auc=0.9215, val_fpr50=0.021154, select=auc, best_sel=0.923757
StageC-ConcatHLTRecoJoint ep 25: train_loss=8.9464 (cls=0.3216, rank=0.3041, reco=21.5368, cons=0.1675) | val_auc=0.9217, val_fpr50=0.020371, select=auc, best_sel=0.923757
StageC-ConcatHLTRecoJoint ep 26: train_loss=8.9418 (cls=0.3193, rank=0.3035, reco=21.5312, cons=0.1671) | val_auc=0.9183, val_fpr50=0.021479, select=auc, best_sel=0.923757
StageC-ConcatHLTRecoJoint ep 27: train_loss=8.8872 (cls=0.3177, rank=0.3044, reco=21.3985, cons=0.1672) | val_auc=0.9202, val_fpr50=0.021365, select=auc, best_sel=0.923757
StageC-ConcatHLTRecoJoint ep 28: train_loss=8.8546 (cls=0.3153, rank=0.3044, reco=21.3231, cons=0.1670) | val_auc=0.9218, val_fpr50=0.020538, select=auc, best_sel=0.923757
Early stopping StageC-ConcatHLTRecoJoint at epoch 28

======================================================================
FINAL EVALUATION
======================================================================
HLT baseline AUC (val/test): 0.9233 / 0.9213
ConcatTeacher AUC (val/test): 0.9518 / 0.9509
RecoTeacherConcatSoft AUC (val/test): 0.9190 / 0.9168
ConcatHLTReco pre-joint AUC (val/test): 0.9211 / 0.9198
ConcatHLTReco post-joint AUC (val/test): 0.9238 / 0.9221
FPR@50 HLT / ConcatTeacher / RecoTeacherConcatSoft / ConcatHLTReco(pre) / ConcatHLTReco(post): 0.020559 / 0.011637 / 0.024524 / 0.022254 / 0.021766
Saved fusion score arrays to: checkpoints/reco_teacher_joint_fusion_6model_150k75k150k/model6_concat_hltreco_stagea_concatjoint_2x2/model6_concat_hltreco_stagea_concatjoint_2x2_150k75k150k_seed0/fusion_scores_val_test.npz

Saved results to: checkpoints/reco_teacher_joint_fusion_6model_150k75k150k/model6_concat_hltreco_stagea_concatjoint_2x2/model6_concat_hltreco_stagea_concatjoint_2x2_150k75k150k_seed0
Done: checkpoints/reco_teacher_joint_fusion_6model_150k75k150k/model6_concat_hltreco_stagea_concatjoint_2x2/model6_concat_hltreco_stagea_concatjoint_2x2_150k75k150k_seed0
