============================================================
Model-9 MID offline-dropout residual (weighted)
Run: checkpoints/reco_teacher_joint_fusion_6model_150k75k150k/model9_stageA_residual_hlt_offdrop_mid_weighted_150k150k300k/model9_stageA_residual_hlt_offdrop_mid_weighted_150k150k300k_seed0
Train path: ./data/train_quarter.h5
Split: train=150000, val=150000, test=300000, n_train_jets=600000
teacher_drop_prob_max=0.50
============================================================
 python reco_teacher_stageA_residual_hlt.py --train_path ./data/train_quarter.h5 --use_train_weights --save_dir checkpoints/reco_teacher_joint_fusion_6model_150k75k150k/model9_stageA_residual_hlt_offdrop_mid_weighted_150k150k300k --run_name model9_stageA_residual_hlt_offdrop_mid_weighted_150k150k300k_seed0 --n_train_jets 600000 --n_train_split 150000 --n_val_split 150000 --n_test_split 300000 --offset_jets 0 --max_constits 100 --num_workers 6 --seed 0 --teacher_use_offline_dropout --teacher_drop_prob_max 0.50 --teacher_drop_warmup_epochs 20 --teacher_drop_mode deterministic_bank --teacher_drop_num_banks 3 --teacher_drop_bank_cycle_epochs 1 --teacher_lambda_drop_cls 1.0 --teacher_use_consistency --teacher_consistency_temp 2.0 --teacher_lambda_consistency 0.2 --stageA_epochs 90 --stageA_patience 18 --stageA_kd_temp 2.5 --stageA_lambda_kd 5.0 --stageA_lambda_emb 0.0 --stageA_lambda_tok 0.0 --stageA_lambda_phys 0.05 --stageA_lambda_budget_hinge 1.0 --stageA_budget_eps 0.015 --stageA_budget_weight_floor 1e-4 --stageA_ratio_count_tolerant --stageA_ratio_count_under_lambda 1.0 --stageA_ratio_count_over_lambda 0.25 --stageA_ratio_count_over_margin_base 2.0 --stageA_ratio_count_over_margin_scale 6.0 --stageA_ratio_count_over_ratio_gamma 0.70 --stageA_ratio_count_over_lambda_floor 0.05 --stageA_ratio_count_eps 0.015 --stageA_target_tpr 0.50 --stageA_lambda_delta 0.15 --stageA_delta_tau 0.05 --stageA_delta_lambda_fp 3.0 --stageA_loss_norm_ema_decay 0.98 --stageA_loss_norm_eps 1e-6 --added_target_scale 0.90 --reco_weight_threshold 0.03 --reco_eval_batch_size 256 --residual_epochs 45 --residual_patience 12 --residual_lr 3e-4 --residual_weight_decay 1e-4 --residual_warmup_epochs 5 --residual_lambda_res 1.0 --residual_lambda_kd 0.2 --residual_lambda_cls 0.1 --residual_kd_temp 2.5 --residual_select_metric fpr50 --residual_alpha_grid 0.0\,0.25\,0.5\,0.75\,1.0\,1.25\,1.5\,2.0 --residual_joint_epochs 12 --residual_joint_patience 10 --residual_joint_lr_reco 2e-6 --residual_joint_lr_head 1e-4 --residual_joint_weight_decay 1e-4 --residual_joint_warmup_epochs 4 --residual_joint_lambda_reco_anchor 0.02 --report_target_tpr 0.50 --device cuda
[RatioBudget] Enabled ratio-aware asymmetric count tolerance: eps=0.0150, under=1.000, over=0.250, margin_base=2.000, margin_scale=6.000, gamma=0.700, over_floor=0.050
Device: cuda
Save dir: checkpoints/reco_teacher_joint_fusion_6model_150k75k150k/model9_stageA_residual_hlt_offdrop_mid_weighted_150k150k300k/model9_stageA_residual_hlt_offdrop_mid_weighted_150k150k300k_seed0
Loading offline constituents...
Info: using 'weights' from data/train_quarter.h5 as training weights.
Generating pseudo-HLT...
Non-priv rho split setup: rho=0.900, mean_true_added_raw=25.090, mean_target_merge=22.581, mean_target_eff=2.509
Computing features...
Split sizes: Train=150000, Val=150000, Test=300000 (custom_counts=True)

======================================================================
STEP 1: TEACHER + BASELINE
======================================================================
Teacher mode: offline-dropout
TeacherDrop ep 5: train_loss=1.12088 (full=0.34232, drop=0.34607, cons=2.16241, p=0.125, bank=1) | val_auc=0.9354, val_fpr50=0.017736, best_auc=0.9354
TeacherDrop ep 10: train_loss=1.05837 (full=0.31633, drop=0.32498, cons=2.08531, p=0.250, bank=0) | val_auc=0.9399, val_fpr50=0.014534, best_auc=0.9400
TeacherDrop ep 15: train_loss=1.00537 (full=0.29331, drop=0.30553, cons=2.03267, p=0.375, bank=2) | val_auc=0.9336, val_fpr50=0.016128, best_auc=0.9412
TeacherDrop ep 20: train_loss=0.95699 (full=0.27038, drop=0.28962, cons=1.98494, p=0.500, bank=1) | val_auc=0.9389, val_fpr50=0.014507, best_auc=0.9421
TeacherDrop ep 25: train_loss=0.89494 (full=0.24446, drop=0.26625, cons=1.92112, p=0.500, bank=0) | val_auc=0.9315, val_fpr50=0.016347, best_auc=0.9421
TeacherDrop ep 30: train_loss=0.82622 (full=0.21768, drop=0.23978, cons=1.84378, p=0.500, bank=2) | val_auc=0.9358, val_fpr50=0.016960, best_auc=0.9421
Early stopping TeacherDrop at epoch 33
Baseline ep 5: train_auc=0.8916, val_auc=0.8980, val_fpr50=0.033053, best_auc=0.9020, fpr50@best=0.033827
Baseline ep 10: train_auc=0.9034, val_auc=0.9114, val_fpr50=0.025595, best_auc=0.9114, fpr50@best=0.025595
Baseline ep 15: train_auc=0.9112, val_auc=0.9005, val_fpr50=0.028377, best_auc=0.9114, fpr50@best=0.025595
Baseline ep 20: train_auc=0.9170, val_auc=0.9036, val_fpr50=0.028846, best_auc=0.9114, fpr50@best=0.025595
Baseline ep 25: train_auc=0.9263, val_auc=0.9084, val_fpr50=0.026617, best_auc=0.9114, fpr50@best=0.025595
Early stopping Baseline at epoch 25
StageA delta HLT reference @TPR=0.50: threshold_prob=0.894865, val_tpr=0.500054, val_fpr=0.025600

======================================================================
STEP 2: STAGE A (TEACHER-GUIDED RECONSTRUCTOR)
======================================================================
----------------------------------------------------------------------
Stage-A curriculum: phase_035 | epochs [1,20] | stage_scale=0.35
----------------------------------------------------------------------
Ep 5 [phase_035]: train_total=6.0693, val_total=9.3701, train_teacher_auc=0.8824, val_teacher_auc=0.7092, val_teacher_fpr50=0.178189, best_global_auc=0.7092 | kd=4.7642, emb=0.1521, tok=4.0086, phys=0.3985, budget_hinge=36.5344, delta=0.4283, delta_gain=0.2180, delta_cost=0.2154, stage_scale=0.35
