/home/ryreu/miniconda3/envs/atlas_kd/lib/python3.10/site-packages/torch/nn/modules/transformer.py:379: UserWarning: enable_nested_tensor is True, but self.use_nested_tensor is False because encoder_layer.norm_first was True
  warnings.warn(
/home/ryreu/miniconda3/envs/atlas_kd/lib/python3.10/site-packages/torch/nn/modules/transformer.py:379: UserWarning: enable_nested_tensor is True, but self.use_nested_tensor is False because encoder_layer.norm_first was True
  warnings.warn(
/home/ryreu/miniconda3/envs/atlas_kd/lib/python3.10/site-packages/torch/nn/functional.py:5849: UserWarning: Support for mismatched key_padding_mask and attn_mask is deprecated. Use same type for both instead.
  warnings.warn(
/home/ryreu/miniconda3/envs/atlas_kd/lib/python3.10/site-packages/torch/nn/modules/transformer.py:379: UserWarning: enable_nested_tensor is True, but self.use_nested_tensor is False because encoder_layer.norm_first was True
  warnings.warn(
/home/ryreu/miniconda3/envs/atlas_kd/lib/python3.10/site-packages/torch/nn/functional.py:5849: UserWarning: Support for mismatched key_padding_mask and attn_mask is deprecated. Use same type for both instead.
  warnings.warn(
/home/ryreu/miniconda3/envs/atlas_kd/lib/python3.10/site-packages/torch/nn/modules/transformer.py:379: UserWarning: enable_nested_tensor is True, but self.use_nested_tensor is False because encoder_layer.norm_first was True
  warnings.warn(
/home/ryreu/miniconda3/envs/atlas_kd/lib/python3.10/site-packages/torch/nn/functional.py:5849: UserWarning: Support for mismatched key_padding_mask and attn_mask is deprecated. Use same type for both instead.
  warnings.warn(
/home/ryreu/miniconda3/envs/atlas_kd/lib/python3.10/site-packages/torch/nn/modules/transformer.py:379: UserWarning: enable_nested_tensor is True, but self.use_nested_tensor is False because encoder_layer.norm_first was True
  warnings.warn(
/home/ryreu/miniconda3/envs/atlas_kd/lib/python3.10/site-packages/torch/nn/functional.py:5849: UserWarning: Support for mismatched key_padding_mask and attn_mask is deprecated. Use same type for both instead.
  warnings.warn(
/home/ryreu/miniconda3/envs/atlas_kd/lib/python3.10/site-packages/torch/nn/modules/transformer.py:379: UserWarning: enable_nested_tensor is True, but self.use_nested_tensor is False because encoder_layer.norm_first was True
  warnings.warn(
/home/ryreu/miniconda3/envs/atlas_kd/lib/python3.10/site-packages/torch/nn/functional.py:5849: UserWarning: Support for mismatched key_padding_mask and attn_mask is deprecated. Use same type for both instead.
  warnings.warn(
/home/ryreu/miniconda3/envs/atlas_kd/lib/python3.10/site-packages/torch/nn/modules/transformer.py:379: UserWarning: enable_nested_tensor is True, but self.use_nested_tensor is False because encoder_layer.norm_first was True
  warnings.warn(
/home/ryreu/miniconda3/envs/atlas_kd/lib/python3.10/site-packages/torch/nn/functional.py:5849: UserWarning: Support for mismatched key_padding_mask and attn_mask is deprecated. Use same type for both instead.
  warnings.warn(
/home/ryreu/miniconda3/envs/atlas_kd/lib/python3.10/site-packages/torch/nn/modules/transformer.py:379: UserWarning: enable_nested_tensor is True, but self.use_nested_tensor is False because encoder_layer.norm_first was True
  warnings.warn(
/home/ryreu/miniconda3/envs/atlas_kd/lib/python3.10/site-packages/torch/nn/functional.py:5849: UserWarning: Support for mismatched key_padding_mask and attn_mask is deprecated. Use same type for both instead.
  warnings.warn(
/home/ryreu/miniconda3/envs/atlas_kd/lib/python3.10/site-packages/torch/nn/modules/transformer.py:379: UserWarning: enable_nested_tensor is True, but self.use_nested_tensor is False because encoder_layer.norm_first was True
  warnings.warn(
/home/ryreu/miniconda3/envs/atlas_kd/lib/python3.10/site-packages/torch/nn/functional.py:5849: UserWarning: Support for mismatched key_padding_mask and attn_mask is deprecated. Use same type for both instead.
  warnings.warn(
/home/ryreu/miniconda3/envs/atlas_kd/lib/python3.10/site-packages/torch/nn/modules/transformer.py:379: UserWarning: enable_nested_tensor is True, but self.use_nested_tensor is False because encoder_layer.norm_first was True
  warnings.warn(
/home/ryreu/miniconda3/envs/atlas_kd/lib/python3.10/site-packages/torch/nn/functional.py:5849: UserWarning: Support for mismatched key_padding_mask and attn_mask is deprecated. Use same type for both instead.
  warnings.warn(
/home/ryreu/miniconda3/envs/atlas_kd/lib/python3.10/site-packages/torch/nn/modules/transformer.py:379: UserWarning: enable_nested_tensor is True, but self.use_nested_tensor is False because encoder_layer.norm_first was True
  warnings.warn(
/home/ryreu/miniconda3/envs/atlas_kd/lib/python3.10/site-packages/torch/nn/functional.py:5849: UserWarning: Support for mismatched key_padding_mask and attn_mask is deprecated. Use same type for both instead.
  warnings.warn(
/home/ryreu/miniconda3/envs/atlas_kd/lib/python3.10/site-packages/torch/nn/modules/transformer.py:379: UserWarning: enable_nested_tensor is True, but self.use_nested_tensor is False because encoder_layer.norm_first was True
  warnings.warn(
/home/ryreu/miniconda3/envs/atlas_kd/lib/python3.10/site-packages/torch/nn/functional.py:5849: UserWarning: Support for mismatched key_padding_mask and attn_mask is deprecated. Use same type for both instead.
  warnings.warn(
/home/ryreu/miniconda3/envs/atlas_kd/lib/python3.10/site-packages/torch/nn/modules/transformer.py:379: UserWarning: enable_nested_tensor is True, but self.use_nested_tensor is False because encoder_layer.norm_first was True
  warnings.warn(
/home/ryreu/miniconda3/envs/atlas_kd/lib/python3.10/site-packages/torch/nn/functional.py:5849: UserWarning: Support for mismatched key_padding_mask and attn_mask is deprecated. Use same type for both instead.
  warnings.warn(
/home/ryreu/miniconda3/envs/atlas_kd/lib/python3.10/site-packages/torch/nn/modules/transformer.py:379: UserWarning: enable_nested_tensor is True, but self.use_nested_tensor is False because encoder_layer.norm_first was True
  warnings.warn(
/home/ryreu/miniconda3/envs/atlas_kd/lib/python3.10/site-packages/torch/nn/functional.py:5849: UserWarning: Support for mismatched key_padding_mask and attn_mask is deprecated. Use same type for both instead.
  warnings.warn(
/home/ryreu/miniconda3/envs/atlas_kd/lib/python3.10/site-packages/torch/nn/modules/transformer.py:379: UserWarning: enable_nested_tensor is True, but self.use_nested_tensor is False because encoder_layer.norm_first was True
  warnings.warn(
/home/ryreu/miniconda3/envs/atlas_kd/lib/python3.10/site-packages/torch/nn/functional.py:5849: UserWarning: Support for mismatched key_padding_mask and attn_mask is deprecated. Use same type for both instead.
  warnings.warn(
/home/ryreu/miniconda3/envs/atlas_kd/lib/python3.10/site-packages/torch/nn/modules/transformer.py:379: UserWarning: enable_nested_tensor is True, but self.use_nested_tensor is False because encoder_layer.norm_first was True
  warnings.warn(
/home/ryreu/miniconda3/envs/atlas_kd/lib/python3.10/site-packages/torch/nn/functional.py:5849: UserWarning: Support for mismatched key_padding_mask and attn_mask is deprecated. Use same type for both instead.
  warnings.warn(
/home/ryreu/miniconda3/envs/atlas_kd/lib/python3.10/site-packages/torch/nn/modules/transformer.py:379: UserWarning: enable_nested_tensor is True, but self.use_nested_tensor is False because encoder_layer.norm_first was True
  warnings.warn(
/home/ryreu/miniconda3/envs/atlas_kd/lib/python3.10/site-packages/torch/nn/functional.py:5849: UserWarning: Support for mismatched key_padding_mask and attn_mask is deprecated. Use same type for both instead.
  warnings.warn(
/home/ryreu/miniconda3/envs/atlas_kd/lib/python3.10/site-packages/torch/nn/modules/transformer.py:379: UserWarning: enable_nested_tensor is True, but self.use_nested_tensor is False because encoder_layer.norm_first was True
  warnings.warn(
/home/ryreu/miniconda3/envs/atlas_kd/lib/python3.10/site-packages/torch/nn/functional.py:5849: UserWarning: Support for mismatched key_padding_mask and attn_mask is deprecated. Use same type for both instead.
  warnings.warn(
/home/ryreu/miniconda3/envs/atlas_kd/lib/python3.10/site-packages/torch/nn/modules/transformer.py:379: UserWarning: enable_nested_tensor is True, but self.use_nested_tensor is False because encoder_layer.norm_first was True
  warnings.warn(
/home/ryreu/miniconda3/envs/atlas_kd/lib/python3.10/site-packages/torch/nn/functional.py:5849: UserWarning: Support for mismatched key_padding_mask and attn_mask is deprecated. Use same type for both instead.
  warnings.warn(
/home/ryreu/miniconda3/envs/atlas_kd/lib/python3.10/site-packages/torch/nn/modules/transformer.py:379: UserWarning: enable_nested_tensor is True, but self.use_nested_tensor is False because encoder_layer.norm_first was True
  warnings.warn(
/home/ryreu/miniconda3/envs/atlas_kd/lib/python3.10/site-packages/torch/nn/functional.py:5849: UserWarning: Support for mismatched key_padding_mask and attn_mask is deprecated. Use same type for both instead.
  warnings.warn(
/home/ryreu/miniconda3/envs/atlas_kd/lib/python3.10/site-packages/torch/nn/modules/transformer.py:379: UserWarning: enable_nested_tensor is True, but self.use_nested_tensor is False because encoder_layer.norm_first was True
  warnings.warn(
/home/ryreu/miniconda3/envs/atlas_kd/lib/python3.10/site-packages/torch/nn/functional.py:5849: UserWarning: Support for mismatched key_padding_mask and attn_mask is deprecated. Use same type for both instead.
  warnings.warn(
/home/ryreu/miniconda3/envs/atlas_kd/lib/python3.10/site-packages/torch/nn/modules/transformer.py:379: UserWarning: enable_nested_tensor is True, but self.use_nested_tensor is False because encoder_layer.norm_first was True
  warnings.warn(
/home/ryreu/miniconda3/envs/atlas_kd/lib/python3.10/site-packages/torch/nn/functional.py:5849: UserWarning: Support for mismatched key_padding_mask and attn_mask is deprecated. Use same type for both instead.
  warnings.warn(
/home/ryreu/miniconda3/envs/atlas_kd/lib/python3.10/site-packages/torch/nn/modules/transformer.py:379: UserWarning: enable_nested_tensor is True, but self.use_nested_tensor is False because encoder_layer.norm_first was True
  warnings.warn(
/home/ryreu/miniconda3/envs/atlas_kd/lib/python3.10/site-packages/torch/nn/functional.py:5849: UserWarning: Support for mismatched key_padding_mask and attn_mask is deprecated. Use same type for both instead.
  warnings.warn(
/home/ryreu/miniconda3/envs/atlas_kd/lib/python3.10/site-packages/torch/nn/modules/transformer.py:379: UserWarning: enable_nested_tensor is True, but self.use_nested_tensor is False because encoder_layer.norm_first was True
  warnings.warn(
/home/ryreu/miniconda3/envs/atlas_kd/lib/python3.10/site-packages/torch/nn/functional.py:5849: UserWarning: Support for mismatched key_padding_mask and attn_mask is deprecated. Use same type for both instead.
  warnings.warn(
/home/ryreu/miniconda3/envs/atlas_kd/lib/python3.10/site-packages/torch/nn/modules/transformer.py:379: UserWarning: enable_nested_tensor is True, but self.use_nested_tensor is False because encoder_layer.norm_first was True
  warnings.warn(
/home/ryreu/miniconda3/envs/atlas_kd/lib/python3.10/site-packages/torch/nn/functional.py:5849: UserWarning: Support for mismatched key_padding_mask and attn_mask is deprecated. Use same type for both instead.
  warnings.warn(
/home/ryreu/miniconda3/envs/atlas_kd/lib/python3.10/site-packages/torch/nn/modules/transformer.py:379: UserWarning: enable_nested_tensor is True, but self.use_nested_tensor is False because encoder_layer.norm_first was True
  warnings.warn(
/home/ryreu/miniconda3/envs/atlas_kd/lib/python3.10/site-packages/torch/nn/functional.py:5849: UserWarning: Support for mismatched key_padding_mask and attn_mask is deprecated. Use same type for both instead.
  warnings.warn(
/home/ryreu/miniconda3/envs/atlas_kd/lib/python3.10/site-packages/torch/nn/modules/transformer.py:379: UserWarning: enable_nested_tensor is True, but self.use_nested_tensor is False because encoder_layer.norm_first was True
  warnings.warn(
/home/ryreu/miniconda3/envs/atlas_kd/lib/python3.10/site-packages/torch/nn/functional.py:5849: UserWarning: Support for mismatched key_padding_mask and attn_mask is deprecated. Use same type for both instead.
  warnings.warn(
/home/ryreu/miniconda3/envs/atlas_kd/lib/python3.10/site-packages/torch/nn/modules/transformer.py:379: UserWarning: enable_nested_tensor is True, but self.use_nested_tensor is False because encoder_layer.norm_first was True
  warnings.warn(
/home/ryreu/miniconda3/envs/atlas_kd/lib/python3.10/site-packages/torch/nn/functional.py:5849: UserWarning: Support for mismatched key_padding_mask and attn_mask is deprecated. Use same type for both instead.
  warnings.warn(
/home/ryreu/miniconda3/envs/atlas_kd/lib/python3.10/site-packages/torch/nn/modules/transformer.py:379: UserWarning: enable_nested_tensor is True, but self.use_nested_tensor is False because encoder_layer.norm_first was True
  warnings.warn(
/home/ryreu/miniconda3/envs/atlas_kd/lib/python3.10/site-packages/torch/nn/functional.py:5849: UserWarning: Support for mismatched key_padding_mask and attn_mask is deprecated. Use same type for both instead.
  warnings.warn(
/home/ryreu/miniconda3/envs/atlas_kd/lib/python3.10/site-packages/torch/nn/modules/transformer.py:379: UserWarning: enable_nested_tensor is True, but self.use_nested_tensor is False because encoder_layer.norm_first was True
  warnings.warn(
/home/ryreu/miniconda3/envs/atlas_kd/lib/python3.10/site-packages/torch/nn/functional.py:5849: UserWarning: Support for mismatched key_padding_mask and attn_mask is deprecated. Use same type for both instead.
  warnings.warn(
/home/ryreu/miniconda3/envs/atlas_kd/lib/python3.10/site-packages/torch/nn/modules/transformer.py:379: UserWarning: enable_nested_tensor is True, but self.use_nested_tensor is False because encoder_layer.norm_first was True
  warnings.warn(
/home/ryreu/miniconda3/envs/atlas_kd/lib/python3.10/site-packages/torch/nn/functional.py:5849: UserWarning: Support for mismatched key_padding_mask and attn_mask is deprecated. Use same type for both instead.
  warnings.warn(
/home/ryreu/miniconda3/envs/atlas_kd/lib/python3.10/site-packages/torch/nn/modules/transformer.py:379: UserWarning: enable_nested_tensor is True, but self.use_nested_tensor is False because encoder_layer.norm_first was True
  warnings.warn(
/home/ryreu/miniconda3/envs/atlas_kd/lib/python3.10/site-packages/torch/nn/functional.py:5849: UserWarning: Support for mismatched key_padding_mask and attn_mask is deprecated. Use same type for both instead.
  warnings.warn(
Traceback (most recent call last):
  File "/home/ryreu/atlas/PracticeTagging/precompute_hlt_joint55_devpool_scores.py", line 289, in _infer_joint_score
    reco.load_state_dict(reco_sd, strict=True)
  File "/home/ryreu/miniconda3/envs/atlas_kd/lib/python3.10/site-packages/torch/nn/modules/module.py", line 2584, in load_state_dict
    raise RuntimeError(
RuntimeError: Error(s) in loading state_dict for OfflineReconstructor:
	size mismatch for action_head.weight: copying a param with shape torch.Size([1, 256]) from checkpoint, the shape in current model is torch.Size([4, 256]).
	size mismatch for action_head.bias: copying a param with shape torch.Size([1]) from checkpoint, the shape in current model is torch.Size([4]).
	size mismatch for split_exist_head.weight: copying a param with shape torch.Size([1, 256]) from checkpoint, the shape in current model is torch.Size([2, 256]).
	size mismatch for split_exist_head.bias: copying a param with shape torch.Size([1]) from checkpoint, the shape in current model is torch.Size([2]).
	size mismatch for split_delta_head.weight: copying a param with shape torch.Size([256, 256]) from checkpoint, the shape in current model is torch.Size([6, 256]).
	size mismatch for split_delta_head.bias: copying a param with shape torch.Size([256]) from checkpoint, the shape in current model is torch.Size([6]).

During handling of the above exception, another exception occurred:

Traceback (most recent call last):
  File "/home/ryreu/atlas/PracticeTagging/precompute_hlt_joint55_devpool_scores.py", line 894, in <module>
    main()
  File "/home/ryreu/atlas/PracticeTagging/precompute_hlt_joint55_devpool_scores.py", line 755, in main
    score_dev, joint_loader_meta = _infer_joint_score(
  File "/home/ryreu/atlas/PracticeTagging/precompute_hlt_joint55_devpool_scores.py", line 291, in _infer_joint_score
    ik = reco.load_state_dict(reco_sd, strict=False)
  File "/home/ryreu/miniconda3/envs/atlas_kd/lib/python3.10/site-packages/torch/nn/modules/module.py", line 2584, in load_state_dict
    raise RuntimeError(
RuntimeError: Error(s) in loading state_dict for OfflineReconstructor:
	size mismatch for action_head.weight: copying a param with shape torch.Size([1, 256]) from checkpoint, the shape in current model is torch.Size([4, 256]).
	size mismatch for action_head.bias: copying a param with shape torch.Size([1]) from checkpoint, the shape in current model is torch.Size([4]).
	size mismatch for split_exist_head.weight: copying a param with shape torch.Size([1, 256]) from checkpoint, the shape in current model is torch.Size([2, 256]).
	size mismatch for split_exist_head.bias: copying a param with shape torch.Size([1]) from checkpoint, the shape in current model is torch.Size([2]).
	size mismatch for split_delta_head.weight: copying a param with shape torch.Size([256, 256]) from checkpoint, the shape in current model is torch.Size([6, 256]).
	size mismatch for split_delta_head.bias: copying a param with shape torch.Size([256]) from checkpoint, the shape in current model is torch.Size([6]).
