/home/ryreu/miniconda3/envs/atlas_kd/lib/python3.10/site-packages/torch/nn/modules/transformer.py:379: UserWarning: enable_nested_tensor is True, but self.use_nested_tensor is False because encoder_layer.norm_first was True
  warnings.warn(
/home/ryreu/miniconda3/envs/atlas_kd/lib/python3.10/site-packages/torch/nn/modules/transformer.py:379: UserWarning: enable_nested_tensor is True, but self.use_nested_tensor is False because encoder_layer.norm_first was True
  warnings.warn(
/home/ryreu/miniconda3/envs/atlas_kd/lib/python3.10/site-packages/torch/nn/functional.py:5849: UserWarning: Support for mismatched key_padding_mask and attn_mask is deprecated. Use same type for both instead.
  warnings.warn(
/home/ryreu/miniconda3/envs/atlas_kd/lib/python3.10/site-packages/torch/nn/modules/transformer.py:379: UserWarning: enable_nested_tensor is True, but self.use_nested_tensor is False because encoder_layer.norm_first was True
  warnings.warn(
/home/ryreu/miniconda3/envs/atlas_kd/lib/python3.10/site-packages/torch/nn/functional.py:5849: UserWarning: Support for mismatched key_padding_mask and attn_mask is deprecated. Use same type for both instead.
  warnings.warn(
/home/ryreu/miniconda3/envs/atlas_kd/lib/python3.10/site-packages/torch/nn/modules/transformer.py:379: UserWarning: enable_nested_tensor is True, but self.use_nested_tensor is False because encoder_layer.norm_first was True
  warnings.warn(
/home/ryreu/miniconda3/envs/atlas_kd/lib/python3.10/site-packages/torch/nn/functional.py:5849: UserWarning: Support for mismatched key_padding_mask and attn_mask is deprecated. Use same type for both instead.
  warnings.warn(
/home/ryreu/miniconda3/envs/atlas_kd/lib/python3.10/site-packages/torch/nn/modules/transformer.py:379: UserWarning: enable_nested_tensor is True, but self.use_nested_tensor is False because encoder_layer.norm_first was True
  warnings.warn(
/home/ryreu/miniconda3/envs/atlas_kd/lib/python3.10/site-packages/torch/nn/functional.py:5849: UserWarning: Support for mismatched key_padding_mask and attn_mask is deprecated. Use same type for both instead.
  warnings.warn(
/home/ryreu/miniconda3/envs/atlas_kd/lib/python3.10/site-packages/torch/nn/modules/transformer.py:379: UserWarning: enable_nested_tensor is True, but self.use_nested_tensor is False because encoder_layer.norm_first was True
  warnings.warn(
/home/ryreu/miniconda3/envs/atlas_kd/lib/python3.10/site-packages/torch/nn/functional.py:5849: UserWarning: Support for mismatched key_padding_mask and attn_mask is deprecated. Use same type for both instead.
  warnings.warn(
/home/ryreu/miniconda3/envs/atlas_kd/lib/python3.10/site-packages/torch/nn/modules/transformer.py:379: UserWarning: enable_nested_tensor is True, but self.use_nested_tensor is False because encoder_layer.norm_first was True
  warnings.warn(
/home/ryreu/miniconda3/envs/atlas_kd/lib/python3.10/site-packages/torch/nn/functional.py:5849: UserWarning: Support for mismatched key_padding_mask and attn_mask is deprecated. Use same type for both instead.
  warnings.warn(
/home/ryreu/miniconda3/envs/atlas_kd/lib/python3.10/site-packages/torch/nn/modules/transformer.py:379: UserWarning: enable_nested_tensor is True, but self.use_nested_tensor is False because encoder_layer.norm_first was True
  warnings.warn(
/home/ryreu/miniconda3/envs/atlas_kd/lib/python3.10/site-packages/torch/nn/functional.py:5849: UserWarning: Support for mismatched key_padding_mask and attn_mask is deprecated. Use same type for both instead.
  warnings.warn(
/home/ryreu/miniconda3/envs/atlas_kd/lib/python3.10/site-packages/torch/nn/modules/transformer.py:379: UserWarning: enable_nested_tensor is True, but self.use_nested_tensor is False because encoder_layer.norm_first was True
  warnings.warn(
/home/ryreu/miniconda3/envs/atlas_kd/lib/python3.10/site-packages/torch/nn/functional.py:5849: UserWarning: Support for mismatched key_padding_mask and attn_mask is deprecated. Use same type for both instead.
  warnings.warn(
/home/ryreu/miniconda3/envs/atlas_kd/lib/python3.10/site-packages/torch/nn/modules/transformer.py:379: UserWarning: enable_nested_tensor is True, but self.use_nested_tensor is False because encoder_layer.norm_first was True
  warnings.warn(
/home/ryreu/miniconda3/envs/atlas_kd/lib/python3.10/site-packages/torch/nn/functional.py:5849: UserWarning: Support for mismatched key_padding_mask and attn_mask is deprecated. Use same type for both instead.
  warnings.warn(
/home/ryreu/miniconda3/envs/atlas_kd/lib/python3.10/site-packages/torch/nn/modules/transformer.py:379: UserWarning: enable_nested_tensor is True, but self.use_nested_tensor is False because encoder_layer.norm_first was True
  warnings.warn(
/home/ryreu/miniconda3/envs/atlas_kd/lib/python3.10/site-packages/torch/nn/functional.py:5849: UserWarning: Support for mismatched key_padding_mask and attn_mask is deprecated. Use same type for both instead.
  warnings.warn(
/home/ryreu/miniconda3/envs/atlas_kd/lib/python3.10/site-packages/torch/nn/modules/transformer.py:379: UserWarning: enable_nested_tensor is True, but self.use_nested_tensor is False because encoder_layer.norm_first was True
  warnings.warn(
/home/ryreu/miniconda3/envs/atlas_kd/lib/python3.10/site-packages/torch/nn/functional.py:5849: UserWarning: Support for mismatched key_padding_mask and attn_mask is deprecated. Use same type for both instead.
  warnings.warn(
/home/ryreu/miniconda3/envs/atlas_kd/lib/python3.10/site-packages/torch/nn/modules/transformer.py:379: UserWarning: enable_nested_tensor is True, but self.use_nested_tensor is False because encoder_layer.norm_first was True
  warnings.warn(
/home/ryreu/miniconda3/envs/atlas_kd/lib/python3.10/site-packages/torch/nn/functional.py:5849: UserWarning: Support for mismatched key_padding_mask and attn_mask is deprecated. Use same type for both instead.
  warnings.warn(
/home/ryreu/miniconda3/envs/atlas_kd/lib/python3.10/site-packages/torch/nn/modules/transformer.py:379: UserWarning: enable_nested_tensor is True, but self.use_nested_tensor is False because encoder_layer.norm_first was True
  warnings.warn(
/home/ryreu/miniconda3/envs/atlas_kd/lib/python3.10/site-packages/torch/nn/functional.py:5849: UserWarning: Support for mismatched key_padding_mask and attn_mask is deprecated. Use same type for both instead.
  warnings.warn(
/home/ryreu/miniconda3/envs/atlas_kd/lib/python3.10/site-packages/torch/nn/modules/transformer.py:379: UserWarning: enable_nested_tensor is True, but self.use_nested_tensor is False because encoder_layer.norm_first was True
  warnings.warn(
/home/ryreu/miniconda3/envs/atlas_kd/lib/python3.10/site-packages/torch/nn/functional.py:5849: UserWarning: Support for mismatched key_padding_mask and attn_mask is deprecated. Use same type for both instead.
  warnings.warn(
/home/ryreu/miniconda3/envs/atlas_kd/lib/python3.10/site-packages/torch/nn/modules/transformer.py:379: UserWarning: enable_nested_tensor is True, but self.use_nested_tensor is False because encoder_layer.norm_first was True
  warnings.warn(
/home/ryreu/miniconda3/envs/atlas_kd/lib/python3.10/site-packages/torch/nn/functional.py:5849: UserWarning: Support for mismatched key_padding_mask and attn_mask is deprecated. Use same type for both instead.
  warnings.warn(
/home/ryreu/miniconda3/envs/atlas_kd/lib/python3.10/site-packages/torch/nn/modules/transformer.py:379: UserWarning: enable_nested_tensor is True, but self.use_nested_tensor is False because encoder_layer.norm_first was True
  warnings.warn(
/home/ryreu/miniconda3/envs/atlas_kd/lib/python3.10/site-packages/torch/nn/functional.py:5849: UserWarning: Support for mismatched key_padding_mask and attn_mask is deprecated. Use same type for both instead.
  warnings.warn(
/home/ryreu/miniconda3/envs/atlas_kd/lib/python3.10/site-packages/torch/nn/modules/transformer.py:379: UserWarning: enable_nested_tensor is True, but self.use_nested_tensor is False because encoder_layer.norm_first was True
  warnings.warn(
/home/ryreu/miniconda3/envs/atlas_kd/lib/python3.10/site-packages/torch/nn/functional.py:5849: UserWarning: Support for mismatched key_padding_mask and attn_mask is deprecated. Use same type for both instead.
  warnings.warn(
/home/ryreu/miniconda3/envs/atlas_kd/lib/python3.10/site-packages/torch/nn/modules/transformer.py:379: UserWarning: enable_nested_tensor is True, but self.use_nested_tensor is False because encoder_layer.norm_first was True
  warnings.warn(
/home/ryreu/miniconda3/envs/atlas_kd/lib/python3.10/site-packages/torch/nn/functional.py:5849: UserWarning: Support for mismatched key_padding_mask and attn_mask is deprecated. Use same type for both instead.
  warnings.warn(
/home/ryreu/miniconda3/envs/atlas_kd/lib/python3.10/site-packages/torch/nn/modules/transformer.py:379: UserWarning: enable_nested_tensor is True, but self.use_nested_tensor is False because encoder_layer.norm_first was True
  warnings.warn(
/home/ryreu/miniconda3/envs/atlas_kd/lib/python3.10/site-packages/torch/nn/functional.py:5849: UserWarning: Support for mismatched key_padding_mask and attn_mask is deprecated. Use same type for both instead.
  warnings.warn(
/home/ryreu/miniconda3/envs/atlas_kd/lib/python3.10/site-packages/torch/nn/modules/transformer.py:379: UserWarning: enable_nested_tensor is True, but self.use_nested_tensor is False because encoder_layer.norm_first was True
  warnings.warn(
/home/ryreu/miniconda3/envs/atlas_kd/lib/python3.10/site-packages/torch/nn/functional.py:5849: UserWarning: Support for mismatched key_padding_mask and attn_mask is deprecated. Use same type for both instead.
  warnings.warn(
/home/ryreu/miniconda3/envs/atlas_kd/lib/python3.10/site-packages/torch/nn/modules/transformer.py:379: UserWarning: enable_nested_tensor is True, but self.use_nested_tensor is False because encoder_layer.norm_first was True
  warnings.warn(
/home/ryreu/miniconda3/envs/atlas_kd/lib/python3.10/site-packages/torch/nn/functional.py:5849: UserWarning: Support for mismatched key_padding_mask and attn_mask is deprecated. Use same type for both instead.
  warnings.warn(
/home/ryreu/miniconda3/envs/atlas_kd/lib/python3.10/site-packages/torch/nn/modules/transformer.py:379: UserWarning: enable_nested_tensor is True, but self.use_nested_tensor is False because encoder_layer.norm_first was True
  warnings.warn(
/home/ryreu/miniconda3/envs/atlas_kd/lib/python3.10/site-packages/torch/nn/functional.py:5849: UserWarning: Support for mismatched key_padding_mask and attn_mask is deprecated. Use same type for both instead.
  warnings.warn(
/home/ryreu/miniconda3/envs/atlas_kd/lib/python3.10/site-packages/torch/nn/modules/transformer.py:379: UserWarning: enable_nested_tensor is True, but self.use_nested_tensor is False because encoder_layer.norm_first was True
  warnings.warn(
/home/ryreu/miniconda3/envs/atlas_kd/lib/python3.10/site-packages/torch/nn/functional.py:5849: UserWarning: Support for mismatched key_padding_mask and attn_mask is deprecated. Use same type for both instead.
  warnings.warn(
/home/ryreu/miniconda3/envs/atlas_kd/lib/python3.10/site-packages/torch/nn/modules/transformer.py:379: UserWarning: enable_nested_tensor is True, but self.use_nested_tensor is False because encoder_layer.norm_first was True
  warnings.warn(
/home/ryreu/miniconda3/envs/atlas_kd/lib/python3.10/site-packages/torch/nn/functional.py:5849: UserWarning: Support for mismatched key_padding_mask and attn_mask is deprecated. Use same type for both instead.
  warnings.warn(
/home/ryreu/miniconda3/envs/atlas_kd/lib/python3.10/site-packages/torch/nn/modules/transformer.py:379: UserWarning: enable_nested_tensor is True, but self.use_nested_tensor is False because encoder_layer.norm_first was True
  warnings.warn(
/home/ryreu/miniconda3/envs/atlas_kd/lib/python3.10/site-packages/torch/nn/functional.py:5849: UserWarning: Support for mismatched key_padding_mask and attn_mask is deprecated. Use same type for both instead.
  warnings.warn(
/home/ryreu/miniconda3/envs/atlas_kd/lib/python3.10/site-packages/torch/nn/modules/transformer.py:379: UserWarning: enable_nested_tensor is True, but self.use_nested_tensor is False because encoder_layer.norm_first was True
  warnings.warn(
/home/ryreu/miniconda3/envs/atlas_kd/lib/python3.10/site-packages/torch/nn/functional.py:5849: UserWarning: Support for mismatched key_padding_mask and attn_mask is deprecated. Use same type for both instead.
  warnings.warn(
/home/ryreu/miniconda3/envs/atlas_kd/lib/python3.10/site-packages/torch/nn/modules/transformer.py:379: UserWarning: enable_nested_tensor is True, but self.use_nested_tensor is False because encoder_layer.norm_first was True
  warnings.warn(
/home/ryreu/miniconda3/envs/atlas_kd/lib/python3.10/site-packages/torch/nn/functional.py:5849: UserWarning: Support for mismatched key_padding_mask and attn_mask is deprecated. Use same type for both instead.
  warnings.warn(
/home/ryreu/miniconda3/envs/atlas_kd/lib/python3.10/site-packages/torch/nn/modules/transformer.py:379: UserWarning: enable_nested_tensor is True, but self.use_nested_tensor is False because encoder_layer.norm_first was True
  warnings.warn(
/home/ryreu/miniconda3/envs/atlas_kd/lib/python3.10/site-packages/torch/nn/functional.py:5849: UserWarning: Support for mismatched key_padding_mask and attn_mask is deprecated. Use same type for both instead.
  warnings.warn(
/home/ryreu/miniconda3/envs/atlas_kd/lib/python3.10/site-packages/torch/nn/modules/transformer.py:379: UserWarning: enable_nested_tensor is True, but self.use_nested_tensor is False because encoder_layer.norm_first was True
  warnings.warn(
/home/ryreu/miniconda3/envs/atlas_kd/lib/python3.10/site-packages/torch/nn/functional.py:5849: UserWarning: Support for mismatched key_padding_mask and attn_mask is deprecated. Use same type for both instead.
  warnings.warn(
/home/ryreu/miniconda3/envs/atlas_kd/lib/python3.10/site-packages/torch/nn/modules/transformer.py:379: UserWarning: enable_nested_tensor is True, but self.use_nested_tensor is False because encoder_layer.norm_first was True
  warnings.warn(
/home/ryreu/miniconda3/envs/atlas_kd/lib/python3.10/site-packages/torch/nn/functional.py:5849: UserWarning: Support for mismatched key_padding_mask and attn_mask is deprecated. Use same type for both instead.
  warnings.warn(
/home/ryreu/miniconda3/envs/atlas_kd/lib/python3.10/site-packages/torch/nn/modules/transformer.py:379: UserWarning: enable_nested_tensor is True, but self.use_nested_tensor is False because encoder_layer.norm_first was True
  warnings.warn(
/home/ryreu/miniconda3/envs/atlas_kd/lib/python3.10/site-packages/torch/nn/functional.py:5849: UserWarning: Support for mismatched key_padding_mask and attn_mask is deprecated. Use same type for both instead.
  warnings.warn(
/home/ryreu/miniconda3/envs/atlas_kd/lib/python3.10/site-packages/torch/nn/modules/transformer.py:379: UserWarning: enable_nested_tensor is True, but self.use_nested_tensor is False because encoder_layer.norm_first was True
  warnings.warn(
/home/ryreu/miniconda3/envs/atlas_kd/lib/python3.10/site-packages/torch/nn/functional.py:5849: UserWarning: Support for mismatched key_padding_mask and attn_mask is deprecated. Use same type for both instead.
  warnings.warn(
/home/ryreu/miniconda3/envs/atlas_kd/lib/python3.10/site-packages/torch/nn/modules/transformer.py:379: UserWarning: enable_nested_tensor is True, but self.use_nested_tensor is False because encoder_layer.norm_first was True
  warnings.warn(
/home/ryreu/miniconda3/envs/atlas_kd/lib/python3.10/site-packages/torch/nn/functional.py:5849: UserWarning: Support for mismatched key_padding_mask and attn_mask is deprecated. Use same type for both instead.
  warnings.warn(
/home/ryreu/miniconda3/envs/atlas_kd/lib/python3.10/site-packages/torch/nn/modules/transformer.py:379: UserWarning: enable_nested_tensor is True, but self.use_nested_tensor is False because encoder_layer.norm_first was True
  warnings.warn(
/home/ryreu/miniconda3/envs/atlas_kd/lib/python3.10/site-packages/torch/nn/functional.py:5849: UserWarning: Support for mismatched key_padding_mask and attn_mask is deprecated. Use same type for both instead.
  warnings.warn(
Traceback (most recent call last):
  File "/home/ryreu/atlas/PracticeTagging/precompute_hlt_joint55_devpool_scores.py", line 998, in <module>
    main()
  File "/home/ryreu/atlas/PracticeTagging/precompute_hlt_joint55_devpool_scores.py", line 859, in main
    score_dev, joint_loader_meta = _infer_joint_score(
  File "/home/ryreu/atlas/PracticeTagging/precompute_hlt_joint55_devpool_scores.py", line 418, in _infer_joint_score
    feat_b, mask_b = m2base.build_soft_corrected_view(
  File "/home/ryreu/atlas/PracticeTagging/offline_reconstructor_joint_dualview_stage2save_auc_norankc_nopriv_unmergeonly_hybridcand.py", line 101, in _build_soft_corrected_view_hybrid
    feat_b, mask_b = _ORIG_BUILD_SOFT_VIEW(
  File "/home/ryreu/atlas/PracticeTagging/offline_reconstructor_joint_dualview_stage2save_auc_norankc_nopriv_unmergeonly_hybridcand.py", line 101, in _build_soft_corrected_view_hybrid
    feat_b, mask_b = _ORIG_BUILD_SOFT_VIEW(
  File "/home/ryreu/atlas/PracticeTagging/offline_reconstructor_joint_dualview_stage2save_auc_norankc_nopriv_unmergeonly_hybridcand.py", line 101, in _build_soft_corrected_view_hybrid
    feat_b, mask_b = _ORIG_BUILD_SOFT_VIEW(
  File "/home/ryreu/atlas/PracticeTagging/offline_reconstructor_joint_dualview_stage2save_auc_norankc_nopriv_unmergeonly_hybridcand.py", line 101, in _build_soft_corrected_view_hybrid
    feat_b, mask_b = _ORIG_BUILD_SOFT_VIEW(
  [Previous line repeated 993 more times]
RecursionError: maximum recursion depth exceeded
