/home/ryreu/atlas/PracticeTagging/precompute_hlt_joint55_devpool_scores.py:53: FutureWarning: You are using `torch.load` with `weights_only=False` (the current default value), which uses the default pickle module implicitly. It is possible to construct malicious pickle data which will execute arbitrary code during unpickling (See https://github.com/pytorch/pytorch/blob/main/SECURITY.md#untrusted-models for more details). In a future release, the default value for `weights_only` will be flipped to `True`. This limits the functions that could be executed during unpickling. Arbitrary objects will no longer be allowed to be loaded via this mode unless they are explicitly allowlisted by the user via `torch.serialization.add_safe_globals`. We recommend you start setting `weights_only=True` for any use case where you don't have full control of the loaded file. Please open an issue on GitHub for any issues related to this experimental feature.
  obj = torch.load(path, map_location=device)
/home/ryreu/miniconda3/envs/atlas_kd/lib/python3.10/site-packages/torch/nn/modules/transformer.py:379: UserWarning: enable_nested_tensor is True, but self.use_nested_tensor is False because encoder_layer.norm_first was True
  warnings.warn(
/home/ryreu/atlas/PracticeTagging/precompute_hlt_joint55_devpool_scores.py:53: FutureWarning: You are using `torch.load` with `weights_only=False` (the current default value), which uses the default pickle module implicitly. It is possible to construct malicious pickle data which will execute arbitrary code during unpickling (See https://github.com/pytorch/pytorch/blob/main/SECURITY.md#untrusted-models for more details). In a future release, the default value for `weights_only` will be flipped to `True`. This limits the functions that could be executed during unpickling. Arbitrary objects will no longer be allowed to be loaded via this mode unless they are explicitly allowlisted by the user via `torch.serialization.add_safe_globals`. We recommend you start setting `weights_only=True` for any use case where you don't have full control of the loaded file. Please open an issue on GitHub for any issues related to this experimental feature.
  obj = torch.load(path, map_location=device)
/home/ryreu/miniconda3/envs/atlas_kd/lib/python3.10/site-packages/torch/nn/modules/transformer.py:379: UserWarning: enable_nested_tensor is True, but self.use_nested_tensor is False because encoder_layer.norm_first was True
  warnings.warn(
/home/ryreu/miniconda3/envs/atlas_kd/lib/python3.10/site-packages/torch/nn/functional.py:5849: UserWarning: Support for mismatched key_padding_mask and attn_mask is deprecated. Use same type for both instead.
  warnings.warn(
/home/ryreu/atlas/PracticeTagging/precompute_hlt_joint55_devpool_scores.py:53: FutureWarning: You are using `torch.load` with `weights_only=False` (the current default value), which uses the default pickle module implicitly. It is possible to construct malicious pickle data which will execute arbitrary code during unpickling (See https://github.com/pytorch/pytorch/blob/main/SECURITY.md#untrusted-models for more details). In a future release, the default value for `weights_only` will be flipped to `True`. This limits the functions that could be executed during unpickling. Arbitrary objects will no longer be allowed to be loaded via this mode unless they are explicitly allowlisted by the user via `torch.serialization.add_safe_globals`. We recommend you start setting `weights_only=True` for any use case where you don't have full control of the loaded file. Please open an issue on GitHub for any issues related to this experimental feature.
  obj = torch.load(path, map_location=device)
/home/ryreu/miniconda3/envs/atlas_kd/lib/python3.10/site-packages/torch/nn/modules/transformer.py:379: UserWarning: enable_nested_tensor is True, but self.use_nested_tensor is False because encoder_layer.norm_first was True
  warnings.warn(
/home/ryreu/miniconda3/envs/atlas_kd/lib/python3.10/site-packages/torch/nn/functional.py:5849: UserWarning: Support for mismatched key_padding_mask and attn_mask is deprecated. Use same type for both instead.
  warnings.warn(
/home/ryreu/atlas/PracticeTagging/precompute_hlt_joint55_devpool_scores.py:53: FutureWarning: You are using `torch.load` with `weights_only=False` (the current default value), which uses the default pickle module implicitly. It is possible to construct malicious pickle data which will execute arbitrary code during unpickling (See https://github.com/pytorch/pytorch/blob/main/SECURITY.md#untrusted-models for more details). In a future release, the default value for `weights_only` will be flipped to `True`. This limits the functions that could be executed during unpickling. Arbitrary objects will no longer be allowed to be loaded via this mode unless they are explicitly allowlisted by the user via `torch.serialization.add_safe_globals`. We recommend you start setting `weights_only=True` for any use case where you don't have full control of the loaded file. Please open an issue on GitHub for any issues related to this experimental feature.
  obj = torch.load(path, map_location=device)
/home/ryreu/miniconda3/envs/atlas_kd/lib/python3.10/site-packages/torch/nn/modules/transformer.py:379: UserWarning: enable_nested_tensor is True, but self.use_nested_tensor is False because encoder_layer.norm_first was True
  warnings.warn(
/home/ryreu/miniconda3/envs/atlas_kd/lib/python3.10/site-packages/torch/nn/functional.py:5849: UserWarning: Support for mismatched key_padding_mask and attn_mask is deprecated. Use same type for both instead.
  warnings.warn(
/home/ryreu/atlas/PracticeTagging/precompute_hlt_joint55_devpool_scores.py:53: FutureWarning: You are using `torch.load` with `weights_only=False` (the current default value), which uses the default pickle module implicitly. It is possible to construct malicious pickle data which will execute arbitrary code during unpickling (See https://github.com/pytorch/pytorch/blob/main/SECURITY.md#untrusted-models for more details). In a future release, the default value for `weights_only` will be flipped to `True`. This limits the functions that could be executed during unpickling. Arbitrary objects will no longer be allowed to be loaded via this mode unless they are explicitly allowlisted by the user via `torch.serialization.add_safe_globals`. We recommend you start setting `weights_only=True` for any use case where you don't have full control of the loaded file. Please open an issue on GitHub for any issues related to this experimental feature.
  obj = torch.load(path, map_location=device)
/home/ryreu/miniconda3/envs/atlas_kd/lib/python3.10/site-packages/torch/nn/modules/transformer.py:379: UserWarning: enable_nested_tensor is True, but self.use_nested_tensor is False because encoder_layer.norm_first was True
  warnings.warn(
/home/ryreu/miniconda3/envs/atlas_kd/lib/python3.10/site-packages/torch/nn/functional.py:5849: UserWarning: Support for mismatched key_padding_mask and attn_mask is deprecated. Use same type for both instead.
  warnings.warn(
Traceback (most recent call last):
  File "/home/ryreu/atlas/PracticeTagging/precompute_hlt_joint55_devpool_scores.py", line 793, in <module>
    main()
  File "/home/ryreu/atlas/PracticeTagging/precompute_hlt_joint55_devpool_scores.py", line 653, in main
    means, stds = _load_means_stds(run_dir)
  File "/home/ryreu/atlas/PracticeTagging/precompute_hlt_joint55_devpool_scores.py", line 105, in _load_means_stds
    raise KeyError(f"data_splits missing means/stds: {p}")
KeyError: 'data_splits missing means/stds: /home/ryreu/atlas/PracticeTagging/checkpoints/reco_teacher_joint_fusion_6model_150k75k150k/model6_concat_stagea_corrected/model6_concat_stagea_corrected_150k75k150k_seed0/data_splits.npz'
