============================================================
Teacher + HLT Baseline Only (5M/1.25M/1.25M split, real train/test H5, weighted)
Run: checkpoints/reco_teacher_joint_fusion_6model_5m1250k1250k/teacher_hlt_only/teacher_hlt_only_5m1250k1250k_seed4
Train path: ./data/train_quarter.h5
Test path:  ./data/test.h5
Data: n_train_jets=6250000, split=5000000/1250000/1250000, offset=0, test_offset=0
============================================================
 python offline_reconstructor_joint_dualview_stage2save_auc_norankc_nopriv_unmergeonly.py --train_path ./data/train_quarter.h5 --test_path ./data/test.h5 --test_offset_jets 0 --use_train_weights --save_dir checkpoints/reco_teacher_joint_fusion_6model_5m1250k1250k/teacher_hlt_only --run_name teacher_hlt_only_5m1250k1250k_seed4 --n_train_jets 6250000 --n_train_split 5000000 --n_val_split 1250000 --n_test_split 1250000 --offset_jets 0 --max_constits 100 --num_workers 6 --seed 4 --selection_metric auc --step1_only --device cuda
Device: cuda
Save dir: checkpoints/reco_teacher_joint_fusion_6model_5m1250k1250k/teacher_hlt_only/teacher_hlt_only_5m1250k1250k_seed4
Loading offline constituents...
Info: using 'weights' from data/train_quarter.h5 as training weights.
Generating pseudo-HLT...
Non-priv target setup: added_target_scale=1.000, mean_true_added_raw=25.106, mean_target_added=25.106
Computing features...
Split sizes: Train=5000000, Val=1250000, Test(external)=1250000 (custom_counts=True)
Stage-B train subset: N=5000000 / 5000000 (frac=1.000, seed=4)

======================================================================
STEP 1: TEACHER + BASELINE
======================================================================
Loading external test constituents...
Info: using 'weights' from data/test.h5 as training weights.
Teacher ep 5: train_auc=0.9475, val_auc=0.9509, val_fpr50=0.009670, best_auc=0.9509, fpr50@best=0.009670
Teacher ep 10: train_auc=0.9516, val_auc=0.9535, val_fpr50=0.008792, best_auc=0.9535, fpr50@best=0.008792
Teacher ep 15: train_auc=0.9538, val_auc=0.9531, val_fpr50=0.009400, best_auc=0.9548, fpr50@best=0.008399
Teacher ep 20: train_auc=0.9554, val_auc=0.9555, val_fpr50=0.008143, best_auc=0.9555, fpr50@best=0.008143
Teacher ep 25: train_auc=0.9567, val_auc=0.9548, val_fpr50=0.008635, best_auc=0.9555, fpr50@best=0.008143
Teacher ep 30: train_auc=0.9582, val_auc=0.9558, val_fpr50=0.008130, best_auc=0.9562, fpr50@best=0.008191
Teacher ep 35: train_auc=0.9594, val_auc=0.9556, val_fpr50=0.008574, best_auc=0.9563, fpr50@best=0.008041
Teacher ep 40: train_auc=0.9607, val_auc=0.9557, val_fpr50=0.008598, best_auc=0.9563, fpr50@best=0.008041
Teacher ep 45: train_auc=0.9619, val_auc=0.9546, val_fpr50=0.009862, best_auc=0.9563, fpr50@best=0.008041
Early stopping Teacher at epoch 46
Baseline ep 5: train_auc=0.9131, val_auc=0.9144, val_fpr50=0.023672, best_auc=0.9144, fpr50@best=0.023672
Baseline ep 10: train_auc=0.9175, val_auc=0.9200, val_fpr50=0.020287, best_auc=0.9200, fpr50@best=0.020287
Baseline ep 15: train_auc=0.9197, val_auc=0.9218, val_fpr50=0.019281, best_auc=0.9218, fpr50@best=0.019281
Baseline ep 20: train_auc=0.9213, val_auc=0.9217, val_fpr50=0.019832, best_auc=0.9218, fpr50@best=0.019281
Baseline ep 25: train_auc=0.9228, val_auc=0.9218, val_fpr50=0.019548, best_auc=0.9225, fpr50@best=0.019008
Baseline ep 30: train_auc=0.9243, val_auc=0.9224, val_fpr50=0.019448, best_auc=0.9230, fpr50@best=0.019160
Baseline ep 35: train_auc=0.9257, val_auc=0.9232, val_fpr50=0.018832, best_auc=0.9232, fpr50@best=0.018832
Baseline ep 40: train_auc=0.9270, val_auc=0.9228, val_fpr50=0.019293, best_auc=0.9236, fpr50@best=0.018931
Baseline ep 45: train_auc=0.9282, val_auc=0.9223, val_fpr50=0.019905, best_auc=0.9236, fpr50@best=0.018931
Baseline ep 50: train_auc=0.9291, val_auc=0.9219, val_fpr50=0.020435, best_auc=0.9236, fpr50@best=0.018931
Early stopping Baseline at epoch 51
StageC weak-delta HLT reference @TPR=0.50: threshold_prob=0.914666, val_auc_hlt=0.9236

======================================================================
FINAL TEST EVALUATION (STEP 1 ONLY)
======================================================================
Teacher (Offline) AUC: 0.9565
Baseline (HLT)   AUC: 0.9235
FPR@30 Teacher/Baseline: 0.001945 / 0.004643
FPR@50 Teacher/Baseline: 0.008036 / 0.019078
Saved STEP1-only arrays to: checkpoints/reco_teacher_joint_fusion_6model_5m1250k1250k/teacher_hlt_only/teacher_hlt_only_5m1250k1250k_seed4/results_step1_teacher_baseline.npz
Saved STEP1-only report to: checkpoints/reco_teacher_joint_fusion_6model_5m1250k1250k/teacher_hlt_only/teacher_hlt_only_5m1250k1250k_seed4/results_step1_teacher_baseline.json
Done: checkpoints/reco_teacher_joint_fusion_6model_5m1250k1250k/teacher_hlt_only/teacher_hlt_only_5m1250k1250k_seed4
Done: checkpoints/reco_teacher_joint_fusion_6model_5m1250k1250k/teacher_hlt_only/teacher_hlt_only_5m1250k1250k_seed4
