============================================================
Teacher + HLT Baseline Only (4M/1M/1M split, real train/test H5, weighted)
Run: checkpoints/reco_teacher_joint_fusion_6model_4m1m1m/teacher_hlt_only/teacher_hlt_only_4m1m1m_seed4
Train path: ./data/train_quarter.h5
Test path:  ./data/test.h5
Data: n_train_jets=5000000, split=4000000/1000000/1000000, offset=0, test_offset=0
============================================================
 python offline_reconstructor_joint_dualview_stage2save_auc_norankc_nopriv_unmergeonly.py --train_path ./data/train_quarter.h5 --test_path ./data/test.h5 --test_offset_jets 0 --use_train_weights --save_dir checkpoints/reco_teacher_joint_fusion_6model_4m1m1m/teacher_hlt_only --run_name teacher_hlt_only_4m1m1m_seed4 --n_train_jets 5000000 --n_train_split 4000000 --n_val_split 1000000 --n_test_split 1000000 --offset_jets 0 --max_constits 100 --num_workers 6 --seed 4 --selection_metric auc --step1_only --device cuda
Device: cuda
Save dir: checkpoints/reco_teacher_joint_fusion_6model_4m1m1m/teacher_hlt_only/teacher_hlt_only_4m1m1m_seed4
Loading offline constituents...
Info: using 'weights' from data/train_quarter.h5 as training weights.
Generating pseudo-HLT...
Non-priv target setup: added_target_scale=1.000, mean_true_added_raw=25.104, mean_target_added=25.104
Computing features...
Split sizes: Train=4000000, Val=1000000, Test(external)=1000000 (custom_counts=True)
Stage-B train subset: N=4000000 / 4000000 (frac=1.000, seed=4)

======================================================================
STEP 1: TEACHER + BASELINE
======================================================================
Loading external test constituents...
Info: using 'weights' from data/test.h5 as training weights.
Teacher ep 5: train_auc=0.9468, val_auc=0.9496, val_fpr50=0.009980, best_auc=0.9496, fpr50@best=0.009980
Teacher ep 10: train_auc=0.9512, val_auc=0.9527, val_fpr50=0.008741, best_auc=0.9535, fpr50@best=0.008784
Teacher ep 15: train_auc=0.9535, val_auc=0.9537, val_fpr50=0.008799, best_auc=0.9543, fpr50@best=0.008440
Teacher ep 20: train_auc=0.9551, val_auc=0.9542, val_fpr50=0.008922, best_auc=0.9557, fpr50@best=0.007853
Teacher ep 25: train_auc=0.9567, val_auc=0.9548, val_fpr50=0.008392, best_auc=0.9557, fpr50@best=0.007853
Teacher ep 30: train_auc=0.9580, val_auc=0.9558, val_fpr50=0.008250, best_auc=0.9565, fpr50@best=0.007936
Teacher ep 35: train_auc=0.9595, val_auc=0.9560, val_fpr50=0.008387, best_auc=0.9565, fpr50@best=0.007936
Teacher ep 40: train_auc=0.9609, val_auc=0.9559, val_fpr50=0.008754, best_auc=0.9565, fpr50@best=0.007936
Early stopping Teacher at epoch 41
Baseline ep 5: train_auc=0.9121, val_auc=0.9144, val_fpr50=0.023388, best_auc=0.9152, fpr50@best=0.023012
Baseline ep 10: train_auc=0.9165, val_auc=0.9188, val_fpr50=0.021414, best_auc=0.9190, fpr50@best=0.020822
Baseline ep 15: train_auc=0.9188, val_auc=0.9206, val_fpr50=0.020139, best_auc=0.9206, fpr50@best=0.020139
Baseline ep 20: train_auc=0.9206, val_auc=0.9199, val_fpr50=0.020710, best_auc=0.9215, fpr50@best=0.020058
Baseline ep 25: train_auc=0.9223, val_auc=0.9217, val_fpr50=0.019868, best_auc=0.9220, fpr50@best=0.019628
Baseline ep 30: train_auc=0.9238, val_auc=0.9225, val_fpr50=0.019202, best_auc=0.9225, fpr50@best=0.019202
Baseline ep 35: train_auc=0.9253, val_auc=0.9215, val_fpr50=0.020032, best_auc=0.9227, fpr50@best=0.019079
Baseline ep 40: train_auc=0.9268, val_auc=0.9213, val_fpr50=0.020662, best_auc=0.9227, fpr50@best=0.019079
Baseline ep 45: train_auc=0.9282, val_auc=0.9205, val_fpr50=0.021346, best_auc=0.9227, fpr50@best=0.019079
Early stopping Baseline at epoch 47
StageC weak-delta HLT reference @TPR=0.50: threshold_prob=0.889237, val_auc_hlt=0.9227

======================================================================
FINAL TEST EVALUATION (STEP 1 ONLY)
======================================================================
Teacher (Offline) AUC: 0.9565
Baseline (HLT)   AUC: 0.9225
FPR@30 Teacher/Baseline: 0.001904 / 0.004459
FPR@50 Teacher/Baseline: 0.007934 / 0.019252
Saved STEP1-only arrays to: checkpoints/reco_teacher_joint_fusion_6model_4m1m1m/teacher_hlt_only/teacher_hlt_only_4m1m1m_seed4/results_step1_teacher_baseline.npz
Saved STEP1-only report to: checkpoints/reco_teacher_joint_fusion_6model_4m1m1m/teacher_hlt_only/teacher_hlt_only_4m1m1m_seed4/results_step1_teacher_baseline.json
Done: checkpoints/reco_teacher_joint_fusion_6model_4m1m1m/teacher_hlt_only/teacher_hlt_only_4m1m1m_seed4
Done: checkpoints/reco_teacher_joint_fusion_6model_4m1m1m/teacher_hlt_only/teacher_hlt_only_4m1m1m_seed4
