============================================================
Teacher + HLT Baseline Only (3M/750k/750k split, real train/test H5, weighted)
Run: checkpoints/reco_teacher_joint_fusion_6model_3m750k750k/teacher_hlt_only/teacher_hlt_only_3m750k750k_seed4
Train path: ./data/train_quarter.h5
Test path:  ./data/test.h5
Data: n_train_jets=3750000, split=3000000/750000/750000, offset=0, test_offset=0
============================================================
 python offline_reconstructor_joint_dualview_stage2save_auc_norankc_nopriv_unmergeonly.py --train_path ./data/train_quarter.h5 --test_path ./data/test.h5 --test_offset_jets 0 --use_train_weights --save_dir checkpoints/reco_teacher_joint_fusion_6model_3m750k750k/teacher_hlt_only --run_name teacher_hlt_only_3m750k750k_seed4 --n_train_jets 3750000 --n_train_split 3000000 --n_val_split 750000 --n_test_split 750000 --offset_jets 0 --max_constits 100 --num_workers 6 --seed 4 --selection_metric auc --step1_only --device cuda
Device: cuda
Save dir: checkpoints/reco_teacher_joint_fusion_6model_3m750k750k/teacher_hlt_only/teacher_hlt_only_3m750k750k_seed4
Loading offline constituents...
Info: using 'weights' from data/train_quarter.h5 as training weights.
Generating pseudo-HLT...
Non-priv target setup: added_target_scale=1.000, mean_true_added_raw=25.103, mean_target_added=25.103
Computing features...
Split sizes: Train=3000000, Val=750000, Test(external)=750000 (custom_counts=True)
Stage-B train subset: N=3000000 / 3000000 (frac=1.000, seed=4)

======================================================================
STEP 1: TEACHER + BASELINE
======================================================================
Loading external test constituents...
Info: using 'weights' from data/test.h5 as training weights.
Teacher ep 5: train_auc=0.9455, val_auc=0.9473, val_fpr50=0.011298, best_auc=0.9476, fpr50@best=0.011232
Teacher ep 10: train_auc=0.9500, val_auc=0.9492, val_fpr50=0.011055, best_auc=0.9510, fpr50@best=0.010278
Teacher ep 15: train_auc=0.9524, val_auc=0.9535, val_fpr50=0.008987, best_auc=0.9535, fpr50@best=0.008987
Teacher ep 20: train_auc=0.9542, val_auc=0.9539, val_fpr50=0.009035, best_auc=0.9545, fpr50@best=0.008450
Teacher ep 25: train_auc=0.9559, val_auc=0.9544, val_fpr50=0.008587, best_auc=0.9546, fpr50@best=0.008732
Teacher ep 30: train_auc=0.9576, val_auc=0.9528, val_fpr50=0.009808, best_auc=0.9549, fpr50@best=0.008729
Teacher ep 35: train_auc=0.9593, val_auc=0.9542, val_fpr50=0.009273, best_auc=0.9550, fpr50@best=0.008890
Teacher ep 40: train_auc=0.9608, val_auc=0.9534, val_fpr50=0.010325, best_auc=0.9550, fpr50@best=0.008890
Teacher ep 45: train_auc=0.9624, val_auc=0.9529, val_fpr50=0.010909, best_auc=0.9550, fpr50@best=0.008890
Early stopping Teacher at epoch 46
Baseline ep 5: train_auc=0.9105, val_auc=0.9150, val_fpr50=0.024083, best_auc=0.9150, fpr50@best=0.024083
Baseline ep 10: train_auc=0.9153, val_auc=0.9171, val_fpr50=0.022470, best_auc=0.9183, fpr50@best=0.021765
Baseline ep 15: train_auc=0.9178, val_auc=0.9201, val_fpr50=0.021228, best_auc=0.9201, fpr50@best=0.021228
Baseline ep 20: train_auc=0.9199, val_auc=0.9194, val_fpr50=0.021326, best_auc=0.9206, fpr50@best=0.020494
Baseline ep 25: train_auc=0.9216, val_auc=0.9194, val_fpr50=0.021312, best_auc=0.9206, fpr50@best=0.020494
Baseline ep 30: train_auc=0.9233, val_auc=0.9218, val_fpr50=0.020251, best_auc=0.9218, fpr50@best=0.020251
Baseline ep 35: train_auc=0.9249, val_auc=0.9199, val_fpr50=0.021395, best_auc=0.9218, fpr50@best=0.020251
Baseline ep 40: train_auc=0.9268, val_auc=0.9198, val_fpr50=0.021660, best_auc=0.9218, fpr50@best=0.020251
Baseline ep 45: train_auc=0.9283, val_auc=0.9198, val_fpr50=0.021702, best_auc=0.9218, fpr50@best=0.020251
Early stopping Baseline at epoch 45
StageC weak-delta HLT reference @TPR=0.50: threshold_prob=0.887532, val_auc_hlt=0.9218

======================================================================
FINAL TEST EVALUATION (STEP 1 ONLY)
======================================================================
Teacher (Offline) AUC: 0.9552
Baseline (HLT)   AUC: 0.9216
FPR@30 Teacher/Baseline: 0.002184 / 0.004735
FPR@50 Teacher/Baseline: 0.008893 / 0.019625
Saved STEP1-only arrays to: checkpoints/reco_teacher_joint_fusion_6model_3m750k750k/teacher_hlt_only/teacher_hlt_only_3m750k750k_seed4/results_step1_teacher_baseline.npz
Saved STEP1-only report to: checkpoints/reco_teacher_joint_fusion_6model_3m750k750k/teacher_hlt_only/teacher_hlt_only_3m750k750k_seed4/results_step1_teacher_baseline.json
Done: checkpoints/reco_teacher_joint_fusion_6model_3m750k750k/teacher_hlt_only/teacher_hlt_only_3m750k750k_seed4
Done: checkpoints/reco_teacher_joint_fusion_6model_3m750k750k/teacher_hlt_only/teacher_hlt_only_3m750k750k_seed4
