============================================================
Teacher + HLT Baseline Only (5M/1.25M/1.25M split, real train/test H5, weighted)
Run: checkpoints/reco_teacher_joint_fusion_6model_5m1250k1250k/teacher_hlt_only/teacher_hlt_only_5m1250k1250k_seed0
Train path: ./data/train_quarter.h5
Test path:  ./data/test.h5
Data: n_train_jets=6250000, split=5000000/1250000/1250000, offset=0, test_offset=0
============================================================
 python offline_reconstructor_joint_dualview_stage2save_auc_norankc_nopriv_unmergeonly.py --train_path ./data/train_quarter.h5 --test_path ./data/test.h5 --test_offset_jets 0 --use_train_weights --save_dir checkpoints/reco_teacher_joint_fusion_6model_5m1250k1250k/teacher_hlt_only --run_name teacher_hlt_only_5m1250k1250k_seed0 --n_train_jets 6250000 --n_train_split 5000000 --n_val_split 1250000 --n_test_split 1250000 --offset_jets 0 --max_constits 100 --num_workers 6 --seed 0 --selection_metric auc --step1_only --device cuda
Device: cuda
Save dir: checkpoints/reco_teacher_joint_fusion_6model_5m1250k1250k/teacher_hlt_only/teacher_hlt_only_5m1250k1250k_seed0
Loading offline constituents...
Info: using 'weights' from data/train_quarter.h5 as training weights.
Generating pseudo-HLT...
Non-priv target setup: added_target_scale=1.000, mean_true_added_raw=25.102, mean_target_added=25.102
Computing features...
Split sizes: Train=5000000, Val=1250000, Test(external)=1250000 (custom_counts=True)
Stage-B train subset: N=5000000 / 5000000 (frac=1.000, seed=0)

======================================================================
STEP 1: TEACHER + BASELINE
======================================================================
Loading external test constituents...
Info: using 'weights' from data/test.h5 as training weights.
Teacher ep 5: train_auc=0.9478, val_auc=0.9513, val_fpr50=0.009525, best_auc=0.9513, fpr50@best=0.009525
Teacher ep 10: train_auc=0.9519, val_auc=0.9544, val_fpr50=0.008218, best_auc=0.9544, fpr50@best=0.008218
Teacher ep 15: train_auc=0.9541, val_auc=0.9564, val_fpr50=0.007622, best_auc=0.9564, fpr50@best=0.007646
Teacher ep 20: train_auc=0.9557, val_auc=0.9556, val_fpr50=0.008143, best_auc=0.9564, fpr50@best=0.007689
Teacher ep 25: train_auc=0.9570, val_auc=0.9547, val_fpr50=0.008510, best_auc=0.9568, fpr50@best=0.007700
Teacher ep 30: train_auc=0.9584, val_auc=0.9574, val_fpr50=0.007563, best_auc=0.9574, fpr50@best=0.007563
Teacher ep 35: train_auc=0.9597, val_auc=0.9562, val_fpr50=0.008221, best_auc=0.9574, fpr50@best=0.007563
Teacher ep 40: train_auc=0.9610, val_auc=0.9568, val_fpr50=0.008039, best_auc=0.9574, fpr50@best=0.007563
Teacher ep 45: train_auc=0.9622, val_auc=0.9563, val_fpr50=0.008760, best_auc=0.9574, fpr50@best=0.007563
Early stopping Teacher at epoch 45
Baseline ep 5: train_auc=0.9132, val_auc=0.9169, val_fpr50=0.022278, best_auc=0.9169, fpr50@best=0.022278
Baseline ep 10: train_auc=0.9176, val_auc=0.9201, val_fpr50=0.020189, best_auc=0.9201, fpr50@best=0.020189
Baseline ep 15: train_auc=0.9199, val_auc=0.9224, val_fpr50=0.019041, best_auc=0.9224, fpr50@best=0.019041
Baseline ep 20: train_auc=0.9215, val_auc=0.9230, val_fpr50=0.018878, best_auc=0.9232, fpr50@best=0.019001
Baseline ep 25: train_auc=0.9230, val_auc=0.9233, val_fpr50=0.019062, best_auc=0.9239, fpr50@best=0.018387
Baseline ep 30: train_auc=0.9244, val_auc=0.9238, val_fpr50=0.018545, best_auc=0.9240, fpr50@best=0.018490
Baseline ep 35: train_auc=0.9258, val_auc=0.9235, val_fpr50=0.018725, best_auc=0.9240, fpr50@best=0.018637
Baseline ep 40: train_auc=0.9271, val_auc=0.9235, val_fpr50=0.019155, best_auc=0.9244, fpr50@best=0.018355
Baseline ep 45: train_auc=0.9282, val_auc=0.9237, val_fpr50=0.019248, best_auc=0.9244, fpr50@best=0.018355
Baseline ep 50: train_auc=0.9293, val_auc=0.9229, val_fpr50=0.020121, best_auc=0.9244, fpr50@best=0.018355
Early stopping Baseline at epoch 52
StageC weak-delta HLT reference @TPR=0.50: threshold_prob=0.896981, val_auc_hlt=0.9244

======================================================================
FINAL TEST EVALUATION (STEP 1 ONLY)
======================================================================
Teacher (Offline) AUC: 0.9573
Baseline (HLT)   AUC: 0.9240
FPR@30 Teacher/Baseline: 0.001704 / 0.004324
FPR@50 Teacher/Baseline: 0.007557 / 0.018874
Saved STEP1-only arrays to: checkpoints/reco_teacher_joint_fusion_6model_5m1250k1250k/teacher_hlt_only/teacher_hlt_only_5m1250k1250k_seed0/results_step1_teacher_baseline.npz
Saved STEP1-only report to: checkpoints/reco_teacher_joint_fusion_6model_5m1250k1250k/teacher_hlt_only/teacher_hlt_only_5m1250k1250k_seed0/results_step1_teacher_baseline.json
Done: checkpoints/reco_teacher_joint_fusion_6model_5m1250k1250k/teacher_hlt_only/teacher_hlt_only_5m1250k1250k_seed0
Done: checkpoints/reco_teacher_joint_fusion_6model_5m1250k1250k/teacher_hlt_only/teacher_hlt_only_5m1250k1250k_seed0
