============================================================
Teacher + HLT Baseline Only (4M/1M/1M split, real train/test H5, weighted)
Run: checkpoints/reco_teacher_joint_fusion_6model_4m1m1m/teacher_hlt_only/teacher_hlt_only_4m1m1m_seed0
Train path: ./data/train_quarter.h5
Test path:  ./data/test.h5
Data: n_train_jets=5000000, split=4000000/1000000/1000000, offset=0, test_offset=0
============================================================
 python offline_reconstructor_joint_dualview_stage2save_auc_norankc_nopriv_unmergeonly.py --train_path ./data/train_quarter.h5 --test_path ./data/test.h5 --test_offset_jets 0 --use_train_weights --save_dir checkpoints/reco_teacher_joint_fusion_6model_4m1m1m/teacher_hlt_only --run_name teacher_hlt_only_4m1m1m_seed0 --n_train_jets 5000000 --n_train_split 4000000 --n_val_split 1000000 --n_test_split 1000000 --offset_jets 0 --max_constits 100 --num_workers 6 --seed 0 --selection_metric auc --step1_only --device cuda
Device: cuda
Save dir: checkpoints/reco_teacher_joint_fusion_6model_4m1m1m/teacher_hlt_only/teacher_hlt_only_4m1m1m_seed0
Loading offline constituents...
Info: using 'weights' from data/train_quarter.h5 as training weights.
Generating pseudo-HLT...
Non-priv target setup: added_target_scale=1.000, mean_true_added_raw=25.102, mean_target_added=25.102
Computing features...
Split sizes: Train=4000000, Val=1000000, Test(external)=1000000 (custom_counts=True)
Stage-B train subset: N=4000000 / 4000000 (frac=1.000, seed=0)

======================================================================
STEP 1: TEACHER + BASELINE
======================================================================
Loading external test constituents...
Info: using 'weights' from data/test.h5 as training weights.
Teacher ep 5: train_auc=0.9469, val_auc=0.9493, val_fpr50=0.010319, best_auc=0.9493, fpr50@best=0.010319
Teacher ep 10: train_auc=0.9512, val_auc=0.9483, val_fpr50=0.010122, best_auc=0.9527, fpr50@best=0.008648
Teacher ep 15: train_auc=0.9535, val_auc=0.9549, val_fpr50=0.008333, best_auc=0.9549, fpr50@best=0.008333
Teacher ep 20: train_auc=0.9552, val_auc=0.9544, val_fpr50=0.008257, best_auc=0.9555, fpr50@best=0.007997
Teacher ep 25: train_auc=0.9568, val_auc=0.9555, val_fpr50=0.008098, best_auc=0.9561, fpr50@best=0.007886
Teacher ep 30: train_auc=0.9583, val_auc=0.9549, val_fpr50=0.008406, best_auc=0.9561, fpr50@best=0.007886
Teacher ep 35: train_auc=0.9597, val_auc=0.9557, val_fpr50=0.008372, best_auc=0.9561, fpr50@best=0.007886
Early stopping Teacher at epoch 37
Baseline ep 5: train_auc=0.9122, val_auc=0.9162, val_fpr50=0.022499, best_auc=0.9162, fpr50@best=0.022499
Baseline ep 10: train_auc=0.9166, val_auc=0.9171, val_fpr50=0.022297, best_auc=0.9188, fpr50@best=0.020832
Baseline ep 15: train_auc=0.9190, val_auc=0.9205, val_fpr50=0.019949, best_auc=0.9205, fpr50@best=0.019949
Baseline ep 20: train_auc=0.9209, val_auc=0.9200, val_fpr50=0.020997, best_auc=0.9205, fpr50@best=0.019949
Baseline ep 25: train_auc=0.9225, val_auc=0.9214, val_fpr50=0.019947, best_auc=0.9216, fpr50@best=0.020180
Baseline ep 30: train_auc=0.9240, val_auc=0.9194, val_fpr50=0.021059, best_auc=0.9222, fpr50@best=0.019589
Baseline ep 35: train_auc=0.9257, val_auc=0.9220, val_fpr50=0.020323, best_auc=0.9222, fpr50@best=0.019589
Baseline ep 40: train_auc=0.9271, val_auc=0.9208, val_fpr50=0.020941, best_auc=0.9222, fpr50@best=0.019589
Early stopping Baseline at epoch 42
StageC weak-delta HLT reference @TPR=0.50: threshold_prob=0.887533, val_auc_hlt=0.9222

======================================================================
FINAL TEST EVALUATION (STEP 1 ONLY)
======================================================================
Teacher (Offline) AUC: 0.9562
Baseline (HLT)   AUC: 0.9227
FPR@30 Teacher/Baseline: 0.001752 / 0.004527
FPR@50 Teacher/Baseline: 0.007815 / 0.019701
Saved STEP1-only arrays to: checkpoints/reco_teacher_joint_fusion_6model_4m1m1m/teacher_hlt_only/teacher_hlt_only_4m1m1m_seed0/results_step1_teacher_baseline.npz
Saved STEP1-only report to: checkpoints/reco_teacher_joint_fusion_6model_4m1m1m/teacher_hlt_only/teacher_hlt_only_4m1m1m_seed0/results_step1_teacher_baseline.json
Done: checkpoints/reco_teacher_joint_fusion_6model_4m1m1m/teacher_hlt_only/teacher_hlt_only_4m1m1m_seed0
Done: checkpoints/reco_teacher_joint_fusion_6model_4m1m1m/teacher_hlt_only/teacher_hlt_only_4m1m1m_seed0
