============================================================
Teacher + HLT Baseline Only (6M/1.5M/1.5M split, real train/test H5, weighted)
Run: checkpoints/reco_teacher_joint_fusion_6model_6m1500k1500k/teacher_hlt_only/teacher_hlt_only_6m1500k1500k_seed1
Train path: ./data/train_quarter.h5
Test path:  ./data/test.h5
Data: n_train_jets=9000000, split=6000000/1500000/1500000, offset=0, test_offset=0
============================================================
 python offline_reconstructor_joint_dualview_stage2save_auc_norankc_nopriv_unmergeonly.py --train_path ./data/train_quarter.h5 --test_path ./data/test.h5 --test_offset_jets 0 --use_train_weights --save_dir checkpoints/reco_teacher_joint_fusion_6model_6m1500k1500k/teacher_hlt_only --run_name teacher_hlt_only_6m1500k1500k_seed1 --n_train_jets 9000000 --n_train_split 6000000 --n_val_split 1500000 --n_test_split 1500000 --offset_jets 0 --max_constits 100 --num_workers 2 --seed 1 --selection_metric auc --step1_only --device cuda
Device: cuda
Save dir: checkpoints/reco_teacher_joint_fusion_6model_6m1500k1500k/teacher_hlt_only/teacher_hlt_only_6m1500k1500k_seed1
Loading offline constituents...
Info: using 'weights' from data/train_quarter.h5 as training weights.
Generating pseudo-HLT...
Non-priv target setup: added_target_scale=1.000, mean_true_added_raw=25.106, mean_target_added=25.106
Computing features...
Split sizes: Train=6000000, Val=1500000, Test(external)=1500000 (custom_counts=True)
Stage-B train subset: N=6000000 / 6000000 (frac=1.000, seed=1)

======================================================================
STEP 1: TEACHER + BASELINE
======================================================================
Loading external test constituents...
Info: using 'weights' from data/test.h5 as training weights.
Teacher ep 5: train_auc=0.9487, val_auc=0.9515, val_fpr50=0.009155, best_auc=0.9515, fpr50@best=0.009155
Teacher ep 10: train_auc=0.9527, val_auc=0.9545, val_fpr50=0.008130, best_auc=0.9545, fpr50@best=0.008130
Teacher ep 15: train_auc=0.9547, val_auc=0.9565, val_fpr50=0.007448, best_auc=0.9565, fpr50@best=0.007448
Teacher ep 20: train_auc=0.9562, val_auc=0.9567, val_fpr50=0.007610, best_auc=0.9567, fpr50@best=0.007610
Teacher ep 25: train_auc=0.9574, val_auc=0.9570, val_fpr50=0.007635, best_auc=0.9572, fpr50@best=0.007321
Teacher ep 30: train_auc=0.9586, val_auc=0.9566, val_fpr50=0.007526, best_auc=0.9572, fpr50@best=0.007321
Teacher ep 35: train_auc=0.9599, val_auc=0.9570, val_fpr50=0.007512, best_auc=0.9573, fpr50@best=0.007334
Teacher ep 40: train_auc=0.9610, val_auc=0.9576, val_fpr50=0.007538, best_auc=0.9577, fpr50@best=0.007393
Teacher ep 45: train_auc=0.9620, val_auc=0.9566, val_fpr50=0.008356, best_auc=0.9577, fpr50@best=0.007393
Teacher ep 50: train_auc=0.9628, val_auc=0.9561, val_fpr50=0.008787, best_auc=0.9577, fpr50@best=0.007393
Early stopping Teacher at epoch 51
Baseline ep 5: train_auc=0.9142, val_auc=0.9178, val_fpr50=0.022205, best_auc=0.9178, fpr50@best=0.022205
Baseline ep 10: train_auc=0.9184, val_auc=0.9182, val_fpr50=0.021457, best_auc=0.9198, fpr50@best=0.020559
Baseline ep 15: train_auc=0.9205, val_auc=0.9213, val_fpr50=0.020116, best_auc=0.9217, fpr50@best=0.019859
Baseline ep 20: train_auc=0.9221, val_auc=0.9231, val_fpr50=0.019055, best_auc=0.9234, fpr50@best=0.018566
Baseline ep 25: train_auc=0.9234, val_auc=0.9226, val_fpr50=0.019306, best_auc=0.9234, fpr50@best=0.018566
Baseline ep 30: train_auc=0.9247, val_auc=0.9224, val_fpr50=0.019501, best_auc=0.9237, fpr50@best=0.018697
Baseline ep 35: train_auc=0.9260, val_auc=0.9234, val_fpr50=0.019248, best_auc=0.9239, fpr50@best=0.018777
Baseline ep 40: train_auc=0.9272, val_auc=0.9230, val_fpr50=0.019653, best_auc=0.9241, fpr50@best=0.018890
Baseline ep 45: train_auc=0.9283, val_auc=0.9231, val_fpr50=0.019525, best_auc=0.9241, fpr50@best=0.018890
Baseline ep 50: train_auc=0.9292, val_auc=0.9227, val_fpr50=0.019944, best_auc=0.9241, fpr50@best=0.018890
Early stopping Baseline at epoch 52
StageC weak-delta HLT reference @TPR=0.50: threshold_prob=0.907047, val_auc_hlt=0.9241

======================================================================
FINAL TEST EVALUATION (STEP 1 ONLY)
======================================================================
Teacher (Offline) AUC: 0.9577
Baseline (HLT)   AUC: 0.9243
FPR@30 Teacher/Baseline: 0.001833 / 0.004435
FPR@50 Teacher/Baseline: 0.007632 / 0.018598
Saved STEP1-only arrays to: checkpoints/reco_teacher_joint_fusion_6model_6m1500k1500k/teacher_hlt_only/teacher_hlt_only_6m1500k1500k_seed1/results_step1_teacher_baseline.npz
Saved STEP1-only report to: checkpoints/reco_teacher_joint_fusion_6model_6m1500k1500k/teacher_hlt_only/teacher_hlt_only_6m1500k1500k_seed1/results_step1_teacher_baseline.json
Done: checkpoints/reco_teacher_joint_fusion_6model_6m1500k1500k/teacher_hlt_only/teacher_hlt_only_6m1500k1500k_seed1
Done: checkpoints/reco_teacher_joint_fusion_6model_6m1500k1500k/teacher_hlt_only/teacher_hlt_only_6m1500k1500k_seed1
