============================================================
Teacher + HLT Baseline Only (1M/250k/250k split, real train/test H5, weighted)
Run: checkpoints/reco_teacher_joint_fusion_6model_1m250k250k/teacher_hlt_only/teacher_hlt_only_1m250k250k_seed1
Train path: ./data/train_quarter.h5
Test path:  ./data/test.h5
Data: n_train_jets=1250000, split=1000000/250000/250000, offset=0, test_offset=0
============================================================
 python offline_reconstructor_joint_dualview_stage2save_auc_norankc_nopriv_unmergeonly.py --train_path ./data/train_quarter.h5 --test_path ./data/test.h5 --test_offset_jets 0 --use_train_weights --save_dir checkpoints/reco_teacher_joint_fusion_6model_1m250k250k/teacher_hlt_only --run_name teacher_hlt_only_1m250k250k_seed1 --n_train_jets 1250000 --n_train_split 1000000 --n_val_split 250000 --n_test_split 250000 --offset_jets 0 --max_constits 100 --num_workers 6 --seed 1 --selection_metric auc --step1_only --device cuda
Device: cuda
Save dir: checkpoints/reco_teacher_joint_fusion_6model_1m250k250k/teacher_hlt_only/teacher_hlt_only_1m250k250k_seed1
Loading offline constituents...
Info: using 'weights' from data/train_quarter.h5 as training weights.
Generating pseudo-HLT...
Non-priv target setup: added_target_scale=1.000, mean_true_added_raw=25.103, mean_target_added=25.103
Computing features...
Split sizes: Train=1000000, Val=250000, Test(external)=250000 (custom_counts=True)
Stage-B train subset: N=1000000 / 1000000 (frac=1.000, seed=1)

======================================================================
STEP 1: TEACHER + BASELINE
======================================================================
Loading external test constituents...
Info: using 'weights' from data/test.h5 as training weights.
Teacher ep 5: train_auc=0.9391, val_auc=0.9437, val_fpr50=0.012229, best_auc=0.9437, fpr50@best=0.012229
Teacher ep 10: train_auc=0.9449, val_auc=0.9464, val_fpr50=0.010764, best_auc=0.9465, fpr50@best=0.011174
Teacher ep 15: train_auc=0.9481, val_auc=0.9464, val_fpr50=0.011909, best_auc=0.9482, fpr50@best=0.010904
Teacher ep 20: train_auc=0.9507, val_auc=0.9498, val_fpr50=0.010043, best_auc=0.9505, fpr50@best=0.009905
Teacher ep 25: train_auc=0.9532, val_auc=0.9496, val_fpr50=0.011112, best_auc=0.9505, fpr50@best=0.009905
Teacher ep 30: train_auc=0.9560, val_auc=0.9494, val_fpr50=0.011984, best_auc=0.9505, fpr50@best=0.009905
Early stopping Teacher at epoch 33
Baseline ep 5: train_auc=0.9035, val_auc=0.9104, val_fpr50=0.026012, best_auc=0.9104, fpr50@best=0.026012
Baseline ep 10: train_auc=0.9099, val_auc=0.9091, val_fpr50=0.026473, best_auc=0.9120, fpr50@best=0.023977
Baseline ep 15: train_auc=0.9133, val_auc=0.9126, val_fpr50=0.024789, best_auc=0.9143, fpr50@best=0.023035
Baseline ep 20: train_auc=0.9162, val_auc=0.9156, val_fpr50=0.022670, best_auc=0.9161, fpr50@best=0.023173
Baseline ep 25: train_auc=0.9187, val_auc=0.9151, val_fpr50=0.023259, best_auc=0.9161, fpr50@best=0.023173
Baseline ep 30: train_auc=0.9213, val_auc=0.9157, val_fpr50=0.022587, best_auc=0.9165, fpr50@best=0.021915
Baseline ep 35: train_auc=0.9243, val_auc=0.9154, val_fpr50=0.023745, best_auc=0.9165, fpr50@best=0.021915
Baseline ep 40: train_auc=0.9272, val_auc=0.9156, val_fpr50=0.024171, best_auc=0.9165, fpr50@best=0.021915
Early stopping Baseline at epoch 42
StageC weak-delta HLT reference @TPR=0.50: threshold_prob=0.859325, val_auc_hlt=0.9165

======================================================================
FINAL TEST EVALUATION (STEP 1 ONLY)
======================================================================
Teacher (Offline) AUC: 0.9512
Baseline (HLT)   AUC: 0.9183
FPR@30 Teacher/Baseline: 0.002142 / 0.005287
FPR@50 Teacher/Baseline: 0.009203 / 0.021565
Saved STEP1-only arrays to: checkpoints/reco_teacher_joint_fusion_6model_1m250k250k/teacher_hlt_only/teacher_hlt_only_1m250k250k_seed1/results_step1_teacher_baseline.npz
Saved STEP1-only report to: checkpoints/reco_teacher_joint_fusion_6model_1m250k250k/teacher_hlt_only/teacher_hlt_only_1m250k250k_seed1/results_step1_teacher_baseline.json
Done: checkpoints/reco_teacher_joint_fusion_6model_1m250k250k/teacher_hlt_only/teacher_hlt_only_1m250k250k_seed1
Done: checkpoints/reco_teacher_joint_fusion_6model_1m250k250k/teacher_hlt_only/teacher_hlt_only_1m250k250k_seed1
