============================================================
Wrapper: Hungarian unsmear-loss ablation
Repo root: /home/ryreu/atlas/PracticeTagging
Base script: /home/ryreu/atlas/PracticeTagging/sbatch/reco_teacher_joint_fusion_6model_150k75k150k/run_unsmear_sharedencoder_origin_undetached_split140k50k300k.sh
JOINT_UNSMEAR_LOSS_MODE=hungarian
RUN_NAME=unsmear_transformer_sharedencoder_delta_gate_joint_split140k50k300k_hungarian_seed42
============================================================
============================================================
SharedEncoder Unsmear Repro (undetached delta fusion)
Repo root: /home/ryreu/atlas/PracticeTagging
Data path: /home/ryreu/atlas/PracticeTagging/data/test.h5
Run: /home/ryreu/atlas/PracticeTagging/TaggingNew/pure_unsmear/joint_new/runs/unsmear_transformer_sharedencoder_delta_gate_joint_split140k50k300k_hungarian_seed42
Split counts: train=140000, val=50000, test=300000
Joint unsmear loss mode: hungarian
Seed: 42
============================================================
 python /home/ryreu/atlas/PracticeTagging/TaggingNew/pure_unsmear/joint_new/run_unsmear_sharedencoder_delta_gate_split140k50k300k.py --data_path /home/ryreu/atlas/PracticeTagging/data/test.h5 --run_name unsmear_transformer_sharedencoder_delta_gate_joint_split140k50k300k_hungarian_seed42 --output_root /home/ryreu/atlas/PracticeTagging/TaggingNew/pure_unsmear/joint_new/runs --shared_baseline_dir /home/ryreu/atlas/PracticeTagging/TaggingNew/pure_unsmear/joint_new/runs/shared_offline_hlt_baselines --seed 42 --max_particles 100 --feature_kind 7d --train_count 140000 --val_count 50000 --test_count 300000 --batch_size 256 --epochs 50 --lr 5e-4 --weight_decay 1e-5 --warmup_epochs 3 --patience 8 --early_stop_metric val_auc_weighted --load_shared_baselines false --load_joint_model false --resmear_each_epoch_baselines true --resmear_each_epoch_joint true --kd_temperature 2.0 --kd_alpha 0.5 --kd_alpha_attn 0.0 --joint_unsmear_weight 1.6 --joint_cls_weight 0.8 --joint_phys_weight 0.0 --joint_unsmear_loss_mode hungarian --cls_use_delta_fusion true --cls_detach_delta_for_cls false --cls_gate_hidden_dim 128 --cls_gate_init_bias -2.0 --cls_alpha_init 0.05 --num_workers 6 --device cuda
Device: cuda
Data path: /home/ryreu/atlas/PracticeTagging/data/test.h5
Run dir: /home/ryreu/atlas/PracticeTagging/TaggingNew/pure_unsmear/joint_new/runs/unsmear_transformer_sharedencoder_delta_gate_joint_split140k50k300k_hungarian_seed42
Feature kind: 7d feat_names: ['dEta', 'dPhi', 'log_pt', 'log_E', 'log_pt_rel', 'log_E_rel', 'dR']
Feature loss weights: {'dEta': 1.0, 'dPhi': 1.0, 'log_pt': 1.0, 'log_E': 1.0, 'log_pt_rel': 1.0, 'log_E_rel': 1.0, 'dR': 1.0}
Joint physical consistency weight: 0.0
Joint unsmear loss mode: hungarian
Use sample weight for all losses: False
Delta fusion enabled: True
Detach delta for classifier: False
Gate hidden dim: 128
Gate init bias: -2.0
Alpha init: 0.05
Raw: (490000, 100, 4) mask: (490000, 100)
Signal: 244583 Bkg: 245417
Split: train=140,000 val=50,000 test=300,000
Offline/HLT feature shape: (490000, 100, 7) (490000, 100, 7)
Mask identical: True
Common-mask fraction: 0.5429331836734694
Feat means: [ 2.0000e-04 -0.0000e+00  8.7947e+00  9.0854e+00 -5.2594e+00 -5.2710e+00
  2.2270e-01]
Feat stds : [0.2121 0.2176 1.5178 1.5215 1.4915 1.4932 0.2067]
Baseline epoch resmear enabled: True
Joint epoch resmear enabled: True
[Teacher(OFF_FULL)] ep=001 train_loss=0.54155 train_auc=0.80788 train_auc_w=0.80788 val_loss=0.50336 val_auc=0.84665 val_auc_w=0.84665 monitor=val_auc_weighted best_monitor=0.84665 no_imp=0
[Teacher(OFF_FULL)] ep=002 train_loss=0.47875 train_auc=0.85722 train_auc_w=0.85722 val_loss=0.48723 val_auc=0.90472 val_auc_w=0.90472 monitor=val_auc_weighted best_monitor=0.90472 no_imp=0
[Teacher(OFF_FULL)] ep=004 train_loss=0.38076 train_auc=0.91373 train_auc_w=0.91373 val_loss=0.36815 val_auc=0.92128 val_auc_w=0.92128 monitor=val_auc_weighted best_monitor=0.92334 no_imp=1
[Teacher(OFF_FULL)] ep=006 train_loss=0.35474 train_auc=0.92487 train_auc_w=0.92487 val_loss=0.35328 val_auc=0.92076 val_auc_w=0.92076 monitor=val_auc_weighted best_monitor=0.93345 no_imp=1
[Teacher(OFF_FULL)] ep=008 train_loss=0.34409 train_auc=0.92906 train_auc_w=0.92906 val_loss=0.34065 val_auc=0.93531 val_auc_w=0.93531 monitor=val_auc_weighted best_monitor=0.93531 no_imp=0
[Teacher(OFF_FULL)] ep=010 train_loss=0.33643 train_auc=0.93245 train_auc_w=0.93245 val_loss=0.33013 val_auc=0.93893 val_auc_w=0.93893 monitor=val_auc_weighted best_monitor=0.94119 no_imp=1
[Teacher(OFF_FULL)] ep=012 train_loss=0.33021 train_auc=0.93462 train_auc_w=0.93462 val_loss=0.33890 val_auc=0.92791 val_auc_w=0.92791 monitor=val_auc_weighted best_monitor=0.94119 no_imp=3
[Teacher(OFF_FULL)] ep=014 train_loss=0.32310 train_auc=0.93746 train_auc_w=0.93746 val_loss=0.33193 val_auc=0.93416 val_auc_w=0.93416 monitor=val_auc_weighted best_monitor=0.94119 no_imp=5
[Teacher(OFF_FULL)] ep=016 train_loss=0.31786 train_auc=0.93959 train_auc_w=0.93959 val_loss=0.32314 val_auc=0.93870 val_auc_w=0.93870 monitor=val_auc_weighted best_monitor=0.94119 no_imp=7
[Teacher(OFF_FULL)] ep=018 train_loss=0.31233 train_auc=0.94144 train_auc_w=0.94144 val_loss=0.32579 val_auc=0.93783 val_auc_w=0.93783 monitor=val_auc_weighted best_monitor=0.94233 no_imp=1
[Teacher(OFF_FULL)] ep=020 train_loss=0.30582 train_auc=0.94343 train_auc_w=0.94343 val_loss=0.32201 val_auc=0.93580 val_auc_w=0.93580 monitor=val_auc_weighted best_monitor=0.94233 no_imp=3
[Teacher(OFF_FULL)] ep=022 train_loss=0.30179 train_auc=0.94456 train_auc_w=0.94456 val_loss=0.32161 val_auc=0.93919 val_auc_w=0.93919 monitor=val_auc_weighted best_monitor=0.94233 no_imp=5
[Teacher(OFF_FULL)] ep=024 train_loss=0.29488 train_auc=0.94707 train_auc_w=0.94707 val_loss=0.32034 val_auc=0.94024 val_auc_w=0.94024 monitor=val_auc_weighted best_monitor=0.94233 no_imp=7
[Teacher(OFF_FULL)] Early stopping
Saved checkpoint: /home/ryreu/atlas/PracticeTagging/TaggingNew/pure_unsmear/joint_new/runs/shared_offline_hlt_baselines/ckpts/teacher_offline.pt
[Student(HLT)] ep=001 train_loss=0.55713 train_auc=0.79489 train_auc_w=0.79489 val_loss=0.52907 val_auc=0.85071 val_auc_w=0.85071 monitor=val_auc_weighted best_monitor=0.85071 no_imp=0
[Student(HLT)] ep=002 train_loss=0.50747 train_auc=0.83895 train_auc_w=0.83895 val_loss=0.47223 val_auc=0.87177 val_auc_w=0.87177 monitor=val_auc_weighted best_monitor=0.87177 no_imp=0
[Student(HLT)] ep=004 train_loss=0.44599 train_auc=0.88415 train_auc_w=0.88415 val_loss=0.43180 val_auc=0.88375 val_auc_w=0.88375 monitor=val_auc_weighted best_monitor=0.89160 no_imp=1
[Student(HLT)] ep=006 train_loss=0.42580 train_auc=0.89629 train_auc_w=0.89629 val_loss=0.40696 val_auc=0.90324 val_auc_w=0.90324 monitor=val_auc_weighted best_monitor=0.90324 no_imp=0
[Student(HLT)] ep=008 train_loss=0.41512 train_auc=0.90156 train_auc_w=0.90156 val_loss=0.40397 val_auc=0.91027 val_auc_w=0.91027 monitor=val_auc_weighted best_monitor=0.91201 no_imp=1
[Student(HLT)] ep=010 train_loss=0.40743 train_auc=0.90521 train_auc_w=0.90521 val_loss=0.41835 val_auc=0.90576 val_auc_w=0.90576 monitor=val_auc_weighted best_monitor=0.91201 no_imp=3
[Student(HLT)] ep=012 train_loss=0.40202 train_auc=0.90827 train_auc_w=0.90827 val_loss=0.39961 val_auc=0.91675 val_auc_w=0.91675 monitor=val_auc_weighted best_monitor=0.91675 no_imp=0
[Student(HLT)] ep=014 train_loss=0.39600 train_auc=0.91121 train_auc_w=0.91121 val_loss=0.39300 val_auc=0.91423 val_auc_w=0.91423 monitor=val_auc_weighted best_monitor=0.91675 no_imp=2
[Student(HLT)] ep=016 train_loss=0.39363 train_auc=0.91288 train_auc_w=0.91288 val_loss=0.40214 val_auc=0.91035 val_auc_w=0.91035 monitor=val_auc_weighted best_monitor=0.91675 no_imp=4
[Student(HLT)] ep=018 train_loss=0.38926 train_auc=0.91500 train_auc_w=0.91500 val_loss=0.38797 val_auc=0.91303 val_auc_w=0.91303 monitor=val_auc_weighted best_monitor=0.91675 no_imp=6
[Student(HLT)] ep=020 train_loss=0.38597 train_auc=0.91626 train_auc_w=0.91626 val_loss=0.38540 val_auc=0.92033 val_auc_w=0.92033 monitor=val_auc_weighted best_monitor=0.92033 no_imp=0
[Student(HLT)] ep=022 train_loss=0.38130 train_auc=0.91811 train_auc_w=0.91811 val_loss=0.38834 val_auc=0.91614 val_auc_w=0.91614 monitor=val_auc_weighted best_monitor=0.92033 no_imp=2
[Student(HLT)] ep=024 train_loss=0.37768 train_auc=0.91992 train_auc_w=0.91992 val_loss=0.38223 val_auc=0.91752 val_auc_w=0.91752 monitor=val_auc_weighted best_monitor=0.92033 no_imp=4
[Student(HLT)] ep=026 train_loss=0.37491 train_auc=0.92117 train_auc_w=0.92117 val_loss=0.37986 val_auc=0.91936 val_auc_w=0.91936 monitor=val_auc_weighted best_monitor=0.92033 no_imp=6
[Student(HLT)] ep=028 train_loss=0.36814 train_auc=0.92396 train_auc_w=0.92396 val_loss=0.38434 val_auc=0.92008 val_auc_w=0.92008 monitor=val_auc_weighted best_monitor=0.92051 no_imp=1
[Student(HLT)] ep=030 train_loss=0.36735 train_auc=0.92488 train_auc_w=0.92488 val_loss=0.38081 val_auc=0.92138 val_auc_w=0.92138 monitor=val_auc_weighted best_monitor=0.92362 no_imp=1
[Student(HLT)] ep=032 train_loss=0.36330 train_auc=0.92610 train_auc_w=0.92610 val_loss=0.38419 val_auc=0.91668 val_auc_w=0.91668 monitor=val_auc_weighted best_monitor=0.92362 no_imp=3
[Student(HLT)] ep=034 train_loss=0.35854 train_auc=0.92818 train_auc_w=0.92818 val_loss=0.38827 val_auc=0.92291 val_auc_w=0.92291 monitor=val_auc_weighted best_monitor=0.92362 no_imp=5
[Student(HLT)] ep=036 train_loss=0.35503 train_auc=0.92936 train_auc_w=0.92936 val_loss=0.38194 val_auc=0.91910 val_auc_w=0.91910 monitor=val_auc_weighted best_monitor=0.92362 no_imp=7
[Student(HLT)] Early stopping
Saved checkpoint: /home/ryreu/atlas/PracticeTagging/TaggingNew/pure_unsmear/joint_new/runs/shared_offline_hlt_baselines/ckpts/student_hlt.pt
[Student(HLT)+KD] ep=001 train_total=1.43982 train_hard=0.55154 train_kd=2.32821 train_attn=0.00000 train_auc=0.83536 train_auc_w=0.83536 val_total=1.36279 val_hard=0.50342 val_kd=2.22260 val_attn=0.00000 val_auc=0.86345 val_auc_w=0.86345 monitor=val_auc_weighted best_monitor=0.86345 no_imp=0
[Student(HLT)+KD] ep=002 train_total=1.33601 train_hard=0.48288 train_kd=2.18945 train_attn=0.00000 train_auc=0.87942 train_auc_w=0.87942 val_total=1.28478 val_hard=0.44894 val_kd=2.12089 val_attn=0.00000 val_auc=0.89717 val_auc_w=0.89717 monitor=val_auc_weighted best_monitor=0.89717 no_imp=0
[Student(HLT)+KD] ep=004 train_total=1.25566 train_hard=0.42379 train_kd=2.08762 train_attn=0.00000 train_auc=0.90827 train_auc_w=0.90827 val_total=1.23411 val_hard=0.41042 val_kd=2.05806 val_attn=0.00000 val_auc=0.91221 val_auc_w=0.91221 monitor=val_auc_weighted best_monitor=0.91706 no_imp=1
[Student(HLT)+KD] ep=006 train_total=1.23973 train_hard=0.41089 train_kd=2.06876 train_attn=0.00000 train_auc=0.91379 train_auc_w=0.91379 val_total=1.22854 val_hard=0.39831 val_kd=2.05900 val_attn=0.00000 val_auc=0.91484 val_auc_w=0.91484 monitor=val_auc_weighted best_monitor=0.91706 no_imp=3
[Student(HLT)+KD] ep=008 train_total=1.22930 train_hard=0.40110 train_kd=2.05756 train_attn=0.00000 train_auc=0.91746 train_auc_w=0.91746 val_total=1.21943 val_hard=0.39626 val_kd=2.04282 val_attn=0.00000 val_auc=0.92073 val_auc_w=0.92073 monitor=val_auc_weighted best_monitor=0.92073 no_imp=0
[Student(HLT)+KD] ep=010 train_total=1.22352 train_hard=0.39592 train_kd=2.05119 train_attn=0.00000 train_auc=0.91945 train_auc_w=0.91945 val_total=1.21834 val_hard=0.39206 val_kd=2.04485 val_attn=0.00000 val_auc=0.91615 val_auc_w=0.91615 monitor=val_auc_weighted best_monitor=0.92073 no_imp=2
[Student(HLT)+KD] ep=012 train_total=1.21844 train_hard=0.39081 train_kd=2.04624 train_attn=0.00000 train_auc=0.92134 train_auc_w=0.92134 val_total=1.22097 val_hard=0.39536 val_kd=2.04695 val_attn=0.00000 val_auc=0.91846 val_auc_w=0.91846 monitor=val_auc_weighted best_monitor=0.92262 no_imp=1
[Student(HLT)+KD] ep=014 train_total=1.21475 train_hard=0.38683 train_kd=2.04268 train_attn=0.00000 train_auc=0.92271 train_auc_w=0.92271 val_total=1.21366 val_hard=0.39070 val_kd=2.03669 val_attn=0.00000 val_auc=0.91635 val_auc_w=0.91635 monitor=val_auc_weighted best_monitor=0.92262 no_imp=3
[Student(HLT)+KD] ep=016 train_total=1.20992 train_hard=0.38155 train_kd=2.03852 train_attn=0.00000 train_auc=0.92476 train_auc_w=0.92476 val_total=1.20971 val_hard=0.39065 val_kd=2.02917 val_attn=0.00000 val_auc=0.92628 val_auc_w=0.92628 monitor=val_auc_weighted best_monitor=0.92628 no_imp=0
[Student(HLT)+KD] ep=018 train_total=1.20826 train_hard=0.38059 train_kd=2.03595 train_attn=0.00000 train_auc=0.92541 train_auc_w=0.92541 val_total=1.21241 val_hard=0.38497 val_kd=2.04009 val_attn=0.00000 val_auc=0.91898 val_auc_w=0.91898 monitor=val_auc_weighted best_monitor=0.92628 no_imp=2
[Student(HLT)+KD] ep=020 train_total=1.20602 train_hard=0.37845 train_kd=2.03379 train_attn=0.00000 train_auc=0.92585 train_auc_w=0.92585 val_total=1.20483 val_hard=0.38477 val_kd=2.02510 val_attn=0.00000 val_auc=0.92436 val_auc_w=0.92436 monitor=val_auc_weighted best_monitor=0.92628 no_imp=4
[Student(HLT)+KD] ep=022 train_total=1.20494 train_hard=0.37638 train_kd=2.03362 train_attn=0.00000 train_auc=0.92683 train_auc_w=0.92683 val_total=1.20267 val_hard=0.37874 val_kd=2.02677 val_attn=0.00000 val_auc=0.92382 val_auc_w=0.92382 monitor=val_auc_weighted best_monitor=0.92715 no_imp=1
[Student(HLT)+KD] ep=024 train_total=1.20059 train_hard=0.37303 train_kd=2.02834 train_attn=0.00000 train_auc=0.92806 train_auc_w=0.92806 val_total=1.20090 val_hard=0.37680 val_kd=2.02520 val_attn=0.00000 val_auc=0.92379 val_auc_w=0.92379 monitor=val_auc_weighted best_monitor=0.92715 no_imp=3
[Student(HLT)+KD] ep=026 train_total=1.19930 train_hard=0.37138 train_kd=2.02737 train_attn=0.00000 train_auc=0.92852 train_auc_w=0.92852 val_total=1.20301 val_hard=0.37884 val_kd=2.02749 val_attn=0.00000 val_auc=0.92269 val_auc_w=0.92269 monitor=val_auc_weighted best_monitor=0.92715 no_imp=5
[Student(HLT)+KD] ep=028 train_total=1.19452 train_hard=0.36463 train_kd=2.02451 train_attn=0.00000 train_auc=0.93075 train_auc_w=0.93075 val_total=1.20247 val_hard=0.37978 val_kd=2.02535 val_attn=0.00000 val_auc=0.92294 val_auc_w=0.92294 monitor=val_auc_weighted best_monitor=0.92715 no_imp=7
[Student(HLT)+KD] Early stopping
Saved checkpoint: /home/ryreu/atlas/PracticeTagging/TaggingNew/pure_unsmear/joint_new/runs/shared_offline_hlt_baselines/ckpts/student_hlt_kd.pt
[JointSharedEncoder(HLT,no_kd)] ep=001 train_joint=0.56614 train_uns=0.06886 train_phys=0.00000 train_cls=0.56994 train_hard=0.57012 train_kd=0.00000 train_attn=0.00000 train_gate=0.1370±0.0818 alpha=0.7148 train_auc=0.78096 train_auc_w=0.78096 val_joint=0.49569 val_uns=0.04027 val_phys=0.00000 val_cls=0.53907 val_hard=0.53959 val_kd=0.00000 val_attn=0.00000 val_gate=0.1314±0.0755 val_auc=0.84384 val_auc_w=0.84384 monitor=val_auc_weighted best_monitor=0.84384 no_imp=0
[JointSharedEncoder(HLT,no_kd)] ep=002 train_joint=0.48460 train_uns=0.04503 train_phys=0.00000 train_cls=0.51569 train_hard=0.51589 train_kd=0.00000 train_attn=0.00000 train_gate=0.1296±0.0772 alpha=0.7090 train_auc=0.83227 train_auc_w=0.83227 val_joint=0.44711 val_uns=0.03885 val_phys=0.00000 val_cls=0.48118 val_hard=0.48149 val_kd=0.00000 val_attn=0.00000 val_gate=0.1255±0.0722 val_auc=0.87603 val_auc_w=0.87603 monitor=val_auc_weighted best_monitor=0.87603 no_imp=0
[JointSharedEncoder(HLT,no_kd)] ep=004 train_joint=0.41817 train_uns=0.03850 train_phys=0.00000 train_cls=0.44571 train_hard=0.44573 train_kd=0.00000 train_attn=0.00000 train_gate=0.1253±0.0904 alpha=0.6971 train_auc=0.88310 train_auc_w=0.88310 val_joint=0.39678 val_uns=0.03653 val_phys=0.00000 val_cls=0.42292 val_hard=0.42297 val_kd=0.00000 val_attn=0.00000 val_gate=0.1189±0.0856 val_auc=0.89961 val_auc_w=0.89961 monitor=val_auc_weighted best_monitor=0.89961 no_imp=0
[JointSharedEncoder(HLT,no_kd)] ep=006 train_joint=0.39839 train_uns=0.03659 train_phys=0.00000 train_cls=0.42481 train_hard=0.42474 train_kd=0.00000 train_attn=0.00000 train_gate=0.1113±0.0800 alpha=0.6749 train_auc=0.89615 train_auc_w=0.89615 val_joint=0.39836 val_uns=0.03524 val_phys=0.00000 val_cls=0.42748 val_hard=0.42755 val_kd=0.00000 val_attn=0.00000 val_gate=0.1073±0.0745 val_auc=0.90000 val_auc_w=0.90000 monitor=val_auc_weighted best_monitor=0.90000 no_imp=0
[JointSharedEncoder(HLT,no_kd)] ep=008 train_joint=0.38926 train_uns=0.03555 train_phys=0.00000 train_cls=0.41547 train_hard=0.41560 train_kd=0.00000 train_attn=0.00000 train_gate=0.0969±0.0643 alpha=0.6596 train_auc=0.90136 train_auc_w=0.90136 val_joint=0.38263 val_uns=0.03432 val_phys=0.00000 val_cls=0.40965 val_hard=0.40966 val_kd=0.00000 val_attn=0.00000 val_gate=0.0950±0.0619 val_auc=0.89667 val_auc_w=0.89667 monitor=val_auc_weighted best_monitor=0.90681 no_imp=1
[JointSharedEncoder(HLT,no_kd)] ep=010 train_joint=0.38250 train_uns=0.03518 train_phys=0.00000 train_cls=0.40778 train_hard=0.40780 train_kd=0.00000 train_attn=0.00000 train_gate=0.0940±0.0693 alpha=0.6520 train_auc=0.90544 train_auc_w=0.90544 val_joint=0.37537 val_uns=0.03397 val_phys=0.00000 val_cls=0.40127 val_hard=0.40141 val_kd=0.00000 val_attn=0.00000 val_gate=0.0919±0.0704 val_auc=0.91086 val_auc_w=0.91086 monitor=val_auc_weighted best_monitor=0.91364 no_imp=1
[JointSharedEncoder(HLT,no_kd)] ep=012 train_joint=0.37776 train_uns=0.03484 train_phys=0.00000 train_cls=0.40252 train_hard=0.40266 train_kd=0.00000 train_attn=0.00000 train_gate=0.0875±0.0700 alpha=0.6445 train_auc=0.90815 train_auc_w=0.90815 val_joint=0.37359 val_uns=0.03372 val_phys=0.00000 val_cls=0.39955 val_hard=0.39962 val_kd=0.00000 val_attn=0.00000 val_gate=0.0887±0.0751 val_auc=0.91399 val_auc_w=0.91399 monitor=val_auc_weighted best_monitor=0.91515 no_imp=1
[JointSharedEncoder(HLT,no_kd)] ep=014 train_joint=0.37150 train_uns=0.03460 train_phys=0.00000 train_cls=0.39517 train_hard=0.39523 train_kd=0.00000 train_attn=0.00000 train_gate=0.0832±0.0732 alpha=0.6349 train_auc=0.91214 train_auc_w=0.91214 val_joint=0.36642 val_uns=0.03335 val_phys=0.00000 val_cls=0.39133 val_hard=0.39146 val_kd=0.00000 val_attn=0.00000 val_gate=0.0808±0.0711 val_auc=0.91721 val_auc_w=0.91721 monitor=val_auc_weighted best_monitor=0.91721 no_imp=0
[JointSharedEncoder(HLT,no_kd)] ep=016 train_joint=0.36804 train_uns=0.03439 train_phys=0.00000 train_cls=0.39127 train_hard=0.39137 train_kd=0.00000 train_attn=0.00000 train_gate=0.0745±0.0689 alpha=0.6290 train_auc=0.91376 train_auc_w=0.91376 val_joint=0.37294 val_uns=0.03330 val_phys=0.00000 val_cls=0.39957 val_hard=0.39982 val_kd=0.00000 val_attn=0.00000 val_gate=0.0769±0.0712 val_auc=0.91292 val_auc_w=0.91292 monitor=val_auc_weighted best_monitor=0.91721 no_imp=2
[JointSharedEncoder(HLT,no_kd)] ep=018 train_joint=0.36574 train_uns=0.03424 train_phys=0.00000 train_cls=0.38871 train_hard=0.38882 train_kd=0.00000 train_attn=0.00000 train_gate=0.0761±0.0800 alpha=0.6236 train_auc=0.91528 train_auc_w=0.91528 val_joint=0.36776 val_uns=0.03315 val_phys=0.00000 val_cls=0.39340 val_hard=0.39356 val_kd=0.00000 val_attn=0.00000 val_gate=0.0778±0.0840 val_auc=0.91854 val_auc_w=0.91854 monitor=val_auc_weighted best_monitor=0.91854 no_imp=0
[JointSharedEncoder(HLT,no_kd)] ep=020 train_joint=0.36259 train_uns=0.03421 train_phys=0.00000 train_cls=0.38482 train_hard=0.38495 train_kd=0.00000 train_attn=0.00000 train_gate=0.0753±0.0844 alpha=0.6213 train_auc=0.91667 train_auc_w=0.91667 val_joint=0.35994 val_uns=0.03302 val_phys=0.00000 val_cls=0.38388 val_hard=0.38421 val_kd=0.00000 val_attn=0.00000 val_gate=0.0806±0.0892 val_auc=0.92422 val_auc_w=0.92422 monitor=val_auc_weighted best_monitor=0.92422 no_imp=0
[JointSharedEncoder(HLT,no_kd)] ep=022 train_joint=0.35823 train_uns=0.03409 train_phys=0.00000 train_cls=0.37962 train_hard=0.37959 train_kd=0.00000 train_attn=0.00000 train_gate=0.0762±0.0909 alpha=0.6184 train_auc=0.91872 train_auc_w=0.91872 val_joint=0.36283 val_uns=0.03295 val_phys=0.00000 val_cls=0.38764 val_hard=0.38779 val_kd=0.00000 val_attn=0.00000 val_gate=0.0770±0.0878 val_auc=0.91573 val_auc_w=0.91573 monitor=val_auc_weighted best_monitor=0.92422 no_imp=2
[JointSharedEncoder(HLT,no_kd)] ep=024 train_joint=0.35490 train_uns=0.03406 train_phys=0.00000 train_cls=0.37551 train_hard=0.37563 train_kd=0.00000 train_attn=0.00000 train_gate=0.0807±0.0984 alpha=0.6200 train_auc=0.92094 train_auc_w=0.92094 val_joint=0.35920 val_uns=0.03291 val_phys=0.00000 val_cls=0.38318 val_hard=0.38329 val_kd=0.00000 val_attn=0.00000 val_gate=0.0844±0.1031 val_auc=0.91736 val_auc_w=0.91736 monitor=val_auc_weighted best_monitor=0.92422 no_imp=4
