============================================================
JetClass Joint Dual-View V2 Attr (m2hlt mergefav + hybrid ops, full in/out)
Job ID: 21186501
Node: skl-a-48
Run: checkpoints/jetclass_joint_dualview/jetclass_joint_v2attr_100k50k100k_m2hlt_full_mergefav_hybridops_budgetpt
Split: train=100000, val=50000, test=100000
============================================================
 python -u /home/ryreu/atlas/PracticeTagging/train_jetclass_joint_dualview_stage2_unmergeonly_m2hlt_hybrid_ops_v2_attr.py --data_dir /home/ryreu/atlas/PracticeTagging/data/jetclass_part0 --save_dir checkpoints/jetclass_joint_dualview --run_name jetclass_joint_v2attr_100k50k100k_m2hlt_full_mergefav_hybridops_budgetpt --seed 52 --device cuda --num_workers 1 --feature_mode full --max_constits 100 --train_files_per_class 8 --val_files_per_class 1 --test_files_per_class 1 --n_train_jets 100000 --n_val_jets 50000 --n_test_jets 100000 --batch_size 512 --epochs 30 --patience 8 --lr 7e-4 --weight_decay 1e-5 --warmup_epochs 3 --embed_dim 128 --num_heads 8 --num_layers 6 --ff_dim 512 --dropout 0.1 --target_class HToBB --background_class ZJetsToNuNu --hlt_pt_threshold 1.3 --merge_prob_scale 1.35 --reassign_scale 1.00 --smear_scale 1.00 --eff_plateau_barrel 0.99 --eff_plateau_endcap 0.97 --eff_turnon_pt 1.4 --eff_width_pt 0.20 --reco_batch_size 96 --stageA_epochs 90 --stageA_patience 18 --stageA_lr 2e-4 --stageA_weight_decay 1e-5 --stageA_warmup_epochs 5 --stageA_stage1_epochs 20 --stageA_stage2_epochs 55 --stageA_min_full_scale_epochs 5 --reco_max_generated_tokens 32 --loss_set_mode hungarian --loss_w_set 1.0 --loss_w_phys 0.00 --loss_w_pt_ratio 0.25 --loss_w_m_ratio 0.03 --loss_w_e_ratio 0.03 --loss_w_budget 0.80 --loss_w_sparse 0.02 --loss_w_local 0.10 --loss_gen_local_radius 0.08 --stageB_epochs 35 --stageB_patience 10 --stageB_min_epochs 10 --stageB_lr_dual 4e-4 --stageC_epochs 45 --stageC_patience 12 --stageC_min_epochs 15 --stageC_lr_dual 1e-5 --stageC_lr_reco 5e-6 --lambda_reco 0.4 --lambda_cons 0.03 --added_target_scale 1.0 --v2_attr_hidden_dim 128 --v2_attr_slots 2 --v2_mode_none_weight 0.20 --v2_mode_label_smoothing 0.0 --v2_track_weight 1.0 --stageA_attr_epochs 12 --stageA_attr_patience 4 --stageA_attr_lr 2e-4 --stageA_attr_weight_decay 1e-5 --lambda_attr_mode 0.10 --lambda_attr_type 0.15 --lambda_attr_charge 0.03 --lambda_attr_track 0.03
Device: cuda
Save dir: /home/ryreu/atlas/PracticeTagging/checkpoints/jetclass_joint_dualview/jetclass_joint_v2attr_100k50k100k_m2hlt_full_mergefav_hybridops_budgetpt
Classes:
  HToBB        : 10 files
  HToCC        : 10 files
  HToGG        : 10 files
  HToWW2Q1L    : 10 files
  HToWW4Q      : 10 files
  TTBar        : 10 files
  TTBarLep     : 10 files
  WToQQ        : 10 files
  ZJetsToNuNu  : 10 files
  ZToQQ        : 10 files
Loading train split...
Loading val split...
Loading test split...
Loaded jets: train=100000, val=50000, test=100000 | mean constituents train=39.37
Building HLT-like corrupted splits...
Constituent means | offline/hlt: train=39.37/26.11 val=39.34/26.09 test=39.33/26.08
HLT drop decomposition (train): eff=0.314, thr=0.220, merge=0.467, mean_merges/jet=6.186
V2 split-target coverage: train=0.0116, val=0.0116, test=0.0116
Non-priv target setup: added_target_scale=1.000, mean_true_added_raw(train)=13.255, mean_target_added(train)=13.255

======================================================================
STEP 1: TEACHER + BASELINE (JETCLASS TRANSFORMER)
======================================================================
teacher_offline ep 1: train(loss/acc/auc)=1.4423/0.4787/0.8752 val(loss/acc/auc/fpr50_sigbg/fpr50_ratio)=1.1683/0.5747/0.9143/0.027000/0.008600 best=0.9143
teacher_offline ep 2: train(loss/acc/auc)=1.1512/0.5825/0.9156 val(loss/acc/auc/fpr50_sigbg/fpr50_ratio)=1.0259/0.6341/0.9328/0.019200/0.007200 best=0.9328
teacher_offline ep 3: train(loss/acc/auc)=1.0449/0.6231/0.9296 val(loss/acc/auc/fpr50_sigbg/fpr50_ratio)=1.0050/0.6371/0.9362/0.015800/0.007600 best=0.9362
teacher_offline ep 4: train(loss/acc/auc)=0.9973/0.6400/0.9353 val(loss/acc/auc/fpr50_sigbg/fpr50_ratio)=0.9594/0.6483/0.9408/0.017600/0.006000 best=0.9408
teacher_offline ep 5: train(loss/acc/auc)=0.9667/0.6490/0.9387 val(loss/acc/auc/fpr50_sigbg/fpr50_ratio)=1.0068/0.6295/0.9370/0.017200/0.006800 best=0.9408
teacher_offline ep 6: train(loss/acc/auc)=0.9388/0.6606/0.9419 val(loss/acc/auc/fpr50_sigbg/fpr50_ratio)=0.9559/0.6559/0.9399/0.018000/0.009200 best=0.9408
teacher_offline ep 7: train(loss/acc/auc)=0.9276/0.6619/0.9429 val(loss/acc/auc/fpr50_sigbg/fpr50_ratio)=0.9370/0.6606/0.9438/0.015000/0.005600 best=0.9438
teacher_offline ep 8: train(loss/acc/auc)=0.9106/0.6693/0.9448 val(loss/acc/auc/fpr50_sigbg/fpr50_ratio)=0.9106/0.6717/0.9458/0.015400/0.004800 best=0.9458
teacher_offline ep 9: train(loss/acc/auc)=0.8979/0.6748/0.9461 val(loss/acc/auc/fpr50_sigbg/fpr50_ratio)=0.9419/0.6570/0.9452/0.014400/0.005000 best=0.9458
teacher_offline ep 10: train(loss/acc/auc)=0.8874/0.6773/0.9471 val(loss/acc/auc/fpr50_sigbg/fpr50_ratio)=0.8841/0.6843/0.9488/0.013000/0.004400 best=0.9488
teacher_offline ep 11: train(loss/acc/auc)=0.8763/0.6820/0.9483 val(loss/acc/auc/fpr50_sigbg/fpr50_ratio)=0.8863/0.6800/0.9480/0.015400/0.006000 best=0.9488
teacher_offline ep 12: train(loss/acc/auc)=0.8632/0.6854/0.9496 val(loss/acc/auc/fpr50_sigbg/fpr50_ratio)=0.8910/0.6782/0.9477/0.014600/0.005000 best=0.9488
teacher_offline ep 13: train(loss/acc/auc)=0.8530/0.6891/0.9506 val(loss/acc/auc/fpr50_sigbg/fpr50_ratio)=0.8734/0.6841/0.9497/0.012600/0.004800 best=0.9497
teacher_offline ep 14: train(loss/acc/auc)=0.8406/0.6952/0.9518 val(loss/acc/auc/fpr50_sigbg/fpr50_ratio)=0.8792/0.6826/0.9495/0.015200/0.005400 best=0.9497
teacher_offline ep 15: train(loss/acc/auc)=0.8335/0.6961/0.9527 val(loss/acc/auc/fpr50_sigbg/fpr50_ratio)=0.9022/0.6745/0.9478/0.014400/0.006400 best=0.9497
teacher_offline ep 16: train(loss/acc/auc)=0.8215/0.6993/0.9538 val(loss/acc/auc/fpr50_sigbg/fpr50_ratio)=0.8584/0.6924/0.9509/0.013200/0.004400 best=0.9509
teacher_offline ep 17: train(loss/acc/auc)=0.8111/0.7038/0.9548 val(loss/acc/auc/fpr50_sigbg/fpr50_ratio)=0.8694/0.6889/0.9504/0.012800/0.004000 best=0.9509
teacher_offline ep 18: train(loss/acc/auc)=0.8009/0.7074/0.9558 val(loss/acc/auc/fpr50_sigbg/fpr50_ratio)=0.8576/0.6916/0.9511/0.016000/0.005000 best=0.9511
teacher_offline ep 19: train(loss/acc/auc)=0.7922/0.7119/0.9566 val(loss/acc/auc/fpr50_sigbg/fpr50_ratio)=0.8613/0.6921/0.9514/0.013400/0.005200 best=0.9514
teacher_offline ep 20: train(loss/acc/auc)=0.7810/0.7151/0.9577 val(loss/acc/auc/fpr50_sigbg/fpr50_ratio)=0.8694/0.6912/0.9513/0.012200/0.004400 best=0.9514
teacher_offline ep 21: train(loss/acc/auc)=0.7709/0.7177/0.9586 val(loss/acc/auc/fpr50_sigbg/fpr50_ratio)=0.8557/0.6951/0.9517/0.015200/0.005200 best=0.9517
teacher_offline ep 22: train(loss/acc/auc)=0.7596/0.7228/0.9597 val(loss/acc/auc/fpr50_sigbg/fpr50_ratio)=0.8701/0.6919/0.9515/0.013800/0.004600 best=0.9517
teacher_offline ep 23: train(loss/acc/auc)=0.7504/0.7270/0.9605 val(loss/acc/auc/fpr50_sigbg/fpr50_ratio)=0.8596/0.6943/0.9515/0.013600/0.004400 best=0.9517
teacher_offline ep 24: train(loss/acc/auc)=0.7427/0.7286/0.9613 val(loss/acc/auc/fpr50_sigbg/fpr50_ratio)=0.8690/0.6924/0.9514/0.014200/0.005200 best=0.9517
teacher_offline ep 25: train(loss/acc/auc)=0.7336/0.7322/0.9621 val(loss/acc/auc/fpr50_sigbg/fpr50_ratio)=0.8722/0.6926/0.9512/0.014400/0.005200 best=0.9517
teacher_offline ep 26: train(loss/acc/auc)=0.7292/0.7330/0.9624 val(loss/acc/auc/fpr50_sigbg/fpr50_ratio)=0.8658/0.6949/0.9516/0.014000/0.004800 best=0.9517
teacher_offline ep 27: train(loss/acc/auc)=0.7218/0.7370/0.9631 val(loss/acc/auc/fpr50_sigbg/fpr50_ratio)=0.8632/0.6961/0.9518/0.015000/0.004600 best=0.9518
teacher_offline ep 28: train(loss/acc/auc)=0.7177/0.7368/0.9635 val(loss/acc/auc/fpr50_sigbg/fpr50_ratio)=0.8652/0.6960/0.9517/0.013600/0.004400 best=0.9518
teacher_offline ep 29: train(loss/acc/auc)=0.7147/0.7385/0.9638 val(loss/acc/auc/fpr50_sigbg/fpr50_ratio)=0.8637/0.6970/0.9518/0.014600/0.005000 best=0.9518
teacher_offline ep 30: train(loss/acc/auc)=0.7121/0.7406/0.9640 val(loss/acc/auc/fpr50_sigbg/fpr50_ratio)=0.8652/0.6964/0.9518/0.013800/0.004800 best=0.9518
baseline_hlt ep 1: train(loss/acc/auc)=1.5955/0.4273/0.8414 val(loss/acc/auc/fpr50_sigbg/fpr50_ratio)=1.3578/0.5107/0.8847/0.036000/0.019200 best=0.8847
baseline_hlt ep 2: train(loss/acc/auc)=1.3349/0.5194/0.8861 val(loss/acc/auc/fpr50_sigbg/fpr50_ratio)=1.2730/0.5428/0.9016/0.031200/0.021400 best=0.9016
baseline_hlt ep 3: train(loss/acc/auc)=1.2461/0.5525/0.9003 val(loss/acc/auc/fpr50_sigbg/fpr50_ratio)=1.2444/0.5526/0.9064/0.023200/0.017000 best=0.9064
baseline_hlt ep 4: train(loss/acc/auc)=1.1931/0.5706/0.9082 val(loss/acc/auc/fpr50_sigbg/fpr50_ratio)=1.1959/0.5674/0.9118/0.023800/0.013000 best=0.9118
baseline_hlt ep 5: train(loss/acc/auc)=1.1621/0.5808/0.9124 val(loss/acc/auc/fpr50_sigbg/fpr50_ratio)=1.1330/0.5919/0.9185/0.022800/0.012800 best=0.9185
baseline_hlt ep 6: train(loss/acc/auc)=1.1402/0.5889/0.9155 val(loss/acc/auc/fpr50_sigbg/fpr50_ratio)=1.1479/0.5877/0.9158/0.021600/0.014600 best=0.9185
baseline_hlt ep 7: train(loss/acc/auc)=1.1226/0.5946/0.9178 val(loss/acc/auc/fpr50_sigbg/fpr50_ratio)=1.0983/0.6043/0.9214/0.020200/0.010600 best=0.9214
baseline_hlt ep 8: train(loss/acc/auc)=1.1082/0.5995/0.9196 val(loss/acc/auc/fpr50_sigbg/fpr50_ratio)=1.1143/0.5985/0.9211/0.021800/0.010800 best=0.9214
baseline_hlt ep 9: train(loss/acc/auc)=1.0921/0.6045/0.9217 val(loss/acc/auc/fpr50_sigbg/fpr50_ratio)=1.0706/0.6157/0.9247/0.018800/0.010400 best=0.9247
baseline_hlt ep 10: train(loss/acc/auc)=1.0820/0.6088/0.9230 val(loss/acc/auc/fpr50_sigbg/fpr50_ratio)=1.0746/0.6133/0.9245/0.020200/0.011200 best=0.9247
baseline_hlt ep 11: train(loss/acc/auc)=1.0725/0.6113/0.9241 val(loss/acc/auc/fpr50_sigbg/fpr50_ratio)=1.0723/0.6121/0.9248/0.019200/0.010400 best=0.9248
baseline_hlt ep 12: train(loss/acc/auc)=1.0622/0.6152/0.9255 val(loss/acc/auc/fpr50_sigbg/fpr50_ratio)=1.0769/0.6103/0.9246/0.019800/0.010400 best=0.9248
baseline_hlt ep 13: train(loss/acc/auc)=1.0535/0.6174/0.9265 val(loss/acc/auc/fpr50_sigbg/fpr50_ratio)=1.0773/0.6120/0.9248/0.020800/0.010600 best=0.9248
baseline_hlt ep 14: train(loss/acc/auc)=1.0406/0.6234/0.9282 val(loss/acc/auc/fpr50_sigbg/fpr50_ratio)=1.0841/0.6094/0.9250/0.020600/0.011600 best=0.9250
baseline_hlt ep 15: train(loss/acc/auc)=1.0315/0.6248/0.9292 val(loss/acc/auc/fpr50_sigbg/fpr50_ratio)=1.0899/0.6076/0.9245/0.021400/0.010200 best=0.9250
baseline_hlt ep 16: train(loss/acc/auc)=1.0207/0.6304/0.9307 val(loss/acc/auc/fpr50_sigbg/fpr50_ratio)=1.0558/0.6216/0.9268/0.019600/0.009200 best=0.9268
baseline_hlt ep 17: train(loss/acc/auc)=1.0116/0.6335/0.9317 val(loss/acc/auc/fpr50_sigbg/fpr50_ratio)=1.0607/0.6163/0.9264/0.020400/0.010600 best=0.9268
baseline_hlt ep 18: train(loss/acc/auc)=1.0032/0.6351/0.9327 val(loss/acc/auc/fpr50_sigbg/fpr50_ratio)=1.0913/0.6060/0.9249/0.023200/0.012800 best=0.9268
baseline_hlt ep 19: train(loss/acc/auc)=0.9956/0.6396/0.9336 val(loss/acc/auc/fpr50_sigbg/fpr50_ratio)=1.0558/0.6213/0.9277/0.019600/0.010600 best=0.9277
baseline_hlt ep 20: train(loss/acc/auc)=0.9849/0.6431/0.9348 val(loss/acc/auc/fpr50_sigbg/fpr50_ratio)=1.0738/0.6141/0.9256/0.021000/0.011200 best=0.9277
baseline_hlt ep 21: train(loss/acc/auc)=0.9749/0.6453/0.9360 val(loss/acc/auc/fpr50_sigbg/fpr50_ratio)=1.1279/0.5958/0.9223/0.023000/0.010400 best=0.9277
baseline_hlt ep 22: train(loss/acc/auc)=0.9668/0.6487/0.9370 val(loss/acc/auc/fpr50_sigbg/fpr50_ratio)=1.0668/0.6194/0.9267/0.021200/0.012200 best=0.9277
baseline_hlt ep 23: train(loss/acc/auc)=0.9591/0.6524/0.9378 val(loss/acc/auc/fpr50_sigbg/fpr50_ratio)=1.0838/0.6137/0.9259/0.023600/0.011800 best=0.9277
baseline_hlt ep 24: train(loss/acc/auc)=0.9520/0.6538/0.9387 val(loss/acc/auc/fpr50_sigbg/fpr50_ratio)=1.0663/0.6191/0.9268/0.023800/0.011000 best=0.9277
baseline_hlt ep 25: train(loss/acc/auc)=0.9432/0.6578/0.9397 val(loss/acc/auc/fpr50_sigbg/fpr50_ratio)=1.0718/0.6160/0.9266/0.023000/0.011600 best=0.9277
baseline_hlt ep 26: train(loss/acc/auc)=0.9371/0.6584/0.9403 val(loss/acc/auc/fpr50_sigbg/fpr50_ratio)=1.0706/0.6174/0.9269/0.022400/0.011400 best=0.9277
baseline_hlt ep 27: train(loss/acc/auc)=0.9330/0.6600/0.9407 val(loss/acc/auc/fpr50_sigbg/fpr50_ratio)=1.0779/0.6150/0.9263/0.022000/0.011600 best=0.9277
Early stopping baseline_hlt at epoch 27

======================================================================
STEP 2: STAGE A (RECONSTRUCTOR PRETRAIN)
======================================================================
Ep 5: train_total=8.9950, val_total_unw=8.6355, val_total_w=8.6355, select=unweighted, best_sel=8.4565 | set_unw=0.3520, phys_unw=0.2386, budget_unw=10.2773, fp_mass_unw=0.0122, w_set=1.000, w_budget=0.800, w_pt=0.250, w_local=0.100, stage_scale=0.35
Ep 10: train_total=8.3818, val_total_unw=8.0902, val_total_w=8.0902, select=unweighted, best_sel=8.0902 | set_unw=0.3121, phys_unw=0.1705, budget_unw=9.6523, fp_mass_unw=0.0088, w_set=1.000, w_budget=0.800, w_pt=0.250, w_local=0.100, stage_scale=0.35
Ep 15: train_total=8.1377, val_total_unw=8.5977, val_total_w=8.5977, select=unweighted, best_sel=8.0902 | set_unw=0.3012, phys_unw=0.1966, budget_unw=10.3337, fp_mass_unw=0.0073, w_set=1.000, w_budget=0.800, w_pt=0.250, w_local=0.100, stage_scale=0.35
Ep 20: train_total=8.0163, val_total_unw=8.1231, val_total_w=8.1231, select=unweighted, best_sel=8.0045 | set_unw=0.3026, phys_unw=0.1921, budget_unw=9.6735, fp_mass_unw=0.0061, w_set=1.000, w_budget=0.800, w_pt=0.250, w_local=0.100, stage_scale=0.35
Stage-A transition -> reloaded best from phase_035 (epoch=17, val_total=8.0045)
Ep 25: train_total=7.9496, val_total_unw=8.1555, val_total_w=8.1555, select=unweighted, best_sel=8.0045 | set_unw=0.2701, phys_unw=0.1524, budget_unw=9.7985, fp_mass_unw=0.0054, w_set=1.000, w_budget=0.800, w_pt=0.250, w_local=0.100, stage_scale=0.70
Ep 30: train_total=7.8076, val_total_unw=8.5781, val_total_w=8.5781, select=unweighted, best_sel=7.8921 | set_unw=0.2650, phys_unw=0.1702, budget_unw=10.3406, fp_mass_unw=0.0052, w_set=1.000, w_budget=0.800, w_pt=0.250, w_local=0.100, stage_scale=0.70
Ep 35: train_total=7.7178, val_total_unw=7.8398, val_total_w=7.8398, select=unweighted, best_sel=7.8398 | set_unw=0.2628, phys_unw=0.1560, budget_unw=9.4279, fp_mass_unw=0.0050, w_set=1.000, w_budget=0.800, w_pt=0.250, w_local=0.100, stage_scale=0.70
Ep 40: train_total=7.6059, val_total_unw=7.8974, val_total_w=7.8974, select=unweighted, best_sel=7.8398 | set_unw=0.2640, phys_unw=0.1572, budget_unw=9.3659, fp_mass_unw=0.0050, w_set=1.000, w_budget=0.800, w_pt=0.250, w_local=0.100, stage_scale=0.70
Ep 45: train_total=7.4730, val_total_unw=8.0282, val_total_w=8.0282, select=unweighted, best_sel=7.8273 | set_unw=0.2626, phys_unw=0.1631, budget_unw=9.5196, fp_mass_unw=0.0050, w_set=1.000, w_budget=0.800, w_pt=0.250, w_local=0.100, stage_scale=0.70
Ep 50: train_total=7.3558, val_total_unw=7.9566, val_total_w=7.9566, select=unweighted, best_sel=7.7488 | set_unw=0.2611, phys_unw=0.1647, budget_unw=9.5932, fp_mass_unw=0.0047, w_set=1.000, w_budget=0.800, w_pt=0.250, w_local=0.100, stage_scale=0.70
Ep 55: train_total=7.2317, val_total_unw=8.2377, val_total_w=8.2377, select=unweighted, best_sel=7.7488 | set_unw=0.2607, phys_unw=0.1552, budget_unw=9.6685, fp_mass_unw=0.0049, w_set=1.000, w_budget=0.800, w_pt=0.250, w_local=0.100, stage_scale=0.70
Stage-A transition -> reloaded best from phase_070 (epoch=48, val_total=7.7488)
Ep 60: train_total=7.2810, val_total_unw=8.0018, val_total_w=8.0018, select=unweighted, best_sel=7.7465 | set_unw=0.2590, phys_unw=0.1469, budget_unw=9.6552, fp_mass_unw=0.0050, w_set=1.000, w_budget=0.800, w_pt=0.250, w_local=0.100, stage_scale=1.00
Ep 65: train_total=7.1433, val_total_unw=7.9135, val_total_w=7.9135, select=unweighted, best_sel=7.7465 | set_unw=0.2587, phys_unw=0.1465, budget_unw=9.5482, fp_mass_unw=0.0050, w_set=1.000, w_budget=0.800, w_pt=0.250, w_local=0.100, stage_scale=1.00
Ep 70: train_total=6.9930, val_total_unw=7.8824, val_total_w=7.8824, select=unweighted, best_sel=7.7465 | set_unw=0.2578, phys_unw=0.1390, budget_unw=9.5115, fp_mass_unw=0.0050, w_set=1.000, w_budget=0.800, w_pt=0.250, w_local=0.100, stage_scale=1.00
Ep 75: train_total=6.8658, val_total_unw=7.8877, val_total_w=7.8877, select=unweighted, best_sel=7.7465 | set_unw=0.2569, phys_unw=0.1397, budget_unw=9.4916, fp_mass_unw=0.0048, w_set=1.000, w_budget=0.800, w_pt=0.250, w_local=0.100, stage_scale=1.00
Early stopping reconstructor at epoch 76
StageA-Attr ep 2: train_attr=0.9535, val_attr=0.9478, best=0.9478
StageA-Attr ep 4: train_attr=0.9108, val_attr=0.9206, best=0.9206
StageA-Attr ep 6: train_attr=0.8804, val_attr=0.8863, best=0.8863
StageA-Attr ep 8: train_attr=0.8467, val_attr=0.8568, best=0.8568
StageA-Attr ep 10: train_attr=0.8366, val_attr=0.8452, best=0.8452
StageA-Attr ep 12: train_attr=0.8289, val_attr=0.8377, best=0.8377

======================================================================
STEP 3: STAGE B (DUAL PRETRAIN, FROZEN RECONSTRUCTOR)
======================================================================
