============================================================
JetClass Joint Dual-View V1 (m2hlt, kin-only isolate)
Job ID: 21175571
Node: skl-a-32
Run: checkpoints/jetclass_joint_dualview/jetclass_joint_v1_100k50k100k_m2hlt_kin
Split: train=100000, val=50000, test=100000
============================================================
 python -u train_jetclass_joint_dualview_stage2_unmergeonly_m2hlt.py --data_dir /home/ryreu/atlas/PracticeTagging/data/jetclass_part0 --save_dir checkpoints/jetclass_joint_dualview --run_name jetclass_joint_v1_100k50k100k_m2hlt_kin --seed 52 --device cuda --num_workers 2 --feature_mode kin --max_constits 100 --train_files_per_class 8 --val_files_per_class 1 --test_files_per_class 1 --n_train_jets 100000 --n_val_jets 50000 --n_test_jets 100000 --batch_size 512 --epochs 30 --patience 8 --lr 7e-4 --weight_decay 1e-5 --warmup_epochs 3 --embed_dim 128 --num_heads 8 --num_layers 6 --ff_dim 512 --dropout 0.1 --target_class HToBB --background_class ZJetsToNuNu --hlt_pt_threshold 1.5 --merge_prob_scale 1.00 --reassign_scale 1.00 --smear_scale 1.00 --eff_plateau_barrel 0.98 --eff_plateau_endcap 0.94 --eff_turnon_pt 1.6 --eff_width_pt 0.20 --reco_batch_size 96 --stageA_epochs 90 --stageA_patience 18 --stageA_lr 2e-4 --stageA_weight_decay 1e-5 --stageA_warmup_epochs 5 --stageA_stage1_epochs 20 --stageA_stage2_epochs 55 --stageA_min_full_scale_epochs 5 --loss_set_mode hungarian --loss_w_set 1.0 --loss_w_phys 0.0 --loss_w_pt_ratio 0.0 --loss_w_m_ratio 0.0 --loss_w_e_ratio 0.0 --loss_w_budget 0.65 --loss_w_sparse 0.02 --loss_w_local 0.05 --stageB_epochs 35 --stageB_patience 10 --stageB_min_epochs 10 --stageB_lr_dual 4e-4 --stageC_epochs 45 --stageC_patience 12 --stageC_min_epochs 15 --stageC_lr_dual 2e-4 --stageC_lr_reco 1e-4 --lambda_reco 0.4 --lambda_cons 0.06 --added_target_scale 0.90
Device: cuda
Save dir: /home/ryreu/atlas/PracticeTagging/checkpoints/jetclass_joint_dualview/jetclass_joint_v1_100k50k100k_m2hlt_kin
Classes:
  HToBB        : 10 files
  HToCC        : 10 files
  HToGG        : 10 files
  HToWW2Q1L    : 10 files
  HToWW4Q      : 10 files
  TTBar        : 10 files
  TTBarLep     : 10 files
  WToQQ        : 10 files
  ZJetsToNuNu  : 10 files
  ZToQQ        : 10 files
Loading train split...
Loading val split...
Loading test split...
Loaded jets: train=100000, val=50000, test=100000 | mean constituents train=39.37
Building HLT-like corrupted splits...
Constituent means | offline/hlt: train=39.37/26.11 val=39.34/26.09 test=39.33/26.09
HLT drop decomposition (train): eff=0.388, thr=0.305, merge=0.308, mean_merges/jet=4.077
Non-priv target setup: added_target_scale=0.900, mean_true_added_raw(train)=13.257, mean_target_added(train)=11.932

======================================================================
STEP 1: TEACHER + BASELINE (JETCLASS TRANSFORMER)
======================================================================
teacher_offline ep 1: train(loss/acc/auc)=1.5652/0.4466/0.8501 val(loss/acc/auc/fpr50_sigbg/fpr50_ratio)=1.2990/0.5388/0.8978/0.056000/0.026800 best=0.8978
teacher_offline ep 2: train(loss/acc/auc)=1.2592/0.5531/0.9019 val(loss/acc/auc/fpr50_sigbg/fpr50_ratio)=1.1980/0.5737/0.9130/0.032600/0.019800 best=0.9130
teacher_offline ep 3: train(loss/acc/auc)=1.1917/0.5759/0.9111 val(loss/acc/auc/fpr50_sigbg/fpr50_ratio)=1.2318/0.5606/0.9090/0.038000/0.019000 best=0.9130
teacher_offline ep 4: train(loss/acc/auc)=1.1500/0.5871/0.9166 val(loss/acc/auc/fpr50_sigbg/fpr50_ratio)=1.1294/0.5933/0.9213/0.027800/0.017400 best=0.9213
teacher_offline ep 5: train(loss/acc/auc)=1.1202/0.5994/0.9205 val(loss/acc/auc/fpr50_sigbg/fpr50_ratio)=1.1096/0.6057/0.9235/0.028600/0.014600 best=0.9235
teacher_offline ep 6: train(loss/acc/auc)=1.1043/0.6043/0.9226 val(loss/acc/auc/fpr50_sigbg/fpr50_ratio)=1.1363/0.5900/0.9206/0.028400/0.015600 best=0.9235
teacher_offline ep 7: train(loss/acc/auc)=1.0873/0.6114/0.9246 val(loss/acc/auc/fpr50_sigbg/fpr50_ratio)=1.0760/0.6119/0.9274/0.026800/0.012200 best=0.9274
teacher_offline ep 8: train(loss/acc/auc)=1.0706/0.6147/0.9267 val(loss/acc/auc/fpr50_sigbg/fpr50_ratio)=1.0693/0.6157/0.9282/0.025000/0.013800 best=0.9282
teacher_offline ep 9: train(loss/acc/auc)=1.0620/0.6169/0.9277 val(loss/acc/auc/fpr50_sigbg/fpr50_ratio)=1.0836/0.6139/0.9286/0.027800/0.013600 best=0.9286
teacher_offline ep 10: train(loss/acc/auc)=1.0480/0.6229/0.9297 val(loss/acc/auc/fpr50_sigbg/fpr50_ratio)=1.0511/0.6237/0.9307/0.024000/0.012800 best=0.9307
teacher_offline ep 11: train(loss/acc/auc)=1.0388/0.6268/0.9307 val(loss/acc/auc/fpr50_sigbg/fpr50_ratio)=1.0912/0.6084/0.9263/0.027000/0.013200 best=0.9307
teacher_offline ep 12: train(loss/acc/auc)=1.0280/0.6300/0.9320 val(loss/acc/auc/fpr50_sigbg/fpr50_ratio)=1.0617/0.6189/0.9286/0.026000/0.013000 best=0.9307
teacher_offline ep 13: train(loss/acc/auc)=1.0207/0.6327/0.9328 val(loss/acc/auc/fpr50_sigbg/fpr50_ratio)=1.0388/0.6278/0.9316/0.026000/0.011600 best=0.9316
teacher_offline ep 14: train(loss/acc/auc)=1.0136/0.6347/0.9337 val(loss/acc/auc/fpr50_sigbg/fpr50_ratio)=1.1110/0.6029/0.9248/0.026200/0.012200 best=0.9316
teacher_offline ep 15: train(loss/acc/auc)=1.0022/0.6385/0.9351 val(loss/acc/auc/fpr50_sigbg/fpr50_ratio)=1.0778/0.6154/0.9302/0.024800/0.012800 best=0.9316
teacher_offline ep 16: train(loss/acc/auc)=0.9938/0.6418/0.9360 val(loss/acc/auc/fpr50_sigbg/fpr50_ratio)=1.0364/0.6332/0.9329/0.023000/0.010800 best=0.9329
teacher_offline ep 17: train(loss/acc/auc)=0.9826/0.6452/0.9373 val(loss/acc/auc/fpr50_sigbg/fpr50_ratio)=1.0889/0.6067/0.9273/0.023800/0.012600 best=0.9329
teacher_offline ep 18: train(loss/acc/auc)=0.9741/0.6489/0.9382 val(loss/acc/auc/fpr50_sigbg/fpr50_ratio)=1.0507/0.6266/0.9319/0.025200/0.013800 best=0.9329
teacher_offline ep 19: train(loss/acc/auc)=0.9635/0.6518/0.9396 val(loss/acc/auc/fpr50_sigbg/fpr50_ratio)=1.0743/0.6185/0.9298/0.024200/0.011000 best=0.9329
teacher_offline ep 20: train(loss/acc/auc)=0.9522/0.6566/0.9407 val(loss/acc/auc/fpr50_sigbg/fpr50_ratio)=1.0478/0.6265/0.9318/0.022800/0.011200 best=0.9329
teacher_offline ep 21: train(loss/acc/auc)=0.9425/0.6579/0.9418 val(loss/acc/auc/fpr50_sigbg/fpr50_ratio)=1.0598/0.6255/0.9303/0.025000/0.011400 best=0.9329
teacher_offline ep 22: train(loss/acc/auc)=0.9341/0.6618/0.9427 val(loss/acc/auc/fpr50_sigbg/fpr50_ratio)=1.0404/0.6326/0.9333/0.025200/0.012800 best=0.9333
teacher_offline ep 23: train(loss/acc/auc)=0.9229/0.6658/0.9440 val(loss/acc/auc/fpr50_sigbg/fpr50_ratio)=1.0305/0.6372/0.9335/0.024000/0.011400 best=0.9335
teacher_offline ep 24: train(loss/acc/auc)=0.9149/0.6686/0.9449 val(loss/acc/auc/fpr50_sigbg/fpr50_ratio)=1.0411/0.6347/0.9328/0.024400/0.012000 best=0.9335
teacher_offline ep 25: train(loss/acc/auc)=0.9064/0.6726/0.9457 val(loss/acc/auc/fpr50_sigbg/fpr50_ratio)=1.0395/0.6356/0.9330/0.023000/0.011600 best=0.9335
teacher_offline ep 26: train(loss/acc/auc)=0.8989/0.6743/0.9465 val(loss/acc/auc/fpr50_sigbg/fpr50_ratio)=1.0490/0.6329/0.9320/0.025200/0.011800 best=0.9335
teacher_offline ep 27: train(loss/acc/auc)=0.8934/0.6768/0.9471 val(loss/acc/auc/fpr50_sigbg/fpr50_ratio)=1.0495/0.6313/0.9324/0.024400/0.010800 best=0.9335
teacher_offline ep 28: train(loss/acc/auc)=0.8884/0.6766/0.9476 val(loss/acc/auc/fpr50_sigbg/fpr50_ratio)=1.0518/0.6322/0.9320/0.024000/0.011000 best=0.9335
teacher_offline ep 29: train(loss/acc/auc)=0.8854/0.6785/0.9479 val(loss/acc/auc/fpr50_sigbg/fpr50_ratio)=1.0492/0.6322/0.9322/0.025000/0.011000 best=0.9335
teacher_offline ep 30: train(loss/acc/auc)=0.8835/0.6801/0.9481 val(loss/acc/auc/fpr50_sigbg/fpr50_ratio)=1.0517/0.6324/0.9322/0.024600/0.010400 best=0.9335
baseline_hlt ep 1: train(loss/acc/auc)=1.7172/0.3844/0.8121 val(loss/acc/auc/fpr50_sigbg/fpr50_ratio)=1.5199/0.4602/0.8593/0.059200/0.033800 best=0.8593
baseline_hlt ep 2: train(loss/acc/auc)=1.4511/0.4820/0.8677 val(loss/acc/auc/fpr50_sigbg/fpr50_ratio)=1.4028/0.4974/0.8800/0.041200/0.030800 best=0.8800
baseline_hlt ep 3: train(loss/acc/auc)=1.3870/0.5023/0.8792 val(loss/acc/auc/fpr50_sigbg/fpr50_ratio)=1.3787/0.5038/0.8822/0.039600/0.029600 best=0.8822
baseline_hlt ep 4: train(loss/acc/auc)=1.3434/0.5180/0.8861 val(loss/acc/auc/fpr50_sigbg/fpr50_ratio)=1.3674/0.5105/0.8869/0.041400/0.028600 best=0.8869
baseline_hlt ep 5: train(loss/acc/auc)=1.3209/0.5268/0.8896 val(loss/acc/auc/fpr50_sigbg/fpr50_ratio)=1.3310/0.5249/0.8901/0.037600/0.025400 best=0.8901
baseline_hlt ep 6: train(loss/acc/auc)=1.3042/0.5331/0.8923 val(loss/acc/auc/fpr50_sigbg/fpr50_ratio)=1.3222/0.5279/0.8923/0.044600/0.037800 best=0.8923
baseline_hlt ep 7: train(loss/acc/auc)=1.2903/0.5357/0.8944 val(loss/acc/auc/fpr50_sigbg/fpr50_ratio)=1.2770/0.5426/0.8978/0.033000/0.025800 best=0.8978
baseline_hlt ep 8: train(loss/acc/auc)=1.2763/0.5406/0.8965 val(loss/acc/auc/fpr50_sigbg/fpr50_ratio)=1.3053/0.5345/0.8960/0.035800/0.024400 best=0.8978
baseline_hlt ep 9: train(loss/acc/auc)=1.2652/0.5464/0.8980 val(loss/acc/auc/fpr50_sigbg/fpr50_ratio)=1.2937/0.5339/0.8958/0.038200/0.028600 best=0.8978
baseline_hlt ep 10: train(loss/acc/auc)=1.2541/0.5493/0.8998 val(loss/acc/auc/fpr50_sigbg/fpr50_ratio)=1.2948/0.5393/0.8960/0.035800/0.025000 best=0.8978
baseline_hlt ep 11: train(loss/acc/auc)=1.2480/0.5536/0.9006 val(loss/acc/auc/fpr50_sigbg/fpr50_ratio)=1.2472/0.5527/0.9013/0.035600/0.026400 best=0.9013
baseline_hlt ep 12: train(loss/acc/auc)=1.2361/0.5562/0.9024 val(loss/acc/auc/fpr50_sigbg/fpr50_ratio)=1.3210/0.5290/0.8946/0.035600/0.024400 best=0.9013
baseline_hlt ep 13: train(loss/acc/auc)=1.2299/0.5576/0.9034 val(loss/acc/auc/fpr50_sigbg/fpr50_ratio)=1.3046/0.5311/0.8969/0.035000/0.026000 best=0.9013
baseline_hlt ep 14: train(loss/acc/auc)=1.2206/0.5617/0.9047 val(loss/acc/auc/fpr50_sigbg/fpr50_ratio)=1.2910/0.5371/0.8977/0.035400/0.025200 best=0.9013
baseline_hlt ep 15: train(loss/acc/auc)=1.2114/0.5635/0.9060 val(loss/acc/auc/fpr50_sigbg/fpr50_ratio)=1.2499/0.5537/0.9019/0.037600/0.023800 best=0.9019
baseline_hlt ep 16: train(loss/acc/auc)=1.2033/0.5665/0.9071 val(loss/acc/auc/fpr50_sigbg/fpr50_ratio)=1.2738/0.5424/0.8988/0.034600/0.025800 best=0.9019
baseline_hlt ep 17: train(loss/acc/auc)=1.1938/0.5694/0.9086 val(loss/acc/auc/fpr50_sigbg/fpr50_ratio)=1.2586/0.5507/0.9005/0.032400/0.025200 best=0.9019
baseline_hlt ep 18: train(loss/acc/auc)=1.1846/0.5726/0.9099 val(loss/acc/auc/fpr50_sigbg/fpr50_ratio)=1.2584/0.5486/0.9015/0.034400/0.025600 best=0.9019
baseline_hlt ep 19: train(loss/acc/auc)=1.1768/0.5757/0.9109 val(loss/acc/auc/fpr50_sigbg/fpr50_ratio)=1.2449/0.5541/0.9034/0.034200/0.024800 best=0.9034
baseline_hlt ep 20: train(loss/acc/auc)=1.1682/0.5785/0.9122 val(loss/acc/auc/fpr50_sigbg/fpr50_ratio)=1.2907/0.5398/0.8994/0.034600/0.024400 best=0.9034
baseline_hlt ep 21: train(loss/acc/auc)=1.1567/0.5817/0.9137 val(loss/acc/auc/fpr50_sigbg/fpr50_ratio)=1.2543/0.5527/0.9021/0.034200/0.027800 best=0.9034
baseline_hlt ep 22: train(loss/acc/auc)=1.1491/0.5831/0.9147 val(loss/acc/auc/fpr50_sigbg/fpr50_ratio)=1.2749/0.5461/0.9009/0.037800/0.025800 best=0.9034
baseline_hlt ep 23: train(loss/acc/auc)=1.1401/0.5886/0.9160 val(loss/acc/auc/fpr50_sigbg/fpr50_ratio)=1.2515/0.5534/0.9030/0.034000/0.024800 best=0.9034
baseline_hlt ep 24: train(loss/acc/auc)=1.1320/0.5913/0.9170 val(loss/acc/auc/fpr50_sigbg/fpr50_ratio)=1.2646/0.5498/0.9019/0.035400/0.025200 best=0.9034
baseline_hlt ep 25: train(loss/acc/auc)=1.1264/0.5907/0.9178 val(loss/acc/auc/fpr50_sigbg/fpr50_ratio)=1.2804/0.5462/0.9002/0.036000/0.025000 best=0.9034
baseline_hlt ep 26: train(loss/acc/auc)=1.1199/0.5942/0.9186 val(loss/acc/auc/fpr50_sigbg/fpr50_ratio)=1.2778/0.5466/0.9005/0.035800/0.024200 best=0.9034
baseline_hlt ep 27: train(loss/acc/auc)=1.1157/0.5966/0.9191 val(loss/acc/auc/fpr50_sigbg/fpr50_ratio)=1.2727/0.5488/0.9012/0.035400/0.024600 best=0.9034
Early stopping baseline_hlt at epoch 27

======================================================================
STEP 2: STAGE A (RECONSTRUCTOR PRETRAIN)
======================================================================
Ep 5: train_total=16.5267, val_total_unw=19.1171, val_total_w=19.1171, select=unweighted, best_sel=15.8804 | set_unw=0.3710, phys_unw=0.2617, budget_unw=28.8373, fp_mass_unw=0.0418, w_set=1.000, w_budget=0.650, w_pt=0.000, w_local=0.050, stage_scale=0.35
Ep 10: train_total=16.0732, val_total_unw=16.2360, val_total_w=16.2360, select=unweighted, best_sel=15.8804 | set_unw=0.3332, phys_unw=0.2372, budget_unw=24.4637, fp_mass_unw=0.0473, w_set=1.000, w_budget=0.650, w_pt=0.000, w_local=0.050, stage_scale=0.35
Ep 15: train_total=15.8216, val_total_unw=16.4518, val_total_w=16.4518, select=unweighted, best_sel=15.6605 | set_unw=0.3198, phys_unw=0.2463, budget_unw=24.8164, fp_mass_unw=0.0442, w_set=1.000, w_budget=0.650, w_pt=0.000, w_local=0.050, stage_scale=0.35
Ep 20: train_total=15.7019, val_total_unw=15.7808, val_total_w=15.7808, select=unweighted, best_sel=15.6605 | set_unw=0.3196, phys_unw=0.2484, budget_unw=23.7842, fp_mass_unw=0.0445, w_set=1.000, w_budget=0.650, w_pt=0.000, w_local=0.050, stage_scale=0.35
Stage-A transition -> reloaded best from phase_035 (epoch=14, val_total=15.6605)
Ep 25: train_total=15.0272, val_total_unw=16.3681, val_total_w=16.3681, select=unweighted, best_sel=14.9610 | set_unw=0.3176, phys_unw=0.1591, budget_unw=24.6911, fp_mass_unw=0.0436, w_set=1.000, w_budget=0.650, w_pt=0.000, w_local=0.050, stage_scale=0.70
Ep 30: train_total=14.9275, val_total_unw=15.5736, val_total_w=15.5736, select=unweighted, best_sel=14.9447 | set_unw=0.3089, phys_unw=0.1630, budget_unw=23.4822, fp_mass_unw=0.0407, w_set=1.000, w_budget=0.650, w_pt=0.000, w_local=0.050, stage_scale=0.70
Ep 35: train_total=14.8073, val_total_unw=15.3041, val_total_w=15.3041, select=unweighted, best_sel=14.9447 | set_unw=0.3077, phys_unw=0.1631, budget_unw=23.0693, fp_mass_unw=0.0430, w_set=1.000, w_budget=0.650, w_pt=0.000, w_local=0.050, stage_scale=0.70
Ep 40: train_total=14.7126, val_total_unw=15.2244, val_total_w=15.2244, select=unweighted, best_sel=14.9171 | set_unw=0.3072, phys_unw=0.1609, budget_unw=22.9476, fp_mass_unw=0.0424, w_set=1.000, w_budget=0.650, w_pt=0.000, w_local=0.050, stage_scale=0.70
Ep 45: train_total=14.6124, val_total_unw=15.0678, val_total_w=15.0678, select=unweighted, best_sel=14.8802 | set_unw=0.3050, phys_unw=0.1648, budget_unw=22.7099, fp_mass_unw=0.0435, w_set=1.000, w_budget=0.650, w_pt=0.000, w_local=0.050, stage_scale=0.70
Ep 50: train_total=14.4752, val_total_unw=15.2652, val_total_w=15.2652, select=unweighted, best_sel=14.8802 | set_unw=0.3075, phys_unw=0.1726, budget_unw=23.0099, fp_mass_unw=0.0426, w_set=1.000, w_budget=0.650, w_pt=0.000, w_local=0.050, stage_scale=0.70
Ep 55: train_total=14.3616, val_total_unw=15.2056, val_total_w=15.2056, select=unweighted, best_sel=14.8802 | set_unw=0.3058, phys_unw=0.1732, budget_unw=22.9208, fp_mass_unw=0.0426, w_set=1.000, w_budget=0.650, w_pt=0.000, w_local=0.050, stage_scale=0.70
Stage-A transition -> reloaded best from phase_070 (epoch=43, val_total=14.8802)
Ep 60: train_total=14.3912, val_total_unw=15.1381, val_total_w=15.1381, select=unweighted, best_sel=14.8627 | set_unw=0.3034, phys_unw=0.1537, budget_unw=22.8207, fp_mass_unw=0.0414, w_set=1.000, w_budget=0.650, w_pt=0.000, w_local=0.050, stage_scale=1.00
Ep 65: train_total=14.2631, val_total_unw=14.7757, val_total_w=14.7757, select=unweighted, best_sel=14.6648 | set_unw=0.3023, phys_unw=0.1519, budget_unw=22.2649, fp_mass_unw=0.0418, w_set=1.000, w_budget=0.650, w_pt=0.000, w_local=0.050, stage_scale=1.00
Ep 70: train_total=14.1203, val_total_unw=15.1107, val_total_w=15.1107, select=unweighted, best_sel=14.6648 | set_unw=0.3011, phys_unw=0.1538, budget_unw=22.7822, fp_mass_unw=0.0430, w_set=1.000, w_budget=0.650, w_pt=0.000, w_local=0.050, stage_scale=1.00
Ep 75: train_total=13.9113, val_total_unw=15.0407, val_total_w=15.0407, select=unweighted, best_sel=14.6648 | set_unw=0.3013, phys_unw=0.1506, budget_unw=22.6741, fp_mass_unw=0.0427, w_set=1.000, w_budget=0.650, w_pt=0.000, w_local=0.050, stage_scale=1.00
Early stopping reconstructor at epoch 79

======================================================================
STEP 3: STAGE B (DUAL PRETRAIN, FROZEN RECONSTRUCTOR)
======================================================================
StageB-DualPretrain ep 5: train(total/cls/reco/cons)=1.3152/1.3152/0.0000/0.0604 | val(loss/acc/auc/fpr50_sigbg/fpr50_ratio)=1.3178/0.5297/0.8930/0.038800/0.030200 best_metric=0.8930
StageB-DualPretrain ep 10: train(total/cls/reco/cons)=1.2488/1.2488/0.0000/0.0604 | val(loss/acc/auc/fpr50_sigbg/fpr50_ratio)=1.2525/0.5552/0.9010/0.038200/0.027600 best_metric=0.9010
StageB-DualPretrain ep 15: train(total/cls/reco/cons)=1.2087/1.2087/0.0000/0.0604 | val(loss/acc/auc/fpr50_sigbg/fpr50_ratio)=1.2440/0.5578/0.9027/0.035800/0.023600 best_metric=0.9029
StageB-DualPretrain ep 20: train(total/cls/reco/cons)=1.1731/1.1731/0.0000/0.0604 | val(loss/acc/auc/fpr50_sigbg/fpr50_ratio)=1.2275/0.5658/0.9046/0.032000/0.026000 best_metric=0.9048
StageB-DualPretrain ep 25: train(total/cls/reco/cons)=1.1346/1.1346/0.0000/0.0604 | val(loss/acc/auc/fpr50_sigbg/fpr50_ratio)=1.2323/0.5630/0.9042/0.032800/0.025200 best_metric=0.9048
Early stopping StageB-DualPretrain at epoch 28

======================================================================
STEP 4: STAGE C (JOINT FINETUNE)
======================================================================
StageC-Joint ep 1: train(total/cls/reco/cons)=6.8238/1.1616/14.1463/0.0617 | val(loss/acc/auc/fpr50_sigbg/fpr50_ratio)=1.2211/0.5653/0.9054/0.031200/0.024600 best_metric=0.9054
StageC-Joint ep 2: train(total/cls/reco/cons)=6.8182/1.1651/14.1235/0.0617 | val(loss/acc/auc/fpr50_sigbg/fpr50_ratio)=1.2256/0.5641/0.9049/0.034200/0.025400 best_metric=0.9054
StageC-Joint ep 3: train(total/cls/reco/cons)=6.8281/1.1715/14.1322/0.0618 | val(loss/acc/auc/fpr50_sigbg/fpr50_ratio)=1.2324/0.5616/0.9043/0.033200/0.026800 best_metric=0.9054
StageC-Joint ep 4: train(total/cls/reco/cons)=6.8166/1.1678/14.1128/0.0618 | val(loss/acc/auc/fpr50_sigbg/fpr50_ratio)=1.2350/0.5619/0.9038/0.033600/0.026800 best_metric=0.9054
StageC-Joint ep 5: train(total/cls/reco/cons)=6.8087/1.1625/14.1063/0.0617 | val(loss/acc/auc/fpr50_sigbg/fpr50_ratio)=1.2320/0.5637/0.9039/0.029600/0.023600 best_metric=0.9054
StageC-Joint ep 6: train(total/cls/reco/cons)=6.7957/1.1588/14.0830/0.0617 | val(loss/acc/auc/fpr50_sigbg/fpr50_ratio)=1.2430/0.5584/0.9038/0.033000/0.024000 best_metric=0.9054
StageC-Joint ep 7: train(total/cls/reco/cons)=6.7795/1.1526/14.0580/0.0618 | val(loss/acc/auc/fpr50_sigbg/fpr50_ratio)=1.2442/0.5579/0.9025/0.032000/0.024400 best_metric=0.9054
StageC-Joint ep 8: train(total/cls/reco/cons)=6.7648/1.1486/14.0312/0.0618 | val(loss/acc/auc/fpr50_sigbg/fpr50_ratio)=1.2340/0.5636/0.9040/0.032000/0.024800 best_metric=0.9054
StageC-Joint ep 9: train(total/cls/reco/cons)=6.7579/1.1422/14.0300/0.0618 | val(loss/acc/auc/fpr50_sigbg/fpr50_ratio)=1.2580/0.5521/0.9004/0.035200/0.026600 best_metric=0.9054
StageC-Joint ep 10: train(total/cls/reco/cons)=6.7391/1.1375/13.9946/0.0618 | val(loss/acc/auc/fpr50_sigbg/fpr50_ratio)=1.2413/0.5596/0.9033/0.034600/0.026200 best_metric=0.9054
StageC-Joint ep 11: train(total/cls/reco/cons)=6.7285/1.1324/13.9809/0.0618 | val(loss/acc/auc/fpr50_sigbg/fpr50_ratio)=1.2537/0.5577/0.9020/0.034400/0.025800 best_metric=0.9054
StageC-Joint ep 12: train(total/cls/reco/cons)=6.7145/1.1250/13.9644/0.0618 | val(loss/acc/auc/fpr50_sigbg/fpr50_ratio)=1.2420/0.5608/0.9031/0.032200/0.024000 best_metric=0.9054
StageC-Joint ep 13: train(total/cls/reco/cons)=6.7029/1.1209/13.9457/0.0618 | val(loss/acc/auc/fpr50_sigbg/fpr50_ratio)=1.2609/0.5536/0.9009/0.037200/0.028600 best_metric=0.9054
StageC-Joint ep 14: train(total/cls/reco/cons)=6.6869/1.1109/13.9306/0.0618 | val(loss/acc/auc/fpr50_sigbg/fpr50_ratio)=1.2537/0.5585/0.9018/0.036200/0.027000 best_metric=0.9054
StageC-Joint ep 15: train(total/cls/reco/cons)=6.6721/1.1074/13.9024/0.0618 | val(loss/acc/auc/fpr50_sigbg/fpr50_ratio)=1.2561/0.5572/0.9015/0.035400/0.028800 best_metric=0.9054
Early stopping StageC-Joint at epoch 15

======================================================================
FINAL TEST EVALUATION
======================================================================
Teacher (Offline): acc=0.6349, auc_macro=0.9334, fpr50(sig-vs-bg)=0.025700, fpr50(HToBB/(HToBB+ZJetsToNuNu))=0.013100
Baseline (HLT):   acc=0.5557, auc_macro=0.9029, fpr50(sig-vs-bg)=0.039600, fpr50(HToBB/(HToBB+ZJetsToNuNu))=0.026200
Stage2 (PreJoint): acc=0.5597, auc_macro=0.9041, fpr50(sig-vs-bg)=0.037600, fpr50(HToBB/(HToBB+ZJetsToNuNu))=0.024400
Joint (StageC):    acc=0.5637, auc_macro=0.9046, fpr50(sig-vs-bg)=0.036900, fpr50(HToBB/(HToBB+ZJetsToNuNu))=0.025100
Saved outputs to: /home/ryreu/atlas/PracticeTagging/checkpoints/jetclass_joint_dualview/jetclass_joint_v1_100k50k100k_m2hlt_kin
Done: checkpoints/jetclass_joint_dualview/jetclass_joint_v1_100k50k100k_m2hlt_kin
