============================================================
JetClass Joint Dual-View V1 (m2hlt mergefav + jetlatent set2set, full budget)
Job ID: 21181249
Node: skl-a-25
Run: checkpoints/jetclass_joint_dualview/jetlat_local_strong
Split: train=100000, val=50000, test=100000
============================================================
 python -u train_jetclass_joint_dualview_stage2_unmergeonly_m2hlt_jetlatent_set2set.py --data_dir /home/ryreu/atlas/PracticeTagging/data/jetclass_part0 --save_dir checkpoints/jetclass_joint_dualview --run_name jetlat_local_strong --seed 52 --device cuda --num_workers 1 --feature_mode kin --max_constits 100 --train_files_per_class 8 --val_files_per_class 1 --test_files_per_class 1 --n_train_jets 100000 --n_val_jets 50000 --n_test_jets 100000 --batch_size 512 --epochs 30 --patience 8 --lr 7e-4 --weight_decay 1e-5 --warmup_epochs 3 --embed_dim 128 --num_heads 8 --num_layers 6 --ff_dim 512 --dropout 0.1 --target_class HToBB --background_class ZJetsToNuNu --hlt_pt_threshold 1.3 --merge_prob_scale 1.35 --reassign_scale 1.00 --smear_scale 1.00 --eff_plateau_barrel 0.99 --eff_plateau_endcap 0.97 --eff_turnon_pt 1.4 --eff_width_pt 0.20 --reco_batch_size 96 --stageA_epochs 90 --stageA_patience 18 --stageA_lr 2e-4 --stageA_weight_decay 1e-5 --stageA_warmup_epochs 5 --stageA_stage1_epochs 20 --stageA_stage2_epochs 55 --stageA_min_full_scale_epochs 5 --reco_max_generated_tokens 32 --loss_set_mode hungarian --loss_w_set 1.0 --loss_w_phys 0.0 --loss_w_pt_ratio 0.0 --loss_w_m_ratio 0.0 --loss_w_e_ratio 0.0 --loss_w_budget 0.65 --loss_w_sparse 0.02 --loss_w_local 0.20 --loss_gen_local_radius 0.12 --stageB_epochs 35 --stageB_patience 10 --stageB_min_epochs 10 --stageB_lr_dual 4e-4 --stageC_epochs 45 --stageC_patience 12 --stageC_min_epochs 15 --stageC_lr_dual 1e-5 --stageC_lr_reco 5e-6 --lambda_reco 0.4 --lambda_cons 0.03 --added_target_scale 1.0
Device: cuda
Save dir: /home/ryreu/atlas/PracticeTagging/checkpoints/jetclass_joint_dualview/jetlat_local_strong
Classes:
  HToBB        : 10 files
  HToCC        : 10 files
  HToGG        : 10 files
  HToWW2Q1L    : 10 files
  HToWW4Q      : 10 files
  TTBar        : 10 files
  TTBarLep     : 10 files
  WToQQ        : 10 files
  ZJetsToNuNu  : 10 files
  ZToQQ        : 10 files
Loading train split...
Loading val split...
Loading test split...
Loaded jets: train=100000, val=50000, test=100000 | mean constituents train=39.37
Building HLT-like corrupted splits...
Constituent means | offline/hlt: train=39.37/26.11 val=39.34/26.09 test=39.33/26.08
HLT drop decomposition (train): eff=0.314, thr=0.220, merge=0.467, mean_merges/jet=6.186
Non-priv target setup: added_target_scale=1.000, mean_true_added_raw(train)=13.255, mean_target_added(train)=13.255

======================================================================
STEP 1: TEACHER + BASELINE (JETCLASS TRANSFORMER)
======================================================================
teacher_offline ep 1: train(loss/acc/auc)=1.5652/0.4466/0.8501 val(loss/acc/auc/fpr50_sigbg/fpr50_ratio)=1.2990/0.5388/0.8978/0.056000/0.026800 best=0.8978
teacher_offline ep 2: train(loss/acc/auc)=1.2592/0.5531/0.9019 val(loss/acc/auc/fpr50_sigbg/fpr50_ratio)=1.1980/0.5737/0.9130/0.032600/0.019800 best=0.9130
teacher_offline ep 3: train(loss/acc/auc)=1.1917/0.5759/0.9111 val(loss/acc/auc/fpr50_sigbg/fpr50_ratio)=1.2318/0.5606/0.9090/0.038000/0.019000 best=0.9130
teacher_offline ep 4: train(loss/acc/auc)=1.1500/0.5871/0.9166 val(loss/acc/auc/fpr50_sigbg/fpr50_ratio)=1.1294/0.5933/0.9213/0.027800/0.017400 best=0.9213
teacher_offline ep 5: train(loss/acc/auc)=1.1202/0.5994/0.9205 val(loss/acc/auc/fpr50_sigbg/fpr50_ratio)=1.1096/0.6057/0.9235/0.028600/0.014600 best=0.9235
teacher_offline ep 6: train(loss/acc/auc)=1.1043/0.6043/0.9226 val(loss/acc/auc/fpr50_sigbg/fpr50_ratio)=1.1363/0.5900/0.9206/0.028400/0.015600 best=0.9235
teacher_offline ep 7: train(loss/acc/auc)=1.0873/0.6114/0.9246 val(loss/acc/auc/fpr50_sigbg/fpr50_ratio)=1.0760/0.6119/0.9274/0.026800/0.012200 best=0.9274
teacher_offline ep 8: train(loss/acc/auc)=1.0706/0.6147/0.9267 val(loss/acc/auc/fpr50_sigbg/fpr50_ratio)=1.0693/0.6157/0.9282/0.025000/0.013800 best=0.9282
teacher_offline ep 9: train(loss/acc/auc)=1.0620/0.6169/0.9277 val(loss/acc/auc/fpr50_sigbg/fpr50_ratio)=1.0836/0.6139/0.9286/0.027800/0.013600 best=0.9286
teacher_offline ep 10: train(loss/acc/auc)=1.0480/0.6229/0.9297 val(loss/acc/auc/fpr50_sigbg/fpr50_ratio)=1.0511/0.6237/0.9307/0.024000/0.012800 best=0.9307
teacher_offline ep 11: train(loss/acc/auc)=1.0388/0.6268/0.9307 val(loss/acc/auc/fpr50_sigbg/fpr50_ratio)=1.0912/0.6084/0.9263/0.027000/0.013200 best=0.9307
teacher_offline ep 12: train(loss/acc/auc)=1.0280/0.6300/0.9320 val(loss/acc/auc/fpr50_sigbg/fpr50_ratio)=1.0617/0.6189/0.9286/0.026000/0.013000 best=0.9307
teacher_offline ep 13: train(loss/acc/auc)=1.0207/0.6327/0.9328 val(loss/acc/auc/fpr50_sigbg/fpr50_ratio)=1.0388/0.6278/0.9316/0.026000/0.011600 best=0.9316
teacher_offline ep 14: train(loss/acc/auc)=1.0136/0.6347/0.9337 val(loss/acc/auc/fpr50_sigbg/fpr50_ratio)=1.1110/0.6029/0.9248/0.026200/0.012200 best=0.9316
teacher_offline ep 15: train(loss/acc/auc)=1.0022/0.6385/0.9351 val(loss/acc/auc/fpr50_sigbg/fpr50_ratio)=1.0778/0.6154/0.9302/0.024800/0.012800 best=0.9316
teacher_offline ep 16: train(loss/acc/auc)=0.9938/0.6418/0.9360 val(loss/acc/auc/fpr50_sigbg/fpr50_ratio)=1.0364/0.6332/0.9329/0.023000/0.010800 best=0.9329
teacher_offline ep 17: train(loss/acc/auc)=0.9826/0.6452/0.9373 val(loss/acc/auc/fpr50_sigbg/fpr50_ratio)=1.0889/0.6067/0.9273/0.023800/0.012600 best=0.9329
teacher_offline ep 18: train(loss/acc/auc)=0.9741/0.6489/0.9382 val(loss/acc/auc/fpr50_sigbg/fpr50_ratio)=1.0507/0.6266/0.9319/0.025200/0.013800 best=0.9329
teacher_offline ep 19: train(loss/acc/auc)=0.9635/0.6518/0.9396 val(loss/acc/auc/fpr50_sigbg/fpr50_ratio)=1.0743/0.6185/0.9298/0.024200/0.011000 best=0.9329
teacher_offline ep 20: train(loss/acc/auc)=0.9522/0.6566/0.9407 val(loss/acc/auc/fpr50_sigbg/fpr50_ratio)=1.0478/0.6265/0.9318/0.022800/0.011200 best=0.9329
teacher_offline ep 21: train(loss/acc/auc)=0.9425/0.6579/0.9418 val(loss/acc/auc/fpr50_sigbg/fpr50_ratio)=1.0598/0.6255/0.9303/0.025000/0.011400 best=0.9329
teacher_offline ep 22: train(loss/acc/auc)=0.9341/0.6618/0.9427 val(loss/acc/auc/fpr50_sigbg/fpr50_ratio)=1.0404/0.6326/0.9333/0.025200/0.012800 best=0.9333
teacher_offline ep 23: train(loss/acc/auc)=0.9229/0.6658/0.9440 val(loss/acc/auc/fpr50_sigbg/fpr50_ratio)=1.0305/0.6372/0.9335/0.024000/0.011400 best=0.9335
teacher_offline ep 24: train(loss/acc/auc)=0.9149/0.6686/0.9449 val(loss/acc/auc/fpr50_sigbg/fpr50_ratio)=1.0411/0.6347/0.9328/0.024400/0.012000 best=0.9335
teacher_offline ep 25: train(loss/acc/auc)=0.9064/0.6726/0.9457 val(loss/acc/auc/fpr50_sigbg/fpr50_ratio)=1.0395/0.6356/0.9330/0.023000/0.011600 best=0.9335
teacher_offline ep 26: train(loss/acc/auc)=0.8989/0.6743/0.9465 val(loss/acc/auc/fpr50_sigbg/fpr50_ratio)=1.0490/0.6329/0.9320/0.025200/0.011800 best=0.9335
teacher_offline ep 27: train(loss/acc/auc)=0.8934/0.6768/0.9471 val(loss/acc/auc/fpr50_sigbg/fpr50_ratio)=1.0495/0.6313/0.9324/0.024400/0.010800 best=0.9335
teacher_offline ep 28: train(loss/acc/auc)=0.8884/0.6766/0.9476 val(loss/acc/auc/fpr50_sigbg/fpr50_ratio)=1.0518/0.6322/0.9320/0.024000/0.011000 best=0.9335
teacher_offline ep 29: train(loss/acc/auc)=0.8854/0.6785/0.9479 val(loss/acc/auc/fpr50_sigbg/fpr50_ratio)=1.0492/0.6322/0.9322/0.025000/0.011000 best=0.9335
teacher_offline ep 30: train(loss/acc/auc)=0.8835/0.6801/0.9481 val(loss/acc/auc/fpr50_sigbg/fpr50_ratio)=1.0517/0.6324/0.9322/0.024600/0.010400 best=0.9335
baseline_hlt ep 1: train(loss/acc/auc)=1.7285/0.3827/0.8089 val(loss/acc/auc/fpr50_sigbg/fpr50_ratio)=1.4999/0.4651/0.8619/0.056400/0.035000 best=0.8619
baseline_hlt ep 2: train(loss/acc/auc)=1.4522/0.4814/0.8677 val(loss/acc/auc/fpr50_sigbg/fpr50_ratio)=1.3953/0.4957/0.8821/0.042200/0.031400 best=0.8821
baseline_hlt ep 3: train(loss/acc/auc)=1.3829/0.5063/0.8799 val(loss/acc/auc/fpr50_sigbg/fpr50_ratio)=1.3529/0.5165/0.8858/0.034600/0.029800 best=0.8858
baseline_hlt ep 4: train(loss/acc/auc)=1.3404/0.5195/0.8868 val(loss/acc/auc/fpr50_sigbg/fpr50_ratio)=1.3630/0.5115/0.8881/0.037800/0.031400 best=0.8881
baseline_hlt ep 5: train(loss/acc/auc)=1.3159/0.5295/0.8906 val(loss/acc/auc/fpr50_sigbg/fpr50_ratio)=1.3017/0.5356/0.8948/0.035800/0.025600 best=0.8948
baseline_hlt ep 6: train(loss/acc/auc)=1.2976/0.5355/0.8935 val(loss/acc/auc/fpr50_sigbg/fpr50_ratio)=1.3653/0.5097/0.8912/0.038200/0.025200 best=0.8948
baseline_hlt ep 7: train(loss/acc/auc)=1.2850/0.5390/0.8953 val(loss/acc/auc/fpr50_sigbg/fpr50_ratio)=1.2738/0.5447/0.8994/0.035600/0.024000 best=0.8994
baseline_hlt ep 8: train(loss/acc/auc)=1.2706/0.5448/0.8974 val(loss/acc/auc/fpr50_sigbg/fpr50_ratio)=1.2683/0.5475/0.9009/0.035800/0.023600 best=0.9009
baseline_hlt ep 9: train(loss/acc/auc)=1.2574/0.5506/0.8995 val(loss/acc/auc/fpr50_sigbg/fpr50_ratio)=1.2820/0.5404/0.8981/0.037400/0.029200 best=0.9009
baseline_hlt ep 10: train(loss/acc/auc)=1.2466/0.5548/0.9010 val(loss/acc/auc/fpr50_sigbg/fpr50_ratio)=1.2753/0.5449/0.8990/0.034600/0.023800 best=0.9009
baseline_hlt ep 11: train(loss/acc/auc)=1.2389/0.5579/0.9021 val(loss/acc/auc/fpr50_sigbg/fpr50_ratio)=1.2362/0.5555/0.9036/0.033600/0.023600 best=0.9036
baseline_hlt ep 12: train(loss/acc/auc)=1.2271/0.5606/0.9039 val(loss/acc/auc/fpr50_sigbg/fpr50_ratio)=1.3631/0.5202/0.8917/0.032200/0.022200 best=0.9036
baseline_hlt ep 13: train(loss/acc/auc)=1.2237/0.5627/0.9046 val(loss/acc/auc/fpr50_sigbg/fpr50_ratio)=1.3488/0.5181/0.8934/0.036400/0.023200 best=0.9036
baseline_hlt ep 14: train(loss/acc/auc)=1.2124/0.5644/0.9060 val(loss/acc/auc/fpr50_sigbg/fpr50_ratio)=1.2833/0.5407/0.8999/0.033600/0.023200 best=0.9036
baseline_hlt ep 15: train(loss/acc/auc)=1.2024/0.5683/0.9076 val(loss/acc/auc/fpr50_sigbg/fpr50_ratio)=1.2521/0.5501/0.9029/0.033400/0.023200 best=0.9036
baseline_hlt ep 16: train(loss/acc/auc)=1.1954/0.5708/0.9085 val(loss/acc/auc/fpr50_sigbg/fpr50_ratio)=1.2890/0.5414/0.8977/0.034000/0.024600 best=0.9036
baseline_hlt ep 17: train(loss/acc/auc)=1.1857/0.5736/0.9100 val(loss/acc/auc/fpr50_sigbg/fpr50_ratio)=1.2277/0.5603/0.9052/0.030000/0.023800 best=0.9052
baseline_hlt ep 18: train(loss/acc/auc)=1.1777/0.5770/0.9112 val(loss/acc/auc/fpr50_sigbg/fpr50_ratio)=1.2617/0.5499/0.9026/0.032600/0.021800 best=0.9052
baseline_hlt ep 19: train(loss/acc/auc)=1.1679/0.5787/0.9122 val(loss/acc/auc/fpr50_sigbg/fpr50_ratio)=1.2406/0.5560/0.9054/0.032800/0.023600 best=0.9054
baseline_hlt ep 20: train(loss/acc/auc)=1.1589/0.5826/0.9136 val(loss/acc/auc/fpr50_sigbg/fpr50_ratio)=1.2787/0.5473/0.9013/0.035200/0.023400 best=0.9054
baseline_hlt ep 21: train(loss/acc/auc)=1.1500/0.5847/0.9148 val(loss/acc/auc/fpr50_sigbg/fpr50_ratio)=1.2511/0.5512/0.9039/0.034600/0.024200 best=0.9054
baseline_hlt ep 22: train(loss/acc/auc)=1.1424/0.5878/0.9159 val(loss/acc/auc/fpr50_sigbg/fpr50_ratio)=1.2840/0.5425/0.9018/0.034800/0.023800 best=0.9054
baseline_hlt ep 23: train(loss/acc/auc)=1.1341/0.5907/0.9170 val(loss/acc/auc/fpr50_sigbg/fpr50_ratio)=1.2505/0.5538/0.9045/0.033800/0.024000 best=0.9054
baseline_hlt ep 24: train(loss/acc/auc)=1.1244/0.5938/0.9183 val(loss/acc/auc/fpr50_sigbg/fpr50_ratio)=1.2517/0.5553/0.9047/0.035600/0.023400 best=0.9054
baseline_hlt ep 25: train(loss/acc/auc)=1.1181/0.5958/0.9190 val(loss/acc/auc/fpr50_sigbg/fpr50_ratio)=1.2799/0.5461/0.9019/0.035000/0.023200 best=0.9054
baseline_hlt ep 26: train(loss/acc/auc)=1.1116/0.5987/0.9198 val(loss/acc/auc/fpr50_sigbg/fpr50_ratio)=1.2724/0.5474/0.9022/0.036800/0.025000 best=0.9054
baseline_hlt ep 27: train(loss/acc/auc)=1.1079/0.6008/0.9204 val(loss/acc/auc/fpr50_sigbg/fpr50_ratio)=1.2700/0.5493/0.9028/0.036200/0.024200 best=0.9054
Early stopping baseline_hlt at epoch 27

======================================================================
STEP 2: STAGE A (RECONSTRUCTOR PRETRAIN)
======================================================================
Ep 5: train_total=7.8169, val_total_unw=8.4383, val_total_w=8.4383, select=unweighted, best_sel=7.3302 | set_unw=0.6401, phys_unw=4.0564, budget_unw=11.9846, fp_mass_unw=0.1789, w_set=1.000, w_budget=0.650, w_pt=0.000, w_local=0.200, stage_scale=0.35
Ep 10: train_total=7.3655, val_total_unw=7.4248, val_total_w=7.4248, select=unweighted, best_sel=7.3302 | set_unw=0.6244, phys_unw=4.0818, budget_unw=10.4496, fp_mass_unw=0.1658, w_set=1.000, w_budget=0.650, w_pt=0.000, w_local=0.200, stage_scale=0.35
Ep 15: train_total=7.1848, val_total_unw=7.7546, val_total_w=7.7546, select=unweighted, best_sel=7.1853 | set_unw=0.6006, phys_unw=3.5847, budget_unw=10.9950, fp_mass_unw=0.1552, w_set=1.000, w_budget=0.650, w_pt=0.000, w_local=0.200, stage_scale=0.35
Ep 20: train_total=7.1096, val_total_unw=6.9921, val_total_w=6.9921, select=unweighted, best_sel=6.9630 | set_unw=0.6051, phys_unw=3.9886, budget_unw=9.8140, fp_mass_unw=0.1571, w_set=1.000, w_budget=0.650, w_pt=0.000, w_local=0.200, stage_scale=0.35
Stage-A transition -> reloaded best from phase_035 (epoch=17, val_total=6.9630)
Ep 25: train_total=7.0944, val_total_unw=7.6944, val_total_w=7.6944, select=unweighted, best_sel=6.9630 | set_unw=0.5885, phys_unw=3.6754, budget_unw=10.9208, fp_mass_unw=0.1515, w_set=1.000, w_budget=0.650, w_pt=0.000, w_local=0.200, stage_scale=0.70
Ep 30: train_total=6.9745, val_total_unw=7.0437, val_total_w=7.0437, select=unweighted, best_sel=6.9630 | set_unw=0.5797, phys_unw=3.9923, budget_unw=9.9326, fp_mass_unw=0.1489, w_set=1.000, w_budget=0.650, w_pt=0.000, w_local=0.200, stage_scale=0.70
Ep 35: train_total=6.9134, val_total_unw=6.9519, val_total_w=6.9519, select=unweighted, best_sel=6.9519 | set_unw=0.5740, phys_unw=4.0658, budget_unw=9.8001, fp_mass_unw=0.1496, w_set=1.000, w_budget=0.650, w_pt=0.000, w_local=0.200, stage_scale=0.70
Ep 40: train_total=6.8713, val_total_unw=7.0516, val_total_w=7.0516, select=unweighted, best_sel=6.8329 | set_unw=0.5699, phys_unw=3.8746, budget_unw=9.9603, fp_mass_unw=0.1463, w_set=1.000, w_budget=0.650, w_pt=0.000, w_local=0.200, stage_scale=0.70
Ep 45: train_total=6.7957, val_total_unw=7.6661, val_total_w=7.6661, select=unweighted, best_sel=6.8329 | set_unw=0.5733, phys_unw=3.7395, budget_unw=10.9007, fp_mass_unw=0.1501, w_set=1.000, w_budget=0.650, w_pt=0.000, w_local=0.200, stage_scale=0.70
Ep 50: train_total=6.7282, val_total_unw=7.3494, val_total_w=7.3494, select=unweighted, best_sel=6.8329 | set_unw=0.5651, phys_unw=3.8275, budget_unw=10.4260, fp_mass_unw=0.1470, w_set=1.000, w_budget=0.650, w_pt=0.000, w_local=0.200, stage_scale=0.70
Ep 55: train_total=6.6680, val_total_unw=6.9837, val_total_w=6.9837, select=unweighted, best_sel=6.8329 | set_unw=0.5716, phys_unw=4.1155, budget_unw=9.8525, fp_mass_unw=0.1521, w_set=1.000, w_budget=0.650, w_pt=0.000, w_local=0.200, stage_scale=0.70
Stage-A transition -> reloaded best from phase_070 (epoch=39, val_total=6.8329)
Ep 60: train_total=6.8092, val_total_unw=6.9025, val_total_w=6.9025, select=unweighted, best_sel=6.8329 | set_unw=0.5652, phys_unw=3.9733, budget_unw=9.7378, fp_mass_unw=0.1465, w_set=1.000, w_budget=0.650, w_pt=0.000, w_local=0.200, stage_scale=1.00
Ep 65: train_total=6.7439, val_total_unw=7.2142, val_total_w=7.2142, select=unweighted, best_sel=6.8329 | set_unw=0.5718, phys_unw=4.0301, budget_unw=10.2071, fp_mass_unw=0.1528, w_set=1.000, w_budget=0.650, w_pt=0.000, w_local=0.200, stage_scale=1.00
Ep 70: train_total=6.6782, val_total_unw=7.2558, val_total_w=7.2558, select=unweighted, best_sel=6.8329 | set_unw=0.5628, phys_unw=3.8567, budget_unw=10.2854, fp_mass_unw=0.1471, w_set=1.000, w_budget=0.650, w_pt=0.000, w_local=0.200, stage_scale=1.00
Early stopping reconstructor at epoch 73

======================================================================
STEP 3: STAGE B (DUAL PRETRAIN, FROZEN RECONSTRUCTOR)
======================================================================
StageB-DualPretrain ep 5: train(total/cls/reco/cons)=1.3106/1.3106/0.0000/0.3978 | val(loss/acc/auc/fpr50_sigbg/fpr50_ratio)=1.3500/0.5162/0.8935/0.036200/0.025200 best_metric=0.8946
StageB-DualPretrain ep 10: train(total/cls/reco/cons)=1.2430/1.2430/0.0000/0.3977 | val(loss/acc/auc/fpr50_sigbg/fpr50_ratio)=1.2723/0.5465/0.9018/0.033400/0.023200 best_metric=0.9020
StageB-DualPretrain ep 15: train(total/cls/reco/cons)=1.2010/1.2010/0.0000/0.3977 | val(loss/acc/auc/fpr50_sigbg/fpr50_ratio)=1.3193/0.5314/0.8981/0.031400/0.027600 best_metric=0.9058
StageB-DualPretrain ep 20: train(total/cls/reco/cons)=1.1663/1.1663/0.0000/0.3977 | val(loss/acc/auc/fpr50_sigbg/fpr50_ratio)=1.2176/0.5661/0.9068/0.029000/0.023200 best_metric=0.9071
StageB-DualPretrain ep 25: train(total/cls/reco/cons)=1.1292/1.1292/0.0000/0.3978 | val(loss/acc/auc/fpr50_sigbg/fpr50_ratio)=1.2216/0.5664/0.9062/0.031600/0.024800 best_metric=0.9071
StageB-DualPretrain ep 30: train(total/cls/reco/cons)=1.1000/1.1000/0.0000/0.3978 | val(loss/acc/auc/fpr50_sigbg/fpr50_ratio)=1.2130/0.5709/0.9075/0.031200/0.023400 best_metric=0.9075
StageB-DualPretrain ep 35: train(total/cls/reco/cons)=1.0888/1.0888/0.0000/0.3977 | val(loss/acc/auc/fpr50_sigbg/fpr50_ratio)=1.2120/0.5715/0.9075/0.030400/0.023600 best_metric=0.9075

======================================================================
STEP 4: STAGE C (JOINT FINETUNE)
======================================================================
StageC-Joint ep 1: train(total/cls/reco/cons/anch/reco_w)=1.4497/1.0930/6.8197/0.4092/0.1728/0.0500 | val(loss/acc/auc/fpr50_sigbg/fpr50_ratio)=1.2257/0.5676/0.9060/0.032400/0.024200 best_metric=0.9060
StageC-Joint ep 2: train(total/cls/reco/cons/anch/reco_w)=1.7848/1.0928/6.7666/0.4006/0.1691/0.1000 | val(loss/acc/auc/fpr50_sigbg/fpr50_ratio)=1.2237/0.5690/0.9062/0.031400/0.024800 best_metric=0.9062
StageC-Joint ep 3: train(total/cls/reco/cons/anch/reco_w)=2.1223/1.0942/6.7530/0.3999/0.1685/0.1500 | val(loss/acc/auc/fpr50_sigbg/fpr50_ratio)=1.2222/0.5690/0.9063/0.032000/0.025000 best_metric=0.9063
StageC-Joint ep 4: train(total/cls/reco/cons/anch/reco_w)=2.4551/1.0926/6.7370/0.4006/0.1692/0.2000 | val(loss/acc/auc/fpr50_sigbg/fpr50_ratio)=1.2248/0.5689/0.9060/0.031400/0.024600 best_metric=0.9063
StageC-Joint ep 5: train(total/cls/reco/cons/anch/reco_w)=2.7876/1.0919/6.7230/0.4000/0.1682/0.2500 | val(loss/acc/auc/fpr50_sigbg/fpr50_ratio)=1.2256/0.5689/0.9060/0.032000/0.025000 best_metric=0.9063
StageC-Joint ep 6: train(total/cls/reco/cons/anch/reco_w)=3.1212/1.0902/6.7201/0.4005/0.1689/0.3000 | val(loss/acc/auc/fpr50_sigbg/fpr50_ratio)=1.2244/0.5684/0.9061/0.031800/0.024400 best_metric=0.9063
StageC-Joint ep 7: train(total/cls/reco/cons/anch/reco_w)=3.4574/1.0923/6.7151/0.4007/0.1689/0.3500 | val(loss/acc/auc/fpr50_sigbg/fpr50_ratio)=1.2266/0.5677/0.9059/0.032000/0.024600 best_metric=0.9063
StageC-Joint ep 8: train(total/cls/reco/cons/anch/reco_w)=3.7888/1.0905/6.7090/0.4009/0.1680/0.4000 | val(loss/acc/auc/fpr50_sigbg/fpr50_ratio)=1.2259/0.5689/0.9060/0.032400/0.025200 best_metric=0.9063
StageC-Joint ep 9: train(total/cls/reco/cons/anch/reco_w)=3.7873/1.0899/6.7068/0.4009/0.1687/0.4000 | val(loss/acc/auc/fpr50_sigbg/fpr50_ratio)=1.2248/0.5689/0.9060/0.030600/0.024000 best_metric=0.9063
StageC-Joint ep 10: train(total/cls/reco/cons/anch/reco_w)=3.7804/1.0884/6.6934/0.4012/0.1682/0.4000 | val(loss/acc/auc/fpr50_sigbg/fpr50_ratio)=1.2231/0.5695/0.9063/0.032000/0.024000 best_metric=0.9063
StageC-Joint ep 11: train(total/cls/reco/cons/anch/reco_w)=3.7792/1.0897/6.6873/0.4010/0.1686/0.4000 | val(loss/acc/auc/fpr50_sigbg/fpr50_ratio)=1.2242/0.5684/0.9062/0.032400/0.025200 best_metric=0.9063
StageC-Joint ep 12: train(total/cls/reco/cons/anch/reco_w)=3.7736/1.0881/6.6776/0.4003/0.1691/0.4000 | val(loss/acc/auc/fpr50_sigbg/fpr50_ratio)=1.2231/0.5687/0.9062/0.032200/0.023600 best_metric=0.9063
StageC-Joint ep 13: train(total/cls/reco/cons/anch/reco_w)=3.7716/1.0869/6.6760/0.4010/0.1698/0.4000 | val(loss/acc/auc/fpr50_sigbg/fpr50_ratio)=1.2262/0.5677/0.9059/0.031800/0.024200 best_metric=0.9063
StageC-Joint ep 14: train(total/cls/reco/cons/anch/reco_w)=3.7682/1.0863/6.6690/0.4011/0.1697/0.4000 | val(loss/acc/auc/fpr50_sigbg/fpr50_ratio)=1.2250/0.5681/0.9060/0.031800/0.023800 best_metric=0.9063
StageC-Joint ep 15: train(total/cls/reco/cons/anch/reco_w)=3.7661/1.0851/6.6670/0.4010/0.1707/0.4000 | val(loss/acc/auc/fpr50_sigbg/fpr50_ratio)=1.2288/0.5675/0.9057/0.032600/0.024600 best_metric=0.9063
StageC-Joint ep 16: train(total/cls/reco/cons/anch/reco_w)=3.7702/1.0877/6.6707/0.4008/0.1698/0.4000 | val(loss/acc/auc/fpr50_sigbg/fpr50_ratio)=1.2255/0.5682/0.9061/0.032800/0.024400 best_metric=0.9063
StageC-Joint ep 17: train(total/cls/reco/cons/anch/reco_w)=3.7665/1.0846/6.6694/0.4009/0.1706/0.4000 | val(loss/acc/auc/fpr50_sigbg/fpr50_ratio)=1.2255/0.5687/0.9060/0.032200/0.024200 best_metric=0.9063
StageC-Joint ep 18: train(total/cls/reco/cons/anch/reco_w)=3.7663/1.0855/6.6667/0.4007/0.1699/0.4000 | val(loss/acc/auc/fpr50_sigbg/fpr50_ratio)=1.2260/0.5682/0.9059/0.032400/0.023400 best_metric=0.9063
StageC-Joint ep 19: train(total/cls/reco/cons/anch/reco_w)=3.7648/1.0862/6.6616/0.4014/0.1705/0.4000 | val(loss/acc/auc/fpr50_sigbg/fpr50_ratio)=1.2268/0.5676/0.9059/0.032800/0.023200 best_metric=0.9063
StageC-Joint ep 20: train(total/cls/reco/cons/anch/reco_w)=3.7633/1.0844/6.6623/0.4010/0.1709/0.4000 | val(loss/acc/auc/fpr50_sigbg/fpr50_ratio)=1.2266/0.5684/0.9059/0.031800/0.024000 best_metric=0.9063
StageC-Joint ep 21: train(total/cls/reco/cons/anch/reco_w)=3.7655/1.0860/6.6640/0.4011/0.1712/0.4000 | val(loss/acc/auc/fpr50_sigbg/fpr50_ratio)=1.2243/0.5687/0.9062/0.032400/0.023200 best_metric=0.9063
StageC-Joint ep 22: train(total/cls/reco/cons/anch/reco_w)=3.7633/1.0840/6.6637/0.4007/0.1711/0.4000 | val(loss/acc/auc/fpr50_sigbg/fpr50_ratio)=1.2234/0.5692/0.9061/0.032600/0.023600 best_metric=0.9063
Early stopping StageC-Joint at epoch 22

======================================================================
FINAL TEST EVALUATION
======================================================================
Teacher (Offline): acc=0.6349, auc_macro=0.9334, fpr50(sig-vs-bg)=0.025700, fpr50(HToBB/(HToBB+ZJetsToNuNu))=0.013100
Baseline (HLT):   acc=0.5537, auc_macro=0.9042, fpr50(sig-vs-bg)=0.035900, fpr50(HToBB/(HToBB+ZJetsToNuNu))=0.023500
Stage2 (PreJoint): acc=0.5688, auc_macro=0.9063, fpr50(sig-vs-bg)=0.037800, fpr50(HToBB/(HToBB+ZJetsToNuNu))=0.024000
Joint (StageC):    acc=0.5659, auc_macro=0.9052, fpr50(sig-vs-bg)=0.038100, fpr50(HToBB/(HToBB+ZJetsToNuNu))=0.024500
Saved outputs to: /home/ryreu/atlas/PracticeTagging/checkpoints/jetclass_joint_dualview/jetlat_local_strong
Done: checkpoints/jetclass_joint_dualview/jetlat_local_strong
