============================================================
JetClass Joint Dual-View V1 (m2-style HLT, dominant-token merge copy)
Job ID: 21174974
Node: skl-a-31
Run: checkpoints/jetclass_joint_dualview/jetclass_joint_v1_100k50k100k_m2hlt
Split: train=100000, val=50000, test=100000
============================================================
 python -u train_jetclass_joint_dualview_stage2_unmergeonly_m2hlt.py --data_dir /home/ryreu/atlas/PracticeTagging/data/jetclass_part0 --save_dir checkpoints/jetclass_joint_dualview --run_name jetclass_joint_v1_100k50k100k_m2hlt --seed 52 --device cuda --num_workers 2 --feature_mode full --max_constits 100 --train_files_per_class 8 --val_files_per_class 1 --test_files_per_class 1 --n_train_jets 100000 --n_val_jets 50000 --n_test_jets 100000 --batch_size 512 --epochs 30 --patience 8 --lr 7e-4 --weight_decay 1e-5 --warmup_epochs 3 --embed_dim 128 --num_heads 8 --num_layers 6 --ff_dim 512 --dropout 0.1 --target_class HToBB --background_class ZJetsToNuNu --hlt_pt_threshold 1.5 --merge_prob_scale 1.00 --reassign_scale 1.00 --smear_scale 1.00 --eff_plateau_barrel 0.98 --eff_plateau_endcap 0.94 --eff_turnon_pt 1.6 --eff_width_pt 0.20 --reco_batch_size 96 --stageA_epochs 90 --stageA_patience 18 --stageA_lr 2e-4 --stageA_weight_decay 1e-5 --stageA_warmup_epochs 5 --stageA_stage1_epochs 20 --stageA_stage2_epochs 55 --stageA_min_full_scale_epochs 5 --loss_set_mode hungarian --loss_w_set 1.0 --loss_w_phys 0.0 --loss_w_pt_ratio 0.0 --loss_w_m_ratio 0.0 --loss_w_e_ratio 0.0 --loss_w_budget 0.65 --loss_w_sparse 0.02 --loss_w_local 0.05 --stageB_epochs 35 --stageB_patience 10 --stageB_min_epochs 10 --stageB_lr_dual 4e-4 --stageC_epochs 45 --stageC_patience 12 --stageC_min_epochs 15 --stageC_lr_dual 2e-4 --stageC_lr_reco 1e-4 --lambda_reco 0.4 --lambda_cons 0.06 --added_target_scale 0.90
Device: cuda
Save dir: /home/ryreu/atlas/PracticeTagging/checkpoints/jetclass_joint_dualview/jetclass_joint_v1_100k50k100k_m2hlt
Classes:
  HToBB        : 10 files
  HToCC        : 10 files
  HToGG        : 10 files
  HToWW2Q1L    : 10 files
  HToWW4Q      : 10 files
  TTBar        : 10 files
  TTBarLep     : 10 files
  WToQQ        : 10 files
  ZJetsToNuNu  : 10 files
  ZToQQ        : 10 files
Loading train split...
Loading val split...
Loading test split...
Loaded jets: train=100000, val=50000, test=100000 | mean constituents train=39.37
Building HLT-like corrupted splits...
Constituent means | offline/hlt: train=39.37/26.11 val=39.34/26.09 test=39.33/26.09
HLT drop decomposition (train): eff=0.388, thr=0.305, merge=0.308, mean_merges/jet=4.077
Non-priv target setup: added_target_scale=0.900, mean_true_added_raw(train)=13.257, mean_target_added(train)=11.932

======================================================================
STEP 1: TEACHER + BASELINE (JETCLASS TRANSFORMER)
======================================================================
teacher_offline ep 1: train(loss/acc/auc)=1.4423/0.4787/0.8752 val(loss/acc/auc/fpr50_sigbg/fpr50_ratio)=1.1683/0.5747/0.9143/0.027000/0.008600 best=0.9143
teacher_offline ep 2: train(loss/acc/auc)=1.1512/0.5825/0.9156 val(loss/acc/auc/fpr50_sigbg/fpr50_ratio)=1.0259/0.6341/0.9328/0.019200/0.007200 best=0.9328
teacher_offline ep 3: train(loss/acc/auc)=1.0449/0.6231/0.9296 val(loss/acc/auc/fpr50_sigbg/fpr50_ratio)=1.0050/0.6371/0.9362/0.015800/0.007600 best=0.9362
teacher_offline ep 4: train(loss/acc/auc)=0.9973/0.6400/0.9353 val(loss/acc/auc/fpr50_sigbg/fpr50_ratio)=0.9594/0.6483/0.9408/0.017600/0.006000 best=0.9408
teacher_offline ep 5: train(loss/acc/auc)=0.9667/0.6490/0.9387 val(loss/acc/auc/fpr50_sigbg/fpr50_ratio)=1.0068/0.6295/0.9370/0.017200/0.006800 best=0.9408
teacher_offline ep 6: train(loss/acc/auc)=0.9388/0.6606/0.9419 val(loss/acc/auc/fpr50_sigbg/fpr50_ratio)=0.9559/0.6559/0.9399/0.018000/0.009200 best=0.9408
teacher_offline ep 7: train(loss/acc/auc)=0.9276/0.6619/0.9429 val(loss/acc/auc/fpr50_sigbg/fpr50_ratio)=0.9370/0.6606/0.9438/0.015000/0.005600 best=0.9438
teacher_offline ep 8: train(loss/acc/auc)=0.9106/0.6693/0.9448 val(loss/acc/auc/fpr50_sigbg/fpr50_ratio)=0.9106/0.6717/0.9458/0.015400/0.004800 best=0.9458
teacher_offline ep 9: train(loss/acc/auc)=0.8979/0.6748/0.9461 val(loss/acc/auc/fpr50_sigbg/fpr50_ratio)=0.9419/0.6570/0.9452/0.014400/0.005000 best=0.9458
teacher_offline ep 10: train(loss/acc/auc)=0.8874/0.6773/0.9471 val(loss/acc/auc/fpr50_sigbg/fpr50_ratio)=0.8841/0.6843/0.9488/0.013000/0.004400 best=0.9488
teacher_offline ep 11: train(loss/acc/auc)=0.8763/0.6820/0.9483 val(loss/acc/auc/fpr50_sigbg/fpr50_ratio)=0.8863/0.6800/0.9480/0.015400/0.006000 best=0.9488
teacher_offline ep 12: train(loss/acc/auc)=0.8632/0.6854/0.9496 val(loss/acc/auc/fpr50_sigbg/fpr50_ratio)=0.8910/0.6782/0.9477/0.014600/0.005000 best=0.9488
teacher_offline ep 13: train(loss/acc/auc)=0.8530/0.6891/0.9506 val(loss/acc/auc/fpr50_sigbg/fpr50_ratio)=0.8734/0.6841/0.9497/0.012600/0.004800 best=0.9497
teacher_offline ep 14: train(loss/acc/auc)=0.8406/0.6952/0.9518 val(loss/acc/auc/fpr50_sigbg/fpr50_ratio)=0.8792/0.6826/0.9495/0.015200/0.005400 best=0.9497
teacher_offline ep 15: train(loss/acc/auc)=0.8335/0.6961/0.9527 val(loss/acc/auc/fpr50_sigbg/fpr50_ratio)=0.9022/0.6745/0.9478/0.014400/0.006400 best=0.9497
teacher_offline ep 16: train(loss/acc/auc)=0.8215/0.6993/0.9538 val(loss/acc/auc/fpr50_sigbg/fpr50_ratio)=0.8584/0.6924/0.9509/0.013200/0.004400 best=0.9509
teacher_offline ep 17: train(loss/acc/auc)=0.8111/0.7038/0.9548 val(loss/acc/auc/fpr50_sigbg/fpr50_ratio)=0.8694/0.6889/0.9504/0.012800/0.004000 best=0.9509
teacher_offline ep 18: train(loss/acc/auc)=0.8009/0.7074/0.9558 val(loss/acc/auc/fpr50_sigbg/fpr50_ratio)=0.8576/0.6916/0.9511/0.016000/0.005000 best=0.9511
teacher_offline ep 19: train(loss/acc/auc)=0.7922/0.7119/0.9566 val(loss/acc/auc/fpr50_sigbg/fpr50_ratio)=0.8613/0.6921/0.9514/0.013400/0.005200 best=0.9514
teacher_offline ep 20: train(loss/acc/auc)=0.7810/0.7151/0.9577 val(loss/acc/auc/fpr50_sigbg/fpr50_ratio)=0.8694/0.6912/0.9513/0.012200/0.004400 best=0.9514
teacher_offline ep 21: train(loss/acc/auc)=0.7709/0.7177/0.9586 val(loss/acc/auc/fpr50_sigbg/fpr50_ratio)=0.8557/0.6951/0.9517/0.015200/0.005200 best=0.9517
teacher_offline ep 22: train(loss/acc/auc)=0.7596/0.7228/0.9597 val(loss/acc/auc/fpr50_sigbg/fpr50_ratio)=0.8701/0.6919/0.9515/0.013800/0.004600 best=0.9517
teacher_offline ep 23: train(loss/acc/auc)=0.7504/0.7270/0.9605 val(loss/acc/auc/fpr50_sigbg/fpr50_ratio)=0.8596/0.6943/0.9515/0.013600/0.004400 best=0.9517
teacher_offline ep 24: train(loss/acc/auc)=0.7427/0.7286/0.9613 val(loss/acc/auc/fpr50_sigbg/fpr50_ratio)=0.8690/0.6924/0.9514/0.014200/0.005200 best=0.9517
teacher_offline ep 25: train(loss/acc/auc)=0.7336/0.7322/0.9621 val(loss/acc/auc/fpr50_sigbg/fpr50_ratio)=0.8722/0.6926/0.9512/0.014400/0.005200 best=0.9517
teacher_offline ep 26: train(loss/acc/auc)=0.7292/0.7330/0.9624 val(loss/acc/auc/fpr50_sigbg/fpr50_ratio)=0.8658/0.6949/0.9516/0.014000/0.004800 best=0.9517
teacher_offline ep 27: train(loss/acc/auc)=0.7218/0.7370/0.9631 val(loss/acc/auc/fpr50_sigbg/fpr50_ratio)=0.8632/0.6961/0.9518/0.015000/0.004600 best=0.9518
teacher_offline ep 28: train(loss/acc/auc)=0.7177/0.7368/0.9635 val(loss/acc/auc/fpr50_sigbg/fpr50_ratio)=0.8652/0.6960/0.9517/0.013600/0.004400 best=0.9518
teacher_offline ep 29: train(loss/acc/auc)=0.7147/0.7385/0.9638 val(loss/acc/auc/fpr50_sigbg/fpr50_ratio)=0.8637/0.6970/0.9518/0.014600/0.005000 best=0.9518
teacher_offline ep 30: train(loss/acc/auc)=0.7121/0.7406/0.9640 val(loss/acc/auc/fpr50_sigbg/fpr50_ratio)=0.8652/0.6964/0.9518/0.013800/0.004800 best=0.9518
baseline_hlt ep 1: train(loss/acc/auc)=1.5891/0.4301/0.8429 val(loss/acc/auc/fpr50_sigbg/fpr50_ratio)=1.3491/0.5107/0.8848/0.036200/0.018000 best=0.8848
baseline_hlt ep 2: train(loss/acc/auc)=1.3348/0.5198/0.8863 val(loss/acc/auc/fpr50_sigbg/fpr50_ratio)=1.2412/0.5510/0.9040/0.027800/0.017200 best=0.9040
baseline_hlt ep 3: train(loss/acc/auc)=1.2501/0.5507/0.8998 val(loss/acc/auc/fpr50_sigbg/fpr50_ratio)=1.2274/0.5569/0.9069/0.025200/0.013600 best=0.9069
baseline_hlt ep 4: train(loss/acc/auc)=1.1979/0.5665/0.9074 val(loss/acc/auc/fpr50_sigbg/fpr50_ratio)=1.2333/0.5530/0.9083/0.024800/0.014600 best=0.9083
baseline_hlt ep 5: train(loss/acc/auc)=1.1722/0.5766/0.9110 val(loss/acc/auc/fpr50_sigbg/fpr50_ratio)=1.1455/0.5844/0.9167/0.023600/0.012400 best=0.9167
baseline_hlt ep 6: train(loss/acc/auc)=1.1483/0.5848/0.9142 val(loss/acc/auc/fpr50_sigbg/fpr50_ratio)=1.1683/0.5772/0.9136/0.025000/0.013800 best=0.9167
baseline_hlt ep 7: train(loss/acc/auc)=1.1310/0.5914/0.9166 val(loss/acc/auc/fpr50_sigbg/fpr50_ratio)=1.1105/0.5981/0.9201/0.020800/0.012000 best=0.9201
baseline_hlt ep 8: train(loss/acc/auc)=1.1171/0.5957/0.9182 val(loss/acc/auc/fpr50_sigbg/fpr50_ratio)=1.1037/0.6034/0.9208/0.021000/0.012200 best=0.9208
baseline_hlt ep 9: train(loss/acc/auc)=1.1031/0.6006/0.9201 val(loss/acc/auc/fpr50_sigbg/fpr50_ratio)=1.1121/0.6005/0.9200/0.020000/0.011400 best=0.9208
baseline_hlt ep 10: train(loss/acc/auc)=1.0923/0.6043/0.9215 val(loss/acc/auc/fpr50_sigbg/fpr50_ratio)=1.0931/0.6067/0.9222/0.020800/0.011200 best=0.9222
baseline_hlt ep 11: train(loss/acc/auc)=1.0831/0.6071/0.9227 val(loss/acc/auc/fpr50_sigbg/fpr50_ratio)=1.1114/0.5984/0.9209/0.021000/0.012200 best=0.9222
baseline_hlt ep 12: train(loss/acc/auc)=1.0725/0.6115/0.9241 val(loss/acc/auc/fpr50_sigbg/fpr50_ratio)=1.0924/0.6053/0.9226/0.019800/0.011000 best=0.9226
baseline_hlt ep 13: train(loss/acc/auc)=1.0645/0.6147/0.9250 val(loss/acc/auc/fpr50_sigbg/fpr50_ratio)=1.1031/0.6019/0.9218/0.020200/0.013000 best=0.9226
baseline_hlt ep 14: train(loss/acc/auc)=1.0533/0.6173/0.9266 val(loss/acc/auc/fpr50_sigbg/fpr50_ratio)=1.1027/0.6000/0.9227/0.023200/0.012400 best=0.9227
baseline_hlt ep 15: train(loss/acc/auc)=1.0421/0.6215/0.9278 val(loss/acc/auc/fpr50_sigbg/fpr50_ratio)=1.1011/0.6021/0.9231/0.019600/0.011600 best=0.9231
baseline_hlt ep 16: train(loss/acc/auc)=1.0340/0.6249/0.9288 val(loss/acc/auc/fpr50_sigbg/fpr50_ratio)=1.0816/0.6096/0.9238/0.021600/0.010400 best=0.9238
baseline_hlt ep 17: train(loss/acc/auc)=1.0226/0.6293/0.9302 val(loss/acc/auc/fpr50_sigbg/fpr50_ratio)=1.0700/0.6147/0.9251/0.020800/0.011600 best=0.9251
baseline_hlt ep 18: train(loss/acc/auc)=1.0140/0.6314/0.9313 val(loss/acc/auc/fpr50_sigbg/fpr50_ratio)=1.1006/0.6031/0.9231/0.024000/0.010600 best=0.9251
baseline_hlt ep 19: train(loss/acc/auc)=1.0067/0.6343/0.9322 val(loss/acc/auc/fpr50_sigbg/fpr50_ratio)=1.0802/0.6089/0.9243/0.021000/0.011000 best=0.9251
baseline_hlt ep 20: train(loss/acc/auc)=0.9945/0.6385/0.9336 val(loss/acc/auc/fpr50_sigbg/fpr50_ratio)=1.0866/0.6104/0.9239/0.020600/0.011200 best=0.9251
baseline_hlt ep 21: train(loss/acc/auc)=0.9850/0.6419/0.9348 val(loss/acc/auc/fpr50_sigbg/fpr50_ratio)=1.1366/0.5933/0.9203/0.022200/0.012000 best=0.9251
baseline_hlt ep 22: train(loss/acc/auc)=0.9748/0.6440/0.9359 val(loss/acc/auc/fpr50_sigbg/fpr50_ratio)=1.0856/0.6143/0.9244/0.022400/0.011400 best=0.9251
baseline_hlt ep 23: train(loss/acc/auc)=0.9687/0.6477/0.9367 val(loss/acc/auc/fpr50_sigbg/fpr50_ratio)=1.0904/0.6108/0.9243/0.022000/0.012000 best=0.9251
baseline_hlt ep 24: train(loss/acc/auc)=0.9598/0.6515/0.9377 val(loss/acc/auc/fpr50_sigbg/fpr50_ratio)=1.0811/0.6160/0.9248/0.022400/0.010800 best=0.9251
baseline_hlt ep 25: train(loss/acc/auc)=0.9498/0.6546/0.9389 val(loss/acc/auc/fpr50_sigbg/fpr50_ratio)=1.0876/0.6126/0.9246/0.021200/0.010200 best=0.9251
Early stopping baseline_hlt at epoch 25

======================================================================
STEP 2: STAGE A (RECONSTRUCTOR PRETRAIN)
======================================================================
Ep 5: train_total=16.3099, val_total_unw=15.7277, val_total_w=15.7277, select=unweighted, best_sel=15.7277 | set_unw=0.3766, phys_unw=0.2275, budget_unw=23.6141, fp_mass_unw=0.0444, w_set=1.000, w_budget=0.650, w_pt=0.000, w_local=0.050, stage_scale=0.35
Ep 10: train_total=15.8396, val_total_unw=15.6433, val_total_w=15.6433, select=unweighted, best_sel=15.5140 | set_unw=0.3410, phys_unw=0.2961, budget_unw=23.5397, fp_mass_unw=0.0415, w_set=1.000, w_budget=0.650, w_pt=0.000, w_local=0.050, stage_scale=0.35
Ep 15: train_total=15.5937, val_total_unw=16.5048, val_total_w=16.5048, select=unweighted, best_sel=15.5140 | set_unw=0.3276, phys_unw=0.3318, budget_unw=24.8860, fp_mass_unw=0.0426, w_set=1.000, w_budget=0.650, w_pt=0.000, w_local=0.050, stage_scale=0.35
Ep 20: train_total=15.4055, val_total_unw=15.3287, val_total_w=15.3287, select=unweighted, best_sel=15.3287 | set_unw=0.3257, phys_unw=0.3062, budget_unw=23.0793, fp_mass_unw=0.0429, w_set=1.000, w_budget=0.650, w_pt=0.000, w_local=0.050, stage_scale=0.35
Stage-A transition -> reloaded best from phase_035 (epoch=20, val_total=15.3287)
Ep 25: train_total=14.4971, val_total_unw=14.6762, val_total_w=14.6762, select=unweighted, best_sel=14.6473 | set_unw=0.3076, phys_unw=0.1893, budget_unw=22.1035, fp_mass_unw=0.0389, w_set=1.000, w_budget=0.650, w_pt=0.000, w_local=0.050, stage_scale=0.70
Ep 30: train_total=14.3273, val_total_unw=14.9308, val_total_w=14.9308, select=unweighted, best_sel=14.6473 | set_unw=0.3054, phys_unw=0.2132, budget_unw=22.4988, fp_mass_unw=0.0384, w_set=1.000, w_budget=0.650, w_pt=0.000, w_local=0.050, stage_scale=0.70
Ep 35: train_total=14.1313, val_total_unw=14.6926, val_total_w=14.6926, select=unweighted, best_sel=14.6473 | set_unw=0.3067, phys_unw=0.1854, budget_unw=22.1300, fp_mass_unw=0.0391, w_set=1.000, w_budget=0.650, w_pt=0.000, w_local=0.050, stage_scale=0.70
Ep 40: train_total=13.8898, val_total_unw=14.8758, val_total_w=14.8758, select=unweighted, best_sel=14.6473 | set_unw=0.3040, phys_unw=0.1996, budget_unw=22.4162, fp_mass_unw=0.0387, w_set=1.000, w_budget=0.650, w_pt=0.000, w_local=0.050, stage_scale=0.70
Ep 45: train_total=13.6353, val_total_unw=14.8254, val_total_w=14.8254, select=unweighted, best_sel=14.6473 | set_unw=0.3052, phys_unw=0.1994, budget_unw=22.3369, fp_mass_unw=0.0392, w_set=1.000, w_budget=0.650, w_pt=0.000, w_local=0.050, stage_scale=0.70
Ep 50: train_total=13.3276, val_total_unw=15.0742, val_total_w=15.0742, select=unweighted, best_sel=14.6473 | set_unw=0.3040, phys_unw=0.2074, budget_unw=22.7213, fp_mass_unw=0.0392, w_set=1.000, w_budget=0.650, w_pt=0.000, w_local=0.050, stage_scale=0.70
Ep 55: train_total=12.9798, val_total_unw=15.0875, val_total_w=15.0875, select=unweighted, best_sel=14.6473 | set_unw=0.3033, phys_unw=0.2083, budget_unw=22.7430, fp_mass_unw=0.0382, w_set=1.000, w_budget=0.650, w_pt=0.000, w_local=0.050, stage_scale=0.70
Stage-A transition -> reloaded best from phase_070 (epoch=22, val_total=14.6473)
Ep 60: train_total=14.2805, val_total_unw=14.6679, val_total_w=14.6679, select=unweighted, best_sel=14.4520 | set_unw=0.3049, phys_unw=0.1670, budget_unw=22.0950, fp_mass_unw=0.0385, w_set=1.000, w_budget=0.650, w_pt=0.000, w_local=0.050, stage_scale=1.00
Ep 65: train_total=14.1176, val_total_unw=14.4224, val_total_w=14.4224, select=unweighted, best_sel=14.4224 | set_unw=0.3048, phys_unw=0.1747, budget_unw=21.7174, fp_mass_unw=0.0416, w_set=1.000, w_budget=0.650, w_pt=0.000, w_local=0.050, stage_scale=1.00
Ep 70: train_total=13.8967, val_total_unw=14.6093, val_total_w=14.6093, select=unweighted, best_sel=14.4224 | set_unw=0.3027, phys_unw=0.1703, budget_unw=22.0083, fp_mass_unw=0.0378, w_set=1.000, w_budget=0.650, w_pt=0.000, w_local=0.050, stage_scale=1.00
Ep 75: train_total=13.6393, val_total_unw=14.6569, val_total_w=14.6569, select=unweighted, best_sel=14.4224 | set_unw=0.3029, phys_unw=0.1682, budget_unw=22.0811, fp_mass_unw=0.0388, w_set=1.000, w_budget=0.650, w_pt=0.000, w_local=0.050, stage_scale=1.00
Ep 80: train_total=13.4011, val_total_unw=14.5772, val_total_w=14.5772, select=unweighted, best_sel=14.4224 | set_unw=0.3038, phys_unw=0.1704, budget_unw=21.9571, fp_mass_unw=0.0387, w_set=1.000, w_budget=0.650, w_pt=0.000, w_local=0.050, stage_scale=1.00
Early stopping reconstructor at epoch 83

======================================================================
STEP 3: STAGE B (DUAL PRETRAIN, FROZEN RECONSTRUCTOR)
======================================================================
StageB-DualPretrain ep 5: train(total/cls/reco/cons)=1.1804/1.1804/0.0000/0.0617 | val(loss/acc/auc/fpr50_sigbg/fpr50_ratio)=1.1566/0.5856/0.9142/0.024800/0.013400 best_metric=0.9142
StageB-DualPretrain ep 10: train(total/cls/reco/cons)=1.0982/1.0982/0.0000/0.0617 | val(loss/acc/auc/fpr50_sigbg/fpr50_ratio)=1.1297/0.5933/0.9182/0.022400/0.016000 best_metric=0.9199
StageB-DualPretrain ep 15: train(total/cls/reco/cons)=1.0494/1.0494/0.0000/0.0617 | val(loss/acc/auc/fpr50_sigbg/fpr50_ratio)=1.0794/0.6107/0.9244/0.021800/0.011200 best_metric=0.9244
StageB-DualPretrain ep 20: train(total/cls/reco/cons)=1.0064/1.0064/0.0000/0.0617 | val(loss/acc/auc/fpr50_sigbg/fpr50_ratio)=1.0742/0.6135/0.9250/0.020600/0.012200 best_metric=0.9250
StageB-DualPretrain ep 25: train(total/cls/reco/cons)=0.9648/0.9648/0.0000/0.0617 | val(loss/acc/auc/fpr50_sigbg/fpr50_ratio)=1.0746/0.6175/0.9251/0.021800/0.010800 best_metric=0.9252
StageB-DualPretrain ep 30: train(total/cls/reco/cons)=0.9363/0.9363/0.0000/0.0617 | val(loss/acc/auc/fpr50_sigbg/fpr50_ratio)=1.0839/0.6138/0.9245/0.021400/0.012400 best_metric=0.9252
Early stopping StageB-DualPretrain at epoch 32

======================================================================
STEP 4: STAGE C (JOINT FINETUNE)
======================================================================
StageC-Joint ep 1: train(total/cls/reco/cons)=6.4789/0.9718/13.7583/0.0618 | val(loss/acc/auc/fpr50_sigbg/fpr50_ratio)=1.0727/0.6155/0.9252/0.020800/0.010600 best_metric=0.9252
StageC-Joint ep 2: train(total/cls/reco/cons)=6.4719/0.9766/13.7289/0.0618 | val(loss/acc/auc/fpr50_sigbg/fpr50_ratio)=1.0798/0.6130/0.9245/0.023400/0.011000 best_metric=0.9252
StageC-Joint ep 3: train(total/cls/reco/cons)=6.4738/0.9821/13.7199/0.0618 | val(loss/acc/auc/fpr50_sigbg/fpr50_ratio)=1.0868/0.6115/0.9238/0.022600/0.013000 best_metric=0.9252
StageC-Joint ep 4: train(total/cls/reco/cons)=6.4549/0.9780/13.6831/0.0617 | val(loss/acc/auc/fpr50_sigbg/fpr50_ratio)=1.1097/0.6043/0.9213/0.021400/0.012800 best_metric=0.9252
StageC-Joint ep 5: train(total/cls/reco/cons)=6.4363/0.9737/13.6471/0.0619 | val(loss/acc/auc/fpr50_sigbg/fpr50_ratio)=1.0986/0.6079/0.9228/0.022200/0.012600 best_metric=0.9252
StageC-Joint ep 6: train(total/cls/reco/cons)=6.4202/0.9655/13.6275/0.0618 | val(loss/acc/auc/fpr50_sigbg/fpr50_ratio)=1.1180/0.6037/0.9212/0.022000/0.013600 best_metric=0.9252
StageC-Joint ep 7: train(total/cls/reco/cons)=6.4072/0.9634/13.6003/0.0618 | val(loss/acc/auc/fpr50_sigbg/fpr50_ratio)=1.0852/0.6148/0.9240/0.019600/0.011200 best_metric=0.9252
StageC-Joint ep 8: train(total/cls/reco/cons)=6.3928/0.9550/13.5852/0.0619 | val(loss/acc/auc/fpr50_sigbg/fpr50_ratio)=1.0969/0.6103/0.9230/0.021200/0.013400 best_metric=0.9252
StageC-Joint ep 9: train(total/cls/reco/cons)=6.3660/0.9492/13.5329/0.0619 | val(loss/acc/auc/fpr50_sigbg/fpr50_ratio)=1.1038/0.6074/0.9224/0.023800/0.011000 best_metric=0.9252
StageC-Joint ep 10: train(total/cls/reco/cons)=6.3473/0.9430/13.5015/0.0618 | val(loss/acc/auc/fpr50_sigbg/fpr50_ratio)=1.1107/0.6076/0.9220/0.021000/0.013400 best_metric=0.9252
StageC-Joint ep 11: train(total/cls/reco/cons)=6.3410/0.9382/13.4978/0.0619 | val(loss/acc/auc/fpr50_sigbg/fpr50_ratio)=1.1270/0.6016/0.9201/0.023400/0.012600 best_metric=0.9252
StageC-Joint ep 12: train(total/cls/reco/cons)=6.3126/0.9323/13.4415/0.0619 | val(loss/acc/auc/fpr50_sigbg/fpr50_ratio)=1.1147/0.6060/0.9217/0.022600/0.012200 best_metric=0.9252
StageC-Joint ep 13: train(total/cls/reco/cons)=6.2967/0.9246/13.4209/0.0618 | val(loss/acc/auc/fpr50_sigbg/fpr50_ratio)=1.1280/0.6041/0.9213/0.024800/0.012400 best_metric=0.9252
StageC-Joint ep 14: train(total/cls/reco/cons)=6.2792/0.9181/13.3935/0.0619 | val(loss/acc/auc/fpr50_sigbg/fpr50_ratio)=1.1133/0.6089/0.9219/0.022600/0.011800 best_metric=0.9252
StageC-Joint ep 15: train(total/cls/reco/cons)=6.2593/0.9094/13.3655/0.0618 | val(loss/acc/auc/fpr50_sigbg/fpr50_ratio)=1.1242/0.6040/0.9214/0.023600/0.012000 best_metric=0.9252
Early stopping StageC-Joint at epoch 15

======================================================================
FINAL TEST EVALUATION
======================================================================
Teacher (Offline): acc=0.6941, auc_macro=0.9517, fpr50(sig-vs-bg)=0.012400, fpr50(HToBB/(HToBB+ZJetsToNuNu))=0.003500
Baseline (HLT):   acc=0.6126, auc_macro=0.9249, fpr50(sig-vs-bg)=0.020800, fpr50(HToBB/(HToBB+ZJetsToNuNu))=0.010000
Stage2 (PreJoint): acc=0.6165, auc_macro=0.9247, fpr50(sig-vs-bg)=0.022200, fpr50(HToBB/(HToBB+ZJetsToNuNu))=0.010700
Joint (StageC):    acc=0.6157, auc_macro=0.9247, fpr50(sig-vs-bg)=0.022000, fpr50(HToBB/(HToBB+ZJetsToNuNu))=0.010300
Saved outputs to: /home/ryreu/atlas/PracticeTagging/checkpoints/jetclass_joint_dualview/jetclass_joint_v1_100k50k100k_m2hlt
Done: checkpoints/jetclass_joint_dualview/jetclass_joint_v1_100k50k100k_m2hlt
