============================================================
JetClass Full-17 Feature Plotting Job
Job ID: 21208610
Node: skl-a-01
Split: train
Jets: 30000
Data dir: /home/ryreu/atlas/PracticeTagging/data/jetclass_part0
Output dir: plots/jetclass_full17_features/train_30000j_job21208610
============================================================
 python -u /home/ryreu/atlas/PracticeTagging/plot_jetclass_full17_features.py --data_dir /home/ryreu/atlas/PracticeTagging/data/jetclass_part0 --output_dir plots/jetclass_full17_features/train_30000j_job21208610 --split train --seed 52 --max_constits 100 --n_jets 30000 --train_files_per_class 8 --val_files_per_class 1 --test_files_per_class 1 --bins 80 --max_constits_per_class 150000 --clip_quantile_low 0.5 --clip_quantile_high 99.5
Loading split=train with n_jets=30000 from /home/ryreu/atlas/PracticeTagging/data/jetclass_part0
Building distribution plots...
Done.
Saved:
- plots/jetclass_full17_features/train_30000j_job21208610/full17_feature_distributions_by_class.png
- plots/jetclass_full17_features/train_30000j_job21208610/full17_feature_distributions_by_class.pdf
- plots/jetclass_full17_features/train_30000j_job21208610/full17_feature_stats_by_class.csv
- plots/jetclass_full17_features/train_30000j_job21208610/run_metadata.json
============================================================
Done.
Download this folder:
/home/ryreu/atlas/PracticeTagging/plots/jetclass_full17_features/train_30000j_job21208610
Key files:
 - /home/ryreu/atlas/PracticeTagging/plots/jetclass_full17_features/train_30000j_job21208610/full17_feature_distributions_by_class.png
 - /home/ryreu/atlas/PracticeTagging/plots/jetclass_full17_features/train_30000j_job21208610/full17_feature_distributions_by_class.pdf
 - /home/ryreu/atlas/PracticeTagging/plots/jetclass_full17_features/train_30000j_job21208610/full17_feature_stats_by_class.csv
 - /home/ryreu/atlas/PracticeTagging/plots/jetclass_full17_features/train_30000j_job21208610/run_metadata.json
============================================================
