============================================================
JetClass Full-17 Feature Plotting Job
Job ID: 21208622
Node: skl-a-01
Split: train
Jets: 150000
Data dir: /home/ryreu/atlas/PracticeTagging/data/jetclass_part0
Output dir: plots/jetclass_full17_features/train150k_pct_v2_job21208622
============================================================
 python -u /home/ryreu/atlas/PracticeTagging/plot_jetclass_full17_features.py --data_dir /home/ryreu/atlas/PracticeTagging/data/jetclass_part0 --output_dir plots/jetclass_full17_features/train150k_pct_v2_job21208622 --split train --seed 52 --max_constits 100 --n_jets 150000 --train_files_per_class 8 --val_files_per_class 1 --test_files_per_class 1 --bins 80 --max_constits_per_class 400000 --clip_quantile_low 0.5 --clip_quantile_high 99.5
Loading split=train with n_jets=150000 from /home/ryreu/atlas/PracticeTagging/data/jetclass_part0
Building distribution plots...
Done.
Saved:
- plots/jetclass_full17_features/train150k_pct_v2_job21208622/full17_feature_distributions_by_class.png
- plots/jetclass_full17_features/train150k_pct_v2_job21208622/full17_feature_distributions_by_class.pdf
- plots/jetclass_full17_features/train150k_pct_v2_job21208622/full17_feature_stats_by_class.csv
- plots/jetclass_full17_features/train150k_pct_v2_job21208622/per_feature_png (17 per-feature PNGs)
- plots/jetclass_full17_features/train150k_pct_v2_job21208622/run_metadata.json
============================================================
Done.
Download this folder:
/home/ryreu/atlas/PracticeTagging/plots/jetclass_full17_features/train150k_pct_v2_job21208622
Key files:
 - /home/ryreu/atlas/PracticeTagging/plots/jetclass_full17_features/train150k_pct_v2_job21208622/full17_feature_distributions_by_class.png
 - /home/ryreu/atlas/PracticeTagging/plots/jetclass_full17_features/train150k_pct_v2_job21208622/full17_feature_distributions_by_class.pdf
 - /home/ryreu/atlas/PracticeTagging/plots/jetclass_full17_features/train150k_pct_v2_job21208622/full17_feature_stats_by_class.csv
 - /home/ryreu/atlas/PracticeTagging/plots/jetclass_full17_features/train150k_pct_v2_job21208622/per_feature_png/   (17 separate feature PNGs)
 - /home/ryreu/atlas/PracticeTagging/plots/jetclass_full17_features/train150k_pct_v2_job21208622/run_metadata.json
============================================================
