============================================================
M2 Tail-Focused Router (Hungarian run, 300k analysis + 200k test)
Run dir:    checkpoints/reco_teacher_joint_fusion_6model_150k75k150k/model2_joint_hungarian_nophys_noratio/model2_joint_hungarian_nophys_noratio_150k75k150k_seed0
Out dir:    checkpoints/reco_teacher_joint_fusion_6model_150k75k150k/model2_joint_hungarian_nophys_noratio/model2_joint_hungarian_nophys_noratio_150k75k150k_seed0/router_tail_focus_300k200k
Data split: offset=375000, analysis=300000, test=200000
Tail cut:   TPR < 0.6 (HLT or Joint)
Fallback:   joint
Selection:  fpr50
Router:     model=mlp epochs=100 patience=12 lr=5e-4 bs=2048
Use corruption features: 1
============================================================
 python analyze_m2_router_tail_focus.py --run_dir checkpoints/reco_teacher_joint_fusion_6model_150k75k150k/model2_joint_hungarian_nophys_noratio/model2_joint_hungarian_nophys_noratio_150k75k150k_seed0 --train_path ./data --router_offset_jets 375000 --router_n_analysis 300000 --router_n_test 200000 --ref_offset_jets 0 --ref_n_jets 375000 --max_constits 100 --seed 0 --hlt_seed 0 --batch_size 512 --device cuda --corrected_weight_floor 1e-4 --corruptions pt_noise:0.03\,pt_noise:0.06\,eta_phi_jitter:0.02\,eta_phi_jitter:0.05\,dropout:0.05\,dropout:0.10\,merge:0.10\,merge:0.20\,global_scale:0.03 --router_cal_frac 0.2 --cost_alpha_neg 4.0 --cost_tau 0.02 --tail_tpr_cut 0.6 --fallback_non_tail joint --selection_metric fpr50 --router_model mlp --router_hidden 256 --router_dropout 0.10 --router_epochs 100 --router_patience 12 --router_lr 5e-4 --router_weight_decay 1e-4 --router_batch_size 2048 --out_dir checkpoints/reco_teacher_joint_fusion_6model_150k75k150k/model2_joint_hungarian_nophys_noratio/model2_joint_hungarian_nophys_noratio_150k75k150k_seed0/router_tail_focus_300k200k --report_json checkpoints/reco_teacher_joint_fusion_6model_150k75k150k/model2_joint_hungarian_nophys_noratio/model2_joint_hungarian_nophys_noratio_150k75k150k_seed0/router_tail_focus_300k200k/tail_router_report.json --use_corruption_features
[corruption] kind=pt_noise severity=0.0300
[corruption] kind=pt_noise severity=0.0600
[corruption] kind=eta_phi_jitter severity=0.0200
[corruption] kind=eta_phi_jitter severity=0.0500
[corruption] kind=dropout severity=0.0500
[corruption] kind=dropout severity=0.1000
[corruption] kind=merge severity=0.1000
[corruption] kind=merge severity=0.2000
[corruption] kind=global_scale severity=0.0300
Router ep01: train_loss=0.50599 | cal_auc=0.925577, cal_fpr50=0.017823, tail_route_frac=0.6089
Router ep02: train_loss=0.37448 | cal_auc=0.925629, cal_fpr50=0.017723, tail_route_frac=0.6881
Router ep03: train_loss=0.34285 | cal_auc=0.925675, cal_fpr50=0.017656, tail_route_frac=0.6336
Router ep04: train_loss=0.32544 | cal_auc=0.925627, cal_fpr50=0.017756, tail_route_frac=0.5841
Router ep05: train_loss=0.31014 | cal_auc=0.925608, cal_fpr50=0.017823, tail_route_frac=0.5792
Router ep06: train_loss=0.29903 | cal_auc=0.925612, cal_fpr50=0.017856, tail_route_frac=0.5841
Router ep07: train_loss=0.28959 | cal_auc=0.925685, cal_fpr50=0.017856, tail_route_frac=0.6039
Router ep08: train_loss=0.28292 | cal_auc=0.925821, cal_fpr50=0.017823, tail_route_frac=0.7079
Router ep09: train_loss=0.27621 | cal_auc=0.925741, cal_fpr50=0.017789, tail_route_frac=0.6089
Router ep10: train_loss=0.27187 | cal_auc=0.925813, cal_fpr50=0.017856, tail_route_frac=0.6188
Router ep11: train_loss=0.26745 | cal_auc=0.925650, cal_fpr50=0.017823, tail_route_frac=0.5742
Router ep12: train_loss=0.26510 | cal_auc=0.925833, cal_fpr50=0.017789, tail_route_frac=0.6188
Router ep13: train_loss=0.26213 | cal_auc=0.925813, cal_fpr50=0.017789, tail_route_frac=0.6485
Router ep14: train_loss=0.25750 | cal_auc=0.925801, cal_fpr50=0.017789, tail_route_frac=0.6435
Router ep15: train_loss=0.25654 | cal_auc=0.925803, cal_fpr50=0.017756, tail_route_frac=0.6138
Early stopping router at epoch 15 (patience=12)
========================================================================
Tail-Focused Router Analysis
========================================================================
Run dir: /home/ryreu/atlas/PracticeTagging/checkpoints/reco_teacher_joint_fusion_6model_150k75k150k/model2_joint_hungarian_nophys_noratio/model2_joint_hungarian_nophys_noratio_150k75k150k_seed0
Out dir: /home/ryreu/atlas/PracticeTagging/checkpoints/reco_teacher_joint_fusion_6model_150k75k150k/model2_joint_hungarian_nophys_noratio/model2_joint_hungarian_nophys_noratio_150k75k150k_seed0/router_tail_focus_300k200k
N analysis/test: 300000 / 200000
Tail cut TPR<0.600 | tail rates fit/cal/test: 0.344/0.345/0.343
Selected threshold: dir=<= thr=0.791070 | cal FPR50=0.017656 AUC=0.925675

Held-out test:
  hlt                AUC=0.921219 FPR30=0.005476 FPR50=0.021188
  joint              AUC=0.924190 FPR30=0.004609 FPR50=0.019143
  tail_hard_selected AUC=0.923944 FPR30=0.004509 FPR50=0.019153
  tail_hard_05       AUC=0.923990 FPR30=0.004938 FPR50=0.020031
  tail_softmix       AUC=0.924205 FPR30=0.004878 FPR50=0.019432

Saved report: /home/ryreu/atlas/PracticeTagging/checkpoints/reco_teacher_joint_fusion_6model_150k75k150k/model2_joint_hungarian_nophys_noratio/model2_joint_hungarian_nophys_noratio_150k75k150k_seed0/router_tail_focus_300k200k/tail_router_report.json
Saved sweep CSV: /home/ryreu/atlas/PracticeTagging/checkpoints/reco_teacher_joint_fusion_6model_150k75k150k/model2_joint_hungarian_nophys_noratio/model2_joint_hungarian_nophys_noratio_150k75k150k_seed0/router_tail_focus_300k200k/tail_router_threshold_sweep_cal.csv

Done. Outputs:
  checkpoints/reco_teacher_joint_fusion_6model_150k75k150k/model2_joint_hungarian_nophys_noratio/model2_joint_hungarian_nophys_noratio_150k75k150k_seed0/router_tail_focus_300k200k/tail_router_report.json
  checkpoints/reco_teacher_joint_fusion_6model_150k75k150k/model2_joint_hungarian_nophys_noratio/model2_joint_hungarian_nophys_noratio_150k75k150k_seed0/router_tail_focus_300k200k/tail_router_threshold_sweep_cal.csv
